 # Detector n:            1   piFluenUD (integrated over solid angle)
 # N. of energy intervals          50
  1.000E-09  1.637E-09  0.000E+00  0.000E+00
  1.637E-09  2.679E-09  0.000E+00  0.000E+00
  2.679E-09  4.385E-09  0.000E+00  0.000E+00
  4.385E-09  7.177E-09  0.000E+00  0.000E+00
  7.177E-09  1.175E-08  0.000E+00  0.000E+00
  1.175E-08  1.923E-08  0.000E+00  0.000E+00
  1.923E-08  3.147E-08  0.000E+00  0.000E+00
  3.147E-08  5.150E-08  0.000E+00  0.000E+00
  5.150E-08  8.430E-08  0.000E+00  0.000E+00
  8.430E-08  1.380E-07  0.000E+00  0.000E+00
  1.380E-07  2.258E-07  0.000E+00  0.000E+00
  2.258E-07  3.696E-07  0.000E+00  0.000E+00
  3.696E-07  6.050E-07  0.000E+00  0.000E+00
  6.050E-07  9.902E-07  0.000E+00  0.000E+00
  9.902E-07  1.621E-06  0.000E+00  0.000E+00
  1.621E-06  2.653E-06  0.000E+00  0.000E+00
  2.653E-06  4.342E-06  0.000E+00  0.000E+00
  4.342E-06  7.106E-06  0.000E+00  0.000E+00
  7.106E-06  1.163E-05  0.000E+00  0.000E+00
  1.163E-05  1.904E-05  0.000E+00  0.000E+00
  1.904E-05  3.116E-05  0.000E+00  0.000E+00
  3.116E-05  5.100E-05  3.862E-04  9.900E+01
  5.100E-05  8.347E-05  0.000E+00  0.000E+00
  8.347E-05  1.366E-04  0.000E+00  0.000E+00
  1.366E-04  2.236E-04  5.174E-05  6.225E+01
  2.236E-04  3.660E-04  1.694E-04  8.256E+01
  3.660E-04  5.990E-04  3.446E-05  2.975E+01
  5.990E-04  9.804E-04  4.410E-05  2.601E+01
  9.804E-04  1.605E-03  3.615E-05  4.670E+01
  1.605E-03  2.627E-03  6.221E-05  1.317E+01
  2.627E-03  4.299E-03  3.106E-05  3.407E+01
  4.299E-03  7.036E-03  5.599E-05  3.008E+01
  7.036E-03  1.152E-02  1.258E-04  2.431E+01
  1.152E-02  1.885E-02  1.497E-04  7.059E+00
  1.885E-02  3.085E-02  2.640E-04  4.768E+00
  3.085E-02  5.050E-02  3.361E-04  2.534E+00
  5.050E-02  8.265E-02  3.741E-04  1.613E+00
  8.265E-02  1.353E-01  3.574E-04  1.463E+00
  1.353E-01  2.214E-01  3.205E-04  1.364E+00
  2.214E-01  3.624E-01  2.658E-04  2.038E+00
  3.624E-01  5.931E-01  1.861E-04  1.140E+00
  5.931E-01  9.708E-01  1.081E-04  6.382E-01
  9.708E-01  1.589E+00  6.447E-05  5.285E-01
  1.589E+00  2.601E+00  3.740E-05  1.067E+00
  2.601E+00  4.257E+00  2.043E-05  3.697E-01
  4.257E+00  6.967E+00  9.834E-06  6.176E-01
  6.967E+00  1.140E+01  4.087E-06  4.860E-01
  1.140E+01  1.866E+01  1.254E-06  1.435E+00
  1.866E+01  3.055E+01  2.410E-07  7.790E-01
  3.055E+01  5.000E+01  1.195E-08  7.081E+00


 # double differential distributions
 # number of solid angle intervals          10
 # Block n:            1     0.00000000      :  0.628318548    
  1.000E-09  1.637E-09  0.000E+00  0.000E+00  0.000E+00  6.283E-01
  1.637E-09  2.679E-09  0.000E+00  0.000E+00  0.000E+00  6.283E-01
  2.679E-09  4.385E-09  0.000E+00  0.000E+00  0.000E+00  6.283E-01
  4.385E-09  7.177E-09  0.000E+00  0.000E+00  0.000E+00  6.283E-01
  7.177E-09  1.175E-08  0.000E+00  0.000E+00  0.000E+00  6.283E-01
  1.175E-08  1.923E-08  0.000E+00  0.000E+00  0.000E+00  6.283E-01
  1.923E-08  3.147E-08  0.000E+00  0.000E+00  0.000E+00  6.283E-01
  3.147E-08  5.150E-08  0.000E+00  0.000E+00  0.000E+00  6.283E-01
  5.150E-08  8.430E-08  0.000E+00  0.000E+00  0.000E+00  6.283E-01
  8.430E-08  1.380E-07  0.000E+00  0.000E+00  0.000E+00  6.283E-01
  1.380E-07  2.258E-07  0.000E+00  0.000E+00  0.000E+00  6.283E-01
  2.258E-07  3.696E-07  0.000E+00  0.000E+00  0.000E+00  6.283E-01
  3.696E-07  6.050E-07  0.000E+00  0.000E+00  0.000E+00  6.283E-01
  6.050E-07  9.902E-07  0.000E+00  0.000E+00  0.000E+00  6.283E-01
  9.902E-07  1.621E-06  0.000E+00  0.000E+00  0.000E+00  6.283E-01
  1.621E-06  2.653E-06  0.000E+00  0.000E+00  0.000E+00  6.283E-01
  2.653E-06  4.342E-06  0.000E+00  0.000E+00  0.000E+00  6.283E-01
  4.342E-06  7.106E-06  0.000E+00  0.000E+00  0.000E+00  6.283E-01
  7.106E-06  1.163E-05  0.000E+00  0.000E+00  0.000E+00  6.283E-01
  1.163E-05  1.904E-05  0.000E+00  0.000E+00  0.000E+00  6.283E-01
  1.904E-05  3.116E-05  0.000E+00  0.000E+00  0.000E+00  6.283E-01
  3.116E-05  5.100E-05  0.000E+00  0.000E+00  0.000E+00  6.283E-01
  5.100E-05  8.347E-05  0.000E+00  0.000E+00  0.000E+00  6.283E-01
  8.347E-05  1.366E-04  0.000E+00  0.000E+00  0.000E+00  6.283E-01
  1.366E-04  2.236E-04  0.000E+00  0.000E+00  0.000E+00  6.283E-01
  2.236E-04  3.660E-04  0.000E+00  0.000E+00  0.000E+00  6.283E-01
  3.660E-04  5.990E-04  8.611E-06  9.900E+01  0.000E+00  6.283E-01
  5.990E-04  9.804E-04  0.000E+00  0.000E+00  0.000E+00  6.283E-01
  9.804E-04  1.605E-03  6.651E-06  6.129E+01  0.000E+00  6.283E-01
  1.605E-03  2.627E-03  1.991E-06  9.900E+01  0.000E+00  6.283E-01
  2.627E-03  4.299E-03  2.543E-06  6.125E+01  0.000E+00  6.283E-01
  4.299E-03  7.036E-03  3.028E-06  4.747E+01  0.000E+00  6.283E-01
  7.036E-03  1.152E-02  4.220E-06  2.009E+01  0.000E+00  6.283E-01
  1.152E-02  1.885E-02  8.582E-06  1.290E+01  0.000E+00  6.283E-01
  1.885E-02  3.085E-02  1.907E-05  1.036E+01  0.000E+00  6.283E-01
  3.085E-02  5.050E-02  2.755E-05  6.831E+00  0.000E+00  6.283E-01
  5.050E-02  8.265E-02  3.331E-05  2.613E+00  0.000E+00  6.283E-01
  8.265E-02  1.353E-01  4.452E-05  2.273E+00  0.000E+00  6.283E-01
  1.353E-01  2.214E-01  5.904E-05  1.283E+00  0.000E+00  6.283E-01
  2.214E-01  3.624E-01  8.700E-05  1.415E+00  0.000E+00  6.283E-01
  3.624E-01  5.931E-01  1.086E-04  6.016E-01  0.000E+00  6.283E-01
  5.931E-01  9.708E-01  1.107E-04  4.368E-01  0.000E+00  6.283E-01
  9.708E-01  1.589E+00  8.932E-05  6.509E-01  0.000E+00  6.283E-01
  1.589E+00  2.601E+00  5.811E-05  1.022E+00  0.000E+00  6.283E-01
  2.601E+00  4.257E+00  3.245E-05  3.681E-01  0.000E+00  6.283E-01
  4.257E+00  6.967E+00  1.565E-05  6.176E-01  0.000E+00  6.283E-01
  6.967E+00  1.140E+01  6.505E-06  4.860E-01  0.000E+00  6.283E-01
  1.140E+01  1.866E+01  1.996E-06  1.435E+00  0.000E+00  6.283E-01
  1.866E+01  3.055E+01  3.836E-07  7.790E-01  0.000E+00  6.283E-01
  3.055E+01  5.000E+01  1.903E-08  7.081E+00  0.000E+00  6.283E-01
  5.000E+01  5.000E+01  0.000E+00  0.000E+00  0.000E+00  6.283E-01

 # Block n:            2    0.628318548      :   1.25663710    
  1.000E-09  1.637E-09  0.000E+00  0.000E+00  6.283E-01  1.257E+00
  1.637E-09  2.679E-09  0.000E+00  0.000E+00  6.283E-01  1.257E+00
  2.679E-09  4.385E-09  0.000E+00  0.000E+00  6.283E-01  1.257E+00
  4.385E-09  7.177E-09  0.000E+00  0.000E+00  6.283E-01  1.257E+00
  7.177E-09  1.175E-08  0.000E+00  0.000E+00  6.283E-01  1.257E+00
  1.175E-08  1.923E-08  0.000E+00  0.000E+00  6.283E-01  1.257E+00
  1.923E-08  3.147E-08  0.000E+00  0.000E+00  6.283E-01  1.257E+00
  3.147E-08  5.150E-08  0.000E+00  0.000E+00  6.283E-01  1.257E+00
  5.150E-08  8.430E-08  0.000E+00  0.000E+00  6.283E-01  1.257E+00
  8.430E-08  1.380E-07  0.000E+00  0.000E+00  6.283E-01  1.257E+00
  1.380E-07  2.258E-07  0.000E+00  0.000E+00  6.283E-01  1.257E+00
  2.258E-07  3.696E-07  0.000E+00  0.000E+00  6.283E-01  1.257E+00
  3.696E-07  6.050E-07  0.000E+00  0.000E+00  6.283E-01  1.257E+00
  6.050E-07  9.902E-07  0.000E+00  0.000E+00  6.283E-01  1.257E+00
  9.902E-07  1.621E-06  0.000E+00  0.000E+00  6.283E-01  1.257E+00
  1.621E-06  2.653E-06  0.000E+00  0.000E+00  6.283E-01  1.257E+00
  2.653E-06  4.342E-06  0.000E+00  0.000E+00  6.283E-01  1.257E+00
  4.342E-06  7.106E-06  0.000E+00  0.000E+00  6.283E-01  1.257E+00
  7.106E-06  1.163E-05  0.000E+00  0.000E+00  6.283E-01  1.257E+00
  1.163E-05  1.904E-05  0.000E+00  0.000E+00  6.283E-01  1.257E+00
  1.904E-05  3.116E-05  0.000E+00  0.000E+00  6.283E-01  1.257E+00
  3.116E-05  5.100E-05  0.000E+00  0.000E+00  6.283E-01  1.257E+00
  5.100E-05  8.347E-05  0.000E+00  0.000E+00  6.283E-01  1.257E+00
  8.347E-05  1.366E-04  0.000E+00  0.000E+00  6.283E-01  1.257E+00
  1.366E-04  2.236E-04  0.000E+00  0.000E+00  6.283E-01  1.257E+00
  2.236E-04  3.660E-04  1.697E-05  9.900E+01  6.283E-01  1.257E+00
  3.660E-04  5.990E-04  0.000E+00  0.000E+00  6.283E-01  1.257E+00
  5.990E-04  9.804E-04  6.011E-06  9.900E+01  6.283E-01  1.257E+00
  9.804E-04  1.605E-03  0.000E+00  0.000E+00  6.283E-01  1.257E+00
  1.605E-03  2.627E-03  4.600E-06  6.129E+01  6.283E-01  1.257E+00
  2.627E-03  4.299E-03  5.687E-06  4.606E+01  6.283E-01  1.257E+00
  4.299E-03  7.036E-03  5.135E-06  4.911E+01  6.283E-01  1.257E+00
  7.036E-03  1.152E-02  5.713E-06  2.247E+01  6.283E-01  1.257E+00
  1.152E-02  1.885E-02  1.093E-05  1.116E+01  6.283E-01  1.257E+00
  1.885E-02  3.085E-02  1.886E-05  5.198E+00  6.283E-01  1.257E+00
  3.085E-02  5.050E-02  2.593E-05  5.815E+00  6.283E-01  1.257E+00
  5.050E-02  8.265E-02  3.362E-05  1.477E+00  6.283E-01  1.257E+00
  8.265E-02  1.353E-01  4.087E-05  3.422E+00  6.283E-01  1.257E+00
  1.353E-01  2.214E-01  5.519E-05  1.804E+00  6.283E-01  1.257E+00
  2.214E-01  3.624E-01  6.651E-05  2.099E+00  6.283E-01  1.257E+00
  3.624E-01  5.931E-01  5.864E-05  1.281E+00  6.283E-01  1.257E+00
  5.931E-01  9.708E-01  3.229E-05  1.424E+00  6.283E-01  1.257E+00
  9.708E-01  1.589E+00  9.886E-06  7.306E-01  6.283E-01  1.257E+00
  1.589E+00  2.601E+00  1.273E-06  4.182E+00  6.283E-01  1.257E+00
  2.601E+00  4.257E+00  6.268E-08  1.628E+01  6.283E-01  1.257E+00
  4.257E+00  6.967E+00  0.000E+00  0.000E+00  6.283E-01  1.257E+00
  6.967E+00  1.140E+01  0.000E+00  0.000E+00  6.283E-01  1.257E+00
  1.140E+01  1.866E+01  0.000E+00  0.000E+00  6.283E-01  1.257E+00
  1.866E+01  3.055E+01  0.000E+00  0.000E+00  6.283E-01  1.257E+00
  3.055E+01  5.000E+01  0.000E+00  0.000E+00  6.283E-01  1.257E+00
  5.000E+01  5.000E+01  0.000E+00  0.000E+00  6.283E-01  1.257E+00

 # Block n:            3     1.25663710      :   1.88495564    
  1.000E-09  1.637E-09  0.000E+00  0.000E+00  1.257E+00  1.885E+00
  1.637E-09  2.679E-09  0.000E+00  0.000E+00  1.257E+00  1.885E+00
  2.679E-09  4.385E-09  0.000E+00  0.000E+00  1.257E+00  1.885E+00
  4.385E-09  7.177E-09  0.000E+00  0.000E+00  1.257E+00  1.885E+00
  7.177E-09  1.175E-08  0.000E+00  0.000E+00  1.257E+00  1.885E+00
  1.175E-08  1.923E-08  0.000E+00  0.000E+00  1.257E+00  1.885E+00
  1.923E-08  3.147E-08  0.000E+00  0.000E+00  1.257E+00  1.885E+00
  3.147E-08  5.150E-08  0.000E+00  0.000E+00  1.257E+00  1.885E+00
  5.150E-08  8.430E-08  0.000E+00  0.000E+00  1.257E+00  1.885E+00
  8.430E-08  1.380E-07  0.000E+00  0.000E+00  1.257E+00  1.885E+00
  1.380E-07  2.258E-07  0.000E+00  0.000E+00  1.257E+00  1.885E+00
  2.258E-07  3.696E-07  0.000E+00  0.000E+00  1.257E+00  1.885E+00
  3.696E-07  6.050E-07  0.000E+00  0.000E+00  1.257E+00  1.885E+00
  6.050E-07  9.902E-07  0.000E+00  0.000E+00  1.257E+00  1.885E+00
  9.902E-07  1.621E-06  0.000E+00  0.000E+00  1.257E+00  1.885E+00
  1.621E-06  2.653E-06  0.000E+00  0.000E+00  1.257E+00  1.885E+00
  2.653E-06  4.342E-06  0.000E+00  0.000E+00  1.257E+00  1.885E+00
  4.342E-06  7.106E-06  0.000E+00  0.000E+00  1.257E+00  1.885E+00
  7.106E-06  1.163E-05  0.000E+00  0.000E+00  1.257E+00  1.885E+00
  1.163E-05  1.904E-05  0.000E+00  0.000E+00  1.257E+00  1.885E+00
  1.904E-05  3.116E-05  0.000E+00  0.000E+00  1.257E+00  1.885E+00
  3.116E-05  5.100E-05  0.000E+00  0.000E+00  1.257E+00  1.885E+00
  5.100E-05  8.347E-05  0.000E+00  0.000E+00  1.257E+00  1.885E+00
  8.347E-05  1.366E-04  0.000E+00  0.000E+00  1.257E+00  1.885E+00
  1.366E-04  2.236E-04  0.000E+00  0.000E+00  1.257E+00  1.885E+00
  2.236E-04  3.660E-04  0.000E+00  0.000E+00  1.257E+00  1.885E+00
  3.660E-04  5.990E-04  1.136E-05  9.900E+01  1.257E+00  1.885E+00
  5.990E-04  9.804E-04  0.000E+00  0.000E+00  1.257E+00  1.885E+00
  9.804E-04  1.605E-03  8.343E-06  6.125E+01  1.257E+00  1.885E+00
  1.605E-03  2.627E-03  5.462E-06  6.124E+01  1.257E+00  1.885E+00
  2.627E-03  4.299E-03  3.073E-06  6.124E+01  1.257E+00  1.885E+00
  4.299E-03  7.036E-03  3.812E-06  4.652E+01  1.257E+00  1.885E+00
  7.036E-03  1.152E-02  7.116E-06  1.735E+01  1.257E+00  1.885E+00
  1.152E-02  1.885E-02  1.009E-05  1.692E+01  1.257E+00  1.885E+00
  1.885E-02  3.085E-02  1.776E-05  9.885E+00  1.257E+00  1.885E+00
  3.085E-02  5.050E-02  2.684E-05  1.060E+01  1.257E+00  1.885E+00
  5.050E-02  8.265E-02  3.287E-05  1.575E+00  1.257E+00  1.885E+00
  8.265E-02  1.353E-01  4.187E-05  4.269E+00  1.257E+00  1.885E+00
  1.353E-01  2.214E-01  5.149E-05  3.317E+00  1.257E+00  1.885E+00
  2.214E-01  3.624E-01  4.957E-05  3.170E+00  1.257E+00  1.885E+00
  3.624E-01  5.931E-01  3.463E-05  1.925E+00  1.257E+00  1.885E+00
  5.931E-01  9.708E-01  1.276E-05  1.234E+00  1.257E+00  1.885E+00
  9.708E-01  1.589E+00  2.259E-06  6.207E+00  1.257E+00  1.885E+00
  1.589E+00  2.601E+00  1.327E-07  9.373E+00  1.257E+00  1.885E+00
  2.601E+00  4.257E+00  0.000E+00  0.000E+00  1.257E+00  1.885E+00
  4.257E+00  6.967E+00  0.000E+00  0.000E+00  1.257E+00  1.885E+00
  6.967E+00  1.140E+01  0.000E+00  0.000E+00  1.257E+00  1.885E+00
  1.140E+01  1.866E+01  0.000E+00  0.000E+00  1.257E+00  1.885E+00
  1.866E+01  3.055E+01  0.000E+00  0.000E+00  1.257E+00  1.885E+00
  3.055E+01  5.000E+01  0.000E+00  0.000E+00  1.257E+00  1.885E+00
  5.000E+01  5.000E+01  0.000E+00  0.000E+00  1.257E+00  1.885E+00

 # Block n:            4     1.88495564      :   2.51327419    
  1.000E-09  1.637E-09  0.000E+00  0.000E+00  1.885E+00  2.513E+00
  1.637E-09  2.679E-09  0.000E+00  0.000E+00  1.885E+00  2.513E+00
  2.679E-09  4.385E-09  0.000E+00  0.000E+00  1.885E+00  2.513E+00
  4.385E-09  7.177E-09  0.000E+00  0.000E+00  1.885E+00  2.513E+00
  7.177E-09  1.175E-08  0.000E+00  0.000E+00  1.885E+00  2.513E+00
  1.175E-08  1.923E-08  0.000E+00  0.000E+00  1.885E+00  2.513E+00
  1.923E-08  3.147E-08  0.000E+00  0.000E+00  1.885E+00  2.513E+00
  3.147E-08  5.150E-08  0.000E+00  0.000E+00  1.885E+00  2.513E+00
  5.150E-08  8.430E-08  0.000E+00  0.000E+00  1.885E+00  2.513E+00
  8.430E-08  1.380E-07  0.000E+00  0.000E+00  1.885E+00  2.513E+00
  1.380E-07  2.258E-07  0.000E+00  0.000E+00  1.885E+00  2.513E+00
  2.258E-07  3.696E-07  0.000E+00  0.000E+00  1.885E+00  2.513E+00
  3.696E-07  6.050E-07  0.000E+00  0.000E+00  1.885E+00  2.513E+00
  6.050E-07  9.902E-07  0.000E+00  0.000E+00  1.885E+00  2.513E+00
  9.902E-07  1.621E-06  0.000E+00  0.000E+00  1.885E+00  2.513E+00
  1.621E-06  2.653E-06  0.000E+00  0.000E+00  1.885E+00  2.513E+00
  2.653E-06  4.342E-06  0.000E+00  0.000E+00  1.885E+00  2.513E+00
  4.342E-06  7.106E-06  0.000E+00  0.000E+00  1.885E+00  2.513E+00
  7.106E-06  1.163E-05  0.000E+00  0.000E+00  1.885E+00  2.513E+00
  1.163E-05  1.904E-05  0.000E+00  0.000E+00  1.885E+00  2.513E+00
  1.904E-05  3.116E-05  0.000E+00  0.000E+00  1.885E+00  2.513E+00
  3.116E-05  5.100E-05  0.000E+00  0.000E+00  1.885E+00  2.513E+00
  5.100E-05  8.347E-05  0.000E+00  0.000E+00  1.885E+00  2.513E+00
  8.347E-05  1.366E-04  0.000E+00  0.000E+00  1.885E+00  2.513E+00
  1.366E-04  2.236E-04  3.534E-05  9.900E+01  1.885E+00  2.513E+00
  2.236E-04  3.660E-04  0.000E+00  0.000E+00  1.885E+00  2.513E+00
  3.660E-04  5.990E-04  0.000E+00  0.000E+00  1.885E+00  2.513E+00
  5.990E-04  9.804E-04  2.495E-05  4.090E+01  1.885E+00  2.513E+00
  9.804E-04  1.605E-03  0.000E+00  0.000E+00  1.885E+00  2.513E+00
  1.605E-03  2.627E-03  0.000E+00  0.000E+00  1.885E+00  2.513E+00
  2.627E-03  4.299E-03  1.747E-06  9.900E+01  1.885E+00  2.513E+00
  4.299E-03  7.036E-03  6.916E-06  4.823E+01  1.885E+00  2.513E+00
  7.036E-03  1.152E-02  6.283E-06  2.038E+01  1.885E+00  2.513E+00
  1.152E-02  1.885E-02  1.172E-05  2.173E+01  1.885E+00  2.513E+00
  1.885E-02  3.085E-02  2.625E-05  8.224E+00  1.885E+00  2.513E+00
  3.085E-02  5.050E-02  3.161E-05  7.299E+00  1.885E+00  2.513E+00
  5.050E-02  8.265E-02  3.819E-05  5.181E+00  1.885E+00  2.513E+00
  8.265E-02  1.353E-01  4.487E-05  1.896E+00  1.885E+00  2.513E+00
  1.353E-01  2.214E-01  4.478E-05  4.061E+00  1.885E+00  2.513E+00
  2.214E-01  3.624E-01  4.082E-05  2.559E+00  1.885E+00  2.513E+00
  3.624E-01  5.931E-01  2.322E-05  3.344E+00  1.885E+00  2.513E+00
  5.931E-01  9.708E-01  6.642E-06  2.935E+00  1.885E+00  2.513E+00
  9.708E-01  1.589E+00  7.286E-07  8.156E+00  1.885E+00  2.513E+00
  1.589E+00  2.601E+00  5.853E-09  6.124E+01  1.885E+00  2.513E+00
  2.601E+00  4.257E+00  0.000E+00  0.000E+00  1.885E+00  2.513E+00
  4.257E+00  6.967E+00  0.000E+00  0.000E+00  1.885E+00  2.513E+00
  6.967E+00  1.140E+01  0.000E+00  0.000E+00  1.885E+00  2.513E+00
  1.140E+01  1.866E+01  0.000E+00  0.000E+00  1.885E+00  2.513E+00
  1.866E+01  3.055E+01  0.000E+00  0.000E+00  1.885E+00  2.513E+00
  3.055E+01  5.000E+01  0.000E+00  0.000E+00  1.885E+00  2.513E+00
  5.000E+01  5.000E+01  0.000E+00  0.000E+00  1.885E+00  2.513E+00

 # Block n:            5     2.51327419      :   3.14159274    
  1.000E-09  1.637E-09  0.000E+00  0.000E+00  2.513E+00  3.142E+00
  1.637E-09  2.679E-09  0.000E+00  0.000E+00  2.513E+00  3.142E+00
  2.679E-09  4.385E-09  0.000E+00  0.000E+00  2.513E+00  3.142E+00
  4.385E-09  7.177E-09  0.000E+00  0.000E+00  2.513E+00  3.142E+00
  7.177E-09  1.175E-08  0.000E+00  0.000E+00  2.513E+00  3.142E+00
  1.175E-08  1.923E-08  0.000E+00  0.000E+00  2.513E+00  3.142E+00
  1.923E-08  3.147E-08  0.000E+00  0.000E+00  2.513E+00  3.142E+00
  3.147E-08  5.150E-08  0.000E+00  0.000E+00  2.513E+00  3.142E+00
  5.150E-08  8.430E-08  0.000E+00  0.000E+00  2.513E+00  3.142E+00
  8.430E-08  1.380E-07  0.000E+00  0.000E+00  2.513E+00  3.142E+00
  1.380E-07  2.258E-07  0.000E+00  0.000E+00  2.513E+00  3.142E+00
  2.258E-07  3.696E-07  0.000E+00  0.000E+00  2.513E+00  3.142E+00
  3.696E-07  6.050E-07  0.000E+00  0.000E+00  2.513E+00  3.142E+00
  6.050E-07  9.902E-07  0.000E+00  0.000E+00  2.513E+00  3.142E+00
  9.902E-07  1.621E-06  0.000E+00  0.000E+00  2.513E+00  3.142E+00
  1.621E-06  2.653E-06  0.000E+00  0.000E+00  2.513E+00  3.142E+00
  2.653E-06  4.342E-06  0.000E+00  0.000E+00  2.513E+00  3.142E+00
  4.342E-06  7.106E-06  0.000E+00  0.000E+00  2.513E+00  3.142E+00
  7.106E-06  1.163E-05  0.000E+00  0.000E+00  2.513E+00  3.142E+00
  1.163E-05  1.904E-05  0.000E+00  0.000E+00  2.513E+00  3.142E+00
  1.904E-05  3.116E-05  0.000E+00  0.000E+00  2.513E+00  3.142E+00
  3.116E-05  5.100E-05  0.000E+00  0.000E+00  2.513E+00  3.142E+00
  5.100E-05  8.347E-05  0.000E+00  0.000E+00  2.513E+00  3.142E+00
  8.347E-05  1.366E-04  0.000E+00  0.000E+00  2.513E+00  3.142E+00
  1.366E-04  2.236E-04  0.000E+00  0.000E+00  2.513E+00  3.142E+00
  2.236E-04  3.660E-04  0.000E+00  0.000E+00  2.513E+00  3.142E+00
  3.660E-04  5.990E-04  1.618E-05  9.900E+01  2.513E+00  3.142E+00
  5.990E-04  9.804E-04  9.716E-06  9.900E+01  2.513E+00  3.142E+00
  9.804E-04  1.605E-03  0.000E+00  0.000E+00  2.513E+00  3.142E+00
  1.605E-03  2.627E-03  3.790E-06  9.900E+01  2.513E+00  3.142E+00
  2.627E-03  4.299E-03  1.045E-05  4.443E+01  2.513E+00  3.142E+00
  4.299E-03  7.036E-03  7.794E-06  3.217E+01  2.513E+00  3.142E+00
  7.036E-03  1.152E-02  1.047E-05  3.743E+01  2.513E+00  3.142E+00
  1.152E-02  1.885E-02  1.844E-05  9.429E+00  2.513E+00  3.142E+00
  1.885E-02  3.085E-02  2.882E-05  8.683E+00  2.513E+00  3.142E+00
  3.085E-02  5.050E-02  3.176E-05  7.022E+00  2.513E+00  3.142E+00
  5.050E-02  8.265E-02  4.095E-05  6.290E+00  2.513E+00  3.142E+00
  8.265E-02  1.353E-01  4.298E-05  3.648E+00  2.513E+00  3.142E+00
  1.353E-01  2.214E-01  4.425E-05  1.245E+00  2.513E+00  3.142E+00
  2.214E-01  3.624E-01  3.303E-05  1.762E+00  2.513E+00  3.142E+00
  3.624E-01  5.931E-01  1.589E-05  1.826E+00  2.513E+00  3.142E+00
  5.931E-01  9.708E-01  3.705E-06  4.982E+00  2.513E+00  3.142E+00
  9.708E-01  1.589E+00  2.995E-07  1.537E+01  2.513E+00  3.142E+00
  1.589E+00  2.601E+00  3.393E-09  9.900E+01  2.513E+00  3.142E+00
  2.601E+00  4.257E+00  0.000E+00  0.000E+00  2.513E+00  3.142E+00
  4.257E+00  6.967E+00  0.000E+00  0.000E+00  2.513E+00  3.142E+00
  6.967E+00  1.140E+01  0.000E+00  0.000E+00  2.513E+00  3.142E+00
  1.140E+01  1.866E+01  0.000E+00  0.000E+00  2.513E+00  3.142E+00
  1.866E+01  3.055E+01  0.000E+00  0.000E+00  2.513E+00  3.142E+00
  3.055E+01  5.000E+01  0.000E+00  0.000E+00  2.513E+00  3.142E+00
  5.000E+01  5.000E+01  0.000E+00  0.000E+00  2.513E+00  3.142E+00

 # Block n:            6     3.14159274      :   3.76991129    
  1.000E-09  1.637E-09  0.000E+00  0.000E+00  3.142E+00  3.770E+00
  1.637E-09  2.679E-09  0.000E+00  0.000E+00  3.142E+00  3.770E+00
  2.679E-09  4.385E-09  0.000E+00  0.000E+00  3.142E+00  3.770E+00
  4.385E-09  7.177E-09  0.000E+00  0.000E+00  3.142E+00  3.770E+00
  7.177E-09  1.175E-08  0.000E+00  0.000E+00  3.142E+00  3.770E+00
  1.175E-08  1.923E-08  0.000E+00  0.000E+00  3.142E+00  3.770E+00
  1.923E-08  3.147E-08  0.000E+00  0.000E+00  3.142E+00  3.770E+00
  3.147E-08  5.150E-08  0.000E+00  0.000E+00  3.142E+00  3.770E+00
  5.150E-08  8.430E-08  0.000E+00  0.000E+00  3.142E+00  3.770E+00
  8.430E-08  1.380E-07  0.000E+00  0.000E+00  3.142E+00  3.770E+00
  1.380E-07  2.258E-07  0.000E+00  0.000E+00  3.142E+00  3.770E+00
  2.258E-07  3.696E-07  0.000E+00  0.000E+00  3.142E+00  3.770E+00
  3.696E-07  6.050E-07  0.000E+00  0.000E+00  3.142E+00  3.770E+00
  6.050E-07  9.902E-07  0.000E+00  0.000E+00  3.142E+00  3.770E+00
  9.902E-07  1.621E-06  0.000E+00  0.000E+00  3.142E+00  3.770E+00
  1.621E-06  2.653E-06  0.000E+00  0.000E+00  3.142E+00  3.770E+00
  2.653E-06  4.342E-06  0.000E+00  0.000E+00  3.142E+00  3.770E+00
  4.342E-06  7.106E-06  0.000E+00  0.000E+00  3.142E+00  3.770E+00
  7.106E-06  1.163E-05  0.000E+00  0.000E+00  3.142E+00  3.770E+00
  1.163E-05  1.904E-05  0.000E+00  0.000E+00  3.142E+00  3.770E+00
  1.904E-05  3.116E-05  0.000E+00  0.000E+00  3.142E+00  3.770E+00
  3.116E-05  5.100E-05  0.000E+00  0.000E+00  3.142E+00  3.770E+00
  5.100E-05  8.347E-05  0.000E+00  0.000E+00  3.142E+00  3.770E+00
  8.347E-05  1.366E-04  0.000E+00  0.000E+00  3.142E+00  3.770E+00
  1.366E-04  2.236E-04  4.701E-05  9.900E+01  3.142E+00  3.770E+00
  2.236E-04  3.660E-04  0.000E+00  0.000E+00  3.142E+00  3.770E+00
  3.660E-04  5.990E-04  1.870E-05  9.900E+01  3.142E+00  3.770E+00
  5.990E-04  9.804E-04  0.000E+00  0.000E+00  3.142E+00  3.770E+00
  9.804E-04  1.605E-03  6.575E-06  9.900E+01  3.142E+00  3.770E+00
  1.605E-03  2.627E-03  1.276E-05  6.834E+01  3.142E+00  3.770E+00
  2.627E-03  4.299E-03  5.033E-06  6.136E+01  3.142E+00  3.770E+00
  4.299E-03  7.036E-03  1.085E-05  6.204E+01  3.142E+00  3.770E+00
  7.036E-03  1.152E-02  1.581E-05  2.549E+01  3.142E+00  3.770E+00
  1.152E-02  1.885E-02  2.063E-05  1.869E+01  3.142E+00  3.770E+00
  1.885E-02  3.085E-02  3.157E-05  1.051E+01  3.142E+00  3.770E+00
  3.085E-02  5.050E-02  4.016E-05  8.694E+00  3.142E+00  3.770E+00
  5.050E-02  8.265E-02  5.303E-05  6.383E+00  3.142E+00  3.770E+00
  8.265E-02  1.353E-01  5.060E-05  4.568E+00  3.142E+00  3.770E+00
  1.353E-01  2.214E-01  4.068E-05  4.337E+00  3.142E+00  3.770E+00
  2.214E-01  3.624E-01  2.916E-05  3.481E+00  3.142E+00  3.770E+00
  3.624E-01  5.931E-01  1.304E-05  1.258E+00  3.142E+00  3.770E+00
  5.931E-01  9.708E-01  2.388E-06  7.331E+00  3.142E+00  3.770E+00
  9.708E-01  1.589E+00  9.053E-08  1.896E+01  3.142E+00  3.770E+00
  1.589E+00  2.601E+00  0.000E+00  0.000E+00  3.142E+00  3.770E+00
  2.601E+00  4.257E+00  0.000E+00  0.000E+00  3.142E+00  3.770E+00
  4.257E+00  6.967E+00  0.000E+00  0.000E+00  3.142E+00  3.770E+00
  6.967E+00  1.140E+01  0.000E+00  0.000E+00  3.142E+00  3.770E+00
  1.140E+01  1.866E+01  0.000E+00  0.000E+00  3.142E+00  3.770E+00
  1.866E+01  3.055E+01  0.000E+00  0.000E+00  3.142E+00  3.770E+00
  3.055E+01  5.000E+01  0.000E+00  0.000E+00  3.142E+00  3.770E+00
  5.000E+01  5.000E+01  0.000E+00  0.000E+00  3.142E+00  3.770E+00

 # Block n:            7     3.76991129      :   4.39822960    
  1.000E-09  1.637E-09  0.000E+00  0.000E+00  3.770E+00  4.398E+00
  1.637E-09  2.679E-09  0.000E+00  0.000E+00  3.770E+00  4.398E+00
  2.679E-09  4.385E-09  0.000E+00  0.000E+00  3.770E+00  4.398E+00
  4.385E-09  7.177E-09  0.000E+00  0.000E+00  3.770E+00  4.398E+00
  7.177E-09  1.175E-08  0.000E+00  0.000E+00  3.770E+00  4.398E+00
  1.175E-08  1.923E-08  0.000E+00  0.000E+00  3.770E+00  4.398E+00
  1.923E-08  3.147E-08  0.000E+00  0.000E+00  3.770E+00  4.398E+00
  3.147E-08  5.150E-08  0.000E+00  0.000E+00  3.770E+00  4.398E+00
  5.150E-08  8.430E-08  0.000E+00  0.000E+00  3.770E+00  4.398E+00
  8.430E-08  1.380E-07  0.000E+00  0.000E+00  3.770E+00  4.398E+00
  1.380E-07  2.258E-07  0.000E+00  0.000E+00  3.770E+00  4.398E+00
  2.258E-07  3.696E-07  0.000E+00  0.000E+00  3.770E+00  4.398E+00
  3.696E-07  6.050E-07  0.000E+00  0.000E+00  3.770E+00  4.398E+00
  6.050E-07  9.902E-07  0.000E+00  0.000E+00  3.770E+00  4.398E+00
  9.902E-07  1.621E-06  0.000E+00  0.000E+00  3.770E+00  4.398E+00
  1.621E-06  2.653E-06  0.000E+00  0.000E+00  3.770E+00  4.398E+00
  2.653E-06  4.342E-06  0.000E+00  0.000E+00  3.770E+00  4.398E+00
  4.342E-06  7.106E-06  0.000E+00  0.000E+00  3.770E+00  4.398E+00
  7.106E-06  1.163E-05  0.000E+00  0.000E+00  3.770E+00  4.398E+00
  1.163E-05  1.904E-05  0.000E+00  0.000E+00  3.770E+00  4.398E+00
  1.904E-05  3.116E-05  0.000E+00  0.000E+00  3.770E+00  4.398E+00
  3.116E-05  5.100E-05  0.000E+00  0.000E+00  3.770E+00  4.398E+00
  5.100E-05  8.347E-05  0.000E+00  0.000E+00  3.770E+00  4.398E+00
  8.347E-05  1.366E-04  0.000E+00  0.000E+00  3.770E+00  4.398E+00
  1.366E-04  2.236E-04  0.000E+00  0.000E+00  3.770E+00  4.398E+00
  2.236E-04  3.660E-04  4.037E-05  9.900E+01  3.770E+00  4.398E+00
  3.660E-04  5.990E-04  0.000E+00  0.000E+00  3.770E+00  4.398E+00
  5.990E-04  9.804E-04  2.951E-05  6.168E+01  3.770E+00  4.398E+00
  9.804E-04  1.605E-03  8.536E-06  9.900E+01  3.770E+00  4.398E+00
  1.605E-03  2.627E-03  1.139E-05  6.124E+01  3.770E+00  4.398E+00
  2.627E-03  4.299E-03  3.026E-06  9.900E+01  3.770E+00  4.398E+00
  4.299E-03  7.036E-03  4.204E-06  9.900E+01  3.770E+00  4.398E+00
  7.036E-03  1.152E-02  1.546E-05  3.048E+01  3.770E+00  4.398E+00
  1.152E-02  1.885E-02  3.438E-05  1.509E+01  3.770E+00  4.398E+00
  1.885E-02  3.085E-02  3.827E-05  1.719E+01  3.770E+00  4.398E+00
  3.085E-02  5.050E-02  4.865E-05  5.915E+00  3.770E+00  4.398E+00
  5.050E-02  8.265E-02  5.532E-05  2.516E+00  3.770E+00  4.398E+00
  8.265E-02  1.353E-01  5.707E-05  3.759E+00  3.770E+00  4.398E+00
  1.353E-01  2.214E-01  4.314E-05  2.954E+00  3.770E+00  4.398E+00
  2.214E-01  3.624E-01  2.556E-05  1.866E+00  3.770E+00  4.398E+00
  3.624E-01  5.931E-01  1.030E-05  4.689E+00  3.770E+00  4.398E+00
  5.931E-01  9.708E-01  1.406E-06  1.325E+01  3.770E+00  4.398E+00
  9.708E-01  1.589E+00  2.664E-08  6.390E+01  3.770E+00  4.398E+00
  1.589E+00  2.601E+00  0.000E+00  0.000E+00  3.770E+00  4.398E+00
  2.601E+00  4.257E+00  0.000E+00  0.000E+00  3.770E+00  4.398E+00
  4.257E+00  6.967E+00  0.000E+00  0.000E+00  3.770E+00  4.398E+00
  6.967E+00  1.140E+01  0.000E+00  0.000E+00  3.770E+00  4.398E+00
  1.140E+01  1.866E+01  0.000E+00  0.000E+00  3.770E+00  4.398E+00
  1.866E+01  3.055E+01  0.000E+00  0.000E+00  3.770E+00  4.398E+00
  3.055E+01  5.000E+01  0.000E+00  0.000E+00  3.770E+00  4.398E+00
  5.000E+01  5.000E+01  0.000E+00  0.000E+00  3.770E+00  4.398E+00

 # Block n:            8     4.39822960      :   5.02654839    
  1.000E-09  1.637E-09  0.000E+00  0.000E+00  4.398E+00  5.027E+00
  1.637E-09  2.679E-09  0.000E+00  0.000E+00  4.398E+00  5.027E+00
  2.679E-09  4.385E-09  0.000E+00  0.000E+00  4.398E+00  5.027E+00
  4.385E-09  7.177E-09  0.000E+00  0.000E+00  4.398E+00  5.027E+00
  7.177E-09  1.175E-08  0.000E+00  0.000E+00  4.398E+00  5.027E+00
  1.175E-08  1.923E-08  0.000E+00  0.000E+00  4.398E+00  5.027E+00
  1.923E-08  3.147E-08  0.000E+00  0.000E+00  4.398E+00  5.027E+00
  3.147E-08  5.150E-08  0.000E+00  0.000E+00  4.398E+00  5.027E+00
  5.150E-08  8.430E-08  0.000E+00  0.000E+00  4.398E+00  5.027E+00
  8.430E-08  1.380E-07  0.000E+00  0.000E+00  4.398E+00  5.027E+00
  1.380E-07  2.258E-07  0.000E+00  0.000E+00  4.398E+00  5.027E+00
  2.258E-07  3.696E-07  0.000E+00  0.000E+00  4.398E+00  5.027E+00
  3.696E-07  6.050E-07  0.000E+00  0.000E+00  4.398E+00  5.027E+00
  6.050E-07  9.902E-07  0.000E+00  0.000E+00  4.398E+00  5.027E+00
  9.902E-07  1.621E-06  0.000E+00  0.000E+00  4.398E+00  5.027E+00
  1.621E-06  2.653E-06  0.000E+00  0.000E+00  4.398E+00  5.027E+00
  2.653E-06  4.342E-06  0.000E+00  0.000E+00  4.398E+00  5.027E+00
  4.342E-06  7.106E-06  0.000E+00  0.000E+00  4.398E+00  5.027E+00
  7.106E-06  1.163E-05  0.000E+00  0.000E+00  4.398E+00  5.027E+00
  1.163E-05  1.904E-05  0.000E+00  0.000E+00  4.398E+00  5.027E+00
  1.904E-05  3.116E-05  0.000E+00  0.000E+00  4.398E+00  5.027E+00
  3.116E-05  5.100E-05  0.000E+00  0.000E+00  4.398E+00  5.027E+00
  5.100E-05  8.347E-05  0.000E+00  0.000E+00  4.398E+00  5.027E+00
  8.347E-05  1.366E-04  0.000E+00  0.000E+00  4.398E+00  5.027E+00
  1.366E-04  2.236E-04  0.000E+00  0.000E+00  4.398E+00  5.027E+00
  2.236E-04  3.660E-04  0.000E+00  0.000E+00  4.398E+00  5.027E+00
  3.660E-04  5.990E-04  0.000E+00  0.000E+00  4.398E+00  5.027E+00
  5.990E-04  9.804E-04  0.000E+00  0.000E+00  4.398E+00  5.027E+00
  9.804E-04  1.605E-03  2.742E-05  9.900E+01  4.398E+00  5.027E+00
  1.605E-03  2.627E-03  1.531E-05  6.162E+01  4.398E+00  5.027E+00
  2.627E-03  4.299E-03  4.496E-06  9.900E+01  4.398E+00  5.027E+00
  4.299E-03  7.036E-03  3.307E-05  3.486E+01  4.398E+00  5.027E+00
  7.036E-03  1.152E-02  1.713E-05  2.732E+01  4.398E+00  5.027E+00
  1.152E-02  1.885E-02  3.528E-05  1.327E+01  4.398E+00  5.027E+00
  1.885E-02  3.085E-02  6.006E-05  1.476E+01  4.398E+00  5.027E+00
  3.085E-02  5.050E-02  6.633E-05  9.502E+00  4.398E+00  5.027E+00
  5.050E-02  8.265E-02  7.556E-05  6.047E+00  4.398E+00  5.027E+00
  8.265E-02  1.353E-01  6.529E-05  3.954E+00  4.398E+00  5.027E+00
  1.353E-01  2.214E-01  5.008E-05  4.410E+00  4.398E+00  5.027E+00
  2.214E-01  3.624E-01  2.877E-05  2.330E+00  4.398E+00  5.027E+00
  3.624E-01  5.931E-01  1.008E-05  5.139E+00  4.398E+00  5.027E+00
  5.931E-01  9.708E-01  7.253E-07  2.452E+01  4.398E+00  5.027E+00
  9.708E-01  1.589E+00  0.000E+00  0.000E+00  4.398E+00  5.027E+00
  1.589E+00  2.601E+00  0.000E+00  0.000E+00  4.398E+00  5.027E+00
  2.601E+00  4.257E+00  0.000E+00  0.000E+00  4.398E+00  5.027E+00
  4.257E+00  6.967E+00  0.000E+00  0.000E+00  4.398E+00  5.027E+00
  6.967E+00  1.140E+01  0.000E+00  0.000E+00  4.398E+00  5.027E+00
  1.140E+01  1.866E+01  0.000E+00  0.000E+00  4.398E+00  5.027E+00
  1.866E+01  3.055E+01  0.000E+00  0.000E+00  4.398E+00  5.027E+00
  3.055E+01  5.000E+01  0.000E+00  0.000E+00  4.398E+00  5.027E+00
  5.000E+01  5.000E+01  0.000E+00  0.000E+00  4.398E+00  5.027E+00

 # Block n:            9     5.02654839      :   5.65486717    
  1.000E-09  1.637E-09  0.000E+00  0.000E+00  5.027E+00  5.655E+00
  1.637E-09  2.679E-09  0.000E+00  0.000E+00  5.027E+00  5.655E+00
  2.679E-09  4.385E-09  0.000E+00  0.000E+00  5.027E+00  5.655E+00
  4.385E-09  7.177E-09  0.000E+00  0.000E+00  5.027E+00  5.655E+00
  7.177E-09  1.175E-08  0.000E+00  0.000E+00  5.027E+00  5.655E+00
  1.175E-08  1.923E-08  0.000E+00  0.000E+00  5.027E+00  5.655E+00
  1.923E-08  3.147E-08  0.000E+00  0.000E+00  5.027E+00  5.655E+00
  3.147E-08  5.150E-08  0.000E+00  0.000E+00  5.027E+00  5.655E+00
  5.150E-08  8.430E-08  0.000E+00  0.000E+00  5.027E+00  5.655E+00
  8.430E-08  1.380E-07  0.000E+00  0.000E+00  5.027E+00  5.655E+00
  1.380E-07  2.258E-07  0.000E+00  0.000E+00  5.027E+00  5.655E+00
  2.258E-07  3.696E-07  0.000E+00  0.000E+00  5.027E+00  5.655E+00
  3.696E-07  6.050E-07  0.000E+00  0.000E+00  5.027E+00  5.655E+00
  6.050E-07  9.902E-07  0.000E+00  0.000E+00  5.027E+00  5.655E+00
  9.902E-07  1.621E-06  0.000E+00  0.000E+00  5.027E+00  5.655E+00
  1.621E-06  2.653E-06  0.000E+00  0.000E+00  5.027E+00  5.655E+00
  2.653E-06  4.342E-06  0.000E+00  0.000E+00  5.027E+00  5.655E+00
  4.342E-06  7.106E-06  0.000E+00  0.000E+00  5.027E+00  5.655E+00
  7.106E-06  1.163E-05  0.000E+00  0.000E+00  5.027E+00  5.655E+00
  1.163E-05  1.904E-05  0.000E+00  0.000E+00  5.027E+00  5.655E+00
  1.904E-05  3.116E-05  0.000E+00  0.000E+00  5.027E+00  5.655E+00
  3.116E-05  5.100E-05  6.146E-04  9.900E+01  5.027E+00  5.655E+00
  5.100E-05  8.347E-05  0.000E+00  0.000E+00  5.027E+00  5.655E+00
  8.347E-05  1.366E-04  0.000E+00  0.000E+00  5.027E+00  5.655E+00
  1.366E-04  2.236E-04  0.000E+00  0.000E+00  5.027E+00  5.655E+00
  2.236E-04  3.660E-04  2.122E-04  9.900E+01  5.027E+00  5.655E+00
  3.660E-04  5.990E-04  0.000E+00  0.000E+00  5.027E+00  5.655E+00
  5.990E-04  9.804E-04  0.000E+00  0.000E+00  5.027E+00  5.655E+00
  9.804E-04  1.605E-03  0.000E+00  0.000E+00  5.027E+00  5.655E+00
  1.605E-03  2.627E-03  4.371E-05  4.324E+01  5.027E+00  5.655E+00
  2.627E-03  4.299E-03  1.339E-05  6.149E+01  5.027E+00  5.655E+00
  4.299E-03  7.036E-03  1.430E-05  6.843E+01  5.027E+00  5.655E+00
  7.036E-03  1.152E-02  1.913E-05  3.051E+01  5.027E+00  5.655E+00
  1.152E-02  1.885E-02  4.970E-05  1.964E+01  5.027E+00  5.655E+00
  1.885E-02  3.085E-02  8.909E-05  4.206E+00  5.027E+00  5.655E+00
  3.085E-02  5.050E-02  1.102E-04  6.676E+00  5.027E+00  5.655E+00
  5.050E-02  8.265E-02  1.045E-04  2.706E+00  5.027E+00  5.655E+00
  8.265E-02  1.353E-01  8.486E-05  3.486E+00  5.027E+00  5.655E+00
  1.353E-01  2.214E-01  5.968E-05  3.439E+00  5.027E+00  5.655E+00
  2.214E-01  3.624E-01  2.819E-05  3.571E+00  5.027E+00  5.655E+00
  3.624E-01  5.931E-01  1.056E-05  9.290E+00  5.027E+00  5.655E+00
  5.931E-01  9.708E-01  7.773E-07  8.335E+00  5.027E+00  5.655E+00
  9.708E-01  1.589E+00  0.000E+00  0.000E+00  5.027E+00  5.655E+00
  1.589E+00  2.601E+00  0.000E+00  0.000E+00  5.027E+00  5.655E+00
  2.601E+00  4.257E+00  0.000E+00  0.000E+00  5.027E+00  5.655E+00
  4.257E+00  6.967E+00  0.000E+00  0.000E+00  5.027E+00  5.655E+00
  6.967E+00  1.140E+01  0.000E+00  0.000E+00  5.027E+00  5.655E+00
  1.140E+01  1.866E+01  0.000E+00  0.000E+00  5.027E+00  5.655E+00
  1.866E+01  3.055E+01  0.000E+00  0.000E+00  5.027E+00  5.655E+00
  3.055E+01  5.000E+01  0.000E+00  0.000E+00  5.027E+00  5.655E+00
  5.000E+01  5.000E+01  0.000E+00  0.000E+00  5.027E+00  5.655E+00

 # Block n:           10     5.65486717      :   6.28318548    
  1.000E-09  1.637E-09  0.000E+00  0.000E+00  5.655E+00  6.283E+00
  1.637E-09  2.679E-09  0.000E+00  0.000E+00  5.655E+00  6.283E+00
  2.679E-09  4.385E-09  0.000E+00  0.000E+00  5.655E+00  6.283E+00
  4.385E-09  7.177E-09  0.000E+00  0.000E+00  5.655E+00  6.283E+00
  7.177E-09  1.175E-08  0.000E+00  0.000E+00  5.655E+00  6.283E+00
  1.175E-08  1.923E-08  0.000E+00  0.000E+00  5.655E+00  6.283E+00
  1.923E-08  3.147E-08  0.000E+00  0.000E+00  5.655E+00  6.283E+00
  3.147E-08  5.150E-08  0.000E+00  0.000E+00  5.655E+00  6.283E+00
  5.150E-08  8.430E-08  0.000E+00  0.000E+00  5.655E+00  6.283E+00
  8.430E-08  1.380E-07  0.000E+00  0.000E+00  5.655E+00  6.283E+00
  1.380E-07  2.258E-07  0.000E+00  0.000E+00  5.655E+00  6.283E+00
  2.258E-07  3.696E-07  0.000E+00  0.000E+00  5.655E+00  6.283E+00
  3.696E-07  6.050E-07  0.000E+00  0.000E+00  5.655E+00  6.283E+00
  6.050E-07  9.902E-07  0.000E+00  0.000E+00  5.655E+00  6.283E+00
  9.902E-07  1.621E-06  0.000E+00  0.000E+00  5.655E+00  6.283E+00
  1.621E-06  2.653E-06  0.000E+00  0.000E+00  5.655E+00  6.283E+00
  2.653E-06  4.342E-06  0.000E+00  0.000E+00  5.655E+00  6.283E+00
  4.342E-06  7.106E-06  0.000E+00  0.000E+00  5.655E+00  6.283E+00
  7.106E-06  1.163E-05  0.000E+00  0.000E+00  5.655E+00  6.283E+00
  1.163E-05  1.904E-05  0.000E+00  0.000E+00  5.655E+00  6.283E+00
  1.904E-05  3.116E-05  0.000E+00  0.000E+00  5.655E+00  6.283E+00
  3.116E-05  5.100E-05  0.000E+00  0.000E+00  5.655E+00  6.283E+00
  5.100E-05  8.347E-05  0.000E+00  0.000E+00  5.655E+00  6.283E+00
  8.347E-05  1.366E-04  0.000E+00  0.000E+00  5.655E+00  6.283E+00
  1.366E-04  2.236E-04  0.000E+00  0.000E+00  5.655E+00  6.283E+00
  2.236E-04  3.660E-04  0.000E+00  0.000E+00  5.655E+00  6.283E+00
  3.660E-04  5.990E-04  0.000E+00  0.000E+00  5.655E+00  6.283E+00
  5.990E-04  9.804E-04  0.000E+00  0.000E+00  5.655E+00  6.283E+00
  9.804E-04  1.605E-03  0.000E+00  0.000E+00  5.655E+00  6.283E+00
  1.605E-03  2.627E-03  0.000E+00  0.000E+00  5.655E+00  6.283E+00
  2.627E-03  4.299E-03  0.000E+00  0.000E+00  5.655E+00  6.283E+00
  4.299E-03  7.036E-03  0.000E+00  0.000E+00  5.655E+00  6.283E+00
  7.036E-03  1.152E-02  9.886E-05  4.568E+01  5.655E+00  6.283E+00
  1.152E-02  1.885E-02  3.851E-05  3.240E+01  5.655E+00  6.283E+00
  1.885E-02  3.085E-02  9.044E-05  1.876E+01  5.655E+00  6.283E+00
  3.085E-02  5.050E-02  1.259E-04  6.665E+00  5.655E+00  6.283E+00
  5.050E-02  8.265E-02  1.280E-04  1.309E+01  5.655E+00  6.283E+00
  8.265E-02  1.353E-01  9.592E-05  5.799E+00  5.655E+00  6.283E+00
  1.353E-01  2.214E-01  6.181E-05  9.107E+00  5.655E+00  6.283E+00
  2.214E-01  3.624E-01  3.435E-05  1.410E+01  5.655E+00  6.283E+00
  3.624E-01  5.931E-01  1.132E-05  3.039E+01  5.655E+00  6.283E+00
  5.931E-01  9.708E-01  7.021E-07  6.716E+01  5.655E+00  6.283E+00
  9.708E-01  1.589E+00  0.000E+00  0.000E+00  5.655E+00  6.283E+00
  1.589E+00  2.601E+00  0.000E+00  0.000E+00  5.655E+00  6.283E+00
  2.601E+00  4.257E+00  0.000E+00  0.000E+00  5.655E+00  6.283E+00
  4.257E+00  6.967E+00  0.000E+00  0.000E+00  5.655E+00  6.283E+00
  6.967E+00  1.140E+01  0.000E+00  0.000E+00  5.655E+00  6.283E+00
  1.140E+01  1.866E+01  0.000E+00  0.000E+00  5.655E+00  6.283E+00
  1.866E+01  3.055E+01  0.000E+00  0.000E+00  5.655E+00  6.283E+00
  3.055E+01  5.000E+01  0.000E+00  0.000E+00  5.655E+00  6.283E+00
  5.000E+01  5.000E+01  0.000E+00  0.000E+00  5.655E+00  6.283E+00

  1.000E-09  1.000E-09  0.000E+00  0.000E+00  6.283E+00  6.283E+00
  1.637E-09  1.637E-09  0.000E+00  0.000E+00  6.283E+00  6.283E+00
  2.679E-09  2.679E-09  0.000E+00  0.000E+00  6.283E+00  6.283E+00
  4.385E-09  4.385E-09  0.000E+00  0.000E+00  6.283E+00  6.283E+00
  7.177E-09  7.177E-09  0.000E+00  0.000E+00  6.283E+00  6.283E+00
  1.175E-08  1.175E-08  0.000E+00  0.000E+00  6.283E+00  6.283E+00
  1.923E-08  1.923E-08  0.000E+00  0.000E+00  6.283E+00  6.283E+00
  3.147E-08  3.147E-08  0.000E+00  0.000E+00  6.283E+00  6.283E+00
  5.150E-08  5.150E-08  0.000E+00  0.000E+00  6.283E+00  6.283E+00
  8.430E-08  8.430E-08  0.000E+00  0.000E+00  6.283E+00  6.283E+00
  1.380E-07  1.380E-07  0.000E+00  0.000E+00  6.283E+00  6.283E+00
  2.258E-07  2.258E-07  0.000E+00  0.000E+00  6.283E+00  6.283E+00
  3.696E-07  3.696E-07  0.000E+00  0.000E+00  6.283E+00  6.283E+00
  6.050E-07  6.050E-07  0.000E+00  0.000E+00  6.283E+00  6.283E+00
  9.902E-07  9.902E-07  0.000E+00  0.000E+00  6.283E+00  6.283E+00
  1.621E-06  1.621E-06  0.000E+00  0.000E+00  6.283E+00  6.283E+00
  2.653E-06  2.653E-06  0.000E+00  0.000E+00  6.283E+00  6.283E+00
  4.342E-06  4.342E-06  0.000E+00  0.000E+00  6.283E+00  6.283E+00
  7.106E-06  7.106E-06  0.000E+00  0.000E+00  6.283E+00  6.283E+00
  1.163E-05  1.163E-05  0.000E+00  0.000E+00  6.283E+00  6.283E+00
  1.904E-05  1.904E-05  0.000E+00  0.000E+00  6.283E+00  6.283E+00
  3.116E-05  3.116E-05  0.000E+00  0.000E+00  6.283E+00  6.283E+00
  5.100E-05  5.100E-05  0.000E+00  0.000E+00  6.283E+00  6.283E+00
  8.347E-05  8.347E-05  0.000E+00  0.000E+00  6.283E+00  6.283E+00
  1.366E-04  1.366E-04  0.000E+00  0.000E+00  6.283E+00  6.283E+00
  2.236E-04  2.236E-04  0.000E+00  0.000E+00  6.283E+00  6.283E+00
  3.660E-04  3.660E-04  0.000E+00  0.000E+00  6.283E+00  6.283E+00
  5.990E-04  5.990E-04  0.000E+00  0.000E+00  6.283E+00  6.283E+00
  9.804E-04  9.804E-04  0.000E+00  0.000E+00  6.283E+00  6.283E+00
  1.605E-03  1.605E-03  0.000E+00  0.000E+00  6.283E+00  6.283E+00
  2.627E-03  2.627E-03  0.000E+00  0.000E+00  6.283E+00  6.283E+00
  4.299E-03  4.299E-03  0.000E+00  0.000E+00  6.283E+00  6.283E+00
  7.036E-03  7.036E-03  0.000E+00  0.000E+00  6.283E+00  6.283E+00
  1.152E-02  1.152E-02  0.000E+00  0.000E+00  6.283E+00  6.283E+00
  1.885E-02  1.885E-02  0.000E+00  0.000E+00  6.283E+00  6.283E+00
  3.085E-02  3.085E-02  0.000E+00  0.000E+00  6.283E+00  6.283E+00
  5.050E-02  5.050E-02  0.000E+00  0.000E+00  6.283E+00  6.283E+00
  8.265E-02  8.265E-02  0.000E+00  0.000E+00  6.283E+00  6.283E+00
  1.353E-01  1.353E-01  0.000E+00  0.000E+00  6.283E+00  6.283E+00
  2.214E-01  2.214E-01  0.000E+00  0.000E+00  6.283E+00  6.283E+00
  3.624E-01  3.624E-01  0.000E+00  0.000E+00  6.283E+00  6.283E+00
  5.931E-01  5.931E-01  0.000E+00  0.000E+00  6.283E+00  6.283E+00
  9.708E-01  9.708E-01  0.000E+00  0.000E+00  6.283E+00  6.283E+00
  1.589E+00  1.589E+00  0.000E+00  0.000E+00  6.283E+00  6.283E+00
  2.601E+00  2.601E+00  0.000E+00  0.000E+00  6.283E+00  6.283E+00
  4.257E+00  4.257E+00  0.000E+00  0.000E+00  6.283E+00  6.283E+00
  6.967E+00  6.967E+00  0.000E+00  0.000E+00  6.283E+00  6.283E+00
  1.140E+01  1.140E+01  0.000E+00  0.000E+00  6.283E+00  6.283E+00
  1.866E+01  1.866E+01  0.000E+00  0.000E+00  6.283E+00  6.283E+00
  3.055E+01  3.055E+01  0.000E+00  0.000E+00  6.283E+00  6.283E+00
  5.000E+01  5.000E+01  0.000E+00  0.000E+00  6.283E+00  6.283E+00
