 # Detector n:            1   piCurrUD  (integrated over solid angle)
 # N. of energy intervals          50
  1.000E-09  1.637E-09  0.000E+00  0.000E+00
  1.637E-09  2.679E-09  0.000E+00  0.000E+00
  2.679E-09  4.385E-09  0.000E+00  0.000E+00
  4.385E-09  7.177E-09  0.000E+00  0.000E+00
  7.177E-09  1.175E-08  0.000E+00  0.000E+00
  1.175E-08  1.923E-08  0.000E+00  0.000E+00
  1.923E-08  3.147E-08  0.000E+00  0.000E+00
  3.147E-08  5.150E-08  0.000E+00  0.000E+00
  5.150E-08  8.430E-08  0.000E+00  0.000E+00
  8.430E-08  1.380E-07  0.000E+00  0.000E+00
  1.380E-07  2.258E-07  0.000E+00  0.000E+00
  2.258E-07  3.696E-07  0.000E+00  0.000E+00
  3.696E-07  6.050E-07  0.000E+00  0.000E+00
  6.050E-07  9.902E-07  0.000E+00  0.000E+00
  9.902E-07  1.621E-06  0.000E+00  0.000E+00
  1.621E-06  2.653E-06  0.000E+00  0.000E+00
  2.653E-06  4.342E-06  0.000E+00  0.000E+00
  4.342E-06  7.106E-06  0.000E+00  0.000E+00
  7.106E-06  1.163E-05  0.000E+00  0.000E+00
  1.163E-05  1.904E-05  0.000E+00  0.000E+00
  1.904E-05  3.116E-05  0.000E+00  0.000E+00
  3.116E-05  5.100E-05  6.301E-05  9.900E+01
  5.100E-05  8.347E-05  0.000E+00  0.000E+00
  8.347E-05  1.366E-04  0.000E+00  0.000E+00
  1.366E-04  2.236E-04  2.874E-05  6.124E+01
  2.236E-04  3.660E-04  3.512E-05  7.289E+01
  3.660E-04  5.990E-04  2.146E-05  2.500E+01
  5.990E-04  9.804E-04  2.294E-05  1.750E+01
  9.804E-04  1.605E-03  1.602E-05  3.187E+01
  1.605E-03  2.627E-03  1.957E-05  1.531E+01
  2.627E-03  4.299E-03  1.495E-05  2.622E+01
  4.299E-03  7.036E-03  2.283E-05  2.074E+01
  7.036E-03  1.152E-02  2.957E-05  1.059E+01
  1.152E-02  1.885E-02  5.182E-05  4.778E+00
  1.885E-02  3.085E-02  8.811E-05  2.151E+00
  3.085E-02  5.050E-02  1.138E-04  2.361E+00
  5.050E-02  8.265E-02  1.359E-04  1.405E+00
  8.265E-02  1.353E-01  1.497E-04  3.955E-01
  1.353E-01  2.214E-01  1.592E-04  1.022E+00
  2.214E-01  3.624E-01  1.616E-04  1.125E+00
  3.624E-01  5.931E-01  1.369E-04  3.563E-01
  5.931E-01  9.708E-01  9.557E-05  4.832E-01
  9.708E-01  1.589E+00  6.135E-05  5.499E-01
  1.589E+00  2.601E+00  3.662E-05  1.057E+00
  2.601E+00  4.257E+00  2.025E-05  3.702E-01
  4.257E+00  6.967E+00  9.798E-06  6.165E-01
  6.967E+00  1.140E+01  4.081E-06  4.873E-01
  1.140E+01  1.866E+01  1.253E-06  1.434E+00
  1.866E+01  3.055E+01  2.410E-07  7.790E-01
  3.055E+01  5.000E+01  1.195E-08  7.082E+00


 # double differential distributions
 # number of solid angle intervals          10
 # Block n:            1     0.00000000      :  0.628318548    
  1.000E-09  1.637E-09  0.000E+00  0.000E+00  0.000E+00  6.283E-01
  1.637E-09  2.679E-09  0.000E+00  0.000E+00  0.000E+00  6.283E-01
  2.679E-09  4.385E-09  0.000E+00  0.000E+00  0.000E+00  6.283E-01
  4.385E-09  7.177E-09  0.000E+00  0.000E+00  0.000E+00  6.283E-01
  7.177E-09  1.175E-08  0.000E+00  0.000E+00  0.000E+00  6.283E-01
  1.175E-08  1.923E-08  0.000E+00  0.000E+00  0.000E+00  6.283E-01
  1.923E-08  3.147E-08  0.000E+00  0.000E+00  0.000E+00  6.283E-01
  3.147E-08  5.150E-08  0.000E+00  0.000E+00  0.000E+00  6.283E-01
  5.150E-08  8.430E-08  0.000E+00  0.000E+00  0.000E+00  6.283E-01
  8.430E-08  1.380E-07  0.000E+00  0.000E+00  0.000E+00  6.283E-01
  1.380E-07  2.258E-07  0.000E+00  0.000E+00  0.000E+00  6.283E-01
  2.258E-07  3.696E-07  0.000E+00  0.000E+00  0.000E+00  6.283E-01
  3.696E-07  6.050E-07  0.000E+00  0.000E+00  0.000E+00  6.283E-01
  6.050E-07  9.902E-07  0.000E+00  0.000E+00  0.000E+00  6.283E-01
  9.902E-07  1.621E-06  0.000E+00  0.000E+00  0.000E+00  6.283E-01
  1.621E-06  2.653E-06  0.000E+00  0.000E+00  0.000E+00  6.283E-01
  2.653E-06  4.342E-06  0.000E+00  0.000E+00  0.000E+00  6.283E-01
  4.342E-06  7.106E-06  0.000E+00  0.000E+00  0.000E+00  6.283E-01
  7.106E-06  1.163E-05  0.000E+00  0.000E+00  0.000E+00  6.283E-01
  1.163E-05  1.904E-05  0.000E+00  0.000E+00  0.000E+00  6.283E-01
  1.904E-05  3.116E-05  0.000E+00  0.000E+00  0.000E+00  6.283E-01
  3.116E-05  5.100E-05  0.000E+00  0.000E+00  0.000E+00  6.283E-01
  5.100E-05  8.347E-05  0.000E+00  0.000E+00  0.000E+00  6.283E-01
  8.347E-05  1.366E-04  0.000E+00  0.000E+00  0.000E+00  6.283E-01
  1.366E-04  2.236E-04  0.000E+00  0.000E+00  0.000E+00  6.283E-01
  2.236E-04  3.660E-04  0.000E+00  0.000E+00  0.000E+00  6.283E-01
  3.660E-04  5.990E-04  8.537E-06  9.900E+01  0.000E+00  6.283E-01
  5.990E-04  9.804E-04  0.000E+00  0.000E+00  0.000E+00  6.283E-01
  9.804E-04  1.605E-03  6.373E-06  6.124E+01  0.000E+00  6.283E-01
  1.605E-03  2.627E-03  1.947E-06  9.900E+01  0.000E+00  6.283E-01
  2.627E-03  4.299E-03  2.379E-06  6.124E+01  0.000E+00  6.283E-01
  4.299E-03  7.036E-03  2.907E-06  4.677E+01  0.000E+00  6.283E-01
  7.036E-03  1.152E-02  3.996E-06  2.079E+01  0.000E+00  6.283E-01
  1.152E-02  1.885E-02  8.139E-06  1.291E+01  0.000E+00  6.283E-01
  1.885E-02  3.085E-02  1.807E-05  1.009E+01  0.000E+00  6.283E-01
  3.085E-02  5.050E-02  2.613E-05  6.730E+00  0.000E+00  6.283E-01
  5.050E-02  8.265E-02  3.162E-05  2.633E+00  0.000E+00  6.283E-01
  8.265E-02  1.353E-01  4.226E-05  2.344E+00  0.000E+00  6.283E-01
  1.353E-01  2.214E-01  5.617E-05  1.277E+00  0.000E+00  6.283E-01
  2.214E-01  3.624E-01  8.289E-05  1.403E+00  0.000E+00  6.283E-01
  3.624E-01  5.931E-01  1.037E-04  5.861E-01  0.000E+00  6.283E-01
  5.931E-01  9.708E-01  1.064E-04  4.435E-01  0.000E+00  6.283E-01
  9.708E-01  1.589E+00  8.669E-05  6.511E-01  0.000E+00  6.283E-01
  1.589E+00  2.601E+00  5.707E-05  1.016E+00  0.000E+00  6.283E-01
  2.601E+00  4.257E+00  3.217E-05  3.692E-01  0.000E+00  6.283E-01
  4.257E+00  6.967E+00  1.559E-05  6.165E-01  0.000E+00  6.283E-01
  6.967E+00  1.140E+01  6.495E-06  4.873E-01  0.000E+00  6.283E-01
  1.140E+01  1.866E+01  1.995E-06  1.434E+00  0.000E+00  6.283E-01
  1.866E+01  3.055E+01  3.835E-07  7.790E-01  0.000E+00  6.283E-01
  3.055E+01  5.000E+01  1.902E-08  7.082E+00  0.000E+00  6.283E-01
  5.000E+01  5.000E+01  0.000E+00  0.000E+00  0.000E+00  6.283E-01

 # Block n:            2    0.628318548      :   1.25663710    
  1.000E-09  1.637E-09  0.000E+00  0.000E+00  6.283E-01  1.257E+00
  1.637E-09  2.679E-09  0.000E+00  0.000E+00  6.283E-01  1.257E+00
  2.679E-09  4.385E-09  0.000E+00  0.000E+00  6.283E-01  1.257E+00
  4.385E-09  7.177E-09  0.000E+00  0.000E+00  6.283E-01  1.257E+00
  7.177E-09  1.175E-08  0.000E+00  0.000E+00  6.283E-01  1.257E+00
  1.175E-08  1.923E-08  0.000E+00  0.000E+00  6.283E-01  1.257E+00
  1.923E-08  3.147E-08  0.000E+00  0.000E+00  6.283E-01  1.257E+00
  3.147E-08  5.150E-08  0.000E+00  0.000E+00  6.283E-01  1.257E+00
  5.150E-08  8.430E-08  0.000E+00  0.000E+00  6.283E-01  1.257E+00
  8.430E-08  1.380E-07  0.000E+00  0.000E+00  6.283E-01  1.257E+00
  1.380E-07  2.258E-07  0.000E+00  0.000E+00  6.283E-01  1.257E+00
  2.258E-07  3.696E-07  0.000E+00  0.000E+00  6.283E-01  1.257E+00
  3.696E-07  6.050E-07  0.000E+00  0.000E+00  6.283E-01  1.257E+00
  6.050E-07  9.902E-07  0.000E+00  0.000E+00  6.283E-01  1.257E+00
  9.902E-07  1.621E-06  0.000E+00  0.000E+00  6.283E-01  1.257E+00
  1.621E-06  2.653E-06  0.000E+00  0.000E+00  6.283E-01  1.257E+00
  2.653E-06  4.342E-06  0.000E+00  0.000E+00  6.283E-01  1.257E+00
  4.342E-06  7.106E-06  0.000E+00  0.000E+00  6.283E-01  1.257E+00
  7.106E-06  1.163E-05  0.000E+00  0.000E+00  6.283E-01  1.257E+00
  1.163E-05  1.904E-05  0.000E+00  0.000E+00  6.283E-01  1.257E+00
  1.904E-05  3.116E-05  0.000E+00  0.000E+00  6.283E-01  1.257E+00
  3.116E-05  5.100E-05  0.000E+00  0.000E+00  6.283E-01  1.257E+00
  5.100E-05  8.347E-05  0.000E+00  0.000E+00  6.283E-01  1.257E+00
  8.347E-05  1.366E-04  0.000E+00  0.000E+00  6.283E-01  1.257E+00
  1.366E-04  2.236E-04  0.000E+00  0.000E+00  6.283E-01  1.257E+00
  2.236E-04  3.660E-04  1.397E-05  9.900E+01  6.283E-01  1.257E+00
  3.660E-04  5.990E-04  0.000E+00  0.000E+00  6.283E-01  1.257E+00
  5.990E-04  9.804E-04  5.216E-06  9.900E+01  6.283E-01  1.257E+00
  9.804E-04  1.605E-03  0.000E+00  0.000E+00  6.283E-01  1.257E+00
  1.605E-03  2.627E-03  3.894E-06  6.124E+01  6.283E-01  1.257E+00
  2.627E-03  4.299E-03  4.758E-06  4.677E+01  6.283E-01  1.257E+00
  4.299E-03  7.036E-03  4.361E-06  4.859E+01  6.283E-01  1.257E+00
  7.036E-03  1.152E-02  4.885E-06  2.227E+01  6.283E-01  1.257E+00
  1.152E-02  1.885E-02  9.224E-06  1.176E+01  6.283E-01  1.257E+00
  1.885E-02  3.085E-02  1.608E-05  5.307E+00  6.283E-01  1.257E+00
  3.085E-02  5.050E-02  2.208E-05  5.874E+00  6.283E-01  1.257E+00
  5.050E-02  8.265E-02  2.852E-05  1.511E+00  6.283E-01  1.257E+00
  8.265E-02  1.353E-01  3.482E-05  3.379E+00  6.283E-01  1.257E+00
  1.353E-01  2.214E-01  4.696E-05  1.769E+00  6.283E-01  1.257E+00
  2.214E-01  3.624E-01  5.666E-05  2.069E+00  6.283E-01  1.257E+00
  3.624E-01  5.931E-01  5.008E-05  1.272E+00  6.283E-01  1.257E+00
  5.931E-01  9.708E-01  2.773E-05  1.418E+00  6.283E-01  1.257E+00
  9.708E-01  1.589E+00  8.538E-06  7.216E-01  6.283E-01  1.257E+00
  1.589E+00  2.601E+00  1.105E-06  4.169E+00  6.283E-01  1.257E+00
  2.601E+00  4.257E+00  5.526E-08  1.627E+01  6.283E-01  1.257E+00
  4.257E+00  6.967E+00  0.000E+00  0.000E+00  6.283E-01  1.257E+00
  6.967E+00  1.140E+01  0.000E+00  0.000E+00  6.283E-01  1.257E+00
  1.140E+01  1.866E+01  0.000E+00  0.000E+00  6.283E-01  1.257E+00
  1.866E+01  3.055E+01  0.000E+00  0.000E+00  6.283E-01  1.257E+00
  3.055E+01  5.000E+01  0.000E+00  0.000E+00  6.283E-01  1.257E+00
  5.000E+01  5.000E+01  0.000E+00  0.000E+00  6.283E-01  1.257E+00

 # Block n:            3     1.25663710      :   1.88495564    
  1.000E-09  1.637E-09  0.000E+00  0.000E+00  1.257E+00  1.885E+00
  1.637E-09  2.679E-09  0.000E+00  0.000E+00  1.257E+00  1.885E+00
  2.679E-09  4.385E-09  0.000E+00  0.000E+00  1.257E+00  1.885E+00
  4.385E-09  7.177E-09  0.000E+00  0.000E+00  1.257E+00  1.885E+00
  7.177E-09  1.175E-08  0.000E+00  0.000E+00  1.257E+00  1.885E+00
  1.175E-08  1.923E-08  0.000E+00  0.000E+00  1.257E+00  1.885E+00
  1.923E-08  3.147E-08  0.000E+00  0.000E+00  1.257E+00  1.885E+00
  3.147E-08  5.150E-08  0.000E+00  0.000E+00  1.257E+00  1.885E+00
  5.150E-08  8.430E-08  0.000E+00  0.000E+00  1.257E+00  1.885E+00
  8.430E-08  1.380E-07  0.000E+00  0.000E+00  1.257E+00  1.885E+00
  1.380E-07  2.258E-07  0.000E+00  0.000E+00  1.257E+00  1.885E+00
  2.258E-07  3.696E-07  0.000E+00  0.000E+00  1.257E+00  1.885E+00
  3.696E-07  6.050E-07  0.000E+00  0.000E+00  1.257E+00  1.885E+00
  6.050E-07  9.902E-07  0.000E+00  0.000E+00  1.257E+00  1.885E+00
  9.902E-07  1.621E-06  0.000E+00  0.000E+00  1.257E+00  1.885E+00
  1.621E-06  2.653E-06  0.000E+00  0.000E+00  1.257E+00  1.885E+00
  2.653E-06  4.342E-06  0.000E+00  0.000E+00  1.257E+00  1.885E+00
  4.342E-06  7.106E-06  0.000E+00  0.000E+00  1.257E+00  1.885E+00
  7.106E-06  1.163E-05  0.000E+00  0.000E+00  1.257E+00  1.885E+00
  1.163E-05  1.904E-05  0.000E+00  0.000E+00  1.257E+00  1.885E+00
  1.904E-05  3.116E-05  0.000E+00  0.000E+00  1.257E+00  1.885E+00
  3.116E-05  5.100E-05  0.000E+00  0.000E+00  1.257E+00  1.885E+00
  5.100E-05  8.347E-05  0.000E+00  0.000E+00  1.257E+00  1.885E+00
  8.347E-05  1.366E-04  0.000E+00  0.000E+00  1.257E+00  1.885E+00
  1.366E-04  2.236E-04  0.000E+00  0.000E+00  1.257E+00  1.885E+00
  2.236E-04  3.660E-04  0.000E+00  0.000E+00  1.257E+00  1.885E+00
  3.660E-04  5.990E-04  8.537E-06  9.900E+01  1.257E+00  1.885E+00
  5.990E-04  9.804E-04  0.000E+00  0.000E+00  1.257E+00  1.885E+00
  9.804E-04  1.605E-03  6.373E-06  6.124E+01  1.257E+00  1.885E+00
  1.605E-03  2.627E-03  3.894E-06  6.124E+01  1.257E+00  1.885E+00
  2.627E-03  4.299E-03  2.379E-06  6.124E+01  1.257E+00  1.885E+00
  4.299E-03  7.036E-03  2.907E-06  4.677E+01  1.257E+00  1.885E+00
  7.036E-03  1.152E-02  5.329E-06  1.667E+01  1.257E+00  1.885E+00
  1.152E-02  1.885E-02  7.596E-06  1.656E+01  1.257E+00  1.885E+00
  1.885E-02  3.085E-02  1.326E-05  9.882E+00  1.257E+00  1.885E+00
  3.085E-02  5.050E-02  2.005E-05  1.052E+01  1.257E+00  1.885E+00
  5.050E-02  8.265E-02  2.463E-05  1.667E+00  1.257E+00  1.885E+00
  8.265E-02  1.353E-01  3.134E-05  4.322E+00  1.257E+00  1.885E+00
  1.353E-01  2.214E-01  3.873E-05  3.310E+00  1.257E+00  1.885E+00
  2.214E-01  3.624E-01  3.727E-05  3.160E+00  1.257E+00  1.885E+00
  3.624E-01  5.931E-01  2.609E-05  1.931E+00  1.257E+00  1.885E+00
  5.931E-01  9.708E-01  9.650E-06  1.325E+00  1.257E+00  1.885E+00
  9.708E-01  1.589E+00  1.715E-06  6.149E+00  1.257E+00  1.885E+00
  1.589E+00  2.601E+00  1.022E-07  9.421E+00  1.257E+00  1.885E+00
  2.601E+00  4.257E+00  0.000E+00  0.000E+00  1.257E+00  1.885E+00
  4.257E+00  6.967E+00  0.000E+00  0.000E+00  1.257E+00  1.885E+00
  6.967E+00  1.140E+01  0.000E+00  0.000E+00  1.257E+00  1.885E+00
  1.140E+01  1.866E+01  0.000E+00  0.000E+00  1.257E+00  1.885E+00
  1.866E+01  3.055E+01  0.000E+00  0.000E+00  1.257E+00  1.885E+00
  3.055E+01  5.000E+01  0.000E+00  0.000E+00  1.257E+00  1.885E+00
  5.000E+01  5.000E+01  0.000E+00  0.000E+00  1.257E+00  1.885E+00

 # Block n:            4     1.88495564      :   2.51327419    
  1.000E-09  1.637E-09  0.000E+00  0.000E+00  1.885E+00  2.513E+00
  1.637E-09  2.679E-09  0.000E+00  0.000E+00  1.885E+00  2.513E+00
  2.679E-09  4.385E-09  0.000E+00  0.000E+00  1.885E+00  2.513E+00
  4.385E-09  7.177E-09  0.000E+00  0.000E+00  1.885E+00  2.513E+00
  7.177E-09  1.175E-08  0.000E+00  0.000E+00  1.885E+00  2.513E+00
  1.175E-08  1.923E-08  0.000E+00  0.000E+00  1.885E+00  2.513E+00
  1.923E-08  3.147E-08  0.000E+00  0.000E+00  1.885E+00  2.513E+00
  3.147E-08  5.150E-08  0.000E+00  0.000E+00  1.885E+00  2.513E+00
  5.150E-08  8.430E-08  0.000E+00  0.000E+00  1.885E+00  2.513E+00
  8.430E-08  1.380E-07  0.000E+00  0.000E+00  1.885E+00  2.513E+00
  1.380E-07  2.258E-07  0.000E+00  0.000E+00  1.885E+00  2.513E+00
  2.258E-07  3.696E-07  0.000E+00  0.000E+00  1.885E+00  2.513E+00
  3.696E-07  6.050E-07  0.000E+00  0.000E+00  1.885E+00  2.513E+00
  6.050E-07  9.902E-07  0.000E+00  0.000E+00  1.885E+00  2.513E+00
  9.902E-07  1.621E-06  0.000E+00  0.000E+00  1.885E+00  2.513E+00
  1.621E-06  2.653E-06  0.000E+00  0.000E+00  1.885E+00  2.513E+00
  2.653E-06  4.342E-06  0.000E+00  0.000E+00  1.885E+00  2.513E+00
  4.342E-06  7.106E-06  0.000E+00  0.000E+00  1.885E+00  2.513E+00
  7.106E-06  1.163E-05  0.000E+00  0.000E+00  1.885E+00  2.513E+00
  1.163E-05  1.904E-05  0.000E+00  0.000E+00  1.885E+00  2.513E+00
  1.904E-05  3.116E-05  0.000E+00  0.000E+00  1.885E+00  2.513E+00
  3.116E-05  5.100E-05  0.000E+00  0.000E+00  1.885E+00  2.513E+00
  5.100E-05  8.347E-05  0.000E+00  0.000E+00  1.885E+00  2.513E+00
  8.347E-05  1.366E-04  0.000E+00  0.000E+00  1.885E+00  2.513E+00
  1.366E-04  2.236E-04  2.287E-05  9.900E+01  1.885E+00  2.513E+00
  2.236E-04  3.660E-04  0.000E+00  0.000E+00  1.885E+00  2.513E+00
  3.660E-04  5.990E-04  0.000E+00  0.000E+00  1.885E+00  2.513E+00
  5.990E-04  9.804E-04  1.565E-05  4.082E+01  1.885E+00  2.513E+00
  9.804E-04  1.605E-03  0.000E+00  0.000E+00  1.885E+00  2.513E+00
  1.605E-03  2.627E-03  0.000E+00  0.000E+00  1.885E+00  2.513E+00
  2.627E-03  4.299E-03  1.190E-06  9.900E+01  1.885E+00  2.513E+00
  4.299E-03  7.036E-03  4.361E-06  4.859E+01  1.885E+00  2.513E+00
  7.036E-03  1.152E-02  3.996E-06  2.079E+01  1.885E+00  2.513E+00
  1.152E-02  1.885E-02  7.596E-06  2.158E+01  1.885E+00  2.513E+00
  1.885E-02  3.085E-02  1.691E-05  8.144E+00  1.885E+00  2.513E+00
  3.085E-02  5.050E-02  2.046E-05  7.409E+00  1.885E+00  2.513E+00
  5.050E-02  8.265E-02  2.487E-05  5.300E+00  1.885E+00  2.513E+00
  8.265E-02  1.353E-01  2.911E-05  1.970E+00  1.885E+00  2.513E+00
  1.353E-01  2.214E-01  2.915E-05  3.951E+00  1.885E+00  2.513E+00
  2.214E-01  3.624E-01  2.663E-05  2.516E+00  1.885E+00  2.513E+00
  3.624E-01  5.931E-01  1.520E-05  3.370E+00  1.885E+00  2.513E+00
  5.931E-01  9.708E-01  4.356E-06  2.903E+00  1.885E+00  2.513E+00
  9.708E-01  1.589E+00  4.828E-07  8.367E+00  1.885E+00  2.513E+00
  1.589E+00  2.601E+00  3.933E-09  6.124E+01  1.885E+00  2.513E+00
  2.601E+00  4.257E+00  0.000E+00  0.000E+00  1.885E+00  2.513E+00
  4.257E+00  6.967E+00  0.000E+00  0.000E+00  1.885E+00  2.513E+00
  6.967E+00  1.140E+01  0.000E+00  0.000E+00  1.885E+00  2.513E+00
  1.140E+01  1.866E+01  0.000E+00  0.000E+00  1.885E+00  2.513E+00
  1.866E+01  3.055E+01  0.000E+00  0.000E+00  1.885E+00  2.513E+00
  3.055E+01  5.000E+01  0.000E+00  0.000E+00  1.885E+00  2.513E+00
  5.000E+01  5.000E+01  0.000E+00  0.000E+00  1.885E+00  2.513E+00

 # Block n:            5     2.51327419      :   3.14159274    
  1.000E-09  1.637E-09  0.000E+00  0.000E+00  2.513E+00  3.142E+00
  1.637E-09  2.679E-09  0.000E+00  0.000E+00  2.513E+00  3.142E+00
  2.679E-09  4.385E-09  0.000E+00  0.000E+00  2.513E+00  3.142E+00
  4.385E-09  7.177E-09  0.000E+00  0.000E+00  2.513E+00  3.142E+00
  7.177E-09  1.175E-08  0.000E+00  0.000E+00  2.513E+00  3.142E+00
  1.175E-08  1.923E-08  0.000E+00  0.000E+00  2.513E+00  3.142E+00
  1.923E-08  3.147E-08  0.000E+00  0.000E+00  2.513E+00  3.142E+00
  3.147E-08  5.150E-08  0.000E+00  0.000E+00  2.513E+00  3.142E+00
  5.150E-08  8.430E-08  0.000E+00  0.000E+00  2.513E+00  3.142E+00
  8.430E-08  1.380E-07  0.000E+00  0.000E+00  2.513E+00  3.142E+00
  1.380E-07  2.258E-07  0.000E+00  0.000E+00  2.513E+00  3.142E+00
  2.258E-07  3.696E-07  0.000E+00  0.000E+00  2.513E+00  3.142E+00
  3.696E-07  6.050E-07  0.000E+00  0.000E+00  2.513E+00  3.142E+00
  6.050E-07  9.902E-07  0.000E+00  0.000E+00  2.513E+00  3.142E+00
  9.902E-07  1.621E-06  0.000E+00  0.000E+00  2.513E+00  3.142E+00
  1.621E-06  2.653E-06  0.000E+00  0.000E+00  2.513E+00  3.142E+00
  2.653E-06  4.342E-06  0.000E+00  0.000E+00  2.513E+00  3.142E+00
  4.342E-06  7.106E-06  0.000E+00  0.000E+00  2.513E+00  3.142E+00
  7.106E-06  1.163E-05  0.000E+00  0.000E+00  2.513E+00  3.142E+00
  1.163E-05  1.904E-05  0.000E+00  0.000E+00  2.513E+00  3.142E+00
  1.904E-05  3.116E-05  0.000E+00  0.000E+00  2.513E+00  3.142E+00
  3.116E-05  5.100E-05  0.000E+00  0.000E+00  2.513E+00  3.142E+00
  5.100E-05  8.347E-05  0.000E+00  0.000E+00  2.513E+00  3.142E+00
  8.347E-05  1.366E-04  0.000E+00  0.000E+00  2.513E+00  3.142E+00
  1.366E-04  2.236E-04  0.000E+00  0.000E+00  2.513E+00  3.142E+00
  2.236E-04  3.660E-04  0.000E+00  0.000E+00  2.513E+00  3.142E+00
  3.660E-04  5.990E-04  8.537E-06  9.900E+01  2.513E+00  3.142E+00
  5.990E-04  9.804E-04  5.216E-06  9.900E+01  2.513E+00  3.142E+00
  9.804E-04  1.605E-03  0.000E+00  0.000E+00  2.513E+00  3.142E+00
  1.605E-03  2.627E-03  1.947E-06  9.900E+01  2.513E+00  3.142E+00
  2.627E-03  4.299E-03  5.948E-06  4.472E+01  2.513E+00  3.142E+00
  4.299E-03  7.036E-03  4.361E-06  3.118E+01  2.513E+00  3.142E+00
  7.036E-03  1.152E-02  5.773E-06  3.768E+01  2.513E+00  3.142E+00
  1.152E-02  1.885E-02  1.004E-05  9.165E+00  2.513E+00  3.142E+00
  1.885E-02  3.085E-02  1.575E-05  8.648E+00  2.513E+00  3.142E+00
  3.085E-02  5.050E-02  1.752E-05  6.876E+00  2.513E+00  3.142E+00
  5.050E-02  8.265E-02  2.252E-05  6.345E+00  2.513E+00  3.142E+00
  8.265E-02  1.353E-01  2.363E-05  3.675E+00  2.513E+00  3.142E+00
  1.353E-01  2.214E-01  2.434E-05  1.320E+00  2.513E+00  3.142E+00
  2.214E-01  3.624E-01  1.816E-05  1.796E+00  2.513E+00  3.142E+00
  3.624E-01  5.931E-01  8.768E-06  1.742E+00  2.513E+00  3.142E+00
  5.931E-01  9.708E-01  2.054E-06  4.915E+00  2.513E+00  3.142E+00
  9.708E-01  1.589E+00  1.674E-07  1.508E+01  2.513E+00  3.142E+00
  1.589E+00  2.601E+00  1.966E-09  9.900E+01  2.513E+00  3.142E+00
  2.601E+00  4.257E+00  0.000E+00  0.000E+00  2.513E+00  3.142E+00
  4.257E+00  6.967E+00  0.000E+00  0.000E+00  2.513E+00  3.142E+00
  6.967E+00  1.140E+01  0.000E+00  0.000E+00  2.513E+00  3.142E+00
  1.140E+01  1.866E+01  0.000E+00  0.000E+00  2.513E+00  3.142E+00
  1.866E+01  3.055E+01  0.000E+00  0.000E+00  2.513E+00  3.142E+00
  3.055E+01  5.000E+01  0.000E+00  0.000E+00  2.513E+00  3.142E+00
  5.000E+01  5.000E+01  0.000E+00  0.000E+00  2.513E+00  3.142E+00

 # Block n:            6     3.14159274      :   3.76991129    
  1.000E-09  1.637E-09  0.000E+00  0.000E+00  3.142E+00  3.770E+00
  1.637E-09  2.679E-09  0.000E+00  0.000E+00  3.142E+00  3.770E+00
  2.679E-09  4.385E-09  0.000E+00  0.000E+00  3.142E+00  3.770E+00
  4.385E-09  7.177E-09  0.000E+00  0.000E+00  3.142E+00  3.770E+00
  7.177E-09  1.175E-08  0.000E+00  0.000E+00  3.142E+00  3.770E+00
  1.175E-08  1.923E-08  0.000E+00  0.000E+00  3.142E+00  3.770E+00
  1.923E-08  3.147E-08  0.000E+00  0.000E+00  3.142E+00  3.770E+00
  3.147E-08  5.150E-08  0.000E+00  0.000E+00  3.142E+00  3.770E+00
  5.150E-08  8.430E-08  0.000E+00  0.000E+00  3.142E+00  3.770E+00
  8.430E-08  1.380E-07  0.000E+00  0.000E+00  3.142E+00  3.770E+00
  1.380E-07  2.258E-07  0.000E+00  0.000E+00  3.142E+00  3.770E+00
  2.258E-07  3.696E-07  0.000E+00  0.000E+00  3.142E+00  3.770E+00
  3.696E-07  6.050E-07  0.000E+00  0.000E+00  3.142E+00  3.770E+00
  6.050E-07  9.902E-07  0.000E+00  0.000E+00  3.142E+00  3.770E+00
  9.902E-07  1.621E-06  0.000E+00  0.000E+00  3.142E+00  3.770E+00
  1.621E-06  2.653E-06  0.000E+00  0.000E+00  3.142E+00  3.770E+00
  2.653E-06  4.342E-06  0.000E+00  0.000E+00  3.142E+00  3.770E+00
  4.342E-06  7.106E-06  0.000E+00  0.000E+00  3.142E+00  3.770E+00
  7.106E-06  1.163E-05  0.000E+00  0.000E+00  3.142E+00  3.770E+00
  1.163E-05  1.904E-05  0.000E+00  0.000E+00  3.142E+00  3.770E+00
  1.904E-05  3.116E-05  0.000E+00  0.000E+00  3.142E+00  3.770E+00
  3.116E-05  5.100E-05  0.000E+00  0.000E+00  3.142E+00  3.770E+00
  5.100E-05  8.347E-05  0.000E+00  0.000E+00  3.142E+00  3.770E+00
  8.347E-05  1.366E-04  0.000E+00  0.000E+00  3.142E+00  3.770E+00
  1.366E-04  2.236E-04  2.287E-05  9.900E+01  3.142E+00  3.770E+00
  2.236E-04  3.660E-04  0.000E+00  0.000E+00  3.142E+00  3.770E+00
  3.660E-04  5.990E-04  8.537E-06  9.900E+01  3.142E+00  3.770E+00
  5.990E-04  9.804E-04  0.000E+00  0.000E+00  3.142E+00  3.770E+00
  9.804E-04  1.605E-03  3.187E-06  9.900E+01  3.142E+00  3.770E+00
  1.605E-03  2.627E-03  5.841E-06  6.667E+01  3.142E+00  3.770E+00
  2.627E-03  4.299E-03  2.379E-06  6.124E+01  3.142E+00  3.770E+00
  4.299E-03  7.036E-03  5.088E-06  6.227E+01  3.142E+00  3.770E+00
  7.036E-03  1.152E-02  7.105E-06  2.500E+01  3.142E+00  3.770E+00
  1.152E-02  1.885E-02  9.224E-06  1.825E+01  3.142E+00  3.770E+00
  1.885E-02  3.085E-02  1.426E-05  1.030E+01  3.142E+00  3.770E+00
  3.085E-02  5.050E-02  1.813E-05  8.537E+00  3.142E+00  3.770E+00
  5.050E-02  8.265E-02  2.376E-05  6.291E+00  3.142E+00  3.770E+00
  8.265E-02  1.353E-01  2.272E-05  4.452E+00  3.142E+00  3.770E+00
  1.353E-01  2.214E-01  1.822E-05  4.415E+00  3.142E+00  3.770E+00
  2.214E-01  3.624E-01  1.317E-05  3.463E+00  3.142E+00  3.770E+00
  3.624E-01  5.931E-01  5.914E-06  1.228E+00  3.142E+00  3.770E+00
  5.931E-01  9.708E-01  1.080E-06  7.358E+00  3.142E+00  3.770E+00
  9.708E-01  1.589E+00  4.184E-08  1.961E+01  3.142E+00  3.770E+00
  1.589E+00  2.601E+00  0.000E+00  0.000E+00  3.142E+00  3.770E+00
  2.601E+00  4.257E+00  0.000E+00  0.000E+00  3.142E+00  3.770E+00
  4.257E+00  6.967E+00  0.000E+00  0.000E+00  3.142E+00  3.770E+00
  6.967E+00  1.140E+01  0.000E+00  0.000E+00  3.142E+00  3.770E+00
  1.140E+01  1.866E+01  0.000E+00  0.000E+00  3.142E+00  3.770E+00
  1.866E+01  3.055E+01  0.000E+00  0.000E+00  3.142E+00  3.770E+00
  3.055E+01  5.000E+01  0.000E+00  0.000E+00  3.142E+00  3.770E+00
  5.000E+01  5.000E+01  0.000E+00  0.000E+00  3.142E+00  3.770E+00

 # Block n:            7     3.76991129      :   4.39822960    
  1.000E-09  1.637E-09  0.000E+00  0.000E+00  3.770E+00  4.398E+00
  1.637E-09  2.679E-09  0.000E+00  0.000E+00  3.770E+00  4.398E+00
  2.679E-09  4.385E-09  0.000E+00  0.000E+00  3.770E+00  4.398E+00
  4.385E-09  7.177E-09  0.000E+00  0.000E+00  3.770E+00  4.398E+00
  7.177E-09  1.175E-08  0.000E+00  0.000E+00  3.770E+00  4.398E+00
  1.175E-08  1.923E-08  0.000E+00  0.000E+00  3.770E+00  4.398E+00
  1.923E-08  3.147E-08  0.000E+00  0.000E+00  3.770E+00  4.398E+00
  3.147E-08  5.150E-08  0.000E+00  0.000E+00  3.770E+00  4.398E+00
  5.150E-08  8.430E-08  0.000E+00  0.000E+00  3.770E+00  4.398E+00
  8.430E-08  1.380E-07  0.000E+00  0.000E+00  3.770E+00  4.398E+00
  1.380E-07  2.258E-07  0.000E+00  0.000E+00  3.770E+00  4.398E+00
  2.258E-07  3.696E-07  0.000E+00  0.000E+00  3.770E+00  4.398E+00
  3.696E-07  6.050E-07  0.000E+00  0.000E+00  3.770E+00  4.398E+00
  6.050E-07  9.902E-07  0.000E+00  0.000E+00  3.770E+00  4.398E+00
  9.902E-07  1.621E-06  0.000E+00  0.000E+00  3.770E+00  4.398E+00
  1.621E-06  2.653E-06  0.000E+00  0.000E+00  3.770E+00  4.398E+00
  2.653E-06  4.342E-06  0.000E+00  0.000E+00  3.770E+00  4.398E+00
  4.342E-06  7.106E-06  0.000E+00  0.000E+00  3.770E+00  4.398E+00
  7.106E-06  1.163E-05  0.000E+00  0.000E+00  3.770E+00  4.398E+00
  1.163E-05  1.904E-05  0.000E+00  0.000E+00  3.770E+00  4.398E+00
  1.904E-05  3.116E-05  0.000E+00  0.000E+00  3.770E+00  4.398E+00
  3.116E-05  5.100E-05  0.000E+00  0.000E+00  3.770E+00  4.398E+00
  5.100E-05  8.347E-05  0.000E+00  0.000E+00  3.770E+00  4.398E+00
  8.347E-05  1.366E-04  0.000E+00  0.000E+00  3.770E+00  4.398E+00
  1.366E-04  2.236E-04  0.000E+00  0.000E+00  3.770E+00  4.398E+00
  2.236E-04  3.660E-04  1.397E-05  9.900E+01  3.770E+00  4.398E+00
  3.660E-04  5.990E-04  0.000E+00  0.000E+00  3.770E+00  4.398E+00
  5.990E-04  9.804E-04  1.043E-05  6.124E+01  3.770E+00  4.398E+00
  9.804E-04  1.605E-03  3.187E-06  9.900E+01  3.770E+00  4.398E+00
  1.605E-03  2.627E-03  3.894E-06  6.124E+01  3.770E+00  4.398E+00
  2.627E-03  4.299E-03  1.190E-06  9.900E+01  3.770E+00  4.398E+00
  4.299E-03  7.036E-03  1.454E-06  9.900E+01  3.770E+00  4.398E+00
  7.036E-03  1.152E-02  5.329E-06  3.118E+01  3.770E+00  4.398E+00
  1.152E-02  1.885E-02  1.221E-05  1.571E+01  3.770E+00  4.398E+00
  1.885E-02  3.085E-02  1.326E-05  1.734E+01  3.770E+00  4.398E+00
  3.085E-02  5.050E-02  1.681E-05  6.418E+00  3.770E+00  4.398E+00
  5.050E-02  8.265E-02  1.943E-05  2.910E+00  3.770E+00  4.398E+00
  8.265E-02  1.353E-01  1.996E-05  3.435E+00  3.770E+00  4.398E+00
  1.353E-01  2.214E-01  1.513E-05  2.937E+00  3.770E+00  4.398E+00
  2.214E-01  3.624E-01  8.933E-06  1.928E+00  3.770E+00  4.398E+00
  3.624E-01  5.931E-01  3.621E-06  4.865E+00  3.770E+00  4.398E+00
  5.931E-01  9.708E-01  5.004E-07  1.300E+01  3.770E+00  4.398E+00
  9.708E-01  1.589E+00  9.655E-09  6.667E+01  3.770E+00  4.398E+00
  1.589E+00  2.601E+00  0.000E+00  0.000E+00  3.770E+00  4.398E+00
  2.601E+00  4.257E+00  0.000E+00  0.000E+00  3.770E+00  4.398E+00
  4.257E+00  6.967E+00  0.000E+00  0.000E+00  3.770E+00  4.398E+00
  6.967E+00  1.140E+01  0.000E+00  0.000E+00  3.770E+00  4.398E+00
  1.140E+01  1.866E+01  0.000E+00  0.000E+00  3.770E+00  4.398E+00
  1.866E+01  3.055E+01  0.000E+00  0.000E+00  3.770E+00  4.398E+00
  3.055E+01  5.000E+01  0.000E+00  0.000E+00  3.770E+00  4.398E+00
  5.000E+01  5.000E+01  0.000E+00  0.000E+00  3.770E+00  4.398E+00

 # Block n:            8     4.39822960      :   5.02654839    
  1.000E-09  1.637E-09  0.000E+00  0.000E+00  4.398E+00  5.027E+00
  1.637E-09  2.679E-09  0.000E+00  0.000E+00  4.398E+00  5.027E+00
  2.679E-09  4.385E-09  0.000E+00  0.000E+00  4.398E+00  5.027E+00
  4.385E-09  7.177E-09  0.000E+00  0.000E+00  4.398E+00  5.027E+00
  7.177E-09  1.175E-08  0.000E+00  0.000E+00  4.398E+00  5.027E+00
  1.175E-08  1.923E-08  0.000E+00  0.000E+00  4.398E+00  5.027E+00
  1.923E-08  3.147E-08  0.000E+00  0.000E+00  4.398E+00  5.027E+00
  3.147E-08  5.150E-08  0.000E+00  0.000E+00  4.398E+00  5.027E+00
  5.150E-08  8.430E-08  0.000E+00  0.000E+00  4.398E+00  5.027E+00
  8.430E-08  1.380E-07  0.000E+00  0.000E+00  4.398E+00  5.027E+00
  1.380E-07  2.258E-07  0.000E+00  0.000E+00  4.398E+00  5.027E+00
  2.258E-07  3.696E-07  0.000E+00  0.000E+00  4.398E+00  5.027E+00
  3.696E-07  6.050E-07  0.000E+00  0.000E+00  4.398E+00  5.027E+00
  6.050E-07  9.902E-07  0.000E+00  0.000E+00  4.398E+00  5.027E+00
  9.902E-07  1.621E-06  0.000E+00  0.000E+00  4.398E+00  5.027E+00
  1.621E-06  2.653E-06  0.000E+00  0.000E+00  4.398E+00  5.027E+00
  2.653E-06  4.342E-06  0.000E+00  0.000E+00  4.398E+00  5.027E+00
  4.342E-06  7.106E-06  0.000E+00  0.000E+00  4.398E+00  5.027E+00
  7.106E-06  1.163E-05  0.000E+00  0.000E+00  4.398E+00  5.027E+00
  1.163E-05  1.904E-05  0.000E+00  0.000E+00  4.398E+00  5.027E+00
  1.904E-05  3.116E-05  0.000E+00  0.000E+00  4.398E+00  5.027E+00
  3.116E-05  5.100E-05  0.000E+00  0.000E+00  4.398E+00  5.027E+00
  5.100E-05  8.347E-05  0.000E+00  0.000E+00  4.398E+00  5.027E+00
  8.347E-05  1.366E-04  0.000E+00  0.000E+00  4.398E+00  5.027E+00
  1.366E-04  2.236E-04  0.000E+00  0.000E+00  4.398E+00  5.027E+00
  2.236E-04  3.660E-04  0.000E+00  0.000E+00  4.398E+00  5.027E+00
  3.660E-04  5.990E-04  0.000E+00  0.000E+00  4.398E+00  5.027E+00
  5.990E-04  9.804E-04  0.000E+00  0.000E+00  4.398E+00  5.027E+00
  9.804E-04  1.605E-03  6.373E-06  9.900E+01  4.398E+00  5.027E+00
  1.605E-03  2.627E-03  3.894E-06  6.124E+01  4.398E+00  5.027E+00
  2.627E-03  4.299E-03  1.190E-06  9.900E+01  4.398E+00  5.027E+00
  4.299E-03  7.036E-03  8.721E-06  3.385E+01  4.398E+00  5.027E+00
  7.036E-03  1.152E-02  3.996E-06  2.722E+01  4.398E+00  5.027E+00
  1.152E-02  1.885E-02  8.682E-06  1.362E+01  4.398E+00  5.027E+00
  1.885E-02  3.085E-02  1.459E-05  1.444E+01  4.398E+00  5.027E+00
  3.085E-02  5.050E-02  1.661E-05  9.945E+00  4.398E+00  5.027E+00
  5.050E-02  8.265E-02  1.881E-05  6.463E+00  4.398E+00  5.027E+00
  8.265E-02  1.353E-01  1.626E-05  3.943E+00  4.398E+00  5.027E+00
  1.353E-01  2.214E-01  1.243E-05  3.906E+00  4.398E+00  5.027E+00
  2.214E-01  3.624E-01  7.126E-06  2.675E+00  4.398E+00  5.027E+00
  3.624E-01  5.931E-01  2.526E-06  5.439E+00  4.398E+00  5.027E+00
  5.931E-01  9.708E-01  1.791E-07  2.478E+01  4.398E+00  5.027E+00
  9.708E-01  1.589E+00  0.000E+00  0.000E+00  4.398E+00  5.027E+00
  1.589E+00  2.601E+00  0.000E+00  0.000E+00  4.398E+00  5.027E+00
  2.601E+00  4.257E+00  0.000E+00  0.000E+00  4.398E+00  5.027E+00
  4.257E+00  6.967E+00  0.000E+00  0.000E+00  4.398E+00  5.027E+00
  6.967E+00  1.140E+01  0.000E+00  0.000E+00  4.398E+00  5.027E+00
  1.140E+01  1.866E+01  0.000E+00  0.000E+00  4.398E+00  5.027E+00
  1.866E+01  3.055E+01  0.000E+00  0.000E+00  4.398E+00  5.027E+00
  3.055E+01  5.000E+01  0.000E+00  0.000E+00  4.398E+00  5.027E+00
  5.000E+01  5.000E+01  0.000E+00  0.000E+00  4.398E+00  5.027E+00

 # Block n:            9     5.02654839      :   5.65486717    
  1.000E-09  1.637E-09  0.000E+00  0.000E+00  5.027E+00  5.655E+00
  1.637E-09  2.679E-09  0.000E+00  0.000E+00  5.027E+00  5.655E+00
  2.679E-09  4.385E-09  0.000E+00  0.000E+00  5.027E+00  5.655E+00
  4.385E-09  7.177E-09  0.000E+00  0.000E+00  5.027E+00  5.655E+00
  7.177E-09  1.175E-08  0.000E+00  0.000E+00  5.027E+00  5.655E+00
  1.175E-08  1.923E-08  0.000E+00  0.000E+00  5.027E+00  5.655E+00
  1.923E-08  3.147E-08  0.000E+00  0.000E+00  5.027E+00  5.655E+00
  3.147E-08  5.150E-08  0.000E+00  0.000E+00  5.027E+00  5.655E+00
  5.150E-08  8.430E-08  0.000E+00  0.000E+00  5.027E+00  5.655E+00
  8.430E-08  1.380E-07  0.000E+00  0.000E+00  5.027E+00  5.655E+00
  1.380E-07  2.258E-07  0.000E+00  0.000E+00  5.027E+00  5.655E+00
  2.258E-07  3.696E-07  0.000E+00  0.000E+00  5.027E+00  5.655E+00
  3.696E-07  6.050E-07  0.000E+00  0.000E+00  5.027E+00  5.655E+00
  6.050E-07  9.902E-07  0.000E+00  0.000E+00  5.027E+00  5.655E+00
  9.902E-07  1.621E-06  0.000E+00  0.000E+00  5.027E+00  5.655E+00
  1.621E-06  2.653E-06  0.000E+00  0.000E+00  5.027E+00  5.655E+00
  2.653E-06  4.342E-06  0.000E+00  0.000E+00  5.027E+00  5.655E+00
  4.342E-06  7.106E-06  0.000E+00  0.000E+00  5.027E+00  5.655E+00
  7.106E-06  1.163E-05  0.000E+00  0.000E+00  5.027E+00  5.655E+00
  1.163E-05  1.904E-05  0.000E+00  0.000E+00  5.027E+00  5.655E+00
  1.904E-05  3.116E-05  0.000E+00  0.000E+00  5.027E+00  5.655E+00
  3.116E-05  5.100E-05  1.003E-04  9.900E+01  5.027E+00  5.655E+00
  5.100E-05  8.347E-05  0.000E+00  0.000E+00  5.027E+00  5.655E+00
  8.347E-05  1.366E-04  0.000E+00  0.000E+00  5.027E+00  5.655E+00
  1.366E-04  2.236E-04  0.000E+00  0.000E+00  5.027E+00  5.655E+00
  2.236E-04  3.660E-04  2.795E-05  9.900E+01  5.027E+00  5.655E+00
  3.660E-04  5.990E-04  0.000E+00  0.000E+00  5.027E+00  5.655E+00
  5.990E-04  9.804E-04  0.000E+00  0.000E+00  5.027E+00  5.655E+00
  9.804E-04  1.605E-03  0.000E+00  0.000E+00  5.027E+00  5.655E+00
  1.605E-03  2.627E-03  5.841E-06  4.082E+01  5.027E+00  5.655E+00
  2.627E-03  4.299E-03  2.379E-06  6.124E+01  5.027E+00  5.655E+00
  4.299E-03  7.036E-03  2.180E-06  6.667E+01  5.027E+00  5.655E+00
  7.036E-03  1.152E-02  2.664E-06  3.118E+01  5.027E+00  5.655E+00
  1.152E-02  1.885E-02  7.868E-06  1.920E+01  5.027E+00  5.655E+00
  1.885E-02  3.085E-02  1.293E-05  5.208E+00  5.027E+00  5.655E+00
  3.085E-02  5.050E-02  1.630E-05  6.164E+00  5.027E+00  5.655E+00
  5.050E-02  8.265E-02  1.541E-05  2.937E+00  5.027E+00  5.655E+00
  8.265E-02  1.353E-01  1.270E-05  3.687E+00  5.027E+00  5.655E+00
  1.353E-01  2.214E-01  8.777E-06  3.000E+00  5.027E+00  5.655E+00
  2.214E-01  3.624E-01  4.177E-06  2.291E+00  5.027E+00  5.655E+00
  3.624E-01  5.931E-01  1.552E-06  9.420E+00  5.027E+00  5.655E+00
  5.931E-01  9.708E-01  1.264E-07  7.795E+00  5.027E+00  5.655E+00
  9.708E-01  1.589E+00  0.000E+00  0.000E+00  5.027E+00  5.655E+00
  1.589E+00  2.601E+00  0.000E+00  0.000E+00  5.027E+00  5.655E+00
  2.601E+00  4.257E+00  0.000E+00  0.000E+00  5.027E+00  5.655E+00
  4.257E+00  6.967E+00  0.000E+00  0.000E+00  5.027E+00  5.655E+00
  6.967E+00  1.140E+01  0.000E+00  0.000E+00  5.027E+00  5.655E+00
  1.140E+01  1.866E+01  0.000E+00  0.000E+00  5.027E+00  5.655E+00
  1.866E+01  3.055E+01  0.000E+00  0.000E+00  5.027E+00  5.655E+00
  3.055E+01  5.000E+01  0.000E+00  0.000E+00  5.027E+00  5.655E+00
  5.000E+01  5.000E+01  0.000E+00  0.000E+00  5.027E+00  5.655E+00

 # Block n:           10     5.65486717      :   6.28318548    
  1.000E-09  1.637E-09  0.000E+00  0.000E+00  5.655E+00  6.283E+00
  1.637E-09  2.679E-09  0.000E+00  0.000E+00  5.655E+00  6.283E+00
  2.679E-09  4.385E-09  0.000E+00  0.000E+00  5.655E+00  6.283E+00
  4.385E-09  7.177E-09  0.000E+00  0.000E+00  5.655E+00  6.283E+00
  7.177E-09  1.175E-08  0.000E+00  0.000E+00  5.655E+00  6.283E+00
  1.175E-08  1.923E-08  0.000E+00  0.000E+00  5.655E+00  6.283E+00
  1.923E-08  3.147E-08  0.000E+00  0.000E+00  5.655E+00  6.283E+00
  3.147E-08  5.150E-08  0.000E+00  0.000E+00  5.655E+00  6.283E+00
  5.150E-08  8.430E-08  0.000E+00  0.000E+00  5.655E+00  6.283E+00
  8.430E-08  1.380E-07  0.000E+00  0.000E+00  5.655E+00  6.283E+00
  1.380E-07  2.258E-07  0.000E+00  0.000E+00  5.655E+00  6.283E+00
  2.258E-07  3.696E-07  0.000E+00  0.000E+00  5.655E+00  6.283E+00
  3.696E-07  6.050E-07  0.000E+00  0.000E+00  5.655E+00  6.283E+00
  6.050E-07  9.902E-07  0.000E+00  0.000E+00  5.655E+00  6.283E+00
  9.902E-07  1.621E-06  0.000E+00  0.000E+00  5.655E+00  6.283E+00
  1.621E-06  2.653E-06  0.000E+00  0.000E+00  5.655E+00  6.283E+00
  2.653E-06  4.342E-06  0.000E+00  0.000E+00  5.655E+00  6.283E+00
  4.342E-06  7.106E-06  0.000E+00  0.000E+00  5.655E+00  6.283E+00
  7.106E-06  1.163E-05  0.000E+00  0.000E+00  5.655E+00  6.283E+00
  1.163E-05  1.904E-05  0.000E+00  0.000E+00  5.655E+00  6.283E+00
  1.904E-05  3.116E-05  0.000E+00  0.000E+00  5.655E+00  6.283E+00
  3.116E-05  5.100E-05  0.000E+00  0.000E+00  5.655E+00  6.283E+00
  5.100E-05  8.347E-05  0.000E+00  0.000E+00  5.655E+00  6.283E+00
  8.347E-05  1.366E-04  0.000E+00  0.000E+00  5.655E+00  6.283E+00
  1.366E-04  2.236E-04  0.000E+00  0.000E+00  5.655E+00  6.283E+00
  2.236E-04  3.660E-04  0.000E+00  0.000E+00  5.655E+00  6.283E+00
  3.660E-04  5.990E-04  0.000E+00  0.000E+00  5.655E+00  6.283E+00
  5.990E-04  9.804E-04  0.000E+00  0.000E+00  5.655E+00  6.283E+00
  9.804E-04  1.605E-03  0.000E+00  0.000E+00  5.655E+00  6.283E+00
  1.605E-03  2.627E-03  0.000E+00  0.000E+00  5.655E+00  6.283E+00
  2.627E-03  4.299E-03  0.000E+00  0.000E+00  5.655E+00  6.283E+00
  4.299E-03  7.036E-03  0.000E+00  0.000E+00  5.655E+00  6.283E+00
  7.036E-03  1.152E-02  3.996E-06  3.239E+01  5.655E+00  6.283E+00
  1.152E-02  1.885E-02  1.899E-06  1.750E+01  5.655E+00  6.283E+00
  1.885E-02  3.085E-02  5.138E-06  1.387E+01  5.655E+00  6.283E+00
  3.085E-02  5.050E-02  6.988E-06  1.284E+01  5.655E+00  6.283E+00
  5.050E-02  8.265E-02  6.682E-06  8.612E+00  5.655E+00  6.283E+00
  8.265E-02  1.353E-01  5.481E-06  3.617E+00  5.655E+00  6.283E+00
  1.353E-01  2.214E-01  3.465E-06  9.369E+00  5.655E+00  6.283E+00
  2.214E-01  3.624E-01  2.173E-06  1.212E+01  5.655E+00  6.283E+00
  3.624E-01  5.931E-01  5.001E-07  1.715E+01  5.655E+00  6.283E+00
  5.931E-01  9.708E-01  2.634E-08  4.472E+01  5.655E+00  6.283E+00
  9.708E-01  1.589E+00  0.000E+00  0.000E+00  5.655E+00  6.283E+00
  1.589E+00  2.601E+00  0.000E+00  0.000E+00  5.655E+00  6.283E+00
  2.601E+00  4.257E+00  0.000E+00  0.000E+00  5.655E+00  6.283E+00
  4.257E+00  6.967E+00  0.000E+00  0.000E+00  5.655E+00  6.283E+00
  6.967E+00  1.140E+01  0.000E+00  0.000E+00  5.655E+00  6.283E+00
  1.140E+01  1.866E+01  0.000E+00  0.000E+00  5.655E+00  6.283E+00
  1.866E+01  3.055E+01  0.000E+00  0.000E+00  5.655E+00  6.283E+00
  3.055E+01  5.000E+01  0.000E+00  0.000E+00  5.655E+00  6.283E+00
  5.000E+01  5.000E+01  0.000E+00  0.000E+00  5.655E+00  6.283E+00

  1.000E-09  1.000E-09  0.000E+00  0.000E+00  6.283E+00  6.283E+00
  1.637E-09  1.637E-09  0.000E+00  0.000E+00  6.283E+00  6.283E+00
  2.679E-09  2.679E-09  0.000E+00  0.000E+00  6.283E+00  6.283E+00
  4.385E-09  4.385E-09  0.000E+00  0.000E+00  6.283E+00  6.283E+00
  7.177E-09  7.177E-09  0.000E+00  0.000E+00  6.283E+00  6.283E+00
  1.175E-08  1.175E-08  0.000E+00  0.000E+00  6.283E+00  6.283E+00
  1.923E-08  1.923E-08  0.000E+00  0.000E+00  6.283E+00  6.283E+00
  3.147E-08  3.147E-08  0.000E+00  0.000E+00  6.283E+00  6.283E+00
  5.150E-08  5.150E-08  0.000E+00  0.000E+00  6.283E+00  6.283E+00
  8.430E-08  8.430E-08  0.000E+00  0.000E+00  6.283E+00  6.283E+00
  1.380E-07  1.380E-07  0.000E+00  0.000E+00  6.283E+00  6.283E+00
  2.258E-07  2.258E-07  0.000E+00  0.000E+00  6.283E+00  6.283E+00
  3.696E-07  3.696E-07  0.000E+00  0.000E+00  6.283E+00  6.283E+00
  6.050E-07  6.050E-07  0.000E+00  0.000E+00  6.283E+00  6.283E+00
  9.902E-07  9.902E-07  0.000E+00  0.000E+00  6.283E+00  6.283E+00
  1.621E-06  1.621E-06  0.000E+00  0.000E+00  6.283E+00  6.283E+00
  2.653E-06  2.653E-06  0.000E+00  0.000E+00  6.283E+00  6.283E+00
  4.342E-06  4.342E-06  0.000E+00  0.000E+00  6.283E+00  6.283E+00
  7.106E-06  7.106E-06  0.000E+00  0.000E+00  6.283E+00  6.283E+00
  1.163E-05  1.163E-05  0.000E+00  0.000E+00  6.283E+00  6.283E+00
  1.904E-05  1.904E-05  0.000E+00  0.000E+00  6.283E+00  6.283E+00
  3.116E-05  3.116E-05  0.000E+00  0.000E+00  6.283E+00  6.283E+00
  5.100E-05  5.100E-05  0.000E+00  0.000E+00  6.283E+00  6.283E+00
  8.347E-05  8.347E-05  0.000E+00  0.000E+00  6.283E+00  6.283E+00
  1.366E-04  1.366E-04  0.000E+00  0.000E+00  6.283E+00  6.283E+00
  2.236E-04  2.236E-04  0.000E+00  0.000E+00  6.283E+00  6.283E+00
  3.660E-04  3.660E-04  0.000E+00  0.000E+00  6.283E+00  6.283E+00
  5.990E-04  5.990E-04  0.000E+00  0.000E+00  6.283E+00  6.283E+00
  9.804E-04  9.804E-04  0.000E+00  0.000E+00  6.283E+00  6.283E+00
  1.605E-03  1.605E-03  0.000E+00  0.000E+00  6.283E+00  6.283E+00
  2.627E-03  2.627E-03  0.000E+00  0.000E+00  6.283E+00  6.283E+00
  4.299E-03  4.299E-03  0.000E+00  0.000E+00  6.283E+00  6.283E+00
  7.036E-03  7.036E-03  0.000E+00  0.000E+00  6.283E+00  6.283E+00
  1.152E-02  1.152E-02  0.000E+00  0.000E+00  6.283E+00  6.283E+00
  1.885E-02  1.885E-02  0.000E+00  0.000E+00  6.283E+00  6.283E+00
  3.085E-02  3.085E-02  0.000E+00  0.000E+00  6.283E+00  6.283E+00
  5.050E-02  5.050E-02  0.000E+00  0.000E+00  6.283E+00  6.283E+00
  8.265E-02  8.265E-02  0.000E+00  0.000E+00  6.283E+00  6.283E+00
  1.353E-01  1.353E-01  0.000E+00  0.000E+00  6.283E+00  6.283E+00
  2.214E-01  2.214E-01  0.000E+00  0.000E+00  6.283E+00  6.283E+00
  3.624E-01  3.624E-01  0.000E+00  0.000E+00  6.283E+00  6.283E+00
  5.931E-01  5.931E-01  0.000E+00  0.000E+00  6.283E+00  6.283E+00
  9.708E-01  9.708E-01  0.000E+00  0.000E+00  6.283E+00  6.283E+00
  1.589E+00  1.589E+00  0.000E+00  0.000E+00  6.283E+00  6.283E+00
  2.601E+00  2.601E+00  0.000E+00  0.000E+00  6.283E+00  6.283E+00
  4.257E+00  4.257E+00  0.000E+00  0.000E+00  6.283E+00  6.283E+00
  6.967E+00  6.967E+00  0.000E+00  0.000E+00  6.283E+00  6.283E+00
  1.140E+01  1.140E+01  0.000E+00  0.000E+00  6.283E+00  6.283E+00
  1.866E+01  1.866E+01  0.000E+00  0.000E+00  6.283E+00  6.283E+00
  3.055E+01  3.055E+01  0.000E+00  0.000E+00  6.283E+00  6.283E+00
  5.000E+01  5.000E+01  0.000E+00  0.000E+00  6.283E+00  6.283E+00
