2026-04-30 23:19:17,733 - INFO - Generated: rs2_ep-1_step1.inp | T=5.0, W=11.0x20.0, NPS=1000000, BEAMPOS=-45.0
2026-04-30 23:19:18,572 - ERROR - FLUKA failed: Command '['rfluka', '-M', '5', 'rs2_ep-1_step1.inp']' returned non-zero exit status 12.
2026-04-30 23:19:18,573 - WARNING - Eval 1 failed (total failed=1)
2026-04-30 23:19:18,573 - INFO - Generated: rs2_ep-1_step2.inp | T=2.5, W=19.0x19.0, NPS=500000, BEAMPOS=-45.0
2026-04-30 23:23:35,820 - INFO - FLUKA OK: rs2_ep-1_step2.inp (257.2s)
2026-04-30 23:23:38,715 - INFO - Ep-1 Step2: Reward=18.8782 | Success=True
2026-04-30 23:23:38,759 - INFO - Eval 1: Reward=18.8782  State=[2.5, 19.0, 19.0, 500000.0, -45.0]
2026-04-30 23:23:38,759 - INFO - New Best: 18.8782 at eval 1
2026-04-30 23:23:38,816 - INFO - Generated: rs2_ep-1_step3.inp | T=4.0, W=13.0x17.0, NPS=400000, BEAMPOS=-45.0
2026-04-30 23:26:54,090 - INFO - FLUKA OK: rs2_ep-1_step3.inp (195.3s)
2026-04-30 23:26:54,102 - INFO - Ep-1 Step3: Reward=21.1743 | Success=True
2026-04-30 23:26:54,102 - INFO - Eval 2: Reward=21.1743  State=[4.0, 13.0, 17.0, 400000.0, -45.0]
2026-04-30 23:26:54,102 - INFO - New Best: 21.1743 at eval 2
2026-04-30 23:26:54,102 - INFO - Generated: rs2_ep-1_step4.inp | T=10.0, W=8.0x19.0, NPS=900000, BEAMPOS=-50.0
2026-04-30 23:36:54,203 - ERROR - FLUKA failed: Command '['rfluka', '-M', '5', 'rs2_ep-1_step4.inp']' timed out after 600 seconds
2026-04-30 23:36:54,203 - WARNING - Eval 4 failed (total failed=2)
2026-04-30 23:36:54,203 - INFO - Generated: rs2_ep-1_step5.inp | T=4.5, W=19.0x14.0, NPS=500000, BEAMPOS=-35.0
2026-04-30 23:44:09,011 - INFO - FLUKA OK: rs2_ep-1_step5.inp (433.1s)
2026-04-30 23:44:11,409 - INFO - Ep-1 Step5: Reward=22.0350 | Success=True
2026-04-30 23:44:11,446 - INFO - Eval 3: Reward=22.0350  State=[4.5, 19.0, 14.0, 500000.0, -35.0]
2026-04-30 23:44:11,448 - INFO - New Best: 22.0350 at eval 3
2026-04-30 23:44:11,548 - INFO - Generated: rs2_ep-1_step6.inp | T=7.0, W=16.0x15.0, NPS=400000, BEAMPOS=-35.0
2026-04-30 23:49:22,177 - INFO - FLUKA OK: rs2_ep-1_step6.inp (310.6s)
2026-04-30 23:49:22,431 - INFO - Ep-1 Step6: Reward=25.1199 | Success=True
2026-04-30 23:49:22,432 - INFO - Eval 4: Reward=25.1199  State=[7.0, 16.0, 15.0, 400000.0, -35.0]
2026-04-30 23:49:22,432 - INFO - New Best: 25.1199 at eval 4
2026-04-30 23:49:22,441 - INFO - Generated: rs2_ep-1_step7.inp | T=5.0, W=20.0x15.0, NPS=800000, BEAMPOS=-15.0
2026-04-30 23:58:01,467 - INFO - FLUKA OK: rs2_ep-1_step7.inp (519.0s)
2026-04-30 23:58:02,676 - INFO - Ep-1 Step7: Reward=24.6253 | Success=True
2026-04-30 23:58:02,676 - INFO - Eval 5: Reward=24.6253  State=[5.0, 20.0, 15.0, 800000.0, -15.0]
2026-04-30 23:58:02,786 - INFO - Generated: rs2_ep-1_step8.inp | T=2.5, W=19.0x19.0, NPS=400000, BEAMPOS=-40.0
2026-05-01 00:00:21,547 - INFO - FLUKA OK: rs2_ep-1_step8.inp (138.8s)
2026-05-01 00:00:22,499 - INFO - Ep-1 Step8: Reward=14.7035 | Success=True
2026-05-01 00:00:22,499 - INFO - Eval 6: Reward=14.7035  State=[2.5, 19.0, 19.0, 400000.0, -40.0]
2026-05-01 00:00:22,539 - INFO - Generated: rs2_ep-1_step9.inp | T=4.5, W=18.0x14.0, NPS=100000, BEAMPOS=-30.0
2026-05-01 00:01:28,559 - INFO - FLUKA OK: rs2_ep-1_step9.inp (66.0s)
2026-05-01 00:01:28,612 - INFO - Ep-1 Step9: Reward=20.5824 | Success=True
2026-05-01 00:01:28,612 - INFO - Eval 7: Reward=20.5824  State=[4.5, 18.0, 14.0, 100000.0, -30.0]
2026-05-01 00:01:28,613 - INFO - Generated: rs2_ep-1_step10.inp | T=6.0, W=10.0x5.0, NPS=900000, BEAMPOS=-20.0
2026-05-01 00:11:22,594 - INFO - FLUKA OK: rs2_ep-1_step10.inp (594.0s)
2026-05-01 00:11:23,010 - INFO - Ep-1 Step10: Reward=33.6422 | Success=True
2026-05-01 00:11:23,010 - INFO - Eval 8: Reward=33.6422  State=[6.0, 10.0, 5.0, 900000.0, -20.0]
2026-05-01 00:11:23,010 - INFO - New Best: 33.6422 at eval 8
2026-05-01 00:11:23,149 - INFO - Generated: rs2_ep-1_step11.inp | T=8.0, W=13.0x11.0, NPS=1000000, BEAMPOS=-40.0
2026-05-01 00:11:23,813 - ERROR - FLUKA failed: Command '['rfluka', '-M', '5', 'rs2_ep-1_step11.inp']' returned non-zero exit status 12.
2026-05-01 00:11:23,813 - WARNING - Eval 11 failed (total failed=3)
2026-05-01 00:11:23,818 - INFO - Generated: rs2_ep-1_step12.inp | T=8.0, W=11.0x8.0, NPS=700000, BEAMPOS=-50.0
2026-05-01 00:21:24,144 - ERROR - FLUKA failed: Command '['rfluka', '-M', '5', 'rs2_ep-1_step12.inp']' timed out after 600 seconds
2026-05-01 00:21:24,144 - WARNING - Eval 12 failed (total failed=4)
2026-05-01 00:21:24,144 - INFO - Generated: rs2_ep-1_step13.inp | T=5.0, W=7.0x16.0, NPS=1000000, BEAMPOS=-25.0
2026-05-01 00:21:25,180 - ERROR - FLUKA failed: Command '['rfluka', '-M', '5', 'rs2_ep-1_step13.inp']' returned non-zero exit status 12.
2026-05-01 00:21:25,181 - WARNING - Eval 13 failed (total failed=5)
2026-05-01 00:21:25,181 - INFO - Generated: rs2_ep-1_step14.inp | T=9.0, W=7.0x6.0, NPS=1000000, BEAMPOS=-45.0
2026-05-01 00:21:25,992 - ERROR - FLUKA failed: Command '['rfluka', '-M', '5', 'rs2_ep-1_step14.inp']' returned non-zero exit status 12.
2026-05-01 00:21:25,992 - WARNING - Eval 14 failed (total failed=6)
2026-05-01 00:21:25,992 - INFO - Generated: rs2_ep-1_step15.inp | T=2.0, W=10.0x18.0, NPS=400000, BEAMPOS=-45.0
2026-05-01 00:23:11,551 - INFO - FLUKA OK: rs2_ep-1_step15.inp (105.6s)
2026-05-01 00:23:12,053 - INFO - Ep-1 Step15: Reward=19.8662 | Success=True
2026-05-01 00:23:12,055 - INFO - Eval 9: Reward=19.8662  State=[2.0, 10.0, 18.0, 400000.0, -45.0]
2026-05-01 00:23:12,332 - INFO - Generated: rs2_ep-1_step16.inp | T=2.0, W=11.0x16.0, NPS=200000, BEAMPOS=-20.0
2026-05-01 00:24:09,805 - INFO - FLUKA OK: rs2_ep-1_step16.inp (57.5s)
2026-05-01 00:24:09,826 - INFO - Ep-1 Step16: Reward=12.0454 | Success=True
2026-05-01 00:24:09,827 - INFO - Eval 10: Reward=12.0454  State=[2.0, 11.0, 16.0, 200000.0, -20.0]
2026-05-01 00:24:09,839 - INFO - Generated: rs2_ep-1_step17.inp | T=3.0, W=10.0x11.0, NPS=900000, BEAMPOS=-45.0
2026-05-01 00:29:20,385 - INFO - FLUKA OK: rs2_ep-1_step17.inp (310.5s)
2026-05-01 00:29:20,406 - INFO - Ep-1 Step17: Reward=22.9972 | Success=True
2026-05-01 00:29:20,407 - INFO - Eval 11: Reward=22.9972  State=[3.0, 10.0, 11.0, 900000.0, -45.0]
2026-05-01 00:29:20,432 - INFO - Generated: rs2_ep-1_step18.inp | T=9.0, W=9.0x20.0, NPS=1000000, BEAMPOS=-10.0
2026-05-01 00:29:21,098 - ERROR - FLUKA failed: Command '['rfluka', '-M', '5', 'rs2_ep-1_step18.inp']' returned non-zero exit status 12.
2026-05-01 00:29:21,098 - WARNING - Eval 18 failed (total failed=7)
2026-05-01 00:29:21,295 - INFO - Generated: rs2_ep-1_step19.inp | T=4.5, W=17.0x14.0, NPS=1000000, BEAMPOS=-20.0
2026-05-01 00:29:21,888 - ERROR - FLUKA failed: Command '['rfluka', '-M', '5', 'rs2_ep-1_step19.inp']' returned non-zero exit status 12.
2026-05-01 00:29:21,888 - WARNING - Eval 19 failed (total failed=8)
2026-05-01 00:29:21,962 - INFO - Generated: rs2_ep-1_step20.inp | T=7.5, W=7.0x17.0, NPS=200000, BEAMPOS=-20.0
2026-05-01 00:32:24,194 - INFO - FLUKA OK: rs2_ep-1_step20.inp (182.2s)
2026-05-01 00:32:24,287 - INFO - Ep-1 Step20: Reward=-4.4175 | Success=True
2026-05-01 00:32:24,287 - INFO - Eval 12: Reward=-4.4175  State=[7.5, 7.0, 17.0, 200000.0, -20.0]
2026-05-01 00:32:24,316 - INFO - Generated: rs2_ep-1_step21.inp | T=8.0, W=14.0x6.0, NPS=400000, BEAMPOS=-50.0
2026-05-01 00:38:49,556 - INFO - FLUKA OK: rs2_ep-1_step21.inp (385.2s)
2026-05-01 00:38:50,513 - INFO - Ep-1 Step21: Reward=26.3233 | Success=True
2026-05-01 00:38:50,513 - INFO - Eval 13: Reward=26.3233  State=[8.0, 14.0, 6.0, 400000.0, -50.0]
2026-05-01 00:38:50,539 - INFO - Generated: rs2_ep-1_step22.inp | T=8.0, W=16.0x14.0, NPS=400000, BEAMPOS=-40.0
2026-05-01 00:45:51,497 - INFO - FLUKA OK: rs2_ep-1_step22.inp (421.0s)
2026-05-01 00:45:52,259 - INFO - Ep-1 Step22: Reward=41.7774 | Success=True
2026-05-01 00:45:52,270 - INFO - Eval 14: Reward=41.7774  State=[8.0, 16.0, 14.0, 400000.0, -40.0]
2026-05-01 00:45:52,270 - INFO - New Best: 41.7774 at eval 14
2026-05-01 00:45:52,286 - INFO - Generated: rs2_ep-1_step23.inp | T=5.0, W=10.0x14.0, NPS=700000, BEAMPOS=-40.0
2026-05-01 00:52:20,513 - INFO - FLUKA OK: rs2_ep-1_step23.inp (388.2s)
2026-05-01 00:52:20,874 - INFO - Ep-1 Step23: Reward=26.8636 | Success=True
2026-05-01 00:52:20,875 - INFO - Eval 15: Reward=26.8636  State=[5.0, 10.0, 14.0, 700000.0, -40.0]
2026-05-01 00:52:20,876 - INFO - Generated: rs2_ep-1_step24.inp | T=9.5, W=7.0x19.0, NPS=700000, BEAMPOS=-15.0
2026-05-01 01:02:20,986 - ERROR - FLUKA failed: Command '['rfluka', '-M', '5', 'rs2_ep-1_step24.inp']' timed out after 600 seconds
2026-05-01 01:02:20,986 - WARNING - Eval 24 failed (total failed=9)
2026-05-01 01:02:20,995 - INFO - Generated: rs2_ep-1_step25.inp | T=6.5, W=18.0x20.0, NPS=300000, BEAMPOS=-10.0
2026-05-01 01:06:19,594 - INFO - FLUKA OK: rs2_ep-1_step25.inp (238.6s)
2026-05-01 01:06:19,641 - INFO - Ep-1 Step25: Reward=23.0484 | Success=True
2026-05-01 01:06:19,641 - INFO - Eval 16: Reward=23.0484  State=[6.5, 18.0, 20.0, 300000.0, -10.0]
2026-05-01 01:06:19,641 - INFO - Generated: rs2_ep-1_step26.inp | T=3.5, W=10.0x15.0, NPS=1000000, BEAMPOS=-15.0
2026-05-01 01:06:20,492 - ERROR - FLUKA failed: Command '['rfluka', '-M', '5', 'rs2_ep-1_step26.inp']' returned non-zero exit status 12.
2026-05-01 01:06:20,492 - WARNING - Eval 26 failed (total failed=10)
2026-05-01 01:06:20,582 - INFO - Generated: rs2_ep-1_step27.inp | T=9.5, W=18.0x6.0, NPS=200000, BEAMPOS=-15.0
2026-05-01 01:10:20,050 - INFO - FLUKA OK: rs2_ep-1_step27.inp (239.5s)
2026-05-01 01:10:20,335 - INFO - Ep-1 Step27: Reward=24.7223 | Success=True
2026-05-01 01:10:20,339 - INFO - Eval 17: Reward=24.7223  State=[9.5, 18.0, 6.0, 200000.0, -15.0]
2026-05-01 01:10:20,339 - INFO - Generated: rs2_ep-1_step28.inp | T=6.5, W=16.0x15.0, NPS=100000, BEAMPOS=-30.0
2026-05-01 01:11:48,280 - INFO - FLUKA OK: rs2_ep-1_step28.inp (87.9s)
2026-05-01 01:11:48,368 - INFO - Ep-1 Step28: Reward=23.8769 | Success=True
2026-05-01 01:11:48,370 - INFO - Eval 18: Reward=23.8769  State=[6.5, 16.0, 15.0, 100000.0, -30.0]
2026-05-01 01:11:48,393 - INFO - Generated: rs2_ep-1_step29.inp | T=3.5, W=20.0x19.0, NPS=700000, BEAMPOS=-25.0
2026-05-01 01:16:45,555 - INFO - FLUKA OK: rs2_ep-1_step29.inp (297.2s)
2026-05-01 01:16:46,158 - INFO - Ep-1 Step29: Reward=23.8131 | Success=True
2026-05-01 01:16:46,160 - INFO - Eval 19: Reward=23.8131  State=[3.5, 20.0, 19.0, 700000.0, -25.0]
2026-05-01 01:16:46,161 - INFO - Generated: rs2_ep-1_step30.inp | T=2.5, W=16.0x12.0, NPS=700000, BEAMPOS=-45.0
2026-05-01 01:20:23,331 - INFO - FLUKA OK: rs2_ep-1_step30.inp (217.2s)
2026-05-01 01:20:24,205 - INFO - Ep-1 Step30: Reward=-6.5417 | Success=True
2026-05-01 01:20:24,205 - INFO - Eval 20: Reward=-6.5417  State=[2.5, 16.0, 12.0, 700000.0, -45.0]
2026-05-01 01:20:24,250 - INFO - Generated: rs2_ep-1_step31.inp | T=8.0, W=11.0x11.0, NPS=400000, BEAMPOS=-15.0
2026-05-01 01:26:56,765 - INFO - FLUKA OK: rs2_ep-1_step31.inp (392.5s)
2026-05-01 01:26:56,936 - INFO - Ep-1 Step31: Reward=31.4496 | Success=True
2026-05-01 01:26:56,937 - INFO - Eval 21: Reward=31.4496  State=[8.0, 11.0, 11.0, 400000.0, -15.0]
2026-05-01 01:26:56,960 - INFO - Generated: rs2_ep-1_step32.inp | T=7.0, W=11.0x14.0, NPS=400000, BEAMPOS=-45.0
2026-05-01 01:32:23,920 - INFO - FLUKA OK: rs2_ep-1_step32.inp (327.0s)
2026-05-01 01:32:24,015 - INFO - Ep-1 Step32: Reward=31.0783 | Success=True
2026-05-01 01:32:24,018 - INFO - Eval 22: Reward=31.0783  State=[7.0, 11.0, 14.0, 400000.0, -45.0]
2026-05-01 01:32:24,019 - INFO - Generated: rs2_ep-1_step33.inp | T=7.5, W=11.0x9.0, NPS=400000, BEAMPOS=-45.0
2026-05-01 01:38:12,279 - INFO - FLUKA OK: rs2_ep-1_step33.inp (348.3s)
2026-05-01 01:38:12,503 - INFO - Ep-1 Step33: Reward=35.1977 | Success=True
2026-05-01 01:38:12,505 - INFO - Eval 23: Reward=35.1977  State=[7.5, 11.0, 9.0, 400000.0, -45.0]
2026-05-01 01:38:12,505 - INFO - Generated: rs2_ep-1_step34.inp | T=9.5, W=7.0x5.0, NPS=800000, BEAMPOS=-35.0
2026-05-01 01:48:12,592 - ERROR - FLUKA failed: Command '['rfluka', '-M', '5', 'rs2_ep-1_step34.inp']' timed out after 600 seconds
2026-05-01 01:48:12,592 - WARNING - Eval 34 failed (total failed=11)
2026-05-01 01:48:12,624 - INFO - Generated: rs2_ep-1_step35.inp | T=6.0, W=6.0x14.0, NPS=900000, BEAMPOS=-35.0
2026-05-01 01:58:12,736 - ERROR - FLUKA failed: Command '['rfluka', '-M', '5', 'rs2_ep-1_step35.inp']' timed out after 600 seconds
2026-05-01 01:58:12,736 - WARNING - Eval 35 failed (total failed=12)
2026-05-01 01:58:12,850 - INFO - Generated: rs2_ep-1_step36.inp | T=4.5, W=17.0x15.0, NPS=500000, BEAMPOS=-35.0
2026-05-01 02:02:32,634 - INFO - FLUKA OK: rs2_ep-1_step36.inp (259.8s)
2026-05-01 02:02:33,245 - INFO - Ep-1 Step36: Reward=22.5222 | Success=True
2026-05-01 02:02:33,245 - INFO - Eval 24: Reward=22.5222  State=[4.5, 17.0, 15.0, 500000.0, -35.0]
2026-05-01 02:02:33,310 - INFO - Generated: rs2_ep-1_step37.inp | T=8.5, W=16.0x11.0, NPS=200000, BEAMPOS=-45.0
2026-05-01 02:06:17,719 - INFO - FLUKA OK: rs2_ep-1_step37.inp (224.4s)
2026-05-01 02:06:17,872 - INFO - Ep-1 Step37: Reward=22.6427 | Success=True
2026-05-01 02:06:17,872 - INFO - Eval 25: Reward=22.6427  State=[8.5, 16.0, 11.0, 200000.0, -45.0]
2026-05-01 02:06:17,872 - INFO - Generated: rs2_ep-1_step38.inp | T=8.5, W=6.0x16.0, NPS=600000, BEAMPOS=-30.0
2026-05-01 02:16:16,105 - INFO - FLUKA OK: rs2_ep-1_step38.inp (598.2s)
2026-05-01 02:16:16,435 - INFO - Ep-1 Step38: Reward=28.1919 | Success=True
2026-05-01 02:16:16,435 - INFO - Eval 26: Reward=28.1919  State=[8.5, 6.0, 16.0, 600000.0, -30.0]
2026-05-01 02:16:16,518 - INFO - Generated: rs2_ep-1_step39.inp | T=9.0, W=19.0x8.0, NPS=500000, BEAMPOS=-35.0
2026-05-01 02:25:10,384 - INFO - FLUKA OK: rs2_ep-1_step39.inp (533.9s)
2026-05-01 02:25:10,538 - INFO - Ep-1 Step39: Reward=30.0343 | Success=True
2026-05-01 02:25:10,540 - INFO - Eval 27: Reward=30.0343  State=[9.0, 19.0, 8.0, 500000.0, -35.0]
2026-05-01 02:25:10,540 - INFO - Generated: rs2_ep-1_step40.inp | T=6.5, W=11.0x16.0, NPS=200000, BEAMPOS=-45.0
2026-05-01 02:27:55,847 - INFO - FLUKA OK: rs2_ep-1_step40.inp (165.3s)
2026-05-01 02:27:56,544 - INFO - Ep-1 Step40: Reward=2.2392 | Success=True
2026-05-01 02:27:56,545 - INFO - Eval 28: Reward=2.2392  State=[6.5, 11.0, 16.0, 200000.0, -45.0]
2026-05-01 02:27:56,546 - INFO - Generated: rs2_ep-1_step41.inp | T=9.5, W=16.0x6.0, NPS=700000, BEAMPOS=-35.0
2026-05-01 02:37:56,648 - ERROR - FLUKA failed: Command '['rfluka', '-M', '5', 'rs2_ep-1_step41.inp']' timed out after 600 seconds
2026-05-01 02:37:56,648 - WARNING - Eval 41 failed (total failed=13)
2026-05-01 02:37:56,661 - INFO - Generated: rs2_ep-1_step42.inp | T=7.5, W=6.0x17.0, NPS=100000, BEAMPOS=-50.0
2026-05-01 02:39:44,163 - INFO - FLUKA OK: rs2_ep-1_step42.inp (107.5s)
2026-05-01 02:39:44,216 - INFO - Ep-1 Step42: Reward=29.0009 | Success=True
2026-05-01 02:39:44,216 - INFO - Eval 29: Reward=29.0009  State=[7.5, 6.0, 17.0, 100000.0, -50.0]
2026-05-01 02:39:44,216 - INFO - Generated: rs2_ep-1_step43.inp | T=2.5, W=17.0x11.0, NPS=400000, BEAMPOS=-35.0
2026-05-01 02:41:45,789 - INFO - FLUKA OK: rs2_ep-1_step43.inp (121.6s)
2026-05-01 02:41:45,833 - INFO - Ep-1 Step43: Reward=12.6672 | Success=True
2026-05-01 02:41:45,836 - INFO - Eval 30: Reward=12.6672  State=[2.5, 17.0, 11.0, 400000.0, -35.0]
2026-05-01 02:41:45,836 - INFO - Generated: rs2_ep-1_step44.inp | T=8.0, W=8.0x7.0, NPS=100000, BEAMPOS=-40.0
2026-05-01 02:43:30,650 - INFO - FLUKA OK: rs2_ep-1_step44.inp (104.8s)
2026-05-01 02:43:30,672 - INFO - Ep-1 Step44: Reward=28.5749 | Success=True
2026-05-01 02:43:30,672 - INFO - Eval 31: Reward=28.5749  State=[8.0, 8.0, 7.0, 100000.0, -40.0]
2026-05-01 02:43:30,672 - INFO - Generated: rs2_ep-1_step45.inp | T=7.0, W=20.0x10.0, NPS=1000000, BEAMPOS=-35.0
2026-05-01 02:43:31,144 - ERROR - FLUKA failed: Command '['rfluka', '-M', '5', 'rs2_ep-1_step45.inp']' returned non-zero exit status 12.
2026-05-01 02:43:31,144 - WARNING - Eval 45 failed (total failed=14)
2026-05-01 02:43:31,173 - INFO - Generated: rs2_ep-1_step46.inp | T=9.5, W=9.0x18.0, NPS=100000, BEAMPOS=-25.0
2026-05-01 02:45:41,225 - INFO - FLUKA OK: rs2_ep-1_step46.inp (130.1s)
2026-05-01 02:45:41,345 - INFO - Ep-1 Step46: Reward=31.6006 | Success=True
2026-05-01 02:45:41,347 - INFO - Eval 32: Reward=31.6006  State=[9.5, 9.0, 18.0, 100000.0, -25.0]
2026-05-01 02:45:41,347 - INFO - Generated: rs2_ep-1_step47.inp | T=4.5, W=16.0x13.0, NPS=800000, BEAMPOS=-45.0
2026-05-01 02:52:29,825 - INFO - FLUKA OK: rs2_ep-1_step47.inp (408.5s)
2026-05-01 02:52:29,884 - INFO - Ep-1 Step47: Reward=26.4990 | Success=True
2026-05-01 02:52:29,885 - INFO - Eval 33: Reward=26.4990  State=[4.5, 16.0, 13.0, 800000.0, -45.0]
2026-05-01 02:52:29,885 - INFO - Generated: rs2_ep-1_step48.inp | T=7.5, W=15.0x17.0, NPS=600000, BEAMPOS=-50.0
2026-05-01 03:01:42,196 - INFO - FLUKA OK: rs2_ep-1_step48.inp (552.3s)
2026-05-01 03:01:42,500 - INFO - Ep-1 Step48: Reward=32.7261 | Success=True
2026-05-01 03:01:42,500 - INFO - Eval 34: Reward=32.7261  State=[7.5, 15.0, 17.0, 600000.0, -50.0]
2026-05-01 03:01:42,500 - INFO - Generated: rs2_ep-1_step49.inp | T=4.5, W=8.0x6.0, NPS=400000, BEAMPOS=-35.0
2026-05-01 03:05:04,189 - INFO - FLUKA OK: rs2_ep-1_step49.inp (201.6s)
2026-05-01 03:05:04,676 - INFO - Ep-1 Step49: Reward=17.7575 | Success=True
2026-05-01 03:05:04,678 - INFO - Eval 35: Reward=17.7575  State=[4.5, 8.0, 6.0, 400000.0, -35.0]
2026-05-01 03:05:04,678 - INFO - Generated: rs2_ep-1_step50.inp | T=3.5, W=16.0x19.0, NPS=600000, BEAMPOS=-40.0
2026-05-01 03:09:16,617 - INFO - FLUKA OK: rs2_ep-1_step50.inp (251.9s)
2026-05-01 03:09:16,901 - INFO - Ep-1 Step50: Reward=-4.0644 | Success=True
2026-05-01 03:09:16,904 - INFO - Eval 36: Reward=-4.0644  State=[3.5, 16.0, 19.0, 600000.0, -40.0]
2026-05-01 03:09:16,904 - INFO - Generated: rs2_ep-1_step51.inp | T=2.5, W=9.0x8.0, NPS=900000, BEAMPOS=-30.0
2026-05-01 03:13:40,455 - INFO - FLUKA OK: rs2_ep-1_step51.inp (263.6s)
2026-05-01 03:13:40,489 - INFO - Ep-1 Step51: Reward=21.7773 | Success=True
2026-05-01 03:13:40,489 - INFO - Eval 37: Reward=21.7773  State=[2.5, 9.0, 8.0, 900000.0, -30.0]
2026-05-01 03:13:40,489 - INFO - Generated: rs2_ep-1_step52.inp | T=8.5, W=10.0x9.0, NPS=100000, BEAMPOS=-20.0
2026-05-01 03:15:40,940 - INFO - FLUKA OK: rs2_ep-1_step52.inp (120.5s)
2026-05-01 03:15:41,287 - INFO - Ep-1 Step52: Reward=23.7358 | Success=True
2026-05-01 03:15:41,289 - INFO - Eval 38: Reward=23.7358  State=[8.5, 10.0, 9.0, 100000.0, -20.0]
2026-05-01 03:15:41,290 - INFO - Generated: rs2_ep-1_step53.inp | T=10.0, W=14.0x7.0, NPS=300000, BEAMPOS=-30.0
2026-05-01 03:21:52,898 - INFO - FLUKA OK: rs2_ep-1_step53.inp (371.6s)
2026-05-01 03:21:53,262 - INFO - Ep-1 Step53: Reward=32.7460 | Success=True
2026-05-01 03:21:53,264 - INFO - Eval 39: Reward=32.7460  State=[10.0, 14.0, 7.0, 300000.0, -30.0]
2026-05-01 03:21:53,265 - INFO - Generated: rs2_ep-1_step54.inp | T=8.5, W=20.0x8.0, NPS=200000, BEAMPOS=-50.0
2026-05-01 03:25:26,358 - INFO - FLUKA OK: rs2_ep-1_step54.inp (213.1s)
2026-05-01 03:25:26,416 - INFO - Ep-1 Step54: Reward=24.5253 | Success=True
2026-05-01 03:25:26,416 - INFO - Eval 40: Reward=24.5253  State=[8.5, 20.0, 8.0, 200000.0, -50.0]
2026-05-01 03:25:26,416 - INFO - Generated: rs2_ep-1_step55.inp | T=9.5, W=13.0x10.0, NPS=700000, BEAMPOS=-10.0
2026-05-01 03:35:26,530 - ERROR - FLUKA failed: Command '['rfluka', '-M', '5', 'rs2_ep-1_step55.inp']' timed out after 600 seconds
2026-05-01 03:35:26,530 - WARNING - Eval 55 failed (total failed=15)
2026-05-01 03:35:26,530 - INFO - Generated: rs2_ep-1_step56.inp | T=5.0, W=8.0x15.0, NPS=200000, BEAMPOS=-35.0
2026-05-01 03:37:35,814 - INFO - FLUKA OK: rs2_ep-1_step56.inp (129.3s)
2026-05-01 03:37:36,090 - INFO - Ep-1 Step56: Reward=23.3969 | Success=True
2026-05-01 03:37:36,092 - INFO - Eval 41: Reward=23.3969  State=[5.0, 8.0, 15.0, 200000.0, -35.0]
2026-05-01 03:37:36,093 - INFO - Generated: rs2_ep-1_step57.inp | T=9.5, W=13.0x11.0, NPS=700000, BEAMPOS=-20.0
2026-05-01 03:47:36,207 - ERROR - FLUKA failed: Command '['rfluka', '-M', '5', 'rs2_ep-1_step57.inp']' timed out after 600 seconds
2026-05-01 03:47:36,207 - WARNING - Eval 57 failed (total failed=16)
2026-05-01 03:47:36,207 - INFO - Generated: rs2_ep-1_step58.inp | T=5.0, W=13.0x10.0, NPS=1000000, BEAMPOS=-45.0
2026-05-01 03:47:40,858 - ERROR - FLUKA failed: Command '['rfluka', '-M', '5', 'rs2_ep-1_step58.inp']' returned non-zero exit status 12.
2026-05-01 03:47:40,858 - WARNING - Eval 58 failed (total failed=17)
2026-05-01 03:47:40,901 - INFO - Generated: rs2_ep-1_step59.inp | T=7.0, W=19.0x7.0, NPS=200000, BEAMPOS=-20.0
2026-05-01 03:50:45,607 - INFO - FLUKA OK: rs2_ep-1_step59.inp (184.6s)
2026-05-01 03:50:45,717 - INFO - Ep-1 Step59: Reward=24.6538 | Success=True
2026-05-01 03:50:45,717 - INFO - Eval 42: Reward=24.6538  State=[7.0, 19.0, 7.0, 200000.0, -20.0]
2026-05-01 03:50:45,734 - INFO - Generated: rs2_ep-1_step60.inp | T=7.5, W=14.0x18.0, NPS=200000, BEAMPOS=-30.0
2026-05-01 03:54:13,921 - INFO - FLUKA OK: rs2_ep-1_step60.inp (208.2s)
2026-05-01 03:54:14,773 - INFO - Ep-1 Step60: Reward=24.4751 | Success=True
2026-05-01 03:54:14,774 - INFO - Eval 43: Reward=24.4751  State=[7.5, 14.0, 18.0, 200000.0, -30.0]
2026-05-01 03:54:14,774 - INFO - Generated: rs2_ep-1_step61.inp | T=8.0, W=8.0x13.0, NPS=500000, BEAMPOS=-25.0
2026-05-01 04:02:01,607 - INFO - FLUKA OK: rs2_ep-1_step61.inp (466.8s)
2026-05-01 04:02:02,195 - INFO - Ep-1 Step61: Reward=29.7260 | Success=True
2026-05-01 04:02:02,195 - INFO - Eval 44: Reward=29.7260  State=[8.0, 8.0, 13.0, 500000.0, -25.0]
2026-05-01 04:02:02,304 - INFO - Generated: rs2_ep-1_step62.inp | T=7.5, W=12.0x8.0, NPS=200000, BEAMPOS=-10.0
2026-05-01 04:05:09,188 - INFO - FLUKA OK: rs2_ep-1_step62.inp (186.9s)
2026-05-01 04:05:09,242 - INFO - Ep-1 Step62: Reward=32.3832 | Success=True
2026-05-01 04:05:09,242 - INFO - Eval 45: Reward=32.3832  State=[7.5, 12.0, 8.0, 200000.0, -10.0]
2026-05-01 04:05:09,242 - INFO - Generated: rs2_ep-1_step63.inp | T=2.0, W=16.0x9.0, NPS=300000, BEAMPOS=-40.0
2026-05-01 04:06:33,493 - INFO - FLUKA OK: rs2_ep-1_step63.inp (84.3s)
2026-05-01 04:06:33,537 - INFO - Ep-1 Step63: Reward=11.3869 | Success=True
2026-05-01 04:06:33,538 - INFO - Eval 46: Reward=11.3869  State=[2.0, 16.0, 9.0, 300000.0, -40.0]
2026-05-01 04:06:33,538 - INFO - Generated: rs2_ep-1_step64.inp | T=5.0, W=15.0x16.0, NPS=500000, BEAMPOS=-15.0
2026-05-01 04:11:20,267 - INFO - FLUKA OK: rs2_ep-1_step64.inp (286.7s)
2026-05-01 04:11:20,312 - INFO - Ep-1 Step64: Reward=24.9372 | Success=True
2026-05-01 04:11:20,313 - INFO - Eval 47: Reward=24.9372  State=[5.0, 15.0, 16.0, 500000.0, -15.0]
2026-05-01 04:11:20,313 - INFO - Generated: rs2_ep-1_step65.inp | T=7.0, W=11.0x10.0, NPS=500000, BEAMPOS=-10.0
2026-05-01 04:18:22,552 - INFO - FLUKA OK: rs2_ep-1_step65.inp (422.2s)
2026-05-01 04:18:23,449 - INFO - Ep-1 Step65: Reward=26.7177 | Success=True
2026-05-01 04:18:23,451 - INFO - Eval 48: Reward=26.7177  State=[7.0, 11.0, 10.0, 500000.0, -10.0]
2026-05-01 04:18:23,451 - INFO - Generated: rs2_ep-1_step66.inp | T=10.0, W=15.0x5.0, NPS=1000000, BEAMPOS=-25.0
2026-05-01 04:18:24,246 - ERROR - FLUKA failed: Command '['rfluka', '-M', '5', 'rs2_ep-1_step66.inp']' returned non-zero exit status 12.
2026-05-01 04:18:24,246 - WARNING - Eval 66 failed (total failed=18)
2026-05-01 04:18:24,246 - INFO - Generated: rs2_ep-1_step67.inp | T=10.0, W=6.0x18.0, NPS=800000, BEAMPOS=-45.0
2026-05-01 04:28:24,730 - ERROR - FLUKA failed: Command '['rfluka', '-M', '5', 'rs2_ep-1_step67.inp']' timed out after 600 seconds
2026-05-01 04:28:24,821 - WARNING - Eval 67 failed (total failed=19)
2026-05-01 04:28:24,821 - INFO - Generated: rs2_ep-1_step68.inp | T=3.0, W=5.0x16.0, NPS=600000, BEAMPOS=-40.0
2026-05-01 04:32:12,679 - INFO - FLUKA OK: rs2_ep-1_step68.inp (227.9s)
2026-05-01 04:32:12,738 - INFO - Ep-1 Step68: Reward=22.6088 | Success=True
2026-05-01 04:32:12,738 - INFO - Eval 49: Reward=22.6088  State=[3.0, 5.0, 16.0, 600000.0, -40.0]
2026-05-01 04:32:12,738 - INFO - Generated: rs2_ep-1_step69.inp | T=5.0, W=16.0x8.0, NPS=600000, BEAMPOS=-15.0
2026-05-01 04:37:54,919 - INFO - FLUKA OK: rs2_ep-1_step69.inp (342.2s)
2026-05-01 04:37:54,959 - INFO - Ep-1 Step69: Reward=21.8223 | Success=True
2026-05-01 04:37:54,959 - INFO - Eval 50: Reward=21.8223  State=[5.0, 16.0, 8.0, 600000.0, -15.0]
2026-05-01 04:37:54,959 - INFO - Generated: rs2_ep-1_step70.inp | T=6.0, W=8.0x15.0, NPS=400000, BEAMPOS=-35.0
2026-05-01 04:42:33,460 - INFO - FLUKA OK: rs2_ep-1_step70.inp (278.5s)
2026-05-01 04:42:33,540 - INFO - Ep-1 Step70: Reward=-1.6216 | Success=True
2026-05-01 04:42:33,541 - INFO - Eval 51: Reward=-1.6216  State=[6.0, 8.0, 15.0, 400000.0, -35.0]
2026-05-01 04:42:33,541 - INFO - Generated: rs2_ep-1_step71.inp | T=9.5, W=6.0x13.0, NPS=1000000, BEAMPOS=-40.0
2026-05-01 04:42:34,130 - ERROR - FLUKA failed: Command '['rfluka', '-M', '5', 'rs2_ep-1_step71.inp']' returned non-zero exit status 12.
2026-05-01 04:42:34,130 - WARNING - Eval 71 failed (total failed=20)
2026-05-01 04:42:34,143 - INFO - Generated: rs2_ep-1_step72.inp | T=6.0, W=7.0x5.0, NPS=300000, BEAMPOS=-10.0
2026-05-01 04:45:59,948 - INFO - FLUKA OK: rs2_ep-1_step72.inp (205.8s)
2026-05-01 04:46:00,678 - INFO - Ep-1 Step72: Reward=26.0271 | Success=True
2026-05-01 04:46:00,678 - INFO - Eval 52: Reward=26.0271  State=[6.0, 7.0, 5.0, 300000.0, -10.0]
2026-05-01 04:46:00,678 - INFO - Generated: rs2_ep-1_step73.inp | T=2.0, W=6.0x18.0, NPS=900000, BEAMPOS=-45.0
2026-05-01 04:49:33,853 - INFO - FLUKA OK: rs2_ep-1_step73.inp (213.0s)
2026-05-01 04:49:34,466 - INFO - Ep-1 Step73: Reward=16.0846 | Success=True
2026-05-01 04:49:34,466 - INFO - Eval 53: Reward=16.0846  State=[2.0, 6.0, 18.0, 900000.0, -45.0]
2026-05-01 04:49:34,467 - INFO - Generated: rs2_ep-1_step74.inp | T=3.5, W=14.0x16.0, NPS=900000, BEAMPOS=-40.0
2026-05-01 04:55:27,865 - INFO - FLUKA OK: rs2_ep-1_step74.inp (353.4s)
2026-05-01 04:55:28,102 - INFO - Ep-1 Step74: Reward=19.5290 | Success=True
2026-05-01 04:55:28,104 - INFO - Eval 54: Reward=19.5290  State=[3.5, 14.0, 16.0, 900000.0, -40.0]
2026-05-01 04:55:28,115 - INFO - Generated: rs2_ep-1_step75.inp | T=7.5, W=13.0x8.0, NPS=900000, BEAMPOS=-45.0
2026-05-01 05:05:28,217 - ERROR - FLUKA failed: Command '['rfluka', '-M', '5', 'rs2_ep-1_step75.inp']' timed out after 600 seconds
2026-05-01 05:05:28,233 - WARNING - Eval 75 failed (total failed=21)
2026-05-01 05:05:28,246 - INFO - Generated: rs2_ep-1_step76.inp | T=3.0, W=11.0x17.0, NPS=1000000, BEAMPOS=-45.0
2026-05-01 05:05:29,089 - ERROR - FLUKA failed: Command '['rfluka', '-M', '5', 'rs2_ep-1_step76.inp']' returned non-zero exit status 12.
2026-05-01 05:05:29,089 - WARNING - Eval 76 failed (total failed=22)
2026-05-01 05:05:29,089 - INFO - Generated: rs2_ep-1_step77.inp | T=3.0, W=12.0x13.0, NPS=300000, BEAMPOS=-30.0
2026-05-01 05:07:22,046 - INFO - FLUKA OK: rs2_ep-1_step77.inp (113.0s)
2026-05-01 05:07:22,404 - INFO - Ep-1 Step77: Reward=17.0368 | Success=True
2026-05-01 05:07:22,404 - INFO - Eval 55: Reward=17.0368  State=[3.0, 12.0, 13.0, 300000.0, -30.0]
2026-05-01 05:07:22,404 - INFO - Generated: rs2_ep-1_step78.inp | T=7.0, W=8.0x11.0, NPS=500000, BEAMPOS=-45.0
2026-05-01 05:14:41,760 - INFO - FLUKA OK: rs2_ep-1_step78.inp (439.4s)
2026-05-01 05:14:41,882 - INFO - Ep-1 Step78: Reward=28.2469 | Success=True
2026-05-01 05:14:41,883 - INFO - Eval 56: Reward=28.2469  State=[7.0, 8.0, 11.0, 500000.0, -45.0]
2026-05-01 05:14:41,900 - INFO - Generated: rs2_ep-1_step79.inp | T=3.5, W=17.0x12.0, NPS=900000, BEAMPOS=-20.0
2026-05-01 05:20:48,218 - INFO - FLUKA OK: rs2_ep-1_step79.inp (366.3s)
2026-05-01 05:20:48,330 - INFO - Ep-1 Step79: Reward=20.5793 | Success=True
2026-05-01 05:20:48,330 - INFO - Eval 57: Reward=20.5793  State=[3.5, 17.0, 12.0, 900000.0, -20.0]
2026-05-01 05:20:48,341 - INFO - Generated: rs2_ep-1_step80.inp | T=7.5, W=18.0x18.0, NPS=700000, BEAMPOS=-15.0
2026-05-01 05:30:48,441 - ERROR - FLUKA failed: Command '['rfluka', '-M', '5', 'rs2_ep-1_step80.inp']' timed out after 600 seconds
2026-05-01 05:30:48,441 - WARNING - Eval 80 failed (total failed=23)
2026-05-01 05:30:48,480 - INFO - Generated: rs2_ep-1_step81.inp | T=9.0, W=20.0x12.0, NPS=700000, BEAMPOS=-45.0
2026-05-01 05:40:48,777 - ERROR - FLUKA failed: Command '['rfluka', '-M', '5', 'rs2_ep-1_step81.inp']' timed out after 600 seconds
2026-05-01 05:40:48,777 - WARNING - Eval 81 failed (total failed=24)
2026-05-01 05:40:48,777 - INFO - Generated: rs2_ep-1_step82.inp | T=3.0, W=17.0x10.0, NPS=1000000, BEAMPOS=-40.0
2026-05-01 05:40:49,645 - ERROR - FLUKA failed: Command '['rfluka', '-M', '5', 'rs2_ep-1_step82.inp']' returned non-zero exit status 12.
2026-05-01 05:40:49,645 - WARNING - Eval 82 failed (total failed=25)
2026-05-01 05:40:49,645 - INFO - Generated: rs2_ep-1_step83.inp | T=9.5, W=15.0x10.0, NPS=200000, BEAMPOS=-35.0
2026-05-01 05:44:56,167 - INFO - FLUKA OK: rs2_ep-1_step83.inp (246.5s)
2026-05-01 05:44:56,307 - INFO - Ep-1 Step83: Reward=29.5594 | Success=True
2026-05-01 05:44:56,307 - INFO - Eval 58: Reward=29.5594  State=[9.5, 15.0, 10.0, 200000.0, -35.0]
2026-05-01 05:44:56,334 - INFO - Generated: rs2_ep-1_step84.inp | T=2.0, W=10.0x9.0, NPS=900000, BEAMPOS=-35.0
2026-05-01 05:48:32,863 - INFO - FLUKA OK: rs2_ep-1_step84.inp (216.5s)
2026-05-01 05:48:32,913 - INFO - Ep-1 Step84: Reward=18.3136 | Success=True
2026-05-01 05:48:32,914 - INFO - Eval 59: Reward=18.3136  State=[2.0, 10.0, 9.0, 900000.0, -35.0]
2026-05-01 05:48:32,914 - INFO - Generated: rs2_ep-1_step85.inp | T=2.5, W=6.0x9.0, NPS=400000, BEAMPOS=-25.0
2026-05-01 05:50:33,177 - INFO - FLUKA OK: rs2_ep-1_step85.inp (120.3s)
2026-05-01 05:50:33,251 - INFO - Ep-1 Step85: Reward=18.5827 | Success=True
2026-05-01 05:50:33,252 - INFO - Eval 60: Reward=18.5827  State=[2.5, 6.0, 9.0, 400000.0, -25.0]
2026-05-01 05:50:33,262 - INFO - Generated: rs2_ep-1_step86.inp | T=8.5, W=17.0x11.0, NPS=500000, BEAMPOS=-35.0
2026-05-01 05:59:17,660 - INFO - FLUKA OK: rs2_ep-1_step86.inp (524.4s)
2026-05-01 05:59:18,329 - INFO - Ep-1 Step86: Reward=36.4160 | Success=True
2026-05-01 05:59:18,331 - INFO - Eval 61: Reward=36.4160  State=[8.5, 17.0, 11.0, 500000.0, -35.0]
2026-05-01 05:59:18,331 - INFO - Generated: rs2_ep-1_step87.inp | T=7.0, W=7.0x20.0, NPS=900000, BEAMPOS=-45.0
2026-05-01 06:09:18,484 - ERROR - FLUKA failed: Command '['rfluka', '-M', '5', 'rs2_ep-1_step87.inp']' timed out after 600 seconds
2026-05-01 06:09:18,564 - WARNING - Eval 87 failed (total failed=26)
2026-05-01 06:09:18,564 - INFO - Generated: rs2_ep-1_step88.inp | T=6.0, W=10.0x15.0, NPS=500000, BEAMPOS=-30.0
2026-05-01 06:15:24,380 - INFO - FLUKA OK: rs2_ep-1_step88.inp (365.8s)
2026-05-01 06:15:24,483 - INFO - Ep-1 Step88: Reward=33.7871 | Success=True
2026-05-01 06:15:24,484 - INFO - Eval 62: Reward=33.7871  State=[6.0, 10.0, 15.0, 500000.0, -30.0]
2026-05-01 06:15:24,498 - INFO - Generated: rs2_ep-1_step89.inp | T=8.0, W=20.0x14.0, NPS=900000, BEAMPOS=-50.0
2026-05-01 06:25:24,577 - ERROR - FLUKA failed: Command '['rfluka', '-M', '5', 'rs2_ep-1_step89.inp']' timed out after 600 seconds
2026-05-01 06:25:24,691 - WARNING - Eval 89 failed (total failed=27)
2026-05-01 06:25:24,938 - INFO - Generated: rs2_ep-1_step90.inp | T=2.0, W=11.0x12.0, NPS=300000, BEAMPOS=-50.0
2026-05-01 06:27:07,802 - INFO - FLUKA OK: rs2_ep-1_step90.inp (102.9s)
2026-05-01 06:27:08,092 - INFO - Ep-1 Step90: Reward=-7.7073 | Success=True
2026-05-01 06:27:08,092 - INFO - Eval 63: Reward=-7.7073  State=[2.0, 11.0, 12.0, 300000.0, -50.0]
2026-05-01 06:27:08,109 - INFO - Generated: rs2_ep-1_step91.inp | T=5.0, W=8.0x19.0, NPS=600000, BEAMPOS=-15.0
2026-05-01 06:32:46,618 - INFO - FLUKA OK: rs2_ep-1_step91.inp (338.5s)
2026-05-01 06:32:46,666 - INFO - Ep-1 Step91: Reward=23.6526 | Success=True
2026-05-01 06:32:46,667 - INFO - Eval 64: Reward=23.6526  State=[5.0, 8.0, 19.0, 600000.0, -15.0]
2026-05-01 06:32:46,712 - INFO - Generated: rs2_ep-1_step92.inp | T=3.5, W=18.0x15.0, NPS=100000, BEAMPOS=-10.0
2026-05-01 06:33:32,603 - INFO - FLUKA OK: rs2_ep-1_step92.inp (45.9s)
2026-05-01 06:33:32,844 - INFO - Ep-1 Step92: Reward=19.8500 | Success=True
2026-05-01 06:33:32,844 - INFO - Eval 65: Reward=19.8500  State=[3.5, 18.0, 15.0, 100000.0, -10.0]
2026-05-01 06:33:32,845 - INFO - Generated: rs2_ep-1_step93.inp | T=6.0, W=7.0x16.0, NPS=700000, BEAMPOS=-25.0
2026-05-01 06:40:11,472 - INFO - FLUKA OK: rs2_ep-1_step93.inp (398.6s)
2026-05-01 06:40:11,560 - INFO - Ep-1 Step93: Reward=31.0677 | Success=True
2026-05-01 06:40:11,560 - INFO - Eval 66: Reward=31.0677  State=[6.0, 7.0, 16.0, 700000.0, -25.0]
2026-05-01 06:40:11,560 - INFO - Generated: rs2_ep-1_step94.inp | T=4.0, W=12.0x15.0, NPS=300000, BEAMPOS=-50.0
2026-05-01 06:42:22,884 - INFO - FLUKA OK: rs2_ep-1_step94.inp (131.3s)
2026-05-01 06:42:23,243 - INFO - Ep-1 Step94: Reward=23.8801 | Success=True
2026-05-01 06:42:23,244 - INFO - Eval 67: Reward=23.8801  State=[4.0, 12.0, 15.0, 300000.0, -50.0]
2026-05-01 06:42:23,336 - INFO - Generated: rs2_ep-1_step95.inp | T=9.5, W=11.0x12.0, NPS=500000, BEAMPOS=-45.0
2026-05-01 06:50:40,103 - INFO - FLUKA OK: rs2_ep-1_step95.inp (496.8s)
2026-05-01 06:50:40,619 - INFO - Ep-1 Step95: Reward=26.3420 | Success=True
2026-05-01 06:50:40,619 - INFO - Eval 68: Reward=26.3420  State=[9.5, 11.0, 12.0, 500000.0, -45.0]
2026-05-01 06:50:40,619 - INFO - Generated: rs2_ep-1_step96.inp | T=9.5, W=13.0x12.0, NPS=900000, BEAMPOS=-25.0
2026-05-01 07:00:40,781 - ERROR - FLUKA failed: Command '['rfluka', '-M', '5', 'rs2_ep-1_step96.inp']' timed out after 600 seconds
2026-05-01 07:00:40,781 - WARNING - Eval 96 failed (total failed=28)
2026-05-01 07:00:40,781 - INFO - Generated: rs2_ep-1_step97.inp | T=3.5, W=19.0x14.0, NPS=300000, BEAMPOS=-10.0
2026-05-01 07:02:53,108 - INFO - FLUKA OK: rs2_ep-1_step97.inp (132.3s)
2026-05-01 07:02:53,427 - INFO - Ep-1 Step97: Reward=20.9341 | Success=True
2026-05-01 07:02:53,427 - INFO - Eval 69: Reward=20.9341  State=[3.5, 19.0, 14.0, 300000.0, -10.0]
2026-05-01 07:02:53,427 - INFO - Generated: rs2_ep-1_step98.inp | T=10.0, W=16.0x19.0, NPS=500000, BEAMPOS=-35.0
2026-05-01 07:12:11,921 - INFO - FLUKA OK: rs2_ep-1_step98.inp (558.5s)
2026-05-01 07:12:12,404 - INFO - Ep-1 Step98: Reward=33.8086 | Success=True
2026-05-01 07:12:12,404 - INFO - Eval 70: Reward=33.8086  State=[10.0, 16.0, 19.0, 500000.0, -35.0]
2026-05-01 07:12:12,502 - INFO - Generated: rs2_ep-1_step99.inp | T=6.5, W=12.0x6.0, NPS=600000, BEAMPOS=-20.0
2026-05-01 07:18:41,631 - INFO - FLUKA OK: rs2_ep-1_step99.inp (389.1s)
2026-05-01 07:18:41,672 - INFO - Ep-1 Step99: Reward=24.7538 | Success=True
2026-05-01 07:18:41,672 - INFO - Eval 71: Reward=24.7538  State=[6.5, 12.0, 6.0, 600000.0, -20.0]
2026-05-01 07:18:41,672 - INFO - Generated: rs2_ep-1_step100.inp | T=6.5, W=14.0x16.0, NPS=300000, BEAMPOS=-30.0
2026-05-01 07:22:06,067 - INFO - FLUKA OK: rs2_ep-1_step100.inp (204.4s)
2026-05-01 07:22:07,272 - INFO - Ep-1 Step100: Reward=20.9083 | Success=True
2026-05-01 07:22:07,272 - INFO - Eval 72: Reward=20.9083  State=[6.5, 14.0, 16.0, 300000.0, -30.0]
2026-05-01 07:22:07,272 - INFO - Generated: rs2_ep-1_step101.inp | T=7.5, W=13.0x8.0, NPS=600000, BEAMPOS=-30.0
2026-05-01 07:29:45,195 - INFO - FLUKA OK: rs2_ep-1_step101.inp (457.9s)
2026-05-01 07:29:45,354 - INFO - Ep-1 Step101: Reward=26.9137 | Success=True
2026-05-01 07:29:45,355 - INFO - Eval 73: Reward=26.9137  State=[7.5, 13.0, 8.0, 600000.0, -30.0]
2026-05-01 07:29:45,355 - INFO - Generated: rs2_ep-1_step102.inp | T=7.5, W=9.0x15.0, NPS=800000, BEAMPOS=-35.0
2026-05-01 07:39:41,912 - INFO - FLUKA OK: rs2_ep-1_step102.inp (596.6s)
2026-05-01 07:39:41,980 - INFO - Ep-1 Step102: Reward=33.0768 | Success=True
2026-05-01 07:39:41,980 - INFO - Eval 74: Reward=33.0768  State=[7.5, 9.0, 15.0, 800000.0, -35.0]
2026-05-01 07:39:41,980 - INFO - Generated: rs2_ep-1_step103.inp | T=7.0, W=18.0x13.0, NPS=1000000, BEAMPOS=-25.0
2026-05-01 07:39:42,443 - ERROR - FLUKA failed: Command '['rfluka', '-M', '5', 'rs2_ep-1_step103.inp']' returned non-zero exit status 12.
2026-05-01 07:39:42,443 - WARNING - Eval 103 failed (total failed=29)
2026-05-01 07:39:42,450 - INFO - Generated: rs2_ep-1_step104.inp | T=4.5, W=14.0x6.0, NPS=400000, BEAMPOS=-40.0
2026-05-01 07:42:36,679 - INFO - FLUKA OK: rs2_ep-1_step104.inp (174.2s)
2026-05-01 07:42:36,699 - INFO - Ep-1 Step104: Reward=19.9543 | Success=True
2026-05-01 07:42:36,699 - INFO - Eval 75: Reward=19.9543  State=[4.5, 14.0, 6.0, 400000.0, -40.0]
2026-05-01 07:42:36,699 - INFO - Generated: rs2_ep-1_step105.inp | T=9.5, W=19.0x11.0, NPS=700000, BEAMPOS=-40.0
2026-05-01 07:52:36,794 - ERROR - FLUKA failed: Command '['rfluka', '-M', '5', 'rs2_ep-1_step105.inp']' timed out after 600 seconds
2026-05-01 07:52:36,794 - WARNING - Eval 105 failed (total failed=30)
2026-05-01 07:52:36,795 - INFO - Generated: rs2_ep-1_step106.inp | T=7.5, W=6.0x14.0, NPS=300000, BEAMPOS=-40.0
2026-05-01 07:56:13,301 - INFO - FLUKA OK: rs2_ep-1_step106.inp (216.5s)
2026-05-01 07:56:13,559 - INFO - Ep-1 Step106: Reward=35.7432 | Success=True
2026-05-01 07:56:13,559 - INFO - Eval 76: Reward=35.7432  State=[7.5, 6.0, 14.0, 300000.0, -40.0]
2026-05-01 07:56:13,559 - INFO - Generated: rs2_ep-1_step107.inp | T=4.5, W=9.0x18.0, NPS=300000, BEAMPOS=-45.0
2026-05-01 07:58:25,882 - INFO - FLUKA OK: rs2_ep-1_step107.inp (132.3s)
2026-05-01 07:58:26,151 - INFO - Ep-1 Step107: Reward=24.1381 | Success=True
2026-05-01 07:58:26,152 - INFO - Eval 77: Reward=24.1381  State=[4.5, 9.0, 18.0, 300000.0, -45.0]
2026-05-01 07:58:26,152 - INFO - Generated: rs2_ep-1_step108.inp | T=4.5, W=18.0x11.0, NPS=800000, BEAMPOS=-25.0
2026-05-01 08:03:48,505 - INFO - FLUKA OK: rs2_ep-1_step108.inp (322.4s)
2026-05-01 08:03:48,696 - INFO - Ep-1 Step108: Reward=23.3042 | Success=True
2026-05-01 08:03:48,696 - INFO - Eval 78: Reward=23.3042  State=[4.5, 18.0, 11.0, 800000.0, -25.0]
2026-05-01 08:03:48,697 - INFO - Generated: rs2_ep-1_step109.inp | T=2.5, W=18.0x12.0, NPS=1000000, BEAMPOS=-45.0
2026-05-01 08:03:49,066 - ERROR - FLUKA failed: Command '['rfluka', '-M', '5', 'rs2_ep-1_step109.inp']' returned non-zero exit status 12.
2026-05-01 08:03:49,067 - WARNING - Eval 109 failed (total failed=31)
2026-05-01 08:03:49,067 - INFO - Generated: rs2_ep-1_step110.inp | T=6.0, W=14.0x20.0, NPS=600000, BEAMPOS=-15.0
2026-05-01 08:09:23,261 - INFO - FLUKA OK: rs2_ep-1_step110.inp (334.2s)
2026-05-01 08:09:23,914 - INFO - Ep-1 Step110: Reward=25.7040 | Success=True
2026-05-01 08:09:23,914 - INFO - Eval 79: Reward=25.7040  State=[6.0, 14.0, 20.0, 600000.0, -15.0]
2026-05-01 08:09:23,914 - INFO - Generated: rs2_ep-1_step111.inp | T=2.5, W=18.0x10.0, NPS=700000, BEAMPOS=-50.0
2026-05-01 08:12:06,318 - INFO - FLUKA OK: rs2_ep-1_step111.inp (162.4s)
2026-05-01 08:12:06,607 - INFO - Ep-1 Step111: Reward=11.9335 | Success=True
2026-05-01 08:12:06,607 - INFO - Eval 80: Reward=11.9335  State=[2.5, 18.0, 10.0, 700000.0, -50.0]
2026-05-01 08:12:06,608 - INFO - Generated: rs2_ep-1_step112.inp | T=5.5, W=10.0x13.0, NPS=400000, BEAMPOS=-15.0
2026-05-01 08:15:32,312 - INFO - FLUKA OK: rs2_ep-1_step112.inp (205.7s)
2026-05-01 08:15:32,417 - INFO - Ep-1 Step112: Reward=24.9754 | Success=True
2026-05-01 08:15:32,417 - INFO - Eval 81: Reward=24.9754  State=[5.5, 10.0, 13.0, 400000.0, -15.0]
2026-05-01 08:15:32,417 - INFO - Generated: rs2_ep-1_step113.inp | T=9.0, W=17.0x12.0, NPS=700000, BEAMPOS=-45.0
2026-05-01 08:25:32,520 - ERROR - FLUKA failed: Command '['rfluka', '-M', '5', 'rs2_ep-1_step113.inp']' timed out after 600 seconds
2026-05-01 08:25:32,520 - WARNING - Eval 113 failed (total failed=32)
2026-05-01 08:25:32,520 - INFO - Generated: rs2_ep-1_step114.inp | T=7.0, W=19.0x10.0, NPS=300000, BEAMPOS=-15.0
2026-05-01 08:28:57,953 - INFO - FLUKA OK: rs2_ep-1_step114.inp (205.4s)
2026-05-01 08:28:58,057 - INFO - Ep-1 Step114: Reward=28.7369 | Success=True
2026-05-01 08:28:58,057 - INFO - Eval 82: Reward=28.7369  State=[7.0, 19.0, 10.0, 300000.0, -15.0]
2026-05-01 08:28:58,057 - INFO - Generated: rs2_ep-1_step115.inp | T=3.5, W=8.0x18.0, NPS=300000, BEAMPOS=-35.0
2026-05-01 08:30:41,754 - INFO - FLUKA OK: rs2_ep-1_step115.inp (103.7s)
2026-05-01 08:30:41,905 - INFO - Ep-1 Step115: Reward=15.4046 | Success=True
2026-05-01 08:30:41,905 - INFO - Eval 83: Reward=15.4046  State=[3.5, 8.0, 18.0, 300000.0, -35.0]
2026-05-01 08:30:41,905 - INFO - Generated: rs2_ep-1_step116.inp | T=8.5, W=20.0x10.0, NPS=900000, BEAMPOS=-35.0
2026-05-01 08:40:42,094 - ERROR - FLUKA failed: Command '['rfluka', '-M', '5', 'rs2_ep-1_step116.inp']' timed out after 600 seconds
2026-05-01 08:40:42,094 - WARNING - Eval 116 failed (total failed=33)
2026-05-01 08:40:42,094 - INFO - Generated: rs2_ep-1_step117.inp | T=6.0, W=7.0x18.0, NPS=400000, BEAMPOS=-30.0
2026-05-01 08:44:33,871 - INFO - FLUKA OK: rs2_ep-1_step117.inp (231.8s)
2026-05-01 08:44:33,886 - INFO - Ep-1 Step117: Reward=20.5498 | Success=True
2026-05-01 08:44:33,886 - INFO - Eval 84: Reward=20.5498  State=[6.0, 7.0, 18.0, 400000.0, -30.0]
2026-05-01 08:44:33,886 - INFO - Generated: rs2_ep-1_step118.inp | T=8.5, W=5.0x17.0, NPS=600000, BEAMPOS=-25.0
2026-05-01 08:52:26,632 - INFO - FLUKA OK: rs2_ep-1_step118.inp (472.7s)
2026-05-01 08:52:26,647 - INFO - Ep-1 Step118: Reward=31.2467 | Success=True
2026-05-01 08:52:26,647 - INFO - Eval 85: Reward=31.2467  State=[8.5, 5.0, 17.0, 600000.0, -25.0]
2026-05-01 08:52:26,647 - INFO - Generated: rs2_ep-1_step119.inp | T=10.0, W=9.0x12.0, NPS=600000, BEAMPOS=-15.0
2026-05-01 09:02:18,282 - INFO - FLUKA OK: rs2_ep-1_step119.inp (591.6s)
2026-05-01 09:02:18,643 - INFO - Ep-1 Step119: Reward=33.7710 | Success=True
2026-05-01 09:02:18,643 - INFO - Eval 86: Reward=33.7710  State=[10.0, 9.0, 12.0, 600000.0, -15.0]
2026-05-01 09:02:18,643 - INFO - Generated: rs2_ep-1_step120.inp | T=9.5, W=17.0x16.0, NPS=600000, BEAMPOS=-40.0
2026-05-01 09:11:41,145 - INFO - FLUKA OK: rs2_ep-1_step120.inp (562.5s)
2026-05-01 09:11:42,021 - INFO - Ep-1 Step120: Reward=2.4705 | Success=True
2026-05-01 09:11:42,021 - INFO - Eval 87: Reward=2.4705  State=[9.5, 17.0, 16.0, 600000.0, -40.0]
2026-05-01 09:11:42,021 - INFO - Generated: rs2_ep-1_step121.inp | T=6.0, W=13.0x10.0, NPS=1000000, BEAMPOS=-15.0
2026-05-01 09:11:42,393 - ERROR - FLUKA failed: Command '['rfluka', '-M', '5', 'rs2_ep-1_step121.inp']' returned non-zero exit status 12.
2026-05-01 09:11:42,393 - WARNING - Eval 121 failed (total failed=34)
2026-05-01 09:11:42,393 - INFO - Generated: rs2_ep-1_step122.inp | T=7.0, W=18.0x10.0, NPS=1000000, BEAMPOS=-45.0
2026-05-01 09:11:42,905 - ERROR - FLUKA failed: Command '['rfluka', '-M', '5', 'rs2_ep-1_step122.inp']' returned non-zero exit status 12.
2026-05-01 09:11:42,905 - WARNING - Eval 122 failed (total failed=35)
2026-05-01 09:11:42,905 - INFO - Generated: rs2_ep-1_step123.inp | T=6.5, W=10.0x18.0, NPS=300000, BEAMPOS=-25.0
2026-05-01 09:14:42,345 - INFO - FLUKA OK: rs2_ep-1_step123.inp (179.4s)
2026-05-01 09:14:42,406 - INFO - Ep-1 Step123: Reward=30.9132 | Success=True
2026-05-01 09:14:42,406 - INFO - Eval 88: Reward=30.9132  State=[6.5, 10.0, 18.0, 300000.0, -25.0]
2026-05-01 09:14:42,406 - INFO - Generated: rs2_ep-1_step124.inp | T=10.0, W=17.0x7.0, NPS=900000, BEAMPOS=-35.0
2026-05-01 09:24:42,506 - ERROR - FLUKA failed: Command '['rfluka', '-M', '5', 'rs2_ep-1_step124.inp']' timed out after 600 seconds
2026-05-01 09:24:42,506 - WARNING - Eval 124 failed (total failed=36)
2026-05-01 09:24:42,506 - INFO - Generated: rs2_ep-1_step125.inp | T=6.5, W=11.0x9.0, NPS=800000, BEAMPOS=-25.0
2026-05-01 09:32:20,629 - INFO - FLUKA OK: rs2_ep-1_step125.inp (458.1s)
2026-05-01 09:32:20,677 - INFO - Ep-1 Step125: Reward=29.4952 | Success=True
2026-05-01 09:32:20,677 - INFO - Eval 89: Reward=29.4952  State=[6.5, 11.0, 9.0, 800000.0, -25.0]
2026-05-01 09:32:20,684 - INFO - Generated: rs2_ep-1_step126.inp | T=5.0, W=19.0x18.0, NPS=700000, BEAMPOS=-30.0
2026-05-01 09:37:35,433 - INFO - FLUKA OK: rs2_ep-1_step126.inp (314.7s)
2026-05-01 09:37:35,487 - INFO - Ep-1 Step126: Reward=32.0324 | Success=True
2026-05-01 09:37:35,487 - INFO - Eval 90: Reward=32.0324  State=[5.0, 19.0, 18.0, 700000.0, -30.0]
2026-05-01 09:37:35,487 - INFO - Generated: rs2_ep-1_step127.inp | T=8.5, W=7.0x18.0, NPS=500000, BEAMPOS=-15.0
2026-05-01 09:44:07,653 - INFO - FLUKA OK: rs2_ep-1_step127.inp (392.2s)
2026-05-01 09:44:07,683 - INFO - Ep-1 Step127: Reward=29.7310 | Success=True
2026-05-01 09:44:07,683 - INFO - Eval 91: Reward=29.7310  State=[8.5, 7.0, 18.0, 500000.0, -15.0]
2026-05-01 09:44:07,683 - INFO - Generated: rs2_ep-1_step128.inp | T=4.5, W=16.0x15.0, NPS=100000, BEAMPOS=-30.0
2026-05-01 09:44:58,458 - INFO - FLUKA OK: rs2_ep-1_step128.inp (50.8s)
2026-05-01 09:44:58,525 - INFO - Ep-1 Step128: Reward=18.9205 | Success=True
2026-05-01 09:44:58,525 - INFO - Eval 92: Reward=18.9205  State=[4.5, 16.0, 15.0, 100000.0, -30.0]
2026-05-01 09:44:58,525 - INFO - Generated: rs2_ep-1_step129.inp | T=3.0, W=14.0x17.0, NPS=100000, BEAMPOS=-35.0
2026-05-01 09:45:35,740 - INFO - FLUKA OK: rs2_ep-1_step129.inp (37.2s)
2026-05-01 09:45:35,756 - INFO - Ep-1 Step129: Reward=14.0217 | Success=True
2026-05-01 09:45:35,756 - INFO - Eval 93: Reward=14.0217  State=[3.0, 14.0, 17.0, 100000.0, -35.0]
2026-05-01 09:45:35,756 - INFO - Generated: rs2_ep-1_step130.inp | T=5.5, W=6.0x8.0, NPS=900000, BEAMPOS=-20.0
2026-05-01 09:52:39,638 - INFO - FLUKA OK: rs2_ep-1_step130.inp (423.9s)
2026-05-01 09:52:39,668 - INFO - Ep-1 Step130: Reward=29.9644 | Success=True
2026-05-01 09:52:39,668 - INFO - Eval 94: Reward=29.9644  State=[5.5, 6.0, 8.0, 900000.0, -20.0]
2026-05-01 09:52:39,695 - INFO - Generated: rs2_ep-1_step131.inp | T=3.0, W=18.0x9.0, NPS=1000000, BEAMPOS=-25.0
2026-05-01 09:52:40,058 - ERROR - FLUKA failed: Command '['rfluka', '-M', '5', 'rs2_ep-1_step131.inp']' returned non-zero exit status 12.
2026-05-01 09:52:40,058 - WARNING - Eval 131 failed (total failed=37)
2026-05-01 09:52:40,058 - INFO - Generated: rs2_ep-1_step132.inp | T=9.5, W=12.0x7.0, NPS=900000, BEAMPOS=-35.0
2026-05-01 10:02:40,160 - ERROR - FLUKA failed: Command '['rfluka', '-M', '5', 'rs2_ep-1_step132.inp']' timed out after 600 seconds
2026-05-01 10:02:40,160 - WARNING - Eval 132 failed (total failed=38)
2026-05-01 10:02:40,160 - INFO - Generated: rs2_ep-1_step133.inp | T=4.0, W=15.0x5.0, NPS=500000, BEAMPOS=-50.0
2026-05-01 10:05:37,817 - INFO - FLUKA OK: rs2_ep-1_step133.inp (177.7s)
2026-05-01 10:05:38,165 - INFO - Ep-1 Step133: Reward=28.0330 | Success=True
2026-05-01 10:05:38,165 - INFO - Eval 95: Reward=28.0330  State=[4.0, 15.0, 5.0, 500000.0, -50.0]
2026-05-01 10:05:38,165 - INFO - Generated: rs2_ep-1_step134.inp | T=8.5, W=16.0x11.0, NPS=100000, BEAMPOS=-15.0
2026-05-01 10:07:10,007 - INFO - FLUKA OK: rs2_ep-1_step134.inp (91.8s)
2026-05-01 10:07:10,204 - INFO - Ep-1 Step134: Reward=32.0578 | Success=True
2026-05-01 10:07:10,204 - INFO - Eval 96: Reward=32.0578  State=[8.5, 16.0, 11.0, 100000.0, -15.0]
2026-05-01 10:07:10,204 - INFO - Generated: rs2_ep-1_step135.inp | T=7.5, W=14.0x8.0, NPS=100000, BEAMPOS=-45.0
2026-05-01 10:08:28,270 - INFO - FLUKA OK: rs2_ep-1_step135.inp (78.1s)
2026-05-01 10:08:28,331 - INFO - Ep-1 Step135: Reward=32.6503 | Success=True
2026-05-01 10:08:28,331 - INFO - Eval 97: Reward=32.6503  State=[7.5, 14.0, 8.0, 100000.0, -45.0]
2026-05-01 10:08:28,331 - INFO - Generated: rs2_ep-1_step136.inp | T=3.0, W=12.0x15.0, NPS=300000, BEAMPOS=-30.0
2026-05-01 10:09:56,261 - INFO - FLUKA OK: rs2_ep-1_step136.inp (87.9s)
2026-05-01 10:09:56,543 - INFO - Ep-1 Step136: Reward=19.9877 | Success=True
2026-05-01 10:09:56,543 - INFO - Eval 98: Reward=19.9877  State=[3.0, 12.0, 15.0, 300000.0, -30.0]
2026-05-01 10:09:56,543 - INFO - Generated: rs2_ep-1_step137.inp | T=9.5, W=13.0x19.0, NPS=600000, BEAMPOS=-20.0
2026-05-01 10:19:17,358 - INFO - FLUKA OK: rs2_ep-1_step137.inp (560.8s)
2026-05-01 10:19:17,522 - INFO - Ep-1 Step137: Reward=36.2958 | Success=True
2026-05-01 10:19:17,523 - INFO - Eval 99: Reward=36.2958  State=[9.5, 13.0, 19.0, 600000.0, -20.0]
2026-05-01 10:19:17,523 - INFO - Generated: rs2_ep-1_step138.inp | T=2.0, W=17.0x17.0, NPS=400000, BEAMPOS=-40.0
2026-05-01 10:20:40,051 - INFO - FLUKA OK: rs2_ep-1_step138.inp (82.5s)
2026-05-01 10:20:40,068 - INFO - Ep-1 Step138: Reward=15.3098 | Success=True
2026-05-01 10:20:40,068 - INFO - Eval 100: Reward=15.3098  State=[2.0, 17.0, 17.0, 400000.0, -40.0]
