 # Detector n:            1   piFluenUD (integrated over solid angle)
 # N. of energy intervals          50
  1.000E-09  1.637E-09  0.000E+00  0.000E+00
  1.637E-09  2.679E-09  0.000E+00  0.000E+00
  2.679E-09  4.385E-09  0.000E+00  0.000E+00
  4.385E-09  7.177E-09  0.000E+00  0.000E+00
  7.177E-09  1.175E-08  0.000E+00  0.000E+00
  1.175E-08  1.923E-08  0.000E+00  0.000E+00
  1.923E-08  3.147E-08  0.000E+00  0.000E+00
  3.147E-08  5.150E-08  0.000E+00  0.000E+00
  5.150E-08  8.430E-08  0.000E+00  0.000E+00
  8.430E-08  1.380E-07  0.000E+00  0.000E+00
  1.380E-07  2.258E-07  0.000E+00  0.000E+00
  2.258E-07  3.696E-07  0.000E+00  0.000E+00
  3.696E-07  6.050E-07  0.000E+00  0.000E+00
  6.050E-07  9.902E-07  0.000E+00  0.000E+00
  9.902E-07  1.621E-06  0.000E+00  0.000E+00
  1.621E-06  2.653E-06  0.000E+00  0.000E+00
  2.653E-06  4.342E-06  0.000E+00  0.000E+00
  4.342E-06  7.106E-06  0.000E+00  0.000E+00
  7.106E-06  1.163E-05  0.000E+00  0.000E+00
  1.163E-05  1.904E-05  1.867E-04  9.900E+01
  1.904E-05  3.116E-05  2.624E-04  9.900E+01
  3.116E-05  5.100E-05  1.434E-04  6.645E+01
  5.100E-05  8.347E-05  4.002E-05  9.900E+01
  8.347E-05  1.366E-04  5.082E-04  5.710E+01
  1.366E-04  2.236E-04  1.677E-04  3.315E+01
  2.236E-04  3.660E-04  1.309E-04  3.475E+01
  3.660E-04  5.990E-04  1.261E-04  2.448E+01
  5.990E-04  9.804E-04  1.241E-04  1.753E+01
  9.804E-04  1.605E-03  1.772E-04  1.572E+01
  1.605E-03  2.627E-03  1.631E-04  7.579E+00
  2.627E-03  4.299E-03  1.921E-04  1.887E+01
  4.299E-03  7.036E-03  1.465E-04  1.162E+01
  7.036E-03  1.152E-02  2.254E-04  5.085E+00
  1.152E-02  1.885E-02  4.111E-04  4.842E+00
  1.885E-02  3.085E-02  6.278E-04  4.726E+00
  3.085E-02  5.050E-02  8.166E-04  8.871E-01
  5.050E-02  8.265E-02  9.774E-04  1.147E+00
  8.265E-02  1.353E-01  9.554E-04  5.604E-01
  1.353E-01  2.214E-01  9.534E-04  9.753E-01
  2.214E-01  3.624E-01  9.220E-04  8.836E-01
  3.624E-01  5.931E-01  7.119E-04  4.822E-01
  5.931E-01  9.708E-01  4.492E-04  5.326E-01
  9.708E-01  1.589E+00  2.701E-04  4.038E-01
  1.589E+00  2.601E+00  1.547E-04  2.388E-01
  2.601E+00  4.257E+00  8.234E-05  3.042E-01
  4.257E+00  6.967E+00  3.959E-05  3.332E-01
  6.967E+00  1.140E+01  1.601E-05  2.519E-01
  1.140E+01  1.866E+01  4.950E-06  4.267E-01
  1.866E+01  3.055E+01  9.666E-07  5.290E-01
  3.055E+01  5.000E+01  5.429E-08  2.105E+00


 # double differential distributions
 # number of solid angle intervals          10
 # Block n:            1     0.00000000      :  0.628318548    
  1.000E-09  1.637E-09  0.000E+00  0.000E+00  0.000E+00  6.283E-01
  1.637E-09  2.679E-09  0.000E+00  0.000E+00  0.000E+00  6.283E-01
  2.679E-09  4.385E-09  0.000E+00  0.000E+00  0.000E+00  6.283E-01
  4.385E-09  7.177E-09  0.000E+00  0.000E+00  0.000E+00  6.283E-01
  7.177E-09  1.175E-08  0.000E+00  0.000E+00  0.000E+00  6.283E-01
  1.175E-08  1.923E-08  0.000E+00  0.000E+00  0.000E+00  6.283E-01
  1.923E-08  3.147E-08  0.000E+00  0.000E+00  0.000E+00  6.283E-01
  3.147E-08  5.150E-08  0.000E+00  0.000E+00  0.000E+00  6.283E-01
  5.150E-08  8.430E-08  0.000E+00  0.000E+00  0.000E+00  6.283E-01
  8.430E-08  1.380E-07  0.000E+00  0.000E+00  0.000E+00  6.283E-01
  1.380E-07  2.258E-07  0.000E+00  0.000E+00  0.000E+00  6.283E-01
  2.258E-07  3.696E-07  0.000E+00  0.000E+00  0.000E+00  6.283E-01
  3.696E-07  6.050E-07  0.000E+00  0.000E+00  0.000E+00  6.283E-01
  6.050E-07  9.902E-07  0.000E+00  0.000E+00  0.000E+00  6.283E-01
  9.902E-07  1.621E-06  0.000E+00  0.000E+00  0.000E+00  6.283E-01
  1.621E-06  2.653E-06  0.000E+00  0.000E+00  0.000E+00  6.283E-01
  2.653E-06  4.342E-06  0.000E+00  0.000E+00  0.000E+00  6.283E-01
  4.342E-06  7.106E-06  0.000E+00  0.000E+00  0.000E+00  6.283E-01
  7.106E-06  1.163E-05  0.000E+00  0.000E+00  0.000E+00  6.283E-01
  1.163E-05  1.904E-05  0.000E+00  0.000E+00  0.000E+00  6.283E-01
  1.904E-05  3.116E-05  0.000E+00  0.000E+00  0.000E+00  6.283E-01
  3.116E-05  5.100E-05  7.425E-05  9.900E+01  0.000E+00  6.283E-01
  5.100E-05  8.347E-05  0.000E+00  0.000E+00  0.000E+00  6.283E-01
  8.347E-05  1.366E-04  2.554E-05  9.900E+01  0.000E+00  6.283E-01
  1.366E-04  2.236E-04  0.000E+00  0.000E+00  0.000E+00  6.283E-01
  2.236E-04  3.660E-04  1.945E-05  6.126E+01  0.000E+00  6.283E-01
  3.660E-04  5.990E-04  1.867E-05  6.661E+01  0.000E+00  6.283E-01
  5.990E-04  9.804E-04  7.441E-06  9.900E+01  0.000E+00  6.283E-01
  9.804E-04  1.605E-03  1.999E-05  2.123E+01  0.000E+00  6.283E-01
  1.605E-03  2.627E-03  1.482E-05  2.963E+01  0.000E+00  6.283E-01
  2.627E-03  4.299E-03  2.424E-05  1.758E+01  0.000E+00  6.283E-01
  4.299E-03  7.036E-03  1.734E-05  1.061E+01  0.000E+00  6.283E-01
  7.036E-03  1.152E-02  2.969E-05  1.237E+01  0.000E+00  6.283E-01
  1.152E-02  1.885E-02  5.803E-05  4.682E+00  0.000E+00  6.283E-01
  1.885E-02  3.085E-02  8.732E-05  3.626E+00  0.000E+00  6.283E-01
  3.085E-02  5.050E-02  1.214E-04  2.327E+00  0.000E+00  6.283E-01
  5.050E-02  8.265E-02  1.520E-04  1.211E+00  0.000E+00  6.283E-01
  8.265E-02  1.353E-01  1.903E-04  1.315E+00  0.000E+00  6.283E-01
  1.353E-01  2.214E-01  2.665E-04  8.420E-01  0.000E+00  6.283E-01
  2.214E-01  3.624E-01  3.790E-04  7.511E-01  0.000E+00  6.283E-01
  3.624E-01  5.931E-01  4.671E-04  4.074E-01  0.000E+00  6.283E-01
  5.931E-01  9.708E-01  4.634E-04  6.323E-01  0.000E+00  6.283E-01
  9.708E-01  1.589E+00  3.745E-04  4.666E-01  0.000E+00  6.283E-01
  1.589E+00  2.601E+00  2.402E-04  2.507E-01  0.000E+00  6.283E-01
  2.601E+00  4.257E+00  1.309E-04  3.005E-01  0.000E+00  6.283E-01
  4.257E+00  6.967E+00  6.301E-05  3.333E-01  0.000E+00  6.283E-01
  6.967E+00  1.140E+01  2.549E-05  2.519E-01  0.000E+00  6.283E-01
  1.140E+01  1.866E+01  7.879E-06  4.267E-01  0.000E+00  6.283E-01
  1.866E+01  3.055E+01  1.538E-06  5.290E-01  0.000E+00  6.283E-01
  3.055E+01  5.000E+01  8.640E-08  2.105E+00  0.000E+00  6.283E-01
  5.000E+01  5.000E+01  0.000E+00  0.000E+00  0.000E+00  6.283E-01

 # Block n:            2    0.628318548      :   1.25663710    
  1.000E-09  1.637E-09  0.000E+00  0.000E+00  6.283E-01  1.257E+00
  1.637E-09  2.679E-09  0.000E+00  0.000E+00  6.283E-01  1.257E+00
  2.679E-09  4.385E-09  0.000E+00  0.000E+00  6.283E-01  1.257E+00
  4.385E-09  7.177E-09  0.000E+00  0.000E+00  6.283E-01  1.257E+00
  7.177E-09  1.175E-08  0.000E+00  0.000E+00  6.283E-01  1.257E+00
  1.175E-08  1.923E-08  0.000E+00  0.000E+00  6.283E-01  1.257E+00
  1.923E-08  3.147E-08  0.000E+00  0.000E+00  6.283E-01  1.257E+00
  3.147E-08  5.150E-08  0.000E+00  0.000E+00  6.283E-01  1.257E+00
  5.150E-08  8.430E-08  0.000E+00  0.000E+00  6.283E-01  1.257E+00
  8.430E-08  1.380E-07  0.000E+00  0.000E+00  6.283E-01  1.257E+00
  1.380E-07  2.258E-07  0.000E+00  0.000E+00  6.283E-01  1.257E+00
  2.258E-07  3.696E-07  0.000E+00  0.000E+00  6.283E-01  1.257E+00
  3.696E-07  6.050E-07  0.000E+00  0.000E+00  6.283E-01  1.257E+00
  6.050E-07  9.902E-07  0.000E+00  0.000E+00  6.283E-01  1.257E+00
  9.902E-07  1.621E-06  0.000E+00  0.000E+00  6.283E-01  1.257E+00
  1.621E-06  2.653E-06  0.000E+00  0.000E+00  6.283E-01  1.257E+00
  2.653E-06  4.342E-06  0.000E+00  0.000E+00  6.283E-01  1.257E+00
  4.342E-06  7.106E-06  0.000E+00  0.000E+00  6.283E-01  1.257E+00
  7.106E-06  1.163E-05  0.000E+00  0.000E+00  6.283E-01  1.257E+00
  1.163E-05  1.904E-05  0.000E+00  0.000E+00  6.283E-01  1.257E+00
  1.904E-05  3.116E-05  0.000E+00  0.000E+00  6.283E-01  1.257E+00
  3.116E-05  5.100E-05  1.539E-04  6.124E+01  6.283E-01  1.257E+00
  5.100E-05  8.347E-05  0.000E+00  0.000E+00  6.283E-01  1.257E+00
  8.347E-05  1.366E-04  3.101E-05  9.900E+01  6.283E-01  1.257E+00
  1.366E-04  2.236E-04  3.713E-05  6.124E+01  6.283E-01  1.257E+00
  2.236E-04  3.660E-04  3.350E-05  6.749E+01  6.283E-01  1.257E+00
  3.660E-04  5.990E-04  2.685E-05  4.714E+01  6.283E-01  1.257E+00
  5.990E-04  9.804E-04  2.850E-05  1.715E+01  6.283E-01  1.257E+00
  9.804E-04  1.605E-03  2.259E-05  5.049E+01  6.283E-01  1.257E+00
  1.605E-03  2.627E-03  1.985E-05  4.954E+01  6.283E-01  1.257E+00
  2.627E-03  4.299E-03  2.245E-05  1.217E+01  6.283E-01  1.257E+00
  4.299E-03  7.036E-03  2.055E-05  1.774E+01  6.283E-01  1.257E+00
  7.036E-03  1.152E-02  3.142E-05  6.296E+00  6.283E-01  1.257E+00
  1.152E-02  1.885E-02  5.588E-05  1.070E+01  6.283E-01  1.257E+00
  1.885E-02  3.085E-02  9.283E-05  4.845E+00  6.283E-01  1.257E+00
  3.085E-02  5.050E-02  1.294E-04  1.342E+00  6.283E-01  1.257E+00
  5.050E-02  8.265E-02  1.556E-04  1.860E+00  6.283E-01  1.257E+00
  8.265E-02  1.353E-01  1.834E-04  7.920E-01  6.283E-01  1.257E+00
  1.353E-01  2.214E-01  2.387E-04  3.721E-01  6.283E-01  1.257E+00
  2.214E-01  3.624E-01  2.898E-04  9.003E-01  6.283E-01  1.257E+00
  3.624E-01  5.931E-01  2.543E-04  9.793E-01  6.283E-01  1.257E+00
  5.931E-01  9.708E-01  1.403E-04  4.347E-01  6.283E-01  1.257E+00
  9.708E-01  1.589E+00  4.115E-05  1.095E+00  6.283E-01  1.257E+00
  1.589E+00  2.601E+00  5.323E-06  1.290E+00  6.283E-01  1.257E+00
  2.601E+00  4.257E+00  1.864E-07  9.223E+00  6.283E-01  1.257E+00
  4.257E+00  6.967E+00  1.131E-09  6.126E+01  6.283E-01  1.257E+00
  6.967E+00  1.140E+01  0.000E+00  0.000E+00  6.283E-01  1.257E+00
  1.140E+01  1.866E+01  0.000E+00  0.000E+00  6.283E-01  1.257E+00
  1.866E+01  3.055E+01  0.000E+00  0.000E+00  6.283E-01  1.257E+00
  3.055E+01  5.000E+01  0.000E+00  0.000E+00  6.283E-01  1.257E+00
  5.000E+01  5.000E+01  0.000E+00  0.000E+00  6.283E-01  1.257E+00

 # Block n:            3     1.25663710      :   1.88495564    
  1.000E-09  1.637E-09  0.000E+00  0.000E+00  1.257E+00  1.885E+00
  1.637E-09  2.679E-09  0.000E+00  0.000E+00  1.257E+00  1.885E+00
  2.679E-09  4.385E-09  0.000E+00  0.000E+00  1.257E+00  1.885E+00
  4.385E-09  7.177E-09  0.000E+00  0.000E+00  1.257E+00  1.885E+00
  7.177E-09  1.175E-08  0.000E+00  0.000E+00  1.257E+00  1.885E+00
  1.175E-08  1.923E-08  0.000E+00  0.000E+00  1.257E+00  1.885E+00
  1.923E-08  3.147E-08  0.000E+00  0.000E+00  1.257E+00  1.885E+00
  3.147E-08  5.150E-08  0.000E+00  0.000E+00  1.257E+00  1.885E+00
  5.150E-08  8.430E-08  0.000E+00  0.000E+00  1.257E+00  1.885E+00
  8.430E-08  1.380E-07  0.000E+00  0.000E+00  1.257E+00  1.885E+00
  1.380E-07  2.258E-07  0.000E+00  0.000E+00  1.257E+00  1.885E+00
  2.258E-07  3.696E-07  0.000E+00  0.000E+00  1.257E+00  1.885E+00
  3.696E-07  6.050E-07  0.000E+00  0.000E+00  1.257E+00  1.885E+00
  6.050E-07  9.902E-07  0.000E+00  0.000E+00  1.257E+00  1.885E+00
  9.902E-07  1.621E-06  0.000E+00  0.000E+00  1.257E+00  1.885E+00
  1.621E-06  2.653E-06  0.000E+00  0.000E+00  1.257E+00  1.885E+00
  2.653E-06  4.342E-06  0.000E+00  0.000E+00  1.257E+00  1.885E+00
  4.342E-06  7.106E-06  0.000E+00  0.000E+00  1.257E+00  1.885E+00
  7.106E-06  1.163E-05  0.000E+00  0.000E+00  1.257E+00  1.885E+00
  1.163E-05  1.904E-05  0.000E+00  0.000E+00  1.257E+00  1.885E+00
  1.904E-05  3.116E-05  0.000E+00  0.000E+00  1.257E+00  1.885E+00
  3.116E-05  5.100E-05  0.000E+00  0.000E+00  1.257E+00  1.885E+00
  5.100E-05  8.347E-05  0.000E+00  0.000E+00  1.257E+00  1.885E+00
  8.347E-05  1.366E-04  3.237E-05  9.900E+01  1.257E+00  1.885E+00
  1.366E-04  2.236E-04  3.943E-05  6.128E+01  1.257E+00  1.885E+00
  2.236E-04  3.660E-04  1.230E-05  9.900E+01  1.257E+00  1.885E+00
  3.660E-04  5.990E-04  1.538E-05  6.132E+01  1.257E+00  1.885E+00
  5.990E-04  9.804E-04  2.828E-05  1.776E+01  1.257E+00  1.885E+00
  9.804E-04  1.605E-03  2.509E-05  3.968E+01  1.257E+00  1.885E+00
  1.605E-03  2.627E-03  3.829E-05  2.055E+01  1.257E+00  1.885E+00
  2.627E-03  4.299E-03  3.617E-05  2.228E+01  1.257E+00  1.885E+00
  4.299E-03  7.036E-03  3.049E-05  2.378E+01  1.257E+00  1.885E+00
  7.036E-03  1.152E-02  3.340E-05  5.754E+00  1.257E+00  1.885E+00
  1.152E-02  1.885E-02  6.706E-05  6.499E+00  1.257E+00  1.885E+00
  1.885E-02  3.085E-02  1.061E-04  4.846E+00  1.257E+00  1.885E+00
  3.085E-02  5.050E-02  1.288E-04  2.023E+00  1.257E+00  1.885E+00
  5.050E-02  8.265E-02  1.650E-04  2.593E+00  1.257E+00  1.885E+00
  8.265E-02  1.353E-01  1.838E-04  1.035E+00  1.257E+00  1.885E+00
  1.353E-01  2.214E-01  2.139E-04  7.163E-01  1.257E+00  1.885E+00
  2.214E-01  3.624E-01  2.194E-04  6.662E-01  1.257E+00  1.885E+00
  3.624E-01  5.931E-01  1.471E-04  5.884E-01  1.257E+00  1.885E+00
  5.931E-01  9.708E-01  5.696E-05  7.659E-01  1.257E+00  1.885E+00
  9.708E-01  1.589E+00  9.760E-06  1.937E+00  1.257E+00  1.885E+00
  1.589E+00  2.601E+00  5.751E-07  5.558E+00  1.257E+00  1.885E+00
  2.601E+00  4.257E+00  6.147E-09  6.661E+01  1.257E+00  1.885E+00
  4.257E+00  6.967E+00  0.000E+00  0.000E+00  1.257E+00  1.885E+00
  6.967E+00  1.140E+01  0.000E+00  0.000E+00  1.257E+00  1.885E+00
  1.140E+01  1.866E+01  0.000E+00  0.000E+00  1.257E+00  1.885E+00
  1.866E+01  3.055E+01  0.000E+00  0.000E+00  1.257E+00  1.885E+00
  3.055E+01  5.000E+01  0.000E+00  0.000E+00  1.257E+00  1.885E+00
  5.000E+01  5.000E+01  0.000E+00  0.000E+00  1.257E+00  1.885E+00

 # Block n:            4     1.88495564      :   2.51327419    
  1.000E-09  1.637E-09  0.000E+00  0.000E+00  1.885E+00  2.513E+00
  1.637E-09  2.679E-09  0.000E+00  0.000E+00  1.885E+00  2.513E+00
  2.679E-09  4.385E-09  0.000E+00  0.000E+00  1.885E+00  2.513E+00
  4.385E-09  7.177E-09  0.000E+00  0.000E+00  1.885E+00  2.513E+00
  7.177E-09  1.175E-08  0.000E+00  0.000E+00  1.885E+00  2.513E+00
  1.175E-08  1.923E-08  0.000E+00  0.000E+00  1.885E+00  2.513E+00
  1.923E-08  3.147E-08  0.000E+00  0.000E+00  1.885E+00  2.513E+00
  3.147E-08  5.150E-08  0.000E+00  0.000E+00  1.885E+00  2.513E+00
  5.150E-08  8.430E-08  0.000E+00  0.000E+00  1.885E+00  2.513E+00
  8.430E-08  1.380E-07  0.000E+00  0.000E+00  1.885E+00  2.513E+00
  1.380E-07  2.258E-07  0.000E+00  0.000E+00  1.885E+00  2.513E+00
  2.258E-07  3.696E-07  0.000E+00  0.000E+00  1.885E+00  2.513E+00
  3.696E-07  6.050E-07  0.000E+00  0.000E+00  1.885E+00  2.513E+00
  6.050E-07  9.902E-07  0.000E+00  0.000E+00  1.885E+00  2.513E+00
  9.902E-07  1.621E-06  0.000E+00  0.000E+00  1.885E+00  2.513E+00
  1.621E-06  2.653E-06  0.000E+00  0.000E+00  1.885E+00  2.513E+00
  2.653E-06  4.342E-06  0.000E+00  0.000E+00  1.885E+00  2.513E+00
  4.342E-06  7.106E-06  0.000E+00  0.000E+00  1.885E+00  2.513E+00
  7.106E-06  1.163E-05  0.000E+00  0.000E+00  1.885E+00  2.513E+00
  1.163E-05  1.904E-05  2.971E-04  9.900E+01  1.885E+00  2.513E+00
  1.904E-05  3.116E-05  0.000E+00  0.000E+00  1.885E+00  2.513E+00
  3.116E-05  5.100E-05  0.000E+00  0.000E+00  1.885E+00  2.513E+00
  5.100E-05  8.347E-05  6.369E-05  9.900E+01  1.885E+00  2.513E+00
  8.347E-05  1.366E-04  3.727E-05  9.900E+01  1.885E+00  2.513E+00
  1.366E-04  2.236E-04  0.000E+00  0.000E+00  1.885E+00  2.513E+00
  2.236E-04  3.660E-04  1.395E-05  9.900E+01  1.885E+00  2.513E+00
  3.660E-04  5.990E-04  1.764E-05  6.125E+01  1.885E+00  2.513E+00
  5.990E-04  9.804E-04  2.170E-05  7.406E+01  1.885E+00  2.513E+00
  9.804E-04  1.605E-03  4.148E-05  1.005E+01  1.885E+00  2.513E+00
  1.605E-03  2.627E-03  3.249E-05  1.818E+01  1.885E+00  2.513E+00
  2.627E-03  4.299E-03  3.347E-05  1.247E+01  1.885E+00  2.513E+00
  4.299E-03  7.036E-03  3.473E-05  3.854E+00  1.885E+00  2.513E+00
  7.036E-03  1.152E-02  3.897E-05  9.402E+00  1.885E+00  2.513E+00
  1.152E-02  1.885E-02  6.820E-05  4.409E+00  1.885E+00  2.513E+00
  1.885E-02  3.085E-02  1.048E-04  3.359E+00  1.885E+00  2.513E+00
  3.085E-02  5.050E-02  1.409E-04  3.727E+00  1.885E+00  2.513E+00
  5.050E-02  8.265E-02  1.638E-04  1.565E+00  1.885E+00  2.513E+00
  8.265E-02  1.353E-01  1.786E-04  1.573E+00  1.885E+00  2.513E+00
  1.353E-01  2.214E-01  1.833E-04  1.344E+00  1.885E+00  2.513E+00
  2.214E-01  3.624E-01  1.644E-04  1.415E+00  1.885E+00  2.513E+00
  3.624E-01  5.931E-01  9.316E-05  4.322E-01  1.885E+00  2.513E+00
  5.931E-01  9.708E-01  2.693E-05  1.187E+00  1.885E+00  2.513E+00
  9.708E-01  1.589E+00  3.087E-06  2.383E+00  1.885E+00  2.513E+00
  1.589E+00  2.601E+00  7.012E-08  6.411E+00  1.885E+00  2.513E+00
  2.601E+00  4.257E+00  0.000E+00  0.000E+00  1.885E+00  2.513E+00
  4.257E+00  6.967E+00  0.000E+00  0.000E+00  1.885E+00  2.513E+00
  6.967E+00  1.140E+01  0.000E+00  0.000E+00  1.885E+00  2.513E+00
  1.140E+01  1.866E+01  0.000E+00  0.000E+00  1.885E+00  2.513E+00
  1.866E+01  3.055E+01  0.000E+00  0.000E+00  1.885E+00  2.513E+00
  3.055E+01  5.000E+01  0.000E+00  0.000E+00  1.885E+00  2.513E+00
  5.000E+01  5.000E+01  0.000E+00  0.000E+00  1.885E+00  2.513E+00

 # Block n:            5     2.51327419      :   3.14159274    
  1.000E-09  1.637E-09  0.000E+00  0.000E+00  2.513E+00  3.142E+00
  1.637E-09  2.679E-09  0.000E+00  0.000E+00  2.513E+00  3.142E+00
  2.679E-09  4.385E-09  0.000E+00  0.000E+00  2.513E+00  3.142E+00
  4.385E-09  7.177E-09  0.000E+00  0.000E+00  2.513E+00  3.142E+00
  7.177E-09  1.175E-08  0.000E+00  0.000E+00  2.513E+00  3.142E+00
  1.175E-08  1.923E-08  0.000E+00  0.000E+00  2.513E+00  3.142E+00
  1.923E-08  3.147E-08  0.000E+00  0.000E+00  2.513E+00  3.142E+00
  3.147E-08  5.150E-08  0.000E+00  0.000E+00  2.513E+00  3.142E+00
  5.150E-08  8.430E-08  0.000E+00  0.000E+00  2.513E+00  3.142E+00
  8.430E-08  1.380E-07  0.000E+00  0.000E+00  2.513E+00  3.142E+00
  1.380E-07  2.258E-07  0.000E+00  0.000E+00  2.513E+00  3.142E+00
  2.258E-07  3.696E-07  0.000E+00  0.000E+00  2.513E+00  3.142E+00
  3.696E-07  6.050E-07  0.000E+00  0.000E+00  2.513E+00  3.142E+00
  6.050E-07  9.902E-07  0.000E+00  0.000E+00  2.513E+00  3.142E+00
  9.902E-07  1.621E-06  0.000E+00  0.000E+00  2.513E+00  3.142E+00
  1.621E-06  2.653E-06  0.000E+00  0.000E+00  2.513E+00  3.142E+00
  2.653E-06  4.342E-06  0.000E+00  0.000E+00  2.513E+00  3.142E+00
  4.342E-06  7.106E-06  0.000E+00  0.000E+00  2.513E+00  3.142E+00
  7.106E-06  1.163E-05  0.000E+00  0.000E+00  2.513E+00  3.142E+00
  1.163E-05  1.904E-05  0.000E+00  0.000E+00  2.513E+00  3.142E+00
  1.904E-05  3.116E-05  1.947E-04  9.900E+01  2.513E+00  3.142E+00
  3.116E-05  5.100E-05  0.000E+00  0.000E+00  2.513E+00  3.142E+00
  5.100E-05  8.347E-05  0.000E+00  0.000E+00  2.513E+00  3.142E+00
  8.347E-05  1.366E-04  0.000E+00  0.000E+00  2.513E+00  3.142E+00
  1.366E-04  2.236E-04  0.000E+00  0.000E+00  2.513E+00  3.142E+00
  2.236E-04  3.660E-04  1.739E-05  9.900E+01  2.513E+00  3.142E+00
  3.660E-04  5.990E-04  3.153E-05  6.551E+01  2.513E+00  3.142E+00
  5.990E-04  9.804E-04  1.872E-05  4.089E+01  2.513E+00  3.142E+00
  9.804E-04  1.605E-03  3.114E-05  4.176E+01  2.513E+00  3.142E+00
  1.605E-03  2.627E-03  1.869E-05  2.307E+01  2.513E+00  3.142E+00
  2.627E-03  4.299E-03  2.344E-05  2.368E+01  2.513E+00  3.142E+00
  4.299E-03  7.036E-03  3.813E-05  1.062E+01  2.513E+00  3.142E+00
  7.036E-03  1.152E-02  3.482E-05  1.253E+01  2.513E+00  3.142E+00
  1.152E-02  1.885E-02  8.032E-05  5.102E+00  2.513E+00  3.142E+00
  1.885E-02  3.085E-02  1.056E-04  4.411E+00  2.513E+00  3.142E+00
  3.085E-02  5.050E-02  1.306E-04  2.177E+00  2.513E+00  3.142E+00
  5.050E-02  8.265E-02  1.643E-04  1.581E+00  2.513E+00  3.142E+00
  8.265E-02  1.353E-01  1.704E-04  1.783E+00  2.513E+00  3.142E+00
  1.353E-01  2.214E-01  1.589E-04  1.677E+00  2.513E+00  3.142E+00
  2.214E-01  3.624E-01  1.243E-04  1.207E+00  2.513E+00  3.142E+00
  3.624E-01  5.931E-01  6.201E-05  1.365E+00  2.513E+00  3.142E+00
  5.931E-01  9.708E-01  1.340E-05  2.189E+00  2.513E+00  3.142E+00
  9.708E-01  1.589E+00  8.503E-07  8.102E+00  2.513E+00  3.142E+00
  1.589E+00  2.601E+00  9.172E-09  4.718E+01  2.513E+00  3.142E+00
  2.601E+00  4.257E+00  0.000E+00  0.000E+00  2.513E+00  3.142E+00
  4.257E+00  6.967E+00  0.000E+00  0.000E+00  2.513E+00  3.142E+00
  6.967E+00  1.140E+01  0.000E+00  0.000E+00  2.513E+00  3.142E+00
  1.140E+01  1.866E+01  0.000E+00  0.000E+00  2.513E+00  3.142E+00
  1.866E+01  3.055E+01  0.000E+00  0.000E+00  2.513E+00  3.142E+00
  3.055E+01  5.000E+01  0.000E+00  0.000E+00  2.513E+00  3.142E+00
  5.000E+01  5.000E+01  0.000E+00  0.000E+00  2.513E+00  3.142E+00

 # Block n:            6     3.14159274      :   3.76991129    
  1.000E-09  1.637E-09  0.000E+00  0.000E+00  3.142E+00  3.770E+00
  1.637E-09  2.679E-09  0.000E+00  0.000E+00  3.142E+00  3.770E+00
  2.679E-09  4.385E-09  0.000E+00  0.000E+00  3.142E+00  3.770E+00
  4.385E-09  7.177E-09  0.000E+00  0.000E+00  3.142E+00  3.770E+00
  7.177E-09  1.175E-08  0.000E+00  0.000E+00  3.142E+00  3.770E+00
  1.175E-08  1.923E-08  0.000E+00  0.000E+00  3.142E+00  3.770E+00
  1.923E-08  3.147E-08  0.000E+00  0.000E+00  3.142E+00  3.770E+00
  3.147E-08  5.150E-08  0.000E+00  0.000E+00  3.142E+00  3.770E+00
  5.150E-08  8.430E-08  0.000E+00  0.000E+00  3.142E+00  3.770E+00
  8.430E-08  1.380E-07  0.000E+00  0.000E+00  3.142E+00  3.770E+00
  1.380E-07  2.258E-07  0.000E+00  0.000E+00  3.142E+00  3.770E+00
  2.258E-07  3.696E-07  0.000E+00  0.000E+00  3.142E+00  3.770E+00
  3.696E-07  6.050E-07  0.000E+00  0.000E+00  3.142E+00  3.770E+00
  6.050E-07  9.902E-07  0.000E+00  0.000E+00  3.142E+00  3.770E+00
  9.902E-07  1.621E-06  0.000E+00  0.000E+00  3.142E+00  3.770E+00
  1.621E-06  2.653E-06  0.000E+00  0.000E+00  3.142E+00  3.770E+00
  2.653E-06  4.342E-06  0.000E+00  0.000E+00  3.142E+00  3.770E+00
  4.342E-06  7.106E-06  0.000E+00  0.000E+00  3.142E+00  3.770E+00
  7.106E-06  1.163E-05  0.000E+00  0.000E+00  3.142E+00  3.770E+00
  1.163E-05  1.904E-05  0.000E+00  0.000E+00  3.142E+00  3.770E+00
  1.904E-05  3.116E-05  2.229E-04  9.900E+01  3.142E+00  3.770E+00
  3.116E-05  5.100E-05  0.000E+00  0.000E+00  3.142E+00  3.770E+00
  5.100E-05  8.347E-05  0.000E+00  0.000E+00  3.142E+00  3.770E+00
  8.347E-05  1.366E-04  6.195E-05  9.900E+01  3.142E+00  3.770E+00
  1.366E-04  2.236E-04  9.763E-05  4.105E+01  3.142E+00  3.770E+00
  2.236E-04  3.660E-04  3.815E-05  6.124E+01  3.142E+00  3.770E+00
  3.660E-04  5.990E-04  2.514E-05  6.130E+01  3.142E+00  3.770E+00
  5.990E-04  9.804E-04  2.300E-05  6.527E+01  3.142E+00  3.770E+00
  9.804E-04  1.605E-03  1.450E-05  4.098E+01  3.142E+00  3.770E+00
  1.605E-03  2.627E-03  3.960E-05  3.375E+01  3.142E+00  3.770E+00
  2.627E-03  4.299E-03  2.649E-05  1.044E+01  3.142E+00  3.770E+00
  4.299E-03  7.036E-03  2.916E-05  2.973E+01  3.142E+00  3.770E+00
  7.036E-03  1.152E-02  3.965E-05  9.996E+00  3.142E+00  3.770E+00
  1.152E-02  1.885E-02  7.603E-05  7.013E+00  3.142E+00  3.770E+00
  1.885E-02  3.085E-02  1.033E-04  6.326E+00  3.142E+00  3.770E+00
  3.085E-02  5.050E-02  1.433E-04  2.932E+00  3.142E+00  3.770E+00
  5.050E-02  8.265E-02  1.607E-04  1.960E+00  3.142E+00  3.770E+00
  8.265E-02  1.353E-01  1.536E-04  2.662E+00  3.142E+00  3.770E+00
  1.353E-01  2.214E-01  1.292E-04  2.385E+00  3.142E+00  3.770E+00
  2.214E-01  3.624E-01  9.181E-05  1.119E+00  3.142E+00  3.770E+00
  3.624E-01  5.931E-01  4.095E-05  2.724E+00  3.142E+00  3.770E+00
  5.931E-01  9.708E-01  7.127E-06  4.341E+00  3.142E+00  3.770E+00
  9.708E-01  1.589E+00  2.916E-07  1.232E+01  3.142E+00  3.770E+00
  1.589E+00  2.601E+00  0.000E+00  0.000E+00  3.142E+00  3.770E+00
  2.601E+00  4.257E+00  0.000E+00  0.000E+00  3.142E+00  3.770E+00
  4.257E+00  6.967E+00  0.000E+00  0.000E+00  3.142E+00  3.770E+00
  6.967E+00  1.140E+01  0.000E+00  0.000E+00  3.142E+00  3.770E+00
  1.140E+01  1.866E+01  0.000E+00  0.000E+00  3.142E+00  3.770E+00
  1.866E+01  3.055E+01  0.000E+00  0.000E+00  3.142E+00  3.770E+00
  3.055E+01  5.000E+01  0.000E+00  0.000E+00  3.142E+00  3.770E+00
  5.000E+01  5.000E+01  0.000E+00  0.000E+00  3.142E+00  3.770E+00

 # Block n:            7     3.76991129      :   4.39822960    
  1.000E-09  1.637E-09  0.000E+00  0.000E+00  3.770E+00  4.398E+00
  1.637E-09  2.679E-09  0.000E+00  0.000E+00  3.770E+00  4.398E+00
  2.679E-09  4.385E-09  0.000E+00  0.000E+00  3.770E+00  4.398E+00
  4.385E-09  7.177E-09  0.000E+00  0.000E+00  3.770E+00  4.398E+00
  7.177E-09  1.175E-08  0.000E+00  0.000E+00  3.770E+00  4.398E+00
  1.175E-08  1.923E-08  0.000E+00  0.000E+00  3.770E+00  4.398E+00
  1.923E-08  3.147E-08  0.000E+00  0.000E+00  3.770E+00  4.398E+00
  3.147E-08  5.150E-08  0.000E+00  0.000E+00  3.770E+00  4.398E+00
  5.150E-08  8.430E-08  0.000E+00  0.000E+00  3.770E+00  4.398E+00
  8.430E-08  1.380E-07  0.000E+00  0.000E+00  3.770E+00  4.398E+00
  1.380E-07  2.258E-07  0.000E+00  0.000E+00  3.770E+00  4.398E+00
  2.258E-07  3.696E-07  0.000E+00  0.000E+00  3.770E+00  4.398E+00
  3.696E-07  6.050E-07  0.000E+00  0.000E+00  3.770E+00  4.398E+00
  6.050E-07  9.902E-07  0.000E+00  0.000E+00  3.770E+00  4.398E+00
  9.902E-07  1.621E-06  0.000E+00  0.000E+00  3.770E+00  4.398E+00
  1.621E-06  2.653E-06  0.000E+00  0.000E+00  3.770E+00  4.398E+00
  2.653E-06  4.342E-06  0.000E+00  0.000E+00  3.770E+00  4.398E+00
  4.342E-06  7.106E-06  0.000E+00  0.000E+00  3.770E+00  4.398E+00
  7.106E-06  1.163E-05  0.000E+00  0.000E+00  3.770E+00  4.398E+00
  1.163E-05  1.904E-05  0.000E+00  0.000E+00  3.770E+00  4.398E+00
  1.904E-05  3.116E-05  0.000E+00  0.000E+00  3.770E+00  4.398E+00
  3.116E-05  5.100E-05  0.000E+00  0.000E+00  3.770E+00  4.398E+00
  5.100E-05  8.347E-05  0.000E+00  0.000E+00  3.770E+00  4.398E+00
  8.347E-05  1.366E-04  0.000E+00  0.000E+00  3.770E+00  4.398E+00
  1.366E-04  2.236E-04  9.279E-05  6.152E+01  3.770E+00  4.398E+00
  2.236E-04  3.660E-04  2.870E-05  9.900E+01  3.770E+00  4.398E+00
  3.660E-04  5.990E-04  1.627E-05  9.900E+01  3.770E+00  4.398E+00
  5.990E-04  9.804E-04  3.173E-05  4.102E+01  3.770E+00  4.398E+00
  9.804E-04  1.605E-03  3.207E-05  5.213E+01  3.770E+00  4.398E+00
  1.605E-03  2.627E-03  3.296E-05  3.549E+01  3.770E+00  4.398E+00
  2.627E-03  4.299E-03  3.799E-05  2.605E+01  3.770E+00  4.398E+00
  4.299E-03  7.036E-03  1.539E-05  2.664E+01  3.770E+00  4.398E+00
  7.036E-03  1.152E-02  3.419E-05  2.574E+01  3.770E+00  4.398E+00
  1.152E-02  1.885E-02  5.968E-05  9.224E+00  3.770E+00  4.398E+00
  1.885E-02  3.085E-02  1.052E-04  8.385E+00  3.770E+00  4.398E+00
  3.085E-02  5.050E-02  1.474E-04  2.826E+00  3.770E+00  4.398E+00
  5.050E-02  8.265E-02  1.582E-04  4.136E+00  3.770E+00  4.398E+00
  8.265E-02  1.353E-01  1.392E-04  3.796E+00  3.770E+00  4.398E+00
  1.353E-01  2.214E-01  1.076E-04  2.077E+00  3.770E+00  4.398E+00
  2.214E-01  3.624E-01  6.754E-05  2.376E+00  3.770E+00  4.398E+00
  3.624E-01  5.931E-01  2.750E-05  3.001E+00  3.770E+00  4.398E+00
  5.931E-01  9.708E-01  3.491E-06  4.270E+00  3.770E+00  4.398E+00
  9.708E-01  1.589E+00  1.017E-07  2.386E+01  3.770E+00  4.398E+00
  1.589E+00  2.601E+00  3.332E-09  9.900E+01  3.770E+00  4.398E+00
  2.601E+00  4.257E+00  0.000E+00  0.000E+00  3.770E+00  4.398E+00
  4.257E+00  6.967E+00  0.000E+00  0.000E+00  3.770E+00  4.398E+00
  6.967E+00  1.140E+01  0.000E+00  0.000E+00  3.770E+00  4.398E+00
  1.140E+01  1.866E+01  0.000E+00  0.000E+00  3.770E+00  4.398E+00
  1.866E+01  3.055E+01  0.000E+00  0.000E+00  3.770E+00  4.398E+00
  3.055E+01  5.000E+01  0.000E+00  0.000E+00  3.770E+00  4.398E+00
  5.000E+01  5.000E+01  0.000E+00  0.000E+00  3.770E+00  4.398E+00

 # Block n:            8     4.39822960      :   5.02654839    
  1.000E-09  1.637E-09  0.000E+00  0.000E+00  4.398E+00  5.027E+00
  1.637E-09  2.679E-09  0.000E+00  0.000E+00  4.398E+00  5.027E+00
  2.679E-09  4.385E-09  0.000E+00  0.000E+00  4.398E+00  5.027E+00
  4.385E-09  7.177E-09  0.000E+00  0.000E+00  4.398E+00  5.027E+00
  7.177E-09  1.175E-08  0.000E+00  0.000E+00  4.398E+00  5.027E+00
  1.175E-08  1.923E-08  0.000E+00  0.000E+00  4.398E+00  5.027E+00
  1.923E-08  3.147E-08  0.000E+00  0.000E+00  4.398E+00  5.027E+00
  3.147E-08  5.150E-08  0.000E+00  0.000E+00  4.398E+00  5.027E+00
  5.150E-08  8.430E-08  0.000E+00  0.000E+00  4.398E+00  5.027E+00
  8.430E-08  1.380E-07  0.000E+00  0.000E+00  4.398E+00  5.027E+00
  1.380E-07  2.258E-07  0.000E+00  0.000E+00  4.398E+00  5.027E+00
  2.258E-07  3.696E-07  0.000E+00  0.000E+00  4.398E+00  5.027E+00
  3.696E-07  6.050E-07  0.000E+00  0.000E+00  4.398E+00  5.027E+00
  6.050E-07  9.902E-07  0.000E+00  0.000E+00  4.398E+00  5.027E+00
  9.902E-07  1.621E-06  0.000E+00  0.000E+00  4.398E+00  5.027E+00
  1.621E-06  2.653E-06  0.000E+00  0.000E+00  4.398E+00  5.027E+00
  2.653E-06  4.342E-06  0.000E+00  0.000E+00  4.398E+00  5.027E+00
  4.342E-06  7.106E-06  0.000E+00  0.000E+00  4.398E+00  5.027E+00
  7.106E-06  1.163E-05  0.000E+00  0.000E+00  4.398E+00  5.027E+00
  1.163E-05  1.904E-05  0.000E+00  0.000E+00  4.398E+00  5.027E+00
  1.904E-05  3.116E-05  0.000E+00  0.000E+00  4.398E+00  5.027E+00
  3.116E-05  5.100E-05  0.000E+00  0.000E+00  4.398E+00  5.027E+00
  5.100E-05  8.347E-05  0.000E+00  0.000E+00  4.398E+00  5.027E+00
  8.347E-05  1.366E-04  0.000E+00  0.000E+00  4.398E+00  5.027E+00
  1.366E-04  2.236E-04  0.000E+00  0.000E+00  4.398E+00  5.027E+00
  2.236E-04  3.660E-04  4.483E-05  9.900E+01  4.398E+00  5.027E+00
  3.660E-04  5.990E-04  4.926E-05  6.141E+01  4.398E+00  5.027E+00
  5.990E-04  9.804E-04  3.820E-05  4.094E+01  4.398E+00  5.027E+00
  9.804E-04  1.605E-03  4.258E-05  4.365E+01  4.398E+00  5.027E+00
  1.605E-03  2.627E-03  4.768E-05  3.632E+01  4.398E+00  5.027E+00
  2.627E-03  4.299E-03  1.247E-05  2.606E+01  4.398E+00  5.027E+00
  4.299E-03  7.036E-03  3.783E-05  3.638E+01  4.398E+00  5.027E+00
  7.036E-03  1.152E-02  3.947E-05  2.203E+01  4.398E+00  5.027E+00
  1.152E-02  1.885E-02  6.618E-05  9.551E+00  4.398E+00  5.027E+00
  1.885E-02  3.085E-02  9.504E-05  9.405E+00  4.398E+00  5.027E+00
  3.085E-02  5.050E-02  1.298E-04  3.660E+00  4.398E+00  5.027E+00
  5.050E-02  8.265E-02  1.509E-04  2.586E+00  4.398E+00  5.027E+00
  8.265E-02  1.353E-01  1.211E-04  2.176E+00  4.398E+00  5.027E+00
  1.353E-01  2.214E-01  8.592E-05  3.398E+00  4.398E+00  5.027E+00
  2.214E-01  3.624E-01  5.534E-05  1.007E+00  4.398E+00  5.027E+00
  3.624E-01  5.931E-01  1.954E-05  4.388E+00  4.398E+00  5.027E+00
  5.931E-01  9.708E-01  1.872E-06  8.176E+00  4.398E+00  5.027E+00
  9.708E-01  1.589E+00  1.800E-08  6.175E+01  4.398E+00  5.027E+00
  1.589E+00  2.601E+00  0.000E+00  0.000E+00  4.398E+00  5.027E+00
  2.601E+00  4.257E+00  0.000E+00  0.000E+00  4.398E+00  5.027E+00
  4.257E+00  6.967E+00  0.000E+00  0.000E+00  4.398E+00  5.027E+00
  6.967E+00  1.140E+01  0.000E+00  0.000E+00  4.398E+00  5.027E+00
  1.140E+01  1.866E+01  0.000E+00  0.000E+00  4.398E+00  5.027E+00
  1.866E+01  3.055E+01  0.000E+00  0.000E+00  4.398E+00  5.027E+00
  3.055E+01  5.000E+01  0.000E+00  0.000E+00  4.398E+00  5.027E+00
  5.000E+01  5.000E+01  0.000E+00  0.000E+00  4.398E+00  5.027E+00

 # Block n:            9     5.02654839      :   5.65486717    
  1.000E-09  1.637E-09  0.000E+00  0.000E+00  5.027E+00  5.655E+00
  1.637E-09  2.679E-09  0.000E+00  0.000E+00  5.027E+00  5.655E+00
  2.679E-09  4.385E-09  0.000E+00  0.000E+00  5.027E+00  5.655E+00
  4.385E-09  7.177E-09  0.000E+00  0.000E+00  5.027E+00  5.655E+00
  7.177E-09  1.175E-08  0.000E+00  0.000E+00  5.027E+00  5.655E+00
  1.175E-08  1.923E-08  0.000E+00  0.000E+00  5.027E+00  5.655E+00
  1.923E-08  3.147E-08  0.000E+00  0.000E+00  5.027E+00  5.655E+00
  3.147E-08  5.150E-08  0.000E+00  0.000E+00  5.027E+00  5.655E+00
  5.150E-08  8.430E-08  0.000E+00  0.000E+00  5.027E+00  5.655E+00
  8.430E-08  1.380E-07  0.000E+00  0.000E+00  5.027E+00  5.655E+00
  1.380E-07  2.258E-07  0.000E+00  0.000E+00  5.027E+00  5.655E+00
  2.258E-07  3.696E-07  0.000E+00  0.000E+00  5.027E+00  5.655E+00
  3.696E-07  6.050E-07  0.000E+00  0.000E+00  5.027E+00  5.655E+00
  6.050E-07  9.902E-07  0.000E+00  0.000E+00  5.027E+00  5.655E+00
  9.902E-07  1.621E-06  0.000E+00  0.000E+00  5.027E+00  5.655E+00
  1.621E-06  2.653E-06  0.000E+00  0.000E+00  5.027E+00  5.655E+00
  2.653E-06  4.342E-06  0.000E+00  0.000E+00  5.027E+00  5.655E+00
  4.342E-06  7.106E-06  0.000E+00  0.000E+00  5.027E+00  5.655E+00
  7.106E-06  1.163E-05  0.000E+00  0.000E+00  5.027E+00  5.655E+00
  1.163E-05  1.904E-05  0.000E+00  0.000E+00  5.027E+00  5.655E+00
  1.904E-05  3.116E-05  0.000E+00  0.000E+00  5.027E+00  5.655E+00
  3.116E-05  5.100E-05  0.000E+00  0.000E+00  5.027E+00  5.655E+00
  5.100E-05  8.347E-05  0.000E+00  0.000E+00  5.027E+00  5.655E+00
  8.347E-05  1.366E-04  1.532E-04  9.900E+01  5.027E+00  5.655E+00
  1.366E-04  2.236E-04  0.000E+00  0.000E+00  5.027E+00  5.655E+00
  2.236E-04  3.660E-04  0.000E+00  0.000E+00  5.027E+00  5.655E+00
  3.660E-04  5.990E-04  0.000E+00  0.000E+00  5.027E+00  5.655E+00
  5.990E-04  9.804E-04  0.000E+00  0.000E+00  5.027E+00  5.655E+00
  9.804E-04  1.605E-03  0.000E+00  0.000E+00  5.027E+00  5.655E+00
  1.605E-03  2.627E-03  1.521E-05  6.128E+01  5.027E+00  5.655E+00
  2.627E-03  4.299E-03  3.937E-05  5.099E+01  5.027E+00  5.655E+00
  4.299E-03  7.036E-03  9.485E-06  4.184E+01  5.027E+00  5.655E+00
  7.036E-03  1.152E-02  3.628E-05  1.244E+01  5.027E+00  5.655E+00
  1.152E-02  1.885E-02  6.356E-05  1.659E+01  5.027E+00  5.655E+00
  1.885E-02  3.085E-02  1.007E-04  9.390E+00  5.027E+00  5.655E+00
  3.085E-02  5.050E-02  1.200E-04  4.922E+00  5.027E+00  5.655E+00
  5.050E-02  8.265E-02  1.375E-04  3.688E+00  5.027E+00  5.655E+00
  8.265E-02  1.353E-01  1.207E-04  6.321E+00  5.027E+00  5.655E+00
  1.353E-01  2.214E-01  7.285E-05  9.102E-01  5.027E+00  5.655E+00
  2.214E-01  3.624E-01  4.188E-05  4.416E+00  5.027E+00  5.655E+00
  3.624E-01  5.931E-01  1.301E-05  8.579E+00  5.027E+00  5.655E+00
  5.931E-01  9.708E-01  1.089E-06  2.933E+01  5.027E+00  5.655E+00
  9.708E-01  1.589E+00  2.943E-08  6.206E+01  5.027E+00  5.655E+00
  1.589E+00  2.601E+00  0.000E+00  0.000E+00  5.027E+00  5.655E+00
  2.601E+00  4.257E+00  0.000E+00  0.000E+00  5.027E+00  5.655E+00
  4.257E+00  6.967E+00  0.000E+00  0.000E+00  5.027E+00  5.655E+00
  6.967E+00  1.140E+01  0.000E+00  0.000E+00  5.027E+00  5.655E+00
  1.140E+01  1.866E+01  0.000E+00  0.000E+00  5.027E+00  5.655E+00
  1.866E+01  3.055E+01  0.000E+00  0.000E+00  5.027E+00  5.655E+00
  3.055E+01  5.000E+01  0.000E+00  0.000E+00  5.027E+00  5.655E+00
  5.000E+01  5.000E+01  0.000E+00  0.000E+00  5.027E+00  5.655E+00

 # Block n:           10     5.65486717      :   6.28318548    
  1.000E-09  1.637E-09  0.000E+00  0.000E+00  5.655E+00  6.283E+00
  1.637E-09  2.679E-09  0.000E+00  0.000E+00  5.655E+00  6.283E+00
  2.679E-09  4.385E-09  0.000E+00  0.000E+00  5.655E+00  6.283E+00
  4.385E-09  7.177E-09  0.000E+00  0.000E+00  5.655E+00  6.283E+00
  7.177E-09  1.175E-08  0.000E+00  0.000E+00  5.655E+00  6.283E+00
  1.175E-08  1.923E-08  0.000E+00  0.000E+00  5.655E+00  6.283E+00
  1.923E-08  3.147E-08  0.000E+00  0.000E+00  5.655E+00  6.283E+00
  3.147E-08  5.150E-08  0.000E+00  0.000E+00  5.655E+00  6.283E+00
  5.150E-08  8.430E-08  0.000E+00  0.000E+00  5.655E+00  6.283E+00
  8.430E-08  1.380E-07  0.000E+00  0.000E+00  5.655E+00  6.283E+00
  1.380E-07  2.258E-07  0.000E+00  0.000E+00  5.655E+00  6.283E+00
  2.258E-07  3.696E-07  0.000E+00  0.000E+00  5.655E+00  6.283E+00
  3.696E-07  6.050E-07  0.000E+00  0.000E+00  5.655E+00  6.283E+00
  6.050E-07  9.902E-07  0.000E+00  0.000E+00  5.655E+00  6.283E+00
  9.902E-07  1.621E-06  0.000E+00  0.000E+00  5.655E+00  6.283E+00
  1.621E-06  2.653E-06  0.000E+00  0.000E+00  5.655E+00  6.283E+00
  2.653E-06  4.342E-06  0.000E+00  0.000E+00  5.655E+00  6.283E+00
  4.342E-06  7.106E-06  0.000E+00  0.000E+00  5.655E+00  6.283E+00
  7.106E-06  1.163E-05  0.000E+00  0.000E+00  5.655E+00  6.283E+00
  1.163E-05  1.904E-05  0.000E+00  0.000E+00  5.655E+00  6.283E+00
  1.904E-05  3.116E-05  0.000E+00  0.000E+00  5.655E+00  6.283E+00
  3.116E-05  5.100E-05  0.000E+00  0.000E+00  5.655E+00  6.283E+00
  5.100E-05  8.347E-05  0.000E+00  0.000E+00  5.655E+00  6.283E+00
  8.347E-05  1.366E-04  4.675E-04  9.900E+01  5.655E+00  6.283E+00
  1.366E-04  2.236E-04  0.000E+00  0.000E+00  5.655E+00  6.283E+00
  2.236E-04  3.660E-04  0.000E+00  0.000E+00  5.655E+00  6.283E+00
  3.660E-04  5.990E-04  0.000E+00  0.000E+00  5.655E+00  6.283E+00
  5.990E-04  9.804E-04  0.000E+00  0.000E+00  5.655E+00  6.283E+00
  9.804E-04  1.605E-03  5.259E-05  9.900E+01  5.655E+00  6.283E+00
  1.605E-03  2.627E-03  0.000E+00  0.000E+00  5.655E+00  6.283E+00
  2.627E-03  4.299E-03  4.973E-05  7.192E+01  5.655E+00  6.283E+00
  4.299E-03  7.036E-03  0.000E+00  0.000E+00  5.655E+00  6.283E+00
  7.036E-03  1.152E-02  4.092E-05  4.085E+01  5.655E+00  6.283E+00
  1.152E-02  1.885E-02  5.938E-05  3.846E+01  5.655E+00  6.283E+00
  1.885E-02  3.085E-02  9.814E-05  2.885E+01  5.655E+00  6.283E+00
  3.085E-02  5.050E-02  1.082E-04  1.131E+01  5.655E+00  6.283E+00
  5.050E-02  8.265E-02  1.476E-04  5.663E+00  5.655E+00  6.283E+00
  8.265E-02  1.353E-01  7.949E-05  5.957E+00  5.655E+00  6.283E+00
  1.353E-01  2.214E-01  6.063E-05  9.314E+00  5.655E+00  6.283E+00
  2.214E-01  3.624E-01  3.387E-05  8.754E+00  5.655E+00  6.283E+00
  3.624E-01  5.931E-01  8.390E-06  1.298E+01  5.655E+00  6.283E+00
  5.931E-01  9.708E-01  3.942E-07  4.846E+01  5.655E+00  6.283E+00
  9.708E-01  1.589E+00  0.000E+00  0.000E+00  5.655E+00  6.283E+00
  1.589E+00  2.601E+00  0.000E+00  0.000E+00  5.655E+00  6.283E+00
  2.601E+00  4.257E+00  0.000E+00  0.000E+00  5.655E+00  6.283E+00
  4.257E+00  6.967E+00  0.000E+00  0.000E+00  5.655E+00  6.283E+00
  6.967E+00  1.140E+01  0.000E+00  0.000E+00  5.655E+00  6.283E+00
  1.140E+01  1.866E+01  0.000E+00  0.000E+00  5.655E+00  6.283E+00
  1.866E+01  3.055E+01  0.000E+00  0.000E+00  5.655E+00  6.283E+00
  3.055E+01  5.000E+01  0.000E+00  0.000E+00  5.655E+00  6.283E+00
  5.000E+01  5.000E+01  0.000E+00  0.000E+00  5.655E+00  6.283E+00

  1.000E-09  1.000E-09  0.000E+00  0.000E+00  6.283E+00  6.283E+00
  1.637E-09  1.637E-09  0.000E+00  0.000E+00  6.283E+00  6.283E+00
  2.679E-09  2.679E-09  0.000E+00  0.000E+00  6.283E+00  6.283E+00
  4.385E-09  4.385E-09  0.000E+00  0.000E+00  6.283E+00  6.283E+00
  7.177E-09  7.177E-09  0.000E+00  0.000E+00  6.283E+00  6.283E+00
  1.175E-08  1.175E-08  0.000E+00  0.000E+00  6.283E+00  6.283E+00
  1.923E-08  1.923E-08  0.000E+00  0.000E+00  6.283E+00  6.283E+00
  3.147E-08  3.147E-08  0.000E+00  0.000E+00  6.283E+00  6.283E+00
  5.150E-08  5.150E-08  0.000E+00  0.000E+00  6.283E+00  6.283E+00
  8.430E-08  8.430E-08  0.000E+00  0.000E+00  6.283E+00  6.283E+00
  1.380E-07  1.380E-07  0.000E+00  0.000E+00  6.283E+00  6.283E+00
  2.258E-07  2.258E-07  0.000E+00  0.000E+00  6.283E+00  6.283E+00
  3.696E-07  3.696E-07  0.000E+00  0.000E+00  6.283E+00  6.283E+00
  6.050E-07  6.050E-07  0.000E+00  0.000E+00  6.283E+00  6.283E+00
  9.902E-07  9.902E-07  0.000E+00  0.000E+00  6.283E+00  6.283E+00
  1.621E-06  1.621E-06  0.000E+00  0.000E+00  6.283E+00  6.283E+00
  2.653E-06  2.653E-06  0.000E+00  0.000E+00  6.283E+00  6.283E+00
  4.342E-06  4.342E-06  0.000E+00  0.000E+00  6.283E+00  6.283E+00
  7.106E-06  7.106E-06  0.000E+00  0.000E+00  6.283E+00  6.283E+00
  1.163E-05  1.163E-05  0.000E+00  0.000E+00  6.283E+00  6.283E+00
  1.904E-05  1.904E-05  0.000E+00  0.000E+00  6.283E+00  6.283E+00
  3.116E-05  3.116E-05  0.000E+00  0.000E+00  6.283E+00  6.283E+00
  5.100E-05  5.100E-05  0.000E+00  0.000E+00  6.283E+00  6.283E+00
  8.347E-05  8.347E-05  0.000E+00  0.000E+00  6.283E+00  6.283E+00
  1.366E-04  1.366E-04  0.000E+00  0.000E+00  6.283E+00  6.283E+00
  2.236E-04  2.236E-04  0.000E+00  0.000E+00  6.283E+00  6.283E+00
  3.660E-04  3.660E-04  0.000E+00  0.000E+00  6.283E+00  6.283E+00
  5.990E-04  5.990E-04  0.000E+00  0.000E+00  6.283E+00  6.283E+00
  9.804E-04  9.804E-04  0.000E+00  0.000E+00  6.283E+00  6.283E+00
  1.605E-03  1.605E-03  0.000E+00  0.000E+00  6.283E+00  6.283E+00
  2.627E-03  2.627E-03  0.000E+00  0.000E+00  6.283E+00  6.283E+00
  4.299E-03  4.299E-03  0.000E+00  0.000E+00  6.283E+00  6.283E+00
  7.036E-03  7.036E-03  0.000E+00  0.000E+00  6.283E+00  6.283E+00
  1.152E-02  1.152E-02  0.000E+00  0.000E+00  6.283E+00  6.283E+00
  1.885E-02  1.885E-02  0.000E+00  0.000E+00  6.283E+00  6.283E+00
  3.085E-02  3.085E-02  0.000E+00  0.000E+00  6.283E+00  6.283E+00
  5.050E-02  5.050E-02  0.000E+00  0.000E+00  6.283E+00  6.283E+00
  8.265E-02  8.265E-02  0.000E+00  0.000E+00  6.283E+00  6.283E+00
  1.353E-01  1.353E-01  0.000E+00  0.000E+00  6.283E+00  6.283E+00
  2.214E-01  2.214E-01  0.000E+00  0.000E+00  6.283E+00  6.283E+00
  3.624E-01  3.624E-01  0.000E+00  0.000E+00  6.283E+00  6.283E+00
  5.931E-01  5.931E-01  0.000E+00  0.000E+00  6.283E+00  6.283E+00
  9.708E-01  9.708E-01  0.000E+00  0.000E+00  6.283E+00  6.283E+00
  1.589E+00  1.589E+00  0.000E+00  0.000E+00  6.283E+00  6.283E+00
  2.601E+00  2.601E+00  0.000E+00  0.000E+00  6.283E+00  6.283E+00
  4.257E+00  4.257E+00  0.000E+00  0.000E+00  6.283E+00  6.283E+00
  6.967E+00  6.967E+00  0.000E+00  0.000E+00  6.283E+00  6.283E+00
  1.140E+01  1.140E+01  0.000E+00  0.000E+00  6.283E+00  6.283E+00
  1.866E+01  1.866E+01  0.000E+00  0.000E+00  6.283E+00  6.283E+00
  3.055E+01  3.055E+01  0.000E+00  0.000E+00  6.283E+00  6.283E+00
  5.000E+01  5.000E+01  0.000E+00  0.000E+00  6.283E+00  6.283E+00
