 # Detector n:            1   piCurrUD  (integrated over solid angle)
 # N. of energy intervals          50
  1.000E-09  1.637E-09  0.000E+00  0.000E+00
  1.637E-09  2.679E-09  0.000E+00  0.000E+00
  2.679E-09  4.385E-09  0.000E+00  0.000E+00
  4.385E-09  7.177E-09  0.000E+00  0.000E+00
  7.177E-09  1.175E-08  0.000E+00  0.000E+00
  1.175E-08  1.923E-08  0.000E+00  0.000E+00
  1.923E-08  3.147E-08  0.000E+00  0.000E+00
  3.147E-08  5.150E-08  0.000E+00  0.000E+00
  5.150E-08  8.430E-08  0.000E+00  0.000E+00
  8.430E-08  1.380E-07  0.000E+00  0.000E+00
  1.380E-07  2.258E-07  0.000E+00  0.000E+00
  2.258E-07  3.696E-07  0.000E+00  0.000E+00
  3.696E-07  6.050E-07  0.000E+00  0.000E+00
  6.050E-07  9.902E-07  0.000E+00  0.000E+00
  9.902E-07  1.621E-06  0.000E+00  0.000E+00
  1.621E-06  2.653E-06  0.000E+00  0.000E+00
  2.653E-06  4.342E-06  0.000E+00  0.000E+00
  4.342E-06  7.106E-06  0.000E+00  0.000E+00
  7.106E-06  1.163E-05  0.000E+00  0.000E+00
  1.163E-05  1.904E-05  1.125E-04  9.900E+01
  1.904E-05  3.116E-05  1.375E-04  9.900E+01
  3.116E-05  5.100E-05  1.260E-04  6.667E+01
  5.100E-05  8.347E-05  2.566E-05  9.900E+01
  8.347E-05  1.366E-04  1.098E-04  2.857E+01
  1.366E-04  2.236E-04  8.622E-05  3.239E+01
  2.236E-04  3.660E-04  7.024E-05  3.118E+01
  3.660E-04  5.990E-04  6.794E-05  2.930E+01
  5.990E-04  9.804E-04  6.773E-05  1.564E+01
  9.804E-04  1.605E-03  8.276E-05  1.364E+01
  1.605E-03  2.627E-03  8.482E-05  7.958E+00
  2.627E-03  4.299E-03  8.720E-05  6.821E+00
  4.299E-03  7.036E-03  8.128E-05  8.553E+00
  7.036E-03  1.152E-02  1.075E-04  5.223E+00
  1.152E-02  1.885E-02  2.042E-04  1.811E+00
  1.885E-02  3.085E-02  3.098E-04  2.304E+00
  3.085E-02  5.050E-02  4.132E-04  9.079E-01
  5.050E-02  8.265E-02  4.967E-04  9.585E-01
  8.265E-02  1.353E-01  5.379E-04  4.188E-01
  1.353E-01  2.214E-01  6.009E-04  6.145E-01
  2.214E-01  3.624E-01  6.513E-04  6.856E-01
  3.624E-01  5.931E-01  5.688E-04  4.364E-01
  5.931E-01  9.708E-01  4.015E-04  5.187E-01
  9.708E-01  1.589E+00  2.570E-04  4.040E-01
  1.589E+00  2.601E+00  1.514E-04  2.362E-01
  2.601E+00  4.257E+00  8.160E-05  3.031E-01
  4.257E+00  6.967E+00  3.944E-05  3.330E-01
  6.967E+00  1.140E+01  1.599E-05  2.526E-01
  1.140E+01  1.866E+01  4.947E-06  4.268E-01
  1.866E+01  3.055E+01  9.663E-07  5.288E-01
  3.055E+01  5.000E+01  5.428E-08  2.105E+00


 # double differential distributions
 # number of solid angle intervals          10
 # Block n:            1     0.00000000      :  0.628318548    
  1.000E-09  1.637E-09  0.000E+00  0.000E+00  0.000E+00  6.283E-01
  1.637E-09  2.679E-09  0.000E+00  0.000E+00  0.000E+00  6.283E-01
  2.679E-09  4.385E-09  0.000E+00  0.000E+00  0.000E+00  6.283E-01
  4.385E-09  7.177E-09  0.000E+00  0.000E+00  0.000E+00  6.283E-01
  7.177E-09  1.175E-08  0.000E+00  0.000E+00  0.000E+00  6.283E-01
  1.175E-08  1.923E-08  0.000E+00  0.000E+00  0.000E+00  6.283E-01
  1.923E-08  3.147E-08  0.000E+00  0.000E+00  0.000E+00  6.283E-01
  3.147E-08  5.150E-08  0.000E+00  0.000E+00  0.000E+00  6.283E-01
  5.150E-08  8.430E-08  0.000E+00  0.000E+00  0.000E+00  6.283E-01
  8.430E-08  1.380E-07  0.000E+00  0.000E+00  0.000E+00  6.283E-01
  1.380E-07  2.258E-07  0.000E+00  0.000E+00  0.000E+00  6.283E-01
  2.258E-07  3.696E-07  0.000E+00  0.000E+00  0.000E+00  6.283E-01
  3.696E-07  6.050E-07  0.000E+00  0.000E+00  0.000E+00  6.283E-01
  6.050E-07  9.902E-07  0.000E+00  0.000E+00  0.000E+00  6.283E-01
  9.902E-07  1.621E-06  0.000E+00  0.000E+00  0.000E+00  6.283E-01
  1.621E-06  2.653E-06  0.000E+00  0.000E+00  0.000E+00  6.283E-01
  2.653E-06  4.342E-06  0.000E+00  0.000E+00  0.000E+00  6.283E-01
  4.342E-06  7.106E-06  0.000E+00  0.000E+00  0.000E+00  6.283E-01
  7.106E-06  1.163E-05  0.000E+00  0.000E+00  0.000E+00  6.283E-01
  1.163E-05  1.904E-05  0.000E+00  0.000E+00  0.000E+00  6.283E-01
  1.904E-05  3.116E-05  0.000E+00  0.000E+00  0.000E+00  6.283E-01
  3.116E-05  5.100E-05  6.685E-05  9.900E+01  0.000E+00  6.283E-01
  5.100E-05  8.347E-05  0.000E+00  0.000E+00  0.000E+00  6.283E-01
  8.347E-05  1.366E-04  2.495E-05  9.900E+01  0.000E+00  6.283E-01
  1.366E-04  2.236E-04  0.000E+00  0.000E+00  0.000E+00  6.283E-01
  2.236E-04  3.660E-04  1.863E-05  6.124E+01  0.000E+00  6.283E-01
  3.660E-04  5.990E-04  1.707E-05  6.667E+01  0.000E+00  6.283E-01
  5.990E-04  9.804E-04  6.954E-06  9.900E+01  0.000E+00  6.283E-01
  9.804E-04  1.605E-03  1.912E-05  2.079E+01  0.000E+00  6.283E-01
  1.605E-03  2.627E-03  1.428E-05  3.015E+01  0.000E+00  6.283E-01
  2.627E-03  4.299E-03  2.300E-05  1.758E+01  0.000E+00  6.283E-01
  4.299E-03  7.036E-03  1.647E-05  1.081E+01  0.000E+00  6.283E-01
  7.036E-03  1.152E-02  2.812E-05  1.234E+01  0.000E+00  6.283E-01
  1.152E-02  1.885E-02  5.498E-05  4.664E+00  0.000E+00  6.283E-01
  1.885E-02  3.085E-02  8.288E-05  3.615E+00  0.000E+00  6.283E-01
  3.085E-02  5.050E-02  1.152E-04  2.251E+00  0.000E+00  6.283E-01
  5.050E-02  8.265E-02  1.444E-04  1.190E+00  0.000E+00  6.283E-01
  8.265E-02  1.353E-01  1.807E-04  1.301E+00  0.000E+00  6.283E-01
  1.353E-01  2.214E-01  2.533E-04  8.385E-01  0.000E+00  6.283E-01
  2.214E-01  3.624E-01  3.610E-04  7.454E-01  0.000E+00  6.283E-01
  3.624E-01  5.931E-01  4.461E-04  4.092E-01  0.000E+00  6.283E-01
  5.931E-01  9.708E-01  4.453E-04  6.317E-01  0.000E+00  6.283E-01
  9.708E-01  1.589E+00  3.635E-04  4.623E-01  0.000E+00  6.283E-01
  1.589E+00  2.601E+00  2.359E-04  2.483E-01  0.000E+00  6.283E-01
  2.601E+00  4.257E+00  1.297E-04  2.996E-01  0.000E+00  6.283E-01
  4.257E+00  6.967E+00  6.277E-05  3.330E-01  0.000E+00  6.283E-01
  6.967E+00  1.140E+01  2.545E-05  2.526E-01  0.000E+00  6.283E-01
  1.140E+01  1.866E+01  7.873E-06  4.268E-01  0.000E+00  6.283E-01
  1.866E+01  3.055E+01  1.538E-06  5.288E-01  0.000E+00  6.283E-01
  3.055E+01  5.000E+01  8.639E-08  2.105E+00  0.000E+00  6.283E-01
  5.000E+01  5.000E+01  0.000E+00  0.000E+00  0.000E+00  6.283E-01

 # Block n:            2    0.628318548      :   1.25663710    
  1.000E-09  1.637E-09  0.000E+00  0.000E+00  6.283E-01  1.257E+00
  1.637E-09  2.679E-09  0.000E+00  0.000E+00  6.283E-01  1.257E+00
  2.679E-09  4.385E-09  0.000E+00  0.000E+00  6.283E-01  1.257E+00
  4.385E-09  7.177E-09  0.000E+00  0.000E+00  6.283E-01  1.257E+00
  7.177E-09  1.175E-08  0.000E+00  0.000E+00  6.283E-01  1.257E+00
  1.175E-08  1.923E-08  0.000E+00  0.000E+00  6.283E-01  1.257E+00
  1.923E-08  3.147E-08  0.000E+00  0.000E+00  6.283E-01  1.257E+00
  3.147E-08  5.150E-08  0.000E+00  0.000E+00  6.283E-01  1.257E+00
  5.150E-08  8.430E-08  0.000E+00  0.000E+00  6.283E-01  1.257E+00
  8.430E-08  1.380E-07  0.000E+00  0.000E+00  6.283E-01  1.257E+00
  1.380E-07  2.258E-07  0.000E+00  0.000E+00  6.283E-01  1.257E+00
  2.258E-07  3.696E-07  0.000E+00  0.000E+00  6.283E-01  1.257E+00
  3.696E-07  6.050E-07  0.000E+00  0.000E+00  6.283E-01  1.257E+00
  6.050E-07  9.902E-07  0.000E+00  0.000E+00  6.283E-01  1.257E+00
  9.902E-07  1.621E-06  0.000E+00  0.000E+00  6.283E-01  1.257E+00
  1.621E-06  2.653E-06  0.000E+00  0.000E+00  6.283E-01  1.257E+00
  2.653E-06  4.342E-06  0.000E+00  0.000E+00  6.283E-01  1.257E+00
  4.342E-06  7.106E-06  0.000E+00  0.000E+00  6.283E-01  1.257E+00
  7.106E-06  1.163E-05  0.000E+00  0.000E+00  6.283E-01  1.257E+00
  1.163E-05  1.904E-05  0.000E+00  0.000E+00  6.283E-01  1.257E+00
  1.904E-05  3.116E-05  0.000E+00  0.000E+00  6.283E-01  1.257E+00
  3.116E-05  5.100E-05  1.337E-04  6.124E+01  6.283E-01  1.257E+00
  5.100E-05  8.347E-05  0.000E+00  0.000E+00  6.283E-01  1.257E+00
  8.347E-05  1.366E-04  2.495E-05  9.900E+01  6.283E-01  1.257E+00
  1.366E-04  2.236E-04  3.049E-05  6.124E+01  6.283E-01  1.257E+00
  2.236E-04  3.660E-04  2.795E-05  6.667E+01  6.283E-01  1.257E+00
  3.660E-04  5.990E-04  2.277E-05  4.677E+01  6.283E-01  1.257E+00
  5.990E-04  9.804E-04  2.434E-05  1.750E+01  6.283E-01  1.257E+00
  9.804E-04  1.605E-03  1.912E-05  5.092E+01  6.283E-01  1.257E+00
  1.605E-03  2.627E-03  1.687E-05  4.955E+01  6.283E-01  1.257E+00
  2.627E-03  4.299E-03  1.903E-05  1.215E+01  6.283E-01  1.257E+00
  4.299E-03  7.036E-03  1.744E-05  1.779E+01  6.283E-01  1.257E+00
  7.036E-03  1.152E-02  2.664E-05  6.334E+00  6.283E-01  1.257E+00
  1.152E-02  1.885E-02  4.739E-05  1.053E+01  6.283E-01  1.257E+00
  1.885E-02  3.085E-02  7.879E-05  4.907E+00  6.283E-01  1.257E+00
  3.085E-02  5.050E-02  1.100E-04  1.326E+00  6.283E-01  1.257E+00
  5.050E-02  8.265E-02  1.322E-04  1.869E+00  6.283E-01  1.257E+00
  8.265E-02  1.353E-01  1.559E-04  7.606E-01  6.283E-01  1.257E+00
  1.353E-01  2.214E-01  2.030E-04  3.706E-01  6.283E-01  1.257E+00
  2.214E-01  3.624E-01  2.471E-04  8.889E-01  6.283E-01  1.257E+00
  3.624E-01  5.931E-01  2.173E-04  9.677E-01  6.283E-01  1.257E+00
  5.931E-01  9.708E-01  1.205E-04  4.446E-01  6.283E-01  1.257E+00
  9.708E-01  1.589E+00  3.551E-05  1.086E+00  6.283E-01  1.257E+00
  1.589E+00  2.601E+00  4.626E-06  1.281E+00  6.283E-01  1.257E+00
  2.601E+00  4.257E+00  1.634E-07  9.216E+00  6.283E-01  1.257E+00
  4.257E+00  6.967E+00  9.787E-10  6.124E+01  6.283E-01  1.257E+00
  6.967E+00  1.140E+01  0.000E+00  0.000E+00  6.283E-01  1.257E+00
  1.140E+01  1.866E+01  0.000E+00  0.000E+00  6.283E-01  1.257E+00
  1.866E+01  3.055E+01  0.000E+00  0.000E+00  6.283E-01  1.257E+00
  3.055E+01  5.000E+01  0.000E+00  0.000E+00  6.283E-01  1.257E+00
  5.000E+01  5.000E+01  0.000E+00  0.000E+00  6.283E-01  1.257E+00

 # Block n:            3     1.25663710      :   1.88495564    
  1.000E-09  1.637E-09  0.000E+00  0.000E+00  1.257E+00  1.885E+00
  1.637E-09  2.679E-09  0.000E+00  0.000E+00  1.257E+00  1.885E+00
  2.679E-09  4.385E-09  0.000E+00  0.000E+00  1.257E+00  1.885E+00
  4.385E-09  7.177E-09  0.000E+00  0.000E+00  1.257E+00  1.885E+00
  7.177E-09  1.175E-08  0.000E+00  0.000E+00  1.257E+00  1.885E+00
  1.175E-08  1.923E-08  0.000E+00  0.000E+00  1.257E+00  1.885E+00
  1.923E-08  3.147E-08  0.000E+00  0.000E+00  1.257E+00  1.885E+00
  3.147E-08  5.150E-08  0.000E+00  0.000E+00  1.257E+00  1.885E+00
  5.150E-08  8.430E-08  0.000E+00  0.000E+00  1.257E+00  1.885E+00
  8.430E-08  1.380E-07  0.000E+00  0.000E+00  1.257E+00  1.885E+00
  1.380E-07  2.258E-07  0.000E+00  0.000E+00  1.257E+00  1.885E+00
  2.258E-07  3.696E-07  0.000E+00  0.000E+00  1.257E+00  1.885E+00
  3.696E-07  6.050E-07  0.000E+00  0.000E+00  1.257E+00  1.885E+00
  6.050E-07  9.902E-07  0.000E+00  0.000E+00  1.257E+00  1.885E+00
  9.902E-07  1.621E-06  0.000E+00  0.000E+00  1.257E+00  1.885E+00
  1.621E-06  2.653E-06  0.000E+00  0.000E+00  1.257E+00  1.885E+00
  2.653E-06  4.342E-06  0.000E+00  0.000E+00  1.257E+00  1.885E+00
  4.342E-06  7.106E-06  0.000E+00  0.000E+00  1.257E+00  1.885E+00
  7.106E-06  1.163E-05  0.000E+00  0.000E+00  1.257E+00  1.885E+00
  1.163E-05  1.904E-05  0.000E+00  0.000E+00  1.257E+00  1.885E+00
  1.904E-05  3.116E-05  0.000E+00  0.000E+00  1.257E+00  1.885E+00
  3.116E-05  5.100E-05  0.000E+00  0.000E+00  1.257E+00  1.885E+00
  5.100E-05  8.347E-05  0.000E+00  0.000E+00  1.257E+00  1.885E+00
  8.347E-05  1.366E-04  2.495E-05  9.900E+01  1.257E+00  1.885E+00
  1.366E-04  2.236E-04  3.049E-05  6.124E+01  1.257E+00  1.885E+00
  2.236E-04  3.660E-04  9.315E-06  9.900E+01  1.257E+00  1.885E+00
  3.660E-04  5.990E-04  1.138E-05  6.124E+01  1.257E+00  1.885E+00
  5.990E-04  9.804E-04  2.086E-05  1.667E+01  1.257E+00  1.885E+00
  9.804E-04  1.605E-03  1.912E-05  4.082E+01  1.257E+00  1.885E+00
  1.605E-03  2.627E-03  2.856E-05  1.981E+01  1.257E+00  1.885E+00
  2.627E-03  4.299E-03  2.696E-05  2.201E+01  1.257E+00  1.885E+00
  4.299E-03  7.036E-03  2.277E-05  2.393E+01  1.257E+00  1.885E+00
  7.036E-03  1.152E-02  2.487E-05  5.771E+00  1.257E+00  1.885E+00
  1.152E-02  1.885E-02  5.028E-05  6.574E+00  1.257E+00  1.885E+00
  1.885E-02  3.085E-02  7.956E-05  4.720E+00  1.257E+00  1.885E+00
  3.085E-02  5.050E-02  9.661E-05  2.036E+00  1.257E+00  1.885E+00
  5.050E-02  8.265E-02  1.237E-04  2.606E+00  1.257E+00  1.885E+00
  8.265E-02  1.353E-01  1.379E-04  9.954E-01  1.257E+00  1.885E+00
  1.353E-01  2.214E-01  1.605E-04  7.285E-01  1.257E+00  1.885E+00
  2.214E-01  3.624E-01  1.650E-04  6.755E-01  1.257E+00  1.885E+00
  3.624E-01  5.931E-01  1.109E-04  5.815E-01  1.257E+00  1.885E+00
  5.931E-01  9.708E-01  4.305E-05  7.694E-01  1.257E+00  1.885E+00
  9.708E-01  1.589E+00  7.424E-06  1.954E+00  1.257E+00  1.885E+00
  1.589E+00  2.601E+00  4.391E-07  5.585E+00  1.257E+00  1.885E+00
  2.601E+00  4.257E+00  4.805E-09  6.667E+01  1.257E+00  1.885E+00
  4.257E+00  6.967E+00  0.000E+00  0.000E+00  1.257E+00  1.885E+00
  6.967E+00  1.140E+01  0.000E+00  0.000E+00  1.257E+00  1.885E+00
  1.140E+01  1.866E+01  0.000E+00  0.000E+00  1.257E+00  1.885E+00
  1.866E+01  3.055E+01  0.000E+00  0.000E+00  1.257E+00  1.885E+00
  3.055E+01  5.000E+01  0.000E+00  0.000E+00  1.257E+00  1.885E+00
  5.000E+01  5.000E+01  0.000E+00  0.000E+00  1.257E+00  1.885E+00

 # Block n:            4     1.88495564      :   2.51327419    
  1.000E-09  1.637E-09  0.000E+00  0.000E+00  1.885E+00  2.513E+00
  1.637E-09  2.679E-09  0.000E+00  0.000E+00  1.885E+00  2.513E+00
  2.679E-09  4.385E-09  0.000E+00  0.000E+00  1.885E+00  2.513E+00
  4.385E-09  7.177E-09  0.000E+00  0.000E+00  1.885E+00  2.513E+00
  7.177E-09  1.175E-08  0.000E+00  0.000E+00  1.885E+00  2.513E+00
  1.175E-08  1.923E-08  0.000E+00  0.000E+00  1.885E+00  2.513E+00
  1.923E-08  3.147E-08  0.000E+00  0.000E+00  1.885E+00  2.513E+00
  3.147E-08  5.150E-08  0.000E+00  0.000E+00  1.885E+00  2.513E+00
  5.150E-08  8.430E-08  0.000E+00  0.000E+00  1.885E+00  2.513E+00
  8.430E-08  1.380E-07  0.000E+00  0.000E+00  1.885E+00  2.513E+00
  1.380E-07  2.258E-07  0.000E+00  0.000E+00  1.885E+00  2.513E+00
  2.258E-07  3.696E-07  0.000E+00  0.000E+00  1.885E+00  2.513E+00
  3.696E-07  6.050E-07  0.000E+00  0.000E+00  1.885E+00  2.513E+00
  6.050E-07  9.902E-07  0.000E+00  0.000E+00  1.885E+00  2.513E+00
  9.902E-07  1.621E-06  0.000E+00  0.000E+00  1.885E+00  2.513E+00
  1.621E-06  2.653E-06  0.000E+00  0.000E+00  1.885E+00  2.513E+00
  2.653E-06  4.342E-06  0.000E+00  0.000E+00  1.885E+00  2.513E+00
  4.342E-06  7.106E-06  0.000E+00  0.000E+00  1.885E+00  2.513E+00
  7.106E-06  1.163E-05  0.000E+00  0.000E+00  1.885E+00  2.513E+00
  1.163E-05  1.904E-05  1.791E-04  9.900E+01  1.885E+00  2.513E+00
  1.904E-05  3.116E-05  0.000E+00  0.000E+00  1.885E+00  2.513E+00
  3.116E-05  5.100E-05  0.000E+00  0.000E+00  1.885E+00  2.513E+00
  5.100E-05  8.347E-05  4.084E-05  9.900E+01  1.885E+00  2.513E+00
  8.347E-05  1.366E-04  2.495E-05  9.900E+01  1.885E+00  2.513E+00
  1.366E-04  2.236E-04  0.000E+00  0.000E+00  1.885E+00  2.513E+00
  2.236E-04  3.660E-04  9.315E-06  9.900E+01  1.885E+00  2.513E+00
  3.660E-04  5.990E-04  1.138E-05  6.124E+01  1.885E+00  2.513E+00
  5.990E-04  9.804E-04  1.391E-05  7.289E+01  1.885E+00  2.513E+00
  9.804E-04  1.605E-03  2.762E-05  9.421E+00  1.885E+00  2.513E+00
  1.605E-03  2.627E-03  2.077E-05  1.822E+01  1.885E+00  2.513E+00
  2.627E-03  4.299E-03  2.141E-05  1.256E+01  1.885E+00  2.513E+00
  4.299E-03  7.036E-03  2.277E-05  4.255E+00  1.885E+00  2.513E+00
  7.036E-03  1.152E-02  2.516E-05  9.666E+00  1.885E+00  2.513E+00
  1.152E-02  1.885E-02  4.449E-05  4.518E+00  1.885E+00  2.513E+00
  1.885E-02  3.085E-02  6.807E-05  3.419E+00  1.885E+00  2.513E+00
  3.085E-02  5.050E-02  9.155E-05  3.634E+00  1.885E+00  2.513E+00
  5.050E-02  8.265E-02  1.065E-04  1.544E+00  1.885E+00  2.513E+00
  8.265E-02  1.353E-01  1.163E-04  1.597E+00  1.885E+00  2.513E+00
  1.353E-01  2.214E-01  1.195E-04  1.358E+00  1.885E+00  2.513E+00
  2.214E-01  3.624E-01  1.073E-04  1.428E+00  1.885E+00  2.513E+00
  3.624E-01  5.931E-01  6.087E-05  4.076E-01  1.885E+00  2.513E+00
  5.931E-01  9.708E-01  1.765E-05  1.173E+00  1.885E+00  2.513E+00
  9.708E-01  1.589E+00  2.038E-06  2.389E+00  1.885E+00  2.513E+00
  1.589E+00  2.601E+00  4.588E-08  6.389E+00  1.885E+00  2.513E+00
  2.601E+00  4.257E+00  0.000E+00  0.000E+00  1.885E+00  2.513E+00
  4.257E+00  6.967E+00  0.000E+00  0.000E+00  1.885E+00  2.513E+00
  6.967E+00  1.140E+01  0.000E+00  0.000E+00  1.885E+00  2.513E+00
  1.140E+01  1.866E+01  0.000E+00  0.000E+00  1.885E+00  2.513E+00
  1.866E+01  3.055E+01  0.000E+00  0.000E+00  1.885E+00  2.513E+00
  3.055E+01  5.000E+01  0.000E+00  0.000E+00  1.885E+00  2.513E+00
  5.000E+01  5.000E+01  0.000E+00  0.000E+00  1.885E+00  2.513E+00

 # Block n:            5     2.51327419      :   3.14159274    
  1.000E-09  1.637E-09  0.000E+00  0.000E+00  2.513E+00  3.142E+00
  1.637E-09  2.679E-09  0.000E+00  0.000E+00  2.513E+00  3.142E+00
  2.679E-09  4.385E-09  0.000E+00  0.000E+00  2.513E+00  3.142E+00
  4.385E-09  7.177E-09  0.000E+00  0.000E+00  2.513E+00  3.142E+00
  7.177E-09  1.175E-08  0.000E+00  0.000E+00  2.513E+00  3.142E+00
  1.175E-08  1.923E-08  0.000E+00  0.000E+00  2.513E+00  3.142E+00
  1.923E-08  3.147E-08  0.000E+00  0.000E+00  2.513E+00  3.142E+00
  3.147E-08  5.150E-08  0.000E+00  0.000E+00  2.513E+00  3.142E+00
  5.150E-08  8.430E-08  0.000E+00  0.000E+00  2.513E+00  3.142E+00
  8.430E-08  1.380E-07  0.000E+00  0.000E+00  2.513E+00  3.142E+00
  1.380E-07  2.258E-07  0.000E+00  0.000E+00  2.513E+00  3.142E+00
  2.258E-07  3.696E-07  0.000E+00  0.000E+00  2.513E+00  3.142E+00
  3.696E-07  6.050E-07  0.000E+00  0.000E+00  2.513E+00  3.142E+00
  6.050E-07  9.902E-07  0.000E+00  0.000E+00  2.513E+00  3.142E+00
  9.902E-07  1.621E-06  0.000E+00  0.000E+00  2.513E+00  3.142E+00
  1.621E-06  2.653E-06  0.000E+00  0.000E+00  2.513E+00  3.142E+00
  2.653E-06  4.342E-06  0.000E+00  0.000E+00  2.513E+00  3.142E+00
  4.342E-06  7.106E-06  0.000E+00  0.000E+00  2.513E+00  3.142E+00
  7.106E-06  1.163E-05  0.000E+00  0.000E+00  2.513E+00  3.142E+00
  1.163E-05  1.904E-05  0.000E+00  0.000E+00  2.513E+00  3.142E+00
  1.904E-05  3.116E-05  1.094E-04  9.900E+01  2.513E+00  3.142E+00
  3.116E-05  5.100E-05  0.000E+00  0.000E+00  2.513E+00  3.142E+00
  5.100E-05  8.347E-05  0.000E+00  0.000E+00  2.513E+00  3.142E+00
  8.347E-05  1.366E-04  0.000E+00  0.000E+00  2.513E+00  3.142E+00
  1.366E-04  2.236E-04  0.000E+00  0.000E+00  2.513E+00  3.142E+00
  2.236E-04  3.660E-04  9.315E-06  9.900E+01  2.513E+00  3.142E+00
  3.660E-04  5.990E-04  1.707E-05  6.667E+01  2.513E+00  3.142E+00
  5.990E-04  9.804E-04  1.043E-05  4.082E+01  2.513E+00  3.142E+00
  9.804E-04  1.605E-03  1.700E-05  4.239E+01  2.513E+00  3.142E+00
  1.605E-03  2.627E-03  1.038E-05  2.500E+01  2.513E+00  3.142E+00
  2.627E-03  4.299E-03  1.269E-05  2.296E+01  2.513E+00  3.142E+00
  4.299E-03  7.036E-03  2.083E-05  1.078E+01  2.513E+00  3.142E+00
  7.036E-03  1.152E-02  1.924E-05  1.310E+01  2.513E+00  3.142E+00
  1.152E-02  1.885E-02  4.359E-05  4.927E+00  2.513E+00  3.142E+00
  1.885E-02  3.085E-02  5.813E-05  4.401E+00  2.513E+00  3.142E+00
  3.085E-02  5.050E-02  7.184E-05  2.171E+00  2.513E+00  3.142E+00
  5.050E-02  8.265E-02  9.030E-05  1.524E+00  2.513E+00  3.142E+00
  8.265E-02  1.353E-01  9.390E-05  1.713E+00  2.513E+00  3.142E+00
  1.353E-01  2.214E-01  8.768E-05  1.680E+00  2.513E+00  3.142E+00
  2.214E-01  3.624E-01  6.860E-05  1.196E+00  2.513E+00  3.142E+00
  3.624E-01  5.931E-01  3.431E-05  1.375E+00  2.513E+00  3.142E+00
  5.931E-01  9.708E-01  7.434E-06  2.249E+00  2.513E+00  3.142E+00
  9.708E-01  1.589E+00  4.763E-07  7.918E+00  2.513E+00  3.142E+00
  1.589E+00  2.601E+00  5.244E-09  4.677E+01  2.513E+00  3.142E+00
  2.601E+00  4.257E+00  0.000E+00  0.000E+00  2.513E+00  3.142E+00
  4.257E+00  6.967E+00  0.000E+00  0.000E+00  2.513E+00  3.142E+00
  6.967E+00  1.140E+01  0.000E+00  0.000E+00  2.513E+00  3.142E+00
  1.140E+01  1.866E+01  0.000E+00  0.000E+00  2.513E+00  3.142E+00
  1.866E+01  3.055E+01  0.000E+00  0.000E+00  2.513E+00  3.142E+00
  3.055E+01  5.000E+01  0.000E+00  0.000E+00  2.513E+00  3.142E+00
  5.000E+01  5.000E+01  0.000E+00  0.000E+00  2.513E+00  3.142E+00

 # Block n:            6     3.14159274      :   3.76991129    
  1.000E-09  1.637E-09  0.000E+00  0.000E+00  3.142E+00  3.770E+00
  1.637E-09  2.679E-09  0.000E+00  0.000E+00  3.142E+00  3.770E+00
  2.679E-09  4.385E-09  0.000E+00  0.000E+00  3.142E+00  3.770E+00
  4.385E-09  7.177E-09  0.000E+00  0.000E+00  3.142E+00  3.770E+00
  7.177E-09  1.175E-08  0.000E+00  0.000E+00  3.142E+00  3.770E+00
  1.175E-08  1.923E-08  0.000E+00  0.000E+00  3.142E+00  3.770E+00
  1.923E-08  3.147E-08  0.000E+00  0.000E+00  3.142E+00  3.770E+00
  3.147E-08  5.150E-08  0.000E+00  0.000E+00  3.142E+00  3.770E+00
  5.150E-08  8.430E-08  0.000E+00  0.000E+00  3.142E+00  3.770E+00
  8.430E-08  1.380E-07  0.000E+00  0.000E+00  3.142E+00  3.770E+00
  1.380E-07  2.258E-07  0.000E+00  0.000E+00  3.142E+00  3.770E+00
  2.258E-07  3.696E-07  0.000E+00  0.000E+00  3.142E+00  3.770E+00
  3.696E-07  6.050E-07  0.000E+00  0.000E+00  3.142E+00  3.770E+00
  6.050E-07  9.902E-07  0.000E+00  0.000E+00  3.142E+00  3.770E+00
  9.902E-07  1.621E-06  0.000E+00  0.000E+00  3.142E+00  3.770E+00
  1.621E-06  2.653E-06  0.000E+00  0.000E+00  3.142E+00  3.770E+00
  2.653E-06  4.342E-06  0.000E+00  0.000E+00  3.142E+00  3.770E+00
  4.342E-06  7.106E-06  0.000E+00  0.000E+00  3.142E+00  3.770E+00
  7.106E-06  1.163E-05  0.000E+00  0.000E+00  3.142E+00  3.770E+00
  1.163E-05  1.904E-05  0.000E+00  0.000E+00  3.142E+00  3.770E+00
  1.904E-05  3.116E-05  1.094E-04  9.900E+01  3.142E+00  3.770E+00
  3.116E-05  5.100E-05  0.000E+00  0.000E+00  3.142E+00  3.770E+00
  5.100E-05  8.347E-05  0.000E+00  0.000E+00  3.142E+00  3.770E+00
  8.347E-05  1.366E-04  2.495E-05  9.900E+01  3.142E+00  3.770E+00
  1.366E-04  2.236E-04  4.574E-05  4.082E+01  3.142E+00  3.770E+00
  2.236E-04  3.660E-04  1.863E-05  6.124E+01  3.142E+00  3.770E+00
  3.660E-04  5.990E-04  1.138E-05  6.124E+01  3.142E+00  3.770E+00
  5.990E-04  9.804E-04  1.043E-05  6.667E+01  3.142E+00  3.770E+00
  9.804E-04  1.605E-03  6.373E-06  4.082E+01  3.142E+00  3.770E+00
  1.605E-03  2.627E-03  1.817E-05  3.463E+01  3.142E+00  3.770E+00
  2.627E-03  4.299E-03  1.190E-05  1.054E+01  3.142E+00  3.770E+00
  4.299E-03  7.036E-03  1.308E-05  2.845E+01  3.142E+00  3.770E+00
  7.036E-03  1.152E-02  1.776E-05  9.501E+00  3.142E+00  3.770E+00
  1.152E-02  1.885E-02  3.418E-05  7.264E+00  3.142E+00  3.770E+00
  1.885E-02  3.085E-02  4.641E-05  6.411E+00  3.142E+00  3.770E+00
  3.085E-02  5.050E-02  6.454E-05  2.993E+00  3.142E+00  3.770E+00
  5.050E-02  8.265E-02  7.219E-05  1.957E+00  3.142E+00  3.770E+00
  8.265E-02  1.353E-01  6.938E-05  2.644E+00  3.142E+00  3.770E+00
  1.353E-01  2.214E-01  5.845E-05  2.242E+00  3.142E+00  3.770E+00
  2.214E-01  3.624E-01  4.159E-05  1.047E+00  3.142E+00  3.770E+00
  3.624E-01  5.931E-01  1.859E-05  2.765E+00  3.142E+00  3.770E+00
  5.931E-01  9.708E-01  3.241E-06  4.254E+00  3.142E+00  3.770E+00
  9.708E-01  1.589E+00  1.330E-07  1.239E+01  3.142E+00  3.770E+00
  1.589E+00  2.601E+00  0.000E+00  0.000E+00  3.142E+00  3.770E+00
  2.601E+00  4.257E+00  0.000E+00  0.000E+00  3.142E+00  3.770E+00
  4.257E+00  6.967E+00  0.000E+00  0.000E+00  3.142E+00  3.770E+00
  6.967E+00  1.140E+01  0.000E+00  0.000E+00  3.142E+00  3.770E+00
  1.140E+01  1.866E+01  0.000E+00  0.000E+00  3.142E+00  3.770E+00
  1.866E+01  3.055E+01  0.000E+00  0.000E+00  3.142E+00  3.770E+00
  3.055E+01  5.000E+01  0.000E+00  0.000E+00  3.142E+00  3.770E+00
  5.000E+01  5.000E+01  0.000E+00  0.000E+00  3.142E+00  3.770E+00

 # Block n:            7     3.76991129      :   4.39822960    
  1.000E-09  1.637E-09  0.000E+00  0.000E+00  3.770E+00  4.398E+00
  1.637E-09  2.679E-09  0.000E+00  0.000E+00  3.770E+00  4.398E+00
  2.679E-09  4.385E-09  0.000E+00  0.000E+00  3.770E+00  4.398E+00
  4.385E-09  7.177E-09  0.000E+00  0.000E+00  3.770E+00  4.398E+00
  7.177E-09  1.175E-08  0.000E+00  0.000E+00  3.770E+00  4.398E+00
  1.175E-08  1.923E-08  0.000E+00  0.000E+00  3.770E+00  4.398E+00
  1.923E-08  3.147E-08  0.000E+00  0.000E+00  3.770E+00  4.398E+00
  3.147E-08  5.150E-08  0.000E+00  0.000E+00  3.770E+00  4.398E+00
  5.150E-08  8.430E-08  0.000E+00  0.000E+00  3.770E+00  4.398E+00
  8.430E-08  1.380E-07  0.000E+00  0.000E+00  3.770E+00  4.398E+00
  1.380E-07  2.258E-07  0.000E+00  0.000E+00  3.770E+00  4.398E+00
  2.258E-07  3.696E-07  0.000E+00  0.000E+00  3.770E+00  4.398E+00
  3.696E-07  6.050E-07  0.000E+00  0.000E+00  3.770E+00  4.398E+00
  6.050E-07  9.902E-07  0.000E+00  0.000E+00  3.770E+00  4.398E+00
  9.902E-07  1.621E-06  0.000E+00  0.000E+00  3.770E+00  4.398E+00
  1.621E-06  2.653E-06  0.000E+00  0.000E+00  3.770E+00  4.398E+00
  2.653E-06  4.342E-06  0.000E+00  0.000E+00  3.770E+00  4.398E+00
  4.342E-06  7.106E-06  0.000E+00  0.000E+00  3.770E+00  4.398E+00
  7.106E-06  1.163E-05  0.000E+00  0.000E+00  3.770E+00  4.398E+00
  1.163E-05  1.904E-05  0.000E+00  0.000E+00  3.770E+00  4.398E+00
  1.904E-05  3.116E-05  0.000E+00  0.000E+00  3.770E+00  4.398E+00
  3.116E-05  5.100E-05  0.000E+00  0.000E+00  3.770E+00  4.398E+00
  5.100E-05  8.347E-05  0.000E+00  0.000E+00  3.770E+00  4.398E+00
  8.347E-05  1.366E-04  0.000E+00  0.000E+00  3.770E+00  4.398E+00
  1.366E-04  2.236E-04  3.049E-05  6.124E+01  3.770E+00  4.398E+00
  2.236E-04  3.660E-04  9.315E-06  9.900E+01  3.770E+00  4.398E+00
  3.660E-04  5.990E-04  5.691E-06  9.900E+01  3.770E+00  4.398E+00
  5.990E-04  9.804E-04  1.043E-05  4.082E+01  3.770E+00  4.398E+00
  9.804E-04  1.605E-03  1.062E-05  5.477E+01  3.770E+00  4.398E+00
  1.605E-03  2.627E-03  1.168E-05  3.685E+01  3.770E+00  4.398E+00
  2.627E-03  4.299E-03  1.348E-05  2.564E+01  3.770E+00  4.398E+00
  4.299E-03  7.036E-03  5.330E-06  2.650E+01  3.770E+00  4.398E+00
  7.036E-03  1.152E-02  1.184E-05  2.592E+01  3.770E+00  4.398E+00
  1.152E-02  1.885E-02  2.080E-05  9.016E+00  3.770E+00  4.398E+00
  1.885E-02  3.085E-02  3.691E-05  7.885E+00  3.770E+00  4.398E+00
  3.085E-02  5.050E-02  5.178E-05  2.890E+00  3.770E+00  4.398E+00
  5.050E-02  8.265E-02  5.540E-05  4.157E+00  3.770E+00  4.398E+00
  8.265E-02  1.353E-01  4.887E-05  3.650E+00  3.770E+00  4.398E+00
  1.353E-01  2.214E-01  3.776E-05  2.121E+00  3.770E+00  4.398E+00
  2.214E-01  3.624E-01  2.380E-05  2.349E+00  3.770E+00  4.398E+00
  3.624E-01  5.931E-01  9.731E-06  2.951E+00  3.770E+00  4.398E+00
  5.931E-01  9.708E-01  1.250E-06  4.428E+00  3.770E+00  4.398E+00
  9.708E-01  1.589E+00  3.647E-08  2.389E+01  3.770E+00  4.398E+00
  1.589E+00  2.601E+00  1.311E-09  9.900E+01  3.770E+00  4.398E+00
  2.601E+00  4.257E+00  0.000E+00  0.000E+00  3.770E+00  4.398E+00
  4.257E+00  6.967E+00  0.000E+00  0.000E+00  3.770E+00  4.398E+00
  6.967E+00  1.140E+01  0.000E+00  0.000E+00  3.770E+00  4.398E+00
  1.140E+01  1.866E+01  0.000E+00  0.000E+00  3.770E+00  4.398E+00
  1.866E+01  3.055E+01  0.000E+00  0.000E+00  3.770E+00  4.398E+00
  3.055E+01  5.000E+01  0.000E+00  0.000E+00  3.770E+00  4.398E+00
  5.000E+01  5.000E+01  0.000E+00  0.000E+00  3.770E+00  4.398E+00

 # Block n:            8     4.39822960      :   5.02654839    
  1.000E-09  1.637E-09  0.000E+00  0.000E+00  4.398E+00  5.027E+00
  1.637E-09  2.679E-09  0.000E+00  0.000E+00  4.398E+00  5.027E+00
  2.679E-09  4.385E-09  0.000E+00  0.000E+00  4.398E+00  5.027E+00
  4.385E-09  7.177E-09  0.000E+00  0.000E+00  4.398E+00  5.027E+00
  7.177E-09  1.175E-08  0.000E+00  0.000E+00  4.398E+00  5.027E+00
  1.175E-08  1.923E-08  0.000E+00  0.000E+00  4.398E+00  5.027E+00
  1.923E-08  3.147E-08  0.000E+00  0.000E+00  4.398E+00  5.027E+00
  3.147E-08  5.150E-08  0.000E+00  0.000E+00  4.398E+00  5.027E+00
  5.150E-08  8.430E-08  0.000E+00  0.000E+00  4.398E+00  5.027E+00
  8.430E-08  1.380E-07  0.000E+00  0.000E+00  4.398E+00  5.027E+00
  1.380E-07  2.258E-07  0.000E+00  0.000E+00  4.398E+00  5.027E+00
  2.258E-07  3.696E-07  0.000E+00  0.000E+00  4.398E+00  5.027E+00
  3.696E-07  6.050E-07  0.000E+00  0.000E+00  4.398E+00  5.027E+00
  6.050E-07  9.902E-07  0.000E+00  0.000E+00  4.398E+00  5.027E+00
  9.902E-07  1.621E-06  0.000E+00  0.000E+00  4.398E+00  5.027E+00
  1.621E-06  2.653E-06  0.000E+00  0.000E+00  4.398E+00  5.027E+00
  2.653E-06  4.342E-06  0.000E+00  0.000E+00  4.398E+00  5.027E+00
  4.342E-06  7.106E-06  0.000E+00  0.000E+00  4.398E+00  5.027E+00
  7.106E-06  1.163E-05  0.000E+00  0.000E+00  4.398E+00  5.027E+00
  1.163E-05  1.904E-05  0.000E+00  0.000E+00  4.398E+00  5.027E+00
  1.904E-05  3.116E-05  0.000E+00  0.000E+00  4.398E+00  5.027E+00
  3.116E-05  5.100E-05  0.000E+00  0.000E+00  4.398E+00  5.027E+00
  5.100E-05  8.347E-05  0.000E+00  0.000E+00  4.398E+00  5.027E+00
  8.347E-05  1.366E-04  0.000E+00  0.000E+00  4.398E+00  5.027E+00
  1.366E-04  2.236E-04  0.000E+00  0.000E+00  4.398E+00  5.027E+00
  2.236E-04  3.660E-04  9.315E-06  9.900E+01  4.398E+00  5.027E+00
  3.660E-04  5.990E-04  1.138E-05  6.124E+01  4.398E+00  5.027E+00
  5.990E-04  9.804E-04  1.043E-05  4.082E+01  4.398E+00  5.027E+00
  9.804E-04  1.605E-03  1.062E-05  4.472E+01  4.398E+00  5.027E+00
  1.605E-03  2.627E-03  1.168E-05  3.685E+01  4.398E+00  5.027E+00
  2.627E-03  4.299E-03  3.172E-06  2.500E+01  4.398E+00  5.027E+00
  4.299E-03  7.036E-03  9.206E-06  3.665E+01  4.398E+00  5.027E+00
  7.036E-03  1.152E-02  9.473E-06  2.188E+01  4.398E+00  5.027E+00
  1.152E-02  1.885E-02  1.646E-05  8.757E+00  4.398E+00  5.027E+00
  1.885E-02  3.085E-02  2.343E-05  9.713E+00  4.398E+00  5.027E+00
  3.085E-02  5.050E-02  3.241E-05  4.048E+00  4.398E+00  5.027E+00
  5.050E-02  8.265E-02  3.778E-05  2.401E+00  4.398E+00  5.027E+00
  8.265E-02  1.353E-01  3.044E-05  2.288E+00  4.398E+00  5.027E+00
  1.353E-01  2.214E-01  2.160E-05  3.421E+00  4.398E+00  5.027E+00
  2.214E-01  3.624E-01  1.396E-05  1.119E+00  4.398E+00  5.027E+00
  3.624E-01  5.931E-01  4.932E-06  4.073E+00  4.398E+00  5.027E+00
  5.931E-01  9.708E-01  4.846E-07  7.987E+00  4.398E+00  5.027E+00
  9.708E-01  1.589E+00  4.291E-09  6.124E+01  4.398E+00  5.027E+00
  1.589E+00  2.601E+00  0.000E+00  0.000E+00  4.398E+00  5.027E+00
  2.601E+00  4.257E+00  0.000E+00  0.000E+00  4.398E+00  5.027E+00
  4.257E+00  6.967E+00  0.000E+00  0.000E+00  4.398E+00  5.027E+00
  6.967E+00  1.140E+01  0.000E+00  0.000E+00  4.398E+00  5.027E+00
  1.140E+01  1.866E+01  0.000E+00  0.000E+00  4.398E+00  5.027E+00
  1.866E+01  3.055E+01  0.000E+00  0.000E+00  4.398E+00  5.027E+00
  3.055E+01  5.000E+01  0.000E+00  0.000E+00  4.398E+00  5.027E+00
  5.000E+01  5.000E+01  0.000E+00  0.000E+00  4.398E+00  5.027E+00

 # Block n:            9     5.02654839      :   5.65486717    
  1.000E-09  1.637E-09  0.000E+00  0.000E+00  5.027E+00  5.655E+00
  1.637E-09  2.679E-09  0.000E+00  0.000E+00  5.027E+00  5.655E+00
  2.679E-09  4.385E-09  0.000E+00  0.000E+00  5.027E+00  5.655E+00
  4.385E-09  7.177E-09  0.000E+00  0.000E+00  5.027E+00  5.655E+00
  7.177E-09  1.175E-08  0.000E+00  0.000E+00  5.027E+00  5.655E+00
  1.175E-08  1.923E-08  0.000E+00  0.000E+00  5.027E+00  5.655E+00
  1.923E-08  3.147E-08  0.000E+00  0.000E+00  5.027E+00  5.655E+00
  3.147E-08  5.150E-08  0.000E+00  0.000E+00  5.027E+00  5.655E+00
  5.150E-08  8.430E-08  0.000E+00  0.000E+00  5.027E+00  5.655E+00
  8.430E-08  1.380E-07  0.000E+00  0.000E+00  5.027E+00  5.655E+00
  1.380E-07  2.258E-07  0.000E+00  0.000E+00  5.027E+00  5.655E+00
  2.258E-07  3.696E-07  0.000E+00  0.000E+00  5.027E+00  5.655E+00
  3.696E-07  6.050E-07  0.000E+00  0.000E+00  5.027E+00  5.655E+00
  6.050E-07  9.902E-07  0.000E+00  0.000E+00  5.027E+00  5.655E+00
  9.902E-07  1.621E-06  0.000E+00  0.000E+00  5.027E+00  5.655E+00
  1.621E-06  2.653E-06  0.000E+00  0.000E+00  5.027E+00  5.655E+00
  2.653E-06  4.342E-06  0.000E+00  0.000E+00  5.027E+00  5.655E+00
  4.342E-06  7.106E-06  0.000E+00  0.000E+00  5.027E+00  5.655E+00
  7.106E-06  1.163E-05  0.000E+00  0.000E+00  5.027E+00  5.655E+00
  1.163E-05  1.904E-05  0.000E+00  0.000E+00  5.027E+00  5.655E+00
  1.904E-05  3.116E-05  0.000E+00  0.000E+00  5.027E+00  5.655E+00
  3.116E-05  5.100E-05  0.000E+00  0.000E+00  5.027E+00  5.655E+00
  5.100E-05  8.347E-05  0.000E+00  0.000E+00  5.027E+00  5.655E+00
  8.347E-05  1.366E-04  2.495E-05  9.900E+01  5.027E+00  5.655E+00
  1.366E-04  2.236E-04  0.000E+00  0.000E+00  5.027E+00  5.655E+00
  2.236E-04  3.660E-04  0.000E+00  0.000E+00  5.027E+00  5.655E+00
  3.660E-04  5.990E-04  0.000E+00  0.000E+00  5.027E+00  5.655E+00
  5.990E-04  9.804E-04  0.000E+00  0.000E+00  5.027E+00  5.655E+00
  9.804E-04  1.605E-03  0.000E+00  0.000E+00  5.027E+00  5.655E+00
  1.605E-03  2.627E-03  2.596E-06  6.124E+01  5.027E+00  5.655E+00
  2.627E-03  4.299E-03  5.551E-06  4.845E+01  5.027E+00  5.655E+00
  4.299E-03  7.036E-03  1.454E-06  4.082E+01  5.027E+00  5.655E+00
  7.036E-03  1.152E-02  5.329E-06  1.416E+01  5.027E+00  5.655E+00
  1.152E-02  1.885E-02  9.586E-06  1.567E+01  5.027E+00  5.655E+00
  1.885E-02  3.085E-02  1.503E-05  1.010E+01  5.027E+00  5.655E+00
  3.085E-02  5.050E-02  1.816E-05  5.495E+00  5.027E+00  5.655E+00
  5.050E-02  8.265E-02  2.050E-05  3.331E+00  5.027E+00  5.655E+00
  8.265E-02  1.353E-01  1.822E-05  6.700E+00  5.027E+00  5.655E+00
  1.353E-01  2.214E-01  1.107E-05  1.592E+00  5.027E+00  5.655E+00
  2.214E-01  3.624E-01  6.397E-06  4.436E+00  5.027E+00  5.655E+00
  3.624E-01  5.931E-01  2.012E-06  8.488E+00  5.027E+00  5.655E+00
  5.931E-01  9.708E-01  1.756E-07  2.864E+01  5.027E+00  5.655E+00
  9.708E-01  1.589E+00  4.291E-09  6.124E+01  5.027E+00  5.655E+00
  1.589E+00  2.601E+00  0.000E+00  0.000E+00  5.027E+00  5.655E+00
  2.601E+00  4.257E+00  0.000E+00  0.000E+00  5.027E+00  5.655E+00
  4.257E+00  6.967E+00  0.000E+00  0.000E+00  5.027E+00  5.655E+00
  6.967E+00  1.140E+01  0.000E+00  0.000E+00  5.027E+00  5.655E+00
  1.140E+01  1.866E+01  0.000E+00  0.000E+00  5.027E+00  5.655E+00
  1.866E+01  3.055E+01  0.000E+00  0.000E+00  5.027E+00  5.655E+00
  3.055E+01  5.000E+01  0.000E+00  0.000E+00  5.027E+00  5.655E+00
  5.000E+01  5.000E+01  0.000E+00  0.000E+00  5.027E+00  5.655E+00

 # Block n:           10     5.65486717      :   6.28318548    
  1.000E-09  1.637E-09  0.000E+00  0.000E+00  5.655E+00  6.283E+00
  1.637E-09  2.679E-09  0.000E+00  0.000E+00  5.655E+00  6.283E+00
  2.679E-09  4.385E-09  0.000E+00  0.000E+00  5.655E+00  6.283E+00
  4.385E-09  7.177E-09  0.000E+00  0.000E+00  5.655E+00  6.283E+00
  7.177E-09  1.175E-08  0.000E+00  0.000E+00  5.655E+00  6.283E+00
  1.175E-08  1.923E-08  0.000E+00  0.000E+00  5.655E+00  6.283E+00
  1.923E-08  3.147E-08  0.000E+00  0.000E+00  5.655E+00  6.283E+00
  3.147E-08  5.150E-08  0.000E+00  0.000E+00  5.655E+00  6.283E+00
  5.150E-08  8.430E-08  0.000E+00  0.000E+00  5.655E+00  6.283E+00
  8.430E-08  1.380E-07  0.000E+00  0.000E+00  5.655E+00  6.283E+00
  1.380E-07  2.258E-07  0.000E+00  0.000E+00  5.655E+00  6.283E+00
  2.258E-07  3.696E-07  0.000E+00  0.000E+00  5.655E+00  6.283E+00
  3.696E-07  6.050E-07  0.000E+00  0.000E+00  5.655E+00  6.283E+00
  6.050E-07  9.902E-07  0.000E+00  0.000E+00  5.655E+00  6.283E+00
  9.902E-07  1.621E-06  0.000E+00  0.000E+00  5.655E+00  6.283E+00
  1.621E-06  2.653E-06  0.000E+00  0.000E+00  5.655E+00  6.283E+00
  2.653E-06  4.342E-06  0.000E+00  0.000E+00  5.655E+00  6.283E+00
  4.342E-06  7.106E-06  0.000E+00  0.000E+00  5.655E+00  6.283E+00
  7.106E-06  1.163E-05  0.000E+00  0.000E+00  5.655E+00  6.283E+00
  1.163E-05  1.904E-05  0.000E+00  0.000E+00  5.655E+00  6.283E+00
  1.904E-05  3.116E-05  0.000E+00  0.000E+00  5.655E+00  6.283E+00
  3.116E-05  5.100E-05  0.000E+00  0.000E+00  5.655E+00  6.283E+00
  5.100E-05  8.347E-05  0.000E+00  0.000E+00  5.655E+00  6.283E+00
  8.347E-05  1.366E-04  2.495E-05  9.900E+01  5.655E+00  6.283E+00
  1.366E-04  2.236E-04  0.000E+00  0.000E+00  5.655E+00  6.283E+00
  2.236E-04  3.660E-04  0.000E+00  0.000E+00  5.655E+00  6.283E+00
  3.660E-04  5.990E-04  0.000E+00  0.000E+00  5.655E+00  6.283E+00
  5.990E-04  9.804E-04  0.000E+00  0.000E+00  5.655E+00  6.283E+00
  9.804E-04  1.605E-03  2.124E-06  9.900E+01  5.655E+00  6.283E+00
  1.605E-03  2.627E-03  0.000E+00  0.000E+00  5.655E+00  6.283E+00
  2.627E-03  4.299E-03  1.586E-06  6.124E+01  5.655E+00  6.283E+00
  4.299E-03  7.036E-03  0.000E+00  0.000E+00  5.655E+00  6.283E+00
  7.036E-03  1.152E-02  2.664E-06  4.082E+01  5.655E+00  6.283E+00
  1.152E-02  1.885E-02  3.256E-06  2.722E+01  5.655E+00  6.283E+00
  1.885E-02  3.085E-02  3.868E-06  1.565E+01  5.655E+00  6.283E+00
  3.085E-02  5.050E-02  5.401E-06  1.466E+01  5.655E+00  6.283E+00
  5.050E-02  8.265E-02  7.507E-06  3.943E+00  5.655E+00  6.283E+00
  8.265E-02  1.353E-01  4.587E-06  7.896E+00  5.655E+00  6.283E+00
  1.353E-01  2.214E-01  3.449E-06  5.795E+00  5.655E+00  6.283E+00
  2.214E-01  3.624E-01  1.816E-06  5.592E+00  5.655E+00  6.283E+00
  3.624E-01  5.931E-01  4.771E-07  1.137E+01  5.655E+00  6.283E+00
  5.931E-01  9.708E-01  2.107E-08  3.118E+01  5.655E+00  6.283E+00
  9.708E-01  1.589E+00  0.000E+00  0.000E+00  5.655E+00  6.283E+00
  1.589E+00  2.601E+00  0.000E+00  0.000E+00  5.655E+00  6.283E+00
  2.601E+00  4.257E+00  0.000E+00  0.000E+00  5.655E+00  6.283E+00
  4.257E+00  6.967E+00  0.000E+00  0.000E+00  5.655E+00  6.283E+00
  6.967E+00  1.140E+01  0.000E+00  0.000E+00  5.655E+00  6.283E+00
  1.140E+01  1.866E+01  0.000E+00  0.000E+00  5.655E+00  6.283E+00
  1.866E+01  3.055E+01  0.000E+00  0.000E+00  5.655E+00  6.283E+00
  3.055E+01  5.000E+01  0.000E+00  0.000E+00  5.655E+00  6.283E+00
  5.000E+01  5.000E+01  0.000E+00  0.000E+00  5.655E+00  6.283E+00

  1.000E-09  1.000E-09  0.000E+00  0.000E+00  6.283E+00  6.283E+00
  1.637E-09  1.637E-09  0.000E+00  0.000E+00  6.283E+00  6.283E+00
  2.679E-09  2.679E-09  0.000E+00  0.000E+00  6.283E+00  6.283E+00
  4.385E-09  4.385E-09  0.000E+00  0.000E+00  6.283E+00  6.283E+00
  7.177E-09  7.177E-09  0.000E+00  0.000E+00  6.283E+00  6.283E+00
  1.175E-08  1.175E-08  0.000E+00  0.000E+00  6.283E+00  6.283E+00
  1.923E-08  1.923E-08  0.000E+00  0.000E+00  6.283E+00  6.283E+00
  3.147E-08  3.147E-08  0.000E+00  0.000E+00  6.283E+00  6.283E+00
  5.150E-08  5.150E-08  0.000E+00  0.000E+00  6.283E+00  6.283E+00
  8.430E-08  8.430E-08  0.000E+00  0.000E+00  6.283E+00  6.283E+00
  1.380E-07  1.380E-07  0.000E+00  0.000E+00  6.283E+00  6.283E+00
  2.258E-07  2.258E-07  0.000E+00  0.000E+00  6.283E+00  6.283E+00
  3.696E-07  3.696E-07  0.000E+00  0.000E+00  6.283E+00  6.283E+00
  6.050E-07  6.050E-07  0.000E+00  0.000E+00  6.283E+00  6.283E+00
  9.902E-07  9.902E-07  0.000E+00  0.000E+00  6.283E+00  6.283E+00
  1.621E-06  1.621E-06  0.000E+00  0.000E+00  6.283E+00  6.283E+00
  2.653E-06  2.653E-06  0.000E+00  0.000E+00  6.283E+00  6.283E+00
  4.342E-06  4.342E-06  0.000E+00  0.000E+00  6.283E+00  6.283E+00
  7.106E-06  7.106E-06  0.000E+00  0.000E+00  6.283E+00  6.283E+00
  1.163E-05  1.163E-05  0.000E+00  0.000E+00  6.283E+00  6.283E+00
  1.904E-05  1.904E-05  0.000E+00  0.000E+00  6.283E+00  6.283E+00
  3.116E-05  3.116E-05  0.000E+00  0.000E+00  6.283E+00  6.283E+00
  5.100E-05  5.100E-05  0.000E+00  0.000E+00  6.283E+00  6.283E+00
  8.347E-05  8.347E-05  0.000E+00  0.000E+00  6.283E+00  6.283E+00
  1.366E-04  1.366E-04  0.000E+00  0.000E+00  6.283E+00  6.283E+00
  2.236E-04  2.236E-04  0.000E+00  0.000E+00  6.283E+00  6.283E+00
  3.660E-04  3.660E-04  0.000E+00  0.000E+00  6.283E+00  6.283E+00
  5.990E-04  5.990E-04  0.000E+00  0.000E+00  6.283E+00  6.283E+00
  9.804E-04  9.804E-04  0.000E+00  0.000E+00  6.283E+00  6.283E+00
  1.605E-03  1.605E-03  0.000E+00  0.000E+00  6.283E+00  6.283E+00
  2.627E-03  2.627E-03  0.000E+00  0.000E+00  6.283E+00  6.283E+00
  4.299E-03  4.299E-03  0.000E+00  0.000E+00  6.283E+00  6.283E+00
  7.036E-03  7.036E-03  0.000E+00  0.000E+00  6.283E+00  6.283E+00
  1.152E-02  1.152E-02  0.000E+00  0.000E+00  6.283E+00  6.283E+00
  1.885E-02  1.885E-02  0.000E+00  0.000E+00  6.283E+00  6.283E+00
  3.085E-02  3.085E-02  0.000E+00  0.000E+00  6.283E+00  6.283E+00
  5.050E-02  5.050E-02  0.000E+00  0.000E+00  6.283E+00  6.283E+00
  8.265E-02  8.265E-02  0.000E+00  0.000E+00  6.283E+00  6.283E+00
  1.353E-01  1.353E-01  0.000E+00  0.000E+00  6.283E+00  6.283E+00
  2.214E-01  2.214E-01  0.000E+00  0.000E+00  6.283E+00  6.283E+00
  3.624E-01  3.624E-01  0.000E+00  0.000E+00  6.283E+00  6.283E+00
  5.931E-01  5.931E-01  0.000E+00  0.000E+00  6.283E+00  6.283E+00
  9.708E-01  9.708E-01  0.000E+00  0.000E+00  6.283E+00  6.283E+00
  1.589E+00  1.589E+00  0.000E+00  0.000E+00  6.283E+00  6.283E+00
  2.601E+00  2.601E+00  0.000E+00  0.000E+00  6.283E+00  6.283E+00
  4.257E+00  4.257E+00  0.000E+00  0.000E+00  6.283E+00  6.283E+00
  6.967E+00  6.967E+00  0.000E+00  0.000E+00  6.283E+00  6.283E+00
  1.140E+01  1.140E+01  0.000E+00  0.000E+00  6.283E+00  6.283E+00
  1.866E+01  1.866E+01  0.000E+00  0.000E+00  6.283E+00  6.283E+00
  3.055E+01  3.055E+01  0.000E+00  0.000E+00  6.283E+00  6.283E+00
  5.000E+01  5.000E+01  0.000E+00  0.000E+00  6.283E+00  6.283E+00
