2026-04-26 15:57:48,301 - INFO - Generated: rs2_ep-1_step1.inp | T=5.0, W=12.0x17.0, NPS=1000000, BEAMPOS=-30.0
2026-04-26 15:57:49,078 - ERROR - FLUKA failed: Command '['rfluka', '-M', '5', 'rs2_ep-1_step1.inp']' returned non-zero exit status 12.
2026-04-26 15:57:49,078 - WARNING - Eval 1 failed (total failed=1)
2026-04-26 15:57:49,078 - INFO - Generated: rs2_ep-1_step2.inp | T=6.0, W=16.0x17.0, NPS=100000, BEAMPOS=-20.0
2026-04-26 15:59:05,525 - INFO - FLUKA OK: rs2_ep-1_step2.inp (76.4s)
2026-04-26 15:59:05,538 - INFO - Ep-1 Step2: Reward=28.9201 | Success=True
2026-04-26 15:59:05,538 - INFO - Eval 1: Reward=28.9201  State=[6.0, 16.0, 17.0, 100000.0, -20.0]
2026-04-26 15:59:05,538 - INFO - New Best: 28.9201 at eval 1
2026-04-26 15:59:05,538 - INFO - Generated: rs2_ep-1_step3.inp | T=6.0, W=9.0x8.0, NPS=700000, BEAMPOS=-45.0
2026-04-26 16:09:13,544 - ERROR - FLUKA failed: Command '['rfluka', '-M', '5', 'rs2_ep-1_step3.inp']' timed out after 600 seconds
2026-04-26 16:09:17,481 - WARNING - Eval 3 failed (total failed=2)
2026-04-26 16:09:19,797 - INFO - Generated: rs2_ep-1_step4.inp | T=2.0, W=9.0x16.0, NPS=200000, BEAMPOS=-10.0
2026-04-26 16:10:57,593 - INFO - FLUKA OK: rs2_ep-1_step4.inp (97.2s)
2026-04-26 16:11:05,180 - INFO - Ep-1 Step4: Reward=19.2889 | Success=True
2026-04-26 16:11:05,318 - INFO - Eval 2: Reward=19.2889  State=[2.0, 9.0, 16.0, 200000.0, -10.0]
2026-04-26 16:11:05,853 - INFO - Generated: rs2_ep-1_step5.inp | T=9.5, W=7.0x6.0, NPS=800000, BEAMPOS=-45.0
2026-04-26 16:21:08,165 - ERROR - FLUKA failed: Command '['rfluka', '-M', '5', 'rs2_ep-1_step5.inp']' timed out after 600 seconds
2026-04-26 16:21:09,436 - WARNING - Eval 5 failed (total failed=3)
2026-04-26 16:21:10,330 - INFO - Generated: rs2_ep-1_step6.inp | T=9.0, W=18.0x5.0, NPS=400000, BEAMPOS=-10.0
2026-04-26 16:30:23,327 - INFO - FLUKA OK: rs2_ep-1_step6.inp (552.7s)
2026-04-26 16:30:24,892 - INFO - Ep-1 Step6: Reward=34.6857 | Success=True
2026-04-26 16:30:24,902 - INFO - Eval 3: Reward=34.6857  State=[9.0, 18.0, 5.0, 400000.0, -10.0]
2026-04-26 16:30:24,966 - INFO - New Best: 34.6857 at eval 3
2026-04-26 16:30:24,984 - INFO - Generated: rs2_ep-1_step7.inp | T=9.5, W=11.0x10.0, NPS=100000, BEAMPOS=-25.0
2026-04-26 16:33:13,176 - INFO - FLUKA OK: rs2_ep-1_step7.inp (168.2s)
2026-04-26 16:33:13,644 - INFO - Ep-1 Step7: Reward=27.4140 | Success=True
2026-04-26 16:33:13,645 - INFO - Eval 4: Reward=27.4140  State=[9.5, 11.0, 10.0, 100000.0, -25.0]
2026-04-26 16:33:14,119 - INFO - Generated: rs2_ep-1_step8.inp | T=3.5, W=10.0x13.0, NPS=600000, BEAMPOS=-50.0
2026-04-26 16:37:54,348 - INFO - FLUKA OK: rs2_ep-1_step8.inp (280.2s)
2026-04-26 16:37:54,449 - INFO - Ep-1 Step8: Reward=20.3625 | Success=True
2026-04-26 16:37:54,449 - INFO - Eval 5: Reward=20.3625  State=[3.5, 10.0, 13.0, 600000.0, -50.0]
2026-04-26 16:37:54,469 - INFO - Generated: rs2_ep-1_step9.inp | T=4.5, W=12.0x9.0, NPS=300000, BEAMPOS=-30.0
2026-04-26 16:41:02,133 - INFO - FLUKA OK: rs2_ep-1_step9.inp (187.7s)
2026-04-26 16:41:02,193 - INFO - Ep-1 Step9: Reward=28.7223 | Success=True
2026-04-26 16:41:02,194 - INFO - Eval 6: Reward=28.7223  State=[4.5, 12.0, 9.0, 300000.0, -30.0]
2026-04-26 16:41:02,205 - INFO - Generated: rs2_ep-1_step10.inp | T=8.5, W=16.0x11.0, NPS=600000, BEAMPOS=-15.0
2026-04-26 16:51:02,504 - ERROR - FLUKA failed: Command '['rfluka', '-M', '5', 'rs2_ep-1_step10.inp']' timed out after 600 seconds
2026-04-26 16:51:02,554 - WARNING - Eval 10 failed (total failed=4)
2026-04-26 16:51:02,643 - INFO - Generated: rs2_ep-1_step11.inp | T=2.5, W=9.0x10.0, NPS=300000, BEAMPOS=-15.0
2026-04-26 16:53:13,694 - INFO - FLUKA OK: rs2_ep-1_step11.inp (131.0s)
2026-04-26 16:53:14,214 - INFO - Ep-1 Step11: Reward=17.3332 | Success=True
2026-04-26 16:53:14,215 - INFO - Eval 7: Reward=17.3332  State=[2.5, 9.0, 10.0, 300000.0, -15.0]
2026-04-26 16:53:14,273 - INFO - Generated: rs2_ep-1_step12.inp | T=9.0, W=8.0x18.0, NPS=600000, BEAMPOS=-45.0
2026-04-26 17:03:15,308 - ERROR - FLUKA failed: Command '['rfluka', '-M', '5', 'rs2_ep-1_step12.inp']' timed out after 600 seconds
2026-04-26 17:03:15,321 - WARNING - Eval 12 failed (total failed=5)
2026-04-26 17:03:15,433 - INFO - Generated: rs2_ep-1_step13.inp | T=4.0, W=15.0x14.0, NPS=400000, BEAMPOS=-40.0
2026-04-26 17:08:20,101 - INFO - FLUKA OK: rs2_ep-1_step13.inp (304.6s)
2026-04-26 17:08:25,161 - INFO - Ep-1 Step13: Reward=21.2837 | Success=True
2026-04-26 17:08:25,301 - INFO - Eval 8: Reward=21.2837  State=[4.0, 15.0, 14.0, 400000.0, -40.0]
2026-04-26 17:08:25,355 - INFO - Generated: rs2_ep-1_step14.inp | T=3.5, W=16.0x10.0, NPS=600000, BEAMPOS=-35.0
2026-04-26 17:14:04,625 - INFO - FLUKA OK: rs2_ep-1_step14.inp (339.2s)
2026-04-26 17:14:05,114 - INFO - Ep-1 Step14: Reward=19.6409 | Success=True
2026-04-26 17:14:05,114 - INFO - Eval 9: Reward=19.6409  State=[3.5, 16.0, 10.0, 600000.0, -35.0]
2026-04-26 17:14:05,147 - INFO - Generated: rs2_ep-1_step15.inp | T=3.0, W=6.0x7.0, NPS=800000, BEAMPOS=-30.0
2026-04-26 17:20:38,743 - INFO - FLUKA OK: rs2_ep-1_step15.inp (393.6s)
2026-04-26 17:20:39,055 - INFO - Ep-1 Step15: Reward=21.8321 | Success=True
2026-04-26 17:20:39,055 - INFO - Eval 10: Reward=21.8321  State=[3.0, 6.0, 7.0, 800000.0, -30.0]
2026-04-26 17:20:39,087 - INFO - Generated: rs2_ep-1_step16.inp | T=8.5, W=10.0x14.0, NPS=400000, BEAMPOS=-30.0
2026-04-26 17:30:36,833 - INFO - FLUKA OK: rs2_ep-1_step16.inp (597.7s)
2026-04-26 17:30:37,091 - INFO - Ep-1 Step16: Reward=34.5554 | Success=True
2026-04-26 17:30:37,091 - INFO - Eval 11: Reward=34.5554  State=[8.5, 10.0, 14.0, 400000.0, -30.0]
2026-04-26 17:30:37,120 - INFO - Generated: rs2_ep-1_step17.inp | T=8.5, W=11.0x19.0, NPS=600000, BEAMPOS=-25.0
2026-04-26 17:40:37,239 - ERROR - FLUKA failed: Command '['rfluka', '-M', '5', 'rs2_ep-1_step17.inp']' timed out after 600 seconds
2026-04-26 17:40:37,254 - WARNING - Eval 17 failed (total failed=6)
2026-04-26 17:40:37,289 - INFO - Generated: rs2_ep-1_step18.inp | T=6.5, W=7.0x18.0, NPS=100000, BEAMPOS=-15.0
2026-04-26 17:42:33,832 - INFO - FLUKA OK: rs2_ep-1_step18.inp (116.5s)
2026-04-26 17:42:34,072 - INFO - Ep-1 Step18: Reward=29.8581 | Success=True
2026-04-26 17:42:34,073 - INFO - Eval 12: Reward=29.8581  State=[6.5, 7.0, 18.0, 100000.0, -15.0]
2026-04-26 17:42:34,082 - INFO - Generated: rs2_ep-1_step19.inp | T=5.5, W=13.0x19.0, NPS=300000, BEAMPOS=-10.0
2026-04-26 17:45:56,304 - INFO - FLUKA OK: rs2_ep-1_step19.inp (202.2s)
2026-04-26 17:45:56,370 - INFO - Ep-1 Step19: Reward=27.4296 | Success=True
2026-04-26 17:45:56,372 - INFO - Eval 13: Reward=27.4296  State=[5.5, 13.0, 19.0, 300000.0, -10.0]
2026-04-26 17:45:56,393 - INFO - Generated: rs2_ep-1_step20.inp | T=7.0, W=14.0x17.0, NPS=500000, BEAMPOS=-45.0
2026-04-26 17:54:40,989 - INFO - FLUKA OK: rs2_ep-1_step20.inp (524.6s)
2026-04-26 17:54:41,503 - INFO - Ep-1 Step20: Reward=22.5638 | Success=True
2026-04-26 17:54:41,504 - INFO - Eval 14: Reward=22.5638  State=[7.0, 14.0, 17.0, 500000.0, -45.0]
2026-04-26 17:54:41,608 - INFO - Generated: rs2_ep-1_step21.inp | T=5.0, W=11.0x6.0, NPS=1000000, BEAMPOS=-25.0
2026-04-26 17:54:42,374 - ERROR - FLUKA failed: Command '['rfluka', '-M', '5', 'rs2_ep-1_step21.inp']' returned non-zero exit status 12.
2026-04-26 17:54:42,396 - WARNING - Eval 21 failed (total failed=7)
2026-04-26 17:54:42,396 - INFO - Generated: rs2_ep-1_step22.inp | T=6.5, W=19.0x11.0, NPS=200000, BEAMPOS=-30.0
2026-04-26 17:57:49,053 - INFO - FLUKA OK: rs2_ep-1_step22.inp (186.7s)
2026-04-26 17:57:49,474 - INFO - Ep-1 Step22: Reward=28.6326 | Success=True
2026-04-26 17:57:49,476 - INFO - Eval 15: Reward=28.6326  State=[6.5, 19.0, 11.0, 200000.0, -30.0]
2026-04-26 17:57:49,525 - INFO - Generated: rs2_ep-1_step23.inp | T=5.5, W=13.0x17.0, NPS=900000, BEAMPOS=-15.0
2026-04-26 18:07:49,864 - ERROR - FLUKA failed: Command '['rfluka', '-M', '5', 'rs2_ep-1_step23.inp']' timed out after 600 seconds
2026-04-26 18:07:49,964 - WARNING - Eval 23 failed (total failed=8)
2026-04-26 18:07:50,047 - INFO - Generated: rs2_ep-1_step24.inp | T=6.0, W=19.0x14.0, NPS=500000, BEAMPOS=-45.0
2026-04-26 18:15:20,604 - INFO - FLUKA OK: rs2_ep-1_step24.inp (450.5s)
2026-04-26 18:15:20,834 - INFO - Ep-1 Step24: Reward=27.5986 | Success=True
2026-04-26 18:15:20,836 - INFO - Eval 16: Reward=27.5986  State=[6.0, 19.0, 14.0, 500000.0, -45.0]
2026-04-26 18:15:20,869 - INFO - Generated: rs2_ep-1_step25.inp | T=7.0, W=12.0x5.0, NPS=800000, BEAMPOS=-30.0
2026-04-26 18:25:21,335 - ERROR - FLUKA failed: Command '['rfluka', '-M', '5', 'rs2_ep-1_step25.inp']' timed out after 600 seconds
2026-04-26 18:25:21,413 - WARNING - Eval 25 failed (total failed=9)
2026-04-26 18:25:21,526 - INFO - Generated: rs2_ep-1_step26.inp | T=8.0, W=18.0x11.0, NPS=600000, BEAMPOS=-10.0
2026-04-26 18:35:21,596 - ERROR - FLUKA failed: Command '['rfluka', '-M', '5', 'rs2_ep-1_step26.inp']' timed out after 600 seconds
2026-04-26 18:35:21,596 - WARNING - Eval 26 failed (total failed=10)
2026-04-26 18:35:22,096 - INFO - Generated: rs2_ep-1_step27.inp | T=4.5, W=6.0x17.0, NPS=900000, BEAMPOS=-45.0
2026-04-26 18:44:27,990 - INFO - FLUKA OK: rs2_ep-1_step27.inp (545.8s)
2026-04-26 18:44:28,497 - INFO - Ep-1 Step27: Reward=19.5589 | Success=True
2026-04-26 18:44:28,499 - INFO - Eval 17: Reward=19.5589  State=[4.5, 6.0, 17.0, 900000.0, -45.0]
2026-04-26 18:44:28,553 - INFO - Generated: rs2_ep-1_step28.inp | T=6.5, W=17.0x14.0, NPS=500000, BEAMPOS=-40.0
2026-04-26 18:51:52,644 - INFO - FLUKA OK: rs2_ep-1_step28.inp (444.1s)
2026-04-26 18:51:53,103 - INFO - Ep-1 Step28: Reward=33.7514 | Success=True
2026-04-26 18:51:53,103 - INFO - Eval 18: Reward=33.7514  State=[6.5, 17.0, 14.0, 500000.0, -40.0]
2026-04-26 18:51:53,104 - INFO - Generated: rs2_ep-1_step29.inp | T=6.5, W=6.0x19.0, NPS=300000, BEAMPOS=-30.0
2026-04-26 18:56:12,371 - INFO - FLUKA OK: rs2_ep-1_step29.inp (259.3s)
2026-04-26 18:56:12,432 - INFO - Ep-1 Step29: Reward=24.9765 | Success=True
2026-04-26 18:56:12,432 - INFO - Eval 19: Reward=24.9765  State=[6.5, 6.0, 19.0, 300000.0, -30.0]
2026-04-26 18:56:12,432 - INFO - Generated: rs2_ep-1_step30.inp | T=8.5, W=15.0x11.0, NPS=600000, BEAMPOS=-30.0
2026-04-26 19:06:12,488 - ERROR - FLUKA failed: Command '['rfluka', '-M', '5', 'rs2_ep-1_step30.inp']' timed out after 600 seconds
2026-04-26 19:06:12,508 - WARNING - Eval 30 failed (total failed=11)
2026-04-26 19:06:12,558 - INFO - Generated: rs2_ep-1_step31.inp | T=2.5, W=16.0x13.0, NPS=200000, BEAMPOS=-45.0
2026-04-26 19:07:52,417 - INFO - FLUKA OK: rs2_ep-1_step31.inp (99.9s)
2026-04-26 19:07:53,126 - INFO - Ep-1 Step31: Reward=14.0113 | Success=True
2026-04-26 19:07:53,128 - INFO - Eval 20: Reward=14.0113  State=[2.5, 16.0, 13.0, 200000.0, -45.0]
2026-04-26 19:07:53,231 - INFO - Generated: rs2_ep-1_step32.inp | T=2.5, W=17.0x11.0, NPS=700000, BEAMPOS=-30.0
2026-04-26 19:11:46,179 - INFO - FLUKA OK: rs2_ep-1_step32.inp (232.9s)
2026-04-26 19:11:46,216 - INFO - Ep-1 Step32: Reward=19.3929 | Success=True
2026-04-26 19:11:46,216 - INFO - Eval 21: Reward=19.3929  State=[2.5, 17.0, 11.0, 700000.0, -30.0]
2026-04-26 19:11:46,234 - INFO - Generated: rs2_ep-1_step33.inp | T=4.0, W=16.0x16.0, NPS=800000, BEAMPOS=-45.0
2026-04-26 19:18:34,798 - INFO - FLUKA OK: rs2_ep-1_step33.inp (408.6s)
2026-04-26 19:18:34,904 - INFO - Ep-1 Step33: Reward=20.9642 | Success=True
2026-04-26 19:18:34,908 - INFO - Eval 22: Reward=20.9642  State=[4.0, 16.0, 16.0, 800000.0, -45.0]
2026-04-26 19:18:34,935 - INFO - Generated: rs2_ep-1_step34.inp | T=5.5, W=20.0x13.0, NPS=500000, BEAMPOS=-40.0
2026-04-26 19:25:04,061 - INFO - FLUKA OK: rs2_ep-1_step34.inp (389.1s)
2026-04-26 19:25:04,538 - INFO - Ep-1 Step34: Reward=22.5321 | Success=True
2026-04-26 19:25:04,538 - INFO - Eval 23: Reward=22.5321  State=[5.5, 20.0, 13.0, 500000.0, -40.0]
2026-04-26 19:25:04,581 - INFO - Generated: rs2_ep-1_step35.inp | T=6.5, W=9.0x14.0, NPS=100000, BEAMPOS=-45.0
2026-04-26 19:26:44,831 - INFO - FLUKA OK: rs2_ep-1_step35.inp (100.2s)
2026-04-26 19:26:44,873 - INFO - Ep-1 Step35: Reward=23.7917 | Success=True
2026-04-26 19:26:44,873 - INFO - Eval 24: Reward=23.7917  State=[6.5, 9.0, 14.0, 100000.0, -45.0]
2026-04-26 19:26:44,899 - INFO - Generated: rs2_ep-1_step36.inp | T=9.5, W=10.0x15.0, NPS=200000, BEAMPOS=-15.0
2026-04-26 19:31:25,524 - INFO - FLUKA OK: rs2_ep-1_step36.inp (280.6s)
2026-04-26 19:31:25,641 - INFO - Ep-1 Step36: Reward=30.7278 | Success=True
2026-04-26 19:31:25,641 - INFO - Eval 25: Reward=30.7278  State=[9.5, 10.0, 15.0, 200000.0, -15.0]
2026-04-26 19:31:25,657 - INFO - Generated: rs2_ep-1_step37.inp | T=7.5, W=18.0x20.0, NPS=400000, BEAMPOS=-25.0
2026-04-26 19:38:21,738 - INFO - FLUKA OK: rs2_ep-1_step37.inp (416.1s)
2026-04-26 19:38:21,819 - INFO - Ep-1 Step37: Reward=35.0220 | Success=True
2026-04-26 19:38:21,819 - INFO - Eval 26: Reward=35.0220  State=[7.5, 18.0, 20.0, 400000.0, -25.0]
2026-04-26 19:38:21,841 - INFO - New Best: 35.0220 at eval 26
2026-04-26 19:38:21,874 - INFO - Generated: rs2_ep-1_step38.inp | T=3.0, W=16.0x16.0, NPS=500000, BEAMPOS=-50.0
2026-04-26 19:41:28,388 - INFO - FLUKA OK: rs2_ep-1_step38.inp (186.5s)
2026-04-26 19:41:29,094 - INFO - Ep-1 Step38: Reward=22.9102 | Success=True
2026-04-26 19:41:29,094 - INFO - Eval 27: Reward=22.9102  State=[3.0, 16.0, 16.0, 500000.0, -50.0]
2026-04-26 19:41:29,094 - INFO - Generated: rs2_ep-1_step39.inp | T=8.0, W=19.0x14.0, NPS=600000, BEAMPOS=-45.0
2026-04-26 19:51:29,166 - ERROR - FLUKA failed: Command '['rfluka', '-M', '5', 'rs2_ep-1_step39.inp']' timed out after 600 seconds
2026-04-26 19:51:29,166 - WARNING - Eval 39 failed (total failed=12)
2026-04-26 19:51:29,166 - INFO - Generated: rs2_ep-1_step40.inp | T=9.5, W=18.0x13.0, NPS=800000, BEAMPOS=-15.0
2026-04-26 20:01:29,318 - ERROR - FLUKA failed: Command '['rfluka', '-M', '5', 'rs2_ep-1_step40.inp']' timed out after 600 seconds
2026-04-26 20:01:29,336 - WARNING - Eval 40 failed (total failed=13)
2026-04-26 20:01:29,353 - INFO - Generated: rs2_ep-1_step41.inp | T=2.0, W=19.0x9.0, NPS=400000, BEAMPOS=-35.0
2026-04-26 20:03:41,609 - INFO - FLUKA OK: rs2_ep-1_step41.inp (132.2s)
2026-04-26 20:03:42,137 - INFO - Ep-1 Step41: Reward=18.5238 | Success=True
2026-04-26 20:03:42,137 - INFO - Eval 28: Reward=18.5238  State=[2.0, 19.0, 9.0, 400000.0, -35.0]
2026-04-26 20:03:42,180 - INFO - Generated: rs2_ep-1_step42.inp | T=4.0, W=11.0x15.0, NPS=700000, BEAMPOS=-30.0
2026-04-26 20:09:24,891 - INFO - FLUKA OK: rs2_ep-1_step42.inp (342.7s)
2026-04-26 20:09:26,052 - INFO - Ep-1 Step42: Reward=25.2433 | Success=True
2026-04-26 20:09:26,053 - INFO - Eval 29: Reward=25.2433  State=[4.0, 11.0, 15.0, 700000.0, -30.0]
2026-04-26 20:09:26,112 - INFO - Generated: rs2_ep-1_step43.inp | T=3.5, W=17.0x8.0, NPS=1000000, BEAMPOS=-30.0
2026-04-26 20:09:26,730 - ERROR - FLUKA failed: Command '['rfluka', '-M', '5', 'rs2_ep-1_step43.inp']' returned non-zero exit status 12.
2026-04-26 20:09:26,730 - WARNING - Eval 43 failed (total failed=14)
2026-04-26 20:09:26,746 - INFO - Generated: rs2_ep-1_step44.inp | T=8.0, W=13.0x5.0, NPS=900000, BEAMPOS=-30.0
2026-04-26 20:19:26,883 - ERROR - FLUKA failed: Command '['rfluka', '-M', '5', 'rs2_ep-1_step44.inp']' timed out after 600 seconds
2026-04-26 20:19:26,883 - WARNING - Eval 44 failed (total failed=15)
2026-04-26 20:19:26,884 - INFO - Generated: rs2_ep-1_step45.inp | T=2.5, W=15.0x11.0, NPS=900000, BEAMPOS=-30.0
2026-04-26 20:24:37,795 - INFO - FLUKA OK: rs2_ep-1_step45.inp (310.9s)
2026-04-26 20:24:38,121 - INFO - Ep-1 Step45: Reward=14.9963 | Success=True
2026-04-26 20:24:38,121 - INFO - Eval 30: Reward=14.9963  State=[2.5, 15.0, 11.0, 900000.0, -30.0]
2026-04-26 20:24:38,199 - INFO - Generated: rs2_ep-1_step46.inp | T=3.0, W=19.0x11.0, NPS=1000000, BEAMPOS=-20.0
2026-04-26 20:24:38,922 - ERROR - FLUKA failed: Command '['rfluka', '-M', '5', 'rs2_ep-1_step46.inp']' returned non-zero exit status 12.
2026-04-26 20:24:38,922 - WARNING - Eval 46 failed (total failed=16)
2026-04-26 20:24:38,930 - INFO - Generated: rs2_ep-1_step47.inp | T=3.0, W=14.0x15.0, NPS=1000000, BEAMPOS=-40.0
2026-04-26 20:24:39,601 - ERROR - FLUKA failed: Command '['rfluka', '-M', '5', 'rs2_ep-1_step47.inp']' returned non-zero exit status 12.
2026-04-26 20:24:39,601 - WARNING - Eval 47 failed (total failed=17)
2026-04-26 20:24:39,601 - INFO - Generated: rs2_ep-1_step48.inp | T=5.5, W=18.0x8.0, NPS=300000, BEAMPOS=-15.0
2026-04-26 20:28:25,830 - INFO - FLUKA OK: rs2_ep-1_step48.inp (226.2s)
2026-04-26 20:28:26,804 - INFO - Ep-1 Step48: Reward=31.4620 | Success=True
2026-04-26 20:28:26,806 - INFO - Eval 31: Reward=31.4620  State=[5.5, 18.0, 8.0, 300000.0, -15.0]
2026-04-26 20:28:26,877 - INFO - Generated: rs2_ep-1_step49.inp | T=8.5, W=19.0x5.0, NPS=400000, BEAMPOS=-25.0
2026-04-26 20:36:11,036 - INFO - FLUKA OK: rs2_ep-1_step49.inp (464.2s)
2026-04-26 20:36:11,805 - INFO - Ep-1 Step49: Reward=35.7945 | Success=True
2026-04-26 20:36:11,806 - INFO - Eval 32: Reward=35.7945  State=[8.5, 19.0, 5.0, 400000.0, -25.0]
2026-04-26 20:36:11,813 - INFO - New Best: 35.7945 at eval 32
2026-04-26 20:36:11,871 - INFO - Generated: rs2_ep-1_step50.inp | T=2.0, W=6.0x5.0, NPS=700000, BEAMPOS=-40.0
2026-04-26 20:39:17,108 - INFO - FLUKA OK: rs2_ep-1_step50.inp (185.2s)
2026-04-26 20:39:17,389 - INFO - Ep-1 Step50: Reward=-3.9142 | Success=True
2026-04-26 20:39:17,389 - INFO - Eval 33: Reward=-3.9142  State=[2.0, 6.0, 5.0, 700000.0, -40.0]
2026-04-26 20:39:17,433 - INFO - Generated: rs2_ep-1_step51.inp | T=8.5, W=5.0x6.0, NPS=900000, BEAMPOS=-30.0
2026-04-26 20:49:17,558 - ERROR - FLUKA failed: Command '['rfluka', '-M', '5', 'rs2_ep-1_step51.inp']' timed out after 600 seconds
2026-04-26 20:49:17,576 - WARNING - Eval 51 failed (total failed=18)
2026-04-26 20:49:17,597 - INFO - Generated: rs2_ep-1_step52.inp | T=2.0, W=14.0x15.0, NPS=700000, BEAMPOS=-25.0
2026-04-26 20:52:24,907 - INFO - FLUKA OK: rs2_ep-1_step52.inp (187.3s)
2026-04-26 20:52:25,061 - INFO - Ep-1 Step52: Reward=16.7544 | Success=True
2026-04-26 20:52:25,065 - INFO - Eval 34: Reward=16.7544  State=[2.0, 14.0, 15.0, 700000.0, -25.0]
2026-04-26 20:52:25,091 - INFO - Generated: rs2_ep-1_step53.inp | T=4.0, W=13.0x8.0, NPS=700000, BEAMPOS=-35.0
2026-04-26 20:57:21,660 - INFO - FLUKA OK: rs2_ep-1_step53.inp (296.6s)
2026-04-26 20:57:21,747 - INFO - Ep-1 Step53: Reward=27.2926 | Success=True
2026-04-26 20:57:21,747 - INFO - Eval 35: Reward=27.2926  State=[4.0, 13.0, 8.0, 700000.0, -35.0]
2026-04-26 20:57:21,776 - INFO - Generated: rs2_ep-1_step54.inp | T=10.0, W=14.0x14.0, NPS=300000, BEAMPOS=-45.0
2026-04-26 21:04:19,662 - INFO - FLUKA OK: rs2_ep-1_step54.inp (417.9s)
2026-04-26 21:04:19,947 - INFO - Ep-1 Step54: Reward=43.5606 | Success=True
2026-04-26 21:04:19,949 - INFO - Eval 36: Reward=43.5606  State=[10.0, 14.0, 14.0, 300000.0, -45.0]
2026-04-26 21:04:19,965 - INFO - New Best: 43.5606 at eval 36
2026-04-26 21:04:19,980 - INFO - Generated: rs2_ep-1_step55.inp | T=3.0, W=8.0x15.0, NPS=700000, BEAMPOS=-40.0
2026-04-26 21:08:31,844 - INFO - FLUKA OK: rs2_ep-1_step55.inp (251.9s)
2026-04-26 21:08:31,970 - INFO - Ep-1 Step55: Reward=20.5338 | Success=True
2026-04-26 21:08:31,970 - INFO - Eval 37: Reward=20.5338  State=[3.0, 8.0, 15.0, 700000.0, -40.0]
2026-04-26 21:08:31,974 - INFO - Generated: rs2_ep-1_step56.inp | T=7.0, W=10.0x19.0, NPS=200000, BEAMPOS=-25.0
2026-04-26 21:11:39,679 - INFO - FLUKA OK: rs2_ep-1_step56.inp (187.7s)
2026-04-26 21:11:40,491 - INFO - Ep-1 Step56: Reward=22.9990 | Success=True
2026-04-26 21:11:40,491 - INFO - Eval 38: Reward=22.9990  State=[7.0, 10.0, 19.0, 200000.0, -25.0]
2026-04-26 21:11:40,491 - INFO - Generated: rs2_ep-1_step57.inp | T=9.0, W=18.0x13.0, NPS=100000, BEAMPOS=-15.0
2026-04-26 21:13:48,433 - INFO - FLUKA OK: rs2_ep-1_step57.inp (127.9s)
2026-04-26 21:13:49,346 - INFO - Ep-1 Step57: Reward=32.5132 | Success=True
2026-04-26 21:13:49,346 - INFO - Eval 39: Reward=32.5132  State=[9.0, 18.0, 13.0, 100000.0, -15.0]
2026-04-26 21:13:49,413 - INFO - Generated: rs2_ep-1_step58.inp | T=2.5, W=8.0x7.0, NPS=600000, BEAMPOS=-35.0
2026-04-26 21:16:52,092 - INFO - FLUKA OK: rs2_ep-1_step58.inp (182.7s)
2026-04-26 21:16:52,174 - INFO - Ep-1 Step58: Reward=16.8169 | Success=True
2026-04-26 21:16:52,174 - INFO - Eval 40: Reward=16.8169  State=[2.5, 8.0, 7.0, 600000.0, -35.0]
2026-04-26 21:16:52,174 - INFO - Generated: rs2_ep-1_step59.inp | T=5.0, W=10.0x14.0, NPS=800000, BEAMPOS=-25.0
2026-04-26 21:25:21,111 - INFO - FLUKA OK: rs2_ep-1_step59.inp (508.9s)
2026-04-26 21:25:21,198 - INFO - Ep-1 Step59: Reward=28.2180 | Success=True
2026-04-26 21:25:21,199 - INFO - Eval 41: Reward=28.2180  State=[5.0, 10.0, 14.0, 800000.0, -25.0]
2026-04-26 21:25:21,199 - INFO - Generated: rs2_ep-1_step60.inp | T=6.5, W=17.0x19.0, NPS=900000, BEAMPOS=-40.0
2026-04-26 21:35:21,224 - ERROR - FLUKA failed: Command '['rfluka', '-M', '5', 'rs2_ep-1_step60.inp']' timed out after 600 seconds
2026-04-26 21:35:21,333 - WARNING - Eval 60 failed (total failed=19)
2026-04-26 21:35:21,438 - INFO - Generated: rs2_ep-1_step61.inp | T=3.5, W=19.0x12.0, NPS=200000, BEAMPOS=-45.0
2026-04-26 21:36:54,717 - INFO - FLUKA OK: rs2_ep-1_step61.inp (93.3s)
2026-04-26 21:36:54,949 - INFO - Ep-1 Step61: Reward=20.2179 | Success=True
2026-04-26 21:36:54,949 - INFO - Eval 42: Reward=20.2179  State=[3.5, 19.0, 12.0, 200000.0, -45.0]
2026-04-26 21:36:54,965 - INFO - Generated: rs2_ep-1_step62.inp | T=3.5, W=15.0x10.0, NPS=1000000, BEAMPOS=-20.0
2026-04-26 21:36:55,737 - ERROR - FLUKA failed: Command '['rfluka', '-M', '5', 'rs2_ep-1_step62.inp']' returned non-zero exit status 12.
2026-04-26 21:36:55,739 - WARNING - Eval 62 failed (total failed=20)
2026-04-26 21:36:55,739 - INFO - Generated: rs2_ep-1_step63.inp | T=9.5, W=10.0x5.0, NPS=200000, BEAMPOS=-40.0
2026-04-26 21:40:29,609 - INFO - FLUKA OK: rs2_ep-1_step63.inp (213.9s)
2026-04-26 21:40:29,735 - INFO - Ep-1 Step63: Reward=32.1249 | Success=True
2026-04-26 21:40:29,739 - INFO - Eval 43: Reward=32.1249  State=[9.5, 10.0, 5.0, 200000.0, -40.0]
2026-04-26 21:40:29,739 - INFO - Generated: rs2_ep-1_step64.inp | T=3.0, W=9.0x9.0, NPS=1000000, BEAMPOS=-25.0
2026-04-26 21:40:30,219 - ERROR - FLUKA failed: Command '['rfluka', '-M', '5', 'rs2_ep-1_step64.inp']' returned non-zero exit status 12.
2026-04-26 21:40:30,219 - WARNING - Eval 64 failed (total failed=21)
2026-04-26 21:40:30,219 - INFO - Generated: rs2_ep-1_step65.inp | T=5.5, W=13.0x10.0, NPS=100000, BEAMPOS=-30.0
2026-04-26 21:41:47,268 - INFO - FLUKA OK: rs2_ep-1_step65.inp (77.0s)
2026-04-26 21:41:47,352 - INFO - Ep-1 Step65: Reward=27.0331 | Success=True
2026-04-26 21:41:47,354 - INFO - Eval 44: Reward=27.0331  State=[5.5, 13.0, 10.0, 100000.0, -30.0]
2026-04-26 21:41:47,354 - INFO - Generated: rs2_ep-1_step66.inp | T=2.5, W=19.0x14.0, NPS=400000, BEAMPOS=-30.0
2026-04-26 21:43:57,593 - INFO - FLUKA OK: rs2_ep-1_step66.inp (130.2s)
2026-04-26 21:43:57,680 - INFO - Ep-1 Step66: Reward=12.1907 | Success=True
2026-04-26 21:43:57,680 - INFO - Eval 45: Reward=12.1907  State=[2.5, 19.0, 14.0, 400000.0, -30.0]
2026-04-26 21:43:57,681 - INFO - Generated: rs2_ep-1_step67.inp | T=9.5, W=17.0x14.0, NPS=1000000, BEAMPOS=-40.0
2026-04-26 21:43:58,255 - ERROR - FLUKA failed: Command '['rfluka', '-M', '5', 'rs2_ep-1_step67.inp']' returned non-zero exit status 12.
2026-04-26 21:43:58,255 - WARNING - Eval 67 failed (total failed=22)
2026-04-26 21:43:58,255 - INFO - Generated: rs2_ep-1_step68.inp | T=9.5, W=9.0x10.0, NPS=1000000, BEAMPOS=-30.0
2026-04-26 21:43:58,869 - ERROR - FLUKA failed: Command '['rfluka', '-M', '5', 'rs2_ep-1_step68.inp']' returned non-zero exit status 12.
2026-04-26 21:43:58,869 - WARNING - Eval 68 failed (total failed=23)
2026-04-26 21:43:58,870 - INFO - Generated: rs2_ep-1_step69.inp | T=4.5, W=14.0x6.0, NPS=700000, BEAMPOS=-20.0
2026-04-26 21:50:00,480 - INFO - FLUKA OK: rs2_ep-1_step69.inp (361.6s)
2026-04-26 21:50:00,812 - INFO - Ep-1 Step69: Reward=23.0556 | Success=True
2026-04-26 21:50:00,812 - INFO - Eval 46: Reward=23.0556  State=[4.5, 14.0, 6.0, 700000.0, -20.0]
2026-04-26 21:50:00,812 - INFO - Generated: rs2_ep-1_step70.inp | T=3.5, W=13.0x14.0, NPS=400000, BEAMPOS=-15.0
2026-04-26 21:52:39,574 - INFO - FLUKA OK: rs2_ep-1_step70.inp (158.8s)
2026-04-26 21:52:40,292 - INFO - Ep-1 Step70: Reward=-2.6373 | Success=True
2026-04-26 21:52:40,293 - INFO - Eval 47: Reward=-2.6373  State=[3.5, 13.0, 14.0, 400000.0, -15.0]
2026-04-26 21:52:40,293 - INFO - Generated: rs2_ep-1_step71.inp | T=5.0, W=17.0x9.0, NPS=1000000, BEAMPOS=-35.0
2026-04-26 21:52:41,021 - ERROR - FLUKA failed: Command '['rfluka', '-M', '5', 'rs2_ep-1_step71.inp']' returned non-zero exit status 12.
2026-04-26 21:52:41,021 - WARNING - Eval 71 failed (total failed=24)
2026-04-26 21:52:41,021 - INFO - Generated: rs2_ep-1_step72.inp | T=3.0, W=9.0x9.0, NPS=1000000, BEAMPOS=-45.0
2026-04-26 21:52:41,960 - ERROR - FLUKA failed: Command '['rfluka', '-M', '5', 'rs2_ep-1_step72.inp']' returned non-zero exit status 12.
2026-04-26 21:52:41,960 - WARNING - Eval 72 failed (total failed=25)
2026-04-26 21:52:41,961 - INFO - Generated: rs2_ep-1_step73.inp | T=4.0, W=14.0x14.0, NPS=600000, BEAMPOS=-20.0
2026-04-26 21:57:32,238 - INFO - FLUKA OK: rs2_ep-1_step73.inp (290.3s)
2026-04-26 21:57:32,278 - INFO - Ep-1 Step73: Reward=26.2914 | Success=True
2026-04-26 21:57:32,278 - INFO - Eval 48: Reward=26.2914  State=[4.0, 14.0, 14.0, 600000.0, -20.0]
2026-04-26 21:57:32,278 - INFO - Generated: rs2_ep-1_step74.inp | T=7.5, W=15.0x9.0, NPS=300000, BEAMPOS=-25.0
2026-04-26 22:01:51,502 - INFO - FLUKA OK: rs2_ep-1_step74.inp (259.2s)
2026-04-26 22:01:51,557 - INFO - Ep-1 Step74: Reward=30.9834 | Success=True
2026-04-26 22:01:51,557 - INFO - Eval 49: Reward=30.9834  State=[7.5, 15.0, 9.0, 300000.0, -25.0]
2026-04-26 22:01:51,557 - INFO - Generated: rs2_ep-1_step75.inp | T=8.0, W=6.0x18.0, NPS=900000, BEAMPOS=-40.0
2026-04-26 22:11:51,631 - ERROR - FLUKA failed: Command '['rfluka', '-M', '5', 'rs2_ep-1_step75.inp']' timed out after 600 seconds
2026-04-26 22:11:51,659 - WARNING - Eval 75 failed (total failed=26)
2026-04-26 22:11:51,659 - INFO - Generated: rs2_ep-1_step76.inp | T=3.0, W=14.0x6.0, NPS=100000, BEAMPOS=-20.0
2026-04-26 22:12:55,602 - INFO - FLUKA OK: rs2_ep-1_step76.inp (63.9s)
2026-04-26 22:12:55,986 - INFO - Ep-1 Step76: Reward=16.4564 | Success=True
2026-04-26 22:12:55,987 - INFO - Eval 50: Reward=16.4564  State=[3.0, 14.0, 6.0, 100000.0, -20.0]
2026-04-26 22:12:56,021 - INFO - Generated: rs2_ep-1_step77.inp | T=4.0, W=8.0x13.0, NPS=500000, BEAMPOS=-25.0
2026-04-26 22:17:15,669 - INFO - FLUKA OK: rs2_ep-1_step77.inp (259.6s)
2026-04-26 22:17:15,724 - INFO - Ep-1 Step77: Reward=16.5920 | Success=True
2026-04-26 22:17:15,724 - INFO - Eval 51: Reward=16.5920  State=[4.0, 8.0, 13.0, 500000.0, -25.0]
2026-04-26 22:17:15,724 - INFO - Generated: rs2_ep-1_step78.inp | T=5.5, W=13.0x18.0, NPS=800000, BEAMPOS=-35.0
2026-04-26 22:25:56,715 - INFO - FLUKA OK: rs2_ep-1_step78.inp (521.0s)
2026-04-26 22:25:58,585 - INFO - Ep-1 Step78: Reward=26.2523 | Success=True
2026-04-26 22:25:58,585 - INFO - Eval 52: Reward=26.2523  State=[5.5, 13.0, 18.0, 800000.0, -35.0]
2026-04-26 22:25:58,586 - INFO - Generated: rs2_ep-1_step79.inp | T=8.0, W=15.0x14.0, NPS=300000, BEAMPOS=-45.0
2026-04-26 22:30:58,077 - INFO - FLUKA OK: rs2_ep-1_step79.inp (299.5s)
2026-04-26 22:30:58,153 - INFO - Ep-1 Step79: Reward=28.6361 | Success=True
2026-04-26 22:30:58,153 - INFO - Eval 53: Reward=28.6361  State=[8.0, 15.0, 14.0, 300000.0, -45.0]
2026-04-26 22:30:58,153 - INFO - Generated: rs2_ep-1_step80.inp | T=4.0, W=6.0x6.0, NPS=600000, BEAMPOS=-15.0
2026-04-26 22:35:32,213 - INFO - FLUKA OK: rs2_ep-1_step80.inp (274.1s)
2026-04-26 22:35:32,838 - INFO - Ep-1 Step80: Reward=19.8639 | Success=True
2026-04-26 22:35:32,839 - INFO - Eval 54: Reward=19.8639  State=[4.0, 6.0, 6.0, 600000.0, -15.0]
2026-04-26 22:35:32,839 - INFO - Generated: rs2_ep-1_step81.inp | T=3.5, W=8.0x12.0, NPS=900000, BEAMPOS=-30.0
2026-04-26 22:41:57,283 - INFO - FLUKA OK: rs2_ep-1_step81.inp (384.4s)
2026-04-26 22:41:57,730 - INFO - Ep-1 Step81: Reward=19.1684 | Success=True
2026-04-26 22:41:57,731 - INFO - Eval 55: Reward=19.1684  State=[3.5, 8.0, 12.0, 900000.0, -30.0]
2026-04-26 22:41:57,731 - INFO - Generated: rs2_ep-1_step82.inp | T=3.0, W=20.0x16.0, NPS=900000, BEAMPOS=-45.0
2026-04-26 22:47:19,605 - INFO - FLUKA OK: rs2_ep-1_step82.inp (321.9s)
2026-04-26 22:47:20,459 - INFO - Ep-1 Step82: Reward=20.0269 | Success=True
2026-04-26 22:47:20,461 - INFO - Eval 56: Reward=20.0269  State=[3.0, 20.0, 16.0, 900000.0, -45.0]
2026-04-26 22:47:20,470 - INFO - Generated: rs2_ep-1_step83.inp | T=3.5, W=14.0x8.0, NPS=200000, BEAMPOS=-25.0
2026-04-26 22:48:46,462 - INFO - FLUKA OK: rs2_ep-1_step83.inp (86.0s)
2026-04-26 22:48:46,609 - INFO - Ep-1 Step83: Reward=19.5482 | Success=True
2026-04-26 22:48:46,777 - INFO - Eval 57: Reward=19.5482  State=[3.5, 14.0, 8.0, 200000.0, -25.0]
2026-04-26 22:48:46,777 - INFO - Generated: rs2_ep-1_step84.inp | T=3.0, W=10.0x6.0, NPS=1000000, BEAMPOS=-20.0
2026-04-26 22:48:47,216 - ERROR - FLUKA failed: Command '['rfluka', '-M', '5', 'rs2_ep-1_step84.inp']' returned non-zero exit status 12.
2026-04-26 22:48:47,229 - WARNING - Eval 84 failed (total failed=27)
2026-04-26 22:48:47,229 - INFO - Generated: rs2_ep-1_step85.inp | T=8.0, W=10.0x12.0, NPS=900000, BEAMPOS=-40.0
2026-04-26 22:58:47,311 - ERROR - FLUKA failed: Command '['rfluka', '-M', '5', 'rs2_ep-1_step85.inp']' timed out after 600 seconds
2026-04-26 22:58:47,311 - WARNING - Eval 85 failed (total failed=28)
2026-04-26 22:58:47,312 - INFO - Generated: rs2_ep-1_step86.inp | T=5.5, W=7.0x20.0, NPS=100000, BEAMPOS=-50.0
2026-04-26 23:00:10,665 - INFO - FLUKA OK: rs2_ep-1_step86.inp (83.4s)
2026-04-26 23:00:10,984 - INFO - Ep-1 Step86: Reward=26.0558 | Success=True
2026-04-26 23:00:10,984 - INFO - Eval 58: Reward=26.0558  State=[5.5, 7.0, 20.0, 100000.0, -50.0]
2026-04-26 23:00:10,997 - INFO - Generated: rs2_ep-1_step87.inp | T=7.0, W=13.0x12.0, NPS=400000, BEAMPOS=-30.0
2026-04-26 23:05:44,587 - INFO - FLUKA OK: rs2_ep-1_step87.inp (333.6s)
2026-04-26 23:05:44,651 - INFO - Ep-1 Step87: Reward=27.2650 | Success=True
2026-04-26 23:05:44,651 - INFO - Eval 59: Reward=27.2650  State=[7.0, 13.0, 12.0, 400000.0, -30.0]
2026-04-26 23:05:44,651 - INFO - Generated: rs2_ep-1_step88.inp | T=7.0, W=14.0x16.0, NPS=800000, BEAMPOS=-45.0
2026-04-26 23:15:44,745 - ERROR - FLUKA failed: Command '['rfluka', '-M', '5', 'rs2_ep-1_step88.inp']' timed out after 600 seconds
2026-04-26 23:15:44,745 - WARNING - Eval 88 failed (total failed=29)
2026-04-26 23:15:44,745 - INFO - Generated: rs2_ep-1_step89.inp | T=3.5, W=20.0x6.0, NPS=900000, BEAMPOS=-35.0
2026-04-26 23:21:36,329 - INFO - FLUKA OK: rs2_ep-1_step89.inp (351.6s)
2026-04-26 23:21:36,413 - INFO - Ep-1 Step89: Reward=16.1100 | Success=True
2026-04-26 23:21:36,413 - INFO - Eval 60: Reward=16.1100  State=[3.5, 20.0, 6.0, 900000.0, -35.0]
2026-04-26 23:21:36,413 - INFO - Generated: rs2_ep-1_step90.inp | T=2.5, W=6.0x15.0, NPS=700000, BEAMPOS=-20.0
2026-04-26 23:24:48,865 - INFO - FLUKA OK: rs2_ep-1_step90.inp (192.5s)
2026-04-26 23:24:49,027 - INFO - Ep-1 Step90: Reward=-6.5574 | Success=True
2026-04-26 23:24:49,027 - INFO - Eval 61: Reward=-6.5574  State=[2.5, 6.0, 15.0, 700000.0, -20.0]
2026-04-26 23:24:49,027 - INFO - Generated: rs2_ep-1_step91.inp | T=7.5, W=12.0x6.0, NPS=600000, BEAMPOS=-30.0
2026-04-26 23:32:52,109 - INFO - FLUKA OK: rs2_ep-1_step91.inp (483.1s)
2026-04-26 23:32:52,173 - INFO - Ep-1 Step91: Reward=31.0661 | Success=True
2026-04-26 23:32:52,174 - INFO - Eval 62: Reward=31.0661  State=[7.5, 12.0, 6.0, 600000.0, -30.0]
2026-04-26 23:32:52,174 - INFO - Generated: rs2_ep-1_step92.inp | T=7.5, W=9.0x15.0, NPS=700000, BEAMPOS=-10.0
2026-04-26 23:42:25,988 - INFO - FLUKA OK: rs2_ep-1_step92.inp (573.8s)
2026-04-26 23:42:26,364 - INFO - Ep-1 Step92: Reward=35.1628 | Success=True
2026-04-26 23:42:26,364 - INFO - Eval 63: Reward=35.1628  State=[7.5, 9.0, 15.0, 700000.0, -10.0]
2026-04-26 23:42:26,364 - INFO - Generated: rs2_ep-1_step93.inp | T=5.5, W=18.0x5.0, NPS=700000, BEAMPOS=-30.0
2026-04-26 23:49:08,091 - INFO - FLUKA OK: rs2_ep-1_step93.inp (401.7s)
2026-04-26 23:49:08,162 - INFO - Ep-1 Step93: Reward=27.7785 | Success=True
2026-04-26 23:49:08,162 - INFO - Eval 64: Reward=27.7785  State=[5.5, 18.0, 5.0, 700000.0, -30.0]
2026-04-26 23:49:08,162 - INFO - Generated: rs2_ep-1_step94.inp | T=3.0, W=7.0x20.0, NPS=800000, BEAMPOS=-45.0
2026-04-26 23:53:24,327 - INFO - FLUKA OK: rs2_ep-1_step94.inp (256.2s)
2026-04-26 23:53:24,344 - INFO - Ep-1 Step94: Reward=26.0987 | Success=True
2026-04-26 23:53:24,344 - INFO - Eval 65: Reward=26.0987  State=[3.0, 7.0, 20.0, 800000.0, -45.0]
2026-04-26 23:53:24,344 - INFO - Generated: rs2_ep-1_step95.inp | T=4.5, W=16.0x15.0, NPS=1000000, BEAMPOS=-20.0
2026-04-26 23:53:24,789 - ERROR - FLUKA failed: Command '['rfluka', '-M', '5', 'rs2_ep-1_step95.inp']' returned non-zero exit status 12.
2026-04-26 23:53:24,789 - WARNING - Eval 95 failed (total failed=30)
2026-04-26 23:53:24,789 - INFO - Generated: rs2_ep-1_step96.inp | T=8.0, W=18.0x17.0, NPS=200000, BEAMPOS=-45.0
2026-04-26 23:56:45,968 - INFO - FLUKA OK: rs2_ep-1_step96.inp (201.2s)
2026-04-26 23:56:45,986 - INFO - Ep-1 Step96: Reward=31.3314 | Success=True
2026-04-26 23:56:45,986 - INFO - Eval 66: Reward=31.3314  State=[8.0, 18.0, 17.0, 200000.0, -45.0]
2026-04-26 23:56:45,986 - INFO - Generated: rs2_ep-1_step97.inp | T=6.5, W=17.0x10.0, NPS=100000, BEAMPOS=-35.0
2026-04-26 23:58:08,667 - INFO - FLUKA OK: rs2_ep-1_step97.inp (82.7s)
2026-04-26 23:58:08,781 - INFO - Ep-1 Step97: Reward=28.0551 | Success=True
2026-04-26 23:58:08,781 - INFO - Eval 67: Reward=28.0551  State=[6.5, 17.0, 10.0, 100000.0, -35.0]
2026-04-26 23:58:08,782 - INFO - Generated: rs2_ep-1_step98.inp | T=2.0, W=12.0x7.0, NPS=800000, BEAMPOS=-35.0
2026-04-27 00:01:10,638 - INFO - FLUKA OK: rs2_ep-1_step98.inp (181.9s)
2026-04-27 00:01:10,715 - INFO - Ep-1 Step98: Reward=21.6771 | Success=True
2026-04-27 00:01:10,715 - INFO - Eval 68: Reward=21.6771  State=[2.0, 12.0, 7.0, 800000.0, -35.0]
2026-04-27 00:01:10,716 - INFO - Generated: rs2_ep-1_step99.inp | T=7.5, W=13.0x16.0, NPS=100000, BEAMPOS=-25.0
2026-04-27 00:02:45,811 - INFO - FLUKA OK: rs2_ep-1_step99.inp (95.1s)
2026-04-27 00:02:45,855 - INFO - Ep-1 Step99: Reward=27.7173 | Success=True
2026-04-27 00:02:45,855 - INFO - Eval 69: Reward=27.7173  State=[7.5, 13.0, 16.0, 100000.0, -25.0]
2026-04-27 00:02:45,866 - INFO - Generated: rs2_ep-1_step100.inp | T=6.5, W=13.0x17.0, NPS=800000, BEAMPOS=-10.0
2026-04-27 00:12:11,477 - INFO - FLUKA OK: rs2_ep-1_step100.inp (565.6s)
2026-04-27 00:12:11,561 - INFO - Ep-1 Step100: Reward=0.6183 | Success=True
2026-04-27 00:12:11,561 - INFO - Eval 70: Reward=0.6183  State=[6.5, 13.0, 17.0, 800000.0, -10.0]
2026-04-27 00:12:11,561 - INFO - Generated: rs2_ep-1_step101.inp | T=6.0, W=15.0x19.0, NPS=100000, BEAMPOS=-30.0
2026-04-27 00:13:29,843 - INFO - FLUKA OK: rs2_ep-1_step101.inp (78.3s)
2026-04-27 00:13:29,964 - INFO - Ep-1 Step101: Reward=27.3901 | Success=True
2026-04-27 00:13:29,964 - INFO - Eval 71: Reward=27.3901  State=[6.0, 15.0, 19.0, 100000.0, -30.0]
2026-04-27 00:13:29,964 - INFO - Generated: rs2_ep-1_step102.inp | T=3.5, W=7.0x12.0, NPS=800000, BEAMPOS=-40.0
2026-04-27 00:18:21,310 - INFO - FLUKA OK: rs2_ep-1_step102.inp (291.3s)
2026-04-27 00:18:21,351 - INFO - Ep-1 Step102: Reward=22.1100 | Success=True
2026-04-27 00:18:21,352 - INFO - Eval 72: Reward=22.1100  State=[3.5, 7.0, 12.0, 800000.0, -40.0]
2026-04-27 00:18:21,352 - INFO - Generated: rs2_ep-1_step103.inp | T=3.0, W=8.0x13.0, NPS=400000, BEAMPOS=-20.0
2026-04-27 00:20:34,476 - INFO - FLUKA OK: rs2_ep-1_step103.inp (133.1s)
2026-04-27 00:20:34,496 - INFO - Ep-1 Step103: Reward=17.2159 | Success=True
2026-04-27 00:20:34,496 - INFO - Eval 73: Reward=17.2159  State=[3.0, 8.0, 13.0, 400000.0, -20.0]
2026-04-27 00:20:34,496 - INFO - Generated: rs2_ep-1_step104.inp | T=6.0, W=15.0x20.0, NPS=1000000, BEAMPOS=-45.0
2026-04-27 00:20:34,927 - ERROR - FLUKA failed: Command '['rfluka', '-M', '5', 'rs2_ep-1_step104.inp']' returned non-zero exit status 12.
2026-04-27 00:20:34,928 - WARNING - Eval 104 failed (total failed=31)
2026-04-27 00:20:34,928 - INFO - Generated: rs2_ep-1_step105.inp | T=8.0, W=15.0x10.0, NPS=700000, BEAMPOS=-40.0
2026-04-27 00:30:35,029 - ERROR - FLUKA failed: Command '['rfluka', '-M', '5', 'rs2_ep-1_step105.inp']' timed out after 600 seconds
2026-04-27 00:30:35,029 - WARNING - Eval 105 failed (total failed=32)
2026-04-27 00:30:35,030 - INFO - Generated: rs2_ep-1_step106.inp | T=2.5, W=17.0x5.0, NPS=100000, BEAMPOS=-25.0
2026-04-27 00:31:13,272 - INFO - FLUKA OK: rs2_ep-1_step106.inp (38.2s)
2026-04-27 00:31:13,304 - INFO - Ep-1 Step106: Reward=15.3357 | Success=True
2026-04-27 00:31:13,305 - INFO - Eval 74: Reward=15.3357  State=[2.5, 17.0, 5.0, 100000.0, -25.0]
2026-04-27 00:31:13,305 - INFO - Generated: rs2_ep-1_step107.inp | T=6.0, W=16.0x5.0, NPS=900000, BEAMPOS=-25.0
2026-04-27 00:40:30,470 - INFO - FLUKA OK: rs2_ep-1_step107.inp (557.2s)
2026-04-27 00:40:30,512 - INFO - Ep-1 Step107: Reward=39.0102 | Success=True
2026-04-27 00:40:30,513 - INFO - Eval 75: Reward=39.0102  State=[6.0, 16.0, 5.0, 900000.0, -25.0]
2026-04-27 00:40:30,513 - INFO - Generated: rs2_ep-1_step108.inp | T=2.0, W=9.0x17.0, NPS=900000, BEAMPOS=-40.0
2026-04-27 00:43:45,858 - INFO - FLUKA OK: rs2_ep-1_step108.inp (195.3s)
2026-04-27 00:43:45,891 - INFO - Ep-1 Step108: Reward=24.3273 | Success=True
2026-04-27 00:43:45,891 - INFO - Eval 76: Reward=24.3273  State=[2.0, 9.0, 17.0, 900000.0, -40.0]
2026-04-27 00:43:45,891 - INFO - Generated: rs2_ep-1_step109.inp | T=5.5, W=18.0x8.0, NPS=600000, BEAMPOS=-40.0
2026-04-27 00:49:36,074 - INFO - FLUKA OK: rs2_ep-1_step109.inp (350.2s)
2026-04-27 00:49:36,278 - INFO - Ep-1 Step109: Reward=29.8736 | Success=True
2026-04-27 00:49:36,278 - INFO - Eval 77: Reward=29.8736  State=[5.5, 18.0, 8.0, 600000.0, -40.0]
2026-04-27 00:49:36,278 - INFO - Generated: rs2_ep-1_step110.inp | T=7.0, W=15.0x12.0, NPS=200000, BEAMPOS=-35.0
2026-04-27 00:52:18,795 - INFO - FLUKA OK: rs2_ep-1_step110.inp (162.5s)
2026-04-27 00:52:18,997 - INFO - Ep-1 Step110: Reward=-3.6870 | Success=True
2026-04-27 00:52:18,997 - INFO - Eval 78: Reward=-3.6870  State=[7.0, 15.0, 12.0, 200000.0, -35.0]
2026-04-27 00:52:19,069 - INFO - Generated: rs2_ep-1_step111.inp | T=2.5, W=12.0x11.0, NPS=500000, BEAMPOS=-30.0
2026-04-27 00:54:38,917 - INFO - FLUKA OK: rs2_ep-1_step111.inp (139.8s)
2026-04-27 00:54:39,324 - INFO - Ep-1 Step111: Reward=21.1533 | Success=True
2026-04-27 00:54:39,324 - INFO - Eval 79: Reward=21.1533  State=[2.5, 12.0, 11.0, 500000.0, -30.0]
2026-04-27 00:54:39,325 - INFO - Generated: rs2_ep-1_step112.inp | T=7.0, W=15.0x17.0, NPS=400000, BEAMPOS=-40.0
2026-04-27 00:59:55,094 - INFO - FLUKA OK: rs2_ep-1_step112.inp (315.8s)
2026-04-27 00:59:55,184 - INFO - Ep-1 Step112: Reward=32.2418 | Success=True
2026-04-27 00:59:55,184 - INFO - Eval 80: Reward=32.2418  State=[7.0, 15.0, 17.0, 400000.0, -40.0]
2026-04-27 00:59:55,184 - INFO - Generated: rs2_ep-1_step113.inp | T=7.0, W=8.0x15.0, NPS=600000, BEAMPOS=-25.0
2026-04-27 01:07:27,860 - INFO - FLUKA OK: rs2_ep-1_step113.inp (452.6s)
2026-04-27 01:07:27,923 - INFO - Ep-1 Step113: Reward=29.1706 | Success=True
2026-04-27 01:07:27,923 - INFO - Eval 81: Reward=29.1706  State=[7.0, 8.0, 15.0, 600000.0, -25.0]
2026-04-27 01:07:27,923 - INFO - Generated: rs2_ep-1_step114.inp | T=6.0, W=15.0x12.0, NPS=400000, BEAMPOS=-40.0
2026-04-27 01:11:49,821 - INFO - FLUKA OK: rs2_ep-1_step114.inp (261.9s)
2026-04-27 01:11:49,986 - INFO - Ep-1 Step114: Reward=27.4256 | Success=True
2026-04-27 01:11:49,986 - INFO - Eval 82: Reward=27.4256  State=[6.0, 15.0, 12.0, 400000.0, -40.0]
2026-04-27 01:11:49,986 - INFO - Generated: rs2_ep-1_step115.inp | T=7.0, W=6.0x17.0, NPS=300000, BEAMPOS=-30.0
2026-04-27 01:15:33,435 - INFO - FLUKA OK: rs2_ep-1_step115.inp (223.4s)
2026-04-27 01:15:33,515 - INFO - Ep-1 Step115: Reward=31.4992 | Success=True
2026-04-27 01:15:33,515 - INFO - Eval 83: Reward=31.4992  State=[7.0, 6.0, 17.0, 300000.0, -30.0]
2026-04-27 01:15:33,515 - INFO - Generated: rs2_ep-1_step116.inp | T=7.0, W=10.0x15.0, NPS=1000000, BEAMPOS=-35.0
2026-04-27 01:15:33,948 - ERROR - FLUKA failed: Command '['rfluka', '-M', '5', 'rs2_ep-1_step116.inp']' returned non-zero exit status 12.
2026-04-27 01:15:33,948 - WARNING - Eval 116 failed (total failed=33)
2026-04-27 01:15:33,949 - INFO - Generated: rs2_ep-1_step117.inp | T=3.5, W=11.0x15.0, NPS=300000, BEAMPOS=-10.0
2026-04-27 01:17:33,144 - INFO - FLUKA OK: rs2_ep-1_step117.inp (119.2s)
2026-04-27 01:17:33,160 - INFO - Ep-1 Step117: Reward=23.2840 | Success=True
2026-04-27 01:17:33,161 - INFO - Eval 84: Reward=23.2840  State=[3.5, 11.0, 15.0, 300000.0, -10.0]
2026-04-27 01:17:33,161 - INFO - Generated: rs2_ep-1_step118.inp | T=6.0, W=7.0x6.0, NPS=400000, BEAMPOS=-35.0
2026-04-27 01:21:41,711 - INFO - FLUKA OK: rs2_ep-1_step118.inp (248.6s)
2026-04-27 01:21:41,750 - INFO - Ep-1 Step118: Reward=25.4928 | Success=True
2026-04-27 01:21:41,751 - INFO - Eval 85: Reward=25.4928  State=[6.0, 7.0, 6.0, 400000.0, -35.0]
2026-04-27 01:21:41,752 - INFO - Generated: rs2_ep-1_step119.inp | T=6.5, W=12.0x16.0, NPS=900000, BEAMPOS=-20.0
2026-04-27 01:31:41,864 - ERROR - FLUKA failed: Command '['rfluka', '-M', '5', 'rs2_ep-1_step119.inp']' timed out after 600 seconds
2026-04-27 01:31:41,865 - WARNING - Eval 119 failed (total failed=34)
2026-04-27 01:31:41,865 - INFO - Generated: rs2_ep-1_step120.inp | T=2.5, W=15.0x6.0, NPS=500000, BEAMPOS=-20.0
2026-04-27 01:33:58,873 - INFO - FLUKA OK: rs2_ep-1_step120.inp (137.0s)
2026-04-27 01:33:59,598 - INFO - Ep-1 Step120: Reward=-2.1564 | Success=True
2026-04-27 01:33:59,598 - INFO - Eval 86: Reward=-2.1564  State=[2.5, 15.0, 6.0, 500000.0, -20.0]
2026-04-27 01:33:59,599 - INFO - Generated: rs2_ep-1_step121.inp | T=8.0, W=14.0x19.0, NPS=900000, BEAMPOS=-35.0
2026-04-27 01:43:59,703 - ERROR - FLUKA failed: Command '['rfluka', '-M', '5', 'rs2_ep-1_step121.inp']' timed out after 600 seconds
2026-04-27 01:43:59,703 - WARNING - Eval 121 failed (total failed=35)
2026-04-27 01:43:59,704 - INFO - Generated: rs2_ep-1_step122.inp | T=7.0, W=5.0x8.0, NPS=600000, BEAMPOS=-15.0
2026-04-27 01:51:13,165 - INFO - FLUKA OK: rs2_ep-1_step122.inp (433.5s)
2026-04-27 01:51:13,220 - INFO - Ep-1 Step122: Reward=27.1975 | Success=True
2026-04-27 01:51:13,220 - INFO - Eval 87: Reward=27.1975  State=[7.0, 5.0, 8.0, 600000.0, -15.0]
2026-04-27 01:51:13,220 - INFO - Generated: rs2_ep-1_step123.inp | T=3.5, W=8.0x18.0, NPS=500000, BEAMPOS=-35.0
2026-04-27 01:54:20,330 - INFO - FLUKA OK: rs2_ep-1_step123.inp (187.1s)
2026-04-27 01:54:20,694 - INFO - Ep-1 Step123: Reward=23.4371 | Success=True
2026-04-27 01:54:20,695 - INFO - Eval 88: Reward=23.4371  State=[3.5, 8.0, 18.0, 500000.0, -35.0]
2026-04-27 01:54:20,695 - INFO - Generated: rs2_ep-1_step124.inp | T=9.5, W=11.0x11.0, NPS=600000, BEAMPOS=-30.0
2026-04-27 02:04:20,782 - ERROR - FLUKA failed: Command '['rfluka', '-M', '5', 'rs2_ep-1_step124.inp']' timed out after 600 seconds
2026-04-27 02:04:20,782 - WARNING - Eval 124 failed (total failed=36)
2026-04-27 02:04:20,782 - INFO - Generated: rs2_ep-1_step125.inp | T=2.0, W=16.0x18.0, NPS=700000, BEAMPOS=-45.0
2026-04-27 02:06:56,671 - INFO - FLUKA OK: rs2_ep-1_step125.inp (155.9s)
2026-04-27 02:06:57,085 - INFO - Ep-1 Step125: Reward=21.7629 | Success=True
2026-04-27 02:06:57,085 - INFO - Eval 89: Reward=21.7629  State=[2.0, 16.0, 18.0, 700000.0, -45.0]
2026-04-27 02:06:57,085 - INFO - Generated: rs2_ep-1_step126.inp | T=7.0, W=15.0x11.0, NPS=800000, BEAMPOS=-25.0
2026-04-27 02:16:57,187 - ERROR - FLUKA failed: Command '['rfluka', '-M', '5', 'rs2_ep-1_step126.inp']' timed out after 600 seconds
2026-04-27 02:16:57,187 - WARNING - Eval 126 failed (total failed=37)
2026-04-27 02:16:57,187 - INFO - Generated: rs2_ep-1_step127.inp | T=6.5, W=9.0x9.0, NPS=600000, BEAMPOS=-30.0
2026-04-27 02:23:44,957 - INFO - FLUKA OK: rs2_ep-1_step127.inp (407.8s)
2026-04-27 02:23:45,468 - INFO - Ep-1 Step127: Reward=24.0203 | Success=True
2026-04-27 02:23:45,468 - INFO - Eval 90: Reward=24.0203  State=[6.5, 9.0, 9.0, 600000.0, -30.0]
2026-04-27 02:23:45,468 - INFO - Generated: rs2_ep-1_step128.inp | T=4.5, W=20.0x16.0, NPS=700000, BEAMPOS=-45.0
2026-04-27 02:29:20,628 - INFO - FLUKA OK: rs2_ep-1_step128.inp (335.2s)
2026-04-27 02:29:20,647 - INFO - Ep-1 Step128: Reward=24.3335 | Success=True
2026-04-27 02:29:20,647 - INFO - Eval 91: Reward=24.3335  State=[4.5, 20.0, 16.0, 700000.0, -45.0]
2026-04-27 02:29:20,647 - INFO - Generated: rs2_ep-1_step129.inp | T=6.0, W=6.0x8.0, NPS=1000000, BEAMPOS=-35.0
2026-04-27 02:29:21,107 - ERROR - FLUKA failed: Command '['rfluka', '-M', '5', 'rs2_ep-1_step129.inp']' returned non-zero exit status 12.
2026-04-27 02:29:21,107 - WARNING - Eval 129 failed (total failed=38)
2026-04-27 02:29:21,107 - INFO - Generated: rs2_ep-1_step130.inp | T=2.5, W=7.0x20.0, NPS=700000, BEAMPOS=-45.0
2026-04-27 02:32:34,604 - INFO - FLUKA OK: rs2_ep-1_step130.inp (193.5s)
2026-04-27 02:32:34,931 - INFO - Ep-1 Step130: Reward=-6.5384 | Success=True
2026-04-27 02:32:34,931 - INFO - Eval 92: Reward=-6.5384  State=[2.5, 7.0, 20.0, 700000.0, -45.0]
2026-04-27 02:32:34,931 - INFO - Generated: rs2_ep-1_step131.inp | T=5.0, W=19.0x8.0, NPS=100000, BEAMPOS=-15.0
2026-04-27 02:33:40,041 - INFO - FLUKA OK: rs2_ep-1_step131.inp (65.1s)
2026-04-27 02:33:40,136 - INFO - Ep-1 Step131: Reward=19.1074 | Success=True
2026-04-27 02:33:40,136 - INFO - Eval 93: Reward=19.1074  State=[5.0, 19.0, 8.0, 100000.0, -15.0]
2026-04-27 02:33:40,136 - INFO - Generated: rs2_ep-1_step132.inp | T=4.0, W=12.0x6.0, NPS=100000, BEAMPOS=-15.0
2026-04-27 02:34:34,742 - INFO - FLUKA OK: rs2_ep-1_step132.inp (54.6s)
2026-04-27 02:34:35,034 - INFO - Ep-1 Step132: Reward=22.6546 | Success=True
2026-04-27 02:34:35,034 - INFO - Eval 94: Reward=22.6546  State=[4.0, 12.0, 6.0, 100000.0, -15.0]
2026-04-27 02:34:35,034 - INFO - Generated: rs2_ep-1_step133.inp | T=6.5, W=6.0x20.0, NPS=500000, BEAMPOS=-45.0
2026-04-27 02:40:19,314 - INFO - FLUKA OK: rs2_ep-1_step133.inp (344.3s)
2026-04-27 02:40:19,795 - INFO - Ep-1 Step133: Reward=22.6038 | Success=True
2026-04-27 02:40:19,795 - INFO - Eval 95: Reward=22.6038  State=[6.5, 6.0, 20.0, 500000.0, -45.0]
2026-04-27 02:40:19,796 - INFO - Generated: rs2_ep-1_step134.inp | T=6.5, W=15.0x11.0, NPS=600000, BEAMPOS=-45.0
2026-04-27 02:47:23,650 - INFO - FLUKA OK: rs2_ep-1_step134.inp (423.9s)
2026-04-27 02:47:23,675 - INFO - Ep-1 Step134: Reward=27.3802 | Success=True
2026-04-27 02:47:23,675 - INFO - Eval 96: Reward=27.3802  State=[6.5, 15.0, 11.0, 600000.0, -45.0]
2026-04-27 02:47:23,675 - INFO - Generated: rs2_ep-1_step135.inp | T=8.0, W=7.0x19.0, NPS=1000000, BEAMPOS=-10.0
2026-04-27 02:47:24,108 - ERROR - FLUKA failed: Command '['rfluka', '-M', '5', 'rs2_ep-1_step135.inp']' returned non-zero exit status 12.
2026-04-27 02:47:24,108 - WARNING - Eval 135 failed (total failed=39)
2026-04-27 02:47:24,108 - INFO - Generated: rs2_ep-1_step136.inp | T=5.0, W=6.0x16.0, NPS=700000, BEAMPOS=-45.0
2026-04-27 02:53:26,736 - INFO - FLUKA OK: rs2_ep-1_step136.inp (362.6s)
2026-04-27 02:53:26,772 - INFO - Ep-1 Step136: Reward=28.7961 | Success=True
2026-04-27 02:53:26,772 - INFO - Eval 97: Reward=28.7961  State=[5.0, 6.0, 16.0, 700000.0, -45.0]
2026-04-27 02:53:26,773 - INFO - Generated: rs2_ep-1_step137.inp | T=9.5, W=9.0x12.0, NPS=600000, BEAMPOS=-15.0
2026-04-27 03:03:26,853 - ERROR - FLUKA failed: Command '['rfluka', '-M', '5', 'rs2_ep-1_step137.inp']' timed out after 600 seconds
2026-04-27 03:03:26,854 - WARNING - Eval 137 failed (total failed=40)
2026-04-27 03:03:26,854 - INFO - Generated: rs2_ep-1_step138.inp | T=9.5, W=14.0x5.0, NPS=800000, BEAMPOS=-25.0
2026-04-27 03:13:26,956 - ERROR - FLUKA failed: Command '['rfluka', '-M', '5', 'rs2_ep-1_step138.inp']' timed out after 600 seconds
2026-04-27 03:13:26,956 - WARNING - Eval 138 failed (total failed=41)
2026-04-27 03:13:26,956 - INFO - Generated: rs2_ep-1_step139.inp | T=4.5, W=17.0x12.0, NPS=100000, BEAMPOS=-20.0
2026-04-27 03:14:27,693 - INFO - FLUKA OK: rs2_ep-1_step139.inp (60.7s)
2026-04-27 03:14:27,916 - INFO - Ep-1 Step139: Reward=19.2875 | Success=True
2026-04-27 03:14:27,916 - INFO - Eval 98: Reward=19.2875  State=[4.5, 17.0, 12.0, 100000.0, -20.0]
2026-04-27 03:14:27,917 - INFO - Generated: rs2_ep-1_step140.inp | T=7.5, W=19.0x5.0, NPS=1000000, BEAMPOS=-15.0
2026-04-27 03:14:28,348 - ERROR - FLUKA failed: Command '['rfluka', '-M', '5', 'rs2_ep-1_step140.inp']' returned non-zero exit status 12.
2026-04-27 03:14:28,348 - WARNING - Eval 140 failed (total failed=42)
2026-04-27 03:14:28,348 - INFO - Generated: rs2_ep-1_step141.inp | T=4.5, W=16.0x19.0, NPS=500000, BEAMPOS=-50.0
2026-04-27 03:18:33,820 - INFO - FLUKA OK: rs2_ep-1_step141.inp (245.5s)
2026-04-27 03:18:34,217 - INFO - Ep-1 Step141: Reward=28.6634 | Success=True
2026-04-27 03:18:34,217 - INFO - Eval 99: Reward=28.6634  State=[4.5, 16.0, 19.0, 500000.0, -50.0]
2026-04-27 03:18:34,217 - INFO - Generated: rs2_ep-1_step142.inp | T=8.5, W=8.0x15.0, NPS=600000, BEAMPOS=-40.0
2026-04-27 03:27:59,346 - INFO - FLUKA OK: rs2_ep-1_step142.inp (565.1s)
2026-04-27 03:27:59,402 - INFO - Ep-1 Step142: Reward=26.8143 | Success=True
2026-04-27 03:27:59,402 - INFO - Eval 100: Reward=26.8143  State=[8.5, 8.0, 15.0, 600000.0, -40.0]
