 # Detector n:            1   piFluenUD (integrated over solid angle)
 # N. of energy intervals          50
  1.000E-09  1.637E-09  0.000E+00  0.000E+00
  1.637E-09  2.679E-09  0.000E+00  0.000E+00
  2.679E-09  4.385E-09  0.000E+00  0.000E+00
  4.385E-09  7.177E-09  0.000E+00  0.000E+00
  7.177E-09  1.175E-08  0.000E+00  0.000E+00
  1.175E-08  1.923E-08  0.000E+00  0.000E+00
  1.923E-08  3.147E-08  0.000E+00  0.000E+00
  3.147E-08  5.150E-08  0.000E+00  0.000E+00
  5.150E-08  8.430E-08  0.000E+00  0.000E+00
  8.430E-08  1.380E-07  0.000E+00  0.000E+00
  1.380E-07  2.258E-07  0.000E+00  0.000E+00
  2.258E-07  3.696E-07  0.000E+00  0.000E+00
  3.696E-07  6.050E-07  0.000E+00  0.000E+00
  6.050E-07  9.902E-07  0.000E+00  0.000E+00
  9.902E-07  1.621E-06  0.000E+00  0.000E+00
  1.621E-06  2.653E-06  0.000E+00  0.000E+00
  2.653E-06  4.342E-06  3.304E-04  9.027E+01
  4.342E-06  7.106E-06  0.000E+00  0.000E+00
  7.106E-06  1.163E-05  0.000E+00  0.000E+00
  1.163E-05  1.904E-05  0.000E+00  0.000E+00
  1.904E-05  3.116E-05  0.000E+00  0.000E+00
  3.116E-05  5.100E-05  2.754E-05  9.027E+01
  5.100E-05  8.347E-05  1.812E-04  5.873E+01
  8.347E-05  1.366E-04  1.224E-04  6.022E+01
  1.366E-04  2.236E-04  4.024E-05  4.189E+01
  2.236E-04  3.660E-04  1.059E-04  4.779E+01
  3.660E-04  5.990E-04  1.397E-04  2.608E+01
  5.990E-04  9.804E-04  1.336E-04  1.266E+01
  9.804E-04  1.605E-03  1.832E-04  2.004E+01
  1.605E-03  2.627E-03  9.121E-05  1.340E+01
  2.627E-03  4.299E-03  1.621E-04  3.044E+01
  4.299E-03  7.036E-03  1.287E-04  5.814E+00
  7.036E-03  1.152E-02  1.887E-04  5.662E+00
  1.152E-02  1.885E-02  3.330E-04  2.320E+00
  1.885E-02  3.085E-02  4.634E-04  1.329E+00
  3.085E-02  5.050E-02  6.295E-04  1.004E+00
  5.050E-02  8.265E-02  7.337E-04  7.621E-01
  8.265E-02  1.353E-01  7.759E-04  6.621E-01
  1.353E-01  2.214E-01  7.673E-04  5.161E-01
  2.214E-01  3.624E-01  7.459E-04  3.652E-01
  3.624E-01  5.931E-01  5.833E-04  2.743E-01
  5.931E-01  9.708E-01  3.748E-04  2.543E-01
  9.708E-01  1.589E+00  2.248E-04  2.791E-01
  1.589E+00  2.601E+00  1.298E-04  2.202E-01
  2.601E+00  4.257E+00  6.914E-05  3.307E-01
  4.257E+00  6.967E+00  3.331E-05  2.624E-01
  6.967E+00  1.140E+01  1.357E-05  2.687E-01
  1.140E+01  1.866E+01  4.150E-06  4.748E-01
  1.866E+01  3.055E+01  8.318E-07  8.779E-01
  3.055E+01  5.000E+01  4.692E-08  3.151E+00


 # double differential distributions
 # number of solid angle intervals          10
 # Block n:            1     0.00000000      :  0.628318548    
  1.000E-09  1.637E-09  0.000E+00  0.000E+00  0.000E+00  6.283E-01
  1.637E-09  2.679E-09  0.000E+00  0.000E+00  0.000E+00  6.283E-01
  2.679E-09  4.385E-09  0.000E+00  0.000E+00  0.000E+00  6.283E-01
  4.385E-09  7.177E-09  0.000E+00  0.000E+00  0.000E+00  6.283E-01
  7.177E-09  1.175E-08  0.000E+00  0.000E+00  0.000E+00  6.283E-01
  1.175E-08  1.923E-08  0.000E+00  0.000E+00  0.000E+00  6.283E-01
  1.923E-08  3.147E-08  0.000E+00  0.000E+00  0.000E+00  6.283E-01
  3.147E-08  5.150E-08  0.000E+00  0.000E+00  0.000E+00  6.283E-01
  5.150E-08  8.430E-08  0.000E+00  0.000E+00  0.000E+00  6.283E-01
  8.430E-08  1.380E-07  0.000E+00  0.000E+00  0.000E+00  6.283E-01
  1.380E-07  2.258E-07  0.000E+00  0.000E+00  0.000E+00  6.283E-01
  2.258E-07  3.696E-07  0.000E+00  0.000E+00  0.000E+00  6.283E-01
  3.696E-07  6.050E-07  0.000E+00  0.000E+00  0.000E+00  6.283E-01
  6.050E-07  9.902E-07  0.000E+00  0.000E+00  0.000E+00  6.283E-01
  9.902E-07  1.621E-06  0.000E+00  0.000E+00  0.000E+00  6.283E-01
  1.621E-06  2.653E-06  0.000E+00  0.000E+00  0.000E+00  6.283E-01
  2.653E-06  4.342E-06  0.000E+00  0.000E+00  0.000E+00  6.283E-01
  4.342E-06  7.106E-06  0.000E+00  0.000E+00  0.000E+00  6.283E-01
  7.106E-06  1.163E-05  0.000E+00  0.000E+00  0.000E+00  6.283E-01
  1.163E-05  1.904E-05  0.000E+00  0.000E+00  0.000E+00  6.283E-01
  1.904E-05  3.116E-05  0.000E+00  0.000E+00  0.000E+00  6.283E-01
  3.116E-05  5.100E-05  4.382E-05  9.027E+01  0.000E+00  6.283E-01
  5.100E-05  8.347E-05  0.000E+00  0.000E+00  0.000E+00  6.283E-01
  8.347E-05  1.366E-04  0.000E+00  0.000E+00  0.000E+00  6.283E-01
  1.366E-04  2.236E-04  1.903E-05  6.816E+01  0.000E+00  6.283E-01
  2.236E-04  3.660E-04  2.387E-05  5.842E+01  0.000E+00  6.283E-01
  3.660E-04  5.990E-04  1.843E-05  4.789E+01  0.000E+00  6.283E-01
  5.990E-04  9.804E-04  1.516E-05  3.388E+01  0.000E+00  6.283E-01
  9.804E-04  1.605E-03  2.556E-05  1.154E+01  0.000E+00  6.283E-01
  1.605E-03  2.627E-03  1.486E-05  3.351E+01  0.000E+00  6.283E-01
  2.627E-03  4.299E-03  2.218E-05  1.181E+01  0.000E+00  6.283E-01
  4.299E-03  7.036E-03  1.713E-05  1.043E+01  0.000E+00  6.283E-01
  7.036E-03  1.152E-02  2.659E-05  6.932E+00  0.000E+00  6.283E-01
  1.152E-02  1.885E-02  4.916E-05  3.604E+00  0.000E+00  6.283E-01
  1.885E-02  3.085E-02  6.367E-05  4.019E+00  0.000E+00  6.283E-01
  3.085E-02  5.050E-02  9.451E-05  2.390E+00  0.000E+00  6.283E-01
  5.050E-02  8.265E-02  1.234E-04  1.288E+00  0.000E+00  6.283E-01
  8.265E-02  1.353E-01  1.578E-04  5.516E-01  0.000E+00  6.283E-01
  1.353E-01  2.214E-01  2.199E-04  7.160E-01  0.000E+00  6.283E-01
  2.214E-01  3.624E-01  3.134E-04  4.609E-01  0.000E+00  6.283E-01
  3.624E-01  5.931E-01  3.902E-04  2.958E-01  0.000E+00  6.283E-01
  5.931E-01  9.708E-01  3.906E-04  2.476E-01  0.000E+00  6.283E-01
  9.708E-01  1.589E+00  3.117E-04  2.787E-01  0.000E+00  6.283E-01
  1.589E+00  2.601E+00  2.016E-04  2.173E-01  0.000E+00  6.283E-01
  2.601E+00  4.257E+00  1.099E-04  3.290E-01  0.000E+00  6.283E-01
  4.257E+00  6.967E+00  5.302E-05  2.628E-01  0.000E+00  6.283E-01
  6.967E+00  1.140E+01  2.160E-05  2.687E-01  0.000E+00  6.283E-01
  1.140E+01  1.866E+01  6.605E-06  4.748E-01  0.000E+00  6.283E-01
  1.866E+01  3.055E+01  1.324E-06  8.779E-01  0.000E+00  6.283E-01
  3.055E+01  5.000E+01  7.467E-08  3.151E+00  0.000E+00  6.283E-01
  5.000E+01  5.000E+01  0.000E+00  0.000E+00  0.000E+00  6.283E-01

 # Block n:            2    0.628318548      :   1.25663710    
  1.000E-09  1.637E-09  0.000E+00  0.000E+00  6.283E-01  1.257E+00
  1.637E-09  2.679E-09  0.000E+00  0.000E+00  6.283E-01  1.257E+00
  2.679E-09  4.385E-09  0.000E+00  0.000E+00  6.283E-01  1.257E+00
  4.385E-09  7.177E-09  0.000E+00  0.000E+00  6.283E-01  1.257E+00
  7.177E-09  1.175E-08  0.000E+00  0.000E+00  6.283E-01  1.257E+00
  1.175E-08  1.923E-08  0.000E+00  0.000E+00  6.283E-01  1.257E+00
  1.923E-08  3.147E-08  0.000E+00  0.000E+00  6.283E-01  1.257E+00
  3.147E-08  5.150E-08  0.000E+00  0.000E+00  6.283E-01  1.257E+00
  5.150E-08  8.430E-08  0.000E+00  0.000E+00  6.283E-01  1.257E+00
  8.430E-08  1.380E-07  0.000E+00  0.000E+00  6.283E-01  1.257E+00
  1.380E-07  2.258E-07  0.000E+00  0.000E+00  6.283E-01  1.257E+00
  2.258E-07  3.696E-07  0.000E+00  0.000E+00  6.283E-01  1.257E+00
  3.696E-07  6.050E-07  0.000E+00  0.000E+00  6.283E-01  1.257E+00
  6.050E-07  9.902E-07  0.000E+00  0.000E+00  6.283E-01  1.257E+00
  9.902E-07  1.621E-06  0.000E+00  0.000E+00  6.283E-01  1.257E+00
  1.621E-06  2.653E-06  0.000E+00  0.000E+00  6.283E-01  1.257E+00
  2.653E-06  4.342E-06  5.259E-04  9.027E+01  6.283E-01  1.257E+00
  4.342E-06  7.106E-06  0.000E+00  0.000E+00  6.283E-01  1.257E+00
  7.106E-06  1.163E-05  0.000E+00  0.000E+00  6.283E-01  1.257E+00
  1.163E-05  1.904E-05  0.000E+00  0.000E+00  6.283E-01  1.257E+00
  1.904E-05  3.116E-05  0.000E+00  0.000E+00  6.283E-01  1.257E+00
  3.116E-05  5.100E-05  0.000E+00  0.000E+00  6.283E-01  1.257E+00
  5.100E-05  8.347E-05  5.714E-05  6.838E+01  6.283E-01  1.257E+00
  8.347E-05  1.366E-04  1.692E-05  9.027E+01  6.283E-01  1.257E+00
  1.366E-04  2.236E-04  0.000E+00  0.000E+00  6.283E-01  1.257E+00
  2.236E-04  3.660E-04  6.541E-06  9.027E+01  6.283E-01  1.257E+00
  3.660E-04  5.990E-04  1.584E-05  5.129E+01  6.283E-01  1.257E+00
  5.990E-04  9.804E-04  1.989E-05  4.470E+01  6.283E-01  1.257E+00
  9.804E-04  1.605E-03  2.380E-05  2.082E+01  6.283E-01  1.257E+00
  1.605E-03  2.627E-03  1.925E-05  1.367E+01  6.283E-01  1.257E+00
  2.627E-03  4.299E-03  2.074E-05  1.851E+01  6.283E-01  1.257E+00
  4.299E-03  7.036E-03  2.483E-05  8.547E+00  6.283E-01  1.257E+00
  7.036E-03  1.152E-02  2.744E-05  8.997E+00  6.283E-01  1.257E+00
  1.152E-02  1.885E-02  4.879E-05  4.408E+00  6.283E-01  1.257E+00
  1.885E-02  3.085E-02  7.280E-05  3.134E+00  6.283E-01  1.257E+00
  3.085E-02  5.050E-02  1.021E-04  1.154E+00  6.283E-01  1.257E+00
  5.050E-02  8.265E-02  1.270E-04  9.845E-01  6.283E-01  1.257E+00
  8.265E-02  1.353E-01  1.564E-04  9.037E-01  6.283E-01  1.257E+00
  1.353E-01  2.214E-01  1.978E-04  4.017E-01  6.283E-01  1.257E+00
  2.214E-01  3.624E-01  2.384E-04  4.339E-01  6.283E-01  1.257E+00
  3.624E-01  5.931E-01  2.109E-04  4.803E-01  6.283E-01  1.257E+00
  5.931E-01  9.708E-01  1.153E-04  4.725E-01  6.283E-01  1.257E+00
  9.708E-01  1.589E+00  3.415E-05  5.933E-01  6.283E-01  1.257E+00
  1.589E+00  2.601E+00  4.464E-06  1.214E+00  6.283E-01  1.257E+00
  2.601E+00  4.257E+00  1.510E-07  4.085E+00  6.283E-01  1.257E+00
  4.257E+00  6.967E+00  2.678E-09  2.778E+01  6.283E-01  1.257E+00
  6.967E+00  1.140E+01  0.000E+00  0.000E+00  6.283E-01  1.257E+00
  1.140E+01  1.866E+01  0.000E+00  0.000E+00  6.283E-01  1.257E+00
  1.866E+01  3.055E+01  0.000E+00  0.000E+00  6.283E-01  1.257E+00
  3.055E+01  5.000E+01  0.000E+00  0.000E+00  6.283E-01  1.257E+00
  5.000E+01  5.000E+01  0.000E+00  0.000E+00  6.283E-01  1.257E+00

 # Block n:            3     1.25663710      :   1.88495564    
  1.000E-09  1.637E-09  0.000E+00  0.000E+00  1.257E+00  1.885E+00
  1.637E-09  2.679E-09  0.000E+00  0.000E+00  1.257E+00  1.885E+00
  2.679E-09  4.385E-09  0.000E+00  0.000E+00  1.257E+00  1.885E+00
  4.385E-09  7.177E-09  0.000E+00  0.000E+00  1.257E+00  1.885E+00
  7.177E-09  1.175E-08  0.000E+00  0.000E+00  1.257E+00  1.885E+00
  1.175E-08  1.923E-08  0.000E+00  0.000E+00  1.257E+00  1.885E+00
  1.923E-08  3.147E-08  0.000E+00  0.000E+00  1.257E+00  1.885E+00
  3.147E-08  5.150E-08  0.000E+00  0.000E+00  1.257E+00  1.885E+00
  5.150E-08  8.430E-08  0.000E+00  0.000E+00  1.257E+00  1.885E+00
  8.430E-08  1.380E-07  0.000E+00  0.000E+00  1.257E+00  1.885E+00
  1.380E-07  2.258E-07  0.000E+00  0.000E+00  1.257E+00  1.885E+00
  2.258E-07  3.696E-07  0.000E+00  0.000E+00  1.257E+00  1.885E+00
  3.696E-07  6.050E-07  0.000E+00  0.000E+00  1.257E+00  1.885E+00
  6.050E-07  9.902E-07  0.000E+00  0.000E+00  1.257E+00  1.885E+00
  9.902E-07  1.621E-06  0.000E+00  0.000E+00  1.257E+00  1.885E+00
  1.621E-06  2.653E-06  0.000E+00  0.000E+00  1.257E+00  1.885E+00
  2.653E-06  4.342E-06  0.000E+00  0.000E+00  1.257E+00  1.885E+00
  4.342E-06  7.106E-06  0.000E+00  0.000E+00  1.257E+00  1.885E+00
  7.106E-06  1.163E-05  0.000E+00  0.000E+00  1.257E+00  1.885E+00
  1.163E-05  1.904E-05  0.000E+00  0.000E+00  1.257E+00  1.885E+00
  1.904E-05  3.116E-05  0.000E+00  0.000E+00  1.257E+00  1.885E+00
  3.116E-05  5.100E-05  0.000E+00  0.000E+00  1.257E+00  1.885E+00
  5.100E-05  8.347E-05  3.480E-05  9.027E+01  1.257E+00  1.885E+00
  8.347E-05  1.366E-04  4.046E-05  5.942E+01  1.257E+00  1.885E+00
  1.366E-04  2.236E-04  1.225E-05  9.027E+01  1.257E+00  1.885E+00
  2.236E-04  3.660E-04  0.000E+00  0.000E+00  1.257E+00  1.885E+00
  3.660E-04  5.990E-04  1.828E-05  5.153E+01  1.257E+00  1.885E+00
  5.990E-04  9.804E-04  1.971E-05  3.836E+01  1.257E+00  1.885E+00
  9.804E-04  1.605E-03  3.398E-05  1.979E+01  1.257E+00  1.885E+00
  1.605E-03  2.627E-03  2.205E-05  1.999E+01  1.257E+00  1.885E+00
  2.627E-03  4.299E-03  1.911E-05  1.421E+01  1.257E+00  1.885E+00
  4.299E-03  7.036E-03  2.052E-05  1.265E+01  1.257E+00  1.885E+00
  7.036E-03  1.152E-02  2.387E-05  8.885E+00  1.257E+00  1.885E+00
  1.152E-02  1.885E-02  5.458E-05  5.676E+00  1.257E+00  1.885E+00
  1.885E-02  3.085E-02  7.721E-05  4.007E+00  1.257E+00  1.885E+00
  3.085E-02  5.050E-02  1.082E-04  2.230E+00  1.257E+00  1.885E+00
  5.050E-02  8.265E-02  1.317E-04  1.416E+00  1.257E+00  1.885E+00
  8.265E-02  1.353E-01  1.527E-04  8.881E-01  1.257E+00  1.885E+00
  1.353E-01  2.214E-01  1.732E-04  1.144E+00  1.257E+00  1.885E+00
  2.214E-01  3.624E-01  1.796E-04  9.254E-01  1.257E+00  1.885E+00
  3.624E-01  5.931E-01  1.214E-04  5.632E-01  1.257E+00  1.885E+00
  5.931E-01  9.708E-01  4.648E-05  7.748E-01  1.257E+00  1.885E+00
  9.708E-01  1.589E+00  8.239E-06  1.179E+00  1.257E+00  1.885E+00
  1.589E+00  2.601E+00  4.627E-07  5.141E+00  1.257E+00  1.885E+00
  2.601E+00  4.257E+00  3.696E-09  3.994E+01  1.257E+00  1.885E+00
  4.257E+00  6.967E+00  0.000E+00  0.000E+00  1.257E+00  1.885E+00
  6.967E+00  1.140E+01  0.000E+00  0.000E+00  1.257E+00  1.885E+00
  1.140E+01  1.866E+01  0.000E+00  0.000E+00  1.257E+00  1.885E+00
  1.866E+01  3.055E+01  0.000E+00  0.000E+00  1.257E+00  1.885E+00
  3.055E+01  5.000E+01  0.000E+00  0.000E+00  1.257E+00  1.885E+00
  5.000E+01  5.000E+01  0.000E+00  0.000E+00  1.257E+00  1.885E+00

 # Block n:            4     1.88495564      :   2.51327419    
  1.000E-09  1.637E-09  0.000E+00  0.000E+00  1.885E+00  2.513E+00
  1.637E-09  2.679E-09  0.000E+00  0.000E+00  1.885E+00  2.513E+00
  2.679E-09  4.385E-09  0.000E+00  0.000E+00  1.885E+00  2.513E+00
  4.385E-09  7.177E-09  0.000E+00  0.000E+00  1.885E+00  2.513E+00
  7.177E-09  1.175E-08  0.000E+00  0.000E+00  1.885E+00  2.513E+00
  1.175E-08  1.923E-08  0.000E+00  0.000E+00  1.885E+00  2.513E+00
  1.923E-08  3.147E-08  0.000E+00  0.000E+00  1.885E+00  2.513E+00
  3.147E-08  5.150E-08  0.000E+00  0.000E+00  1.885E+00  2.513E+00
  5.150E-08  8.430E-08  0.000E+00  0.000E+00  1.885E+00  2.513E+00
  8.430E-08  1.380E-07  0.000E+00  0.000E+00  1.885E+00  2.513E+00
  1.380E-07  2.258E-07  0.000E+00  0.000E+00  1.885E+00  2.513E+00
  2.258E-07  3.696E-07  0.000E+00  0.000E+00  1.885E+00  2.513E+00
  3.696E-07  6.050E-07  0.000E+00  0.000E+00  1.885E+00  2.513E+00
  6.050E-07  9.902E-07  0.000E+00  0.000E+00  1.885E+00  2.513E+00
  9.902E-07  1.621E-06  0.000E+00  0.000E+00  1.885E+00  2.513E+00
  1.621E-06  2.653E-06  0.000E+00  0.000E+00  1.885E+00  2.513E+00
  2.653E-06  4.342E-06  0.000E+00  0.000E+00  1.885E+00  2.513E+00
  4.342E-06  7.106E-06  0.000E+00  0.000E+00  1.885E+00  2.513E+00
  7.106E-06  1.163E-05  0.000E+00  0.000E+00  1.885E+00  2.513E+00
  1.163E-05  1.904E-05  0.000E+00  0.000E+00  1.885E+00  2.513E+00
  1.904E-05  3.116E-05  0.000E+00  0.000E+00  1.885E+00  2.513E+00
  3.116E-05  5.100E-05  0.000E+00  0.000E+00  1.885E+00  2.513E+00
  5.100E-05  8.347E-05  0.000E+00  0.000E+00  1.885E+00  2.513E+00
  8.347E-05  1.366E-04  2.376E-05  9.027E+01  1.885E+00  2.513E+00
  1.366E-04  2.236E-04  0.000E+00  0.000E+00  1.885E+00  2.513E+00
  2.236E-04  3.660E-04  3.391E-05  3.879E+01  1.885E+00  2.513E+00
  3.660E-04  5.990E-04  1.017E-05  5.933E+01  1.885E+00  2.513E+00
  5.990E-04  9.804E-04  1.278E-05  5.201E+01  1.885E+00  2.513E+00
  9.804E-04  1.605E-03  1.797E-05  3.858E+01  1.885E+00  2.513E+00
  1.605E-03  2.627E-03  1.308E-05  2.789E+01  1.885E+00  2.513E+00
  2.627E-03  4.299E-03  2.052E-05  1.947E+01  1.885E+00  2.513E+00
  4.299E-03  7.036E-03  2.195E-05  1.222E+01  1.885E+00  2.513E+00
  7.036E-03  1.152E-02  2.993E-05  1.108E+01  1.885E+00  2.513E+00
  1.152E-02  1.885E-02  5.656E-05  3.178E+00  1.885E+00  2.513E+00
  1.885E-02  3.085E-02  7.807E-05  3.181E+00  1.885E+00  2.513E+00
  3.085E-02  5.050E-02  1.086E-04  1.976E+00  1.885E+00  2.513E+00
  5.050E-02  8.265E-02  1.296E-04  1.354E+00  1.885E+00  2.513E+00
  8.265E-02  1.353E-01  1.439E-04  1.193E+00  1.885E+00  2.513E+00
  1.353E-01  2.214E-01  1.502E-04  9.880E-01  1.885E+00  2.513E+00
  2.214E-01  3.624E-01  1.328E-04  9.678E-01  1.885E+00  2.513E+00
  3.624E-01  5.931E-01  7.432E-05  6.711E-01  1.885E+00  2.513E+00
  5.931E-01  9.708E-01  2.195E-05  1.075E+00  1.885E+00  2.513E+00
  9.708E-01  1.589E+00  2.431E-06  1.674E+00  1.885E+00  2.513E+00
  1.589E+00  2.601E+00  4.717E-08  1.869E+01  1.885E+00  2.513E+00
  2.601E+00  4.257E+00  0.000E+00  0.000E+00  1.885E+00  2.513E+00
  4.257E+00  6.967E+00  0.000E+00  0.000E+00  1.885E+00  2.513E+00
  6.967E+00  1.140E+01  0.000E+00  0.000E+00  1.885E+00  2.513E+00
  1.140E+01  1.866E+01  0.000E+00  0.000E+00  1.885E+00  2.513E+00
  1.866E+01  3.055E+01  0.000E+00  0.000E+00  1.885E+00  2.513E+00
  3.055E+01  5.000E+01  0.000E+00  0.000E+00  1.885E+00  2.513E+00
  5.000E+01  5.000E+01  0.000E+00  0.000E+00  1.885E+00  2.513E+00

 # Block n:            5     2.51327419      :   3.14159274    
  1.000E-09  1.637E-09  0.000E+00  0.000E+00  2.513E+00  3.142E+00
  1.637E-09  2.679E-09  0.000E+00  0.000E+00  2.513E+00  3.142E+00
  2.679E-09  4.385E-09  0.000E+00  0.000E+00  2.513E+00  3.142E+00
  4.385E-09  7.177E-09  0.000E+00  0.000E+00  2.513E+00  3.142E+00
  7.177E-09  1.175E-08  0.000E+00  0.000E+00  2.513E+00  3.142E+00
  1.175E-08  1.923E-08  0.000E+00  0.000E+00  2.513E+00  3.142E+00
  1.923E-08  3.147E-08  0.000E+00  0.000E+00  2.513E+00  3.142E+00
  3.147E-08  5.150E-08  0.000E+00  0.000E+00  2.513E+00  3.142E+00
  5.150E-08  8.430E-08  0.000E+00  0.000E+00  2.513E+00  3.142E+00
  8.430E-08  1.380E-07  0.000E+00  0.000E+00  2.513E+00  3.142E+00
  1.380E-07  2.258E-07  0.000E+00  0.000E+00  2.513E+00  3.142E+00
  2.258E-07  3.696E-07  0.000E+00  0.000E+00  2.513E+00  3.142E+00
  3.696E-07  6.050E-07  0.000E+00  0.000E+00  2.513E+00  3.142E+00
  6.050E-07  9.902E-07  0.000E+00  0.000E+00  2.513E+00  3.142E+00
  9.902E-07  1.621E-06  0.000E+00  0.000E+00  2.513E+00  3.142E+00
  1.621E-06  2.653E-06  0.000E+00  0.000E+00  2.513E+00  3.142E+00
  2.653E-06  4.342E-06  0.000E+00  0.000E+00  2.513E+00  3.142E+00
  4.342E-06  7.106E-06  0.000E+00  0.000E+00  2.513E+00  3.142E+00
  7.106E-06  1.163E-05  0.000E+00  0.000E+00  2.513E+00  3.142E+00
  1.163E-05  1.904E-05  0.000E+00  0.000E+00  2.513E+00  3.142E+00
  1.904E-05  3.116E-05  0.000E+00  0.000E+00  2.513E+00  3.142E+00
  3.116E-05  5.100E-05  0.000E+00  0.000E+00  2.513E+00  3.142E+00
  5.100E-05  8.347E-05  0.000E+00  0.000E+00  2.513E+00  3.142E+00
  8.347E-05  1.366E-04  0.000E+00  0.000E+00  2.513E+00  3.142E+00
  1.366E-04  2.236E-04  3.275E-05  6.755E+01  2.513E+00  3.142E+00
  2.236E-04  3.660E-04  9.467E-06  9.900E+01  2.513E+00  3.142E+00
  3.660E-04  5.990E-04  2.418E-05  4.229E+01  2.513E+00  3.142E+00
  5.990E-04  9.804E-04  2.231E-05  5.677E+01  2.513E+00  3.142E+00
  9.804E-04  1.605E-03  1.858E-05  2.912E+01  2.513E+00  3.142E+00
  1.605E-03  2.627E-03  2.246E-05  2.425E+01  2.513E+00  3.142E+00
  2.627E-03  4.299E-03  1.945E-05  2.024E+01  2.513E+00  3.142E+00
  4.299E-03  7.036E-03  3.106E-05  1.553E+01  2.513E+00  3.142E+00
  7.036E-03  1.152E-02  3.270E-05  9.340E+00  2.513E+00  3.142E+00
  1.152E-02  1.885E-02  5.628E-05  6.682E+00  2.513E+00  3.142E+00
  1.885E-02  3.085E-02  8.487E-05  4.348E+00  2.513E+00  3.142E+00
  3.085E-02  5.050E-02  1.069E-04  1.456E+00  2.513E+00  3.142E+00
  5.050E-02  8.265E-02  1.328E-04  1.249E+00  2.513E+00  3.142E+00
  8.265E-02  1.353E-01  1.311E-04  1.142E+00  2.513E+00  3.142E+00
  1.353E-01  2.214E-01  1.246E-04  1.855E+00  2.513E+00  3.142E+00
  2.214E-01  3.624E-01  9.686E-05  1.134E+00  2.513E+00  3.142E+00
  3.624E-01  5.931E-01  4.780E-05  9.676E-01  2.513E+00  3.142E+00
  5.931E-01  9.708E-01  1.116E-05  2.130E+00  2.513E+00  3.142E+00
  9.708E-01  1.589E+00  8.297E-07  4.858E+00  2.513E+00  3.142E+00
  1.589E+00  2.601E+00  4.247E-09  5.521E+01  2.513E+00  3.142E+00
  2.601E+00  4.257E+00  0.000E+00  0.000E+00  2.513E+00  3.142E+00
  4.257E+00  6.967E+00  0.000E+00  0.000E+00  2.513E+00  3.142E+00
  6.967E+00  1.140E+01  0.000E+00  0.000E+00  2.513E+00  3.142E+00
  1.140E+01  1.866E+01  0.000E+00  0.000E+00  2.513E+00  3.142E+00
  1.866E+01  3.055E+01  0.000E+00  0.000E+00  2.513E+00  3.142E+00
  3.055E+01  5.000E+01  0.000E+00  0.000E+00  2.513E+00  3.142E+00
  5.000E+01  5.000E+01  0.000E+00  0.000E+00  2.513E+00  3.142E+00

 # Block n:            6     3.14159274      :   3.76991129    
  1.000E-09  1.637E-09  0.000E+00  0.000E+00  3.142E+00  3.770E+00
  1.637E-09  2.679E-09  0.000E+00  0.000E+00  3.142E+00  3.770E+00
  2.679E-09  4.385E-09  0.000E+00  0.000E+00  3.142E+00  3.770E+00
  4.385E-09  7.177E-09  0.000E+00  0.000E+00  3.142E+00  3.770E+00
  7.177E-09  1.175E-08  0.000E+00  0.000E+00  3.142E+00  3.770E+00
  1.175E-08  1.923E-08  0.000E+00  0.000E+00  3.142E+00  3.770E+00
  1.923E-08  3.147E-08  0.000E+00  0.000E+00  3.142E+00  3.770E+00
  3.147E-08  5.150E-08  0.000E+00  0.000E+00  3.142E+00  3.770E+00
  5.150E-08  8.430E-08  0.000E+00  0.000E+00  3.142E+00  3.770E+00
  8.430E-08  1.380E-07  0.000E+00  0.000E+00  3.142E+00  3.770E+00
  1.380E-07  2.258E-07  0.000E+00  0.000E+00  3.142E+00  3.770E+00
  2.258E-07  3.696E-07  0.000E+00  0.000E+00  3.142E+00  3.770E+00
  3.696E-07  6.050E-07  0.000E+00  0.000E+00  3.142E+00  3.770E+00
  6.050E-07  9.902E-07  0.000E+00  0.000E+00  3.142E+00  3.770E+00
  9.902E-07  1.621E-06  0.000E+00  0.000E+00  3.142E+00  3.770E+00
  1.621E-06  2.653E-06  0.000E+00  0.000E+00  3.142E+00  3.770E+00
  2.653E-06  4.342E-06  0.000E+00  0.000E+00  3.142E+00  3.770E+00
  4.342E-06  7.106E-06  0.000E+00  0.000E+00  3.142E+00  3.770E+00
  7.106E-06  1.163E-05  0.000E+00  0.000E+00  3.142E+00  3.770E+00
  1.163E-05  1.904E-05  0.000E+00  0.000E+00  3.142E+00  3.770E+00
  1.904E-05  3.116E-05  0.000E+00  0.000E+00  3.142E+00  3.770E+00
  3.116E-05  5.100E-05  0.000E+00  0.000E+00  3.142E+00  3.770E+00
  5.100E-05  8.347E-05  5.164E-05  9.027E+01  3.142E+00  3.770E+00
  8.347E-05  1.366E-04  0.000E+00  0.000E+00  3.142E+00  3.770E+00
  1.366E-04  2.236E-04  0.000E+00  0.000E+00  3.142E+00  3.770E+00
  2.236E-04  3.660E-04  3.606E-05  7.961E+01  3.142E+00  3.770E+00
  3.660E-04  5.990E-04  2.214E-05  4.949E+01  3.142E+00  3.770E+00
  5.990E-04  9.804E-04  4.162E-05  2.763E+01  3.142E+00  3.770E+00
  9.804E-04  1.605E-03  1.929E-05  2.784E+01  3.142E+00  3.770E+00
  1.605E-03  2.627E-03  1.924E-05  3.109E+01  3.142E+00  3.770E+00
  2.627E-03  4.299E-03  2.007E-05  1.562E+01  3.142E+00  3.770E+00
  4.299E-03  7.036E-03  1.921E-05  1.611E+01  3.142E+00  3.770E+00
  7.036E-03  1.152E-02  3.166E-05  8.650E+00  3.142E+00  3.770E+00
  1.152E-02  1.885E-02  6.299E-05  4.781E+00  3.142E+00  3.770E+00
  1.885E-02  3.085E-02  7.885E-05  2.564E+00  3.142E+00  3.770E+00
  3.085E-02  5.050E-02  1.078E-04  2.524E+00  3.142E+00  3.770E+00
  5.050E-02  8.265E-02  1.202E-04  1.847E+00  3.142E+00  3.770E+00
  8.265E-02  1.353E-01  1.198E-04  1.911E+00  3.142E+00  3.770E+00
  1.353E-01  2.214E-01  1.008E-04  1.702E+00  3.142E+00  3.770E+00
  2.214E-01  3.624E-01  7.256E-05  1.795E+00  3.142E+00  3.770E+00
  3.624E-01  5.931E-01  3.185E-05  1.214E+00  3.142E+00  3.770E+00
  5.931E-01  9.708E-01  5.717E-06  3.036E+00  3.142E+00  3.770E+00
  9.708E-01  1.589E+00  2.627E-07  1.248E+01  3.142E+00  3.770E+00
  1.589E+00  2.601E+00  3.188E-09  6.849E+01  3.142E+00  3.770E+00
  2.601E+00  4.257E+00  0.000E+00  0.000E+00  3.142E+00  3.770E+00
  4.257E+00  6.967E+00  0.000E+00  0.000E+00  3.142E+00  3.770E+00
  6.967E+00  1.140E+01  0.000E+00  0.000E+00  3.142E+00  3.770E+00
  1.140E+01  1.866E+01  0.000E+00  0.000E+00  3.142E+00  3.770E+00
  1.866E+01  3.055E+01  0.000E+00  0.000E+00  3.142E+00  3.770E+00
  3.055E+01  5.000E+01  0.000E+00  0.000E+00  3.142E+00  3.770E+00
  5.000E+01  5.000E+01  0.000E+00  0.000E+00  3.142E+00  3.770E+00

 # Block n:            7     3.76991129      :   4.39822960    
  1.000E-09  1.637E-09  0.000E+00  0.000E+00  3.770E+00  4.398E+00
  1.637E-09  2.679E-09  0.000E+00  0.000E+00  3.770E+00  4.398E+00
  2.679E-09  4.385E-09  0.000E+00  0.000E+00  3.770E+00  4.398E+00
  4.385E-09  7.177E-09  0.000E+00  0.000E+00  3.770E+00  4.398E+00
  7.177E-09  1.175E-08  0.000E+00  0.000E+00  3.770E+00  4.398E+00
  1.175E-08  1.923E-08  0.000E+00  0.000E+00  3.770E+00  4.398E+00
  1.923E-08  3.147E-08  0.000E+00  0.000E+00  3.770E+00  4.398E+00
  3.147E-08  5.150E-08  0.000E+00  0.000E+00  3.770E+00  4.398E+00
  5.150E-08  8.430E-08  0.000E+00  0.000E+00  3.770E+00  4.398E+00
  8.430E-08  1.380E-07  0.000E+00  0.000E+00  3.770E+00  4.398E+00
  1.380E-07  2.258E-07  0.000E+00  0.000E+00  3.770E+00  4.398E+00
  2.258E-07  3.696E-07  0.000E+00  0.000E+00  3.770E+00  4.398E+00
  3.696E-07  6.050E-07  0.000E+00  0.000E+00  3.770E+00  4.398E+00
  6.050E-07  9.902E-07  0.000E+00  0.000E+00  3.770E+00  4.398E+00
  9.902E-07  1.621E-06  0.000E+00  0.000E+00  3.770E+00  4.398E+00
  1.621E-06  2.653E-06  0.000E+00  0.000E+00  3.770E+00  4.398E+00
  2.653E-06  4.342E-06  0.000E+00  0.000E+00  3.770E+00  4.398E+00
  4.342E-06  7.106E-06  0.000E+00  0.000E+00  3.770E+00  4.398E+00
  7.106E-06  1.163E-05  0.000E+00  0.000E+00  3.770E+00  4.398E+00
  1.163E-05  1.904E-05  0.000E+00  0.000E+00  3.770E+00  4.398E+00
  1.904E-05  3.116E-05  0.000E+00  0.000E+00  3.770E+00  4.398E+00
  3.116E-05  5.100E-05  0.000E+00  0.000E+00  3.770E+00  4.398E+00
  5.100E-05  8.347E-05  0.000E+00  0.000E+00  3.770E+00  4.398E+00
  8.347E-05  1.366E-04  0.000E+00  0.000E+00  3.770E+00  4.398E+00
  1.366E-04  2.236E-04  0.000E+00  0.000E+00  3.770E+00  4.398E+00
  2.236E-04  3.660E-04  1.557E-05  9.900E+01  3.770E+00  4.398E+00
  3.660E-04  5.990E-04  1.088E-05  9.027E+01  3.770E+00  4.398E+00
  5.990E-04  9.804E-04  1.789E-05  5.091E+01  3.770E+00  4.398E+00
  9.804E-04  1.605E-03  3.303E-05  3.380E+01  3.770E+00  4.398E+00
  1.605E-03  2.627E-03  7.131E-06  5.943E+01  3.770E+00  4.398E+00
  2.627E-03  4.299E-03  2.052E-05  2.447E+01  3.770E+00  4.398E+00
  4.299E-03  7.036E-03  1.812E-05  1.672E+01  3.770E+00  4.398E+00
  7.036E-03  1.152E-02  3.756E-05  9.230E+00  3.770E+00  4.398E+00
  1.152E-02  1.885E-02  5.663E-05  9.738E+00  3.770E+00  4.398E+00
  1.885E-02  3.085E-02  7.828E-05  6.623E+00  3.770E+00  4.398E+00
  3.085E-02  5.050E-02  1.021E-04  2.041E+00  3.770E+00  4.398E+00
  5.050E-02  8.265E-02  1.153E-04  1.832E+00  3.770E+00  4.398E+00
  8.265E-02  1.353E-01  1.041E-04  1.397E+00  3.770E+00  4.398E+00
  1.353E-01  2.214E-01  8.378E-05  1.501E+00  3.770E+00  4.398E+00
  2.214E-01  3.624E-01  5.455E-05  2.105E+00  3.770E+00  4.398E+00
  3.624E-01  5.931E-01  2.087E-05  1.764E+00  3.770E+00  4.398E+00
  5.931E-01  9.708E-01  3.333E-06  4.351E+00  3.770E+00  4.398E+00
  9.708E-01  1.589E+00  7.789E-08  1.930E+01  3.770E+00  4.398E+00
  1.589E+00  2.601E+00  0.000E+00  0.000E+00  3.770E+00  4.398E+00
  2.601E+00  4.257E+00  0.000E+00  0.000E+00  3.770E+00  4.398E+00
  4.257E+00  6.967E+00  0.000E+00  0.000E+00  3.770E+00  4.398E+00
  6.967E+00  1.140E+01  0.000E+00  0.000E+00  3.770E+00  4.398E+00
  1.140E+01  1.866E+01  0.000E+00  0.000E+00  3.770E+00  4.398E+00
  1.866E+01  3.055E+01  0.000E+00  0.000E+00  3.770E+00  4.398E+00
  3.055E+01  5.000E+01  0.000E+00  0.000E+00  3.770E+00  4.398E+00
  5.000E+01  5.000E+01  0.000E+00  0.000E+00  3.770E+00  4.398E+00

 # Block n:            8     4.39822960      :   5.02654839    
  1.000E-09  1.637E-09  0.000E+00  0.000E+00  4.398E+00  5.027E+00
  1.637E-09  2.679E-09  0.000E+00  0.000E+00  4.398E+00  5.027E+00
  2.679E-09  4.385E-09  0.000E+00  0.000E+00  4.398E+00  5.027E+00
  4.385E-09  7.177E-09  0.000E+00  0.000E+00  4.398E+00  5.027E+00
  7.177E-09  1.175E-08  0.000E+00  0.000E+00  4.398E+00  5.027E+00
  1.175E-08  1.923E-08  0.000E+00  0.000E+00  4.398E+00  5.027E+00
  1.923E-08  3.147E-08  0.000E+00  0.000E+00  4.398E+00  5.027E+00
  3.147E-08  5.150E-08  0.000E+00  0.000E+00  4.398E+00  5.027E+00
  5.150E-08  8.430E-08  0.000E+00  0.000E+00  4.398E+00  5.027E+00
  8.430E-08  1.380E-07  0.000E+00  0.000E+00  4.398E+00  5.027E+00
  1.380E-07  2.258E-07  0.000E+00  0.000E+00  4.398E+00  5.027E+00
  2.258E-07  3.696E-07  0.000E+00  0.000E+00  4.398E+00  5.027E+00
  3.696E-07  6.050E-07  0.000E+00  0.000E+00  4.398E+00  5.027E+00
  6.050E-07  9.902E-07  0.000E+00  0.000E+00  4.398E+00  5.027E+00
  9.902E-07  1.621E-06  0.000E+00  0.000E+00  4.398E+00  5.027E+00
  1.621E-06  2.653E-06  0.000E+00  0.000E+00  4.398E+00  5.027E+00
  2.653E-06  4.342E-06  0.000E+00  0.000E+00  4.398E+00  5.027E+00
  4.342E-06  7.106E-06  0.000E+00  0.000E+00  4.398E+00  5.027E+00
  7.106E-06  1.163E-05  0.000E+00  0.000E+00  4.398E+00  5.027E+00
  1.163E-05  1.904E-05  0.000E+00  0.000E+00  4.398E+00  5.027E+00
  1.904E-05  3.116E-05  0.000E+00  0.000E+00  4.398E+00  5.027E+00
  3.116E-05  5.100E-05  0.000E+00  0.000E+00  4.398E+00  5.027E+00
  5.100E-05  8.347E-05  0.000E+00  0.000E+00  4.398E+00  5.027E+00
  8.347E-05  1.366E-04  0.000E+00  0.000E+00  4.398E+00  5.027E+00
  1.366E-04  2.236E-04  0.000E+00  0.000E+00  4.398E+00  5.027E+00
  2.236E-04  3.660E-04  4.308E-05  9.900E+01  4.398E+00  5.027E+00
  3.660E-04  5.990E-04  2.438E-05  6.814E+01  4.398E+00  5.027E+00
  5.990E-04  9.804E-04  1.625E-05  6.010E+01  4.398E+00  5.027E+00
  9.804E-04  1.605E-03  3.150E-05  4.692E+01  4.398E+00  5.027E+00
  1.605E-03  2.627E-03  1.088E-05  4.979E+01  4.398E+00  5.027E+00
  2.627E-03  4.299E-03  1.891E-05  2.334E+01  4.398E+00  5.027E+00
  4.299E-03  7.036E-03  1.091E-05  3.974E+01  4.398E+00  5.027E+00
  7.036E-03  1.152E-02  2.621E-05  1.469E+01  4.398E+00  5.027E+00
  1.152E-02  1.885E-02  4.919E-05  1.138E+01  4.398E+00  5.027E+00
  1.885E-02  3.085E-02  7.197E-05  4.549E+00  4.398E+00  5.027E+00
  3.085E-02  5.050E-02  9.754E-05  5.448E+00  4.398E+00  5.027E+00
  5.050E-02  8.265E-02  1.077E-04  1.815E+00  4.398E+00  5.027E+00
  8.265E-02  1.353E-01  9.784E-05  2.590E+00  4.398E+00  5.027E+00
  1.353E-01  2.214E-01  6.948E-05  1.909E+00  4.398E+00  5.027E+00
  2.214E-01  3.624E-01  4.093E-05  2.369E+00  4.398E+00  5.027E+00
  3.624E-01  5.931E-01  1.369E-05  1.806E+00  4.398E+00  5.027E+00
  5.931E-01  9.708E-01  1.363E-06  1.032E+01  4.398E+00  5.027E+00
  9.708E-01  1.589E+00  1.996E-08  4.556E+01  4.398E+00  5.027E+00
  1.589E+00  2.601E+00  0.000E+00  0.000E+00  4.398E+00  5.027E+00
  2.601E+00  4.257E+00  0.000E+00  0.000E+00  4.398E+00  5.027E+00
  4.257E+00  6.967E+00  0.000E+00  0.000E+00  4.398E+00  5.027E+00
  6.967E+00  1.140E+01  0.000E+00  0.000E+00  4.398E+00  5.027E+00
  1.140E+01  1.866E+01  0.000E+00  0.000E+00  4.398E+00  5.027E+00
  1.866E+01  3.055E+01  0.000E+00  0.000E+00  4.398E+00  5.027E+00
  3.055E+01  5.000E+01  0.000E+00  0.000E+00  4.398E+00  5.027E+00
  5.000E+01  5.000E+01  0.000E+00  0.000E+00  4.398E+00  5.027E+00

 # Block n:            9     5.02654839      :   5.65486717    
  1.000E-09  1.637E-09  0.000E+00  0.000E+00  5.027E+00  5.655E+00
  1.637E-09  2.679E-09  0.000E+00  0.000E+00  5.027E+00  5.655E+00
  2.679E-09  4.385E-09  0.000E+00  0.000E+00  5.027E+00  5.655E+00
  4.385E-09  7.177E-09  0.000E+00  0.000E+00  5.027E+00  5.655E+00
  7.177E-09  1.175E-08  0.000E+00  0.000E+00  5.027E+00  5.655E+00
  1.175E-08  1.923E-08  0.000E+00  0.000E+00  5.027E+00  5.655E+00
  1.923E-08  3.147E-08  0.000E+00  0.000E+00  5.027E+00  5.655E+00
  3.147E-08  5.150E-08  0.000E+00  0.000E+00  5.027E+00  5.655E+00
  5.150E-08  8.430E-08  0.000E+00  0.000E+00  5.027E+00  5.655E+00
  8.430E-08  1.380E-07  0.000E+00  0.000E+00  5.027E+00  5.655E+00
  1.380E-07  2.258E-07  0.000E+00  0.000E+00  5.027E+00  5.655E+00
  2.258E-07  3.696E-07  0.000E+00  0.000E+00  5.027E+00  5.655E+00
  3.696E-07  6.050E-07  0.000E+00  0.000E+00  5.027E+00  5.655E+00
  6.050E-07  9.902E-07  0.000E+00  0.000E+00  5.027E+00  5.655E+00
  9.902E-07  1.621E-06  0.000E+00  0.000E+00  5.027E+00  5.655E+00
  1.621E-06  2.653E-06  0.000E+00  0.000E+00  5.027E+00  5.655E+00
  2.653E-06  4.342E-06  0.000E+00  0.000E+00  5.027E+00  5.655E+00
  4.342E-06  7.106E-06  0.000E+00  0.000E+00  5.027E+00  5.655E+00
  7.106E-06  1.163E-05  0.000E+00  0.000E+00  5.027E+00  5.655E+00
  1.163E-05  1.904E-05  0.000E+00  0.000E+00  5.027E+00  5.655E+00
  1.904E-05  3.116E-05  0.000E+00  0.000E+00  5.027E+00  5.655E+00
  3.116E-05  5.100E-05  0.000E+00  0.000E+00  5.027E+00  5.655E+00
  5.100E-05  8.347E-05  1.448E-04  9.900E+01  5.027E+00  5.655E+00
  8.347E-05  1.366E-04  1.136E-04  9.027E+01  5.027E+00  5.655E+00
  1.366E-04  2.236E-04  0.000E+00  0.000E+00  5.027E+00  5.655E+00
  2.236E-04  3.660E-04  0.000E+00  0.000E+00  5.027E+00  5.655E+00
  3.660E-04  5.990E-04  3.943E-05  6.838E+01  5.027E+00  5.655E+00
  5.990E-04  9.804E-04  4.709E-05  4.972E+01  5.027E+00  5.655E+00
  9.804E-04  1.605E-03  3.528E-05  4.165E+01  5.027E+00  5.655E+00
  1.605E-03  2.627E-03  1.621E-05  5.767E+01  5.027E+00  5.655E+00
  2.627E-03  4.299E-03  2.277E-05  4.972E+01  5.027E+00  5.655E+00
  4.299E-03  7.036E-03  2.791E-05  2.534E+01  5.027E+00  5.655E+00
  7.036E-03  1.152E-02  2.888E-05  2.343E+01  5.027E+00  5.655E+00
  1.152E-02  1.885E-02  4.257E-05  9.891E+00  5.027E+00  5.655E+00
  1.885E-02  3.085E-02  7.236E-05  7.524E+00  5.027E+00  5.655E+00
  3.085E-02  5.050E-02  1.030E-04  3.909E+00  5.027E+00  5.655E+00
  5.050E-02  8.265E-02  1.028E-04  4.496E+00  5.027E+00  5.655E+00
  8.265E-02  1.353E-01  8.698E-05  2.847E+00  5.027E+00  5.655E+00
  1.353E-01  2.214E-01  5.521E-05  3.180E+00  5.027E+00  5.655E+00
  2.214E-01  3.624E-01  3.287E-05  4.198E+00  5.027E+00  5.655E+00
  3.624E-01  5.931E-01  1.006E-05  6.813E+00  5.027E+00  5.655E+00
  5.931E-01  9.708E-01  5.141E-07  1.393E+01  5.027E+00  5.655E+00
  9.708E-01  1.589E+00  6.583E-09  9.027E+01  5.027E+00  5.655E+00
  1.589E+00  2.601E+00  0.000E+00  0.000E+00  5.027E+00  5.655E+00
  2.601E+00  4.257E+00  0.000E+00  0.000E+00  5.027E+00  5.655E+00
  4.257E+00  6.967E+00  0.000E+00  0.000E+00  5.027E+00  5.655E+00
  6.967E+00  1.140E+01  0.000E+00  0.000E+00  5.027E+00  5.655E+00
  1.140E+01  1.866E+01  0.000E+00  0.000E+00  5.027E+00  5.655E+00
  1.866E+01  3.055E+01  0.000E+00  0.000E+00  5.027E+00  5.655E+00
  3.055E+01  5.000E+01  0.000E+00  0.000E+00  5.027E+00  5.655E+00
  5.000E+01  5.000E+01  0.000E+00  0.000E+00  5.027E+00  5.655E+00

 # Block n:           10     5.65486717      :   6.28318548    
  1.000E-09  1.637E-09  0.000E+00  0.000E+00  5.655E+00  6.283E+00
  1.637E-09  2.679E-09  0.000E+00  0.000E+00  5.655E+00  6.283E+00
  2.679E-09  4.385E-09  0.000E+00  0.000E+00  5.655E+00  6.283E+00
  4.385E-09  7.177E-09  0.000E+00  0.000E+00  5.655E+00  6.283E+00
  7.177E-09  1.175E-08  0.000E+00  0.000E+00  5.655E+00  6.283E+00
  1.175E-08  1.923E-08  0.000E+00  0.000E+00  5.655E+00  6.283E+00
  1.923E-08  3.147E-08  0.000E+00  0.000E+00  5.655E+00  6.283E+00
  3.147E-08  5.150E-08  0.000E+00  0.000E+00  5.655E+00  6.283E+00
  5.150E-08  8.430E-08  0.000E+00  0.000E+00  5.655E+00  6.283E+00
  8.430E-08  1.380E-07  0.000E+00  0.000E+00  5.655E+00  6.283E+00
  1.380E-07  2.258E-07  0.000E+00  0.000E+00  5.655E+00  6.283E+00
  2.258E-07  3.696E-07  0.000E+00  0.000E+00  5.655E+00  6.283E+00
  3.696E-07  6.050E-07  0.000E+00  0.000E+00  5.655E+00  6.283E+00
  6.050E-07  9.902E-07  0.000E+00  0.000E+00  5.655E+00  6.283E+00
  9.902E-07  1.621E-06  0.000E+00  0.000E+00  5.655E+00  6.283E+00
  1.621E-06  2.653E-06  0.000E+00  0.000E+00  5.655E+00  6.283E+00
  2.653E-06  4.342E-06  0.000E+00  0.000E+00  5.655E+00  6.283E+00
  4.342E-06  7.106E-06  0.000E+00  0.000E+00  5.655E+00  6.283E+00
  7.106E-06  1.163E-05  0.000E+00  0.000E+00  5.655E+00  6.283E+00
  1.163E-05  1.904E-05  0.000E+00  0.000E+00  5.655E+00  6.283E+00
  1.904E-05  3.116E-05  0.000E+00  0.000E+00  5.655E+00  6.283E+00
  3.116E-05  5.100E-05  0.000E+00  0.000E+00  5.655E+00  6.283E+00
  5.100E-05  8.347E-05  0.000E+00  0.000E+00  5.655E+00  6.283E+00
  8.347E-05  1.366E-04  0.000E+00  0.000E+00  5.655E+00  6.283E+00
  1.366E-04  2.236E-04  0.000E+00  0.000E+00  5.655E+00  6.283E+00
  2.236E-04  3.660E-04  0.000E+00  0.000E+00  5.655E+00  6.283E+00
  3.660E-04  5.990E-04  3.862E-05  9.027E+01  5.655E+00  6.283E+00
  5.990E-04  9.804E-04  0.000E+00  0.000E+00  5.655E+00  6.283E+00
  9.804E-04  1.605E-03  5.261E-05  9.900E+01  5.655E+00  6.283E+00
  1.605E-03  2.627E-03  0.000E+00  0.000E+00  5.655E+00  6.283E+00
  2.627E-03  4.299E-03  7.368E-05  9.900E+01  5.655E+00  6.283E+00
  4.299E-03  7.036E-03  1.315E-05  6.276E+01  5.655E+00  6.283E+00
  7.036E-03  1.152E-02  3.552E-05  3.204E+01  5.655E+00  6.283E+00
  1.152E-02  1.885E-02  5.327E-05  2.229E+01  5.655E+00  6.283E+00
  1.885E-02  3.085E-02  5.951E-05  1.029E+01  5.655E+00  6.283E+00
  3.085E-02  5.050E-02  7.108E-05  1.124E+01  5.655E+00  6.283E+00
  5.050E-02  8.265E-02  7.717E-05  4.377E+00  5.655E+00  6.283E+00
  8.265E-02  1.353E-01  8.420E-05  7.481E+00  5.655E+00  6.283E+00
  1.353E-01  2.214E-01  4.629E-05  9.698E+00  5.655E+00  6.283E+00
  2.214E-01  3.624E-01  2.511E-05  6.140E+00  5.655E+00  6.283E+00
  3.624E-01  5.931E-01  7.213E-06  8.703E+00  5.655E+00  6.283E+00
  5.931E-01  9.708E-01  1.635E-07  2.855E+01  5.655E+00  6.283E+00
  9.708E-01  1.589E+00  2.093E-08  9.027E+01  5.655E+00  6.283E+00
  1.589E+00  2.601E+00  0.000E+00  0.000E+00  5.655E+00  6.283E+00
  2.601E+00  4.257E+00  0.000E+00  0.000E+00  5.655E+00  6.283E+00
  4.257E+00  6.967E+00  0.000E+00  0.000E+00  5.655E+00  6.283E+00
  6.967E+00  1.140E+01  0.000E+00  0.000E+00  5.655E+00  6.283E+00
  1.140E+01  1.866E+01  0.000E+00  0.000E+00  5.655E+00  6.283E+00
  1.866E+01  3.055E+01  0.000E+00  0.000E+00  5.655E+00  6.283E+00
  3.055E+01  5.000E+01  0.000E+00  0.000E+00  5.655E+00  6.283E+00
  5.000E+01  5.000E+01  0.000E+00  0.000E+00  5.655E+00  6.283E+00

  1.000E-09  1.000E-09  0.000E+00  0.000E+00  6.283E+00  6.283E+00
  1.637E-09  1.637E-09  0.000E+00  0.000E+00  6.283E+00  6.283E+00
  2.679E-09  2.679E-09  0.000E+00  0.000E+00  6.283E+00  6.283E+00
  4.385E-09  4.385E-09  0.000E+00  0.000E+00  6.283E+00  6.283E+00
  7.177E-09  7.177E-09  0.000E+00  0.000E+00  6.283E+00  6.283E+00
  1.175E-08  1.175E-08  0.000E+00  0.000E+00  6.283E+00  6.283E+00
  1.923E-08  1.923E-08  0.000E+00  0.000E+00  6.283E+00  6.283E+00
  3.147E-08  3.147E-08  0.000E+00  0.000E+00  6.283E+00  6.283E+00
  5.150E-08  5.150E-08  0.000E+00  0.000E+00  6.283E+00  6.283E+00
  8.430E-08  8.430E-08  0.000E+00  0.000E+00  6.283E+00  6.283E+00
  1.380E-07  1.380E-07  0.000E+00  0.000E+00  6.283E+00  6.283E+00
  2.258E-07  2.258E-07  0.000E+00  0.000E+00  6.283E+00  6.283E+00
  3.696E-07  3.696E-07  0.000E+00  0.000E+00  6.283E+00  6.283E+00
  6.050E-07  6.050E-07  0.000E+00  0.000E+00  6.283E+00  6.283E+00
  9.902E-07  9.902E-07  0.000E+00  0.000E+00  6.283E+00  6.283E+00
  1.621E-06  1.621E-06  0.000E+00  0.000E+00  6.283E+00  6.283E+00
  2.653E-06  2.653E-06  0.000E+00  0.000E+00  6.283E+00  6.283E+00
  4.342E-06  4.342E-06  0.000E+00  0.000E+00  6.283E+00  6.283E+00
  7.106E-06  7.106E-06  0.000E+00  0.000E+00  6.283E+00  6.283E+00
  1.163E-05  1.163E-05  0.000E+00  0.000E+00  6.283E+00  6.283E+00
  1.904E-05  1.904E-05  0.000E+00  0.000E+00  6.283E+00  6.283E+00
  3.116E-05  3.116E-05  0.000E+00  0.000E+00  6.283E+00  6.283E+00
  5.100E-05  5.100E-05  0.000E+00  0.000E+00  6.283E+00  6.283E+00
  8.347E-05  8.347E-05  0.000E+00  0.000E+00  6.283E+00  6.283E+00
  1.366E-04  1.366E-04  0.000E+00  0.000E+00  6.283E+00  6.283E+00
  2.236E-04  2.236E-04  0.000E+00  0.000E+00  6.283E+00  6.283E+00
  3.660E-04  3.660E-04  0.000E+00  0.000E+00  6.283E+00  6.283E+00
  5.990E-04  5.990E-04  0.000E+00  0.000E+00  6.283E+00  6.283E+00
  9.804E-04  9.804E-04  0.000E+00  0.000E+00  6.283E+00  6.283E+00
  1.605E-03  1.605E-03  0.000E+00  0.000E+00  6.283E+00  6.283E+00
  2.627E-03  2.627E-03  0.000E+00  0.000E+00  6.283E+00  6.283E+00
  4.299E-03  4.299E-03  0.000E+00  0.000E+00  6.283E+00  6.283E+00
  7.036E-03  7.036E-03  0.000E+00  0.000E+00  6.283E+00  6.283E+00
  1.152E-02  1.152E-02  0.000E+00  0.000E+00  6.283E+00  6.283E+00
  1.885E-02  1.885E-02  0.000E+00  0.000E+00  6.283E+00  6.283E+00
  3.085E-02  3.085E-02  0.000E+00  0.000E+00  6.283E+00  6.283E+00
  5.050E-02  5.050E-02  0.000E+00  0.000E+00  6.283E+00  6.283E+00
  8.265E-02  8.265E-02  0.000E+00  0.000E+00  6.283E+00  6.283E+00
  1.353E-01  1.353E-01  0.000E+00  0.000E+00  6.283E+00  6.283E+00
  2.214E-01  2.214E-01  0.000E+00  0.000E+00  6.283E+00  6.283E+00
  3.624E-01  3.624E-01  0.000E+00  0.000E+00  6.283E+00  6.283E+00
  5.931E-01  5.931E-01  0.000E+00  0.000E+00  6.283E+00  6.283E+00
  9.708E-01  9.708E-01  0.000E+00  0.000E+00  6.283E+00  6.283E+00
  1.589E+00  1.589E+00  0.000E+00  0.000E+00  6.283E+00  6.283E+00
  2.601E+00  2.601E+00  0.000E+00  0.000E+00  6.283E+00  6.283E+00
  4.257E+00  4.257E+00  0.000E+00  0.000E+00  6.283E+00  6.283E+00
  6.967E+00  6.967E+00  0.000E+00  0.000E+00  6.283E+00  6.283E+00
  1.140E+01  1.140E+01  0.000E+00  0.000E+00  6.283E+00  6.283E+00
  1.866E+01  1.866E+01  0.000E+00  0.000E+00  6.283E+00  6.283E+00
  3.055E+01  3.055E+01  0.000E+00  0.000E+00  6.283E+00  6.283E+00
  5.000E+01  5.000E+01  0.000E+00  0.000E+00  6.283E+00  6.283E+00
