 # Detector n:            1   piCurrUD  (integrated over solid angle)
 # N. of energy intervals          50
  1.000E-09  1.637E-09  0.000E+00  0.000E+00
  1.637E-09  2.679E-09  0.000E+00  0.000E+00
  2.679E-09  4.385E-09  0.000E+00  0.000E+00
  4.385E-09  7.177E-09  0.000E+00  0.000E+00
  7.177E-09  1.175E-08  0.000E+00  0.000E+00
  1.175E-08  1.923E-08  0.000E+00  0.000E+00
  1.923E-08  3.147E-08  0.000E+00  0.000E+00
  3.147E-08  5.150E-08  0.000E+00  0.000E+00
  5.150E-08  8.430E-08  0.000E+00  0.000E+00
  8.430E-08  1.380E-07  0.000E+00  0.000E+00
  1.380E-07  2.258E-07  0.000E+00  0.000E+00
  2.258E-07  3.696E-07  0.000E+00  0.000E+00
  3.696E-07  6.050E-07  0.000E+00  0.000E+00
  6.050E-07  9.902E-07  0.000E+00  0.000E+00
  9.902E-07  1.621E-06  0.000E+00  0.000E+00
  1.621E-06  2.653E-06  0.000E+00  0.000E+00
  2.653E-06  4.342E-06  2.960E-04  9.027E+01
  4.342E-06  7.106E-06  0.000E+00  0.000E+00
  7.106E-06  1.163E-05  0.000E+00  0.000E+00
  1.163E-05  1.904E-05  0.000E+00  0.000E+00
  1.904E-05  3.116E-05  0.000E+00  0.000E+00
  3.116E-05  5.100E-05  2.520E-05  9.027E+01
  5.100E-05  8.347E-05  7.699E-05  4.303E+01
  8.347E-05  1.366E-04  4.704E-05  3.849E+01
  1.366E-04  2.236E-04  2.874E-05  4.303E+01
  2.236E-04  3.660E-04  5.619E-05  3.911E+01
  3.660E-04  5.990E-04  6.008E-05  2.074E+01
  5.990E-04  9.804E-04  6.423E-05  1.408E+01
  9.804E-04  1.605E-03  7.929E-05  8.354E+00
  1.605E-03  2.627E-03  5.236E-05  1.131E+01
  2.627E-03  4.299E-03  6.428E-05  7.258E+00
  4.299E-03  7.036E-03  6.704E-05  3.304E+00
  7.036E-03  1.152E-02  9.084E-05  3.410E+00
  1.152E-02  1.885E-02  1.673E-04  1.686E+00
  1.885E-02  3.085E-02  2.350E-04  1.153E+00
  3.085E-02  5.050E-02  3.240E-04  6.932E-01
  5.050E-02  8.265E-02  3.912E-04  5.149E-01
  8.265E-02  1.353E-01  4.370E-04  2.929E-01
  1.353E-01  2.214E-01  4.885E-04  4.926E-01
  2.214E-01  3.624E-01  5.314E-04  2.460E-01
  3.624E-01  5.931E-01  4.693E-04  2.416E-01
  5.931E-01  9.708E-01  3.357E-04  2.404E-01
  9.708E-01  1.589E+00  2.139E-04  2.786E-01
  1.589E+00  2.601E+00  1.271E-04  2.191E-01
  2.601E+00  4.257E+00  6.852E-05  3.307E-01
  4.257E+00  6.967E+00  3.319E-05  2.621E-01
  6.967E+00  1.140E+01  1.355E-05  2.686E-01
  1.140E+01  1.866E+01  4.147E-06  4.746E-01
  1.866E+01  3.055E+01  8.315E-07  8.780E-01
  3.055E+01  5.000E+01  4.691E-08  3.151E+00


 # double differential distributions
 # number of solid angle intervals          10
 # Block n:            1     0.00000000      :  0.628318548    
  1.000E-09  1.637E-09  0.000E+00  0.000E+00  0.000E+00  6.283E-01
  1.637E-09  2.679E-09  0.000E+00  0.000E+00  0.000E+00  6.283E-01
  2.679E-09  4.385E-09  0.000E+00  0.000E+00  0.000E+00  6.283E-01
  4.385E-09  7.177E-09  0.000E+00  0.000E+00  0.000E+00  6.283E-01
  7.177E-09  1.175E-08  0.000E+00  0.000E+00  0.000E+00  6.283E-01
  1.175E-08  1.923E-08  0.000E+00  0.000E+00  0.000E+00  6.283E-01
  1.923E-08  3.147E-08  0.000E+00  0.000E+00  0.000E+00  6.283E-01
  3.147E-08  5.150E-08  0.000E+00  0.000E+00  0.000E+00  6.283E-01
  5.150E-08  8.430E-08  0.000E+00  0.000E+00  0.000E+00  6.283E-01
  8.430E-08  1.380E-07  0.000E+00  0.000E+00  0.000E+00  6.283E-01
  1.380E-07  2.258E-07  0.000E+00  0.000E+00  0.000E+00  6.283E-01
  2.258E-07  3.696E-07  0.000E+00  0.000E+00  0.000E+00  6.283E-01
  3.696E-07  6.050E-07  0.000E+00  0.000E+00  0.000E+00  6.283E-01
  6.050E-07  9.902E-07  0.000E+00  0.000E+00  0.000E+00  6.283E-01
  9.902E-07  1.621E-06  0.000E+00  0.000E+00  0.000E+00  6.283E-01
  1.621E-06  2.653E-06  0.000E+00  0.000E+00  0.000E+00  6.283E-01
  2.653E-06  4.342E-06  0.000E+00  0.000E+00  0.000E+00  6.283E-01
  4.342E-06  7.106E-06  0.000E+00  0.000E+00  0.000E+00  6.283E-01
  7.106E-06  1.163E-05  0.000E+00  0.000E+00  0.000E+00  6.283E-01
  1.163E-05  1.904E-05  0.000E+00  0.000E+00  0.000E+00  6.283E-01
  1.904E-05  3.116E-05  0.000E+00  0.000E+00  0.000E+00  6.283E-01
  3.116E-05  5.100E-05  4.011E-05  9.027E+01  0.000E+00  6.283E-01
  5.100E-05  8.347E-05  0.000E+00  0.000E+00  0.000E+00  6.283E-01
  8.347E-05  1.366E-04  0.000E+00  0.000E+00  0.000E+00  6.283E-01
  1.366E-04  2.236E-04  1.830E-05  6.838E+01  0.000E+00  6.283E-01
  2.236E-04  3.660E-04  2.236E-05  5.932E+01  0.000E+00  6.283E-01
  3.660E-04  5.990E-04  1.707E-05  4.714E+01  0.000E+00  6.283E-01
  5.990E-04  9.804E-04  1.460E-05  3.401E+01  0.000E+00  6.283E-01
  9.804E-04  1.605E-03  2.422E-05  1.153E+01  0.000E+00  6.283E-01
  1.605E-03  2.627E-03  1.402E-05  3.322E+01  0.000E+00  6.283E-01
  2.627E-03  4.299E-03  2.094E-05  1.201E+01  0.000E+00  6.283E-01
  4.299E-03  7.036E-03  1.628E-05  1.041E+01  0.000E+00  6.283E-01
  7.036E-03  1.152E-02  2.522E-05  6.954E+00  0.000E+00  6.283E-01
  1.152E-02  1.885E-02  4.666E-05  3.594E+00  0.000E+00  6.283E-01
  1.885E-02  3.085E-02  6.047E-05  3.967E+00  0.000E+00  6.283E-01
  3.085E-02  5.050E-02  8.961E-05  2.389E+00  0.000E+00  6.283E-01
  5.050E-02  8.265E-02  1.172E-04  1.276E+00  0.000E+00  6.283E-01
  8.265E-02  1.353E-01  1.498E-04  5.730E-01  0.000E+00  6.283E-01
  1.353E-01  2.214E-01  2.092E-04  7.213E-01  0.000E+00  6.283E-01
  2.214E-01  3.624E-01  2.985E-04  4.546E-01  0.000E+00  6.283E-01
  3.624E-01  5.931E-01  3.727E-04  2.974E-01  0.000E+00  6.283E-01
  5.931E-01  9.708E-01  3.753E-04  2.483E-01  0.000E+00  6.283E-01
  9.708E-01  1.589E+00  3.025E-04  2.778E-01  0.000E+00  6.283E-01
  1.589E+00  2.601E+00  1.980E-04  2.174E-01  0.000E+00  6.283E-01
  2.601E+00  4.257E+00  1.089E-04  3.292E-01  0.000E+00  6.283E-01
  4.257E+00  6.967E+00  5.282E-05  2.624E-01  0.000E+00  6.283E-01
  6.967E+00  1.140E+01  2.156E-05  2.686E-01  0.000E+00  6.283E-01
  1.140E+01  1.866E+01  6.601E-06  4.746E-01  0.000E+00  6.283E-01
  1.866E+01  3.055E+01  1.323E-06  8.780E-01  0.000E+00  6.283E-01
  3.055E+01  5.000E+01  7.466E-08  3.151E+00  0.000E+00  6.283E-01
  5.000E+01  5.000E+01  0.000E+00  0.000E+00  0.000E+00  6.283E-01

 # Block n:            2    0.628318548      :   1.25663710    
  1.000E-09  1.637E-09  0.000E+00  0.000E+00  6.283E-01  1.257E+00
  1.637E-09  2.679E-09  0.000E+00  0.000E+00  6.283E-01  1.257E+00
  2.679E-09  4.385E-09  0.000E+00  0.000E+00  6.283E-01  1.257E+00
  4.385E-09  7.177E-09  0.000E+00  0.000E+00  6.283E-01  1.257E+00
  7.177E-09  1.175E-08  0.000E+00  0.000E+00  6.283E-01  1.257E+00
  1.175E-08  1.923E-08  0.000E+00  0.000E+00  6.283E-01  1.257E+00
  1.923E-08  3.147E-08  0.000E+00  0.000E+00  6.283E-01  1.257E+00
  3.147E-08  5.150E-08  0.000E+00  0.000E+00  6.283E-01  1.257E+00
  5.150E-08  8.430E-08  0.000E+00  0.000E+00  6.283E-01  1.257E+00
  8.430E-08  1.380E-07  0.000E+00  0.000E+00  6.283E-01  1.257E+00
  1.380E-07  2.258E-07  0.000E+00  0.000E+00  6.283E-01  1.257E+00
  2.258E-07  3.696E-07  0.000E+00  0.000E+00  6.283E-01  1.257E+00
  3.696E-07  6.050E-07  0.000E+00  0.000E+00  6.283E-01  1.257E+00
  6.050E-07  9.902E-07  0.000E+00  0.000E+00  6.283E-01  1.257E+00
  9.902E-07  1.621E-06  0.000E+00  0.000E+00  6.283E-01  1.257E+00
  1.621E-06  2.653E-06  0.000E+00  0.000E+00  6.283E-01  1.257E+00
  2.653E-06  4.342E-06  4.711E-04  9.027E+01  6.283E-01  1.257E+00
  4.342E-06  7.106E-06  0.000E+00  0.000E+00  6.283E-01  1.257E+00
  7.106E-06  1.163E-05  0.000E+00  0.000E+00  6.283E-01  1.257E+00
  1.163E-05  1.904E-05  0.000E+00  0.000E+00  6.283E-01  1.257E+00
  1.904E-05  3.116E-05  0.000E+00  0.000E+00  6.283E-01  1.257E+00
  3.116E-05  5.100E-05  0.000E+00  0.000E+00  6.283E-01  1.257E+00
  5.100E-05  8.347E-05  4.901E-05  6.838E+01  6.283E-01  1.257E+00
  8.347E-05  1.366E-04  1.497E-05  9.027E+01  6.283E-01  1.257E+00
  1.366E-04  2.236E-04  0.000E+00  0.000E+00  6.283E-01  1.257E+00
  2.236E-04  3.660E-04  5.589E-06  9.027E+01  6.283E-01  1.257E+00
  3.660E-04  5.990E-04  1.366E-05  5.148E+01  6.283E-01  1.257E+00
  5.990E-04  9.804E-04  1.669E-05  4.471E+01  6.283E-01  1.257E+00
  9.804E-04  1.605E-03  2.040E-05  2.107E+01  6.283E-01  1.257E+00
  1.605E-03  2.627E-03  1.635E-05  1.342E+01  6.283E-01  1.257E+00
  2.627E-03  4.299E-03  1.761E-05  1.879E+01  6.283E-01  1.257E+00
  4.299E-03  7.036E-03  2.093E-05  8.549E+00  6.283E-01  1.257E+00
  7.036E-03  1.152E-02  2.327E-05  8.957E+00  6.283E-01  1.257E+00
  1.152E-02  1.885E-02  4.135E-05  4.466E+00  6.283E-01  1.257E+00
  1.885E-02  3.085E-02  6.186E-05  3.189E+00  6.283E-01  1.257E+00
  3.085E-02  5.050E-02  8.673E-05  1.146E+00  6.283E-01  1.257E+00
  5.050E-02  8.265E-02  1.079E-04  1.015E+00  6.283E-01  1.257E+00
  8.265E-02  1.353E-01  1.329E-04  8.928E-01  6.283E-01  1.257E+00
  1.353E-01  2.214E-01  1.683E-04  3.948E-01  6.283E-01  1.257E+00
  2.214E-01  3.624E-01  2.031E-04  4.292E-01  6.283E-01  1.257E+00
  3.624E-01  5.931E-01  1.803E-04  4.798E-01  6.283E-01  1.257E+00
  5.931E-01  9.708E-01  9.893E-05  4.677E-01  6.283E-01  1.257E+00
  9.708E-01  1.589E+00  2.946E-05  5.940E-01  6.283E-01  1.257E+00
  1.589E+00  2.601E+00  3.877E-06  1.202E+00  6.283E-01  1.257E+00
  2.601E+00  4.257E+00  1.326E-07  4.064E+00  6.283E-01  1.257E+00
  4.257E+00  6.967E+00  2.349E-09  2.774E+01  6.283E-01  1.257E+00
  6.967E+00  1.140E+01  0.000E+00  0.000E+00  6.283E-01  1.257E+00
  1.140E+01  1.866E+01  0.000E+00  0.000E+00  6.283E-01  1.257E+00
  1.866E+01  3.055E+01  0.000E+00  0.000E+00  6.283E-01  1.257E+00
  3.055E+01  5.000E+01  0.000E+00  0.000E+00  6.283E-01  1.257E+00
  5.000E+01  5.000E+01  0.000E+00  0.000E+00  6.283E-01  1.257E+00

 # Block n:            3     1.25663710      :   1.88495564    
  1.000E-09  1.637E-09  0.000E+00  0.000E+00  1.257E+00  1.885E+00
  1.637E-09  2.679E-09  0.000E+00  0.000E+00  1.257E+00  1.885E+00
  2.679E-09  4.385E-09  0.000E+00  0.000E+00  1.257E+00  1.885E+00
  4.385E-09  7.177E-09  0.000E+00  0.000E+00  1.257E+00  1.885E+00
  7.177E-09  1.175E-08  0.000E+00  0.000E+00  1.257E+00  1.885E+00
  1.175E-08  1.923E-08  0.000E+00  0.000E+00  1.257E+00  1.885E+00
  1.923E-08  3.147E-08  0.000E+00  0.000E+00  1.257E+00  1.885E+00
  3.147E-08  5.150E-08  0.000E+00  0.000E+00  1.257E+00  1.885E+00
  5.150E-08  8.430E-08  0.000E+00  0.000E+00  1.257E+00  1.885E+00
  8.430E-08  1.380E-07  0.000E+00  0.000E+00  1.257E+00  1.885E+00
  1.380E-07  2.258E-07  0.000E+00  0.000E+00  1.257E+00  1.885E+00
  2.258E-07  3.696E-07  0.000E+00  0.000E+00  1.257E+00  1.885E+00
  3.696E-07  6.050E-07  0.000E+00  0.000E+00  1.257E+00  1.885E+00
  6.050E-07  9.902E-07  0.000E+00  0.000E+00  1.257E+00  1.885E+00
  9.902E-07  1.621E-06  0.000E+00  0.000E+00  1.257E+00  1.885E+00
  1.621E-06  2.653E-06  0.000E+00  0.000E+00  1.257E+00  1.885E+00
  2.653E-06  4.342E-06  0.000E+00  0.000E+00  1.257E+00  1.885E+00
  4.342E-06  7.106E-06  0.000E+00  0.000E+00  1.257E+00  1.885E+00
  7.106E-06  1.163E-05  0.000E+00  0.000E+00  1.257E+00  1.885E+00
  1.163E-05  1.904E-05  0.000E+00  0.000E+00  1.257E+00  1.885E+00
  1.904E-05  3.116E-05  0.000E+00  0.000E+00  1.257E+00  1.885E+00
  3.116E-05  5.100E-05  0.000E+00  0.000E+00  1.257E+00  1.885E+00
  5.100E-05  8.347E-05  2.451E-05  9.027E+01  1.257E+00  1.885E+00
  8.347E-05  1.366E-04  2.995E-05  5.932E+01  1.257E+00  1.885E+00
  1.366E-04  2.236E-04  9.148E-06  9.027E+01  1.257E+00  1.885E+00
  2.236E-04  3.660E-04  0.000E+00  0.000E+00  1.257E+00  1.885E+00
  3.660E-04  5.990E-04  1.366E-05  5.148E+01  1.257E+00  1.885E+00
  5.990E-04  9.804E-04  1.460E-05  3.917E+01  1.257E+00  1.885E+00
  9.804E-04  1.605E-03  2.549E-05  2.013E+01  1.257E+00  1.885E+00
  1.605E-03  2.627E-03  1.635E-05  1.948E+01  1.257E+00  1.885E+00
  2.627E-03  4.299E-03  1.427E-05  1.398E+01  1.257E+00  1.885E+00
  4.299E-03  7.036E-03  1.541E-05  1.244E+01  1.257E+00  1.885E+00
  7.036E-03  1.152E-02  1.794E-05  8.931E+00  1.257E+00  1.885E+00
  1.152E-02  1.885E-02  4.080E-05  5.699E+00  1.257E+00  1.885E+00
  1.885E-02  3.085E-02  5.795E-05  3.948E+00  1.257E+00  1.885E+00
  3.085E-02  5.050E-02  8.126E-05  2.235E+00  1.257E+00  1.885E+00
  5.050E-02  8.265E-02  9.873E-05  1.415E+00  1.257E+00  1.885E+00
  8.265E-02  1.353E-01  1.147E-04  8.632E-01  1.257E+00  1.885E+00
  1.353E-01  2.214E-01  1.300E-04  1.149E+00  1.257E+00  1.885E+00
  2.214E-01  3.624E-01  1.351E-04  9.227E-01  1.257E+00  1.885E+00
  3.624E-01  5.931E-01  9.151E-05  5.702E-01  1.257E+00  1.885E+00
  5.931E-01  9.708E-01  3.516E-05  7.806E-01  1.257E+00  1.885E+00
  9.708E-01  1.589E+00  6.264E-06  1.186E+00  1.257E+00  1.885E+00
  1.589E+00  2.601E+00  3.555E-07  5.165E+00  1.257E+00  1.885E+00
  2.601E+00  4.257E+00  2.883E-09  3.987E+01  1.257E+00  1.885E+00
  4.257E+00  6.967E+00  0.000E+00  0.000E+00  1.257E+00  1.885E+00
  6.967E+00  1.140E+01  0.000E+00  0.000E+00  1.257E+00  1.885E+00
  1.140E+01  1.866E+01  0.000E+00  0.000E+00  1.257E+00  1.885E+00
  1.866E+01  3.055E+01  0.000E+00  0.000E+00  1.257E+00  1.885E+00
  3.055E+01  5.000E+01  0.000E+00  0.000E+00  1.257E+00  1.885E+00
  5.000E+01  5.000E+01  0.000E+00  0.000E+00  1.257E+00  1.885E+00

 # Block n:            4     1.88495564      :   2.51327419    
  1.000E-09  1.637E-09  0.000E+00  0.000E+00  1.885E+00  2.513E+00
  1.637E-09  2.679E-09  0.000E+00  0.000E+00  1.885E+00  2.513E+00
  2.679E-09  4.385E-09  0.000E+00  0.000E+00  1.885E+00  2.513E+00
  4.385E-09  7.177E-09  0.000E+00  0.000E+00  1.885E+00  2.513E+00
  7.177E-09  1.175E-08  0.000E+00  0.000E+00  1.885E+00  2.513E+00
  1.175E-08  1.923E-08  0.000E+00  0.000E+00  1.885E+00  2.513E+00
  1.923E-08  3.147E-08  0.000E+00  0.000E+00  1.885E+00  2.513E+00
  3.147E-08  5.150E-08  0.000E+00  0.000E+00  1.885E+00  2.513E+00
  5.150E-08  8.430E-08  0.000E+00  0.000E+00  1.885E+00  2.513E+00
  8.430E-08  1.380E-07  0.000E+00  0.000E+00  1.885E+00  2.513E+00
  1.380E-07  2.258E-07  0.000E+00  0.000E+00  1.885E+00  2.513E+00
  2.258E-07  3.696E-07  0.000E+00  0.000E+00  1.885E+00  2.513E+00
  3.696E-07  6.050E-07  0.000E+00  0.000E+00  1.885E+00  2.513E+00
  6.050E-07  9.902E-07  0.000E+00  0.000E+00  1.885E+00  2.513E+00
  9.902E-07  1.621E-06  0.000E+00  0.000E+00  1.885E+00  2.513E+00
  1.621E-06  2.653E-06  0.000E+00  0.000E+00  1.885E+00  2.513E+00
  2.653E-06  4.342E-06  0.000E+00  0.000E+00  1.885E+00  2.513E+00
  4.342E-06  7.106E-06  0.000E+00  0.000E+00  1.885E+00  2.513E+00
  7.106E-06  1.163E-05  0.000E+00  0.000E+00  1.885E+00  2.513E+00
  1.163E-05  1.904E-05  0.000E+00  0.000E+00  1.885E+00  2.513E+00
  1.904E-05  3.116E-05  0.000E+00  0.000E+00  1.885E+00  2.513E+00
  3.116E-05  5.100E-05  0.000E+00  0.000E+00  1.885E+00  2.513E+00
  5.100E-05  8.347E-05  0.000E+00  0.000E+00  1.885E+00  2.513E+00
  8.347E-05  1.366E-04  1.497E-05  9.027E+01  1.885E+00  2.513E+00
  1.366E-04  2.236E-04  0.000E+00  0.000E+00  1.885E+00  2.513E+00
  2.236E-04  3.660E-04  2.236E-05  3.864E+01  1.885E+00  2.513E+00
  3.660E-04  5.990E-04  6.830E-06  5.932E+01  1.885E+00  2.513E+00
  5.990E-04  9.804E-04  8.345E-06  5.148E+01  1.885E+00  2.513E+00
  9.804E-04  1.605E-03  1.147E-05  3.822E+01  1.885E+00  2.513E+00
  1.605E-03  2.627E-03  8.567E-06  2.764E+01  1.885E+00  2.513E+00
  2.627E-03  4.299E-03  1.332E-05  1.957E+01  1.885E+00  2.513E+00
  4.299E-03  7.036E-03  1.425E-05  1.217E+01  1.885E+00  2.513E+00
  7.036E-03  1.152E-02  1.954E-05  1.112E+01  1.885E+00  2.513E+00
  1.152E-02  1.885E-02  3.679E-05  3.261E+00  1.885E+00  2.513E+00
  1.885E-02  3.085E-02  5.079E-05  3.210E+00  1.885E+00  2.513E+00
  3.085E-02  5.050E-02  7.065E-05  1.943E+00  1.885E+00  2.513E+00
  5.050E-02  8.265E-02  8.430E-05  1.337E+00  1.885E+00  2.513E+00
  8.265E-02  1.353E-01  9.365E-05  1.195E+00  1.885E+00  2.513E+00
  1.353E-01  2.214E-01  9.785E-05  9.964E-01  1.885E+00  2.513E+00
  2.214E-01  3.624E-01  8.668E-05  9.844E-01  1.885E+00  2.513E+00
  3.624E-01  5.931E-01  4.861E-05  6.437E-01  1.885E+00  2.513E+00
  5.931E-01  9.708E-01  1.440E-05  1.089E+00  1.885E+00  2.513E+00
  9.708E-01  1.589E+00  1.604E-06  1.690E+00  1.885E+00  2.513E+00
  1.589E+00  2.601E+00  3.146E-08  1.848E+01  1.885E+00  2.513E+00
  2.601E+00  4.257E+00  0.000E+00  0.000E+00  1.885E+00  2.513E+00
  4.257E+00  6.967E+00  0.000E+00  0.000E+00  1.885E+00  2.513E+00
  6.967E+00  1.140E+01  0.000E+00  0.000E+00  1.885E+00  2.513E+00
  1.140E+01  1.866E+01  0.000E+00  0.000E+00  1.885E+00  2.513E+00
  1.866E+01  3.055E+01  0.000E+00  0.000E+00  1.885E+00  2.513E+00
  3.055E+01  5.000E+01  0.000E+00  0.000E+00  1.885E+00  2.513E+00
  5.000E+01  5.000E+01  0.000E+00  0.000E+00  1.885E+00  2.513E+00

 # Block n:            5     2.51327419      :   3.14159274    
  1.000E-09  1.637E-09  0.000E+00  0.000E+00  2.513E+00  3.142E+00
  1.637E-09  2.679E-09  0.000E+00  0.000E+00  2.513E+00  3.142E+00
  2.679E-09  4.385E-09  0.000E+00  0.000E+00  2.513E+00  3.142E+00
  4.385E-09  7.177E-09  0.000E+00  0.000E+00  2.513E+00  3.142E+00
  7.177E-09  1.175E-08  0.000E+00  0.000E+00  2.513E+00  3.142E+00
  1.175E-08  1.923E-08  0.000E+00  0.000E+00  2.513E+00  3.142E+00
  1.923E-08  3.147E-08  0.000E+00  0.000E+00  2.513E+00  3.142E+00
  3.147E-08  5.150E-08  0.000E+00  0.000E+00  2.513E+00  3.142E+00
  5.150E-08  8.430E-08  0.000E+00  0.000E+00  2.513E+00  3.142E+00
  8.430E-08  1.380E-07  0.000E+00  0.000E+00  2.513E+00  3.142E+00
  1.380E-07  2.258E-07  0.000E+00  0.000E+00  2.513E+00  3.142E+00
  2.258E-07  3.696E-07  0.000E+00  0.000E+00  2.513E+00  3.142E+00
  3.696E-07  6.050E-07  0.000E+00  0.000E+00  2.513E+00  3.142E+00
  6.050E-07  9.902E-07  0.000E+00  0.000E+00  2.513E+00  3.142E+00
  9.902E-07  1.621E-06  0.000E+00  0.000E+00  2.513E+00  3.142E+00
  1.621E-06  2.653E-06  0.000E+00  0.000E+00  2.513E+00  3.142E+00
  2.653E-06  4.342E-06  0.000E+00  0.000E+00  2.513E+00  3.142E+00
  4.342E-06  7.106E-06  0.000E+00  0.000E+00  2.513E+00  3.142E+00
  7.106E-06  1.163E-05  0.000E+00  0.000E+00  2.513E+00  3.142E+00
  1.163E-05  1.904E-05  0.000E+00  0.000E+00  2.513E+00  3.142E+00
  1.904E-05  3.116E-05  0.000E+00  0.000E+00  2.513E+00  3.142E+00
  3.116E-05  5.100E-05  0.000E+00  0.000E+00  2.513E+00  3.142E+00
  5.100E-05  8.347E-05  0.000E+00  0.000E+00  2.513E+00  3.142E+00
  8.347E-05  1.366E-04  0.000E+00  0.000E+00  2.513E+00  3.142E+00
  1.366E-04  2.236E-04  1.830E-05  6.838E+01  2.513E+00  3.142E+00
  2.236E-04  3.660E-04  5.589E-06  9.900E+01  2.513E+00  3.142E+00
  3.660E-04  5.990E-04  1.366E-05  4.222E+01  2.513E+00  3.142E+00
  5.990E-04  9.804E-04  1.252E-05  5.711E+01  2.513E+00  3.142E+00
  9.804E-04  1.605E-03  1.020E-05  2.902E+01  2.513E+00  3.142E+00
  1.605E-03  2.627E-03  1.246E-05  2.500E+01  2.513E+00  3.142E+00
  2.627E-03  4.299E-03  1.094E-05  2.007E+01  2.513E+00  3.142E+00
  4.299E-03  7.036E-03  1.715E-05  1.524E+01  2.513E+00  3.142E+00
  7.036E-03  1.152E-02  1.812E-05  9.435E+00  2.513E+00  3.142E+00
  1.152E-02  1.885E-02  3.104E-05  6.775E+00  2.513E+00  3.142E+00
  1.885E-02  3.085E-02  4.674E-05  4.384E+00  2.513E+00  3.142E+00
  3.085E-02  5.050E-02  5.866E-05  1.507E+00  2.513E+00  3.142E+00
  5.050E-02  8.265E-02  7.309E-05  1.227E+00  2.513E+00  3.142E+00
  8.265E-02  1.353E-01  7.220E-05  1.123E+00  2.513E+00  3.142E+00
  1.353E-01  2.214E-01  6.872E-05  1.855E+00  2.513E+00  3.142E+00
  2.214E-01  3.624E-01  5.349E-05  1.143E+00  2.513E+00  3.142E+00
  3.624E-01  5.931E-01  2.647E-05  9.976E-01  2.513E+00  3.142E+00
  5.931E-01  9.708E-01  6.199E-06  2.092E+00  2.513E+00  3.142E+00
  9.708E-01  1.589E+00  4.660E-07  4.928E+00  2.513E+00  3.142E+00
  1.589E+00  2.601E+00  2.360E-09  5.481E+01  2.513E+00  3.142E+00
  2.601E+00  4.257E+00  0.000E+00  0.000E+00  2.513E+00  3.142E+00
  4.257E+00  6.967E+00  0.000E+00  0.000E+00  2.513E+00  3.142E+00
  6.967E+00  1.140E+01  0.000E+00  0.000E+00  2.513E+00  3.142E+00
  1.140E+01  1.866E+01  0.000E+00  0.000E+00  2.513E+00  3.142E+00
  1.866E+01  3.055E+01  0.000E+00  0.000E+00  2.513E+00  3.142E+00
  3.055E+01  5.000E+01  0.000E+00  0.000E+00  2.513E+00  3.142E+00
  5.000E+01  5.000E+01  0.000E+00  0.000E+00  2.513E+00  3.142E+00

 # Block n:            6     3.14159274      :   3.76991129    
  1.000E-09  1.637E-09  0.000E+00  0.000E+00  3.142E+00  3.770E+00
  1.637E-09  2.679E-09  0.000E+00  0.000E+00  3.142E+00  3.770E+00
  2.679E-09  4.385E-09  0.000E+00  0.000E+00  3.142E+00  3.770E+00
  4.385E-09  7.177E-09  0.000E+00  0.000E+00  3.142E+00  3.770E+00
  7.177E-09  1.175E-08  0.000E+00  0.000E+00  3.142E+00  3.770E+00
  1.175E-08  1.923E-08  0.000E+00  0.000E+00  3.142E+00  3.770E+00
  1.923E-08  3.147E-08  0.000E+00  0.000E+00  3.142E+00  3.770E+00
  3.147E-08  5.150E-08  0.000E+00  0.000E+00  3.142E+00  3.770E+00
  5.150E-08  8.430E-08  0.000E+00  0.000E+00  3.142E+00  3.770E+00
  8.430E-08  1.380E-07  0.000E+00  0.000E+00  3.142E+00  3.770E+00
  1.380E-07  2.258E-07  0.000E+00  0.000E+00  3.142E+00  3.770E+00
  2.258E-07  3.696E-07  0.000E+00  0.000E+00  3.142E+00  3.770E+00
  3.696E-07  6.050E-07  0.000E+00  0.000E+00  3.142E+00  3.770E+00
  6.050E-07  9.902E-07  0.000E+00  0.000E+00  3.142E+00  3.770E+00
  9.902E-07  1.621E-06  0.000E+00  0.000E+00  3.142E+00  3.770E+00
  1.621E-06  2.653E-06  0.000E+00  0.000E+00  3.142E+00  3.770E+00
  2.653E-06  4.342E-06  0.000E+00  0.000E+00  3.142E+00  3.770E+00
  4.342E-06  7.106E-06  0.000E+00  0.000E+00  3.142E+00  3.770E+00
  7.106E-06  1.163E-05  0.000E+00  0.000E+00  3.142E+00  3.770E+00
  1.163E-05  1.904E-05  0.000E+00  0.000E+00  3.142E+00  3.770E+00
  1.904E-05  3.116E-05  0.000E+00  0.000E+00  3.142E+00  3.770E+00
  3.116E-05  5.100E-05  0.000E+00  0.000E+00  3.142E+00  3.770E+00
  5.100E-05  8.347E-05  2.451E-05  9.027E+01  3.142E+00  3.770E+00
  8.347E-05  1.366E-04  0.000E+00  0.000E+00  3.142E+00  3.770E+00
  1.366E-04  2.236E-04  0.000E+00  0.000E+00  3.142E+00  3.770E+00
  2.236E-04  3.660E-04  1.677E-05  8.127E+01  3.142E+00  3.770E+00
  3.660E-04  5.990E-04  1.024E-05  4.990E+01  3.142E+00  3.770E+00
  5.990E-04  9.804E-04  1.878E-05  2.784E+01  3.142E+00  3.770E+00
  9.804E-04  1.605E-03  8.923E-06  2.790E+01  3.142E+00  3.770E+00
  1.605E-03  2.627E-03  8.567E-06  3.028E+01  3.142E+00  3.770E+00
  2.627E-03  4.299E-03  9.041E-06  1.534E+01  3.142E+00  3.770E+00
  4.299E-03  7.036E-03  8.721E-06  1.620E+01  3.142E+00  3.770E+00
  7.036E-03  1.152E-02  1.421E-05  8.333E+00  3.142E+00  3.770E+00
  1.152E-02  1.885E-02  2.854E-05  4.660E+00  3.142E+00  3.770E+00
  1.885E-02  3.085E-02  3.567E-05  2.684E+00  3.142E+00  3.770E+00
  3.085E-02  5.050E-02  4.845E-05  2.578E+00  3.142E+00  3.770E+00
  5.050E-02  8.265E-02  5.415E-05  1.890E+00  3.142E+00  3.770E+00
  8.265E-02  1.353E-01  5.400E-05  1.899E+00  3.142E+00  3.770E+00
  1.353E-01  2.214E-01  4.549E-05  1.695E+00  3.142E+00  3.770E+00
  2.214E-01  3.624E-01  3.278E-05  1.737E+00  3.142E+00  3.770E+00
  3.624E-01  5.931E-01  1.446E-05  1.203E+00  3.142E+00  3.770E+00
  5.931E-01  9.708E-01  2.602E-06  2.957E+00  3.142E+00  3.770E+00
  9.708E-01  1.589E+00  1.210E-07  1.281E+01  3.142E+00  3.770E+00
  1.589E+00  2.601E+00  1.573E-09  6.838E+01  3.142E+00  3.770E+00
  2.601E+00  4.257E+00  0.000E+00  0.000E+00  3.142E+00  3.770E+00
  4.257E+00  6.967E+00  0.000E+00  0.000E+00  3.142E+00  3.770E+00
  6.967E+00  1.140E+01  0.000E+00  0.000E+00  3.142E+00  3.770E+00
  1.140E+01  1.866E+01  0.000E+00  0.000E+00  3.142E+00  3.770E+00
  1.866E+01  3.055E+01  0.000E+00  0.000E+00  3.142E+00  3.770E+00
  3.055E+01  5.000E+01  0.000E+00  0.000E+00  3.142E+00  3.770E+00
  5.000E+01  5.000E+01  0.000E+00  0.000E+00  3.142E+00  3.770E+00

 # Block n:            7     3.76991129      :   4.39822960    
  1.000E-09  1.637E-09  0.000E+00  0.000E+00  3.770E+00  4.398E+00
  1.637E-09  2.679E-09  0.000E+00  0.000E+00  3.770E+00  4.398E+00
  2.679E-09  4.385E-09  0.000E+00  0.000E+00  3.770E+00  4.398E+00
  4.385E-09  7.177E-09  0.000E+00  0.000E+00  3.770E+00  4.398E+00
  7.177E-09  1.175E-08  0.000E+00  0.000E+00  3.770E+00  4.398E+00
  1.175E-08  1.923E-08  0.000E+00  0.000E+00  3.770E+00  4.398E+00
  1.923E-08  3.147E-08  0.000E+00  0.000E+00  3.770E+00  4.398E+00
  3.147E-08  5.150E-08  0.000E+00  0.000E+00  3.770E+00  4.398E+00
  5.150E-08  8.430E-08  0.000E+00  0.000E+00  3.770E+00  4.398E+00
  8.430E-08  1.380E-07  0.000E+00  0.000E+00  3.770E+00  4.398E+00
  1.380E-07  2.258E-07  0.000E+00  0.000E+00  3.770E+00  4.398E+00
  2.258E-07  3.696E-07  0.000E+00  0.000E+00  3.770E+00  4.398E+00
  3.696E-07  6.050E-07  0.000E+00  0.000E+00  3.770E+00  4.398E+00
  6.050E-07  9.902E-07  0.000E+00  0.000E+00  3.770E+00  4.398E+00
  9.902E-07  1.621E-06  0.000E+00  0.000E+00  3.770E+00  4.398E+00
  1.621E-06  2.653E-06  0.000E+00  0.000E+00  3.770E+00  4.398E+00
  2.653E-06  4.342E-06  0.000E+00  0.000E+00  3.770E+00  4.398E+00
  4.342E-06  7.106E-06  0.000E+00  0.000E+00  3.770E+00  4.398E+00
  7.106E-06  1.163E-05  0.000E+00  0.000E+00  3.770E+00  4.398E+00
  1.163E-05  1.904E-05  0.000E+00  0.000E+00  3.770E+00  4.398E+00
  1.904E-05  3.116E-05  0.000E+00  0.000E+00  3.770E+00  4.398E+00
  3.116E-05  5.100E-05  0.000E+00  0.000E+00  3.770E+00  4.398E+00
  5.100E-05  8.347E-05  0.000E+00  0.000E+00  3.770E+00  4.398E+00
  8.347E-05  1.366E-04  0.000E+00  0.000E+00  3.770E+00  4.398E+00
  1.366E-04  2.236E-04  0.000E+00  0.000E+00  3.770E+00  4.398E+00
  2.236E-04  3.660E-04  5.589E-06  9.900E+01  3.770E+00  4.398E+00
  3.660E-04  5.990E-04  3.415E-06  9.027E+01  3.770E+00  4.398E+00
  5.990E-04  9.804E-04  6.259E-06  4.990E+01  3.770E+00  4.398E+00
  9.804E-04  1.605E-03  1.147E-05  3.428E+01  3.770E+00  4.398E+00
  1.605E-03  2.627E-03  2.336E-06  5.932E+01  3.770E+00  4.398E+00
  2.627E-03  4.299E-03  7.137E-06  2.526E+01  3.770E+00  4.398E+00
  4.299E-03  7.036E-03  6.396E-06  1.661E+01  3.770E+00  4.398E+00
  7.036E-03  1.152E-02  1.314E-05  8.951E+00  3.770E+00  4.398E+00
  1.152E-02  1.885E-02  1.997E-05  9.597E+00  3.770E+00  4.398E+00
  1.885E-02  3.085E-02  2.771E-05  6.670E+00  3.770E+00  4.398E+00
  3.085E-02  5.050E-02  3.585E-05  2.040E+00  3.770E+00  4.398E+00
  5.050E-02  8.265E-02  4.044E-05  1.849E+00  3.770E+00  4.398E+00
  8.265E-02  1.353E-01  3.653E-05  1.389E+00  3.770E+00  4.398E+00
  1.353E-01  2.214E-01  2.941E-05  1.552E+00  3.770E+00  4.398E+00
  2.214E-01  3.624E-01  1.923E-05  2.113E+00  3.770E+00  4.398E+00
  3.624E-01  5.931E-01  7.373E-06  1.759E+00  3.770E+00  4.398E+00
  5.931E-01  9.708E-01  1.186E-06  4.282E+00  3.770E+00  4.398E+00
  9.708E-01  1.589E+00  2.832E-08  1.976E+01  3.770E+00  4.398E+00
  1.589E+00  2.601E+00  0.000E+00  0.000E+00  3.770E+00  4.398E+00
  2.601E+00  4.257E+00  0.000E+00  0.000E+00  3.770E+00  4.398E+00
  4.257E+00  6.967E+00  0.000E+00  0.000E+00  3.770E+00  4.398E+00
  6.967E+00  1.140E+01  0.000E+00  0.000E+00  3.770E+00  4.398E+00
  1.140E+01  1.866E+01  0.000E+00  0.000E+00  3.770E+00  4.398E+00
  1.866E+01  3.055E+01  0.000E+00  0.000E+00  3.770E+00  4.398E+00
  3.055E+01  5.000E+01  0.000E+00  0.000E+00  3.770E+00  4.398E+00
  5.000E+01  5.000E+01  0.000E+00  0.000E+00  3.770E+00  4.398E+00

 # Block n:            8     4.39822960      :   5.02654839    
  1.000E-09  1.637E-09  0.000E+00  0.000E+00  4.398E+00  5.027E+00
  1.637E-09  2.679E-09  0.000E+00  0.000E+00  4.398E+00  5.027E+00
  2.679E-09  4.385E-09  0.000E+00  0.000E+00  4.398E+00  5.027E+00
  4.385E-09  7.177E-09  0.000E+00  0.000E+00  4.398E+00  5.027E+00
  7.177E-09  1.175E-08  0.000E+00  0.000E+00  4.398E+00  5.027E+00
  1.175E-08  1.923E-08  0.000E+00  0.000E+00  4.398E+00  5.027E+00
  1.923E-08  3.147E-08  0.000E+00  0.000E+00  4.398E+00  5.027E+00
  3.147E-08  5.150E-08  0.000E+00  0.000E+00  4.398E+00  5.027E+00
  5.150E-08  8.430E-08  0.000E+00  0.000E+00  4.398E+00  5.027E+00
  8.430E-08  1.380E-07  0.000E+00  0.000E+00  4.398E+00  5.027E+00
  1.380E-07  2.258E-07  0.000E+00  0.000E+00  4.398E+00  5.027E+00
  2.258E-07  3.696E-07  0.000E+00  0.000E+00  4.398E+00  5.027E+00
  3.696E-07  6.050E-07  0.000E+00  0.000E+00  4.398E+00  5.027E+00
  6.050E-07  9.902E-07  0.000E+00  0.000E+00  4.398E+00  5.027E+00
  9.902E-07  1.621E-06  0.000E+00  0.000E+00  4.398E+00  5.027E+00
  1.621E-06  2.653E-06  0.000E+00  0.000E+00  4.398E+00  5.027E+00
  2.653E-06  4.342E-06  0.000E+00  0.000E+00  4.398E+00  5.027E+00
  4.342E-06  7.106E-06  0.000E+00  0.000E+00  4.398E+00  5.027E+00
  7.106E-06  1.163E-05  0.000E+00  0.000E+00  4.398E+00  5.027E+00
  1.163E-05  1.904E-05  0.000E+00  0.000E+00  4.398E+00  5.027E+00
  1.904E-05  3.116E-05  0.000E+00  0.000E+00  4.398E+00  5.027E+00
  3.116E-05  5.100E-05  0.000E+00  0.000E+00  4.398E+00  5.027E+00
  5.100E-05  8.347E-05  0.000E+00  0.000E+00  4.398E+00  5.027E+00
  8.347E-05  1.366E-04  0.000E+00  0.000E+00  4.398E+00  5.027E+00
  1.366E-04  2.236E-04  0.000E+00  0.000E+00  4.398E+00  5.027E+00
  2.236E-04  3.660E-04  1.118E-05  9.900E+01  4.398E+00  5.027E+00
  3.660E-04  5.990E-04  6.830E-06  6.838E+01  4.398E+00  5.027E+00
  5.990E-04  9.804E-04  4.173E-06  5.932E+01  4.398E+00  5.027E+00
  9.804E-04  1.605E-03  7.648E-06  4.587E+01  4.398E+00  5.027E+00
  1.605E-03  2.627E-03  2.336E-06  4.990E+01  4.398E+00  5.027E+00
  2.627E-03  4.299E-03  4.758E-06  2.453E+01  4.398E+00  5.027E+00
  4.299E-03  7.036E-03  2.616E-06  3.969E+01  4.398E+00  5.027E+00
  7.036E-03  1.152E-02  6.572E-06  1.418E+01  4.398E+00  5.027E+00
  1.152E-02  1.885E-02  1.226E-05  1.096E+01  4.398E+00  5.027E+00
  1.885E-02  3.085E-02  1.823E-05  4.529E+00  4.398E+00  5.027E+00
  3.085E-02  5.050E-02  2.455E-05  5.494E+00  4.398E+00  5.027E+00
  5.050E-02  8.265E-02  2.690E-05  1.748E+00  4.398E+00  5.027E+00
  8.265E-02  1.353E-01  2.454E-05  2.439E+00  4.398E+00  5.027E+00
  1.353E-01  2.214E-01  1.754E-05  1.863E+00  4.398E+00  5.027E+00
  2.214E-01  3.624E-01  1.030E-05  2.264E+00  4.398E+00  5.027E+00
  3.624E-01  5.931E-01  3.473E-06  1.736E+00  4.398E+00  5.027E+00
  5.931E-01  9.708E-01  3.498E-07  1.041E+01  4.398E+00  5.027E+00
  9.708E-01  1.589E+00  5.149E-09  4.552E+01  4.398E+00  5.027E+00
  1.589E+00  2.601E+00  0.000E+00  0.000E+00  4.398E+00  5.027E+00
  2.601E+00  4.257E+00  0.000E+00  0.000E+00  4.398E+00  5.027E+00
  4.257E+00  6.967E+00  0.000E+00  0.000E+00  4.398E+00  5.027E+00
  6.967E+00  1.140E+01  0.000E+00  0.000E+00  4.398E+00  5.027E+00
  1.140E+01  1.866E+01  0.000E+00  0.000E+00  4.398E+00  5.027E+00
  1.866E+01  3.055E+01  0.000E+00  0.000E+00  4.398E+00  5.027E+00
  3.055E+01  5.000E+01  0.000E+00  0.000E+00  4.398E+00  5.027E+00
  5.000E+01  5.000E+01  0.000E+00  0.000E+00  4.398E+00  5.027E+00

 # Block n:            9     5.02654839      :   5.65486717    
  1.000E-09  1.637E-09  0.000E+00  0.000E+00  5.027E+00  5.655E+00
  1.637E-09  2.679E-09  0.000E+00  0.000E+00  5.027E+00  5.655E+00
  2.679E-09  4.385E-09  0.000E+00  0.000E+00  5.027E+00  5.655E+00
  4.385E-09  7.177E-09  0.000E+00  0.000E+00  5.027E+00  5.655E+00
  7.177E-09  1.175E-08  0.000E+00  0.000E+00  5.027E+00  5.655E+00
  1.175E-08  1.923E-08  0.000E+00  0.000E+00  5.027E+00  5.655E+00
  1.923E-08  3.147E-08  0.000E+00  0.000E+00  5.027E+00  5.655E+00
  3.147E-08  5.150E-08  0.000E+00  0.000E+00  5.027E+00  5.655E+00
  5.150E-08  8.430E-08  0.000E+00  0.000E+00  5.027E+00  5.655E+00
  8.430E-08  1.380E-07  0.000E+00  0.000E+00  5.027E+00  5.655E+00
  1.380E-07  2.258E-07  0.000E+00  0.000E+00  5.027E+00  5.655E+00
  2.258E-07  3.696E-07  0.000E+00  0.000E+00  5.027E+00  5.655E+00
  3.696E-07  6.050E-07  0.000E+00  0.000E+00  5.027E+00  5.655E+00
  6.050E-07  9.902E-07  0.000E+00  0.000E+00  5.027E+00  5.655E+00
  9.902E-07  1.621E-06  0.000E+00  0.000E+00  5.027E+00  5.655E+00
  1.621E-06  2.653E-06  0.000E+00  0.000E+00  5.027E+00  5.655E+00
  2.653E-06  4.342E-06  0.000E+00  0.000E+00  5.027E+00  5.655E+00
  4.342E-06  7.106E-06  0.000E+00  0.000E+00  5.027E+00  5.655E+00
  7.106E-06  1.163E-05  0.000E+00  0.000E+00  5.027E+00  5.655E+00
  1.163E-05  1.904E-05  0.000E+00  0.000E+00  5.027E+00  5.655E+00
  1.904E-05  3.116E-05  0.000E+00  0.000E+00  5.027E+00  5.655E+00
  3.116E-05  5.100E-05  0.000E+00  0.000E+00  5.027E+00  5.655E+00
  5.100E-05  8.347E-05  2.451E-05  9.900E+01  5.027E+00  5.655E+00
  8.347E-05  1.366E-04  1.497E-05  9.027E+01  5.027E+00  5.655E+00
  1.366E-04  2.236E-04  0.000E+00  0.000E+00  5.027E+00  5.655E+00
  2.236E-04  3.660E-04  0.000E+00  0.000E+00  5.027E+00  5.655E+00
  3.660E-04  5.990E-04  6.830E-06  6.838E+01  5.027E+00  5.655E+00
  5.990E-04  9.804E-04  6.259E-06  4.990E+01  5.027E+00  5.655E+00
  9.804E-04  1.605E-03  5.099E-06  4.222E+01  5.027E+00  5.655E+00
  1.605E-03  2.627E-03  2.336E-06  5.481E+01  5.027E+00  5.655E+00
  2.627E-03  4.299E-03  3.331E-06  4.786E+01  5.027E+00  5.655E+00
  4.299E-03  7.036E-03  4.070E-06  2.570E+01  5.027E+00  5.655E+00
  7.036E-03  1.152E-02  4.440E-06  2.404E+01  5.027E+00  5.655E+00
  1.152E-02  1.885E-02  6.294E-06  1.014E+01  5.027E+00  5.655E+00
  1.885E-02  3.085E-02  1.114E-05  7.929E+00  5.027E+00  5.655E+00
  3.085E-02  5.050E-02  1.527E-05  3.429E+00  5.027E+00  5.655E+00
  5.050E-02  8.265E-02  1.567E-05  4.425E+00  5.027E+00  5.655E+00
  8.265E-02  1.353E-01  1.299E-05  2.653E+00  5.027E+00  5.655E+00
  1.353E-01  2.214E-01  8.389E-06  2.982E+00  5.027E+00  5.655E+00
  2.214E-01  3.624E-01  5.001E-06  3.942E+00  5.027E+00  5.655E+00
  3.624E-01  5.931E-01  1.542E-06  6.858E+00  5.027E+00  5.655E+00
  5.931E-01  9.708E-01  8.217E-08  1.293E+01  5.027E+00  5.655E+00
  9.708E-01  1.589E+00  1.287E-09  9.027E+01  5.027E+00  5.655E+00
  1.589E+00  2.601E+00  0.000E+00  0.000E+00  5.027E+00  5.655E+00
  2.601E+00  4.257E+00  0.000E+00  0.000E+00  5.027E+00  5.655E+00
  4.257E+00  6.967E+00  0.000E+00  0.000E+00  5.027E+00  5.655E+00
  6.967E+00  1.140E+01  0.000E+00  0.000E+00  5.027E+00  5.655E+00
  1.140E+01  1.866E+01  0.000E+00  0.000E+00  5.027E+00  5.655E+00
  1.866E+01  3.055E+01  0.000E+00  0.000E+00  5.027E+00  5.655E+00
  3.055E+01  5.000E+01  0.000E+00  0.000E+00  5.027E+00  5.655E+00
  5.000E+01  5.000E+01  0.000E+00  0.000E+00  5.027E+00  5.655E+00

 # Block n:           10     5.65486717      :   6.28318548    
  1.000E-09  1.637E-09  0.000E+00  0.000E+00  5.655E+00  6.283E+00
  1.637E-09  2.679E-09  0.000E+00  0.000E+00  5.655E+00  6.283E+00
  2.679E-09  4.385E-09  0.000E+00  0.000E+00  5.655E+00  6.283E+00
  4.385E-09  7.177E-09  0.000E+00  0.000E+00  5.655E+00  6.283E+00
  7.177E-09  1.175E-08  0.000E+00  0.000E+00  5.655E+00  6.283E+00
  1.175E-08  1.923E-08  0.000E+00  0.000E+00  5.655E+00  6.283E+00
  1.923E-08  3.147E-08  0.000E+00  0.000E+00  5.655E+00  6.283E+00
  3.147E-08  5.150E-08  0.000E+00  0.000E+00  5.655E+00  6.283E+00
  5.150E-08  8.430E-08  0.000E+00  0.000E+00  5.655E+00  6.283E+00
  8.430E-08  1.380E-07  0.000E+00  0.000E+00  5.655E+00  6.283E+00
  1.380E-07  2.258E-07  0.000E+00  0.000E+00  5.655E+00  6.283E+00
  2.258E-07  3.696E-07  0.000E+00  0.000E+00  5.655E+00  6.283E+00
  3.696E-07  6.050E-07  0.000E+00  0.000E+00  5.655E+00  6.283E+00
  6.050E-07  9.902E-07  0.000E+00  0.000E+00  5.655E+00  6.283E+00
  9.902E-07  1.621E-06  0.000E+00  0.000E+00  5.655E+00  6.283E+00
  1.621E-06  2.653E-06  0.000E+00  0.000E+00  5.655E+00  6.283E+00
  2.653E-06  4.342E-06  0.000E+00  0.000E+00  5.655E+00  6.283E+00
  4.342E-06  7.106E-06  0.000E+00  0.000E+00  5.655E+00  6.283E+00
  7.106E-06  1.163E-05  0.000E+00  0.000E+00  5.655E+00  6.283E+00
  1.163E-05  1.904E-05  0.000E+00  0.000E+00  5.655E+00  6.283E+00
  1.904E-05  3.116E-05  0.000E+00  0.000E+00  5.655E+00  6.283E+00
  3.116E-05  5.100E-05  0.000E+00  0.000E+00  5.655E+00  6.283E+00
  5.100E-05  8.347E-05  0.000E+00  0.000E+00  5.655E+00  6.283E+00
  8.347E-05  1.366E-04  0.000E+00  0.000E+00  5.655E+00  6.283E+00
  1.366E-04  2.236E-04  0.000E+00  0.000E+00  5.655E+00  6.283E+00
  2.236E-04  3.660E-04  0.000E+00  0.000E+00  5.655E+00  6.283E+00
  3.660E-04  5.990E-04  3.415E-06  9.027E+01  5.655E+00  6.283E+00
  5.990E-04  9.804E-04  0.000E+00  0.000E+00  5.655E+00  6.283E+00
  9.804E-04  1.605E-03  1.275E-06  9.900E+01  5.655E+00  6.283E+00
  1.605E-03  2.627E-03  0.000E+00  0.000E+00  5.655E+00  6.283E+00
  2.627E-03  4.299E-03  9.516E-07  6.838E+01  5.655E+00  6.283E+00
  4.299E-03  7.036E-03  8.721E-07  5.481E+01  5.655E+00  6.283E+00
  7.036E-03  1.152E-02  2.131E-06  2.500E+01  5.655E+00  6.283E+00
  1.152E-02  1.885E-02  2.496E-06  1.700E+01  5.655E+00  6.283E+00
  1.885E-02  3.085E-02  3.448E-06  1.118E+01  5.655E+00  6.283E+00
  3.085E-02  5.050E-02  4.659E-06  7.646E+00  5.655E+00  6.283E+00
  5.050E-02  8.265E-02  4.356E-06  5.834E+00  5.655E+00  6.283E+00
  8.265E-02  1.353E-01  4.128E-06  6.679E+00  5.655E+00  6.283E+00
  1.353E-01  2.214E-01  2.587E-06  7.363E+00  5.655E+00  6.283E+00
  2.214E-01  3.624E-01  1.439E-06  5.949E+00  5.655E+00  6.283E+00
  3.624E-01  5.931E-01  4.000E-07  7.003E+00  5.655E+00  6.283E+00
  5.931E-01  9.708E-01  1.264E-08  2.860E+01  5.655E+00  6.283E+00
  9.708E-01  1.589E+00  1.287E-09  9.027E+01  5.655E+00  6.283E+00
  1.589E+00  2.601E+00  0.000E+00  0.000E+00  5.655E+00  6.283E+00
  2.601E+00  4.257E+00  0.000E+00  0.000E+00  5.655E+00  6.283E+00
  4.257E+00  6.967E+00  0.000E+00  0.000E+00  5.655E+00  6.283E+00
  6.967E+00  1.140E+01  0.000E+00  0.000E+00  5.655E+00  6.283E+00
  1.140E+01  1.866E+01  0.000E+00  0.000E+00  5.655E+00  6.283E+00
  1.866E+01  3.055E+01  0.000E+00  0.000E+00  5.655E+00  6.283E+00
  3.055E+01  5.000E+01  0.000E+00  0.000E+00  5.655E+00  6.283E+00
  5.000E+01  5.000E+01  0.000E+00  0.000E+00  5.655E+00  6.283E+00

  1.000E-09  1.000E-09  0.000E+00  0.000E+00  6.283E+00  6.283E+00
  1.637E-09  1.637E-09  0.000E+00  0.000E+00  6.283E+00  6.283E+00
  2.679E-09  2.679E-09  0.000E+00  0.000E+00  6.283E+00  6.283E+00
  4.385E-09  4.385E-09  0.000E+00  0.000E+00  6.283E+00  6.283E+00
  7.177E-09  7.177E-09  0.000E+00  0.000E+00  6.283E+00  6.283E+00
  1.175E-08  1.175E-08  0.000E+00  0.000E+00  6.283E+00  6.283E+00
  1.923E-08  1.923E-08  0.000E+00  0.000E+00  6.283E+00  6.283E+00
  3.147E-08  3.147E-08  0.000E+00  0.000E+00  6.283E+00  6.283E+00
  5.150E-08  5.150E-08  0.000E+00  0.000E+00  6.283E+00  6.283E+00
  8.430E-08  8.430E-08  0.000E+00  0.000E+00  6.283E+00  6.283E+00
  1.380E-07  1.380E-07  0.000E+00  0.000E+00  6.283E+00  6.283E+00
  2.258E-07  2.258E-07  0.000E+00  0.000E+00  6.283E+00  6.283E+00
  3.696E-07  3.696E-07  0.000E+00  0.000E+00  6.283E+00  6.283E+00
  6.050E-07  6.050E-07  0.000E+00  0.000E+00  6.283E+00  6.283E+00
  9.902E-07  9.902E-07  0.000E+00  0.000E+00  6.283E+00  6.283E+00
  1.621E-06  1.621E-06  0.000E+00  0.000E+00  6.283E+00  6.283E+00
  2.653E-06  2.653E-06  0.000E+00  0.000E+00  6.283E+00  6.283E+00
  4.342E-06  4.342E-06  0.000E+00  0.000E+00  6.283E+00  6.283E+00
  7.106E-06  7.106E-06  0.000E+00  0.000E+00  6.283E+00  6.283E+00
  1.163E-05  1.163E-05  0.000E+00  0.000E+00  6.283E+00  6.283E+00
  1.904E-05  1.904E-05  0.000E+00  0.000E+00  6.283E+00  6.283E+00
  3.116E-05  3.116E-05  0.000E+00  0.000E+00  6.283E+00  6.283E+00
  5.100E-05  5.100E-05  0.000E+00  0.000E+00  6.283E+00  6.283E+00
  8.347E-05  8.347E-05  0.000E+00  0.000E+00  6.283E+00  6.283E+00
  1.366E-04  1.366E-04  0.000E+00  0.000E+00  6.283E+00  6.283E+00
  2.236E-04  2.236E-04  0.000E+00  0.000E+00  6.283E+00  6.283E+00
  3.660E-04  3.660E-04  0.000E+00  0.000E+00  6.283E+00  6.283E+00
  5.990E-04  5.990E-04  0.000E+00  0.000E+00  6.283E+00  6.283E+00
  9.804E-04  9.804E-04  0.000E+00  0.000E+00  6.283E+00  6.283E+00
  1.605E-03  1.605E-03  0.000E+00  0.000E+00  6.283E+00  6.283E+00
  2.627E-03  2.627E-03  0.000E+00  0.000E+00  6.283E+00  6.283E+00
  4.299E-03  4.299E-03  0.000E+00  0.000E+00  6.283E+00  6.283E+00
  7.036E-03  7.036E-03  0.000E+00  0.000E+00  6.283E+00  6.283E+00
  1.152E-02  1.152E-02  0.000E+00  0.000E+00  6.283E+00  6.283E+00
  1.885E-02  1.885E-02  0.000E+00  0.000E+00  6.283E+00  6.283E+00
  3.085E-02  3.085E-02  0.000E+00  0.000E+00  6.283E+00  6.283E+00
  5.050E-02  5.050E-02  0.000E+00  0.000E+00  6.283E+00  6.283E+00
  8.265E-02  8.265E-02  0.000E+00  0.000E+00  6.283E+00  6.283E+00
  1.353E-01  1.353E-01  0.000E+00  0.000E+00  6.283E+00  6.283E+00
  2.214E-01  2.214E-01  0.000E+00  0.000E+00  6.283E+00  6.283E+00
  3.624E-01  3.624E-01  0.000E+00  0.000E+00  6.283E+00  6.283E+00
  5.931E-01  5.931E-01  0.000E+00  0.000E+00  6.283E+00  6.283E+00
  9.708E-01  9.708E-01  0.000E+00  0.000E+00  6.283E+00  6.283E+00
  1.589E+00  1.589E+00  0.000E+00  0.000E+00  6.283E+00  6.283E+00
  2.601E+00  2.601E+00  0.000E+00  0.000E+00  6.283E+00  6.283E+00
  4.257E+00  4.257E+00  0.000E+00  0.000E+00  6.283E+00  6.283E+00
  6.967E+00  6.967E+00  0.000E+00  0.000E+00  6.283E+00  6.283E+00
  1.140E+01  1.140E+01  0.000E+00  0.000E+00  6.283E+00  6.283E+00
  1.866E+01  1.866E+01  0.000E+00  0.000E+00  6.283E+00  6.283E+00
  3.055E+01  3.055E+01  0.000E+00  0.000E+00  6.283E+00  6.283E+00
  5.000E+01  5.000E+01  0.000E+00  0.000E+00  6.283E+00  6.283E+00
