2026-01-04 09:31:30,679 - INFO - Generated: be_target_ep1_step1.inp | T=8.0, W=14.0×14.0, NPS=200000, BEAMPOS=-20.0
2026-01-04 09:34:53,478 - INFO - FLUKA completed: be_target_ep1_step1.inp
2026-01-04 09:34:53,490 - INFO - Ep1 Step1: Reward=29.27 | Success=True
2026-01-04 09:34:53,490 - INFO - Saved best configuration to bestcong.inp | T=8.0, W=14.0×14.0, NPS=200000, BEAMPOS=-20.0
2026-01-04 09:34:53,491 - INFO - Generated: be_target_ep1_step2.inp | T=8.5, W=14.0×14.0, NPS=200000, BEAMPOS=-20.0
2026-01-04 09:38:23,681 - INFO - FLUKA completed: be_target_ep1_step2.inp
2026-01-04 09:38:23,697 - INFO - Ep1 Step2: Reward=31.12 | Success=True
2026-01-04 09:38:23,698 - INFO - Saved best configuration to bestcong.inp | T=8.5, W=14.0×14.0, NPS=200000, BEAMPOS=-20.0
2026-01-04 09:38:23,698 - INFO - Generated: be_target_ep1_step3.inp | T=8.5, W=14.0×13.0, NPS=200000, BEAMPOS=-20.0
2026-01-04 09:41:58,408 - INFO - FLUKA completed: be_target_ep1_step3.inp
2026-01-04 09:41:58,419 - INFO - Ep1 Step3: Reward=32.23 | Success=True
2026-01-04 09:41:58,419 - INFO - Saved best configuration to bestcong.inp | T=8.5, W=14.0×13.0, NPS=200000, BEAMPOS=-20.0
2026-01-04 09:41:58,419 - INFO - Generated: be_target_ep1_step4.inp | T=8.5, W=13.0×13.0, NPS=200000, BEAMPOS=-20.0
2026-01-04 09:45:40,947 - INFO - FLUKA completed: be_target_ep1_step4.inp
2026-01-04 09:45:40,957 - INFO - Ep1 Step4: Reward=23.80 | Success=True
2026-01-04 09:45:40,958 - INFO - Generated: be_target_ep1_step5.inp | T=8.5, W=14.0×13.0, NPS=200000, BEAMPOS=-20.0
2026-01-04 09:49:01,538 - INFO - FLUKA completed: be_target_ep1_step5.inp
2026-01-04 09:49:01,549 - INFO - Ep1 Step5: Reward=32.23 | Success=True
2026-01-04 09:49:01,549 - INFO - Generated: be_target_ep1_step6.inp | T=8.5, W=14.0×13.0, NPS=100000, BEAMPOS=-20.0
2026-01-04 09:50:47,819 - INFO - FLUKA completed: be_target_ep1_step6.inp
2026-01-04 09:50:47,830 - INFO - Ep1 Step6: Reward=31.38 | Success=True
2026-01-04 09:50:47,830 - INFO - Generated: be_target_ep1_step7.inp | T=9.0, W=14.0×13.0, NPS=100000, BEAMPOS=-20.0
2026-01-04 09:52:42,819 - INFO - FLUKA completed: be_target_ep1_step7.inp
2026-01-04 09:52:42,830 - INFO - Ep1 Step7: Reward=30.35 | Success=True
2026-01-04 09:52:42,830 - INFO - Generated: be_target_ep1_step8.inp | T=9.5, W=14.0×13.0, NPS=100000, BEAMPOS=-20.0
2026-01-04 09:54:47,934 - INFO - FLUKA completed: be_target_ep1_step8.inp
2026-01-04 09:54:47,945 - INFO - Ep1 Step8: Reward=23.58 | Success=True
2026-01-04 09:54:47,945 - INFO - Generated: be_target_ep1_step9.inp | T=9.0, W=14.0×13.0, NPS=100000, BEAMPOS=-20.0
2026-01-04 09:56:48,499 - INFO - FLUKA completed: be_target_ep1_step9.inp
2026-01-04 09:56:48,516 - INFO - Ep1 Step9: Reward=30.35 | Success=True
2026-01-04 09:56:48,516 - INFO - Generated: be_target_ep1_step10.inp | T=9.0, W=14.0×14.0, NPS=100000, BEAMPOS=-20.0
2026-01-04 09:58:43,535 - INFO - FLUKA completed: be_target_ep1_step10.inp
2026-01-04 09:58:43,555 - INFO - Ep1 Step10: Reward=22.22 | Success=True
2026-01-04 09:58:43,555 - INFO - Generated: be_target_ep2_step1.inp | T=4.0, W=15.0×17.0, NPS=200000, BEAMPOS=-10.0
2026-01-04 10:00:18,632 - INFO - FLUKA completed: be_target_ep2_step1.inp
2026-01-04 10:00:18,647 - INFO - Ep2 Step1: Reward=25.94 | Success=True
2026-01-04 10:00:18,647 - INFO - Generated: be_target_ep2_step2.inp | T=4.5, W=15.0×17.0, NPS=200000, BEAMPOS=-10.0
2026-01-04 10:02:06,411 - INFO - FLUKA completed: be_target_ep2_step2.inp
2026-01-04 10:02:06,426 - INFO - Ep2 Step2: Reward=24.97 | Success=True
2026-01-04 10:02:06,426 - INFO - Generated: be_target_ep2_step3.inp | T=4.5, W=15.0×16.0, NPS=200000, BEAMPOS=-10.0
2026-01-04 10:03:53,289 - INFO - FLUKA completed: be_target_ep2_step3.inp
2026-01-04 10:03:53,303 - INFO - Ep2 Step3: Reward=25.81 | Success=True
2026-01-04 10:03:53,303 - INFO - Generated: be_target_ep2_step4.inp | T=4.5, W=15.0×16.0, NPS=300000, BEAMPOS=-10.0
2026-01-04 10:06:24,197 - INFO - FLUKA completed: be_target_ep2_step4.inp
2026-01-04 10:06:24,211 - INFO - Ep2 Step4: Reward=23.51 | Success=True
2026-01-04 10:06:24,211 - INFO - Generated: be_target_ep2_step5.inp | T=4.5, W=14.0×16.0, NPS=300000, BEAMPOS=-10.0
2026-01-04 10:08:57,797 - INFO - FLUKA completed: be_target_ep2_step5.inp
2026-01-04 10:08:57,817 - INFO - Ep2 Step5: Reward=26.06 | Success=True
2026-01-04 10:08:57,817 - INFO - Generated: be_target_ep2_step6.inp | T=5.0, W=14.0×16.0, NPS=300000, BEAMPOS=-10.0
2026-01-04 10:11:40,606 - INFO - FLUKA completed: be_target_ep2_step6.inp
2026-01-04 10:11:40,620 - INFO - Ep2 Step6: Reward=22.65 | Success=True
2026-01-04 10:11:40,620 - INFO - Generated: be_target_ep2_step7.inp | T=5.0, W=14.0×17.0, NPS=300000, BEAMPOS=-10.0
2026-01-04 10:14:28,950 - INFO - FLUKA completed: be_target_ep2_step7.inp
2026-01-04 10:14:28,964 - INFO - Ep2 Step7: Reward=25.63 | Success=True
2026-01-04 10:14:28,964 - INFO - Generated: be_target_ep2_step8.inp | T=5.0, W=14.0×17.0, NPS=300000, BEAMPOS=-10.0
2026-01-04 10:17:13,175 - INFO - FLUKA completed: be_target_ep2_step8.inp
2026-01-04 10:17:13,189 - INFO - Ep2 Step8: Reward=25.63 | Success=True
2026-01-04 10:17:13,189 - INFO - Generated: be_target_ep2_step9.inp | T=4.5, W=14.0×17.0, NPS=300000, BEAMPOS=-10.0
2026-01-04 10:19:44,919 - INFO - FLUKA completed: be_target_ep2_step9.inp
2026-01-04 10:19:44,936 - INFO - Ep2 Step9: Reward=24.90 | Success=True
2026-01-04 10:19:44,936 - INFO - Generated: be_target_ep2_step10.inp | T=4.0, W=14.0×17.0, NPS=300000, BEAMPOS=-10.0
2026-01-04 10:21:58,636 - INFO - FLUKA completed: be_target_ep2_step10.inp
2026-01-04 10:21:58,650 - INFO - Ep2 Step10: Reward=25.74 | Success=True
2026-01-04 10:21:58,651 - INFO - Generated: be_target_ep3_step1.inp | T=7.5, W=8.0×16.0, NPS=400000, BEAMPOS=-35.0
2026-01-04 10:27:35,768 - INFO - FLUKA completed: be_target_ep3_step1.inp
2026-01-04 10:27:35,781 - INFO - Ep3 Step1: Reward=31.83 | Success=True
2026-01-04 10:27:35,781 - INFO - Generated: be_target_ep3_step2.inp | T=7.5, W=8.0×15.0, NPS=400000, BEAMPOS=-35.0
2026-01-04 10:33:07,396 - INFO - FLUKA completed: be_target_ep3_step2.inp
2026-01-04 10:33:07,412 - INFO - Ep3 Step2: Reward=32.31 | Success=True
2026-01-04 10:33:07,413 - INFO - Saved best configuration to bestcong.inp | T=7.5, W=8.0×15.0, NPS=400000, BEAMPOS=-35.0
2026-01-04 10:33:07,413 - INFO - Generated: be_target_ep3_step3.inp | T=7.0, W=8.0×15.0, NPS=400000, BEAMPOS=-35.0
2026-01-04 10:38:13,004 - INFO - FLUKA completed: be_target_ep3_step3.inp
2026-01-04 10:38:13,016 - INFO - Ep3 Step3: Reward=27.33 | Success=True
2026-01-04 10:38:13,016 - INFO - Generated: be_target_ep3_step4.inp | T=7.0, W=8.0×15.0, NPS=400000, BEAMPOS=-30.0
2026-01-04 10:43:18,503 - INFO - FLUKA completed: be_target_ep3_step4.inp
2026-01-04 10:43:18,517 - INFO - Ep3 Step4: Reward=27.33 | Success=True
2026-01-04 10:43:18,517 - INFO - Generated: be_target_ep3_step5.inp | T=7.0, W=9.0×15.0, NPS=400000, BEAMPOS=-30.0
2026-01-04 10:48:43,718 - INFO - FLUKA completed: be_target_ep3_step5.inp
2026-01-04 10:48:43,731 - INFO - Ep3 Step5: Reward=23.75 | Success=True
2026-01-04 10:48:43,731 - INFO - Generated: be_target_ep3_step6.inp | T=7.0, W=9.0×16.0, NPS=400000, BEAMPOS=-30.0
2026-01-04 10:54:08,793 - INFO - FLUKA completed: be_target_ep3_step6.inp
2026-01-04 10:54:08,807 - INFO - Ep3 Step6: Reward=33.52 | Success=True
2026-01-04 10:54:08,807 - INFO - Saved best configuration to bestcong.inp | T=7.0, W=9.0×16.0, NPS=400000, BEAMPOS=-30.0
2026-01-04 10:54:08,808 - INFO - Generated: be_target_ep3_step7.inp | T=7.0, W=9.0×17.0, NPS=400000, BEAMPOS=-30.0
2026-01-04 10:59:28,925 - INFO - FLUKA completed: be_target_ep3_step7.inp
2026-01-04 10:59:28,939 - INFO - Ep3 Step7: Reward=29.09 | Success=True
2026-01-04 10:59:28,940 - INFO - Generated: be_target_ep3_step8.inp | T=7.0, W=9.0×17.0, NPS=400000, BEAMPOS=-35.0
2026-01-04 11:05:02,087 - INFO - FLUKA completed: be_target_ep3_step8.inp
2026-01-04 11:05:04,199 - INFO - Ep3 Step8: Reward=29.09 | Success=True
2026-01-04 11:05:04,200 - INFO - Generated: be_target_ep3_step9.inp | T=7.5, W=9.0×17.0, NPS=400000, BEAMPOS=-35.0
2026-01-04 11:11:11,165 - INFO - FLUKA completed: be_target_ep3_step9.inp
2026-01-04 11:11:11,177 - INFO - Ep3 Step9: Reward=28.12 | Success=True
2026-01-04 11:11:11,177 - INFO - Generated: be_target_ep3_step10.inp | T=7.5, W=9.0×18.0, NPS=400000, BEAMPOS=-35.0
2026-01-04 11:16:24,545 - INFO - FLUKA completed: be_target_ep3_step10.inp
2026-01-04 11:16:24,558 - INFO - Ep3 Step10: Reward=30.14 | Success=True
2026-01-04 11:16:24,558 - INFO - Generated: be_target_ep4_step1.inp | T=2.0, W=9.0×12.0, NPS=500000, BEAMPOS=-50.0
2026-01-04 11:18:15,807 - INFO - FLUKA completed: be_target_ep4_step1.inp
2026-01-04 11:18:15,821 - INFO - Ep4 Step1: Reward=17.29 | Success=True
2026-01-04 11:18:15,821 - INFO - Generated: be_target_ep4_step2.inp | T=2.0, W=9.0×12.0, NPS=500000, BEAMPOS=-50.0
2026-01-04 11:20:08,933 - INFO - FLUKA completed: be_target_ep4_step2.inp
2026-01-04 11:20:08,947 - INFO - Ep4 Step2: Reward=17.29 | Success=True
2026-01-04 11:20:08,947 - INFO - Generated: be_target_ep4_step3.inp | T=2.0, W=9.0×12.0, NPS=500000, BEAMPOS=-50.0
2026-01-04 11:22:01,885 - INFO - FLUKA completed: be_target_ep4_step3.inp
2026-01-04 11:22:01,900 - INFO - Ep4 Step3: Reward=17.29 | Success=True
2026-01-04 11:22:01,900 - INFO - Generated: be_target_ep4_step4.inp | T=2.0, W=9.0×12.0, NPS=400000, BEAMPOS=-50.0
2026-01-04 11:23:34,681 - INFO - FLUKA completed: be_target_ep4_step4.inp
2026-01-04 11:23:34,699 - INFO - Ep4 Step4: Reward=19.08 | Success=True
2026-01-04 11:23:34,699 - INFO - Generated: be_target_ep4_step5.inp | T=2.0, W=8.0×12.0, NPS=400000, BEAMPOS=-50.0
2026-01-04 11:25:08,977 - INFO - FLUKA completed: be_target_ep4_step5.inp
2026-01-04 11:25:08,991 - INFO - Ep4 Step5: Reward=19.94 | Success=True
2026-01-04 11:25:08,991 - INFO - Generated: be_target_ep4_step6.inp | T=2.0, W=8.0×13.0, NPS=400000, BEAMPOS=-50.0
2026-01-04 11:26:41,261 - INFO - FLUKA completed: be_target_ep4_step6.inp
2026-01-04 11:26:41,275 - INFO - Ep4 Step6: Reward=15.54 | Success=True
2026-01-04 11:26:41,275 - INFO - Generated: be_target_ep4_step7.inp | T=2.0, W=8.0×13.0, NPS=400000, BEAMPOS=-50.0
2026-01-04 11:28:15,401 - INFO - FLUKA completed: be_target_ep4_step7.inp
2026-01-04 11:28:15,414 - INFO - Ep4 Step7: Reward=15.54 | Success=True
2026-01-04 11:28:15,414 - INFO - Generated: be_target_ep4_step8.inp | T=2.0, W=8.0×12.0, NPS=400000, BEAMPOS=-50.0
2026-01-04 11:29:48,596 - INFO - FLUKA completed: be_target_ep4_step8.inp
2026-01-04 11:29:48,608 - INFO - Ep4 Step8: Reward=19.94 | Success=True
2026-01-04 11:29:48,609 - INFO - Generated: be_target_ep4_step9.inp | T=2.0, W=8.0×12.0, NPS=400000, BEAMPOS=-45.0
2026-01-04 11:31:21,689 - INFO - FLUKA completed: be_target_ep4_step9.inp
2026-01-04 11:31:21,704 - INFO - Ep4 Step9: Reward=19.94 | Success=True
2026-01-04 11:31:21,704 - INFO - Generated: be_target_ep4_step10.inp | T=2.0, W=8.0×13.0, NPS=400000, BEAMPOS=-45.0
2026-01-04 11:32:55,447 - INFO - FLUKA completed: be_target_ep4_step10.inp
2026-01-04 11:32:55,462 - INFO - Ep4 Step10: Reward=15.40 | Success=True
2026-01-04 11:32:55,463 - INFO - Generated: be_target_ep5_step1.inp | T=6.0, W=20.0×8.0, NPS=1000000, BEAMPOS=-15.0
2026-01-04 11:32:55,855 - ERROR - FLUKA run failed: Command '['rfluka', '-M', '5', 'be_target_ep5_step1.inp']' returned non-zero exit status 12.
2026-01-04 11:32:55,855 - INFO - Generated: be_target_ep5_step2.inp | T=5.5, W=20.0×8.0, NPS=1000000, BEAMPOS=-15.0
2026-01-04 11:32:56,255 - ERROR - FLUKA run failed: Command '['rfluka', '-M', '5', 'be_target_ep5_step2.inp']' returned non-zero exit status 12.
2026-01-04 11:32:56,255 - INFO - Generated: be_target_ep5_step3.inp | T=5.5, W=20.0×9.0, NPS=1000000, BEAMPOS=-15.0
2026-01-04 11:32:56,638 - ERROR - FLUKA run failed: Command '['rfluka', '-M', '5', 'be_target_ep5_step3.inp']' returned non-zero exit status 12.
2026-01-04 11:32:56,639 - INFO - Generated: be_target_ep5_step4.inp | T=6.0, W=20.0×9.0, NPS=1000000, BEAMPOS=-15.0
2026-01-04 11:32:57,034 - ERROR - FLUKA run failed: Command '['rfluka', '-M', '5', 'be_target_ep5_step4.inp']' returned non-zero exit status 12.
2026-01-04 11:32:57,034 - INFO - Generated: be_target_ep5_step5.inp | T=6.0, W=20.0×9.0, NPS=1000000, BEAMPOS=-15.0
2026-01-04 11:32:57,439 - ERROR - FLUKA run failed: Command '['rfluka', '-M', '5', 'be_target_ep5_step5.inp']' returned non-zero exit status 12.
2026-01-04 11:32:57,439 - INFO - Generated: be_target_ep5_step6.inp | T=6.0, W=19.0×9.0, NPS=1000000, BEAMPOS=-15.0
2026-01-04 11:32:57,848 - ERROR - FLUKA run failed: Command '['rfluka', '-M', '5', 'be_target_ep5_step6.inp']' returned non-zero exit status 12.
2026-01-04 11:32:57,848 - INFO - Generated: be_target_ep5_step7.inp | T=6.0, W=19.0×9.0, NPS=1000000, BEAMPOS=-10.0
2026-01-04 11:32:58,246 - ERROR - FLUKA run failed: Command '['rfluka', '-M', '5', 'be_target_ep5_step7.inp']' returned non-zero exit status 12.
2026-01-04 11:32:58,247 - INFO - Generated: be_target_ep5_step8.inp | T=5.5, W=19.0×9.0, NPS=1000000, BEAMPOS=-10.0
2026-01-04 11:32:58,656 - ERROR - FLUKA run failed: Command '['rfluka', '-M', '5', 'be_target_ep5_step8.inp']' returned non-zero exit status 12.
2026-01-04 11:33:21,462 - INFO - Generated: be_target_ep5_step9.inp | T=5.5, W=18.0×9.0, NPS=1000000, BEAMPOS=-10.0
2026-01-04 11:33:21,849 - ERROR - FLUKA run failed: Command '['rfluka', '-M', '5', 'be_target_ep5_step9.inp']' returned non-zero exit status 12.
2026-01-04 11:33:21,849 - INFO - Generated: be_target_ep5_step10.inp | T=5.5, W=19.0×9.0, NPS=1000000, BEAMPOS=-10.0
2026-01-04 11:33:22,223 - ERROR - FLUKA run failed: Command '['rfluka', '-M', '5', 'be_target_ep5_step10.inp']' returned non-zero exit status 12.
2026-01-04 11:33:22,224 - INFO - Generated: be_target_ep6_step1.inp | T=4.0, W=8.0×16.0, NPS=500000, BEAMPOS=-35.0
2026-01-04 11:36:46,868 - INFO - FLUKA completed: be_target_ep6_step1.inp
2026-01-04 11:36:46,883 - INFO - Ep6 Step1: Reward=17.65 | Success=True
2026-01-04 11:36:46,883 - INFO - Generated: be_target_ep6_step2.inp | T=4.0, W=7.0×16.0, NPS=500000, BEAMPOS=-35.0
2026-01-04 11:40:10,697 - INFO - FLUKA completed: be_target_ep6_step2.inp
2026-01-04 11:40:10,710 - INFO - Ep6 Step2: Reward=24.21 | Success=True
2026-01-04 11:40:10,710 - INFO - Generated: be_target_ep6_step3.inp | T=4.5, W=7.0×16.0, NPS=500000, BEAMPOS=-35.0
2026-01-04 11:44:03,007 - INFO - FLUKA completed: be_target_ep6_step3.inp
2026-01-04 11:44:03,021 - INFO - Ep6 Step3: Reward=26.99 | Success=True
2026-01-04 11:44:03,021 - INFO - Generated: be_target_ep6_step4.inp | T=4.5, W=7.0×16.0, NPS=500000, BEAMPOS=-40.0
2026-01-04 11:47:56,209 - INFO - FLUKA completed: be_target_ep6_step4.inp
2026-01-04 11:47:56,223 - INFO - Ep6 Step4: Reward=26.99 | Success=True
2026-01-04 11:47:56,223 - INFO - Generated: be_target_ep6_step5.inp | T=4.5, W=6.0×16.0, NPS=500000, BEAMPOS=-40.0
2026-01-04 11:51:49,855 - INFO - FLUKA completed: be_target_ep6_step5.inp
2026-01-04 11:51:49,870 - INFO - Ep6 Step5: Reward=29.53 | Success=True
2026-01-04 11:51:49,870 - INFO - Generated: be_target_ep6_step6.inp | T=4.5, W=6.0×16.0, NPS=500000, BEAMPOS=-45.0
2026-01-04 11:55:43,177 - INFO - FLUKA completed: be_target_ep6_step6.inp
2026-01-04 11:55:43,193 - INFO - Ep6 Step6: Reward=29.53 | Success=True
2026-01-04 11:55:43,193 - INFO - Generated: be_target_ep6_step7.inp | T=4.5, W=6.0×16.0, NPS=600000, BEAMPOS=-45.0
2026-01-04 12:00:18,778 - INFO - FLUKA completed: be_target_ep6_step7.inp
2026-01-04 12:00:18,792 - INFO - Ep6 Step7: Reward=28.68 | Success=True
2026-01-04 12:00:18,793 - INFO - Generated: be_target_ep6_step8.inp | T=4.5, W=6.0×16.0, NPS=700000, BEAMPOS=-45.0
2026-01-04 12:05:28,256 - INFO - FLUKA completed: be_target_ep6_step8.inp
2026-01-04 12:05:28,270 - INFO - Ep6 Step8: Reward=26.30 | Success=True
2026-01-04 12:05:28,270 - INFO - Generated: be_target_ep6_step9.inp | T=5.0, W=6.0×16.0, NPS=700000, BEAMPOS=-45.0
2026-01-04 12:11:12,522 - INFO - FLUKA completed: be_target_ep6_step9.inp
2026-01-04 12:11:12,536 - INFO - Ep6 Step9: Reward=28.80 | Success=True
2026-01-04 12:11:12,536 - INFO - Generated: be_target_ep6_step10.inp | T=5.0, W=6.0×17.0, NPS=700000, BEAMPOS=-45.0
2026-01-04 12:16:59,484 - INFO - FLUKA completed: be_target_ep6_step10.inp
2026-01-04 12:16:59,499 - INFO - Ep6 Step10: Reward=-3.04 | Success=True
2026-01-04 12:16:59,499 - INFO - Generated: be_target_ep7_step1.inp | T=9.5, W=6.0×13.0, NPS=600000, BEAMPOS=-35.0
2026-01-04 12:26:58,558 - INFO - FLUKA completed: be_target_ep7_step1.inp
2026-01-04 12:26:58,738 - INFO - Ep7 Step1: Reward=29.25 | Success=True
2026-01-04 12:26:58,738 - INFO - Generated: be_target_ep7_step2.inp | T=9.5, W=6.0×12.0, NPS=600000, BEAMPOS=-35.0
2026-01-04 12:36:49,067 - INFO - FLUKA completed: be_target_ep7_step2.inp
2026-01-04 12:36:49,082 - INFO - Ep7 Step2: Reward=42.80 | Success=True
2026-01-04 12:36:49,082 - INFO - Saved best configuration to bestcong.inp | T=9.5, W=6.0×12.0, NPS=600000, BEAMPOS=-35.0
2026-01-04 12:36:49,083 - INFO - Generated: be_target_ep7_step3.inp | T=9.5, W=6.0×12.0, NPS=600000, BEAMPOS=-40.0
2026-01-04 12:46:42,955 - INFO - FLUKA completed: be_target_ep7_step3.inp
2026-01-04 12:46:42,969 - INFO - Ep7 Step3: Reward=42.80 | Success=True
2026-01-04 12:46:42,970 - INFO - Generated: be_target_ep7_step4.inp | T=9.5, W=6.0×13.0, NPS=600000, BEAMPOS=-40.0
2026-01-04 12:56:43,071 - ERROR - FLUKA run failed: Command '['rfluka', '-M', '5', 'be_target_ep7_step4.inp']' timed out after 600 seconds
2026-01-04 12:56:52,629 - INFO - Generated: be_target_ep7_step5.inp | T=9.5, W=6.0×13.0, NPS=600000, BEAMPOS=-35.0
2026-01-04 13:06:52,711 - ERROR - FLUKA run failed: Command '['rfluka', '-M', '5', 'be_target_ep7_step5.inp']' timed out after 600 seconds
2026-01-04 13:07:03,949 - INFO - Generated: be_target_ep7_step6.inp | T=9.5, W=6.0×12.0, NPS=600000, BEAMPOS=-35.0
2026-01-04 13:17:04,022 - ERROR - FLUKA run failed: Command '['rfluka', '-M', '5', 'be_target_ep7_step6.inp']' timed out after 600 seconds
2026-01-04 13:17:13,898 - INFO - Generated: be_target_ep7_step7.inp | T=9.5, W=6.0×12.0, NPS=700000, BEAMPOS=-35.0
2026-01-04 13:27:13,978 - ERROR - FLUKA run failed: Command '['rfluka', '-M', '5', 'be_target_ep7_step7.inp']' timed out after 600 seconds
2026-01-04 13:27:23,451 - INFO - Generated: be_target_ep7_step8.inp | T=9.5, W=6.0×13.0, NPS=700000, BEAMPOS=-35.0
2026-01-04 13:37:23,553 - ERROR - FLUKA run failed: Command '['rfluka', '-M', '5', 'be_target_ep7_step8.inp']' timed out after 600 seconds
2026-01-04 13:37:32,484 - INFO - Generated: be_target_ep7_step9.inp | T=9.5, W=7.0×13.0, NPS=700000, BEAMPOS=-35.0
2026-01-04 13:47:32,586 - ERROR - FLUKA run failed: Command '['rfluka', '-M', '5', 'be_target_ep7_step9.inp']' timed out after 600 seconds
2026-01-04 13:47:41,976 - INFO - Generated: be_target_ep7_step10.inp | T=9.5, W=7.0×12.0, NPS=700000, BEAMPOS=-35.0
2026-01-04 13:57:41,980 - ERROR - FLUKA run failed: Command '['rfluka', '-M', '5', 'be_target_ep7_step10.inp']' timed out after 600 seconds
2026-01-04 13:57:52,267 - INFO - Generated: be_target_ep8_step1.inp | T=6.0, W=12.0×15.0, NPS=1000000, BEAMPOS=-20.0
2026-01-04 13:57:52,718 - ERROR - FLUKA run failed: Command '['rfluka', '-M', '5', 'be_target_ep8_step1.inp']' returned non-zero exit status 12.
2026-01-04 13:58:02,017 - INFO - Generated: be_target_ep8_step2.inp | T=6.0, W=12.0×15.0, NPS=900000, BEAMPOS=-20.0
2026-01-04 14:07:49,081 - INFO - FLUKA completed: be_target_ep8_step2.inp
2026-01-04 14:07:49,097 - INFO - Ep8 Step2: Reward=30.98 | Success=True
2026-01-04 14:07:56,885 - INFO - Generated: be_target_ep8_step3.inp | T=6.0, W=12.0×15.0, NPS=1000000, BEAMPOS=-20.0
2026-01-04 14:07:57,286 - ERROR - FLUKA run failed: Command '['rfluka', '-M', '5', 'be_target_ep8_step3.inp']' returned non-zero exit status 12.
2026-01-04 14:08:05,290 - INFO - Generated: be_target_ep8_step4.inp | T=5.5, W=12.0×15.0, NPS=1000000, BEAMPOS=-20.0
2026-01-04 14:08:05,678 - ERROR - FLUKA run failed: Command '['rfluka', '-M', '5', 'be_target_ep8_step4.inp']' returned non-zero exit status 12.
2026-01-04 14:08:13,409 - INFO - Generated: be_target_ep8_step5.inp | T=5.5, W=12.0×15.0, NPS=900000, BEAMPOS=-20.0
2026-01-04 14:17:04,045 - INFO - FLUKA completed: be_target_ep8_step5.inp
2026-01-04 14:17:04,062 - INFO - Ep8 Step5: Reward=29.09 | Success=True
2026-01-04 14:17:14,143 - INFO - Generated: be_target_ep8_step6.inp | T=5.5, W=13.0×15.0, NPS=900000, BEAMPOS=-20.0
2026-01-04 14:26:50,498 - INFO - FLUKA completed: be_target_ep8_step6.inp
2026-01-04 14:26:50,516 - INFO - Ep8 Step6: Reward=28.20 | Success=True
2026-01-04 14:27:00,076 - INFO - Generated: be_target_ep8_step7.inp | T=5.5, W=13.0×15.0, NPS=900000, BEAMPOS=-15.0
2026-01-04 14:36:24,722 - INFO - FLUKA completed: be_target_ep8_step7.inp
2026-01-04 14:36:24,743 - INFO - Ep8 Step7: Reward=28.20 | Success=True
2026-01-04 14:36:35,310 - INFO - Generated: be_target_ep8_step8.inp | T=5.5, W=14.0×15.0, NPS=900000, BEAMPOS=-15.0
2026-01-04 14:46:18,115 - INFO - FLUKA completed: be_target_ep8_step8.inp
2026-01-04 14:46:18,133 - INFO - Ep8 Step8: Reward=25.10 | Success=True
2026-01-04 14:46:26,892 - INFO - Generated: be_target_ep8_step9.inp | T=5.5, W=14.0×15.0, NPS=1000000, BEAMPOS=-15.0
2026-01-04 14:46:27,316 - ERROR - FLUKA run failed: Command '['rfluka', '-M', '5', 'be_target_ep8_step9.inp']' returned non-zero exit status 12.
2026-01-04 14:46:36,711 - INFO - Generated: be_target_ep8_step10.inp | T=5.5, W=15.0×15.0, NPS=1000000, BEAMPOS=-15.0
2026-01-04 14:46:37,141 - ERROR - FLUKA run failed: Command '['rfluka', '-M', '5', 'be_target_ep8_step10.inp']' returned non-zero exit status 12.
2026-01-04 14:46:46,324 - INFO - Generated: be_target_ep9_step1.inp | T=6.0, W=20.0×13.0, NPS=300000, BEAMPOS=-45.0
2026-01-04 14:50:20,925 - INFO - FLUKA completed: be_target_ep9_step1.inp
2026-01-04 14:50:20,941 - INFO - Ep9 Step1: Reward=26.68 | Success=True
2026-01-04 14:50:29,607 - INFO - Generated: be_target_ep9_step2.inp | T=6.0, W=20.0×13.0, NPS=300000, BEAMPOS=-50.0
2026-01-04 14:54:00,646 - INFO - FLUKA completed: be_target_ep9_step2.inp
2026-01-04 14:54:00,663 - INFO - Ep9 Step2: Reward=26.68 | Success=True
2026-01-04 14:54:09,477 - INFO - Generated: be_target_ep9_step3.inp | T=6.0, W=20.0×13.0, NPS=200000, BEAMPOS=-50.0
2026-01-04 14:56:35,792 - INFO - FLUKA completed: be_target_ep9_step3.inp
2026-01-04 14:56:35,811 - INFO - Ep9 Step3: Reward=20.43 | Success=True
2026-01-04 14:56:44,787 - INFO - Generated: be_target_ep9_step4.inp | T=6.0, W=20.0×13.0, NPS=100000, BEAMPOS=-50.0
2026-01-04 14:58:04,339 - INFO - FLUKA completed: be_target_ep9_step4.inp
2026-01-04 14:58:04,358 - INFO - Ep9 Step4: Reward=23.10 | Success=True
2026-01-04 14:58:13,671 - INFO - Generated: be_target_ep9_step5.inp | T=6.0, W=20.0×13.0, NPS=200000, BEAMPOS=-50.0
2026-01-04 15:00:37,411 - INFO - FLUKA completed: be_target_ep9_step5.inp
2026-01-04 15:00:37,429 - INFO - Ep9 Step5: Reward=20.43 | Success=True
2026-01-04 15:00:46,549 - INFO - Generated: be_target_ep9_step6.inp | T=5.5, W=20.0×13.0, NPS=200000, BEAMPOS=-50.0
2026-01-04 15:02:59,597 - INFO - FLUKA completed: be_target_ep9_step6.inp
2026-01-04 15:02:59,615 - INFO - Ep9 Step6: Reward=22.56 | Success=True
2026-01-04 15:03:08,469 - INFO - Generated: be_target_ep9_step7.inp | T=6.0, W=20.0×13.0, NPS=200000, BEAMPOS=-50.0
2026-01-04 15:05:33,383 - INFO - FLUKA completed: be_target_ep9_step7.inp
2026-01-04 15:05:33,402 - INFO - Ep9 Step7: Reward=20.43 | Success=True
2026-01-04 15:05:42,591 - INFO - Generated: be_target_ep9_step8.inp | T=6.0, W=20.0×13.0, NPS=300000, BEAMPOS=-50.0
2026-01-04 15:09:12,726 - INFO - FLUKA completed: be_target_ep9_step8.inp
2026-01-04 15:09:12,745 - INFO - Ep9 Step8: Reward=26.68 | Success=True
2026-01-04 15:09:22,779 - INFO - Generated: be_target_ep9_step9.inp | T=6.0, W=20.0×13.0, NPS=200000, BEAMPOS=-50.0
2026-01-04 15:11:46,075 - INFO - FLUKA completed: be_target_ep9_step9.inp
2026-01-04 15:11:46,093 - INFO - Ep9 Step9: Reward=20.43 | Success=True
2026-01-04 15:11:55,466 - INFO - Generated: be_target_ep9_step10.inp | T=6.0, W=20.0×12.0, NPS=200000, BEAMPOS=-50.0
2026-01-04 15:14:18,111 - INFO - FLUKA completed: be_target_ep9_step10.inp
2026-01-04 15:14:18,130 - INFO - Ep9 Step10: Reward=29.84 | Success=True
2026-01-04 15:14:27,767 - INFO - Generated: be_target_ep10_step1.inp | T=7.0, W=13.0×6.0, NPS=400000, BEAMPOS=-10.0
2026-01-04 15:19:35,943 - INFO - FLUKA completed: be_target_ep10_step1.inp
2026-01-04 15:19:35,961 - INFO - Ep10 Step1: Reward=26.63 | Success=True
2026-01-04 15:19:44,744 - INFO - Generated: be_target_ep10_step2.inp | T=7.0, W=13.0×6.0, NPS=400000, BEAMPOS=-15.0
2026-01-04 15:24:56,086 - INFO - FLUKA completed: be_target_ep10_step2.inp
2026-01-04 15:24:56,105 - INFO - Ep10 Step2: Reward=26.63 | Success=True
2026-01-04 15:25:05,038 - INFO - Generated: be_target_ep10_step3.inp | T=7.0, W=13.0×5.0, NPS=400000, BEAMPOS=-15.0
2026-01-04 15:30:12,884 - INFO - FLUKA completed: be_target_ep10_step3.inp
2026-01-04 15:30:12,903 - INFO - Ep10 Step3: Reward=24.83 | Success=True
2026-01-04 15:30:22,057 - INFO - Generated: be_target_ep10_step4.inp | T=7.0, W=13.0×5.0, NPS=400000, BEAMPOS=-15.0
2026-01-04 15:35:32,118 - INFO - FLUKA completed: be_target_ep10_step4.inp
2026-01-04 15:35:32,137 - INFO - Ep10 Step4: Reward=24.83 | Success=True
2026-01-04 15:35:40,977 - INFO - Generated: be_target_ep10_step5.inp | T=7.0, W=12.0×5.0, NPS=400000, BEAMPOS=-15.0
2026-01-04 15:40:48,234 - INFO - FLUKA completed: be_target_ep10_step5.inp
2026-01-04 15:40:48,253 - INFO - Ep10 Step5: Reward=24.42 | Success=True
2026-01-04 15:40:57,050 - INFO - Generated: be_target_ep10_step6.inp | T=7.0, W=12.0×5.0, NPS=400000, BEAMPOS=-10.0
2026-01-04 15:46:02,398 - INFO - FLUKA completed: be_target_ep10_step6.inp
2026-01-04 15:46:02,416 - INFO - Ep10 Step6: Reward=24.42 | Success=True
2026-01-04 15:46:11,312 - INFO - Generated: be_target_ep10_step7.inp | T=7.0, W=12.0×6.0, NPS=400000, BEAMPOS=-10.0
2026-01-04 15:51:22,045 - INFO - FLUKA completed: be_target_ep10_step7.inp
2026-01-04 15:51:22,065 - INFO - Ep10 Step7: Reward=27.93 | Success=True
2026-01-04 15:51:31,144 - INFO - Generated: be_target_ep10_step8.inp | T=7.0, W=12.0×6.0, NPS=500000, BEAMPOS=-10.0
2026-01-04 15:57:57,953 - INFO - FLUKA completed: be_target_ep10_step8.inp
2026-01-04 15:57:57,971 - INFO - Ep10 Step8: Reward=27.05 | Success=True
2026-01-04 15:58:07,247 - INFO - Generated: be_target_ep10_step9.inp | T=7.0, W=12.0×6.0, NPS=600000, BEAMPOS=-10.0
2026-01-04 16:05:42,575 - INFO - FLUKA completed: be_target_ep10_step9.inp
2026-01-04 16:05:42,594 - INFO - Ep10 Step9: Reward=34.61 | Success=True
2026-01-04 16:05:51,570 - INFO - Generated: be_target_ep10_step10.inp | T=7.0, W=12.0×6.0, NPS=600000, BEAMPOS=-15.0
2026-01-04 16:13:26,908 - INFO - FLUKA completed: be_target_ep10_step10.inp
2026-01-04 16:13:26,930 - INFO - Ep10 Step10: Reward=32.77 | Success=True
