 # Detector n:            1   piFluenUD (integrated over solid angle)
 # N. of energy intervals          50
  1.000E-09  1.637E-09  0.000E+00  0.000E+00
  1.637E-09  2.679E-09  0.000E+00  0.000E+00
  2.679E-09  4.385E-09  0.000E+00  0.000E+00
  4.385E-09  7.177E-09  0.000E+00  0.000E+00
  7.177E-09  1.175E-08  0.000E+00  0.000E+00
  1.175E-08  1.923E-08  0.000E+00  0.000E+00
  1.923E-08  3.147E-08  0.000E+00  0.000E+00
  3.147E-08  5.150E-08  0.000E+00  0.000E+00
  5.150E-08  8.430E-08  0.000E+00  0.000E+00
  8.430E-08  1.380E-07  0.000E+00  0.000E+00
  1.380E-07  2.258E-07  0.000E+00  0.000E+00
  2.258E-07  3.696E-07  0.000E+00  0.000E+00
  3.696E-07  6.050E-07  0.000E+00  0.000E+00
  6.050E-07  9.902E-07  0.000E+00  0.000E+00
  9.902E-07  1.621E-06  0.000E+00  0.000E+00
  1.621E-06  2.653E-06  0.000E+00  0.000E+00
  2.653E-06  4.342E-06  0.000E+00  0.000E+00
  4.342E-06  7.106E-06  0.000E+00  0.000E+00
  7.106E-06  1.163E-05  0.000E+00  0.000E+00
  1.163E-05  1.904E-05  0.000E+00  0.000E+00
  1.904E-05  3.116E-05  0.000E+00  0.000E+00
  3.116E-05  5.100E-05  0.000E+00  0.000E+00
  5.100E-05  8.347E-05  3.484E-04  9.900E+01
  8.347E-05  1.366E-04  5.044E-05  9.900E+01
  1.366E-04  2.236E-04  1.973E-04  7.854E+01
  2.236E-04  3.660E-04  2.623E-04  4.879E+01
  3.660E-04  5.990E-04  4.426E-04  2.330E+01
  5.990E-04  9.804E-04  2.064E-04  2.189E+01
  9.804E-04  1.605E-03  1.694E-04  3.851E+01
  1.605E-03  2.627E-03  1.975E-04  2.114E+01
  2.627E-03  4.299E-03  1.539E-04  1.272E+01
  4.299E-03  7.036E-03  2.473E-04  1.335E+01
  7.036E-03  1.152E-02  2.528E-04  5.236E+00
  1.152E-02  1.885E-02  4.480E-04  7.799E+00
  1.885E-02  3.085E-02  7.074E-04  3.025E+00
  3.085E-02  5.050E-02  8.992E-04  1.880E+00
  5.050E-02  8.265E-02  1.098E-03  1.656E+00
  8.265E-02  1.353E-01  1.043E-03  7.591E-01
  1.353E-01  2.214E-01  9.946E-04  7.363E-01
  2.214E-01  3.624E-01  9.247E-04  2.551E-01
  3.624E-01  5.931E-01  6.839E-04  5.347E-01
  5.931E-01  9.708E-01  4.110E-04  4.133E-01
  9.708E-01  1.589E+00  2.454E-04  2.666E-01
  1.589E+00  2.601E+00  1.416E-04  5.400E-01
  2.601E+00  4.257E+00  7.538E-05  2.370E-01
  4.257E+00  6.967E+00  3.626E-05  5.301E-01
  6.967E+00  1.140E+01  1.464E-05  4.171E-01
  1.140E+01  1.866E+01  4.486E-06  7.309E-01
  1.866E+01  3.055E+01  8.815E-07  1.028E+00
  3.055E+01  5.000E+01  4.769E-08  3.845E+00


 # double differential distributions
 # number of solid angle intervals          10
 # Block n:            1     0.00000000      :  0.628318548    
  1.000E-09  1.637E-09  0.000E+00  0.000E+00  0.000E+00  6.283E-01
  1.637E-09  2.679E-09  0.000E+00  0.000E+00  0.000E+00  6.283E-01
  2.679E-09  4.385E-09  0.000E+00  0.000E+00  0.000E+00  6.283E-01
  4.385E-09  7.177E-09  0.000E+00  0.000E+00  0.000E+00  6.283E-01
  7.177E-09  1.175E-08  0.000E+00  0.000E+00  0.000E+00  6.283E-01
  1.175E-08  1.923E-08  0.000E+00  0.000E+00  0.000E+00  6.283E-01
  1.923E-08  3.147E-08  0.000E+00  0.000E+00  0.000E+00  6.283E-01
  3.147E-08  5.150E-08  0.000E+00  0.000E+00  0.000E+00  6.283E-01
  5.150E-08  8.430E-08  0.000E+00  0.000E+00  0.000E+00  6.283E-01
  8.430E-08  1.380E-07  0.000E+00  0.000E+00  0.000E+00  6.283E-01
  1.380E-07  2.258E-07  0.000E+00  0.000E+00  0.000E+00  6.283E-01
  2.258E-07  3.696E-07  0.000E+00  0.000E+00  0.000E+00  6.283E-01
  3.696E-07  6.050E-07  0.000E+00  0.000E+00  0.000E+00  6.283E-01
  6.050E-07  9.902E-07  0.000E+00  0.000E+00  0.000E+00  6.283E-01
  9.902E-07  1.621E-06  0.000E+00  0.000E+00  0.000E+00  6.283E-01
  1.621E-06  2.653E-06  0.000E+00  0.000E+00  0.000E+00  6.283E-01
  2.653E-06  4.342E-06  0.000E+00  0.000E+00  0.000E+00  6.283E-01
  4.342E-06  7.106E-06  0.000E+00  0.000E+00  0.000E+00  6.283E-01
  7.106E-06  1.163E-05  0.000E+00  0.000E+00  0.000E+00  6.283E-01
  1.163E-05  1.904E-05  0.000E+00  0.000E+00  0.000E+00  6.283E-01
  1.904E-05  3.116E-05  0.000E+00  0.000E+00  0.000E+00  6.283E-01
  3.116E-05  5.100E-05  0.000E+00  0.000E+00  0.000E+00  6.283E-01
  5.100E-05  8.347E-05  0.000E+00  0.000E+00  0.000E+00  6.283E-01
  8.347E-05  1.366E-04  8.027E-05  9.900E+01  0.000E+00  6.283E-01
  1.366E-04  2.236E-04  0.000E+00  0.000E+00  0.000E+00  6.283E-01
  2.236E-04  3.660E-04  3.013E-05  9.900E+01  0.000E+00  6.283E-01
  3.660E-04  5.990E-04  0.000E+00  0.000E+00  0.000E+00  6.283E-01
  5.990E-04  9.804E-04  5.591E-05  3.216E+01  0.000E+00  6.283E-01
  9.804E-04  1.605E-03  1.316E-05  6.124E+01  0.000E+00  6.283E-01
  1.605E-03  2.627E-03  2.799E-05  4.799E+01  0.000E+00  6.283E-01
  2.627E-03  4.299E-03  1.501E-05  1.658E+01  0.000E+00  6.283E-01
  4.299E-03  7.036E-03  2.281E-05  5.593E+01  0.000E+00  6.283E-01
  7.036E-03  1.152E-02  2.632E-05  1.055E+01  0.000E+00  6.283E-01
  1.152E-02  1.885E-02  4.781E-05  1.210E+01  0.000E+00  6.283E-01
  1.885E-02  3.085E-02  8.460E-05  1.065E+01  0.000E+00  6.283E-01
  3.085E-02  5.050E-02  1.058E-04  2.884E+00  0.000E+00  6.283E-01
  5.050E-02  8.265E-02  1.376E-04  2.002E+00  0.000E+00  6.283E-01
  8.265E-02  1.353E-01  1.664E-04  2.620E+00  0.000E+00  6.283E-01
  1.353E-01  2.214E-01  2.405E-04  8.506E-01  0.000E+00  6.283E-01
  2.214E-01  3.624E-01  3.474E-04  1.327E+00  0.000E+00  6.283E-01
  3.624E-01  5.931E-01  4.283E-04  4.033E-01  0.000E+00  6.283E-01
  5.931E-01  9.708E-01  4.216E-04  8.159E-01  0.000E+00  6.283E-01
  9.708E-01  1.589E+00  3.402E-04  2.659E-01  0.000E+00  6.283E-01
  1.589E+00  2.601E+00  2.201E-04  5.479E-01  0.000E+00  6.283E-01
  2.601E+00  4.257E+00  1.198E-04  2.368E-01  0.000E+00  6.283E-01
  4.257E+00  6.967E+00  5.771E-05  5.287E-01  0.000E+00  6.283E-01
  6.967E+00  1.140E+01  2.330E-05  4.171E-01  0.000E+00  6.283E-01
  1.140E+01  1.866E+01  7.140E-06  7.309E-01  0.000E+00  6.283E-01
  1.866E+01  3.055E+01  1.403E-06  1.028E+00  0.000E+00  6.283E-01
  3.055E+01  5.000E+01  7.590E-08  3.845E+00  0.000E+00  6.283E-01
  5.000E+01  5.000E+01  0.000E+00  0.000E+00  0.000E+00  6.283E-01

 # Block n:            2    0.628318548      :   1.25663710    
  1.000E-09  1.637E-09  0.000E+00  0.000E+00  6.283E-01  1.257E+00
  1.637E-09  2.679E-09  0.000E+00  0.000E+00  6.283E-01  1.257E+00
  2.679E-09  4.385E-09  0.000E+00  0.000E+00  6.283E-01  1.257E+00
  4.385E-09  7.177E-09  0.000E+00  0.000E+00  6.283E-01  1.257E+00
  7.177E-09  1.175E-08  0.000E+00  0.000E+00  6.283E-01  1.257E+00
  1.175E-08  1.923E-08  0.000E+00  0.000E+00  6.283E-01  1.257E+00
  1.923E-08  3.147E-08  0.000E+00  0.000E+00  6.283E-01  1.257E+00
  3.147E-08  5.150E-08  0.000E+00  0.000E+00  6.283E-01  1.257E+00
  5.150E-08  8.430E-08  0.000E+00  0.000E+00  6.283E-01  1.257E+00
  8.430E-08  1.380E-07  0.000E+00  0.000E+00  6.283E-01  1.257E+00
  1.380E-07  2.258E-07  0.000E+00  0.000E+00  6.283E-01  1.257E+00
  2.258E-07  3.696E-07  0.000E+00  0.000E+00  6.283E-01  1.257E+00
  3.696E-07  6.050E-07  0.000E+00  0.000E+00  6.283E-01  1.257E+00
  6.050E-07  9.902E-07  0.000E+00  0.000E+00  6.283E-01  1.257E+00
  9.902E-07  1.621E-06  0.000E+00  0.000E+00  6.283E-01  1.257E+00
  1.621E-06  2.653E-06  0.000E+00  0.000E+00  6.283E-01  1.257E+00
  2.653E-06  4.342E-06  0.000E+00  0.000E+00  6.283E-01  1.257E+00
  4.342E-06  7.106E-06  0.000E+00  0.000E+00  6.283E-01  1.257E+00
  7.106E-06  1.163E-05  0.000E+00  0.000E+00  6.283E-01  1.257E+00
  1.163E-05  1.904E-05  0.000E+00  0.000E+00  6.283E-01  1.257E+00
  1.904E-05  3.116E-05  0.000E+00  0.000E+00  6.283E-01  1.257E+00
  3.116E-05  5.100E-05  0.000E+00  0.000E+00  6.283E-01  1.257E+00
  5.100E-05  8.347E-05  0.000E+00  0.000E+00  6.283E-01  1.257E+00
  8.347E-05  1.366E-04  0.000E+00  0.000E+00  6.283E-01  1.257E+00
  1.366E-04  2.236E-04  0.000E+00  0.000E+00  6.283E-01  1.257E+00
  2.236E-04  3.660E-04  0.000E+00  0.000E+00  6.283E-01  1.257E+00
  3.660E-04  5.990E-04  3.962E-05  6.124E+01  6.283E-01  1.257E+00
  5.990E-04  9.804E-04  1.247E-05  9.900E+01  6.283E-01  1.257E+00
  9.804E-04  1.605E-03  2.241E-05  6.559E+01  6.283E-01  1.257E+00
  1.605E-03  2.627E-03  2.279E-05  4.463E+01  6.283E-01  1.257E+00
  2.627E-03  4.299E-03  1.680E-05  4.083E+01  6.283E-01  1.257E+00
  4.299E-03  7.036E-03  2.776E-05  2.498E+01  6.283E-01  1.257E+00
  7.036E-03  1.152E-02  3.120E-05  2.464E+01  6.283E-01  1.257E+00
  1.152E-02  1.885E-02  6.142E-05  5.830E+00  6.283E-01  1.257E+00
  1.885E-02  3.085E-02  9.102E-05  7.066E+00  6.283E-01  1.257E+00
  3.085E-02  5.050E-02  1.125E-04  7.431E+00  6.283E-01  1.257E+00
  5.050E-02  8.265E-02  1.463E-04  4.181E+00  6.283E-01  1.257E+00
  8.265E-02  1.353E-01  1.658E-04  3.185E+00  6.283E-01  1.257E+00
  1.353E-01  2.214E-01  2.162E-04  1.513E+00  6.283E-01  1.257E+00
  2.214E-01  3.624E-01  2.598E-04  1.023E+00  6.283E-01  1.257E+00
  3.624E-01  5.931E-01  2.300E-04  6.904E-01  6.283E-01  1.257E+00
  5.931E-01  9.708E-01  1.245E-04  8.150E-01  6.283E-01  1.257E+00
  9.708E-01  1.589E+00  3.722E-05  5.888E-01  6.283E-01  1.257E+00
  1.589E+00  2.601E+00  4.791E-06  4.131E+00  6.283E-01  1.257E+00
  2.601E+00  4.257E+00  1.704E-07  9.846E+00  6.283E-01  1.257E+00
  4.257E+00  6.967E+00  1.655E-09  9.900E+01  6.283E-01  1.257E+00
  6.967E+00  1.140E+01  0.000E+00  0.000E+00  6.283E-01  1.257E+00
  1.140E+01  1.866E+01  0.000E+00  0.000E+00  6.283E-01  1.257E+00
  1.866E+01  3.055E+01  0.000E+00  0.000E+00  6.283E-01  1.257E+00
  3.055E+01  5.000E+01  0.000E+00  0.000E+00  6.283E-01  1.257E+00
  5.000E+01  5.000E+01  0.000E+00  0.000E+00  6.283E-01  1.257E+00

 # Block n:            3     1.25663710      :   1.88495564    
  1.000E-09  1.637E-09  0.000E+00  0.000E+00  1.257E+00  1.885E+00
  1.637E-09  2.679E-09  0.000E+00  0.000E+00  1.257E+00  1.885E+00
  2.679E-09  4.385E-09  0.000E+00  0.000E+00  1.257E+00  1.885E+00
  4.385E-09  7.177E-09  0.000E+00  0.000E+00  1.257E+00  1.885E+00
  7.177E-09  1.175E-08  0.000E+00  0.000E+00  1.257E+00  1.885E+00
  1.175E-08  1.923E-08  0.000E+00  0.000E+00  1.257E+00  1.885E+00
  1.923E-08  3.147E-08  0.000E+00  0.000E+00  1.257E+00  1.885E+00
  3.147E-08  5.150E-08  0.000E+00  0.000E+00  1.257E+00  1.885E+00
  5.150E-08  8.430E-08  0.000E+00  0.000E+00  1.257E+00  1.885E+00
  8.430E-08  1.380E-07  0.000E+00  0.000E+00  1.257E+00  1.885E+00
  1.380E-07  2.258E-07  0.000E+00  0.000E+00  1.257E+00  1.885E+00
  2.258E-07  3.696E-07  0.000E+00  0.000E+00  1.257E+00  1.885E+00
  3.696E-07  6.050E-07  0.000E+00  0.000E+00  1.257E+00  1.885E+00
  6.050E-07  9.902E-07  0.000E+00  0.000E+00  1.257E+00  1.885E+00
  9.902E-07  1.621E-06  0.000E+00  0.000E+00  1.257E+00  1.885E+00
  1.621E-06  2.653E-06  0.000E+00  0.000E+00  1.257E+00  1.885E+00
  2.653E-06  4.342E-06  0.000E+00  0.000E+00  1.257E+00  1.885E+00
  4.342E-06  7.106E-06  0.000E+00  0.000E+00  1.257E+00  1.885E+00
  7.106E-06  1.163E-05  0.000E+00  0.000E+00  1.257E+00  1.885E+00
  1.163E-05  1.904E-05  0.000E+00  0.000E+00  1.257E+00  1.885E+00
  1.904E-05  3.116E-05  0.000E+00  0.000E+00  1.257E+00  1.885E+00
  3.116E-05  5.100E-05  0.000E+00  0.000E+00  1.257E+00  1.885E+00
  5.100E-05  8.347E-05  0.000E+00  0.000E+00  1.257E+00  1.885E+00
  8.347E-05  1.366E-04  0.000E+00  0.000E+00  1.257E+00  1.885E+00
  1.366E-04  2.236E-04  5.934E-05  9.900E+01  1.257E+00  1.885E+00
  2.236E-04  3.660E-04  0.000E+00  0.000E+00  1.257E+00  1.885E+00
  3.660E-04  5.990E-04  0.000E+00  0.000E+00  1.257E+00  1.885E+00
  5.990E-04  9.804E-04  2.772E-05  6.127E+01  1.257E+00  1.885E+00
  9.804E-04  1.605E-03  8.440E-06  9.900E+01  1.257E+00  1.885E+00
  1.605E-03  2.627E-03  3.036E-05  4.032E+01  1.257E+00  1.885E+00
  2.627E-03  4.299E-03  3.512E-05  3.414E+01  1.257E+00  1.885E+00
  4.299E-03  7.036E-03  1.784E-05  4.070E+01  1.257E+00  1.885E+00
  7.036E-03  1.152E-02  4.722E-05  1.945E+01  1.257E+00  1.885E+00
  1.152E-02  1.885E-02  5.760E-05  1.287E+01  1.257E+00  1.885E+00
  1.885E-02  3.085E-02  9.139E-05  7.244E+00  1.257E+00  1.885E+00
  3.085E-02  5.050E-02  1.425E-04  2.758E+00  1.257E+00  1.885E+00
  5.050E-02  8.265E-02  1.482E-04  1.257E+00  1.257E+00  1.885E+00
  8.265E-02  1.353E-01  1.635E-04  1.971E+00  1.257E+00  1.885E+00
  1.353E-01  2.214E-01  1.947E-04  1.155E+00  1.257E+00  1.885E+00
  2.214E-01  3.624E-01  1.981E-04  6.759E-01  1.257E+00  1.885E+00
  3.624E-01  5.931E-01  1.333E-04  1.148E+00  1.257E+00  1.885E+00
  5.931E-01  9.708E-01  5.136E-05  6.022E-01  1.257E+00  1.885E+00
  9.708E-01  1.589E+00  8.890E-06  1.884E+00  1.257E+00  1.885E+00
  1.589E+00  2.601E+00  3.842E-07  6.177E+00  1.257E+00  1.885E+00
  2.601E+00  4.257E+00  0.000E+00  0.000E+00  1.257E+00  1.885E+00
  4.257E+00  6.967E+00  0.000E+00  0.000E+00  1.257E+00  1.885E+00
  6.967E+00  1.140E+01  0.000E+00  0.000E+00  1.257E+00  1.885E+00
  1.140E+01  1.866E+01  0.000E+00  0.000E+00  1.257E+00  1.885E+00
  1.866E+01  3.055E+01  0.000E+00  0.000E+00  1.257E+00  1.885E+00
  3.055E+01  5.000E+01  0.000E+00  0.000E+00  1.257E+00  1.885E+00
  5.000E+01  5.000E+01  0.000E+00  0.000E+00  1.257E+00  1.885E+00

 # Block n:            4     1.88495564      :   2.51327419    
  1.000E-09  1.637E-09  0.000E+00  0.000E+00  1.885E+00  2.513E+00
  1.637E-09  2.679E-09  0.000E+00  0.000E+00  1.885E+00  2.513E+00
  2.679E-09  4.385E-09  0.000E+00  0.000E+00  1.885E+00  2.513E+00
  4.385E-09  7.177E-09  0.000E+00  0.000E+00  1.885E+00  2.513E+00
  7.177E-09  1.175E-08  0.000E+00  0.000E+00  1.885E+00  2.513E+00
  1.175E-08  1.923E-08  0.000E+00  0.000E+00  1.885E+00  2.513E+00
  1.923E-08  3.147E-08  0.000E+00  0.000E+00  1.885E+00  2.513E+00
  3.147E-08  5.150E-08  0.000E+00  0.000E+00  1.885E+00  2.513E+00
  5.150E-08  8.430E-08  0.000E+00  0.000E+00  1.885E+00  2.513E+00
  8.430E-08  1.380E-07  0.000E+00  0.000E+00  1.885E+00  2.513E+00
  1.380E-07  2.258E-07  0.000E+00  0.000E+00  1.885E+00  2.513E+00
  2.258E-07  3.696E-07  0.000E+00  0.000E+00  1.885E+00  2.513E+00
  3.696E-07  6.050E-07  0.000E+00  0.000E+00  1.885E+00  2.513E+00
  6.050E-07  9.902E-07  0.000E+00  0.000E+00  1.885E+00  2.513E+00
  9.902E-07  1.621E-06  0.000E+00  0.000E+00  1.885E+00  2.513E+00
  1.621E-06  2.653E-06  0.000E+00  0.000E+00  1.885E+00  2.513E+00
  2.653E-06  4.342E-06  0.000E+00  0.000E+00  1.885E+00  2.513E+00
  4.342E-06  7.106E-06  0.000E+00  0.000E+00  1.885E+00  2.513E+00
  7.106E-06  1.163E-05  0.000E+00  0.000E+00  1.885E+00  2.513E+00
  1.163E-05  1.904E-05  0.000E+00  0.000E+00  1.885E+00  2.513E+00
  1.904E-05  3.116E-05  0.000E+00  0.000E+00  1.885E+00  2.513E+00
  3.116E-05  5.100E-05  0.000E+00  0.000E+00  1.885E+00  2.513E+00
  5.100E-05  8.347E-05  0.000E+00  0.000E+00  1.885E+00  2.513E+00
  8.347E-05  1.366E-04  0.000E+00  0.000E+00  1.885E+00  2.513E+00
  1.366E-04  2.236E-04  0.000E+00  0.000E+00  1.885E+00  2.513E+00
  2.236E-04  3.660E-04  0.000E+00  0.000E+00  1.885E+00  2.513E+00
  3.660E-04  5.990E-04  8.064E-05  4.084E+01  1.885E+00  2.513E+00
  5.990E-04  9.804E-04  1.531E-05  9.900E+01  1.885E+00  2.513E+00
  9.804E-04  1.605E-03  1.049E-05  9.900E+01  1.885E+00  2.513E+00
  1.605E-03  2.627E-03  3.564E-05  4.968E+01  1.885E+00  2.513E+00
  2.627E-03  4.299E-03  4.759E-05  3.319E+01  1.885E+00  2.513E+00
  4.299E-03  7.036E-03  2.941E-05  1.517E+01  1.885E+00  2.513E+00
  7.036E-03  1.152E-02  3.685E-05  2.142E+01  1.885E+00  2.513E+00
  1.152E-02  1.885E-02  7.429E-05  9.505E+00  1.885E+00  2.513E+00
  1.885E-02  3.085E-02  9.762E-05  7.415E+00  1.885E+00  2.513E+00
  3.085E-02  5.050E-02  1.316E-04  3.790E+00  1.885E+00  2.513E+00
  5.050E-02  8.265E-02  1.597E-04  3.948E+00  1.885E+00  2.513E+00
  8.265E-02  1.353E-01  1.703E-04  2.322E+00  1.885E+00  2.513E+00
  1.353E-01  2.214E-01  1.748E-04  1.295E+00  1.885E+00  2.513E+00
  2.214E-01  3.624E-01  1.589E-04  1.254E+00  1.885E+00  2.513E+00
  3.624E-01  5.931E-01  8.725E-05  1.094E+00  1.885E+00  2.513E+00
  5.931E-01  9.708E-01  2.541E-05  3.117E+00  1.885E+00  2.513E+00
  9.708E-01  1.589E+00  2.817E-06  3.494E+00  1.885E+00  2.513E+00
  1.589E+00  2.601E+00  8.294E-08  3.148E+01  1.885E+00  2.513E+00
  2.601E+00  4.257E+00  0.000E+00  0.000E+00  1.885E+00  2.513E+00
  4.257E+00  6.967E+00  0.000E+00  0.000E+00  1.885E+00  2.513E+00
  6.967E+00  1.140E+01  0.000E+00  0.000E+00  1.885E+00  2.513E+00
  1.140E+01  1.866E+01  0.000E+00  0.000E+00  1.885E+00  2.513E+00
  1.866E+01  3.055E+01  0.000E+00  0.000E+00  1.885E+00  2.513E+00
  3.055E+01  5.000E+01  0.000E+00  0.000E+00  1.885E+00  2.513E+00
  5.000E+01  5.000E+01  0.000E+00  0.000E+00  1.885E+00  2.513E+00

 # Block n:            5     2.51327419      :   3.14159274    
  1.000E-09  1.637E-09  0.000E+00  0.000E+00  2.513E+00  3.142E+00
  1.637E-09  2.679E-09  0.000E+00  0.000E+00  2.513E+00  3.142E+00
  2.679E-09  4.385E-09  0.000E+00  0.000E+00  2.513E+00  3.142E+00
  4.385E-09  7.177E-09  0.000E+00  0.000E+00  2.513E+00  3.142E+00
  7.177E-09  1.175E-08  0.000E+00  0.000E+00  2.513E+00  3.142E+00
  1.175E-08  1.923E-08  0.000E+00  0.000E+00  2.513E+00  3.142E+00
  1.923E-08  3.147E-08  0.000E+00  0.000E+00  2.513E+00  3.142E+00
  3.147E-08  5.150E-08  0.000E+00  0.000E+00  2.513E+00  3.142E+00
  5.150E-08  8.430E-08  0.000E+00  0.000E+00  2.513E+00  3.142E+00
  8.430E-08  1.380E-07  0.000E+00  0.000E+00  2.513E+00  3.142E+00
  1.380E-07  2.258E-07  0.000E+00  0.000E+00  2.513E+00  3.142E+00
  2.258E-07  3.696E-07  0.000E+00  0.000E+00  2.513E+00  3.142E+00
  3.696E-07  6.050E-07  0.000E+00  0.000E+00  2.513E+00  3.142E+00
  6.050E-07  9.902E-07  0.000E+00  0.000E+00  2.513E+00  3.142E+00
  9.902E-07  1.621E-06  0.000E+00  0.000E+00  2.513E+00  3.142E+00
  1.621E-06  2.653E-06  0.000E+00  0.000E+00  2.513E+00  3.142E+00
  2.653E-06  4.342E-06  0.000E+00  0.000E+00  2.513E+00  3.142E+00
  4.342E-06  7.106E-06  0.000E+00  0.000E+00  2.513E+00  3.142E+00
  7.106E-06  1.163E-05  0.000E+00  0.000E+00  2.513E+00  3.142E+00
  1.163E-05  1.904E-05  0.000E+00  0.000E+00  2.513E+00  3.142E+00
  1.904E-05  3.116E-05  0.000E+00  0.000E+00  2.513E+00  3.142E+00
  3.116E-05  5.100E-05  0.000E+00  0.000E+00  2.513E+00  3.142E+00
  5.100E-05  8.347E-05  0.000E+00  0.000E+00  2.513E+00  3.142E+00
  8.347E-05  1.366E-04  0.000E+00  0.000E+00  2.513E+00  3.142E+00
  1.366E-04  2.236E-04  0.000E+00  0.000E+00  2.513E+00  3.142E+00
  2.236E-04  3.660E-04  0.000E+00  0.000E+00  2.513E+00  3.142E+00
  3.660E-04  5.990E-04  2.901E-05  9.900E+01  2.513E+00  3.142E+00
  5.990E-04  9.804E-04  7.913E-05  4.649E+01  2.513E+00  3.142E+00
  9.804E-04  1.605E-03  1.068E-05  9.900E+01  2.513E+00  3.142E+00
  1.605E-03  2.627E-03  2.749E-05  4.836E+01  2.513E+00  3.142E+00
  2.627E-03  4.299E-03  1.365E-05  6.623E+01  2.513E+00  3.142E+00
  4.299E-03  7.036E-03  2.655E-05  4.199E+01  2.513E+00  3.142E+00
  7.036E-03  1.152E-02  4.279E-05  2.194E+01  2.513E+00  3.142E+00
  1.152E-02  1.885E-02  7.033E-05  1.135E+01  2.513E+00  3.142E+00
  1.885E-02  3.085E-02  1.256E-04  8.863E+00  2.513E+00  3.142E+00
  3.085E-02  5.050E-02  1.519E-04  5.794E+00  2.513E+00  3.142E+00
  5.050E-02  8.265E-02  1.736E-04  4.238E+00  2.513E+00  3.142E+00
  8.265E-02  1.353E-01  1.770E-04  3.254E+00  2.513E+00  3.142E+00
  1.353E-01  2.214E-01  1.646E-04  9.618E-01  2.513E+00  3.142E+00
  2.214E-01  3.624E-01  1.286E-04  9.846E-01  2.513E+00  3.142E+00
  3.624E-01  5.931E-01  6.474E-05  2.911E+00  2.513E+00  3.142E+00
  5.931E-01  9.708E-01  1.436E-05  6.942E-01  2.513E+00  3.142E+00
  9.708E-01  1.589E+00  1.005E-06  5.917E+00  2.513E+00  3.142E+00
  1.589E+00  2.601E+00  6.679E-09  9.900E+01  2.513E+00  3.142E+00
  2.601E+00  4.257E+00  0.000E+00  0.000E+00  2.513E+00  3.142E+00
  4.257E+00  6.967E+00  0.000E+00  0.000E+00  2.513E+00  3.142E+00
  6.967E+00  1.140E+01  0.000E+00  0.000E+00  2.513E+00  3.142E+00
  1.140E+01  1.866E+01  0.000E+00  0.000E+00  2.513E+00  3.142E+00
  1.866E+01  3.055E+01  0.000E+00  0.000E+00  2.513E+00  3.142E+00
  3.055E+01  5.000E+01  0.000E+00  0.000E+00  2.513E+00  3.142E+00
  5.000E+01  5.000E+01  0.000E+00  0.000E+00  2.513E+00  3.142E+00

 # Block n:            6     3.14159274      :   3.76991129    
  1.000E-09  1.637E-09  0.000E+00  0.000E+00  3.142E+00  3.770E+00
  1.637E-09  2.679E-09  0.000E+00  0.000E+00  3.142E+00  3.770E+00
  2.679E-09  4.385E-09  0.000E+00  0.000E+00  3.142E+00  3.770E+00
  4.385E-09  7.177E-09  0.000E+00  0.000E+00  3.142E+00  3.770E+00
  7.177E-09  1.175E-08  0.000E+00  0.000E+00  3.142E+00  3.770E+00
  1.175E-08  1.923E-08  0.000E+00  0.000E+00  3.142E+00  3.770E+00
  1.923E-08  3.147E-08  0.000E+00  0.000E+00  3.142E+00  3.770E+00
  3.147E-08  5.150E-08  0.000E+00  0.000E+00  3.142E+00  3.770E+00
  5.150E-08  8.430E-08  0.000E+00  0.000E+00  3.142E+00  3.770E+00
  8.430E-08  1.380E-07  0.000E+00  0.000E+00  3.142E+00  3.770E+00
  1.380E-07  2.258E-07  0.000E+00  0.000E+00  3.142E+00  3.770E+00
  2.258E-07  3.696E-07  0.000E+00  0.000E+00  3.142E+00  3.770E+00
  3.696E-07  6.050E-07  0.000E+00  0.000E+00  3.142E+00  3.770E+00
  6.050E-07  9.902E-07  0.000E+00  0.000E+00  3.142E+00  3.770E+00
  9.902E-07  1.621E-06  0.000E+00  0.000E+00  3.142E+00  3.770E+00
  1.621E-06  2.653E-06  0.000E+00  0.000E+00  3.142E+00  3.770E+00
  2.653E-06  4.342E-06  0.000E+00  0.000E+00  3.142E+00  3.770E+00
  4.342E-06  7.106E-06  0.000E+00  0.000E+00  3.142E+00  3.770E+00
  7.106E-06  1.163E-05  0.000E+00  0.000E+00  3.142E+00  3.770E+00
  1.163E-05  1.904E-05  0.000E+00  0.000E+00  3.142E+00  3.770E+00
  1.904E-05  3.116E-05  0.000E+00  0.000E+00  3.142E+00  3.770E+00
  3.116E-05  5.100E-05  0.000E+00  0.000E+00  3.142E+00  3.770E+00
  5.100E-05  8.347E-05  0.000E+00  0.000E+00  3.142E+00  3.770E+00
  8.347E-05  1.366E-04  0.000E+00  0.000E+00  3.142E+00  3.770E+00
  1.366E-04  2.236E-04  0.000E+00  0.000E+00  3.142E+00  3.770E+00
  2.236E-04  3.660E-04  6.368E-05  9.900E+01  3.142E+00  3.770E+00
  3.660E-04  5.990E-04  3.562E-05  9.900E+01  3.142E+00  3.770E+00
  5.990E-04  9.804E-04  0.000E+00  0.000E+00  3.142E+00  3.770E+00
  9.804E-04  1.605E-03  2.922E-05  6.125E+01  3.142E+00  3.770E+00
  1.605E-03  2.627E-03  5.211E-05  4.101E+01  3.142E+00  3.770E+00
  2.627E-03  4.299E-03  2.622E-05  4.455E+01  3.142E+00  3.770E+00
  4.299E-03  7.036E-03  3.162E-05  2.347E+01  3.142E+00  3.770E+00
  7.036E-03  1.152E-02  5.337E-05  1.962E+01  3.142E+00  3.770E+00
  1.152E-02  1.885E-02  8.804E-05  1.013E+01  3.142E+00  3.770E+00
  1.885E-02  3.085E-02  1.314E-04  6.247E+00  3.142E+00  3.770E+00
  3.085E-02  5.050E-02  1.475E-04  4.519E+00  3.142E+00  3.770E+00
  5.050E-02  8.265E-02  2.013E-04  3.079E+00  3.142E+00  3.770E+00
  8.265E-02  1.353E-01  1.894E-04  3.180E+00  3.142E+00  3.770E+00
  1.353E-01  2.214E-01  1.614E-04  2.550E+00  3.142E+00  3.770E+00
  2.214E-01  3.624E-01  1.104E-04  3.300E+00  3.142E+00  3.770E+00
  3.624E-01  5.931E-01  4.956E-05  3.076E+00  3.142E+00  3.770E+00
  5.931E-01  9.708E-01  8.473E-06  8.158E+00  3.142E+00  3.770E+00
  9.708E-01  1.589E+00  3.380E-07  2.955E+01  3.142E+00  3.770E+00
  1.589E+00  2.601E+00  8.190E-09  9.900E+01  3.142E+00  3.770E+00
  2.601E+00  4.257E+00  0.000E+00  0.000E+00  3.142E+00  3.770E+00
  4.257E+00  6.967E+00  0.000E+00  0.000E+00  3.142E+00  3.770E+00
  6.967E+00  1.140E+01  0.000E+00  0.000E+00  3.142E+00  3.770E+00
  1.140E+01  1.866E+01  0.000E+00  0.000E+00  3.142E+00  3.770E+00
  1.866E+01  3.055E+01  0.000E+00  0.000E+00  3.142E+00  3.770E+00
  3.055E+01  5.000E+01  0.000E+00  0.000E+00  3.142E+00  3.770E+00
  5.000E+01  5.000E+01  0.000E+00  0.000E+00  3.142E+00  3.770E+00

 # Block n:            7     3.76991129      :   4.39822960    
  1.000E-09  1.637E-09  0.000E+00  0.000E+00  3.770E+00  4.398E+00
  1.637E-09  2.679E-09  0.000E+00  0.000E+00  3.770E+00  4.398E+00
  2.679E-09  4.385E-09  0.000E+00  0.000E+00  3.770E+00  4.398E+00
  4.385E-09  7.177E-09  0.000E+00  0.000E+00  3.770E+00  4.398E+00
  7.177E-09  1.175E-08  0.000E+00  0.000E+00  3.770E+00  4.398E+00
  1.175E-08  1.923E-08  0.000E+00  0.000E+00  3.770E+00  4.398E+00
  1.923E-08  3.147E-08  0.000E+00  0.000E+00  3.770E+00  4.398E+00
  3.147E-08  5.150E-08  0.000E+00  0.000E+00  3.770E+00  4.398E+00
  5.150E-08  8.430E-08  0.000E+00  0.000E+00  3.770E+00  4.398E+00
  8.430E-08  1.380E-07  0.000E+00  0.000E+00  3.770E+00  4.398E+00
  1.380E-07  2.258E-07  0.000E+00  0.000E+00  3.770E+00  4.398E+00
  2.258E-07  3.696E-07  0.000E+00  0.000E+00  3.770E+00  4.398E+00
  3.696E-07  6.050E-07  0.000E+00  0.000E+00  3.770E+00  4.398E+00
  6.050E-07  9.902E-07  0.000E+00  0.000E+00  3.770E+00  4.398E+00
  9.902E-07  1.621E-06  0.000E+00  0.000E+00  3.770E+00  4.398E+00
  1.621E-06  2.653E-06  0.000E+00  0.000E+00  3.770E+00  4.398E+00
  2.653E-06  4.342E-06  0.000E+00  0.000E+00  3.770E+00  4.398E+00
  4.342E-06  7.106E-06  0.000E+00  0.000E+00  3.770E+00  4.398E+00
  7.106E-06  1.163E-05  0.000E+00  0.000E+00  3.770E+00  4.398E+00
  1.163E-05  1.904E-05  0.000E+00  0.000E+00  3.770E+00  4.398E+00
  1.904E-05  3.116E-05  0.000E+00  0.000E+00  3.770E+00  4.398E+00
  3.116E-05  5.100E-05  0.000E+00  0.000E+00  3.770E+00  4.398E+00
  5.100E-05  8.347E-05  0.000E+00  0.000E+00  3.770E+00  4.398E+00
  8.347E-05  1.366E-04  0.000E+00  0.000E+00  3.770E+00  4.398E+00
  1.366E-04  2.236E-04  0.000E+00  0.000E+00  3.770E+00  4.398E+00
  2.236E-04  3.660E-04  1.671E-04  6.183E+01  3.770E+00  4.398E+00
  3.660E-04  5.990E-04  1.329E-04  4.088E+01  3.770E+00  4.398E+00
  5.990E-04  9.804E-04  9.413E-05  4.085E+01  3.770E+00  4.398E+00
  9.804E-04  1.605E-03  1.875E-05  9.900E+01  3.770E+00  4.398E+00
  1.605E-03  2.627E-03  1.137E-05  9.900E+01  3.770E+00  4.398E+00
  2.627E-03  4.299E-03  4.823E-05  2.972E+01  3.770E+00  4.398E+00
  4.299E-03  7.036E-03  3.623E-05  2.117E+01  3.770E+00  4.398E+00
  7.036E-03  1.152E-02  4.836E-05  2.309E+01  3.770E+00  4.398E+00
  1.152E-02  1.885E-02  8.138E-05  2.039E+01  3.770E+00  4.398E+00
  1.885E-02  3.085E-02  1.305E-04  7.097E+00  3.770E+00  4.398E+00
  3.085E-02  5.050E-02  1.853E-04  4.563E+00  3.770E+00  4.398E+00
  5.050E-02  8.265E-02  1.982E-04  3.936E+00  3.770E+00  4.398E+00
  8.265E-02  1.353E-01  1.814E-04  3.900E+00  3.770E+00  4.398E+00
  1.353E-01  2.214E-01  1.440E-04  1.760E+00  3.770E+00  4.398E+00
  2.214E-01  3.624E-01  8.884E-05  4.516E+00  3.770E+00  4.398E+00
  3.624E-01  5.931E-01  3.816E-05  1.839E+00  3.770E+00  4.398E+00
  5.931E-01  9.708E-01  4.607E-06  5.525E+00  3.770E+00  4.398E+00
  9.708E-01  1.589E+00  1.238E-07  1.700E+01  3.770E+00  4.398E+00
  1.589E+00  2.601E+00  0.000E+00  0.000E+00  3.770E+00  4.398E+00
  2.601E+00  4.257E+00  0.000E+00  0.000E+00  3.770E+00  4.398E+00
  4.257E+00  6.967E+00  0.000E+00  0.000E+00  3.770E+00  4.398E+00
  6.967E+00  1.140E+01  0.000E+00  0.000E+00  3.770E+00  4.398E+00
  1.140E+01  1.866E+01  0.000E+00  0.000E+00  3.770E+00  4.398E+00
  1.866E+01  3.055E+01  0.000E+00  0.000E+00  3.770E+00  4.398E+00
  3.055E+01  5.000E+01  0.000E+00  0.000E+00  3.770E+00  4.398E+00
  5.000E+01  5.000E+01  0.000E+00  0.000E+00  3.770E+00  4.398E+00

 # Block n:            8     4.39822960      :   5.02654839    
  1.000E-09  1.637E-09  0.000E+00  0.000E+00  4.398E+00  5.027E+00
  1.637E-09  2.679E-09  0.000E+00  0.000E+00  4.398E+00  5.027E+00
  2.679E-09  4.385E-09  0.000E+00  0.000E+00  4.398E+00  5.027E+00
  4.385E-09  7.177E-09  0.000E+00  0.000E+00  4.398E+00  5.027E+00
  7.177E-09  1.175E-08  0.000E+00  0.000E+00  4.398E+00  5.027E+00
  1.175E-08  1.923E-08  0.000E+00  0.000E+00  4.398E+00  5.027E+00
  1.923E-08  3.147E-08  0.000E+00  0.000E+00  4.398E+00  5.027E+00
  3.147E-08  5.150E-08  0.000E+00  0.000E+00  4.398E+00  5.027E+00
  5.150E-08  8.430E-08  0.000E+00  0.000E+00  4.398E+00  5.027E+00
  8.430E-08  1.380E-07  0.000E+00  0.000E+00  4.398E+00  5.027E+00
  1.380E-07  2.258E-07  0.000E+00  0.000E+00  4.398E+00  5.027E+00
  2.258E-07  3.696E-07  0.000E+00  0.000E+00  4.398E+00  5.027E+00
  3.696E-07  6.050E-07  0.000E+00  0.000E+00  4.398E+00  5.027E+00
  6.050E-07  9.902E-07  0.000E+00  0.000E+00  4.398E+00  5.027E+00
  9.902E-07  1.621E-06  0.000E+00  0.000E+00  4.398E+00  5.027E+00
  1.621E-06  2.653E-06  0.000E+00  0.000E+00  4.398E+00  5.027E+00
  2.653E-06  4.342E-06  0.000E+00  0.000E+00  4.398E+00  5.027E+00
  4.342E-06  7.106E-06  0.000E+00  0.000E+00  4.398E+00  5.027E+00
  7.106E-06  1.163E-05  0.000E+00  0.000E+00  4.398E+00  5.027E+00
  1.163E-05  1.904E-05  0.000E+00  0.000E+00  4.398E+00  5.027E+00
  1.904E-05  3.116E-05  0.000E+00  0.000E+00  4.398E+00  5.027E+00
  3.116E-05  5.100E-05  0.000E+00  0.000E+00  4.398E+00  5.027E+00
  5.100E-05  8.347E-05  5.544E-04  9.900E+01  4.398E+00  5.027E+00
  8.347E-05  1.366E-04  0.000E+00  0.000E+00  4.398E+00  5.027E+00
  1.366E-04  2.236E-04  0.000E+00  0.000E+00  4.398E+00  5.027E+00
  2.236E-04  3.660E-04  0.000E+00  0.000E+00  4.398E+00  5.027E+00
  3.660E-04  5.990E-04  2.026E-04  6.376E+01  4.398E+00  5.027E+00
  5.990E-04  9.804E-04  4.378E-05  9.900E+01  4.398E+00  5.027E+00
  9.804E-04  1.605E-03  0.000E+00  0.000E+00  4.398E+00  5.027E+00
  1.605E-03  2.627E-03  4.569E-05  6.941E+01  4.398E+00  5.027E+00
  2.627E-03  4.299E-03  1.614E-05  9.900E+01  4.398E+00  5.027E+00
  4.299E-03  7.036E-03  7.345E-05  3.275E+01  4.398E+00  5.027E+00
  7.036E-03  1.152E-02  3.416E-05  2.955E+01  4.398E+00  5.027E+00
  1.152E-02  1.885E-02  7.807E-05  1.402E+01  4.398E+00  5.027E+00
  1.885E-02  3.085E-02  1.458E-04  8.089E+00  4.398E+00  5.027E+00
  3.085E-02  5.050E-02  1.609E-04  1.188E+01  4.398E+00  5.027E+00
  5.050E-02  8.265E-02  1.956E-04  3.688E+00  4.398E+00  5.027E+00
  8.265E-02  1.353E-01  1.531E-04  5.405E+00  4.398E+00  5.027E+00
  1.353E-01  2.214E-01  1.237E-04  4.307E+00  4.398E+00  5.027E+00
  2.214E-01  3.624E-01  7.540E-05  3.516E+00  4.398E+00  5.027E+00
  3.624E-01  5.931E-01  2.737E-05  3.480E+00  4.398E+00  5.027E+00
  5.931E-01  9.708E-01  2.455E-06  7.999E+00  4.398E+00  5.027E+00
  9.708E-01  1.589E+00  0.000E+00  0.000E+00  4.398E+00  5.027E+00
  1.589E+00  2.601E+00  0.000E+00  0.000E+00  4.398E+00  5.027E+00
  2.601E+00  4.257E+00  0.000E+00  0.000E+00  4.398E+00  5.027E+00
  4.257E+00  6.967E+00  0.000E+00  0.000E+00  4.398E+00  5.027E+00
  6.967E+00  1.140E+01  0.000E+00  0.000E+00  4.398E+00  5.027E+00
  1.140E+01  1.866E+01  0.000E+00  0.000E+00  4.398E+00  5.027E+00
  1.866E+01  3.055E+01  0.000E+00  0.000E+00  4.398E+00  5.027E+00
  3.055E+01  5.000E+01  0.000E+00  0.000E+00  4.398E+00  5.027E+00
  5.000E+01  5.000E+01  0.000E+00  0.000E+00  4.398E+00  5.027E+00

 # Block n:            9     5.02654839      :   5.65486717    
  1.000E-09  1.637E-09  0.000E+00  0.000E+00  5.027E+00  5.655E+00
  1.637E-09  2.679E-09  0.000E+00  0.000E+00  5.027E+00  5.655E+00
  2.679E-09  4.385E-09  0.000E+00  0.000E+00  5.027E+00  5.655E+00
  4.385E-09  7.177E-09  0.000E+00  0.000E+00  5.027E+00  5.655E+00
  7.177E-09  1.175E-08  0.000E+00  0.000E+00  5.027E+00  5.655E+00
  1.175E-08  1.923E-08  0.000E+00  0.000E+00  5.027E+00  5.655E+00
  1.923E-08  3.147E-08  0.000E+00  0.000E+00  5.027E+00  5.655E+00
  3.147E-08  5.150E-08  0.000E+00  0.000E+00  5.027E+00  5.655E+00
  5.150E-08  8.430E-08  0.000E+00  0.000E+00  5.027E+00  5.655E+00
  8.430E-08  1.380E-07  0.000E+00  0.000E+00  5.027E+00  5.655E+00
  1.380E-07  2.258E-07  0.000E+00  0.000E+00  5.027E+00  5.655E+00
  2.258E-07  3.696E-07  0.000E+00  0.000E+00  5.027E+00  5.655E+00
  3.696E-07  6.050E-07  0.000E+00  0.000E+00  5.027E+00  5.655E+00
  6.050E-07  9.902E-07  0.000E+00  0.000E+00  5.027E+00  5.655E+00
  9.902E-07  1.621E-06  0.000E+00  0.000E+00  5.027E+00  5.655E+00
  1.621E-06  2.653E-06  0.000E+00  0.000E+00  5.027E+00  5.655E+00
  2.653E-06  4.342E-06  0.000E+00  0.000E+00  5.027E+00  5.655E+00
  4.342E-06  7.106E-06  0.000E+00  0.000E+00  5.027E+00  5.655E+00
  7.106E-06  1.163E-05  0.000E+00  0.000E+00  5.027E+00  5.655E+00
  1.163E-05  1.904E-05  0.000E+00  0.000E+00  5.027E+00  5.655E+00
  1.904E-05  3.116E-05  0.000E+00  0.000E+00  5.027E+00  5.655E+00
  3.116E-05  5.100E-05  0.000E+00  0.000E+00  5.027E+00  5.655E+00
  5.100E-05  8.347E-05  0.000E+00  0.000E+00  5.027E+00  5.655E+00
  8.347E-05  1.366E-04  0.000E+00  0.000E+00  5.027E+00  5.655E+00
  1.366E-04  2.236E-04  2.546E-04  9.900E+01  5.027E+00  5.655E+00
  2.236E-04  3.660E-04  1.566E-04  9.900E+01  5.027E+00  5.655E+00
  3.660E-04  5.990E-04  0.000E+00  0.000E+00  5.027E+00  5.655E+00
  5.990E-04  9.804E-04  0.000E+00  0.000E+00  5.027E+00  5.655E+00
  9.804E-04  1.605E-03  4.785E-05  9.900E+01  5.027E+00  5.655E+00
  1.605E-03  2.627E-03  6.091E-05  9.900E+01  5.027E+00  5.655E+00
  2.627E-03  4.299E-03  2.619E-05  6.142E+01  5.027E+00  5.655E+00
  4.299E-03  7.036E-03  7.677E-05  2.071E+01  5.027E+00  5.655E+00
  7.036E-03  1.152E-02  5.090E-05  2.652E+01  5.027E+00  5.655E+00
  1.152E-02  1.885E-02  8.685E-05  6.900E+00  5.027E+00  5.655E+00
  1.885E-02  3.085E-02  1.273E-04  1.062E+01  5.027E+00  5.655E+00
  3.085E-02  5.050E-02  1.541E-04  9.198E+00  5.027E+00  5.655E+00
  5.050E-02  8.265E-02  2.001E-04  4.841E+00  5.027E+00  5.655E+00
  8.265E-02  1.353E-01  1.515E-04  6.371E+00  5.027E+00  5.655E+00
  1.353E-01  2.214E-01  9.588E-05  7.066E+00  5.027E+00  5.655E+00
  2.214E-01  3.624E-01  6.183E-05  5.382E+00  5.027E+00  5.655E+00
  3.624E-01  5.931E-01  1.745E-05  1.104E+01  5.027E+00  5.655E+00
  5.931E-01  9.708E-01  1.050E-06  2.496E+01  5.027E+00  5.655E+00
  9.708E-01  1.589E+00  0.000E+00  0.000E+00  5.027E+00  5.655E+00
  1.589E+00  2.601E+00  0.000E+00  0.000E+00  5.027E+00  5.655E+00
  2.601E+00  4.257E+00  0.000E+00  0.000E+00  5.027E+00  5.655E+00
  4.257E+00  6.967E+00  0.000E+00  0.000E+00  5.027E+00  5.655E+00
  6.967E+00  1.140E+01  0.000E+00  0.000E+00  5.027E+00  5.655E+00
  1.140E+01  1.866E+01  0.000E+00  0.000E+00  5.027E+00  5.655E+00
  1.866E+01  3.055E+01  0.000E+00  0.000E+00  5.027E+00  5.655E+00
  3.055E+01  5.000E+01  0.000E+00  0.000E+00  5.027E+00  5.655E+00
  5.000E+01  5.000E+01  0.000E+00  0.000E+00  5.027E+00  5.655E+00

 # Block n:           10     5.65486717      :   6.28318548    
  1.000E-09  1.637E-09  0.000E+00  0.000E+00  5.655E+00  6.283E+00
  1.637E-09  2.679E-09  0.000E+00  0.000E+00  5.655E+00  6.283E+00
  2.679E-09  4.385E-09  0.000E+00  0.000E+00  5.655E+00  6.283E+00
  4.385E-09  7.177E-09  0.000E+00  0.000E+00  5.655E+00  6.283E+00
  7.177E-09  1.175E-08  0.000E+00  0.000E+00  5.655E+00  6.283E+00
  1.175E-08  1.923E-08  0.000E+00  0.000E+00  5.655E+00  6.283E+00
  1.923E-08  3.147E-08  0.000E+00  0.000E+00  5.655E+00  6.283E+00
  3.147E-08  5.150E-08  0.000E+00  0.000E+00  5.655E+00  6.283E+00
  5.150E-08  8.430E-08  0.000E+00  0.000E+00  5.655E+00  6.283E+00
  8.430E-08  1.380E-07  0.000E+00  0.000E+00  5.655E+00  6.283E+00
  1.380E-07  2.258E-07  0.000E+00  0.000E+00  5.655E+00  6.283E+00
  2.258E-07  3.696E-07  0.000E+00  0.000E+00  5.655E+00  6.283E+00
  3.696E-07  6.050E-07  0.000E+00  0.000E+00  5.655E+00  6.283E+00
  6.050E-07  9.902E-07  0.000E+00  0.000E+00  5.655E+00  6.283E+00
  9.902E-07  1.621E-06  0.000E+00  0.000E+00  5.655E+00  6.283E+00
  1.621E-06  2.653E-06  0.000E+00  0.000E+00  5.655E+00  6.283E+00
  2.653E-06  4.342E-06  0.000E+00  0.000E+00  5.655E+00  6.283E+00
  4.342E-06  7.106E-06  0.000E+00  0.000E+00  5.655E+00  6.283E+00
  7.106E-06  1.163E-05  0.000E+00  0.000E+00  5.655E+00  6.283E+00
  1.163E-05  1.904E-05  0.000E+00  0.000E+00  5.655E+00  6.283E+00
  1.904E-05  3.116E-05  0.000E+00  0.000E+00  5.655E+00  6.283E+00
  3.116E-05  5.100E-05  0.000E+00  0.000E+00  5.655E+00  6.283E+00
  5.100E-05  8.347E-05  0.000E+00  0.000E+00  5.655E+00  6.283E+00
  8.347E-05  1.366E-04  0.000E+00  0.000E+00  5.655E+00  6.283E+00
  1.366E-04  2.236E-04  0.000E+00  0.000E+00  5.655E+00  6.283E+00
  2.236E-04  3.660E-04  0.000E+00  0.000E+00  5.655E+00  6.283E+00
  3.660E-04  5.990E-04  1.840E-04  9.900E+01  5.655E+00  6.283E+00
  5.990E-04  9.804E-04  0.000E+00  0.000E+00  5.655E+00  6.283E+00
  9.804E-04  1.605E-03  1.086E-04  9.900E+01  5.655E+00  6.283E+00
  1.605E-03  2.627E-03  0.000E+00  0.000E+00  5.655E+00  6.283E+00
  2.627E-03  4.299E-03  0.000E+00  0.000E+00  5.655E+00  6.283E+00
  4.299E-03  7.036E-03  5.108E-05  4.138E+01  5.655E+00  6.283E+00
  7.036E-03  1.152E-02  3.111E-05  6.966E+01  5.655E+00  6.283E+00
  1.152E-02  1.885E-02  6.714E-05  4.045E+01  5.655E+00  6.283E+00
  1.885E-02  3.085E-02  1.006E-04  1.678E+01  5.655E+00  6.283E+00
  3.085E-02  5.050E-02  1.390E-04  1.288E+01  5.655E+00  6.283E+00
  5.050E-02  8.265E-02  1.868E-04  1.137E+01  5.655E+00  6.283E+00
  8.265E-02  1.353E-01  1.415E-04  1.222E+01  5.655E+00  6.283E+00
  1.353E-01  2.214E-01  6.725E-05  1.108E+01  5.655E+00  6.283E+00
  2.214E-01  3.624E-01  4.248E-05  1.407E+01  5.655E+00  6.283E+00
  3.624E-01  5.931E-01  1.234E-05  2.315E+01  5.655E+00  6.283E+00
  5.931E-01  9.708E-01  2.441E-07  6.195E+01  5.655E+00  6.283E+00
  9.708E-01  1.589E+00  0.000E+00  0.000E+00  5.655E+00  6.283E+00
  1.589E+00  2.601E+00  0.000E+00  0.000E+00  5.655E+00  6.283E+00
  2.601E+00  4.257E+00  0.000E+00  0.000E+00  5.655E+00  6.283E+00
  4.257E+00  6.967E+00  0.000E+00  0.000E+00  5.655E+00  6.283E+00
  6.967E+00  1.140E+01  0.000E+00  0.000E+00  5.655E+00  6.283E+00
  1.140E+01  1.866E+01  0.000E+00  0.000E+00  5.655E+00  6.283E+00
  1.866E+01  3.055E+01  0.000E+00  0.000E+00  5.655E+00  6.283E+00
  3.055E+01  5.000E+01  0.000E+00  0.000E+00  5.655E+00  6.283E+00
  5.000E+01  5.000E+01  0.000E+00  0.000E+00  5.655E+00  6.283E+00

  1.000E-09  1.000E-09  0.000E+00  0.000E+00  6.283E+00  6.283E+00
  1.637E-09  1.637E-09  0.000E+00  0.000E+00  6.283E+00  6.283E+00
  2.679E-09  2.679E-09  0.000E+00  0.000E+00  6.283E+00  6.283E+00
  4.385E-09  4.385E-09  0.000E+00  0.000E+00  6.283E+00  6.283E+00
  7.177E-09  7.177E-09  0.000E+00  0.000E+00  6.283E+00  6.283E+00
  1.175E-08  1.175E-08  0.000E+00  0.000E+00  6.283E+00  6.283E+00
  1.923E-08  1.923E-08  0.000E+00  0.000E+00  6.283E+00  6.283E+00
  3.147E-08  3.147E-08  0.000E+00  0.000E+00  6.283E+00  6.283E+00
  5.150E-08  5.150E-08  0.000E+00  0.000E+00  6.283E+00  6.283E+00
  8.430E-08  8.430E-08  0.000E+00  0.000E+00  6.283E+00  6.283E+00
  1.380E-07  1.380E-07  0.000E+00  0.000E+00  6.283E+00  6.283E+00
  2.258E-07  2.258E-07  0.000E+00  0.000E+00  6.283E+00  6.283E+00
  3.696E-07  3.696E-07  0.000E+00  0.000E+00  6.283E+00  6.283E+00
  6.050E-07  6.050E-07  0.000E+00  0.000E+00  6.283E+00  6.283E+00
  9.902E-07  9.902E-07  0.000E+00  0.000E+00  6.283E+00  6.283E+00
  1.621E-06  1.621E-06  0.000E+00  0.000E+00  6.283E+00  6.283E+00
  2.653E-06  2.653E-06  0.000E+00  0.000E+00  6.283E+00  6.283E+00
  4.342E-06  4.342E-06  0.000E+00  0.000E+00  6.283E+00  6.283E+00
  7.106E-06  7.106E-06  0.000E+00  0.000E+00  6.283E+00  6.283E+00
  1.163E-05  1.163E-05  0.000E+00  0.000E+00  6.283E+00  6.283E+00
  1.904E-05  1.904E-05  0.000E+00  0.000E+00  6.283E+00  6.283E+00
  3.116E-05  3.116E-05  0.000E+00  0.000E+00  6.283E+00  6.283E+00
  5.100E-05  5.100E-05  0.000E+00  0.000E+00  6.283E+00  6.283E+00
  8.347E-05  8.347E-05  0.000E+00  0.000E+00  6.283E+00  6.283E+00
  1.366E-04  1.366E-04  0.000E+00  0.000E+00  6.283E+00  6.283E+00
  2.236E-04  2.236E-04  0.000E+00  0.000E+00  6.283E+00  6.283E+00
  3.660E-04  3.660E-04  0.000E+00  0.000E+00  6.283E+00  6.283E+00
  5.990E-04  5.990E-04  0.000E+00  0.000E+00  6.283E+00  6.283E+00
  9.804E-04  9.804E-04  0.000E+00  0.000E+00  6.283E+00  6.283E+00
  1.605E-03  1.605E-03  0.000E+00  0.000E+00  6.283E+00  6.283E+00
  2.627E-03  2.627E-03  0.000E+00  0.000E+00  6.283E+00  6.283E+00
  4.299E-03  4.299E-03  0.000E+00  0.000E+00  6.283E+00  6.283E+00
  7.036E-03  7.036E-03  0.000E+00  0.000E+00  6.283E+00  6.283E+00
  1.152E-02  1.152E-02  0.000E+00  0.000E+00  6.283E+00  6.283E+00
  1.885E-02  1.885E-02  0.000E+00  0.000E+00  6.283E+00  6.283E+00
  3.085E-02  3.085E-02  0.000E+00  0.000E+00  6.283E+00  6.283E+00
  5.050E-02  5.050E-02  0.000E+00  0.000E+00  6.283E+00  6.283E+00
  8.265E-02  8.265E-02  0.000E+00  0.000E+00  6.283E+00  6.283E+00
  1.353E-01  1.353E-01  0.000E+00  0.000E+00  6.283E+00  6.283E+00
  2.214E-01  2.214E-01  0.000E+00  0.000E+00  6.283E+00  6.283E+00
  3.624E-01  3.624E-01  0.000E+00  0.000E+00  6.283E+00  6.283E+00
  5.931E-01  5.931E-01  0.000E+00  0.000E+00  6.283E+00  6.283E+00
  9.708E-01  9.708E-01  0.000E+00  0.000E+00  6.283E+00  6.283E+00
  1.589E+00  1.589E+00  0.000E+00  0.000E+00  6.283E+00  6.283E+00
  2.601E+00  2.601E+00  0.000E+00  0.000E+00  6.283E+00  6.283E+00
  4.257E+00  4.257E+00  0.000E+00  0.000E+00  6.283E+00  6.283E+00
  6.967E+00  6.967E+00  0.000E+00  0.000E+00  6.283E+00  6.283E+00
  1.140E+01  1.140E+01  0.000E+00  0.000E+00  6.283E+00  6.283E+00
  1.866E+01  1.866E+01  0.000E+00  0.000E+00  6.283E+00  6.283E+00
  3.055E+01  3.055E+01  0.000E+00  0.000E+00  6.283E+00  6.283E+00
  5.000E+01  5.000E+01  0.000E+00  0.000E+00  6.283E+00  6.283E+00
