 # Detector n:            1   piCurrUD  (integrated over solid angle)
 # N. of energy intervals          50
  1.000E-09  1.637E-09  0.000E+00  0.000E+00
  1.637E-09  2.679E-09  0.000E+00  0.000E+00
  2.679E-09  4.385E-09  0.000E+00  0.000E+00
  4.385E-09  7.177E-09  0.000E+00  0.000E+00
  7.177E-09  1.175E-08  0.000E+00  0.000E+00
  1.175E-08  1.923E-08  0.000E+00  0.000E+00
  1.923E-08  3.147E-08  0.000E+00  0.000E+00
  3.147E-08  5.150E-08  0.000E+00  0.000E+00
  5.150E-08  8.430E-08  0.000E+00  0.000E+00
  8.430E-08  1.380E-07  0.000E+00  0.000E+00
  1.380E-07  2.258E-07  0.000E+00  0.000E+00
  2.258E-07  3.696E-07  0.000E+00  0.000E+00
  3.696E-07  6.050E-07  0.000E+00  0.000E+00
  6.050E-07  9.902E-07  0.000E+00  0.000E+00
  9.902E-07  1.621E-06  0.000E+00  0.000E+00
  1.621E-06  2.653E-06  0.000E+00  0.000E+00
  2.653E-06  4.342E-06  0.000E+00  0.000E+00
  4.342E-06  7.106E-06  0.000E+00  0.000E+00
  7.106E-06  1.163E-05  0.000E+00  0.000E+00
  1.163E-05  1.904E-05  0.000E+00  0.000E+00
  1.904E-05  3.116E-05  0.000E+00  0.000E+00
  3.116E-05  5.100E-05  0.000E+00  0.000E+00
  5.100E-05  8.347E-05  7.699E-05  9.900E+01
  8.347E-05  1.366E-04  4.704E-05  9.900E+01
  1.366E-04  2.236E-04  5.748E-05  6.124E+01
  2.236E-04  3.660E-04  8.779E-05  4.472E+01
  3.660E-04  5.990E-04  1.502E-04  2.624E+01
  5.990E-04  9.804E-04  1.114E-04  1.995E+01
  9.804E-04  1.605E-03  5.206E-05  2.878E+01
  1.605E-03  2.627E-03  9.787E-05  1.976E+01
  2.627E-03  4.299E-03  8.222E-05  8.131E+00
  4.299E-03  7.036E-03  9.681E-05  1.630E+01
  7.036E-03  1.152E-02  1.222E-04  6.143E+00
  1.152E-02  1.885E-02  2.097E-04  6.240E+00
  1.885E-02  3.085E-02  3.291E-04  3.032E+00
  3.085E-02  5.050E-02  4.242E-04  1.785E+00
  5.050E-02  8.265E-02  5.115E-04  9.484E-01
  8.265E-02  1.353E-01  5.317E-04  9.650E-01
  1.353E-01  2.214E-01  5.880E-04  7.124E-01
  2.214E-01  3.624E-01  6.205E-04  6.586E-01
  3.624E-01  5.931E-01  5.311E-04  3.085E-01
  5.931E-01  9.708E-01  3.656E-04  4.369E-01
  9.708E-01  1.589E+00  2.335E-04  2.633E-01
  1.589E+00  2.601E+00  1.386E-04  5.407E-01
  2.601E+00  4.257E+00  7.470E-05  2.333E-01
  4.257E+00  6.967E+00  3.613E-05  5.299E-01
  6.967E+00  1.140E+01  1.461E-05  4.166E-01
  1.140E+01  1.866E+01  4.483E-06  7.310E-01
  1.866E+01  3.055E+01  8.812E-07  1.028E+00
  3.055E+01  5.000E+01  4.768E-08  3.845E+00


 # double differential distributions
 # number of solid angle intervals          10
 # Block n:            1     0.00000000      :  0.628318548    
  1.000E-09  1.637E-09  0.000E+00  0.000E+00  0.000E+00  6.283E-01
  1.637E-09  2.679E-09  0.000E+00  0.000E+00  0.000E+00  6.283E-01
  2.679E-09  4.385E-09  0.000E+00  0.000E+00  0.000E+00  6.283E-01
  4.385E-09  7.177E-09  0.000E+00  0.000E+00  0.000E+00  6.283E-01
  7.177E-09  1.175E-08  0.000E+00  0.000E+00  0.000E+00  6.283E-01
  1.175E-08  1.923E-08  0.000E+00  0.000E+00  0.000E+00  6.283E-01
  1.923E-08  3.147E-08  0.000E+00  0.000E+00  0.000E+00  6.283E-01
  3.147E-08  5.150E-08  0.000E+00  0.000E+00  0.000E+00  6.283E-01
  5.150E-08  8.430E-08  0.000E+00  0.000E+00  0.000E+00  6.283E-01
  8.430E-08  1.380E-07  0.000E+00  0.000E+00  0.000E+00  6.283E-01
  1.380E-07  2.258E-07  0.000E+00  0.000E+00  0.000E+00  6.283E-01
  2.258E-07  3.696E-07  0.000E+00  0.000E+00  0.000E+00  6.283E-01
  3.696E-07  6.050E-07  0.000E+00  0.000E+00  0.000E+00  6.283E-01
  6.050E-07  9.902E-07  0.000E+00  0.000E+00  0.000E+00  6.283E-01
  9.902E-07  1.621E-06  0.000E+00  0.000E+00  0.000E+00  6.283E-01
  1.621E-06  2.653E-06  0.000E+00  0.000E+00  0.000E+00  6.283E-01
  2.653E-06  4.342E-06  0.000E+00  0.000E+00  0.000E+00  6.283E-01
  4.342E-06  7.106E-06  0.000E+00  0.000E+00  0.000E+00  6.283E-01
  7.106E-06  1.163E-05  0.000E+00  0.000E+00  0.000E+00  6.283E-01
  1.163E-05  1.904E-05  0.000E+00  0.000E+00  0.000E+00  6.283E-01
  1.904E-05  3.116E-05  0.000E+00  0.000E+00  0.000E+00  6.283E-01
  3.116E-05  5.100E-05  0.000E+00  0.000E+00  0.000E+00  6.283E-01
  5.100E-05  8.347E-05  0.000E+00  0.000E+00  0.000E+00  6.283E-01
  8.347E-05  1.366E-04  7.486E-05  9.900E+01  0.000E+00  6.283E-01
  1.366E-04  2.236E-04  0.000E+00  0.000E+00  0.000E+00  6.283E-01
  2.236E-04  3.660E-04  2.795E-05  9.900E+01  0.000E+00  6.283E-01
  3.660E-04  5.990E-04  0.000E+00  0.000E+00  0.000E+00  6.283E-01
  5.990E-04  9.804E-04  5.216E-05  3.162E+01  0.000E+00  6.283E-01
  9.804E-04  1.605E-03  1.275E-05  6.124E+01  0.000E+00  6.283E-01
  1.605E-03  2.627E-03  2.726E-05  4.845E+01  0.000E+00  6.283E-01
  2.627E-03  4.299E-03  1.427E-05  1.667E+01  0.000E+00  6.283E-01
  4.299E-03  7.036E-03  2.180E-05  5.578E+01  0.000E+00  6.283E-01
  7.036E-03  1.152E-02  2.487E-05  1.071E+01  0.000E+00  6.283E-01
  1.152E-02  1.885E-02  4.558E-05  1.226E+01  0.000E+00  6.283E-01
  1.885E-02  3.085E-02  8.023E-05  1.075E+01  0.000E+00  6.283E-01
  3.085E-02  5.050E-02  1.005E-04  2.894E+00  0.000E+00  6.283E-01
  5.050E-02  8.265E-02  1.309E-04  2.003E+00  0.000E+00  6.283E-01
  8.265E-02  1.353E-01  1.580E-04  2.613E+00  0.000E+00  6.283E-01
  1.353E-01  2.214E-01  2.286E-04  8.752E-01  0.000E+00  6.283E-01
  2.214E-01  3.624E-01  3.309E-04  1.355E+00  0.000E+00  6.283E-01
  3.624E-01  5.931E-01  4.092E-04  4.128E-01  0.000E+00  6.283E-01
  5.931E-01  9.708E-01  4.052E-04  8.156E-01  0.000E+00  6.283E-01
  9.708E-01  1.589E+00  3.302E-04  2.622E-01  0.000E+00  6.283E-01
  1.589E+00  2.601E+00  2.161E-04  5.469E-01  0.000E+00  6.283E-01
  2.601E+00  4.257E+00  1.187E-04  2.333E-01  0.000E+00  6.283E-01
  4.257E+00  6.967E+00  5.750E-05  5.286E-01  0.000E+00  6.283E-01
  6.967E+00  1.140E+01  2.326E-05  4.166E-01  0.000E+00  6.283E-01
  1.140E+01  1.866E+01  7.135E-06  7.310E-01  0.000E+00  6.283E-01
  1.866E+01  3.055E+01  1.402E-06  1.028E+00  0.000E+00  6.283E-01
  3.055E+01  5.000E+01  7.589E-08  3.845E+00  0.000E+00  6.283E-01
  5.000E+01  5.000E+01  0.000E+00  0.000E+00  0.000E+00  6.283E-01

 # Block n:            2    0.628318548      :   1.25663710    
  1.000E-09  1.637E-09  0.000E+00  0.000E+00  6.283E-01  1.257E+00
  1.637E-09  2.679E-09  0.000E+00  0.000E+00  6.283E-01  1.257E+00
  2.679E-09  4.385E-09  0.000E+00  0.000E+00  6.283E-01  1.257E+00
  4.385E-09  7.177E-09  0.000E+00  0.000E+00  6.283E-01  1.257E+00
  7.177E-09  1.175E-08  0.000E+00  0.000E+00  6.283E-01  1.257E+00
  1.175E-08  1.923E-08  0.000E+00  0.000E+00  6.283E-01  1.257E+00
  1.923E-08  3.147E-08  0.000E+00  0.000E+00  6.283E-01  1.257E+00
  3.147E-08  5.150E-08  0.000E+00  0.000E+00  6.283E-01  1.257E+00
  5.150E-08  8.430E-08  0.000E+00  0.000E+00  6.283E-01  1.257E+00
  8.430E-08  1.380E-07  0.000E+00  0.000E+00  6.283E-01  1.257E+00
  1.380E-07  2.258E-07  0.000E+00  0.000E+00  6.283E-01  1.257E+00
  2.258E-07  3.696E-07  0.000E+00  0.000E+00  6.283E-01  1.257E+00
  3.696E-07  6.050E-07  0.000E+00  0.000E+00  6.283E-01  1.257E+00
  6.050E-07  9.902E-07  0.000E+00  0.000E+00  6.283E-01  1.257E+00
  9.902E-07  1.621E-06  0.000E+00  0.000E+00  6.283E-01  1.257E+00
  1.621E-06  2.653E-06  0.000E+00  0.000E+00  6.283E-01  1.257E+00
  2.653E-06  4.342E-06  0.000E+00  0.000E+00  6.283E-01  1.257E+00
  4.342E-06  7.106E-06  0.000E+00  0.000E+00  6.283E-01  1.257E+00
  7.106E-06  1.163E-05  0.000E+00  0.000E+00  6.283E-01  1.257E+00
  1.163E-05  1.904E-05  0.000E+00  0.000E+00  6.283E-01  1.257E+00
  1.904E-05  3.116E-05  0.000E+00  0.000E+00  6.283E-01  1.257E+00
  3.116E-05  5.100E-05  0.000E+00  0.000E+00  6.283E-01  1.257E+00
  5.100E-05  8.347E-05  0.000E+00  0.000E+00  6.283E-01  1.257E+00
  8.347E-05  1.366E-04  0.000E+00  0.000E+00  6.283E-01  1.257E+00
  1.366E-04  2.236E-04  0.000E+00  0.000E+00  6.283E-01  1.257E+00
  2.236E-04  3.660E-04  0.000E+00  0.000E+00  6.283E-01  1.257E+00
  3.660E-04  5.990E-04  3.415E-05  6.124E+01  6.283E-01  1.257E+00
  5.990E-04  9.804E-04  1.043E-05  9.900E+01  6.283E-01  1.257E+00
  9.804E-04  1.605E-03  1.912E-05  6.667E+01  6.283E-01  1.257E+00
  1.605E-03  2.627E-03  1.947E-05  4.472E+01  6.283E-01  1.257E+00
  2.627E-03  4.299E-03  1.427E-05  4.082E+01  6.283E-01  1.257E+00
  4.299E-03  7.036E-03  2.326E-05  2.500E+01  6.283E-01  1.257E+00
  7.036E-03  1.152E-02  2.664E-05  2.472E+01  6.283E-01  1.257E+00
  1.152E-02  1.885E-02  5.209E-05  6.029E+00  6.283E-01  1.257E+00
  1.885E-02  3.085E-02  7.724E-05  7.006E+00  6.283E-01  1.257E+00
  3.085E-02  5.050E-02  9.540E-05  7.396E+00  6.283E-01  1.257E+00
  5.050E-02  8.265E-02  1.245E-04  4.165E+00  6.283E-01  1.257E+00
  8.265E-02  1.353E-01  1.409E-04  3.194E+00  6.283E-01  1.257E+00
  1.353E-01  2.214E-01  1.839E-04  1.523E+00  6.283E-01  1.257E+00
  2.214E-01  3.624E-01  2.215E-04  1.027E+00  6.283E-01  1.257E+00
  3.624E-01  5.931E-01  1.966E-04  6.902E-01  6.283E-01  1.257E+00
  5.931E-01  9.708E-01  1.069E-04  8.263E-01  6.283E-01  1.257E+00
  9.708E-01  1.589E+00  3.211E-05  5.884E-01  6.283E-01  1.257E+00
  1.589E+00  2.601E+00  4.157E-06  4.104E+00  6.283E-01  1.257E+00
  2.601E+00  4.257E+00  1.490E-07  9.744E+00  6.283E-01  1.257E+00
  4.257E+00  6.967E+00  1.468E-09  9.900E+01  6.283E-01  1.257E+00
  6.967E+00  1.140E+01  0.000E+00  0.000E+00  6.283E-01  1.257E+00
  1.140E+01  1.866E+01  0.000E+00  0.000E+00  6.283E-01  1.257E+00
  1.866E+01  3.055E+01  0.000E+00  0.000E+00  6.283E-01  1.257E+00
  3.055E+01  5.000E+01  0.000E+00  0.000E+00  6.283E-01  1.257E+00
  5.000E+01  5.000E+01  0.000E+00  0.000E+00  6.283E-01  1.257E+00

 # Block n:            3     1.25663710      :   1.88495564    
  1.000E-09  1.637E-09  0.000E+00  0.000E+00  1.257E+00  1.885E+00
  1.637E-09  2.679E-09  0.000E+00  0.000E+00  1.257E+00  1.885E+00
  2.679E-09  4.385E-09  0.000E+00  0.000E+00  1.257E+00  1.885E+00
  4.385E-09  7.177E-09  0.000E+00  0.000E+00  1.257E+00  1.885E+00
  7.177E-09  1.175E-08  0.000E+00  0.000E+00  1.257E+00  1.885E+00
  1.175E-08  1.923E-08  0.000E+00  0.000E+00  1.257E+00  1.885E+00
  1.923E-08  3.147E-08  0.000E+00  0.000E+00  1.257E+00  1.885E+00
  3.147E-08  5.150E-08  0.000E+00  0.000E+00  1.257E+00  1.885E+00
  5.150E-08  8.430E-08  0.000E+00  0.000E+00  1.257E+00  1.885E+00
  8.430E-08  1.380E-07  0.000E+00  0.000E+00  1.257E+00  1.885E+00
  1.380E-07  2.258E-07  0.000E+00  0.000E+00  1.257E+00  1.885E+00
  2.258E-07  3.696E-07  0.000E+00  0.000E+00  1.257E+00  1.885E+00
  3.696E-07  6.050E-07  0.000E+00  0.000E+00  1.257E+00  1.885E+00
  6.050E-07  9.902E-07  0.000E+00  0.000E+00  1.257E+00  1.885E+00
  9.902E-07  1.621E-06  0.000E+00  0.000E+00  1.257E+00  1.885E+00
  1.621E-06  2.653E-06  0.000E+00  0.000E+00  1.257E+00  1.885E+00
  2.653E-06  4.342E-06  0.000E+00  0.000E+00  1.257E+00  1.885E+00
  4.342E-06  7.106E-06  0.000E+00  0.000E+00  1.257E+00  1.885E+00
  7.106E-06  1.163E-05  0.000E+00  0.000E+00  1.257E+00  1.885E+00
  1.163E-05  1.904E-05  0.000E+00  0.000E+00  1.257E+00  1.885E+00
  1.904E-05  3.116E-05  0.000E+00  0.000E+00  1.257E+00  1.885E+00
  3.116E-05  5.100E-05  0.000E+00  0.000E+00  1.257E+00  1.885E+00
  5.100E-05  8.347E-05  0.000E+00  0.000E+00  1.257E+00  1.885E+00
  8.347E-05  1.366E-04  0.000E+00  0.000E+00  1.257E+00  1.885E+00
  1.366E-04  2.236E-04  4.574E-05  9.900E+01  1.257E+00  1.885E+00
  2.236E-04  3.660E-04  0.000E+00  0.000E+00  1.257E+00  1.885E+00
  3.660E-04  5.990E-04  0.000E+00  0.000E+00  1.257E+00  1.885E+00
  5.990E-04  9.804E-04  2.086E-05  6.124E+01  1.257E+00  1.885E+00
  9.804E-04  1.605E-03  6.373E-06  9.900E+01  1.257E+00  1.885E+00
  1.605E-03  2.627E-03  2.336E-05  4.082E+01  1.257E+00  1.885E+00
  2.627E-03  4.299E-03  2.617E-05  3.340E+01  1.257E+00  1.885E+00
  4.299E-03  7.036E-03  1.308E-05  4.082E+01  1.257E+00  1.885E+00
  7.036E-03  1.152E-02  3.552E-05  1.976E+01  1.257E+00  1.885E+00
  1.152E-02  1.885E-02  4.341E-05  1.296E+01  1.257E+00  1.885E+00
  1.885E-02  3.085E-02  6.796E-05  7.276E+00  1.257E+00  1.885E+00
  3.085E-02  5.050E-02  1.067E-04  2.694E+00  1.257E+00  1.885E+00
  5.050E-02  8.265E-02  1.114E-04  1.165E+00  1.257E+00  1.885E+00
  8.265E-02  1.353E-01  1.224E-04  1.864E+00  1.257E+00  1.885E+00
  1.353E-01  2.214E-01  1.462E-04  1.137E+00  1.257E+00  1.885E+00
  2.214E-01  3.624E-01  1.490E-04  6.969E-01  1.257E+00  1.885E+00
  3.624E-01  5.931E-01  1.005E-04  1.184E+00  1.257E+00  1.885E+00
  5.931E-01  9.708E-01  3.886E-05  6.052E-01  1.257E+00  1.885E+00
  9.708E-01  1.589E+00  6.759E-06  1.963E+00  1.257E+00  1.885E+00
  1.589E+00  2.601E+00  2.949E-07  5.963E+00  1.257E+00  1.885E+00
  2.601E+00  4.257E+00  0.000E+00  0.000E+00  1.257E+00  1.885E+00
  4.257E+00  6.967E+00  0.000E+00  0.000E+00  1.257E+00  1.885E+00
  6.967E+00  1.140E+01  0.000E+00  0.000E+00  1.257E+00  1.885E+00
  1.140E+01  1.866E+01  0.000E+00  0.000E+00  1.257E+00  1.885E+00
  1.866E+01  3.055E+01  0.000E+00  0.000E+00  1.257E+00  1.885E+00
  3.055E+01  5.000E+01  0.000E+00  0.000E+00  1.257E+00  1.885E+00
  5.000E+01  5.000E+01  0.000E+00  0.000E+00  1.257E+00  1.885E+00

 # Block n:            4     1.88495564      :   2.51327419    
  1.000E-09  1.637E-09  0.000E+00  0.000E+00  1.885E+00  2.513E+00
  1.637E-09  2.679E-09  0.000E+00  0.000E+00  1.885E+00  2.513E+00
  2.679E-09  4.385E-09  0.000E+00  0.000E+00  1.885E+00  2.513E+00
  4.385E-09  7.177E-09  0.000E+00  0.000E+00  1.885E+00  2.513E+00
  7.177E-09  1.175E-08  0.000E+00  0.000E+00  1.885E+00  2.513E+00
  1.175E-08  1.923E-08  0.000E+00  0.000E+00  1.885E+00  2.513E+00
  1.923E-08  3.147E-08  0.000E+00  0.000E+00  1.885E+00  2.513E+00
  3.147E-08  5.150E-08  0.000E+00  0.000E+00  1.885E+00  2.513E+00
  5.150E-08  8.430E-08  0.000E+00  0.000E+00  1.885E+00  2.513E+00
  8.430E-08  1.380E-07  0.000E+00  0.000E+00  1.885E+00  2.513E+00
  1.380E-07  2.258E-07  0.000E+00  0.000E+00  1.885E+00  2.513E+00
  2.258E-07  3.696E-07  0.000E+00  0.000E+00  1.885E+00  2.513E+00
  3.696E-07  6.050E-07  0.000E+00  0.000E+00  1.885E+00  2.513E+00
  6.050E-07  9.902E-07  0.000E+00  0.000E+00  1.885E+00  2.513E+00
  9.902E-07  1.621E-06  0.000E+00  0.000E+00  1.885E+00  2.513E+00
  1.621E-06  2.653E-06  0.000E+00  0.000E+00  1.885E+00  2.513E+00
  2.653E-06  4.342E-06  0.000E+00  0.000E+00  1.885E+00  2.513E+00
  4.342E-06  7.106E-06  0.000E+00  0.000E+00  1.885E+00  2.513E+00
  7.106E-06  1.163E-05  0.000E+00  0.000E+00  1.885E+00  2.513E+00
  1.163E-05  1.904E-05  0.000E+00  0.000E+00  1.885E+00  2.513E+00
  1.904E-05  3.116E-05  0.000E+00  0.000E+00  1.885E+00  2.513E+00
  3.116E-05  5.100E-05  0.000E+00  0.000E+00  1.885E+00  2.513E+00
  5.100E-05  8.347E-05  0.000E+00  0.000E+00  1.885E+00  2.513E+00
  8.347E-05  1.366E-04  0.000E+00  0.000E+00  1.885E+00  2.513E+00
  1.366E-04  2.236E-04  0.000E+00  0.000E+00  1.885E+00  2.513E+00
  2.236E-04  3.660E-04  0.000E+00  0.000E+00  1.885E+00  2.513E+00
  3.660E-04  5.990E-04  5.122E-05  4.082E+01  1.885E+00  2.513E+00
  5.990E-04  9.804E-04  1.043E-05  9.900E+01  1.885E+00  2.513E+00
  9.804E-04  1.605E-03  6.373E-06  9.900E+01  1.885E+00  2.513E+00
  1.605E-03  2.627E-03  2.336E-05  4.859E+01  1.885E+00  2.513E+00
  2.627E-03  4.299E-03  3.093E-05  3.353E+01  1.885E+00  2.513E+00
  4.299E-03  7.036E-03  1.890E-05  1.538E+01  1.885E+00  2.513E+00
  7.036E-03  1.152E-02  2.398E-05  2.160E+01  1.885E+00  2.513E+00
  1.152E-02  1.885E-02  4.775E-05  9.939E+00  1.885E+00  2.513E+00
  1.885E-02  3.085E-02  6.332E-05  7.515E+00  1.885E+00  2.513E+00
  3.085E-02  5.050E-02  8.547E-05  3.547E+00  1.885E+00  2.513E+00
  5.050E-02  8.265E-02  1.037E-04  3.897E+00  1.885E+00  2.513E+00
  8.265E-02  1.353E-01  1.107E-04  2.384E+00  1.885E+00  2.513E+00
  1.353E-01  2.214E-01  1.138E-04  1.330E+00  1.885E+00  2.513E+00
  2.214E-01  3.624E-01  1.035E-04  1.284E+00  1.885E+00  2.513E+00
  3.624E-01  5.931E-01  5.697E-05  1.116E+00  1.885E+00  2.513E+00
  5.931E-01  9.708E-01  1.668E-05  2.981E+00  1.885E+00  2.513E+00
  9.708E-01  1.589E+00  1.860E-06  3.434E+00  1.885E+00  2.513E+00
  1.589E+00  2.601E+00  5.506E-08  3.072E+01  1.885E+00  2.513E+00
  2.601E+00  4.257E+00  0.000E+00  0.000E+00  1.885E+00  2.513E+00
  4.257E+00  6.967E+00  0.000E+00  0.000E+00  1.885E+00  2.513E+00
  6.967E+00  1.140E+01  0.000E+00  0.000E+00  1.885E+00  2.513E+00
  1.140E+01  1.866E+01  0.000E+00  0.000E+00  1.885E+00  2.513E+00
  1.866E+01  3.055E+01  0.000E+00  0.000E+00  1.885E+00  2.513E+00
  3.055E+01  5.000E+01  0.000E+00  0.000E+00  1.885E+00  2.513E+00
  5.000E+01  5.000E+01  0.000E+00  0.000E+00  1.885E+00  2.513E+00

 # Block n:            5     2.51327419      :   3.14159274    
  1.000E-09  1.637E-09  0.000E+00  0.000E+00  2.513E+00  3.142E+00
  1.637E-09  2.679E-09  0.000E+00  0.000E+00  2.513E+00  3.142E+00
  2.679E-09  4.385E-09  0.000E+00  0.000E+00  2.513E+00  3.142E+00
  4.385E-09  7.177E-09  0.000E+00  0.000E+00  2.513E+00  3.142E+00
  7.177E-09  1.175E-08  0.000E+00  0.000E+00  2.513E+00  3.142E+00
  1.175E-08  1.923E-08  0.000E+00  0.000E+00  2.513E+00  3.142E+00
  1.923E-08  3.147E-08  0.000E+00  0.000E+00  2.513E+00  3.142E+00
  3.147E-08  5.150E-08  0.000E+00  0.000E+00  2.513E+00  3.142E+00
  5.150E-08  8.430E-08  0.000E+00  0.000E+00  2.513E+00  3.142E+00
  8.430E-08  1.380E-07  0.000E+00  0.000E+00  2.513E+00  3.142E+00
  1.380E-07  2.258E-07  0.000E+00  0.000E+00  2.513E+00  3.142E+00
  2.258E-07  3.696E-07  0.000E+00  0.000E+00  2.513E+00  3.142E+00
  3.696E-07  6.050E-07  0.000E+00  0.000E+00  2.513E+00  3.142E+00
  6.050E-07  9.902E-07  0.000E+00  0.000E+00  2.513E+00  3.142E+00
  9.902E-07  1.621E-06  0.000E+00  0.000E+00  2.513E+00  3.142E+00
  1.621E-06  2.653E-06  0.000E+00  0.000E+00  2.513E+00  3.142E+00
  2.653E-06  4.342E-06  0.000E+00  0.000E+00  2.513E+00  3.142E+00
  4.342E-06  7.106E-06  0.000E+00  0.000E+00  2.513E+00  3.142E+00
  7.106E-06  1.163E-05  0.000E+00  0.000E+00  2.513E+00  3.142E+00
  1.163E-05  1.904E-05  0.000E+00  0.000E+00  2.513E+00  3.142E+00
  1.904E-05  3.116E-05  0.000E+00  0.000E+00  2.513E+00  3.142E+00
  3.116E-05  5.100E-05  0.000E+00  0.000E+00  2.513E+00  3.142E+00
  5.100E-05  8.347E-05  0.000E+00  0.000E+00  2.513E+00  3.142E+00
  8.347E-05  1.366E-04  0.000E+00  0.000E+00  2.513E+00  3.142E+00
  1.366E-04  2.236E-04  0.000E+00  0.000E+00  2.513E+00  3.142E+00
  2.236E-04  3.660E-04  0.000E+00  0.000E+00  2.513E+00  3.142E+00
  3.660E-04  5.990E-04  1.707E-05  9.900E+01  2.513E+00  3.142E+00
  5.990E-04  9.804E-04  4.173E-05  4.677E+01  2.513E+00  3.142E+00
  9.804E-04  1.605E-03  6.373E-06  9.900E+01  2.513E+00  3.142E+00
  1.605E-03  2.627E-03  1.558E-05  4.677E+01  2.513E+00  3.142E+00
  2.627E-03  4.299E-03  7.137E-06  6.667E+01  2.513E+00  3.142E+00
  4.299E-03  7.036E-03  1.454E-05  4.183E+01  2.513E+00  3.142E+00
  7.036E-03  1.152E-02  2.309E-05  2.226E+01  2.513E+00  3.142E+00
  1.152E-02  1.885E-02  3.852E-05  1.144E+01  2.513E+00  3.142E+00
  1.885E-02  3.085E-02  6.895E-05  8.852E+00  2.513E+00  3.142E+00
  3.085E-02  5.050E-02  8.345E-05  5.713E+00  2.513E+00  3.142E+00
  5.050E-02  8.265E-02  9.541E-05  4.381E+00  2.513E+00  3.142E+00
  8.265E-02  1.353E-01  9.738E-05  3.316E+00  2.513E+00  3.142E+00
  1.353E-01  2.214E-01  9.072E-05  9.368E-01  2.513E+00  3.142E+00
  2.214E-01  3.624E-01  7.084E-05  1.014E+00  2.513E+00  3.142E+00
  3.624E-01  5.931E-01  3.576E-05  2.827E+00  2.513E+00  3.142E+00
  5.931E-01  9.708E-01  7.975E-06  5.758E-01  2.513E+00  3.142E+00
  9.708E-01  1.589E+00  5.600E-07  6.190E+00  2.513E+00  3.142E+00
  1.589E+00  2.601E+00  3.933E-09  9.900E+01  2.513E+00  3.142E+00
  2.601E+00  4.257E+00  0.000E+00  0.000E+00  2.513E+00  3.142E+00
  4.257E+00  6.967E+00  0.000E+00  0.000E+00  2.513E+00  3.142E+00
  6.967E+00  1.140E+01  0.000E+00  0.000E+00  2.513E+00  3.142E+00
  1.140E+01  1.866E+01  0.000E+00  0.000E+00  2.513E+00  3.142E+00
  1.866E+01  3.055E+01  0.000E+00  0.000E+00  2.513E+00  3.142E+00
  3.055E+01  5.000E+01  0.000E+00  0.000E+00  2.513E+00  3.142E+00
  5.000E+01  5.000E+01  0.000E+00  0.000E+00  2.513E+00  3.142E+00

 # Block n:            6     3.14159274      :   3.76991129    
  1.000E-09  1.637E-09  0.000E+00  0.000E+00  3.142E+00  3.770E+00
  1.637E-09  2.679E-09  0.000E+00  0.000E+00  3.142E+00  3.770E+00
  2.679E-09  4.385E-09  0.000E+00  0.000E+00  3.142E+00  3.770E+00
  4.385E-09  7.177E-09  0.000E+00  0.000E+00  3.142E+00  3.770E+00
  7.177E-09  1.175E-08  0.000E+00  0.000E+00  3.142E+00  3.770E+00
  1.175E-08  1.923E-08  0.000E+00  0.000E+00  3.142E+00  3.770E+00
  1.923E-08  3.147E-08  0.000E+00  0.000E+00  3.142E+00  3.770E+00
  3.147E-08  5.150E-08  0.000E+00  0.000E+00  3.142E+00  3.770E+00
  5.150E-08  8.430E-08  0.000E+00  0.000E+00  3.142E+00  3.770E+00
  8.430E-08  1.380E-07  0.000E+00  0.000E+00  3.142E+00  3.770E+00
  1.380E-07  2.258E-07  0.000E+00  0.000E+00  3.142E+00  3.770E+00
  2.258E-07  3.696E-07  0.000E+00  0.000E+00  3.142E+00  3.770E+00
  3.696E-07  6.050E-07  0.000E+00  0.000E+00  3.142E+00  3.770E+00
  6.050E-07  9.902E-07  0.000E+00  0.000E+00  3.142E+00  3.770E+00
  9.902E-07  1.621E-06  0.000E+00  0.000E+00  3.142E+00  3.770E+00
  1.621E-06  2.653E-06  0.000E+00  0.000E+00  3.142E+00  3.770E+00
  2.653E-06  4.342E-06  0.000E+00  0.000E+00  3.142E+00  3.770E+00
  4.342E-06  7.106E-06  0.000E+00  0.000E+00  3.142E+00  3.770E+00
  7.106E-06  1.163E-05  0.000E+00  0.000E+00  3.142E+00  3.770E+00
  1.163E-05  1.904E-05  0.000E+00  0.000E+00  3.142E+00  3.770E+00
  1.904E-05  3.116E-05  0.000E+00  0.000E+00  3.142E+00  3.770E+00
  3.116E-05  5.100E-05  0.000E+00  0.000E+00  3.142E+00  3.770E+00
  5.100E-05  8.347E-05  0.000E+00  0.000E+00  3.142E+00  3.770E+00
  8.347E-05  1.366E-04  0.000E+00  0.000E+00  3.142E+00  3.770E+00
  1.366E-04  2.236E-04  0.000E+00  0.000E+00  3.142E+00  3.770E+00
  2.236E-04  3.660E-04  2.795E-05  9.900E+01  3.142E+00  3.770E+00
  3.660E-04  5.990E-04  1.707E-05  9.900E+01  3.142E+00  3.770E+00
  5.990E-04  9.804E-04  0.000E+00  0.000E+00  3.142E+00  3.770E+00
  9.804E-04  1.605E-03  1.275E-05  6.124E+01  3.142E+00  3.770E+00
  1.605E-03  2.627E-03  2.336E-05  4.082E+01  3.142E+00  3.770E+00
  2.627E-03  4.299E-03  1.190E-05  4.472E+01  3.142E+00  3.770E+00
  4.299E-03  7.036E-03  1.454E-05  2.236E+01  3.142E+00  3.770E+00
  7.036E-03  1.152E-02  2.398E-05  1.907E+01  3.142E+00  3.770E+00
  1.152E-02  1.885E-02  4.015E-05  9.884E+00  3.142E+00  3.770E+00
  1.885E-02  3.085E-02  5.901E-05  6.193E+00  3.142E+00  3.770E+00
  3.085E-02  5.050E-02  6.643E-05  4.136E+00  3.142E+00  3.770E+00
  5.050E-02  8.265E-02  9.058E-05  2.854E+00  3.142E+00  3.770E+00
  8.265E-02  1.353E-01  8.528E-05  3.298E+00  3.142E+00  3.770E+00
  1.353E-01  2.214E-01  7.285E-05  2.510E+00  3.142E+00  3.770E+00
  2.214E-01  3.624E-01  4.987E-05  3.243E+00  3.142E+00  3.770E+00
  3.624E-01  5.931E-01  2.249E-05  3.167E+00  3.142E+00  3.770E+00
  5.931E-01  9.708E-01  3.814E-06  8.317E+00  3.142E+00  3.770E+00
  9.708E-01  1.589E+00  1.545E-07  2.976E+01  3.142E+00  3.770E+00
  1.589E+00  2.601E+00  3.933E-09  9.900E+01  3.142E+00  3.770E+00
  2.601E+00  4.257E+00  0.000E+00  0.000E+00  3.142E+00  3.770E+00
  4.257E+00  6.967E+00  0.000E+00  0.000E+00  3.142E+00  3.770E+00
  6.967E+00  1.140E+01  0.000E+00  0.000E+00  3.142E+00  3.770E+00
  1.140E+01  1.866E+01  0.000E+00  0.000E+00  3.142E+00  3.770E+00
  1.866E+01  3.055E+01  0.000E+00  0.000E+00  3.142E+00  3.770E+00
  3.055E+01  5.000E+01  0.000E+00  0.000E+00  3.142E+00  3.770E+00
  5.000E+01  5.000E+01  0.000E+00  0.000E+00  3.142E+00  3.770E+00

 # Block n:            7     3.76991129      :   4.39822960    
  1.000E-09  1.637E-09  0.000E+00  0.000E+00  3.770E+00  4.398E+00
  1.637E-09  2.679E-09  0.000E+00  0.000E+00  3.770E+00  4.398E+00
  2.679E-09  4.385E-09  0.000E+00  0.000E+00  3.770E+00  4.398E+00
  4.385E-09  7.177E-09  0.000E+00  0.000E+00  3.770E+00  4.398E+00
  7.177E-09  1.175E-08  0.000E+00  0.000E+00  3.770E+00  4.398E+00
  1.175E-08  1.923E-08  0.000E+00  0.000E+00  3.770E+00  4.398E+00
  1.923E-08  3.147E-08  0.000E+00  0.000E+00  3.770E+00  4.398E+00
  3.147E-08  5.150E-08  0.000E+00  0.000E+00  3.770E+00  4.398E+00
  5.150E-08  8.430E-08  0.000E+00  0.000E+00  3.770E+00  4.398E+00
  8.430E-08  1.380E-07  0.000E+00  0.000E+00  3.770E+00  4.398E+00
  1.380E-07  2.258E-07  0.000E+00  0.000E+00  3.770E+00  4.398E+00
  2.258E-07  3.696E-07  0.000E+00  0.000E+00  3.770E+00  4.398E+00
  3.696E-07  6.050E-07  0.000E+00  0.000E+00  3.770E+00  4.398E+00
  6.050E-07  9.902E-07  0.000E+00  0.000E+00  3.770E+00  4.398E+00
  9.902E-07  1.621E-06  0.000E+00  0.000E+00  3.770E+00  4.398E+00
  1.621E-06  2.653E-06  0.000E+00  0.000E+00  3.770E+00  4.398E+00
  2.653E-06  4.342E-06  0.000E+00  0.000E+00  3.770E+00  4.398E+00
  4.342E-06  7.106E-06  0.000E+00  0.000E+00  3.770E+00  4.398E+00
  7.106E-06  1.163E-05  0.000E+00  0.000E+00  3.770E+00  4.398E+00
  1.163E-05  1.904E-05  0.000E+00  0.000E+00  3.770E+00  4.398E+00
  1.904E-05  3.116E-05  0.000E+00  0.000E+00  3.770E+00  4.398E+00
  3.116E-05  5.100E-05  0.000E+00  0.000E+00  3.770E+00  4.398E+00
  5.100E-05  8.347E-05  0.000E+00  0.000E+00  3.770E+00  4.398E+00
  8.347E-05  1.366E-04  0.000E+00  0.000E+00  3.770E+00  4.398E+00
  1.366E-04  2.236E-04  0.000E+00  0.000E+00  3.770E+00  4.398E+00
  2.236E-04  3.660E-04  5.589E-05  6.124E+01  3.770E+00  4.398E+00
  3.660E-04  5.990E-04  5.122E-05  4.082E+01  3.770E+00  4.398E+00
  5.990E-04  9.804E-04  3.130E-05  4.082E+01  3.770E+00  4.398E+00
  9.804E-04  1.605E-03  6.373E-06  9.900E+01  3.770E+00  4.398E+00
  1.605E-03  2.627E-03  3.894E-06  9.900E+01  3.770E+00  4.398E+00
  2.627E-03  4.299E-03  1.665E-05  2.857E+01  3.770E+00  4.398E+00
  4.299E-03  7.036E-03  1.308E-05  2.079E+01  3.770E+00  4.398E+00
  7.036E-03  1.152E-02  1.687E-05  2.264E+01  3.770E+00  4.398E+00
  1.152E-02  1.885E-02  2.822E-05  2.031E+01  3.770E+00  4.398E+00
  1.885E-02  3.085E-02  4.575E-05  7.210E+00  3.770E+00  4.398E+00
  3.085E-02  5.050E-02  6.542E-05  4.476E+00  3.770E+00  4.398E+00
  5.050E-02  8.265E-02  6.955E-05  4.014E+00  3.770E+00  4.398E+00
  8.265E-02  1.353E-01  6.374E-05  3.878E+00  3.770E+00  4.398E+00
  1.353E-01  2.214E-01  5.077E-05  1.747E+00  3.770E+00  4.398E+00
  2.214E-01  3.624E-01  3.127E-05  4.532E+00  3.770E+00  4.398E+00
  3.624E-01  5.931E-01  1.347E-05  1.687E+00  3.770E+00  4.398E+00
  5.931E-01  9.708E-01  1.633E-06  5.493E+00  3.770E+00  4.398E+00
  9.708E-01  1.589E+00  4.506E-08  1.750E+01  3.770E+00  4.398E+00
  1.589E+00  2.601E+00  0.000E+00  0.000E+00  3.770E+00  4.398E+00
  2.601E+00  4.257E+00  0.000E+00  0.000E+00  3.770E+00  4.398E+00
  4.257E+00  6.967E+00  0.000E+00  0.000E+00  3.770E+00  4.398E+00
  6.967E+00  1.140E+01  0.000E+00  0.000E+00  3.770E+00  4.398E+00
  1.140E+01  1.866E+01  0.000E+00  0.000E+00  3.770E+00  4.398E+00
  1.866E+01  3.055E+01  0.000E+00  0.000E+00  3.770E+00  4.398E+00
  3.055E+01  5.000E+01  0.000E+00  0.000E+00  3.770E+00  4.398E+00
  5.000E+01  5.000E+01  0.000E+00  0.000E+00  3.770E+00  4.398E+00

 # Block n:            8     4.39822960      :   5.02654839    
  1.000E-09  1.637E-09  0.000E+00  0.000E+00  4.398E+00  5.027E+00
  1.637E-09  2.679E-09  0.000E+00  0.000E+00  4.398E+00  5.027E+00
  2.679E-09  4.385E-09  0.000E+00  0.000E+00  4.398E+00  5.027E+00
  4.385E-09  7.177E-09  0.000E+00  0.000E+00  4.398E+00  5.027E+00
  7.177E-09  1.175E-08  0.000E+00  0.000E+00  4.398E+00  5.027E+00
  1.175E-08  1.923E-08  0.000E+00  0.000E+00  4.398E+00  5.027E+00
  1.923E-08  3.147E-08  0.000E+00  0.000E+00  4.398E+00  5.027E+00
  3.147E-08  5.150E-08  0.000E+00  0.000E+00  4.398E+00  5.027E+00
  5.150E-08  8.430E-08  0.000E+00  0.000E+00  4.398E+00  5.027E+00
  8.430E-08  1.380E-07  0.000E+00  0.000E+00  4.398E+00  5.027E+00
  1.380E-07  2.258E-07  0.000E+00  0.000E+00  4.398E+00  5.027E+00
  2.258E-07  3.696E-07  0.000E+00  0.000E+00  4.398E+00  5.027E+00
  3.696E-07  6.050E-07  0.000E+00  0.000E+00  4.398E+00  5.027E+00
  6.050E-07  9.902E-07  0.000E+00  0.000E+00  4.398E+00  5.027E+00
  9.902E-07  1.621E-06  0.000E+00  0.000E+00  4.398E+00  5.027E+00
  1.621E-06  2.653E-06  0.000E+00  0.000E+00  4.398E+00  5.027E+00
  2.653E-06  4.342E-06  0.000E+00  0.000E+00  4.398E+00  5.027E+00
  4.342E-06  7.106E-06  0.000E+00  0.000E+00  4.398E+00  5.027E+00
  7.106E-06  1.163E-05  0.000E+00  0.000E+00  4.398E+00  5.027E+00
  1.163E-05  1.904E-05  0.000E+00  0.000E+00  4.398E+00  5.027E+00
  1.904E-05  3.116E-05  0.000E+00  0.000E+00  4.398E+00  5.027E+00
  3.116E-05  5.100E-05  0.000E+00  0.000E+00  4.398E+00  5.027E+00
  5.100E-05  8.347E-05  1.225E-04  9.900E+01  4.398E+00  5.027E+00
  8.347E-05  1.366E-04  0.000E+00  0.000E+00  4.398E+00  5.027E+00
  1.366E-04  2.236E-04  0.000E+00  0.000E+00  4.398E+00  5.027E+00
  2.236E-04  3.660E-04  0.000E+00  0.000E+00  4.398E+00  5.027E+00
  3.660E-04  5.990E-04  5.122E-05  6.667E+01  4.398E+00  5.027E+00
  5.990E-04  9.804E-04  1.043E-05  9.900E+01  4.398E+00  5.027E+00
  9.804E-04  1.605E-03  0.000E+00  0.000E+00  4.398E+00  5.027E+00
  1.605E-03  2.627E-03  1.168E-05  6.667E+01  4.398E+00  5.027E+00
  2.627E-03  4.299E-03  4.758E-06  9.900E+01  4.398E+00  5.027E+00
  4.299E-03  7.036E-03  1.890E-05  3.125E+01  4.398E+00  5.027E+00
  7.036E-03  1.152E-02  8.881E-06  2.739E+01  4.398E+00  5.027E+00
  1.152E-02  1.885E-02  1.953E-05  1.347E+01  4.398E+00  5.027E+00
  1.885E-02  3.085E-02  3.680E-05  7.854E+00  4.398E+00  5.027E+00
  3.085E-02  5.050E-02  4.031E-05  1.144E+01  4.398E+00  5.027E+00
  5.050E-02  8.265E-02  4.863E-05  3.829E+00  4.398E+00  5.027E+00
  8.265E-02  1.353E-01  3.788E-05  5.209E+00  4.398E+00  5.027E+00
  1.353E-01  2.214E-01  3.076E-05  4.563E+00  4.398E+00  5.027E+00
  2.214E-01  3.624E-01  1.894E-05  3.426E+00  4.398E+00  5.027E+00
  3.624E-01  5.931E-01  6.863E-06  3.314E+00  4.398E+00  5.027E+00
  5.931E-01  9.708E-01  6.216E-07  8.642E+00  4.398E+00  5.027E+00
  9.708E-01  1.589E+00  0.000E+00  0.000E+00  4.398E+00  5.027E+00
  1.589E+00  2.601E+00  0.000E+00  0.000E+00  4.398E+00  5.027E+00
  2.601E+00  4.257E+00  0.000E+00  0.000E+00  4.398E+00  5.027E+00
  4.257E+00  6.967E+00  0.000E+00  0.000E+00  4.398E+00  5.027E+00
  6.967E+00  1.140E+01  0.000E+00  0.000E+00  4.398E+00  5.027E+00
  1.140E+01  1.866E+01  0.000E+00  0.000E+00  4.398E+00  5.027E+00
  1.866E+01  3.055E+01  0.000E+00  0.000E+00  4.398E+00  5.027E+00
  3.055E+01  5.000E+01  0.000E+00  0.000E+00  4.398E+00  5.027E+00
  5.000E+01  5.000E+01  0.000E+00  0.000E+00  4.398E+00  5.027E+00

 # Block n:            9     5.02654839      :   5.65486717    
  1.000E-09  1.637E-09  0.000E+00  0.000E+00  5.027E+00  5.655E+00
  1.637E-09  2.679E-09  0.000E+00  0.000E+00  5.027E+00  5.655E+00
  2.679E-09  4.385E-09  0.000E+00  0.000E+00  5.027E+00  5.655E+00
  4.385E-09  7.177E-09  0.000E+00  0.000E+00  5.027E+00  5.655E+00
  7.177E-09  1.175E-08  0.000E+00  0.000E+00  5.027E+00  5.655E+00
  1.175E-08  1.923E-08  0.000E+00  0.000E+00  5.027E+00  5.655E+00
  1.923E-08  3.147E-08  0.000E+00  0.000E+00  5.027E+00  5.655E+00
  3.147E-08  5.150E-08  0.000E+00  0.000E+00  5.027E+00  5.655E+00
  5.150E-08  8.430E-08  0.000E+00  0.000E+00  5.027E+00  5.655E+00
  8.430E-08  1.380E-07  0.000E+00  0.000E+00  5.027E+00  5.655E+00
  1.380E-07  2.258E-07  0.000E+00  0.000E+00  5.027E+00  5.655E+00
  2.258E-07  3.696E-07  0.000E+00  0.000E+00  5.027E+00  5.655E+00
  3.696E-07  6.050E-07  0.000E+00  0.000E+00  5.027E+00  5.655E+00
  6.050E-07  9.902E-07  0.000E+00  0.000E+00  5.027E+00  5.655E+00
  9.902E-07  1.621E-06  0.000E+00  0.000E+00  5.027E+00  5.655E+00
  1.621E-06  2.653E-06  0.000E+00  0.000E+00  5.027E+00  5.655E+00
  2.653E-06  4.342E-06  0.000E+00  0.000E+00  5.027E+00  5.655E+00
  4.342E-06  7.106E-06  0.000E+00  0.000E+00  5.027E+00  5.655E+00
  7.106E-06  1.163E-05  0.000E+00  0.000E+00  5.027E+00  5.655E+00
  1.163E-05  1.904E-05  0.000E+00  0.000E+00  5.027E+00  5.655E+00
  1.904E-05  3.116E-05  0.000E+00  0.000E+00  5.027E+00  5.655E+00
  3.116E-05  5.100E-05  0.000E+00  0.000E+00  5.027E+00  5.655E+00
  5.100E-05  8.347E-05  0.000E+00  0.000E+00  5.027E+00  5.655E+00
  8.347E-05  1.366E-04  0.000E+00  0.000E+00  5.027E+00  5.655E+00
  1.366E-04  2.236E-04  4.574E-05  9.900E+01  5.027E+00  5.655E+00
  2.236E-04  3.660E-04  2.795E-05  9.900E+01  5.027E+00  5.655E+00
  3.660E-04  5.990E-04  0.000E+00  0.000E+00  5.027E+00  5.655E+00
  5.990E-04  9.804E-04  0.000E+00  0.000E+00  5.027E+00  5.655E+00
  9.804E-04  1.605E-03  6.373E-06  9.900E+01  5.027E+00  5.655E+00
  1.605E-03  2.627E-03  7.788E-06  9.900E+01  5.027E+00  5.655E+00
  2.627E-03  4.299E-03  4.758E-06  6.124E+01  5.027E+00  5.655E+00
  4.299E-03  7.036E-03  1.163E-05  2.500E+01  5.027E+00  5.655E+00
  7.036E-03  1.152E-02  7.993E-06  2.722E+01  5.027E+00  5.655E+00
  1.152E-02  1.885E-02  1.356E-05  1.095E+01  5.027E+00  5.655E+00
  1.885E-02  3.085E-02  1.856E-05  9.533E+00  5.027E+00  5.655E+00
  3.085E-02  5.050E-02  2.329E-05  8.363E+00  5.027E+00  5.655E+00
  5.050E-02  8.265E-02  3.032E-05  4.999E+00  5.027E+00  5.655E+00
  8.265E-02  1.353E-01  2.306E-05  6.285E+00  5.027E+00  5.655E+00
  1.353E-01  2.214E-01  1.446E-05  7.261E+00  5.027E+00  5.655E+00
  2.214E-01  3.624E-01  9.370E-06  4.871E+00  5.027E+00  5.655E+00
  3.624E-01  5.931E-01  2.621E-06  1.138E+01  5.027E+00  5.655E+00
  5.931E-01  9.708E-01  1.686E-07  2.500E+01  5.027E+00  5.655E+00
  9.708E-01  1.589E+00  0.000E+00  0.000E+00  5.027E+00  5.655E+00
  1.589E+00  2.601E+00  0.000E+00  0.000E+00  5.027E+00  5.655E+00
  2.601E+00  4.257E+00  0.000E+00  0.000E+00  5.027E+00  5.655E+00
  4.257E+00  6.967E+00  0.000E+00  0.000E+00  5.027E+00  5.655E+00
  6.967E+00  1.140E+01  0.000E+00  0.000E+00  5.027E+00  5.655E+00
  1.140E+01  1.866E+01  0.000E+00  0.000E+00  5.027E+00  5.655E+00
  1.866E+01  3.055E+01  0.000E+00  0.000E+00  5.027E+00  5.655E+00
  3.055E+01  5.000E+01  0.000E+00  0.000E+00  5.027E+00  5.655E+00
  5.000E+01  5.000E+01  0.000E+00  0.000E+00  5.027E+00  5.655E+00

 # Block n:           10     5.65486717      :   6.28318548    
  1.000E-09  1.637E-09  0.000E+00  0.000E+00  5.655E+00  6.283E+00
  1.637E-09  2.679E-09  0.000E+00  0.000E+00  5.655E+00  6.283E+00
  2.679E-09  4.385E-09  0.000E+00  0.000E+00  5.655E+00  6.283E+00
  4.385E-09  7.177E-09  0.000E+00  0.000E+00  5.655E+00  6.283E+00
  7.177E-09  1.175E-08  0.000E+00  0.000E+00  5.655E+00  6.283E+00
  1.175E-08  1.923E-08  0.000E+00  0.000E+00  5.655E+00  6.283E+00
  1.923E-08  3.147E-08  0.000E+00  0.000E+00  5.655E+00  6.283E+00
  3.147E-08  5.150E-08  0.000E+00  0.000E+00  5.655E+00  6.283E+00
  5.150E-08  8.430E-08  0.000E+00  0.000E+00  5.655E+00  6.283E+00
  8.430E-08  1.380E-07  0.000E+00  0.000E+00  5.655E+00  6.283E+00
  1.380E-07  2.258E-07  0.000E+00  0.000E+00  5.655E+00  6.283E+00
  2.258E-07  3.696E-07  0.000E+00  0.000E+00  5.655E+00  6.283E+00
  3.696E-07  6.050E-07  0.000E+00  0.000E+00  5.655E+00  6.283E+00
  6.050E-07  9.902E-07  0.000E+00  0.000E+00  5.655E+00  6.283E+00
  9.902E-07  1.621E-06  0.000E+00  0.000E+00  5.655E+00  6.283E+00
  1.621E-06  2.653E-06  0.000E+00  0.000E+00  5.655E+00  6.283E+00
  2.653E-06  4.342E-06  0.000E+00  0.000E+00  5.655E+00  6.283E+00
  4.342E-06  7.106E-06  0.000E+00  0.000E+00  5.655E+00  6.283E+00
  7.106E-06  1.163E-05  0.000E+00  0.000E+00  5.655E+00  6.283E+00
  1.163E-05  1.904E-05  0.000E+00  0.000E+00  5.655E+00  6.283E+00
  1.904E-05  3.116E-05  0.000E+00  0.000E+00  5.655E+00  6.283E+00
  3.116E-05  5.100E-05  0.000E+00  0.000E+00  5.655E+00  6.283E+00
  5.100E-05  8.347E-05  0.000E+00  0.000E+00  5.655E+00  6.283E+00
  8.347E-05  1.366E-04  0.000E+00  0.000E+00  5.655E+00  6.283E+00
  1.366E-04  2.236E-04  0.000E+00  0.000E+00  5.655E+00  6.283E+00
  2.236E-04  3.660E-04  0.000E+00  0.000E+00  5.655E+00  6.283E+00
  3.660E-04  5.990E-04  1.707E-05  9.900E+01  5.655E+00  6.283E+00
  5.990E-04  9.804E-04  0.000E+00  0.000E+00  5.655E+00  6.283E+00
  9.804E-04  1.605E-03  6.373E-06  9.900E+01  5.655E+00  6.283E+00
  1.605E-03  2.627E-03  0.000E+00  0.000E+00  5.655E+00  6.283E+00
  2.627E-03  4.299E-03  0.000E+00  0.000E+00  5.655E+00  6.283E+00
  4.299E-03  7.036E-03  4.361E-06  4.082E+01  5.655E+00  6.283E+00
  7.036E-03  1.152E-02  2.664E-06  6.667E+01  5.655E+00  6.283E+00
  1.152E-02  1.885E-02  4.883E-06  4.779E+01  5.655E+00  6.283E+00
  1.885E-02  3.085E-02  5.967E-06  1.111E+01  5.655E+00  6.283E+00
  3.085E-02  5.050E-02  8.102E-06  1.479E+01  5.655E+00  6.283E+00
  5.050E-02  8.265E-02  9.157E-06  9.884E+00  5.655E+00  6.283E+00
  8.265E-02  1.353E-01  6.956E-06  1.122E+01  5.655E+00  6.283E+00
  1.353E-01  2.214E-01  3.788E-06  9.167E+00  5.655E+00  6.283E+00
  2.214E-01  3.624E-01  2.371E-06  1.211E+01  5.655E+00  6.283E+00
  3.624E-01  5.931E-01  7.415E-07  1.824E+01  5.655E+00  6.283E+00
  5.931E-01  9.708E-01  2.107E-08  6.124E+01  5.655E+00  6.283E+00
  9.708E-01  1.589E+00  0.000E+00  0.000E+00  5.655E+00  6.283E+00
  1.589E+00  2.601E+00  0.000E+00  0.000E+00  5.655E+00  6.283E+00
  2.601E+00  4.257E+00  0.000E+00  0.000E+00  5.655E+00  6.283E+00
  4.257E+00  6.967E+00  0.000E+00  0.000E+00  5.655E+00  6.283E+00
  6.967E+00  1.140E+01  0.000E+00  0.000E+00  5.655E+00  6.283E+00
  1.140E+01  1.866E+01  0.000E+00  0.000E+00  5.655E+00  6.283E+00
  1.866E+01  3.055E+01  0.000E+00  0.000E+00  5.655E+00  6.283E+00
  3.055E+01  5.000E+01  0.000E+00  0.000E+00  5.655E+00  6.283E+00
  5.000E+01  5.000E+01  0.000E+00  0.000E+00  5.655E+00  6.283E+00

  1.000E-09  1.000E-09  0.000E+00  0.000E+00  6.283E+00  6.283E+00
  1.637E-09  1.637E-09  0.000E+00  0.000E+00  6.283E+00  6.283E+00
  2.679E-09  2.679E-09  0.000E+00  0.000E+00  6.283E+00  6.283E+00
  4.385E-09  4.385E-09  0.000E+00  0.000E+00  6.283E+00  6.283E+00
  7.177E-09  7.177E-09  0.000E+00  0.000E+00  6.283E+00  6.283E+00
  1.175E-08  1.175E-08  0.000E+00  0.000E+00  6.283E+00  6.283E+00
  1.923E-08  1.923E-08  0.000E+00  0.000E+00  6.283E+00  6.283E+00
  3.147E-08  3.147E-08  0.000E+00  0.000E+00  6.283E+00  6.283E+00
  5.150E-08  5.150E-08  0.000E+00  0.000E+00  6.283E+00  6.283E+00
  8.430E-08  8.430E-08  0.000E+00  0.000E+00  6.283E+00  6.283E+00
  1.380E-07  1.380E-07  0.000E+00  0.000E+00  6.283E+00  6.283E+00
  2.258E-07  2.258E-07  0.000E+00  0.000E+00  6.283E+00  6.283E+00
  3.696E-07  3.696E-07  0.000E+00  0.000E+00  6.283E+00  6.283E+00
  6.050E-07  6.050E-07  0.000E+00  0.000E+00  6.283E+00  6.283E+00
  9.902E-07  9.902E-07  0.000E+00  0.000E+00  6.283E+00  6.283E+00
  1.621E-06  1.621E-06  0.000E+00  0.000E+00  6.283E+00  6.283E+00
  2.653E-06  2.653E-06  0.000E+00  0.000E+00  6.283E+00  6.283E+00
  4.342E-06  4.342E-06  0.000E+00  0.000E+00  6.283E+00  6.283E+00
  7.106E-06  7.106E-06  0.000E+00  0.000E+00  6.283E+00  6.283E+00
  1.163E-05  1.163E-05  0.000E+00  0.000E+00  6.283E+00  6.283E+00
  1.904E-05  1.904E-05  0.000E+00  0.000E+00  6.283E+00  6.283E+00
  3.116E-05  3.116E-05  0.000E+00  0.000E+00  6.283E+00  6.283E+00
  5.100E-05  5.100E-05  0.000E+00  0.000E+00  6.283E+00  6.283E+00
  8.347E-05  8.347E-05  0.000E+00  0.000E+00  6.283E+00  6.283E+00
  1.366E-04  1.366E-04  0.000E+00  0.000E+00  6.283E+00  6.283E+00
  2.236E-04  2.236E-04  0.000E+00  0.000E+00  6.283E+00  6.283E+00
  3.660E-04  3.660E-04  0.000E+00  0.000E+00  6.283E+00  6.283E+00
  5.990E-04  5.990E-04  0.000E+00  0.000E+00  6.283E+00  6.283E+00
  9.804E-04  9.804E-04  0.000E+00  0.000E+00  6.283E+00  6.283E+00
  1.605E-03  1.605E-03  0.000E+00  0.000E+00  6.283E+00  6.283E+00
  2.627E-03  2.627E-03  0.000E+00  0.000E+00  6.283E+00  6.283E+00
  4.299E-03  4.299E-03  0.000E+00  0.000E+00  6.283E+00  6.283E+00
  7.036E-03  7.036E-03  0.000E+00  0.000E+00  6.283E+00  6.283E+00
  1.152E-02  1.152E-02  0.000E+00  0.000E+00  6.283E+00  6.283E+00
  1.885E-02  1.885E-02  0.000E+00  0.000E+00  6.283E+00  6.283E+00
  3.085E-02  3.085E-02  0.000E+00  0.000E+00  6.283E+00  6.283E+00
  5.050E-02  5.050E-02  0.000E+00  0.000E+00  6.283E+00  6.283E+00
  8.265E-02  8.265E-02  0.000E+00  0.000E+00  6.283E+00  6.283E+00
  1.353E-01  1.353E-01  0.000E+00  0.000E+00  6.283E+00  6.283E+00
  2.214E-01  2.214E-01  0.000E+00  0.000E+00  6.283E+00  6.283E+00
  3.624E-01  3.624E-01  0.000E+00  0.000E+00  6.283E+00  6.283E+00
  5.931E-01  5.931E-01  0.000E+00  0.000E+00  6.283E+00  6.283E+00
  9.708E-01  9.708E-01  0.000E+00  0.000E+00  6.283E+00  6.283E+00
  1.589E+00  1.589E+00  0.000E+00  0.000E+00  6.283E+00  6.283E+00
  2.601E+00  2.601E+00  0.000E+00  0.000E+00  6.283E+00  6.283E+00
  4.257E+00  4.257E+00  0.000E+00  0.000E+00  6.283E+00  6.283E+00
  6.967E+00  6.967E+00  0.000E+00  0.000E+00  6.283E+00  6.283E+00
  1.140E+01  1.140E+01  0.000E+00  0.000E+00  6.283E+00  6.283E+00
  1.866E+01  1.866E+01  0.000E+00  0.000E+00  6.283E+00  6.283E+00
  3.055E+01  3.055E+01  0.000E+00  0.000E+00  6.283E+00  6.283E+00
  5.000E+01  5.000E+01  0.000E+00  0.000E+00  6.283E+00  6.283E+00
