 # Detector n:            1   piFluenUD (integrated over solid angle)
 # N. of energy intervals          50
  1.000E-09  1.637E-09  0.000E+00  0.000E+00
  1.637E-09  2.679E-09  0.000E+00  0.000E+00
  2.679E-09  4.385E-09  0.000E+00  0.000E+00
  4.385E-09  7.177E-09  0.000E+00  0.000E+00
  7.177E-09  1.175E-08  0.000E+00  0.000E+00
  1.175E-08  1.923E-08  0.000E+00  0.000E+00
  1.923E-08  3.147E-08  0.000E+00  0.000E+00
  3.147E-08  5.150E-08  0.000E+00  0.000E+00
  5.150E-08  8.430E-08  0.000E+00  0.000E+00
  8.430E-08  1.380E-07  0.000E+00  0.000E+00
  1.380E-07  2.258E-07  0.000E+00  0.000E+00
  2.258E-07  3.696E-07  6.368E-03  5.528E+01
  3.696E-07  6.050E-07  0.000E+00  0.000E+00
  6.050E-07  9.902E-07  0.000E+00  0.000E+00
  9.902E-07  1.621E-06  1.432E-03  5.528E+01
  1.621E-06  2.653E-06  0.000E+00  0.000E+00
  2.653E-06  4.342E-06  0.000E+00  0.000E+00
  4.342E-06  7.106E-06  0.000E+00  0.000E+00
  7.106E-06  1.163E-05  0.000E+00  0.000E+00
  1.163E-05  1.904E-05  1.989E-04  8.271E+01
  1.904E-05  3.116E-05  5.132E-05  9.900E+01
  3.116E-05  5.100E-05  1.441E-04  5.528E+01
  5.100E-05  8.347E-05  1.049E-04  5.742E+01
  8.347E-05  1.366E-04  6.353E-05  4.073E+01
  1.366E-04  2.236E-04  8.643E-05  6.020E+01
  2.236E-04  3.660E-04  1.121E-04  1.946E+01
  3.660E-04  5.990E-04  2.052E-04  5.698E+01
  5.990E-04  9.804E-04  2.330E-04  2.265E+01
  9.804E-04  1.605E-03  1.546E-04  1.872E+01
  1.605E-03  2.627E-03  1.228E-04  1.622E+01
  2.627E-03  4.299E-03  1.331E-04  1.380E+01
  4.299E-03  7.036E-03  1.345E-04  1.225E+01
  7.036E-03  1.152E-02  2.292E-04  1.182E+01
  1.152E-02  1.885E-02  4.037E-04  1.172E+01
  1.885E-02  3.085E-02  6.047E-04  1.097E+01
  3.085E-02  5.050E-02  8.125E-04  9.615E+00
  5.050E-02  8.265E-02  9.399E-04  9.368E+00
  8.265E-02  1.353E-01  9.146E-04  9.827E+00
  1.353E-01  2.214E-01  9.029E-04  9.932E+00
  2.214E-01  3.624E-01  8.520E-04  1.024E+01
  3.624E-01  5.931E-01  6.487E-04  1.070E+01
  5.931E-01  9.708E-01  4.069E-04  1.089E+01
  9.708E-01  1.589E+00  2.427E-04  1.098E+01
  1.589E+00  2.601E+00  1.402E-04  1.093E+01
  2.601E+00  4.257E+00  7.438E-05  1.092E+01
  4.257E+00  6.967E+00  3.569E-05  1.074E+01
  6.967E+00  1.140E+01  1.455E-05  1.080E+01
  1.140E+01  1.866E+01  4.411E-06  1.075E+01
  1.866E+01  3.055E+01  8.699E-07  1.088E+01
  3.055E+01  5.000E+01  4.597E-08  1.082E+01


 # double differential distributions
 # number of solid angle intervals          10
 # Block n:            1     0.00000000      :  0.628318548    
  1.000E-09  1.637E-09  0.000E+00  0.000E+00  0.000E+00  6.283E-01
  1.637E-09  2.679E-09  0.000E+00  0.000E+00  0.000E+00  6.283E-01
  2.679E-09  4.385E-09  0.000E+00  0.000E+00  0.000E+00  6.283E-01
  4.385E-09  7.177E-09  0.000E+00  0.000E+00  0.000E+00  6.283E-01
  7.177E-09  1.175E-08  0.000E+00  0.000E+00  0.000E+00  6.283E-01
  1.175E-08  1.923E-08  0.000E+00  0.000E+00  0.000E+00  6.283E-01
  1.923E-08  3.147E-08  0.000E+00  0.000E+00  0.000E+00  6.283E-01
  3.147E-08  5.150E-08  0.000E+00  0.000E+00  0.000E+00  6.283E-01
  5.150E-08  8.430E-08  0.000E+00  0.000E+00  0.000E+00  6.283E-01
  8.430E-08  1.380E-07  0.000E+00  0.000E+00  0.000E+00  6.283E-01
  1.380E-07  2.258E-07  0.000E+00  0.000E+00  0.000E+00  6.283E-01
  2.258E-07  3.696E-07  0.000E+00  0.000E+00  0.000E+00  6.283E-01
  3.696E-07  6.050E-07  0.000E+00  0.000E+00  0.000E+00  6.283E-01
  6.050E-07  9.902E-07  0.000E+00  0.000E+00  0.000E+00  6.283E-01
  9.902E-07  1.621E-06  0.000E+00  0.000E+00  0.000E+00  6.283E-01
  1.621E-06  2.653E-06  0.000E+00  0.000E+00  0.000E+00  6.283E-01
  2.653E-06  4.342E-06  0.000E+00  0.000E+00  0.000E+00  6.283E-01
  4.342E-06  7.106E-06  0.000E+00  0.000E+00  0.000E+00  6.283E-01
  7.106E-06  1.163E-05  0.000E+00  0.000E+00  0.000E+00  6.283E-01
  1.163E-05  1.904E-05  1.354E-04  9.900E+01  0.000E+00  6.283E-01
  1.904E-05  3.116E-05  8.168E-05  9.900E+01  0.000E+00  6.283E-01
  3.116E-05  5.100E-05  0.000E+00  0.000E+00  0.000E+00  6.283E-01
  5.100E-05  8.347E-05  3.162E-05  5.528E+01  0.000E+00  6.283E-01
  8.347E-05  1.366E-04  1.860E-05  5.528E+01  0.000E+00  6.283E-01
  1.366E-04  2.236E-04  0.000E+00  0.000E+00  0.000E+00  6.283E-01
  2.236E-04  3.660E-04  7.115E-06  5.528E+01  0.000E+00  6.283E-01
  3.660E-04  5.990E-04  1.296E-05  6.326E+01  0.000E+00  6.283E-01
  5.990E-04  9.804E-04  2.570E-05  2.956E+01  0.000E+00  6.283E-01
  9.804E-04  1.605E-03  1.894E-05  2.571E+01  0.000E+00  6.283E-01
  1.605E-03  2.627E-03  2.256E-05  1.867E+01  0.000E+00  6.283E-01
  2.627E-03  4.299E-03  1.856E-05  1.964E+01  0.000E+00  6.283E-01
  4.299E-03  7.036E-03  2.129E-05  1.378E+01  0.000E+00  6.283E-01
  7.036E-03  1.152E-02  2.582E-05  1.766E+01  0.000E+00  6.283E-01
  1.152E-02  1.885E-02  5.500E-05  1.281E+01  0.000E+00  6.283E-01
  1.885E-02  3.085E-02  7.923E-05  1.151E+01  0.000E+00  6.283E-01
  3.085E-02  5.050E-02  1.106E-04  1.199E+01  0.000E+00  6.283E-01
  5.050E-02  8.265E-02  1.430E-04  1.185E+01  0.000E+00  6.283E-01
  8.265E-02  1.353E-01  1.738E-04  1.167E+01  0.000E+00  6.283E-01
  1.353E-01  2.214E-01  2.379E-04  1.106E+01  0.000E+00  6.283E-01
  2.214E-01  3.624E-01  3.394E-04  1.119E+01  0.000E+00  6.283E-01
  3.624E-01  5.931E-01  4.222E-04  1.110E+01  0.000E+00  6.283E-01
  5.931E-01  9.708E-01  4.220E-04  1.102E+01  0.000E+00  6.283E-01
  9.708E-01  1.589E+00  3.368E-04  1.098E+01  0.000E+00  6.283E-01
  1.589E+00  2.601E+00  2.180E-04  1.093E+01  0.000E+00  6.283E-01
  2.601E+00  4.257E+00  1.182E-04  1.092E+01  0.000E+00  6.283E-01
  4.257E+00  6.967E+00  5.680E-05  1.074E+01  0.000E+00  6.283E-01
  6.967E+00  1.140E+01  2.316E-05  1.080E+01  0.000E+00  6.283E-01
  1.140E+01  1.866E+01  7.020E-06  1.075E+01  0.000E+00  6.283E-01
  1.866E+01  3.055E+01  1.385E-06  1.088E+01  0.000E+00  6.283E-01
  3.055E+01  5.000E+01  7.316E-08  1.082E+01  0.000E+00  6.283E-01
  5.000E+01  5.000E+01  0.000E+00  0.000E+00  0.000E+00  6.283E-01

 # Block n:            2    0.628318548      :   1.25663710    
  1.000E-09  1.637E-09  0.000E+00  0.000E+00  6.283E-01  1.257E+00
  1.637E-09  2.679E-09  0.000E+00  0.000E+00  6.283E-01  1.257E+00
  2.679E-09  4.385E-09  0.000E+00  0.000E+00  6.283E-01  1.257E+00
  4.385E-09  7.177E-09  0.000E+00  0.000E+00  6.283E-01  1.257E+00
  7.177E-09  1.175E-08  0.000E+00  0.000E+00  6.283E-01  1.257E+00
  1.175E-08  1.923E-08  0.000E+00  0.000E+00  6.283E-01  1.257E+00
  1.923E-08  3.147E-08  0.000E+00  0.000E+00  6.283E-01  1.257E+00
  3.147E-08  5.150E-08  0.000E+00  0.000E+00  6.283E-01  1.257E+00
  5.150E-08  8.430E-08  0.000E+00  0.000E+00  6.283E-01  1.257E+00
  8.430E-08  1.380E-07  0.000E+00  0.000E+00  6.283E-01  1.257E+00
  1.380E-07  2.258E-07  0.000E+00  0.000E+00  6.283E-01  1.257E+00
  2.258E-07  3.696E-07  0.000E+00  0.000E+00  6.283E-01  1.257E+00
  3.696E-07  6.050E-07  0.000E+00  0.000E+00  6.283E-01  1.257E+00
  6.050E-07  9.902E-07  0.000E+00  0.000E+00  6.283E-01  1.257E+00
  9.902E-07  1.621E-06  0.000E+00  0.000E+00  6.283E-01  1.257E+00
  1.621E-06  2.653E-06  0.000E+00  0.000E+00  6.283E-01  1.257E+00
  2.653E-06  4.342E-06  0.000E+00  0.000E+00  6.283E-01  1.257E+00
  4.342E-06  7.106E-06  0.000E+00  0.000E+00  6.283E-01  1.257E+00
  7.106E-06  1.163E-05  0.000E+00  0.000E+00  6.283E-01  1.257E+00
  1.163E-05  1.904E-05  0.000E+00  0.000E+00  6.283E-01  1.257E+00
  1.904E-05  3.116E-05  0.000E+00  0.000E+00  6.283E-01  1.257E+00
  3.116E-05  5.100E-05  0.000E+00  0.000E+00  6.283E-01  1.257E+00
  5.100E-05  8.347E-05  0.000E+00  0.000E+00  6.283E-01  1.257E+00
  8.347E-05  1.366E-04  0.000E+00  0.000E+00  6.283E-01  1.257E+00
  1.366E-04  2.236E-04  1.324E-05  5.528E+01  6.283E-01  1.257E+00
  2.236E-04  3.660E-04  4.707E-05  3.615E+01  6.283E-01  1.257E+00
  3.660E-04  5.990E-04  2.839E-05  3.368E+01  6.283E-01  1.257E+00
  5.990E-04  9.804E-04  2.295E-05  3.086E+01  6.283E-01  1.257E+00
  9.804E-04  1.605E-03  1.764E-05  2.399E+01  6.283E-01  1.257E+00
  1.605E-03  2.627E-03  1.861E-05  2.182E+01  6.283E-01  1.257E+00
  2.627E-03  4.299E-03  1.800E-05  1.592E+01  6.283E-01  1.257E+00
  4.299E-03  7.036E-03  2.287E-05  1.922E+01  6.283E-01  1.257E+00
  7.036E-03  1.152E-02  2.893E-05  1.716E+01  6.283E-01  1.257E+00
  1.152E-02  1.885E-02  5.290E-05  1.251E+01  6.283E-01  1.257E+00
  1.885E-02  3.085E-02  8.382E-05  1.272E+01  6.283E-01  1.257E+00
  3.085E-02  5.050E-02  1.141E-04  1.177E+01  6.283E-01  1.257E+00
  5.050E-02  8.265E-02  1.369E-04  1.143E+01  6.283E-01  1.257E+00
  8.265E-02  1.353E-01  1.674E-04  1.135E+01  6.283E-01  1.257E+00
  1.353E-01  2.214E-01  2.147E-04  1.113E+01  6.283E-01  1.257E+00
  2.214E-01  3.624E-01  2.597E-04  1.114E+01  6.283E-01  1.257E+00
  3.624E-01  5.931E-01  2.263E-04  1.098E+01  6.283E-01  1.257E+00
  5.931E-01  9.708E-01  1.224E-04  1.097E+01  6.283E-01  1.257E+00
  9.708E-01  1.589E+00  3.693E-05  1.101E+01  6.283E-01  1.257E+00
  1.589E+00  2.601E+00  4.664E-06  1.109E+01  6.283E-01  1.257E+00
  2.601E+00  4.257E+00  1.663E-07  1.302E+01  6.283E-01  1.257E+00
  4.257E+00  6.967E+00  1.174E-09  6.265E+01  6.283E-01  1.257E+00
  6.967E+00  1.140E+01  0.000E+00  0.000E+00  6.283E-01  1.257E+00
  1.140E+01  1.866E+01  0.000E+00  0.000E+00  6.283E-01  1.257E+00
  1.866E+01  3.055E+01  0.000E+00  0.000E+00  6.283E-01  1.257E+00
  3.055E+01  5.000E+01  0.000E+00  0.000E+00  6.283E-01  1.257E+00
  5.000E+01  5.000E+01  0.000E+00  0.000E+00  6.283E-01  1.257E+00

 # Block n:            3     1.25663710      :   1.88495564    
  1.000E-09  1.637E-09  0.000E+00  0.000E+00  1.257E+00  1.885E+00
  1.637E-09  2.679E-09  0.000E+00  0.000E+00  1.257E+00  1.885E+00
  2.679E-09  4.385E-09  0.000E+00  0.000E+00  1.257E+00  1.885E+00
  4.385E-09  7.177E-09  0.000E+00  0.000E+00  1.257E+00  1.885E+00
  7.177E-09  1.175E-08  0.000E+00  0.000E+00  1.257E+00  1.885E+00
  1.175E-08  1.923E-08  0.000E+00  0.000E+00  1.257E+00  1.885E+00
  1.923E-08  3.147E-08  0.000E+00  0.000E+00  1.257E+00  1.885E+00
  3.147E-08  5.150E-08  0.000E+00  0.000E+00  1.257E+00  1.885E+00
  5.150E-08  8.430E-08  0.000E+00  0.000E+00  1.257E+00  1.885E+00
  8.430E-08  1.380E-07  0.000E+00  0.000E+00  1.257E+00  1.885E+00
  1.380E-07  2.258E-07  0.000E+00  0.000E+00  1.257E+00  1.885E+00
  2.258E-07  3.696E-07  0.000E+00  0.000E+00  1.257E+00  1.885E+00
  3.696E-07  6.050E-07  0.000E+00  0.000E+00  1.257E+00  1.885E+00
  6.050E-07  9.902E-07  0.000E+00  0.000E+00  1.257E+00  1.885E+00
  9.902E-07  1.621E-06  0.000E+00  0.000E+00  1.257E+00  1.885E+00
  1.621E-06  2.653E-06  0.000E+00  0.000E+00  1.257E+00  1.885E+00
  2.653E-06  4.342E-06  0.000E+00  0.000E+00  1.257E+00  1.885E+00
  4.342E-06  7.106E-06  0.000E+00  0.000E+00  1.257E+00  1.885E+00
  7.106E-06  1.163E-05  0.000E+00  0.000E+00  1.257E+00  1.885E+00
  1.163E-05  1.904E-05  1.812E-04  5.528E+01  1.257E+00  1.885E+00
  1.904E-05  3.116E-05  0.000E+00  0.000E+00  1.257E+00  1.885E+00
  3.116E-05  5.100E-05  0.000E+00  0.000E+00  1.257E+00  1.885E+00
  5.100E-05  8.347E-05  3.797E-05  9.900E+01  1.257E+00  1.885E+00
  8.347E-05  1.366E-04  2.372E-05  5.528E+01  1.257E+00  1.885E+00
  1.366E-04  2.236E-04  0.000E+00  0.000E+00  1.257E+00  1.885E+00
  2.236E-04  3.660E-04  8.828E-06  5.528E+01  1.257E+00  1.885E+00
  3.660E-04  5.990E-04  5.508E-06  5.528E+01  1.257E+00  1.885E+00
  5.990E-04  9.804E-04  2.008E-05  3.303E+01  1.257E+00  1.885E+00
  9.804E-04  1.605E-03  1.420E-05  2.604E+01  1.257E+00  1.885E+00
  1.605E-03  2.627E-03  2.112E-05  2.424E+01  1.257E+00  1.885E+00
  2.627E-03  4.299E-03  1.811E-05  2.064E+01  1.257E+00  1.885E+00
  4.299E-03  7.036E-03  2.168E-05  1.964E+01  1.257E+00  1.885E+00
  7.036E-03  1.152E-02  3.383E-05  1.392E+01  1.257E+00  1.885E+00
  1.152E-02  1.885E-02  6.208E-05  1.283E+01  1.257E+00  1.885E+00
  1.885E-02  3.085E-02  8.773E-05  1.308E+01  1.257E+00  1.885E+00
  3.085E-02  5.050E-02  1.188E-04  1.049E+01  1.257E+00  1.885E+00
  5.050E-02  8.265E-02  1.469E-04  1.182E+01  1.257E+00  1.885E+00
  8.265E-02  1.353E-01  1.639E-04  1.066E+01  1.257E+00  1.885E+00
  1.353E-01  2.214E-01  1.918E-04  1.076E+01  1.257E+00  1.885E+00
  2.214E-01  3.624E-01  1.939E-04  1.099E+01  1.257E+00  1.885E+00
  3.624E-01  5.931E-01  1.307E-04  1.076E+01  1.257E+00  1.885E+00
  5.931E-01  9.708E-01  4.968E-05  1.105E+01  1.257E+00  1.885E+00
  9.708E-01  1.589E+00  8.597E-06  1.141E+01  1.257E+00  1.885E+00
  1.589E+00  2.601E+00  4.633E-07  1.195E+01  1.257E+00  1.885E+00
  2.601E+00  4.257E+00  5.137E-09  2.602E+01  1.257E+00  1.885E+00
  4.257E+00  6.967E+00  0.000E+00  0.000E+00  1.257E+00  1.885E+00
  6.967E+00  1.140E+01  0.000E+00  0.000E+00  1.257E+00  1.885E+00
  1.140E+01  1.866E+01  0.000E+00  0.000E+00  1.257E+00  1.885E+00
  1.866E+01  3.055E+01  0.000E+00  0.000E+00  1.257E+00  1.885E+00
  3.055E+01  5.000E+01  0.000E+00  0.000E+00  1.257E+00  1.885E+00
  5.000E+01  5.000E+01  0.000E+00  0.000E+00  1.257E+00  1.885E+00

 # Block n:            4     1.88495564      :   2.51327419    
  1.000E-09  1.637E-09  0.000E+00  0.000E+00  1.885E+00  2.513E+00
  1.637E-09  2.679E-09  0.000E+00  0.000E+00  1.885E+00  2.513E+00
  2.679E-09  4.385E-09  0.000E+00  0.000E+00  1.885E+00  2.513E+00
  4.385E-09  7.177E-09  0.000E+00  0.000E+00  1.885E+00  2.513E+00
  7.177E-09  1.175E-08  0.000E+00  0.000E+00  1.885E+00  2.513E+00
  1.175E-08  1.923E-08  0.000E+00  0.000E+00  1.885E+00  2.513E+00
  1.923E-08  3.147E-08  0.000E+00  0.000E+00  1.885E+00  2.513E+00
  3.147E-08  5.150E-08  0.000E+00  0.000E+00  1.885E+00  2.513E+00
  5.150E-08  8.430E-08  0.000E+00  0.000E+00  1.885E+00  2.513E+00
  8.430E-08  1.380E-07  0.000E+00  0.000E+00  1.885E+00  2.513E+00
  1.380E-07  2.258E-07  0.000E+00  0.000E+00  1.885E+00  2.513E+00
  2.258E-07  3.696E-07  1.014E-02  5.528E+01  1.885E+00  2.513E+00
  3.696E-07  6.050E-07  0.000E+00  0.000E+00  1.885E+00  2.513E+00
  6.050E-07  9.902E-07  0.000E+00  0.000E+00  1.885E+00  2.513E+00
  9.902E-07  1.621E-06  2.280E-03  5.528E+01  1.885E+00  2.513E+00
  1.621E-06  2.653E-06  0.000E+00  0.000E+00  1.885E+00  2.513E+00
  2.653E-06  4.342E-06  0.000E+00  0.000E+00  1.885E+00  2.513E+00
  4.342E-06  7.106E-06  0.000E+00  0.000E+00  1.885E+00  2.513E+00
  7.106E-06  1.163E-05  0.000E+00  0.000E+00  1.885E+00  2.513E+00
  1.163E-05  1.904E-05  0.000E+00  0.000E+00  1.885E+00  2.513E+00
  1.904E-05  3.116E-05  0.000E+00  0.000E+00  1.885E+00  2.513E+00
  3.116E-05  5.100E-05  0.000E+00  0.000E+00  1.885E+00  2.513E+00
  5.100E-05  8.347E-05  4.708E-05  5.528E+01  1.885E+00  2.513E+00
  8.347E-05  1.366E-04  0.000E+00  0.000E+00  1.885E+00  2.513E+00
  1.366E-04  2.236E-04  1.775E-05  9.900E+01  1.885E+00  2.513E+00
  2.236E-04  3.660E-04  2.047E-05  3.333E+01  1.885E+00  2.513E+00
  3.660E-04  5.990E-04  1.845E-05  3.698E+01  1.885E+00  2.513E+00
  5.990E-04  9.804E-04  3.833E-05  3.314E+01  1.885E+00  2.513E+00
  9.804E-04  1.605E-03  3.724E-05  1.928E+01  1.885E+00  2.513E+00
  1.605E-03  2.627E-03  2.707E-05  2.772E+01  1.885E+00  2.513E+00
  2.627E-03  4.299E-03  2.462E-05  1.839E+01  1.885E+00  2.513E+00
  4.299E-03  7.036E-03  2.696E-05  1.951E+01  1.885E+00  2.513E+00
  7.036E-03  1.152E-02  3.408E-05  1.619E+01  1.885E+00  2.513E+00
  1.152E-02  1.885E-02  6.539E-05  1.466E+01  1.885E+00  2.513E+00
  1.885E-02  3.085E-02  9.975E-05  1.122E+01  1.885E+00  2.513E+00
  3.085E-02  5.050E-02  1.297E-04  1.110E+01  1.885E+00  2.513E+00
  5.050E-02  8.265E-02  1.520E-04  1.147E+01  1.885E+00  2.513E+00
  8.265E-02  1.353E-01  1.613E-04  1.080E+01  1.885E+00  2.513E+00
  1.353E-01  2.214E-01  1.706E-04  1.128E+01  1.885E+00  2.513E+00
  2.214E-01  3.624E-01  1.483E-04  1.090E+01  1.885E+00  2.513E+00
  3.624E-01  5.931E-01  8.317E-05  1.121E+01  1.885E+00  2.513E+00
  5.931E-01  9.708E-01  2.478E-05  1.099E+01  1.885E+00  2.513E+00
  9.708E-01  1.589E+00  2.649E-06  1.093E+01  1.885E+00  2.513E+00
  1.589E+00  2.601E+00  3.332E-08  1.468E+01  1.885E+00  2.513E+00
  2.601E+00  4.257E+00  0.000E+00  0.000E+00  1.885E+00  2.513E+00
  4.257E+00  6.967E+00  0.000E+00  0.000E+00  1.885E+00  2.513E+00
  6.967E+00  1.140E+01  0.000E+00  0.000E+00  1.885E+00  2.513E+00
  1.140E+01  1.866E+01  0.000E+00  0.000E+00  1.885E+00  2.513E+00
  1.866E+01  3.055E+01  0.000E+00  0.000E+00  1.885E+00  2.513E+00
  3.055E+01  5.000E+01  0.000E+00  0.000E+00  1.885E+00  2.513E+00
  5.000E+01  5.000E+01  0.000E+00  0.000E+00  1.885E+00  2.513E+00

 # Block n:            5     2.51327419      :   3.14159274    
  1.000E-09  1.637E-09  0.000E+00  0.000E+00  2.513E+00  3.142E+00
  1.637E-09  2.679E-09  0.000E+00  0.000E+00  2.513E+00  3.142E+00
  2.679E-09  4.385E-09  0.000E+00  0.000E+00  2.513E+00  3.142E+00
  4.385E-09  7.177E-09  0.000E+00  0.000E+00  2.513E+00  3.142E+00
  7.177E-09  1.175E-08  0.000E+00  0.000E+00  2.513E+00  3.142E+00
  1.175E-08  1.923E-08  0.000E+00  0.000E+00  2.513E+00  3.142E+00
  1.923E-08  3.147E-08  0.000E+00  0.000E+00  2.513E+00  3.142E+00
  3.147E-08  5.150E-08  0.000E+00  0.000E+00  2.513E+00  3.142E+00
  5.150E-08  8.430E-08  0.000E+00  0.000E+00  2.513E+00  3.142E+00
  8.430E-08  1.380E-07  0.000E+00  0.000E+00  2.513E+00  3.142E+00
  1.380E-07  2.258E-07  0.000E+00  0.000E+00  2.513E+00  3.142E+00
  2.258E-07  3.696E-07  0.000E+00  0.000E+00  2.513E+00  3.142E+00
  3.696E-07  6.050E-07  0.000E+00  0.000E+00  2.513E+00  3.142E+00
  6.050E-07  9.902E-07  0.000E+00  0.000E+00  2.513E+00  3.142E+00
  9.902E-07  1.621E-06  0.000E+00  0.000E+00  2.513E+00  3.142E+00
  1.621E-06  2.653E-06  0.000E+00  0.000E+00  2.513E+00  3.142E+00
  2.653E-06  4.342E-06  0.000E+00  0.000E+00  2.513E+00  3.142E+00
  4.342E-06  7.106E-06  0.000E+00  0.000E+00  2.513E+00  3.142E+00
  7.106E-06  1.163E-05  0.000E+00  0.000E+00  2.513E+00  3.142E+00
  1.163E-05  1.904E-05  0.000E+00  0.000E+00  2.513E+00  3.142E+00
  1.904E-05  3.116E-05  0.000E+00  0.000E+00  2.513E+00  3.142E+00
  3.116E-05  5.100E-05  0.000E+00  0.000E+00  2.513E+00  3.142E+00
  5.100E-05  8.347E-05  5.035E-05  5.528E+01  2.513E+00  3.142E+00
  8.347E-05  1.366E-04  0.000E+00  0.000E+00  2.513E+00  3.142E+00
  1.366E-04  2.236E-04  3.773E-05  3.333E+01  2.513E+00  3.142E+00
  2.236E-04  3.660E-04  1.216E-05  5.528E+01  2.513E+00  3.142E+00
  3.660E-04  5.990E-04  3.600E-05  2.373E+01  2.513E+00  3.142E+00
  5.990E-04  9.804E-04  4.465E-05  2.845E+01  2.513E+00  3.142E+00
  9.804E-04  1.605E-03  2.698E-05  2.656E+01  2.513E+00  3.142E+00
  1.605E-03  2.627E-03  1.726E-05  2.604E+01  2.513E+00  3.142E+00
  2.627E-03  4.299E-03  2.285E-05  1.982E+01  2.513E+00  3.142E+00
  4.299E-03  7.036E-03  2.323E-05  2.016E+01  2.513E+00  3.142E+00
  7.036E-03  1.152E-02  2.921E-05  1.639E+01  2.513E+00  3.142E+00
  1.152E-02  1.885E-02  7.390E-05  1.310E+01  2.513E+00  3.142E+00
  1.885E-02  3.085E-02  1.032E-04  1.167E+01  2.513E+00  3.142E+00
  3.085E-02  5.050E-02  1.395E-04  1.115E+01  2.513E+00  3.142E+00
  5.050E-02  8.265E-02  1.613E-04  1.150E+01  2.513E+00  3.142E+00
  8.265E-02  1.353E-01  1.612E-04  1.049E+01  2.513E+00  3.142E+00
  1.353E-01  2.214E-01  1.482E-04  1.043E+01  2.513E+00  3.142E+00
  2.214E-01  3.624E-01  1.187E-04  1.100E+01  2.513E+00  3.142E+00
  3.624E-01  5.931E-01  5.811E-05  1.099E+01  2.513E+00  3.142E+00
  5.931E-01  9.708E-01  1.370E-05  1.164E+01  2.513E+00  3.142E+00
  9.708E-01  1.589E+00  9.136E-07  1.246E+01  2.513E+00  3.142E+00
  1.589E+00  2.601E+00  1.870E-09  5.528E+01  2.513E+00  3.142E+00
  2.601E+00  4.257E+00  0.000E+00  0.000E+00  2.513E+00  3.142E+00
  4.257E+00  6.967E+00  0.000E+00  0.000E+00  2.513E+00  3.142E+00
  6.967E+00  1.140E+01  0.000E+00  0.000E+00  2.513E+00  3.142E+00
  1.140E+01  1.866E+01  0.000E+00  0.000E+00  2.513E+00  3.142E+00
  1.866E+01  3.055E+01  0.000E+00  0.000E+00  2.513E+00  3.142E+00
  3.055E+01  5.000E+01  0.000E+00  0.000E+00  2.513E+00  3.142E+00
  5.000E+01  5.000E+01  0.000E+00  0.000E+00  2.513E+00  3.142E+00

 # Block n:            6     3.14159274      :   3.76991129    
  1.000E-09  1.637E-09  0.000E+00  0.000E+00  3.142E+00  3.770E+00
  1.637E-09  2.679E-09  0.000E+00  0.000E+00  3.142E+00  3.770E+00
  2.679E-09  4.385E-09  0.000E+00  0.000E+00  3.142E+00  3.770E+00
  4.385E-09  7.177E-09  0.000E+00  0.000E+00  3.142E+00  3.770E+00
  7.177E-09  1.175E-08  0.000E+00  0.000E+00  3.142E+00  3.770E+00
  1.175E-08  1.923E-08  0.000E+00  0.000E+00  3.142E+00  3.770E+00
  1.923E-08  3.147E-08  0.000E+00  0.000E+00  3.142E+00  3.770E+00
  3.147E-08  5.150E-08  0.000E+00  0.000E+00  3.142E+00  3.770E+00
  5.150E-08  8.430E-08  0.000E+00  0.000E+00  3.142E+00  3.770E+00
  8.430E-08  1.380E-07  0.000E+00  0.000E+00  3.142E+00  3.770E+00
  1.380E-07  2.258E-07  0.000E+00  0.000E+00  3.142E+00  3.770E+00
  2.258E-07  3.696E-07  0.000E+00  0.000E+00  3.142E+00  3.770E+00
  3.696E-07  6.050E-07  0.000E+00  0.000E+00  3.142E+00  3.770E+00
  6.050E-07  9.902E-07  0.000E+00  0.000E+00  3.142E+00  3.770E+00
  9.902E-07  1.621E-06  0.000E+00  0.000E+00  3.142E+00  3.770E+00
  1.621E-06  2.653E-06  0.000E+00  0.000E+00  3.142E+00  3.770E+00
  2.653E-06  4.342E-06  0.000E+00  0.000E+00  3.142E+00  3.770E+00
  4.342E-06  7.106E-06  0.000E+00  0.000E+00  3.142E+00  3.770E+00
  7.106E-06  1.163E-05  0.000E+00  0.000E+00  3.142E+00  3.770E+00
  1.163E-05  1.904E-05  0.000E+00  0.000E+00  3.142E+00  3.770E+00
  1.904E-05  3.116E-05  0.000E+00  0.000E+00  3.142E+00  3.770E+00
  3.116E-05  5.100E-05  0.000E+00  0.000E+00  3.142E+00  3.770E+00
  5.100E-05  8.347E-05  0.000E+00  0.000E+00  3.142E+00  3.770E+00
  8.347E-05  1.366E-04  0.000E+00  0.000E+00  3.142E+00  3.770E+00
  1.366E-04  2.236E-04  2.497E-05  5.528E+01  3.142E+00  3.770E+00
  2.236E-04  3.660E-04  4.516E-05  2.165E+01  3.142E+00  3.770E+00
  3.660E-04  5.990E-04  3.573E-05  3.809E+01  3.142E+00  3.770E+00
  5.990E-04  9.804E-04  2.113E-05  3.279E+01  3.142E+00  3.770E+00
  9.804E-04  1.605E-03  1.986E-05  3.961E+01  3.142E+00  3.770E+00
  1.605E-03  2.627E-03  3.525E-05  2.236E+01  3.142E+00  3.770E+00
  2.627E-03  4.299E-03  3.066E-05  1.983E+01  3.142E+00  3.770E+00
  4.299E-03  7.036E-03  2.684E-05  1.723E+01  3.142E+00  3.770E+00
  7.036E-03  1.152E-02  4.613E-05  1.816E+01  3.142E+00  3.770E+00
  1.152E-02  1.885E-02  7.524E-05  1.168E+01  3.142E+00  3.770E+00
  1.885E-02  3.085E-02  1.032E-04  1.327E+01  3.142E+00  3.770E+00
  3.085E-02  5.050E-02  1.373E-04  1.145E+01  3.142E+00  3.770E+00
  5.050E-02  8.265E-02  1.609E-04  1.069E+01  3.142E+00  3.770E+00
  8.265E-02  1.353E-01  1.456E-04  1.083E+01  3.142E+00  3.770E+00
  1.353E-01  2.214E-01  1.257E-04  1.023E+01  3.142E+00  3.770E+00
  2.214E-01  3.624E-01  9.154E-05  1.050E+01  3.142E+00  3.770E+00
  3.624E-01  5.931E-01  4.128E-05  1.052E+01  3.142E+00  3.770E+00
  5.931E-01  9.708E-01  7.240E-06  1.055E+01  3.142E+00  3.770E+00
  9.708E-01  1.589E+00  2.465E-07  1.678E+01  3.142E+00  3.770E+00
  1.589E+00  2.601E+00  1.997E-09  5.528E+01  3.142E+00  3.770E+00
  2.601E+00  4.257E+00  0.000E+00  0.000E+00  3.142E+00  3.770E+00
  4.257E+00  6.967E+00  0.000E+00  0.000E+00  3.142E+00  3.770E+00
  6.967E+00  1.140E+01  0.000E+00  0.000E+00  3.142E+00  3.770E+00
  1.140E+01  1.866E+01  0.000E+00  0.000E+00  3.142E+00  3.770E+00
  1.866E+01  3.055E+01  0.000E+00  0.000E+00  3.142E+00  3.770E+00
  3.055E+01  5.000E+01  0.000E+00  0.000E+00  3.142E+00  3.770E+00
  5.000E+01  5.000E+01  0.000E+00  0.000E+00  3.142E+00  3.770E+00

 # Block n:            7     3.76991129      :   4.39822960    
  1.000E-09  1.637E-09  0.000E+00  0.000E+00  3.770E+00  4.398E+00
  1.637E-09  2.679E-09  0.000E+00  0.000E+00  3.770E+00  4.398E+00
  2.679E-09  4.385E-09  0.000E+00  0.000E+00  3.770E+00  4.398E+00
  4.385E-09  7.177E-09  0.000E+00  0.000E+00  3.770E+00  4.398E+00
  7.177E-09  1.175E-08  0.000E+00  0.000E+00  3.770E+00  4.398E+00
  1.175E-08  1.923E-08  0.000E+00  0.000E+00  3.770E+00  4.398E+00
  1.923E-08  3.147E-08  0.000E+00  0.000E+00  3.770E+00  4.398E+00
  3.147E-08  5.150E-08  0.000E+00  0.000E+00  3.770E+00  4.398E+00
  5.150E-08  8.430E-08  0.000E+00  0.000E+00  3.770E+00  4.398E+00
  8.430E-08  1.380E-07  0.000E+00  0.000E+00  3.770E+00  4.398E+00
  1.380E-07  2.258E-07  0.000E+00  0.000E+00  3.770E+00  4.398E+00
  2.258E-07  3.696E-07  0.000E+00  0.000E+00  3.770E+00  4.398E+00
  3.696E-07  6.050E-07  0.000E+00  0.000E+00  3.770E+00  4.398E+00
  6.050E-07  9.902E-07  0.000E+00  0.000E+00  3.770E+00  4.398E+00
  9.902E-07  1.621E-06  0.000E+00  0.000E+00  3.770E+00  4.398E+00
  1.621E-06  2.653E-06  0.000E+00  0.000E+00  3.770E+00  4.398E+00
  2.653E-06  4.342E-06  0.000E+00  0.000E+00  3.770E+00  4.398E+00
  4.342E-06  7.106E-06  0.000E+00  0.000E+00  3.770E+00  4.398E+00
  7.106E-06  1.163E-05  0.000E+00  0.000E+00  3.770E+00  4.398E+00
  1.163E-05  1.904E-05  0.000E+00  0.000E+00  3.770E+00  4.398E+00
  1.904E-05  3.116E-05  0.000E+00  0.000E+00  3.770E+00  4.398E+00
  3.116E-05  5.100E-05  0.000E+00  0.000E+00  3.770E+00  4.398E+00
  5.100E-05  8.347E-05  0.000E+00  0.000E+00  3.770E+00  4.398E+00
  8.347E-05  1.366E-04  5.880E-05  5.528E+01  3.770E+00  4.398E+00
  1.366E-04  2.236E-04  0.000E+00  0.000E+00  3.770E+00  4.398E+00
  2.236E-04  3.660E-04  3.765E-05  3.352E+01  3.770E+00  4.398E+00
  3.660E-04  5.990E-04  2.324E-05  9.643E+01  3.770E+00  4.398E+00
  5.990E-04  9.804E-04  1.291E-05  3.337E+01  3.770E+00  4.398E+00
  9.804E-04  1.605E-03  9.663E-06  3.338E+01  3.770E+00  4.398E+00
  1.605E-03  2.627E-03  1.344E-05  4.267E+01  3.770E+00  4.398E+00
  2.627E-03  4.299E-03  1.978E-05  2.274E+01  3.770E+00  4.398E+00
  4.299E-03  7.036E-03  3.049E-05  1.203E+01  3.770E+00  4.398E+00
  7.036E-03  1.152E-02  3.269E-05  1.574E+01  3.770E+00  4.398E+00
  1.152E-02  1.885E-02  6.881E-05  1.065E+01  3.770E+00  4.398E+00
  1.885E-02  3.085E-02  9.890E-05  1.071E+01  3.770E+00  4.398E+00
  3.085E-02  5.050E-02  1.374E-04  9.277E+00  3.770E+00  4.398E+00
  5.050E-02  8.265E-02  1.585E-04  9.041E+00  3.770E+00  4.398E+00
  8.265E-02  1.353E-01  1.366E-04  9.322E+00  3.770E+00  4.398E+00
  1.353E-01  2.214E-01  1.063E-04  8.914E+00  3.770E+00  4.398E+00
  2.214E-01  3.624E-01  6.868E-05  9.691E+00  3.770E+00  4.398E+00
  3.624E-01  5.931E-01  2.765E-05  9.602E+00  3.770E+00  4.398E+00
  5.931E-01  9.708E-01  4.072E-06  9.101E+00  3.770E+00  4.398E+00
  9.708E-01  1.589E+00  7.013E-08  2.572E+01  3.770E+00  4.398E+00
  1.589E+00  2.601E+00  3.040E-09  5.528E+01  3.770E+00  4.398E+00
  2.601E+00  4.257E+00  0.000E+00  0.000E+00  3.770E+00  4.398E+00
  4.257E+00  6.967E+00  0.000E+00  0.000E+00  3.770E+00  4.398E+00
  6.967E+00  1.140E+01  0.000E+00  0.000E+00  3.770E+00  4.398E+00
  1.140E+01  1.866E+01  0.000E+00  0.000E+00  3.770E+00  4.398E+00
  1.866E+01  3.055E+01  0.000E+00  0.000E+00  3.770E+00  4.398E+00
  3.055E+01  5.000E+01  0.000E+00  0.000E+00  3.770E+00  4.398E+00
  5.000E+01  5.000E+01  0.000E+00  0.000E+00  3.770E+00  4.398E+00

 # Block n:            8     4.39822960      :   5.02654839    
  1.000E-09  1.637E-09  0.000E+00  0.000E+00  4.398E+00  5.027E+00
  1.637E-09  2.679E-09  0.000E+00  0.000E+00  4.398E+00  5.027E+00
  2.679E-09  4.385E-09  0.000E+00  0.000E+00  4.398E+00  5.027E+00
  4.385E-09  7.177E-09  0.000E+00  0.000E+00  4.398E+00  5.027E+00
  7.177E-09  1.175E-08  0.000E+00  0.000E+00  4.398E+00  5.027E+00
  1.175E-08  1.923E-08  0.000E+00  0.000E+00  4.398E+00  5.027E+00
  1.923E-08  3.147E-08  0.000E+00  0.000E+00  4.398E+00  5.027E+00
  3.147E-08  5.150E-08  0.000E+00  0.000E+00  4.398E+00  5.027E+00
  5.150E-08  8.430E-08  0.000E+00  0.000E+00  4.398E+00  5.027E+00
  8.430E-08  1.380E-07  0.000E+00  0.000E+00  4.398E+00  5.027E+00
  1.380E-07  2.258E-07  0.000E+00  0.000E+00  4.398E+00  5.027E+00
  2.258E-07  3.696E-07  0.000E+00  0.000E+00  4.398E+00  5.027E+00
  3.696E-07  6.050E-07  0.000E+00  0.000E+00  4.398E+00  5.027E+00
  6.050E-07  9.902E-07  0.000E+00  0.000E+00  4.398E+00  5.027E+00
  9.902E-07  1.621E-06  0.000E+00  0.000E+00  4.398E+00  5.027E+00
  1.621E-06  2.653E-06  0.000E+00  0.000E+00  4.398E+00  5.027E+00
  2.653E-06  4.342E-06  0.000E+00  0.000E+00  4.398E+00  5.027E+00
  4.342E-06  7.106E-06  0.000E+00  0.000E+00  4.398E+00  5.027E+00
  7.106E-06  1.163E-05  0.000E+00  0.000E+00  4.398E+00  5.027E+00
  1.163E-05  1.904E-05  0.000E+00  0.000E+00  4.398E+00  5.027E+00
  1.904E-05  3.116E-05  0.000E+00  0.000E+00  4.398E+00  5.027E+00
  3.116E-05  5.100E-05  2.293E-04  5.528E+01  4.398E+00  5.027E+00
  5.100E-05  8.347E-05  0.000E+00  0.000E+00  4.398E+00  5.027E+00
  8.347E-05  1.366E-04  0.000E+00  0.000E+00  4.398E+00  5.027E+00
  1.366E-04  2.236E-04  4.387E-05  9.900E+01  4.398E+00  5.027E+00
  2.236E-04  3.660E-04  0.000E+00  0.000E+00  4.398E+00  5.027E+00
  3.660E-04  5.990E-04  1.391E-05  5.528E+01  4.398E+00  5.027E+00
  5.990E-04  9.804E-04  5.124E-05  3.657E+01  4.398E+00  5.027E+00
  9.804E-04  1.605E-03  4.236E-05  3.787E+01  4.398E+00  5.027E+00
  1.605E-03  2.627E-03  1.075E-05  4.038E+01  4.398E+00  5.027E+00
  2.627E-03  4.299E-03  3.254E-05  1.857E+01  4.398E+00  5.027E+00
  4.299E-03  7.036E-03  1.513E-05  2.313E+01  4.398E+00  5.027E+00
  7.036E-03  1.152E-02  3.778E-05  1.177E+01  4.398E+00  5.027E+00
  1.152E-02  1.885E-02  6.778E-05  1.210E+01  4.398E+00  5.027E+00
  1.885E-02  3.085E-02  1.014E-04  9.064E+00  4.398E+00  5.027E+00
  3.085E-02  5.050E-02  1.391E-04  8.159E+00  4.398E+00  5.027E+00
  5.050E-02  8.265E-02  1.540E-04  7.440E+00  4.398E+00  5.027E+00
  8.265E-02  1.353E-01  1.261E-04  7.944E+00  4.398E+00  5.027E+00
  1.353E-01  2.214E-01  9.260E-05  8.851E+00  4.398E+00  5.027E+00
  2.214E-01  3.624E-01  5.702E-05  9.343E+00  4.398E+00  5.027E+00
  3.624E-01  5.931E-01  1.999E-05  9.675E+00  4.398E+00  5.027E+00
  5.931E-01  9.708E-01  1.941E-06  1.064E+01  4.398E+00  5.027E+00
  9.708E-01  1.589E+00  1.171E-08  5.528E+01  4.398E+00  5.027E+00
  1.589E+00  2.601E+00  0.000E+00  0.000E+00  4.398E+00  5.027E+00
  2.601E+00  4.257E+00  0.000E+00  0.000E+00  4.398E+00  5.027E+00
  4.257E+00  6.967E+00  0.000E+00  0.000E+00  4.398E+00  5.027E+00
  6.967E+00  1.140E+01  0.000E+00  0.000E+00  4.398E+00  5.027E+00
  1.140E+01  1.866E+01  0.000E+00  0.000E+00  4.398E+00  5.027E+00
  1.866E+01  3.055E+01  0.000E+00  0.000E+00  4.398E+00  5.027E+00
  3.055E+01  5.000E+01  0.000E+00  0.000E+00  4.398E+00  5.027E+00
  5.000E+01  5.000E+01  0.000E+00  0.000E+00  4.398E+00  5.027E+00

 # Block n:            9     5.02654839      :   5.65486717    
  1.000E-09  1.637E-09  0.000E+00  0.000E+00  5.027E+00  5.655E+00
  1.637E-09  2.679E-09  0.000E+00  0.000E+00  5.027E+00  5.655E+00
  2.679E-09  4.385E-09  0.000E+00  0.000E+00  5.027E+00  5.655E+00
  4.385E-09  7.177E-09  0.000E+00  0.000E+00  5.027E+00  5.655E+00
  7.177E-09  1.175E-08  0.000E+00  0.000E+00  5.027E+00  5.655E+00
  1.175E-08  1.923E-08  0.000E+00  0.000E+00  5.027E+00  5.655E+00
  1.923E-08  3.147E-08  0.000E+00  0.000E+00  5.027E+00  5.655E+00
  3.147E-08  5.150E-08  0.000E+00  0.000E+00  5.027E+00  5.655E+00
  5.150E-08  8.430E-08  0.000E+00  0.000E+00  5.027E+00  5.655E+00
  8.430E-08  1.380E-07  0.000E+00  0.000E+00  5.027E+00  5.655E+00
  1.380E-07  2.258E-07  0.000E+00  0.000E+00  5.027E+00  5.655E+00
  2.258E-07  3.696E-07  0.000E+00  0.000E+00  5.027E+00  5.655E+00
  3.696E-07  6.050E-07  0.000E+00  0.000E+00  5.027E+00  5.655E+00
  6.050E-07  9.902E-07  0.000E+00  0.000E+00  5.027E+00  5.655E+00
  9.902E-07  1.621E-06  0.000E+00  0.000E+00  5.027E+00  5.655E+00
  1.621E-06  2.653E-06  0.000E+00  0.000E+00  5.027E+00  5.655E+00
  2.653E-06  4.342E-06  0.000E+00  0.000E+00  5.027E+00  5.655E+00
  4.342E-06  7.106E-06  0.000E+00  0.000E+00  5.027E+00  5.655E+00
  7.106E-06  1.163E-05  0.000E+00  0.000E+00  5.027E+00  5.655E+00
  1.163E-05  1.904E-05  0.000E+00  0.000E+00  5.027E+00  5.655E+00
  1.904E-05  3.116E-05  0.000E+00  0.000E+00  5.027E+00  5.655E+00
  3.116E-05  5.100E-05  0.000E+00  0.000E+00  5.027E+00  5.655E+00
  5.100E-05  8.347E-05  0.000E+00  0.000E+00  5.027E+00  5.655E+00
  8.347E-05  1.366E-04  0.000E+00  0.000E+00  5.027E+00  5.655E+00
  1.366E-04  2.236E-04  0.000E+00  0.000E+00  5.027E+00  5.655E+00
  2.236E-04  3.660E-04  0.000E+00  0.000E+00  5.027E+00  5.655E+00
  3.660E-04  5.990E-04  0.000E+00  0.000E+00  5.027E+00  5.655E+00
  5.990E-04  9.804E-04  1.485E-05  5.528E+01  5.027E+00  5.655E+00
  9.804E-04  1.605E-03  3.683E-05  2.446E+01  5.027E+00  5.655E+00
  1.605E-03  2.627E-03  1.928E-05  7.929E+01  5.027E+00  5.655E+00
  2.627E-03  4.299E-03  2.679E-05  4.026E+01  5.027E+00  5.655E+00
  4.299E-03  7.036E-03  2.155E-05  3.257E+01  5.027E+00  5.655E+00
  7.036E-03  1.152E-02  5.674E-05  1.944E+01  5.027E+00  5.655E+00
  1.152E-02  1.885E-02  7.120E-05  1.394E+01  5.027E+00  5.655E+00
  1.885E-02  3.085E-02  9.741E-05  1.136E+01  5.027E+00  5.655E+00
  3.085E-02  5.050E-02  1.366E-04  7.546E+00  5.027E+00  5.655E+00
  5.050E-02  8.265E-02  1.325E-04  8.236E+00  5.027E+00  5.655E+00
  8.265E-02  1.353E-01  1.150E-04  7.470E+00  5.027E+00  5.655E+00
  1.353E-01  2.214E-01  7.856E-05  7.341E+00  5.027E+00  5.655E+00
  2.214E-01  3.624E-01  4.347E-05  7.182E+00  5.027E+00  5.655E+00
  3.624E-01  5.931E-01  1.342E-05  8.849E+00  5.027E+00  5.655E+00
  5.931E-01  9.708E-01  1.085E-06  1.835E+01  5.027E+00  5.655E+00
  9.708E-01  1.589E+00  1.126E-08  5.528E+01  5.027E+00  5.655E+00
  1.589E+00  2.601E+00  0.000E+00  0.000E+00  5.027E+00  5.655E+00
  2.601E+00  4.257E+00  0.000E+00  0.000E+00  5.027E+00  5.655E+00
  4.257E+00  6.967E+00  0.000E+00  0.000E+00  5.027E+00  5.655E+00
  6.967E+00  1.140E+01  0.000E+00  0.000E+00  5.027E+00  5.655E+00
  1.140E+01  1.866E+01  0.000E+00  0.000E+00  5.027E+00  5.655E+00
  1.866E+01  3.055E+01  0.000E+00  0.000E+00  5.027E+00  5.655E+00
  3.055E+01  5.000E+01  0.000E+00  0.000E+00  5.027E+00  5.655E+00
  5.000E+01  5.000E+01  0.000E+00  0.000E+00  5.027E+00  5.655E+00

 # Block n:           10     5.65486717      :   6.28318548    
  1.000E-09  1.637E-09  0.000E+00  0.000E+00  5.655E+00  6.283E+00
  1.637E-09  2.679E-09  0.000E+00  0.000E+00  5.655E+00  6.283E+00
  2.679E-09  4.385E-09  0.000E+00  0.000E+00  5.655E+00  6.283E+00
  4.385E-09  7.177E-09  0.000E+00  0.000E+00  5.655E+00  6.283E+00
  7.177E-09  1.175E-08  0.000E+00  0.000E+00  5.655E+00  6.283E+00
  1.175E-08  1.923E-08  0.000E+00  0.000E+00  5.655E+00  6.283E+00
  1.923E-08  3.147E-08  0.000E+00  0.000E+00  5.655E+00  6.283E+00
  3.147E-08  5.150E-08  0.000E+00  0.000E+00  5.655E+00  6.283E+00
  5.150E-08  8.430E-08  0.000E+00  0.000E+00  5.655E+00  6.283E+00
  8.430E-08  1.380E-07  0.000E+00  0.000E+00  5.655E+00  6.283E+00
  1.380E-07  2.258E-07  0.000E+00  0.000E+00  5.655E+00  6.283E+00
  2.258E-07  3.696E-07  0.000E+00  0.000E+00  5.655E+00  6.283E+00
  3.696E-07  6.050E-07  0.000E+00  0.000E+00  5.655E+00  6.283E+00
  6.050E-07  9.902E-07  0.000E+00  0.000E+00  5.655E+00  6.283E+00
  9.902E-07  1.621E-06  0.000E+00  0.000E+00  5.655E+00  6.283E+00
  1.621E-06  2.653E-06  0.000E+00  0.000E+00  5.655E+00  6.283E+00
  2.653E-06  4.342E-06  0.000E+00  0.000E+00  5.655E+00  6.283E+00
  4.342E-06  7.106E-06  0.000E+00  0.000E+00  5.655E+00  6.283E+00
  7.106E-06  1.163E-05  0.000E+00  0.000E+00  5.655E+00  6.283E+00
  1.163E-05  1.904E-05  0.000E+00  0.000E+00  5.655E+00  6.283E+00
  1.904E-05  3.116E-05  0.000E+00  0.000E+00  5.655E+00  6.283E+00
  3.116E-05  5.100E-05  0.000E+00  0.000E+00  5.655E+00  6.283E+00
  5.100E-05  8.347E-05  0.000E+00  0.000E+00  5.655E+00  6.283E+00
  8.347E-05  1.366E-04  0.000E+00  0.000E+00  5.655E+00  6.283E+00
  1.366E-04  2.236E-04  0.000E+00  0.000E+00  5.655E+00  6.283E+00
  2.236E-04  3.660E-04  0.000E+00  0.000E+00  5.655E+00  6.283E+00
  3.660E-04  5.990E-04  1.525E-04  9.900E+01  5.655E+00  6.283E+00
  5.990E-04  9.804E-04  1.190E-04  7.013E+01  5.655E+00  6.283E+00
  9.804E-04  1.605E-03  2.232E-05  5.528E+01  5.655E+00  6.283E+00
  1.605E-03  2.627E-03  1.013E-05  5.528E+01  5.655E+00  6.283E+00
  2.627E-03  4.299E-03  0.000E+00  0.000E+00  5.655E+00  6.283E+00
  4.299E-03  7.036E-03  3.966E-06  9.900E+01  5.655E+00  6.283E+00
  7.036E-03  1.152E-02  3.964E-05  3.318E+01  5.655E+00  6.283E+00
  1.152E-02  1.885E-02  5.019E-05  2.555E+01  5.655E+00  6.283E+00
  1.885E-02  3.085E-02  1.078E-04  1.723E+01  5.655E+00  6.283E+00
  3.085E-02  5.050E-02  1.300E-04  9.642E+00  5.655E+00  6.283E+00
  5.050E-02  8.265E-02  1.499E-04  5.837E+00  5.655E+00  6.283E+00
  8.265E-02  1.353E-01  1.048E-04  9.081E+00  5.655E+00  6.283E+00
  1.353E-01  2.214E-01  7.055E-05  8.715E+00  5.655E+00  6.283E+00
  2.214E-01  3.624E-01  3.519E-05  6.348E+00  5.655E+00  6.283E+00
  3.624E-01  5.931E-01  9.631E-06  1.226E+01  5.655E+00  6.283E+00
  5.931E-01  9.708E-01  6.997E-07  2.411E+01  5.655E+00  6.283E+00
  9.708E-01  1.589E+00  0.000E+00  0.000E+00  5.655E+00  6.283E+00
  1.589E+00  2.601E+00  0.000E+00  0.000E+00  5.655E+00  6.283E+00
  2.601E+00  4.257E+00  0.000E+00  0.000E+00  5.655E+00  6.283E+00
  4.257E+00  6.967E+00  0.000E+00  0.000E+00  5.655E+00  6.283E+00
  6.967E+00  1.140E+01  0.000E+00  0.000E+00  5.655E+00  6.283E+00
  1.140E+01  1.866E+01  0.000E+00  0.000E+00  5.655E+00  6.283E+00
  1.866E+01  3.055E+01  0.000E+00  0.000E+00  5.655E+00  6.283E+00
  3.055E+01  5.000E+01  0.000E+00  0.000E+00  5.655E+00  6.283E+00
  5.000E+01  5.000E+01  0.000E+00  0.000E+00  5.655E+00  6.283E+00

  1.000E-09  1.000E-09  0.000E+00  0.000E+00  6.283E+00  6.283E+00
  1.637E-09  1.637E-09  0.000E+00  0.000E+00  6.283E+00  6.283E+00
  2.679E-09  2.679E-09  0.000E+00  0.000E+00  6.283E+00  6.283E+00
  4.385E-09  4.385E-09  0.000E+00  0.000E+00  6.283E+00  6.283E+00
  7.177E-09  7.177E-09  0.000E+00  0.000E+00  6.283E+00  6.283E+00
  1.175E-08  1.175E-08  0.000E+00  0.000E+00  6.283E+00  6.283E+00
  1.923E-08  1.923E-08  0.000E+00  0.000E+00  6.283E+00  6.283E+00
  3.147E-08  3.147E-08  0.000E+00  0.000E+00  6.283E+00  6.283E+00
  5.150E-08  5.150E-08  0.000E+00  0.000E+00  6.283E+00  6.283E+00
  8.430E-08  8.430E-08  0.000E+00  0.000E+00  6.283E+00  6.283E+00
  1.380E-07  1.380E-07  0.000E+00  0.000E+00  6.283E+00  6.283E+00
  2.258E-07  2.258E-07  0.000E+00  0.000E+00  6.283E+00  6.283E+00
  3.696E-07  3.696E-07  0.000E+00  0.000E+00  6.283E+00  6.283E+00
  6.050E-07  6.050E-07  0.000E+00  0.000E+00  6.283E+00  6.283E+00
  9.902E-07  9.902E-07  0.000E+00  0.000E+00  6.283E+00  6.283E+00
  1.621E-06  1.621E-06  0.000E+00  0.000E+00  6.283E+00  6.283E+00
  2.653E-06  2.653E-06  0.000E+00  0.000E+00  6.283E+00  6.283E+00
  4.342E-06  4.342E-06  0.000E+00  0.000E+00  6.283E+00  6.283E+00
  7.106E-06  7.106E-06  0.000E+00  0.000E+00  6.283E+00  6.283E+00
  1.163E-05  1.163E-05  0.000E+00  0.000E+00  6.283E+00  6.283E+00
  1.904E-05  1.904E-05  0.000E+00  0.000E+00  6.283E+00  6.283E+00
  3.116E-05  3.116E-05  0.000E+00  0.000E+00  6.283E+00  6.283E+00
  5.100E-05  5.100E-05  0.000E+00  0.000E+00  6.283E+00  6.283E+00
  8.347E-05  8.347E-05  0.000E+00  0.000E+00  6.283E+00  6.283E+00
  1.366E-04  1.366E-04  0.000E+00  0.000E+00  6.283E+00  6.283E+00
  2.236E-04  2.236E-04  0.000E+00  0.000E+00  6.283E+00  6.283E+00
  3.660E-04  3.660E-04  0.000E+00  0.000E+00  6.283E+00  6.283E+00
  5.990E-04  5.990E-04  0.000E+00  0.000E+00  6.283E+00  6.283E+00
  9.804E-04  9.804E-04  0.000E+00  0.000E+00  6.283E+00  6.283E+00
  1.605E-03  1.605E-03  0.000E+00  0.000E+00  6.283E+00  6.283E+00
  2.627E-03  2.627E-03  0.000E+00  0.000E+00  6.283E+00  6.283E+00
  4.299E-03  4.299E-03  0.000E+00  0.000E+00  6.283E+00  6.283E+00
  7.036E-03  7.036E-03  0.000E+00  0.000E+00  6.283E+00  6.283E+00
  1.152E-02  1.152E-02  0.000E+00  0.000E+00  6.283E+00  6.283E+00
  1.885E-02  1.885E-02  0.000E+00  0.000E+00  6.283E+00  6.283E+00
  3.085E-02  3.085E-02  0.000E+00  0.000E+00  6.283E+00  6.283E+00
  5.050E-02  5.050E-02  0.000E+00  0.000E+00  6.283E+00  6.283E+00
  8.265E-02  8.265E-02  0.000E+00  0.000E+00  6.283E+00  6.283E+00
  1.353E-01  1.353E-01  0.000E+00  0.000E+00  6.283E+00  6.283E+00
  2.214E-01  2.214E-01  0.000E+00  0.000E+00  6.283E+00  6.283E+00
  3.624E-01  3.624E-01  0.000E+00  0.000E+00  6.283E+00  6.283E+00
  5.931E-01  5.931E-01  0.000E+00  0.000E+00  6.283E+00  6.283E+00
  9.708E-01  9.708E-01  0.000E+00  0.000E+00  6.283E+00  6.283E+00
  1.589E+00  1.589E+00  0.000E+00  0.000E+00  6.283E+00  6.283E+00
  2.601E+00  2.601E+00  0.000E+00  0.000E+00  6.283E+00  6.283E+00
  4.257E+00  4.257E+00  0.000E+00  0.000E+00  6.283E+00  6.283E+00
  6.967E+00  6.967E+00  0.000E+00  0.000E+00  6.283E+00  6.283E+00
  1.140E+01  1.140E+01  0.000E+00  0.000E+00  6.283E+00  6.283E+00
  1.866E+01  1.866E+01  0.000E+00  0.000E+00  6.283E+00  6.283E+00
  3.055E+01  3.055E+01  0.000E+00  0.000E+00  6.283E+00  6.283E+00
  5.000E+01  5.000E+01  0.000E+00  0.000E+00  6.283E+00  6.283E+00
