 # Detector n:            1   piCurrUD  (integrated over solid angle)
 # N. of energy intervals          50
  1.000E-09  1.637E-09  0.000E+00  0.000E+00
  1.637E-09  2.679E-09  0.000E+00  0.000E+00
  2.679E-09  4.385E-09  0.000E+00  0.000E+00
  4.385E-09  7.177E-09  0.000E+00  0.000E+00
  7.177E-09  1.175E-08  0.000E+00  0.000E+00
  1.175E-08  1.923E-08  0.000E+00  0.000E+00
  1.923E-08  3.147E-08  0.000E+00  0.000E+00
  3.147E-08  5.150E-08  0.000E+00  0.000E+00
  5.150E-08  8.430E-08  0.000E+00  0.000E+00
  8.430E-08  1.380E-07  0.000E+00  0.000E+00
  1.380E-07  2.258E-07  0.000E+00  0.000E+00
  2.258E-07  3.696E-07  4.140E-03  5.528E+01
  3.696E-07  6.050E-07  0.000E+00  0.000E+00
  6.050E-07  9.902E-07  0.000E+00  0.000E+00
  9.902E-07  1.621E-06  9.441E-04  5.528E+01
  1.621E-06  2.653E-06  0.000E+00  0.000E+00
  2.653E-06  4.342E-06  0.000E+00  0.000E+00
  4.342E-06  7.106E-06  0.000E+00  0.000E+00
  7.106E-06  1.163E-05  0.000E+00  0.000E+00
  1.163E-05  1.904E-05  1.607E-04  9.428E+01
  1.904E-05  3.116E-05  4.911E-05  9.900E+01
  3.116E-05  5.100E-05  3.000E-05  5.528E+01
  5.100E-05  8.347E-05  7.332E-05  5.951E+01
  8.347E-05  1.366E-04  3.360E-05  3.643E+01
  1.366E-04  2.236E-04  4.106E-05  3.859E+01
  2.236E-04  3.660E-04  6.689E-05  1.935E+01
  3.660E-04  5.990E-04  6.896E-05  1.909E+01
  5.990E-04  9.804E-04  9.051E-05  1.348E+01
  9.804E-04  1.605E-03  7.151E-05  1.685E+01
  1.605E-03  2.627E-03  6.699E-05  1.350E+01
  2.627E-03  4.299E-03  6.727E-05  1.371E+01
  4.299E-03  7.036E-03  7.350E-05  1.324E+01
  7.036E-03  1.152E-02  1.038E-04  1.244E+01
  1.152E-02  1.885E-02  1.984E-04  1.190E+01
  1.885E-02  3.085E-02  2.896E-04  1.116E+01
  3.085E-02  5.050E-02  3.925E-04  1.049E+01
  5.050E-02  8.265E-02  4.674E-04  1.060E+01
  8.265E-02  1.353E-01  4.974E-04  1.053E+01
  1.353E-01  2.214E-01  5.522E-04  1.054E+01
  2.214E-01  3.624E-01  5.912E-04  1.080E+01
  3.624E-01  5.931E-01  5.138E-04  1.087E+01
  5.931E-01  9.708E-01  3.628E-04  1.095E+01
  9.708E-01  1.589E+00  2.310E-04  1.098E+01
  1.589E+00  2.601E+00  1.373E-04  1.093E+01
  2.601E+00  4.257E+00  7.372E-05  1.092E+01
  4.257E+00  6.967E+00  3.555E-05  1.074E+01
  6.967E+00  1.140E+01  1.453E-05  1.080E+01
  1.140E+01  1.866E+01  4.408E-06  1.075E+01
  1.866E+01  3.055E+01  8.696E-07  1.088E+01
  3.055E+01  5.000E+01  4.596E-08  1.082E+01


 # double differential distributions
 # number of solid angle intervals          10
 # Block n:            1     0.00000000      :  0.628318548    
  1.000E-09  1.637E-09  0.000E+00  0.000E+00  0.000E+00  6.283E-01
  1.637E-09  2.679E-09  0.000E+00  0.000E+00  0.000E+00  6.283E-01
  2.679E-09  4.385E-09  0.000E+00  0.000E+00  0.000E+00  6.283E-01
  4.385E-09  7.177E-09  0.000E+00  0.000E+00  0.000E+00  6.283E-01
  7.177E-09  1.175E-08  0.000E+00  0.000E+00  0.000E+00  6.283E-01
  1.175E-08  1.923E-08  0.000E+00  0.000E+00  0.000E+00  6.283E-01
  1.923E-08  3.147E-08  0.000E+00  0.000E+00  0.000E+00  6.283E-01
  3.147E-08  5.150E-08  0.000E+00  0.000E+00  0.000E+00  6.283E-01
  5.150E-08  8.430E-08  0.000E+00  0.000E+00  0.000E+00  6.283E-01
  8.430E-08  1.380E-07  0.000E+00  0.000E+00  0.000E+00  6.283E-01
  1.380E-07  2.258E-07  0.000E+00  0.000E+00  0.000E+00  6.283E-01
  2.258E-07  3.696E-07  0.000E+00  0.000E+00  0.000E+00  6.283E-01
  3.696E-07  6.050E-07  0.000E+00  0.000E+00  0.000E+00  6.283E-01
  6.050E-07  9.902E-07  0.000E+00  0.000E+00  0.000E+00  6.283E-01
  9.902E-07  1.621E-06  0.000E+00  0.000E+00  0.000E+00  6.283E-01
  1.621E-06  2.653E-06  0.000E+00  0.000E+00  0.000E+00  6.283E-01
  2.653E-06  4.342E-06  0.000E+00  0.000E+00  0.000E+00  6.283E-01
  4.342E-06  7.106E-06  0.000E+00  0.000E+00  0.000E+00  6.283E-01
  7.106E-06  1.163E-05  0.000E+00  0.000E+00  0.000E+00  6.283E-01
  1.163E-05  1.904E-05  1.279E-04  9.900E+01  0.000E+00  6.283E-01
  1.904E-05  3.116E-05  7.816E-05  9.900E+01  0.000E+00  6.283E-01
  3.116E-05  5.100E-05  0.000E+00  0.000E+00  0.000E+00  6.283E-01
  5.100E-05  8.347E-05  2.917E-05  5.528E+01  0.000E+00  6.283E-01
  8.347E-05  1.366E-04  1.782E-05  5.528E+01  0.000E+00  6.283E-01
  1.366E-04  2.236E-04  0.000E+00  0.000E+00  0.000E+00  6.283E-01
  2.236E-04  3.660E-04  6.654E-06  5.528E+01  0.000E+00  6.283E-01
  3.660E-04  5.990E-04  1.220E-05  6.261E+01  0.000E+00  6.283E-01
  5.990E-04  9.804E-04  2.484E-05  2.930E+01  0.000E+00  6.283E-01
  9.804E-04  1.605E-03  1.821E-05  2.580E+01  0.000E+00  6.283E-01
  1.605E-03  2.627E-03  2.132E-05  1.891E+01  0.000E+00  6.283E-01
  2.627E-03  4.299E-03  1.756E-05  1.941E+01  0.000E+00  6.283E-01
  4.299E-03  7.036E-03  2.042E-05  1.376E+01  0.000E+00  6.283E-01
  7.036E-03  1.152E-02  2.453E-05  1.778E+01  0.000E+00  6.283E-01
  1.152E-02  1.885E-02  5.245E-05  1.281E+01  0.000E+00  6.283E-01
  1.885E-02  3.085E-02  7.522E-05  1.150E+01  0.000E+00  6.283E-01
  3.085E-02  5.050E-02  1.051E-04  1.198E+01  0.000E+00  6.283E-01
  5.050E-02  8.265E-02  1.358E-04  1.184E+01  0.000E+00  6.283E-01
  8.265E-02  1.353E-01  1.652E-04  1.167E+01  0.000E+00  6.283E-01
  1.353E-01  2.214E-01  2.262E-04  1.106E+01  0.000E+00  6.283E-01
  2.214E-01  3.624E-01  3.232E-04  1.119E+01  0.000E+00  6.283E-01
  3.624E-01  5.931E-01  4.033E-04  1.110E+01  0.000E+00  6.283E-01
  5.931E-01  9.708E-01  4.056E-04  1.102E+01  0.000E+00  6.283E-01
  9.708E-01  1.589E+00  3.268E-04  1.098E+01  0.000E+00  6.283E-01
  1.589E+00  2.601E+00  2.141E-04  1.093E+01  0.000E+00  6.283E-01
  2.601E+00  4.257E+00  1.172E-04  1.092E+01  0.000E+00  6.283E-01
  4.257E+00  6.967E+00  5.658E-05  1.074E+01  0.000E+00  6.283E-01
  6.967E+00  1.140E+01  2.313E-05  1.080E+01  0.000E+00  6.283E-01
  1.140E+01  1.866E+01  7.015E-06  1.075E+01  0.000E+00  6.283E-01
  1.866E+01  3.055E+01  1.384E-06  1.088E+01  0.000E+00  6.283E-01
  3.055E+01  5.000E+01  7.315E-08  1.082E+01  0.000E+00  6.283E-01
  5.000E+01  5.000E+01  0.000E+00  0.000E+00  0.000E+00  6.283E-01

 # Block n:            2    0.628318548      :   1.25663710    
  1.000E-09  1.637E-09  0.000E+00  0.000E+00  6.283E-01  1.257E+00
  1.637E-09  2.679E-09  0.000E+00  0.000E+00  6.283E-01  1.257E+00
  2.679E-09  4.385E-09  0.000E+00  0.000E+00  6.283E-01  1.257E+00
  4.385E-09  7.177E-09  0.000E+00  0.000E+00  6.283E-01  1.257E+00
  7.177E-09  1.175E-08  0.000E+00  0.000E+00  6.283E-01  1.257E+00
  1.175E-08  1.923E-08  0.000E+00  0.000E+00  6.283E-01  1.257E+00
  1.923E-08  3.147E-08  0.000E+00  0.000E+00  6.283E-01  1.257E+00
  3.147E-08  5.150E-08  0.000E+00  0.000E+00  6.283E-01  1.257E+00
  5.150E-08  8.430E-08  0.000E+00  0.000E+00  6.283E-01  1.257E+00
  8.430E-08  1.380E-07  0.000E+00  0.000E+00  6.283E-01  1.257E+00
  1.380E-07  2.258E-07  0.000E+00  0.000E+00  6.283E-01  1.257E+00
  2.258E-07  3.696E-07  0.000E+00  0.000E+00  6.283E-01  1.257E+00
  3.696E-07  6.050E-07  0.000E+00  0.000E+00  6.283E-01  1.257E+00
  6.050E-07  9.902E-07  0.000E+00  0.000E+00  6.283E-01  1.257E+00
  9.902E-07  1.621E-06  0.000E+00  0.000E+00  6.283E-01  1.257E+00
  1.621E-06  2.653E-06  0.000E+00  0.000E+00  6.283E-01  1.257E+00
  2.653E-06  4.342E-06  0.000E+00  0.000E+00  6.283E-01  1.257E+00
  4.342E-06  7.106E-06  0.000E+00  0.000E+00  6.283E-01  1.257E+00
  7.106E-06  1.163E-05  0.000E+00  0.000E+00  6.283E-01  1.257E+00
  1.163E-05  1.904E-05  0.000E+00  0.000E+00  6.283E-01  1.257E+00
  1.904E-05  3.116E-05  0.000E+00  0.000E+00  6.283E-01  1.257E+00
  3.116E-05  5.100E-05  0.000E+00  0.000E+00  6.283E-01  1.257E+00
  5.100E-05  8.347E-05  0.000E+00  0.000E+00  6.283E-01  1.257E+00
  8.347E-05  1.366E-04  0.000E+00  0.000E+00  6.283E-01  1.257E+00
  1.366E-04  2.236E-04  1.089E-05  5.528E+01  6.283E-01  1.257E+00
  2.236E-04  3.660E-04  3.992E-05  3.568E+01  6.283E-01  1.257E+00
  3.660E-04  5.990E-04  2.439E-05  3.333E+01  6.283E-01  1.257E+00
  5.990E-04  9.804E-04  1.987E-05  3.146E+01  6.283E-01  1.257E+00
  9.804E-04  1.605E-03  1.517E-05  2.380E+01  6.283E-01  1.257E+00
  1.605E-03  2.627E-03  1.576E-05  2.157E+01  6.283E-01  1.257E+00
  2.627E-03  4.299E-03  1.529E-05  1.597E+01  6.283E-01  1.257E+00
  4.299E-03  7.036E-03  1.938E-05  1.916E+01  6.283E-01  1.257E+00
  7.036E-03  1.152E-02  2.453E-05  1.735E+01  6.283E-01  1.257E+00
  1.152E-02  1.885E-02  4.483E-05  1.243E+01  6.283E-01  1.257E+00
  1.885E-02  3.085E-02  7.112E-05  1.273E+01  6.283E-01  1.257E+00
  3.085E-02  5.050E-02  9.693E-05  1.178E+01  6.283E-01  1.257E+00
  5.050E-02  8.265E-02  1.162E-04  1.144E+01  6.283E-01  1.257E+00
  8.265E-02  1.353E-01  1.422E-04  1.136E+01  6.283E-01  1.257E+00
  1.353E-01  2.214E-01  1.827E-04  1.114E+01  6.283E-01  1.257E+00
  2.214E-01  3.624E-01  2.213E-04  1.115E+01  6.283E-01  1.257E+00
  3.624E-01  5.931E-01  1.935E-04  1.098E+01  6.283E-01  1.257E+00
  5.931E-01  9.708E-01  1.051E-04  1.097E+01  6.283E-01  1.257E+00
  9.708E-01  1.589E+00  3.187E-05  1.101E+01  6.283E-01  1.257E+00
  1.589E+00  2.601E+00  4.051E-06  1.110E+01  6.283E-01  1.257E+00
  2.601E+00  4.257E+00  1.459E-07  1.298E+01  6.283E-01  1.257E+00
  4.257E+00  6.967E+00  1.049E-09  6.261E+01  6.283E-01  1.257E+00
  6.967E+00  1.140E+01  0.000E+00  0.000E+00  6.283E-01  1.257E+00
  1.140E+01  1.866E+01  0.000E+00  0.000E+00  6.283E-01  1.257E+00
  1.866E+01  3.055E+01  0.000E+00  0.000E+00  6.283E-01  1.257E+00
  3.055E+01  5.000E+01  0.000E+00  0.000E+00  6.283E-01  1.257E+00
  5.000E+01  5.000E+01  0.000E+00  0.000E+00  6.283E-01  1.257E+00

 # Block n:            3     1.25663710      :   1.88495564    
  1.000E-09  1.637E-09  0.000E+00  0.000E+00  1.257E+00  1.885E+00
  1.637E-09  2.679E-09  0.000E+00  0.000E+00  1.257E+00  1.885E+00
  2.679E-09  4.385E-09  0.000E+00  0.000E+00  1.257E+00  1.885E+00
  4.385E-09  7.177E-09  0.000E+00  0.000E+00  1.257E+00  1.885E+00
  7.177E-09  1.175E-08  0.000E+00  0.000E+00  1.257E+00  1.885E+00
  1.175E-08  1.923E-08  0.000E+00  0.000E+00  1.257E+00  1.885E+00
  1.923E-08  3.147E-08  0.000E+00  0.000E+00  1.257E+00  1.885E+00
  3.147E-08  5.150E-08  0.000E+00  0.000E+00  1.257E+00  1.885E+00
  5.150E-08  8.430E-08  0.000E+00  0.000E+00  1.257E+00  1.885E+00
  8.430E-08  1.380E-07  0.000E+00  0.000E+00  1.257E+00  1.885E+00
  1.380E-07  2.258E-07  0.000E+00  0.000E+00  1.257E+00  1.885E+00
  2.258E-07  3.696E-07  0.000E+00  0.000E+00  1.257E+00  1.885E+00
  3.696E-07  6.050E-07  0.000E+00  0.000E+00  1.257E+00  1.885E+00
  6.050E-07  9.902E-07  0.000E+00  0.000E+00  1.257E+00  1.885E+00
  9.902E-07  1.621E-06  0.000E+00  0.000E+00  1.257E+00  1.885E+00
  1.621E-06  2.653E-06  0.000E+00  0.000E+00  1.257E+00  1.885E+00
  2.653E-06  4.342E-06  0.000E+00  0.000E+00  1.257E+00  1.885E+00
  4.342E-06  7.106E-06  0.000E+00  0.000E+00  1.257E+00  1.885E+00
  7.106E-06  1.163E-05  0.000E+00  0.000E+00  1.257E+00  1.885E+00
  1.163E-05  1.904E-05  1.279E-04  5.528E+01  1.257E+00  1.885E+00
  1.904E-05  3.116E-05  0.000E+00  0.000E+00  1.257E+00  1.885E+00
  3.116E-05  5.100E-05  0.000E+00  0.000E+00  1.257E+00  1.885E+00
  5.100E-05  8.347E-05  2.917E-05  9.900E+01  1.257E+00  1.885E+00
  8.347E-05  1.366E-04  1.782E-05  5.528E+01  1.257E+00  1.885E+00
  1.366E-04  2.236E-04  0.000E+00  0.000E+00  1.257E+00  1.885E+00
  2.236E-04  3.660E-04  6.654E-06  5.528E+01  1.257E+00  1.885E+00
  3.660E-04  5.990E-04  4.065E-06  5.528E+01  1.257E+00  1.885E+00
  5.990E-04  9.804E-04  1.490E-05  3.333E+01  1.257E+00  1.885E+00
  9.804E-04  1.605E-03  1.062E-05  2.597E+01  1.257E+00  1.885E+00
  1.605E-03  2.627E-03  1.576E-05  2.393E+01  1.257E+00  1.885E+00
  2.627E-03  4.299E-03  1.359E-05  2.088E+01  1.257E+00  1.885E+00
  4.299E-03  7.036E-03  1.627E-05  1.982E+01  1.257E+00  1.885E+00
  7.036E-03  1.152E-02  2.537E-05  1.397E+01  1.257E+00  1.885E+00
  1.152E-02  1.885E-02  4.651E-05  1.280E+01  1.257E+00  1.885E+00
  1.885E-02  3.085E-02  6.591E-05  1.305E+01  1.257E+00  1.885E+00
  3.085E-02  5.050E-02  8.907E-05  1.052E+01  1.257E+00  1.885E+00
  5.050E-02  8.265E-02  1.101E-04  1.182E+01  1.257E+00  1.885E+00
  8.265E-02  1.353E-01  1.230E-04  1.066E+01  1.257E+00  1.885E+00
  1.353E-01  2.214E-01  1.440E-04  1.076E+01  1.257E+00  1.885E+00
  2.214E-01  3.624E-01  1.458E-04  1.099E+01  1.257E+00  1.885E+00
  3.624E-01  5.931E-01  9.853E-05  1.076E+01  1.257E+00  1.885E+00
  5.931E-01  9.708E-01  3.757E-05  1.104E+01  1.257E+00  1.885E+00
  9.708E-01  1.589E+00  6.538E-06  1.140E+01  1.257E+00  1.885E+00
  1.589E+00  2.601E+00  3.539E-07  1.199E+01  1.257E+00  1.885E+00
  2.601E+00  4.257E+00  4.005E-09  2.597E+01  1.257E+00  1.885E+00
  4.257E+00  6.967E+00  0.000E+00  0.000E+00  1.257E+00  1.885E+00
  6.967E+00  1.140E+01  0.000E+00  0.000E+00  1.257E+00  1.885E+00
  1.140E+01  1.866E+01  0.000E+00  0.000E+00  1.257E+00  1.885E+00
  1.866E+01  3.055E+01  0.000E+00  0.000E+00  1.257E+00  1.885E+00
  3.055E+01  5.000E+01  0.000E+00  0.000E+00  1.257E+00  1.885E+00
  5.000E+01  5.000E+01  0.000E+00  0.000E+00  1.257E+00  1.885E+00

 # Block n:            4     1.88495564      :   2.51327419    
  1.000E-09  1.637E-09  0.000E+00  0.000E+00  1.885E+00  2.513E+00
  1.637E-09  2.679E-09  0.000E+00  0.000E+00  1.885E+00  2.513E+00
  2.679E-09  4.385E-09  0.000E+00  0.000E+00  1.885E+00  2.513E+00
  4.385E-09  7.177E-09  0.000E+00  0.000E+00  1.885E+00  2.513E+00
  7.177E-09  1.175E-08  0.000E+00  0.000E+00  1.885E+00  2.513E+00
  1.175E-08  1.923E-08  0.000E+00  0.000E+00  1.885E+00  2.513E+00
  1.923E-08  3.147E-08  0.000E+00  0.000E+00  1.885E+00  2.513E+00
  3.147E-08  5.150E-08  0.000E+00  0.000E+00  1.885E+00  2.513E+00
  5.150E-08  8.430E-08  0.000E+00  0.000E+00  1.885E+00  2.513E+00
  8.430E-08  1.380E-07  0.000E+00  0.000E+00  1.885E+00  2.513E+00
  1.380E-07  2.258E-07  0.000E+00  0.000E+00  1.885E+00  2.513E+00
  2.258E-07  3.696E-07  6.588E-03  5.528E+01  1.885E+00  2.513E+00
  3.696E-07  6.050E-07  0.000E+00  0.000E+00  1.885E+00  2.513E+00
  6.050E-07  9.902E-07  0.000E+00  0.000E+00  1.885E+00  2.513E+00
  9.902E-07  1.621E-06  1.503E-03  5.528E+01  1.885E+00  2.513E+00
  1.621E-06  2.653E-06  0.000E+00  0.000E+00  1.885E+00  2.513E+00
  2.653E-06  4.342E-06  0.000E+00  0.000E+00  1.885E+00  2.513E+00
  4.342E-06  7.106E-06  0.000E+00  0.000E+00  1.885E+00  2.513E+00
  7.106E-06  1.163E-05  0.000E+00  0.000E+00  1.885E+00  2.513E+00
  1.163E-05  1.904E-05  0.000E+00  0.000E+00  1.885E+00  2.513E+00
  1.904E-05  3.116E-05  0.000E+00  0.000E+00  1.885E+00  2.513E+00
  3.116E-05  5.100E-05  0.000E+00  0.000E+00  1.885E+00  2.513E+00
  5.100E-05  8.347E-05  2.917E-05  5.528E+01  1.885E+00  2.513E+00
  8.347E-05  1.366E-04  0.000E+00  0.000E+00  1.885E+00  2.513E+00
  1.366E-04  2.236E-04  1.089E-05  9.900E+01  1.885E+00  2.513E+00
  2.236E-04  3.660E-04  1.331E-05  3.333E+01  1.885E+00  2.513E+00
  3.660E-04  5.990E-04  1.220E-05  3.643E+01  1.885E+00  2.513E+00
  5.990E-04  9.804E-04  2.484E-05  3.304E+01  1.885E+00  2.513E+00
  9.804E-04  1.605E-03  2.428E-05  1.935E+01  1.885E+00  2.513E+00
  1.605E-03  2.627E-03  1.762E-05  2.768E+01  1.885E+00  2.513E+00
  2.627E-03  4.299E-03  1.586E-05  1.830E+01  1.885E+00  2.513E+00
  4.299E-03  7.036E-03  1.765E-05  1.993E+01  1.885E+00  2.513E+00
  7.036E-03  1.152E-02  2.199E-05  1.609E+01  1.885E+00  2.513E+00
  1.152E-02  1.885E-02  4.237E-05  1.460E+01  1.885E+00  2.513E+00
  1.885E-02  3.085E-02  6.472E-05  1.120E+01  1.885E+00  2.513E+00
  3.085E-02  5.050E-02  8.425E-05  1.108E+01  1.885E+00  2.513E+00
  5.050E-02  8.265E-02  9.879E-05  1.150E+01  1.885E+00  2.513E+00
  8.265E-02  1.353E-01  1.048E-04  1.079E+01  1.885E+00  2.513E+00
  1.353E-01  2.214E-01  1.111E-04  1.129E+01  1.885E+00  2.513E+00
  2.214E-01  3.624E-01  9.672E-05  1.090E+01  1.885E+00  2.513E+00
  3.624E-01  5.931E-01  5.433E-05  1.119E+01  1.885E+00  2.513E+00
  5.931E-01  9.708E-01  1.623E-05  1.098E+01  1.885E+00  2.513E+00
  9.708E-01  1.589E+00  1.746E-06  1.093E+01  1.885E+00  2.513E+00
  1.589E+00  2.601E+00  2.247E-08  1.472E+01  1.885E+00  2.513E+00
  2.601E+00  4.257E+00  0.000E+00  0.000E+00  1.885E+00  2.513E+00
  4.257E+00  6.967E+00  0.000E+00  0.000E+00  1.885E+00  2.513E+00
  6.967E+00  1.140E+01  0.000E+00  0.000E+00  1.885E+00  2.513E+00
  1.140E+01  1.866E+01  0.000E+00  0.000E+00  1.885E+00  2.513E+00
  1.866E+01  3.055E+01  0.000E+00  0.000E+00  1.885E+00  2.513E+00
  3.055E+01  5.000E+01  0.000E+00  0.000E+00  1.885E+00  2.513E+00
  5.000E+01  5.000E+01  0.000E+00  0.000E+00  1.885E+00  2.513E+00

 # Block n:            5     2.51327419      :   3.14159274    
  1.000E-09  1.637E-09  0.000E+00  0.000E+00  2.513E+00  3.142E+00
  1.637E-09  2.679E-09  0.000E+00  0.000E+00  2.513E+00  3.142E+00
  2.679E-09  4.385E-09  0.000E+00  0.000E+00  2.513E+00  3.142E+00
  4.385E-09  7.177E-09  0.000E+00  0.000E+00  2.513E+00  3.142E+00
  7.177E-09  1.175E-08  0.000E+00  0.000E+00  2.513E+00  3.142E+00
  1.175E-08  1.923E-08  0.000E+00  0.000E+00  2.513E+00  3.142E+00
  1.923E-08  3.147E-08  0.000E+00  0.000E+00  2.513E+00  3.142E+00
  3.147E-08  5.150E-08  0.000E+00  0.000E+00  2.513E+00  3.142E+00
  5.150E-08  8.430E-08  0.000E+00  0.000E+00  2.513E+00  3.142E+00
  8.430E-08  1.380E-07  0.000E+00  0.000E+00  2.513E+00  3.142E+00
  1.380E-07  2.258E-07  0.000E+00  0.000E+00  2.513E+00  3.142E+00
  2.258E-07  3.696E-07  0.000E+00  0.000E+00  2.513E+00  3.142E+00
  3.696E-07  6.050E-07  0.000E+00  0.000E+00  2.513E+00  3.142E+00
  6.050E-07  9.902E-07  0.000E+00  0.000E+00  2.513E+00  3.142E+00
  9.902E-07  1.621E-06  0.000E+00  0.000E+00  2.513E+00  3.142E+00
  1.621E-06  2.653E-06  0.000E+00  0.000E+00  2.513E+00  3.142E+00
  2.653E-06  4.342E-06  0.000E+00  0.000E+00  2.513E+00  3.142E+00
  4.342E-06  7.106E-06  0.000E+00  0.000E+00  2.513E+00  3.142E+00
  7.106E-06  1.163E-05  0.000E+00  0.000E+00  2.513E+00  3.142E+00
  1.163E-05  1.904E-05  0.000E+00  0.000E+00  2.513E+00  3.142E+00
  1.904E-05  3.116E-05  0.000E+00  0.000E+00  2.513E+00  3.142E+00
  3.116E-05  5.100E-05  0.000E+00  0.000E+00  2.513E+00  3.142E+00
  5.100E-05  8.347E-05  2.917E-05  5.528E+01  2.513E+00  3.142E+00
  8.347E-05  1.366E-04  0.000E+00  0.000E+00  2.513E+00  3.142E+00
  1.366E-04  2.236E-04  2.178E-05  3.333E+01  2.513E+00  3.142E+00
  2.236E-04  3.660E-04  6.654E-06  5.528E+01  2.513E+00  3.142E+00
  3.660E-04  5.990E-04  2.033E-05  2.380E+01  2.513E+00  3.142E+00
  5.990E-04  9.804E-04  2.484E-05  2.828E+01  2.513E+00  3.142E+00
  9.804E-04  1.605E-03  1.517E-05  2.651E+01  2.513E+00  3.142E+00
  1.605E-03  2.627E-03  9.271E-06  2.651E+01  2.513E+00  3.142E+00
  2.627E-03  4.299E-03  1.246E-05  1.990E+01  2.513E+00  3.142E+00
  4.299E-03  7.036E-03  1.281E-05  2.027E+01  2.513E+00  3.142E+00
  7.036E-03  1.152E-02  1.607E-05  1.630E+01  2.513E+00  3.142E+00
  1.152E-02  1.885E-02  4.069E-05  1.310E+01  2.513E+00  3.142E+00
  1.885E-02  3.085E-02  5.675E-05  1.172E+01  2.513E+00  3.142E+00
  3.085E-02  5.050E-02  7.677E-05  1.113E+01  2.513E+00  3.142E+00
  5.050E-02  8.265E-02  8.875E-05  1.151E+01  2.513E+00  3.142E+00
  8.265E-02  1.353E-01  8.873E-05  1.049E+01  2.513E+00  3.142E+00
  1.353E-01  2.214E-01  8.170E-05  1.043E+01  2.513E+00  3.142E+00
  2.214E-01  3.624E-01  6.548E-05  1.100E+01  2.513E+00  3.142E+00
  3.624E-01  5.931E-01  3.215E-05  1.100E+01  2.513E+00  3.142E+00
  5.931E-01  9.708E-01  7.613E-06  1.163E+01  2.513E+00  3.142E+00
  9.708E-01  1.589E+00  5.119E-07  1.235E+01  2.513E+00  3.142E+00
  1.589E+00  2.601E+00  9.363E-10  5.528E+01  2.513E+00  3.142E+00
  2.601E+00  4.257E+00  0.000E+00  0.000E+00  2.513E+00  3.142E+00
  4.257E+00  6.967E+00  0.000E+00  0.000E+00  2.513E+00  3.142E+00
  6.967E+00  1.140E+01  0.000E+00  0.000E+00  2.513E+00  3.142E+00
  1.140E+01  1.866E+01  0.000E+00  0.000E+00  2.513E+00  3.142E+00
  1.866E+01  3.055E+01  0.000E+00  0.000E+00  2.513E+00  3.142E+00
  3.055E+01  5.000E+01  0.000E+00  0.000E+00  2.513E+00  3.142E+00
  5.000E+01  5.000E+01  0.000E+00  0.000E+00  2.513E+00  3.142E+00

 # Block n:            6     3.14159274      :   3.76991129    
  1.000E-09  1.637E-09  0.000E+00  0.000E+00  3.142E+00  3.770E+00
  1.637E-09  2.679E-09  0.000E+00  0.000E+00  3.142E+00  3.770E+00
  2.679E-09  4.385E-09  0.000E+00  0.000E+00  3.142E+00  3.770E+00
  4.385E-09  7.177E-09  0.000E+00  0.000E+00  3.142E+00  3.770E+00
  7.177E-09  1.175E-08  0.000E+00  0.000E+00  3.142E+00  3.770E+00
  1.175E-08  1.923E-08  0.000E+00  0.000E+00  3.142E+00  3.770E+00
  1.923E-08  3.147E-08  0.000E+00  0.000E+00  3.142E+00  3.770E+00
  3.147E-08  5.150E-08  0.000E+00  0.000E+00  3.142E+00  3.770E+00
  5.150E-08  8.430E-08  0.000E+00  0.000E+00  3.142E+00  3.770E+00
  8.430E-08  1.380E-07  0.000E+00  0.000E+00  3.142E+00  3.770E+00
  1.380E-07  2.258E-07  0.000E+00  0.000E+00  3.142E+00  3.770E+00
  2.258E-07  3.696E-07  0.000E+00  0.000E+00  3.142E+00  3.770E+00
  3.696E-07  6.050E-07  0.000E+00  0.000E+00  3.142E+00  3.770E+00
  6.050E-07  9.902E-07  0.000E+00  0.000E+00  3.142E+00  3.770E+00
  9.902E-07  1.621E-06  0.000E+00  0.000E+00  3.142E+00  3.770E+00
  1.621E-06  2.653E-06  0.000E+00  0.000E+00  3.142E+00  3.770E+00
  2.653E-06  4.342E-06  0.000E+00  0.000E+00  3.142E+00  3.770E+00
  4.342E-06  7.106E-06  0.000E+00  0.000E+00  3.142E+00  3.770E+00
  7.106E-06  1.163E-05  0.000E+00  0.000E+00  3.142E+00  3.770E+00
  1.163E-05  1.904E-05  0.000E+00  0.000E+00  3.142E+00  3.770E+00
  1.904E-05  3.116E-05  0.000E+00  0.000E+00  3.142E+00  3.770E+00
  3.116E-05  5.100E-05  0.000E+00  0.000E+00  3.142E+00  3.770E+00
  5.100E-05  8.347E-05  0.000E+00  0.000E+00  3.142E+00  3.770E+00
  8.347E-05  1.366E-04  0.000E+00  0.000E+00  3.142E+00  3.770E+00
  1.366E-04  2.236E-04  1.089E-05  5.528E+01  3.142E+00  3.770E+00
  2.236E-04  3.660E-04  1.996E-05  2.152E+01  3.142E+00  3.770E+00
  3.660E-04  5.990E-04  1.626E-05  3.841E+01  3.142E+00  3.770E+00
  5.990E-04  9.804E-04  9.935E-06  3.146E+01  3.142E+00  3.770E+00
  9.804E-04  1.605E-03  9.105E-06  3.859E+01  3.142E+00  3.770E+00
  1.605E-03  2.627E-03  1.576E-05  2.233E+01  3.142E+00  3.770E+00
  2.627E-03  4.299E-03  1.359E-05  1.911E+01  3.142E+00  3.770E+00
  4.299E-03  7.036E-03  1.211E-05  1.723E+01  3.142E+00  3.770E+00
  7.036E-03  1.152E-02  2.072E-05  1.792E+01  3.142E+00  3.770E+00
  1.152E-02  1.885E-02  3.385E-05  1.174E+01  3.142E+00  3.770E+00
  1.885E-02  3.085E-02  4.665E-05  1.328E+01  3.142E+00  3.770E+00
  3.085E-02  5.050E-02  6.187E-05  1.145E+01  3.142E+00  3.770E+00
  5.050E-02  8.265E-02  7.245E-05  1.073E+01  3.142E+00  3.770E+00
  8.265E-02  1.353E-01  6.560E-05  1.084E+01  3.142E+00  3.770E+00
  1.353E-01  2.214E-01  5.675E-05  1.025E+01  3.142E+00  3.770E+00
  2.214E-01  3.624E-01  4.135E-05  1.054E+01  3.142E+00  3.770E+00
  3.624E-01  5.931E-01  1.871E-05  1.053E+01  3.142E+00  3.770E+00
  5.931E-01  9.708E-01  3.291E-06  1.049E+01  3.142E+00  3.770E+00
  9.708E-01  1.589E+00  1.134E-07  1.705E+01  3.142E+00  3.770E+00
  1.589E+00  2.601E+00  9.363E-10  5.528E+01  3.142E+00  3.770E+00
  2.601E+00  4.257E+00  0.000E+00  0.000E+00  3.142E+00  3.770E+00
  4.257E+00  6.967E+00  0.000E+00  0.000E+00  3.142E+00  3.770E+00
  6.967E+00  1.140E+01  0.000E+00  0.000E+00  3.142E+00  3.770E+00
  1.140E+01  1.866E+01  0.000E+00  0.000E+00  3.142E+00  3.770E+00
  1.866E+01  3.055E+01  0.000E+00  0.000E+00  3.142E+00  3.770E+00
  3.055E+01  5.000E+01  0.000E+00  0.000E+00  3.142E+00  3.770E+00
  5.000E+01  5.000E+01  0.000E+00  0.000E+00  3.142E+00  3.770E+00

 # Block n:            7     3.76991129      :   4.39822960    
  1.000E-09  1.637E-09  0.000E+00  0.000E+00  3.770E+00  4.398E+00
  1.637E-09  2.679E-09  0.000E+00  0.000E+00  3.770E+00  4.398E+00
  2.679E-09  4.385E-09  0.000E+00  0.000E+00  3.770E+00  4.398E+00
  4.385E-09  7.177E-09  0.000E+00  0.000E+00  3.770E+00  4.398E+00
  7.177E-09  1.175E-08  0.000E+00  0.000E+00  3.770E+00  4.398E+00
  1.175E-08  1.923E-08  0.000E+00  0.000E+00  3.770E+00  4.398E+00
  1.923E-08  3.147E-08  0.000E+00  0.000E+00  3.770E+00  4.398E+00
  3.147E-08  5.150E-08  0.000E+00  0.000E+00  3.770E+00  4.398E+00
  5.150E-08  8.430E-08  0.000E+00  0.000E+00  3.770E+00  4.398E+00
  8.430E-08  1.380E-07  0.000E+00  0.000E+00  3.770E+00  4.398E+00
  1.380E-07  2.258E-07  0.000E+00  0.000E+00  3.770E+00  4.398E+00
  2.258E-07  3.696E-07  0.000E+00  0.000E+00  3.770E+00  4.398E+00
  3.696E-07  6.050E-07  0.000E+00  0.000E+00  3.770E+00  4.398E+00
  6.050E-07  9.902E-07  0.000E+00  0.000E+00  3.770E+00  4.398E+00
  9.902E-07  1.621E-06  0.000E+00  0.000E+00  3.770E+00  4.398E+00
  1.621E-06  2.653E-06  0.000E+00  0.000E+00  3.770E+00  4.398E+00
  2.653E-06  4.342E-06  0.000E+00  0.000E+00  3.770E+00  4.398E+00
  4.342E-06  7.106E-06  0.000E+00  0.000E+00  3.770E+00  4.398E+00
  7.106E-06  1.163E-05  0.000E+00  0.000E+00  3.770E+00  4.398E+00
  1.163E-05  1.904E-05  0.000E+00  0.000E+00  3.770E+00  4.398E+00
  1.904E-05  3.116E-05  0.000E+00  0.000E+00  3.770E+00  4.398E+00
  3.116E-05  5.100E-05  0.000E+00  0.000E+00  3.770E+00  4.398E+00
  5.100E-05  8.347E-05  0.000E+00  0.000E+00  3.770E+00  4.398E+00
  8.347E-05  1.366E-04  1.782E-05  5.528E+01  3.770E+00  4.398E+00
  1.366E-04  2.236E-04  0.000E+00  0.000E+00  3.770E+00  4.398E+00
  2.236E-04  3.660E-04  1.331E-05  3.333E+01  3.770E+00  4.398E+00
  3.660E-04  5.990E-04  8.130E-06  9.428E+01  3.770E+00  4.398E+00
  5.990E-04  9.804E-04  4.967E-06  3.333E+01  3.770E+00  4.398E+00
  9.804E-04  1.605E-03  3.035E-06  3.333E+01  3.770E+00  4.398E+00
  1.605E-03  2.627E-03  4.636E-06  4.256E+01  3.770E+00  4.398E+00
  2.627E-03  4.299E-03  6.797E-06  2.244E+01  3.770E+00  4.398E+00
  4.299E-03  7.036E-03  1.073E-05  1.217E+01  3.770E+00  4.398E+00
  7.036E-03  1.152E-02  1.184E-05  1.561E+01  3.770E+00  4.398E+00
  1.152E-02  1.885E-02  2.390E-05  1.065E+01  3.770E+00  4.398E+00
  1.885E-02  3.085E-02  3.457E-05  1.067E+01  3.770E+00  4.398E+00
  3.085E-02  5.050E-02  4.794E-05  9.339E+00  3.770E+00  4.398E+00
  5.050E-02  8.265E-02  5.557E-05  9.169E+00  3.770E+00  4.398E+00
  8.265E-02  1.353E-01  4.799E-05  9.350E+00  3.770E+00  4.398E+00
  1.353E-01  2.214E-01  3.728E-05  8.959E+00  3.770E+00  4.398E+00
  2.214E-01  3.624E-01  2.418E-05  9.822E+00  3.770E+00  4.398E+00
  3.624E-01  5.931E-01  9.775E-06  9.674E+00  3.770E+00  4.398E+00
  5.931E-01  9.708E-01  1.447E-06  9.186E+00  3.770E+00  4.398E+00
  9.708E-01  1.589E+00  2.605E-08  2.570E+01  3.770E+00  4.398E+00
  1.589E+00  2.601E+00  9.363E-10  5.528E+01  3.770E+00  4.398E+00
  2.601E+00  4.257E+00  0.000E+00  0.000E+00  3.770E+00  4.398E+00
  4.257E+00  6.967E+00  0.000E+00  0.000E+00  3.770E+00  4.398E+00
  6.967E+00  1.140E+01  0.000E+00  0.000E+00  3.770E+00  4.398E+00
  1.140E+01  1.866E+01  0.000E+00  0.000E+00  3.770E+00  4.398E+00
  1.866E+01  3.055E+01  0.000E+00  0.000E+00  3.770E+00  4.398E+00
  3.055E+01  5.000E+01  0.000E+00  0.000E+00  3.770E+00  4.398E+00
  5.000E+01  5.000E+01  0.000E+00  0.000E+00  3.770E+00  4.398E+00

 # Block n:            8     4.39822960      :   5.02654839    
  1.000E-09  1.637E-09  0.000E+00  0.000E+00  4.398E+00  5.027E+00
  1.637E-09  2.679E-09  0.000E+00  0.000E+00  4.398E+00  5.027E+00
  2.679E-09  4.385E-09  0.000E+00  0.000E+00  4.398E+00  5.027E+00
  4.385E-09  7.177E-09  0.000E+00  0.000E+00  4.398E+00  5.027E+00
  7.177E-09  1.175E-08  0.000E+00  0.000E+00  4.398E+00  5.027E+00
  1.175E-08  1.923E-08  0.000E+00  0.000E+00  4.398E+00  5.027E+00
  1.923E-08  3.147E-08  0.000E+00  0.000E+00  4.398E+00  5.027E+00
  3.147E-08  5.150E-08  0.000E+00  0.000E+00  4.398E+00  5.027E+00
  5.150E-08  8.430E-08  0.000E+00  0.000E+00  4.398E+00  5.027E+00
  8.430E-08  1.380E-07  0.000E+00  0.000E+00  4.398E+00  5.027E+00
  1.380E-07  2.258E-07  0.000E+00  0.000E+00  4.398E+00  5.027E+00
  2.258E-07  3.696E-07  0.000E+00  0.000E+00  4.398E+00  5.027E+00
  3.696E-07  6.050E-07  0.000E+00  0.000E+00  4.398E+00  5.027E+00
  6.050E-07  9.902E-07  0.000E+00  0.000E+00  4.398E+00  5.027E+00
  9.902E-07  1.621E-06  0.000E+00  0.000E+00  4.398E+00  5.027E+00
  1.621E-06  2.653E-06  0.000E+00  0.000E+00  4.398E+00  5.027E+00
  2.653E-06  4.342E-06  0.000E+00  0.000E+00  4.398E+00  5.027E+00
  4.342E-06  7.106E-06  0.000E+00  0.000E+00  4.398E+00  5.027E+00
  7.106E-06  1.163E-05  0.000E+00  0.000E+00  4.398E+00  5.027E+00
  1.163E-05  1.904E-05  0.000E+00  0.000E+00  4.398E+00  5.027E+00
  1.904E-05  3.116E-05  0.000E+00  0.000E+00  4.398E+00  5.027E+00
  3.116E-05  5.100E-05  4.775E-05  5.528E+01  4.398E+00  5.027E+00
  5.100E-05  8.347E-05  0.000E+00  0.000E+00  4.398E+00  5.027E+00
  8.347E-05  1.366E-04  0.000E+00  0.000E+00  4.398E+00  5.027E+00
  1.366E-04  2.236E-04  1.089E-05  9.900E+01  4.398E+00  5.027E+00
  2.236E-04  3.660E-04  0.000E+00  0.000E+00  4.398E+00  5.027E+00
  3.660E-04  5.990E-04  4.065E-06  5.528E+01  4.398E+00  5.027E+00
  5.990E-04  9.804E-04  1.242E-05  3.771E+01  4.398E+00  5.027E+00
  9.804E-04  1.605E-03  1.062E-05  3.832E+01  4.398E+00  5.027E+00
  1.605E-03  2.627E-03  2.781E-06  4.444E+01  4.398E+00  5.027E+00
  2.627E-03  4.299E-03  7.930E-06  1.837E+01  4.398E+00  5.027E+00
  4.299E-03  7.036E-03  3.807E-06  2.308E+01  4.398E+00  5.027E+00
  7.036E-03  1.152E-02  9.304E-06  1.148E+01  4.398E+00  5.027E+00
  1.152E-02  1.885E-02  1.667E-05  1.265E+01  4.398E+00  5.027E+00
  1.885E-02  3.085E-02  2.557E-05  9.104E+00  4.398E+00  5.027E+00
  3.085E-02  5.050E-02  3.477E-05  8.161E+00  4.398E+00  5.027E+00
  5.050E-02  8.265E-02  3.830E-05  7.407E+00  4.398E+00  5.027E+00
  8.265E-02  1.353E-01  3.156E-05  7.969E+00  4.398E+00  5.027E+00
  1.353E-01  2.214E-01  2.335E-05  8.820E+00  4.398E+00  5.027E+00
  2.214E-01  3.624E-01  1.437E-05  9.401E+00  4.398E+00  5.027E+00
  3.624E-01  5.931E-01  5.025E-06  9.786E+00  4.398E+00  5.027E+00
  5.931E-01  9.708E-01  4.942E-07  1.098E+01  4.398E+00  5.027E+00
  9.708E-01  1.589E+00  3.065E-09  5.528E+01  4.398E+00  5.027E+00
  1.589E+00  2.601E+00  0.000E+00  0.000E+00  4.398E+00  5.027E+00
  2.601E+00  4.257E+00  0.000E+00  0.000E+00  4.398E+00  5.027E+00
  4.257E+00  6.967E+00  0.000E+00  0.000E+00  4.398E+00  5.027E+00
  6.967E+00  1.140E+01  0.000E+00  0.000E+00  4.398E+00  5.027E+00
  1.140E+01  1.866E+01  0.000E+00  0.000E+00  4.398E+00  5.027E+00
  1.866E+01  3.055E+01  0.000E+00  0.000E+00  4.398E+00  5.027E+00
  3.055E+01  5.000E+01  0.000E+00  0.000E+00  4.398E+00  5.027E+00
  5.000E+01  5.000E+01  0.000E+00  0.000E+00  4.398E+00  5.027E+00

 # Block n:            9     5.02654839      :   5.65486717    
  1.000E-09  1.637E-09  0.000E+00  0.000E+00  5.027E+00  5.655E+00
  1.637E-09  2.679E-09  0.000E+00  0.000E+00  5.027E+00  5.655E+00
  2.679E-09  4.385E-09  0.000E+00  0.000E+00  5.027E+00  5.655E+00
  4.385E-09  7.177E-09  0.000E+00  0.000E+00  5.027E+00  5.655E+00
  7.177E-09  1.175E-08  0.000E+00  0.000E+00  5.027E+00  5.655E+00
  1.175E-08  1.923E-08  0.000E+00  0.000E+00  5.027E+00  5.655E+00
  1.923E-08  3.147E-08  0.000E+00  0.000E+00  5.027E+00  5.655E+00
  3.147E-08  5.150E-08  0.000E+00  0.000E+00  5.027E+00  5.655E+00
  5.150E-08  8.430E-08  0.000E+00  0.000E+00  5.027E+00  5.655E+00
  8.430E-08  1.380E-07  0.000E+00  0.000E+00  5.027E+00  5.655E+00
  1.380E-07  2.258E-07  0.000E+00  0.000E+00  5.027E+00  5.655E+00
  2.258E-07  3.696E-07  0.000E+00  0.000E+00  5.027E+00  5.655E+00
  3.696E-07  6.050E-07  0.000E+00  0.000E+00  5.027E+00  5.655E+00
  6.050E-07  9.902E-07  0.000E+00  0.000E+00  5.027E+00  5.655E+00
  9.902E-07  1.621E-06  0.000E+00  0.000E+00  5.027E+00  5.655E+00
  1.621E-06  2.653E-06  0.000E+00  0.000E+00  5.027E+00  5.655E+00
  2.653E-06  4.342E-06  0.000E+00  0.000E+00  5.027E+00  5.655E+00
  4.342E-06  7.106E-06  0.000E+00  0.000E+00  5.027E+00  5.655E+00
  7.106E-06  1.163E-05  0.000E+00  0.000E+00  5.027E+00  5.655E+00
  1.163E-05  1.904E-05  0.000E+00  0.000E+00  5.027E+00  5.655E+00
  1.904E-05  3.116E-05  0.000E+00  0.000E+00  5.027E+00  5.655E+00
  3.116E-05  5.100E-05  0.000E+00  0.000E+00  5.027E+00  5.655E+00
  5.100E-05  8.347E-05  0.000E+00  0.000E+00  5.027E+00  5.655E+00
  8.347E-05  1.366E-04  0.000E+00  0.000E+00  5.027E+00  5.655E+00
  1.366E-04  2.236E-04  0.000E+00  0.000E+00  5.027E+00  5.655E+00
  2.236E-04  3.660E-04  0.000E+00  0.000E+00  5.027E+00  5.655E+00
  3.660E-04  5.990E-04  0.000E+00  0.000E+00  5.027E+00  5.655E+00
  5.990E-04  9.804E-04  2.484E-06  5.528E+01  5.027E+00  5.655E+00
  9.804E-04  1.605E-03  6.070E-06  2.500E+01  5.027E+00  5.655E+00
  1.605E-03  2.627E-03  2.781E-06  6.261E+01  5.027E+00  5.655E+00
  2.627E-03  4.299E-03  3.965E-06  3.984E+01  5.027E+00  5.655E+00
  4.299E-03  7.036E-03  3.461E-06  3.420E+01  5.027E+00  5.655E+00
  7.036E-03  1.152E-02  8.247E-06  1.942E+01  5.027E+00  5.655E+00
  1.152E-02  1.885E-02  1.111E-05  1.345E+01  5.027E+00  5.655E+00
  1.885E-02  3.085E-02  1.460E-05  1.095E+01  5.027E+00  5.655E+00
  3.085E-02  5.050E-02  2.078E-05  7.415E+00  5.027E+00  5.655E+00
  5.050E-02  8.265E-02  2.001E-05  8.120E+00  5.027E+00  5.655E+00
  8.265E-02  1.353E-01  1.723E-05  7.525E+00  5.027E+00  5.655E+00
  1.353E-01  2.214E-01  1.177E-05  7.181E+00  5.027E+00  5.655E+00
  2.214E-01  3.624E-01  6.646E-06  7.245E+00  5.027E+00  5.655E+00
  3.624E-01  5.931E-01  2.008E-06  8.630E+00  5.027E+00  5.655E+00
  5.931E-01  9.708E-01  1.605E-07  1.705E+01  5.027E+00  5.655E+00
  9.708E-01  1.589E+00  1.533E-09  5.528E+01  5.027E+00  5.655E+00
  1.589E+00  2.601E+00  0.000E+00  0.000E+00  5.027E+00  5.655E+00
  2.601E+00  4.257E+00  0.000E+00  0.000E+00  5.027E+00  5.655E+00
  4.257E+00  6.967E+00  0.000E+00  0.000E+00  5.027E+00  5.655E+00
  6.967E+00  1.140E+01  0.000E+00  0.000E+00  5.027E+00  5.655E+00
  1.140E+01  1.866E+01  0.000E+00  0.000E+00  5.027E+00  5.655E+00
  1.866E+01  3.055E+01  0.000E+00  0.000E+00  5.027E+00  5.655E+00
  3.055E+01  5.000E+01  0.000E+00  0.000E+00  5.027E+00  5.655E+00
  5.000E+01  5.000E+01  0.000E+00  0.000E+00  5.027E+00  5.655E+00

 # Block n:           10     5.65486717      :   6.28318548    
  1.000E-09  1.637E-09  0.000E+00  0.000E+00  5.655E+00  6.283E+00
  1.637E-09  2.679E-09  0.000E+00  0.000E+00  5.655E+00  6.283E+00
  2.679E-09  4.385E-09  0.000E+00  0.000E+00  5.655E+00  6.283E+00
  4.385E-09  7.177E-09  0.000E+00  0.000E+00  5.655E+00  6.283E+00
  7.177E-09  1.175E-08  0.000E+00  0.000E+00  5.655E+00  6.283E+00
  1.175E-08  1.923E-08  0.000E+00  0.000E+00  5.655E+00  6.283E+00
  1.923E-08  3.147E-08  0.000E+00  0.000E+00  5.655E+00  6.283E+00
  3.147E-08  5.150E-08  0.000E+00  0.000E+00  5.655E+00  6.283E+00
  5.150E-08  8.430E-08  0.000E+00  0.000E+00  5.655E+00  6.283E+00
  8.430E-08  1.380E-07  0.000E+00  0.000E+00  5.655E+00  6.283E+00
  1.380E-07  2.258E-07  0.000E+00  0.000E+00  5.655E+00  6.283E+00
  2.258E-07  3.696E-07  0.000E+00  0.000E+00  5.655E+00  6.283E+00
  3.696E-07  6.050E-07  0.000E+00  0.000E+00  5.655E+00  6.283E+00
  6.050E-07  9.902E-07  0.000E+00  0.000E+00  5.655E+00  6.283E+00
  9.902E-07  1.621E-06  0.000E+00  0.000E+00  5.655E+00  6.283E+00
  1.621E-06  2.653E-06  0.000E+00  0.000E+00  5.655E+00  6.283E+00
  2.653E-06  4.342E-06  0.000E+00  0.000E+00  5.655E+00  6.283E+00
  4.342E-06  7.106E-06  0.000E+00  0.000E+00  5.655E+00  6.283E+00
  7.106E-06  1.163E-05  0.000E+00  0.000E+00  5.655E+00  6.283E+00
  1.163E-05  1.904E-05  0.000E+00  0.000E+00  5.655E+00  6.283E+00
  1.904E-05  3.116E-05  0.000E+00  0.000E+00  5.655E+00  6.283E+00
  3.116E-05  5.100E-05  0.000E+00  0.000E+00  5.655E+00  6.283E+00
  5.100E-05  8.347E-05  0.000E+00  0.000E+00  5.655E+00  6.283E+00
  8.347E-05  1.366E-04  0.000E+00  0.000E+00  5.655E+00  6.283E+00
  1.366E-04  2.236E-04  0.000E+00  0.000E+00  5.655E+00  6.283E+00
  2.236E-04  3.660E-04  0.000E+00  0.000E+00  5.655E+00  6.283E+00
  3.660E-04  5.990E-04  8.130E-06  9.428E+01  5.655E+00  6.283E+00
  5.990E-04  9.804E-04  4.967E-06  9.428E+01  5.655E+00  6.283E+00
  9.804E-04  1.605E-03  1.517E-06  5.528E+01  5.655E+00  6.283E+00
  1.605E-03  2.627E-03  9.271E-07  5.528E+01  5.655E+00  6.283E+00
  2.627E-03  4.299E-03  0.000E+00  0.000E+00  5.655E+00  6.283E+00
  4.299E-03  7.036E-03  3.461E-07  9.900E+01  5.655E+00  6.283E+00
  7.036E-03  1.152E-02  2.537E-06  3.081E+01  5.655E+00  6.283E+00
  1.152E-02  1.885E-02  3.359E-06  2.436E+01  5.655E+00  6.283E+00
  1.885E-02  3.085E-02  5.762E-06  1.714E+01  5.655E+00  6.283E+00
  3.085E-02  5.050E-02  7.185E-06  1.104E+01  5.655E+00  6.283E+00
  5.050E-02  8.265E-02  7.926E-06  5.766E+00  5.655E+00  6.283E+00
  8.265E-02  1.353E-01  5.328E-06  8.575E+00  5.655E+00  6.283E+00
  1.353E-01  2.214E-01  3.794E-06  7.983E+00  5.655E+00  6.283E+00
  2.214E-01  3.624E-01  1.888E-06  6.173E+00  5.655E+00  6.283E+00
  3.624E-01  5.931E-01  5.460E-07  1.139E+01  5.655E+00  6.283E+00
  5.931E-01  9.708E-01  3.763E-08  2.735E+01  5.655E+00  6.283E+00
  9.708E-01  1.589E+00  0.000E+00  0.000E+00  5.655E+00  6.283E+00
  1.589E+00  2.601E+00  0.000E+00  0.000E+00  5.655E+00  6.283E+00
  2.601E+00  4.257E+00  0.000E+00  0.000E+00  5.655E+00  6.283E+00
  4.257E+00  6.967E+00  0.000E+00  0.000E+00  5.655E+00  6.283E+00
  6.967E+00  1.140E+01  0.000E+00  0.000E+00  5.655E+00  6.283E+00
  1.140E+01  1.866E+01  0.000E+00  0.000E+00  5.655E+00  6.283E+00
  1.866E+01  3.055E+01  0.000E+00  0.000E+00  5.655E+00  6.283E+00
  3.055E+01  5.000E+01  0.000E+00  0.000E+00  5.655E+00  6.283E+00
  5.000E+01  5.000E+01  0.000E+00  0.000E+00  5.655E+00  6.283E+00

  1.000E-09  1.000E-09  0.000E+00  0.000E+00  6.283E+00  6.283E+00
  1.637E-09  1.637E-09  0.000E+00  0.000E+00  6.283E+00  6.283E+00
  2.679E-09  2.679E-09  0.000E+00  0.000E+00  6.283E+00  6.283E+00
  4.385E-09  4.385E-09  0.000E+00  0.000E+00  6.283E+00  6.283E+00
  7.177E-09  7.177E-09  0.000E+00  0.000E+00  6.283E+00  6.283E+00
  1.175E-08  1.175E-08  0.000E+00  0.000E+00  6.283E+00  6.283E+00
  1.923E-08  1.923E-08  0.000E+00  0.000E+00  6.283E+00  6.283E+00
  3.147E-08  3.147E-08  0.000E+00  0.000E+00  6.283E+00  6.283E+00
  5.150E-08  5.150E-08  0.000E+00  0.000E+00  6.283E+00  6.283E+00
  8.430E-08  8.430E-08  0.000E+00  0.000E+00  6.283E+00  6.283E+00
  1.380E-07  1.380E-07  0.000E+00  0.000E+00  6.283E+00  6.283E+00
  2.258E-07  2.258E-07  0.000E+00  0.000E+00  6.283E+00  6.283E+00
  3.696E-07  3.696E-07  0.000E+00  0.000E+00  6.283E+00  6.283E+00
  6.050E-07  6.050E-07  0.000E+00  0.000E+00  6.283E+00  6.283E+00
  9.902E-07  9.902E-07  0.000E+00  0.000E+00  6.283E+00  6.283E+00
  1.621E-06  1.621E-06  0.000E+00  0.000E+00  6.283E+00  6.283E+00
  2.653E-06  2.653E-06  0.000E+00  0.000E+00  6.283E+00  6.283E+00
  4.342E-06  4.342E-06  0.000E+00  0.000E+00  6.283E+00  6.283E+00
  7.106E-06  7.106E-06  0.000E+00  0.000E+00  6.283E+00  6.283E+00
  1.163E-05  1.163E-05  0.000E+00  0.000E+00  6.283E+00  6.283E+00
  1.904E-05  1.904E-05  0.000E+00  0.000E+00  6.283E+00  6.283E+00
  3.116E-05  3.116E-05  0.000E+00  0.000E+00  6.283E+00  6.283E+00
  5.100E-05  5.100E-05  0.000E+00  0.000E+00  6.283E+00  6.283E+00
  8.347E-05  8.347E-05  0.000E+00  0.000E+00  6.283E+00  6.283E+00
  1.366E-04  1.366E-04  0.000E+00  0.000E+00  6.283E+00  6.283E+00
  2.236E-04  2.236E-04  0.000E+00  0.000E+00  6.283E+00  6.283E+00
  3.660E-04  3.660E-04  0.000E+00  0.000E+00  6.283E+00  6.283E+00
  5.990E-04  5.990E-04  0.000E+00  0.000E+00  6.283E+00  6.283E+00
  9.804E-04  9.804E-04  0.000E+00  0.000E+00  6.283E+00  6.283E+00
  1.605E-03  1.605E-03  0.000E+00  0.000E+00  6.283E+00  6.283E+00
  2.627E-03  2.627E-03  0.000E+00  0.000E+00  6.283E+00  6.283E+00
  4.299E-03  4.299E-03  0.000E+00  0.000E+00  6.283E+00  6.283E+00
  7.036E-03  7.036E-03  0.000E+00  0.000E+00  6.283E+00  6.283E+00
  1.152E-02  1.152E-02  0.000E+00  0.000E+00  6.283E+00  6.283E+00
  1.885E-02  1.885E-02  0.000E+00  0.000E+00  6.283E+00  6.283E+00
  3.085E-02  3.085E-02  0.000E+00  0.000E+00  6.283E+00  6.283E+00
  5.050E-02  5.050E-02  0.000E+00  0.000E+00  6.283E+00  6.283E+00
  8.265E-02  8.265E-02  0.000E+00  0.000E+00  6.283E+00  6.283E+00
  1.353E-01  1.353E-01  0.000E+00  0.000E+00  6.283E+00  6.283E+00
  2.214E-01  2.214E-01  0.000E+00  0.000E+00  6.283E+00  6.283E+00
  3.624E-01  3.624E-01  0.000E+00  0.000E+00  6.283E+00  6.283E+00
  5.931E-01  5.931E-01  0.000E+00  0.000E+00  6.283E+00  6.283E+00
  9.708E-01  9.708E-01  0.000E+00  0.000E+00  6.283E+00  6.283E+00
  1.589E+00  1.589E+00  0.000E+00  0.000E+00  6.283E+00  6.283E+00
  2.601E+00  2.601E+00  0.000E+00  0.000E+00  6.283E+00  6.283E+00
  4.257E+00  4.257E+00  0.000E+00  0.000E+00  6.283E+00  6.283E+00
  6.967E+00  6.967E+00  0.000E+00  0.000E+00  6.283E+00  6.283E+00
  1.140E+01  1.140E+01  0.000E+00  0.000E+00  6.283E+00  6.283E+00
  1.866E+01  1.866E+01  0.000E+00  0.000E+00  6.283E+00  6.283E+00
  3.055E+01  3.055E+01  0.000E+00  0.000E+00  6.283E+00  6.283E+00
  5.000E+01  5.000E+01  0.000E+00  0.000E+00  6.283E+00  6.283E+00
