 # Detector n:            1   piFluenUD (integrated over solid angle)
 # N. of energy intervals          50
  1.000E-09  1.637E-09  0.000E+00  0.000E+00
  1.637E-09  2.679E-09  0.000E+00  0.000E+00
  2.679E-09  4.385E-09  0.000E+00  0.000E+00
  4.385E-09  7.177E-09  0.000E+00  0.000E+00
  7.177E-09  1.175E-08  0.000E+00  0.000E+00
  1.175E-08  1.923E-08  0.000E+00  0.000E+00
  1.923E-08  3.147E-08  0.000E+00  0.000E+00
  3.147E-08  5.150E-08  0.000E+00  0.000E+00
  5.150E-08  8.430E-08  0.000E+00  0.000E+00
  8.430E-08  1.380E-07  0.000E+00  0.000E+00
  1.380E-07  2.258E-07  0.000E+00  0.000E+00
  2.258E-07  3.696E-07  0.000E+00  0.000E+00
  3.696E-07  6.050E-07  0.000E+00  0.000E+00
  6.050E-07  9.902E-07  0.000E+00  0.000E+00
  9.902E-07  1.621E-06  0.000E+00  0.000E+00
  1.621E-06  2.653E-06  0.000E+00  0.000E+00
  2.653E-06  4.342E-06  0.000E+00  0.000E+00
  4.342E-06  7.106E-06  0.000E+00  0.000E+00
  7.106E-06  1.163E-05  0.000E+00  0.000E+00
  1.163E-05  1.904E-05  0.000E+00  0.000E+00
  1.904E-05  3.116E-05  0.000E+00  0.000E+00
  3.116E-05  5.100E-05  1.318E-04  6.676E+01
  5.100E-05  8.347E-05  0.000E+00  0.000E+00
  8.347E-05  1.366E-04  6.937E-05  9.027E+01
  1.366E-04  2.236E-04  2.900E-05  9.027E+01
  2.236E-04  3.660E-04  5.164E-05  6.059E+01
  3.660E-04  5.990E-04  4.903E-05  5.481E+01
  5.990E-04  9.804E-04  3.583E-05  3.757E+01
  9.804E-04  1.605E-03  6.553E-05  1.913E+01
  1.605E-03  2.627E-03  5.799E-05  2.620E+01
  2.627E-03  4.299E-03  1.051E-04  2.076E+01
  4.299E-03  7.036E-03  8.432E-05  1.714E+01
  7.036E-03  1.152E-02  1.091E-04  1.879E+01
  1.152E-02  1.885E-02  1.725E-04  4.962E+00
  1.885E-02  3.085E-02  2.853E-04  4.151E+00
  3.085E-02  5.050E-02  3.965E-04  2.684E+00
  5.050E-02  8.265E-02  4.537E-04  1.734E+00
  8.265E-02  1.353E-01  4.448E-04  1.491E+00
  1.353E-01  2.214E-01  4.360E-04  2.749E+00
  2.214E-01  3.624E-01  4.017E-04  2.553E+00
  3.624E-01  5.931E-01  2.915E-04  2.216E+00
  5.931E-01  9.708E-01  1.820E-04  2.770E+00
  9.708E-01  1.589E+00  1.093E-04  2.792E+00
  1.589E+00  2.601E+00  6.359E-05  2.760E+00
  2.601E+00  4.257E+00  3.375E-05  2.832E+00
  4.257E+00  6.967E+00  1.664E-05  2.732E+00
  6.967E+00  1.140E+01  6.828E-06  2.934E+00
  1.140E+01  1.866E+01  2.079E-06  2.620E+00
  1.866E+01  3.055E+01  4.058E-07  3.155E+00
  3.055E+01  5.000E+01  2.216E-08  4.427E+00


 # double differential distributions
 # number of solid angle intervals          10
 # Block n:            1     0.00000000      :  0.628318548    
  1.000E-09  1.637E-09  0.000E+00  0.000E+00  0.000E+00  6.283E-01
  1.637E-09  2.679E-09  0.000E+00  0.000E+00  0.000E+00  6.283E-01
  2.679E-09  4.385E-09  0.000E+00  0.000E+00  0.000E+00  6.283E-01
  4.385E-09  7.177E-09  0.000E+00  0.000E+00  0.000E+00  6.283E-01
  7.177E-09  1.175E-08  0.000E+00  0.000E+00  0.000E+00  6.283E-01
  1.175E-08  1.923E-08  0.000E+00  0.000E+00  0.000E+00  6.283E-01
  1.923E-08  3.147E-08  0.000E+00  0.000E+00  0.000E+00  6.283E-01
  3.147E-08  5.150E-08  0.000E+00  0.000E+00  0.000E+00  6.283E-01
  5.150E-08  8.430E-08  0.000E+00  0.000E+00  0.000E+00  6.283E-01
  8.430E-08  1.380E-07  0.000E+00  0.000E+00  0.000E+00  6.283E-01
  1.380E-07  2.258E-07  0.000E+00  0.000E+00  0.000E+00  6.283E-01
  2.258E-07  3.696E-07  0.000E+00  0.000E+00  0.000E+00  6.283E-01
  3.696E-07  6.050E-07  0.000E+00  0.000E+00  0.000E+00  6.283E-01
  6.050E-07  9.902E-07  0.000E+00  0.000E+00  0.000E+00  6.283E-01
  9.902E-07  1.621E-06  0.000E+00  0.000E+00  0.000E+00  6.283E-01
  1.621E-06  2.653E-06  0.000E+00  0.000E+00  0.000E+00  6.283E-01
  2.653E-06  4.342E-06  0.000E+00  0.000E+00  0.000E+00  6.283E-01
  4.342E-06  7.106E-06  0.000E+00  0.000E+00  0.000E+00  6.283E-01
  7.106E-06  1.163E-05  0.000E+00  0.000E+00  0.000E+00  6.283E-01
  1.163E-05  1.904E-05  0.000E+00  0.000E+00  0.000E+00  6.283E-01
  1.904E-05  3.116E-05  0.000E+00  0.000E+00  0.000E+00  6.283E-01
  3.116E-05  5.100E-05  8.881E-05  9.900E+01  0.000E+00  6.283E-01
  5.100E-05  8.347E-05  0.000E+00  0.000E+00  0.000E+00  6.283E-01
  8.347E-05  1.366E-04  0.000E+00  0.000E+00  0.000E+00  6.283E-01
  1.366E-04  2.236E-04  0.000E+00  0.000E+00  0.000E+00  6.283E-01
  2.236E-04  3.660E-04  0.000E+00  0.000E+00  0.000E+00  6.283E-01
  3.660E-04  5.990E-04  0.000E+00  0.000E+00  0.000E+00  6.283E-01
  5.990E-04  9.804E-04  4.190E-06  9.027E+01  0.000E+00  6.283E-01
  9.804E-04  1.605E-03  8.176E-06  5.498E+01  0.000E+00  6.283E-01
  1.605E-03  2.627E-03  6.589E-06  4.530E+01  0.000E+00  6.283E-01
  2.627E-03  4.299E-03  6.992E-06  5.148E+01  0.000E+00  6.283E-01
  4.299E-03  7.036E-03  4.277E-06  2.630E+01  0.000E+00  6.283E-01
  7.036E-03  1.152E-02  1.168E-05  1.763E+01  0.000E+00  6.283E-01
  1.152E-02  1.885E-02  1.828E-05  8.356E+00  0.000E+00  6.283E-01
  1.885E-02  3.085E-02  2.993E-05  4.990E+00  0.000E+00  6.283E-01
  3.085E-02  5.050E-02  4.088E-05  3.677E+00  0.000E+00  6.283E-01
  5.050E-02  8.265E-02  5.921E-05  3.622E+00  0.000E+00  6.283E-01
  8.265E-02  1.353E-01  7.162E-05  3.434E+00  0.000E+00  6.283E-01
  1.353E-01  2.214E-01  1.037E-04  2.826E+00  0.000E+00  6.283E-01
  2.214E-01  3.624E-01  1.483E-04  3.135E+00  0.000E+00  6.283E-01
  3.624E-01  5.931E-01  1.837E-04  3.051E+00  0.000E+00  6.283E-01
  5.931E-01  9.708E-01  1.873E-04  2.883E+00  0.000E+00  6.283E-01
  9.708E-01  1.589E+00  1.518E-04  2.757E+00  0.000E+00  6.283E-01
  1.589E+00  2.601E+00  9.880E-05  2.783E+00  0.000E+00  6.283E-01
  2.601E+00  4.257E+00  5.363E-05  2.833E+00  0.000E+00  6.283E-01
  4.257E+00  6.967E+00  2.648E-05  2.732E+00  0.000E+00  6.283E-01
  6.967E+00  1.140E+01  1.087E-05  2.934E+00  0.000E+00  6.283E-01
  1.140E+01  1.866E+01  3.309E-06  2.620E+00  0.000E+00  6.283E-01
  1.866E+01  3.055E+01  6.458E-07  3.155E+00  0.000E+00  6.283E-01
  3.055E+01  5.000E+01  3.527E-08  4.427E+00  0.000E+00  6.283E-01
  5.000E+01  5.000E+01  0.000E+00  0.000E+00  0.000E+00  6.283E-01

 # Block n:            2    0.628318548      :   1.25663710    
  1.000E-09  1.637E-09  0.000E+00  0.000E+00  6.283E-01  1.257E+00
  1.637E-09  2.679E-09  0.000E+00  0.000E+00  6.283E-01  1.257E+00
  2.679E-09  4.385E-09  0.000E+00  0.000E+00  6.283E-01  1.257E+00
  4.385E-09  7.177E-09  0.000E+00  0.000E+00  6.283E-01  1.257E+00
  7.177E-09  1.175E-08  0.000E+00  0.000E+00  6.283E-01  1.257E+00
  1.175E-08  1.923E-08  0.000E+00  0.000E+00  6.283E-01  1.257E+00
  1.923E-08  3.147E-08  0.000E+00  0.000E+00  6.283E-01  1.257E+00
  3.147E-08  5.150E-08  0.000E+00  0.000E+00  6.283E-01  1.257E+00
  5.150E-08  8.430E-08  0.000E+00  0.000E+00  6.283E-01  1.257E+00
  8.430E-08  1.380E-07  0.000E+00  0.000E+00  6.283E-01  1.257E+00
  1.380E-07  2.258E-07  0.000E+00  0.000E+00  6.283E-01  1.257E+00
  2.258E-07  3.696E-07  0.000E+00  0.000E+00  6.283E-01  1.257E+00
  3.696E-07  6.050E-07  0.000E+00  0.000E+00  6.283E-01  1.257E+00
  6.050E-07  9.902E-07  0.000E+00  0.000E+00  6.283E-01  1.257E+00
  9.902E-07  1.621E-06  0.000E+00  0.000E+00  6.283E-01  1.257E+00
  1.621E-06  2.653E-06  0.000E+00  0.000E+00  6.283E-01  1.257E+00
  2.653E-06  4.342E-06  0.000E+00  0.000E+00  6.283E-01  1.257E+00
  4.342E-06  7.106E-06  0.000E+00  0.000E+00  6.283E-01  1.257E+00
  7.106E-06  1.163E-05  0.000E+00  0.000E+00  6.283E-01  1.257E+00
  1.163E-05  1.904E-05  0.000E+00  0.000E+00  6.283E-01  1.257E+00
  1.904E-05  3.116E-05  0.000E+00  0.000E+00  6.283E-01  1.257E+00
  3.116E-05  5.100E-05  0.000E+00  0.000E+00  6.283E-01  1.257E+00
  5.100E-05  8.347E-05  0.000E+00  0.000E+00  6.283E-01  1.257E+00
  8.347E-05  1.366E-04  0.000E+00  0.000E+00  6.283E-01  1.257E+00
  1.366E-04  2.236E-04  0.000E+00  0.000E+00  6.283E-01  1.257E+00
  2.236E-04  3.660E-04  0.000E+00  0.000E+00  6.283E-01  1.257E+00
  3.660E-04  5.990E-04  1.646E-05  7.639E+01  6.283E-01  1.257E+00
  5.990E-04  9.804E-04  0.000E+00  0.000E+00  6.283E-01  1.257E+00
  9.804E-04  1.605E-03  3.013E-06  9.027E+01  6.283E-01  1.257E+00
  1.605E-03  2.627E-03  5.497E-06  6.752E+01  6.283E-01  1.257E+00
  2.627E-03  4.299E-03  6.519E-06  3.507E+01  6.283E-01  1.257E+00
  4.299E-03  7.036E-03  8.818E-06  2.650E+01  6.283E-01  1.257E+00
  7.036E-03  1.152E-02  1.014E-05  2.623E+01  6.283E-01  1.257E+00
  1.152E-02  1.885E-02  2.138E-05  1.332E+01  6.283E-01  1.257E+00
  1.885E-02  3.085E-02  3.247E-05  6.328E+00  6.283E-01  1.257E+00
  3.085E-02  5.050E-02  4.701E-05  5.194E+00  6.283E-01  1.257E+00
  5.050E-02  8.265E-02  5.590E-05  5.208E+00  6.283E-01  1.257E+00
  8.265E-02  1.353E-01  6.975E-05  2.862E+00  6.283E-01  1.257E+00
  1.353E-01  2.214E-01  9.437E-05  2.844E+00  6.283E-01  1.257E+00
  2.214E-01  3.624E-01  1.148E-04  3.045E+00  6.283E-01  1.257E+00
  3.624E-01  5.931E-01  1.000E-04  2.942E+00  6.283E-01  1.257E+00
  5.931E-01  9.708E-01  5.515E-05  3.248E+00  6.283E-01  1.257E+00
  9.708E-01  1.589E+00  1.622E-05  3.220E+00  6.283E-01  1.257E+00
  1.589E+00  2.601E+00  2.153E-06  3.146E+00  6.283E-01  1.257E+00
  2.601E+00  4.257E+00  8.231E-08  6.909E+00  6.283E-01  1.257E+00
  4.257E+00  6.967E+00  6.562E-10  9.027E+01  6.283E-01  1.257E+00
  6.967E+00  1.140E+01  0.000E+00  0.000E+00  6.283E-01  1.257E+00
  1.140E+01  1.866E+01  0.000E+00  0.000E+00  6.283E-01  1.257E+00
  1.866E+01  3.055E+01  0.000E+00  0.000E+00  6.283E-01  1.257E+00
  3.055E+01  5.000E+01  0.000E+00  0.000E+00  6.283E-01  1.257E+00
  5.000E+01  5.000E+01  0.000E+00  0.000E+00  6.283E-01  1.257E+00

 # Block n:            3     1.25663710      :   1.88495564    
  1.000E-09  1.637E-09  0.000E+00  0.000E+00  1.257E+00  1.885E+00
  1.637E-09  2.679E-09  0.000E+00  0.000E+00  1.257E+00  1.885E+00
  2.679E-09  4.385E-09  0.000E+00  0.000E+00  1.257E+00  1.885E+00
  4.385E-09  7.177E-09  0.000E+00  0.000E+00  1.257E+00  1.885E+00
  7.177E-09  1.175E-08  0.000E+00  0.000E+00  1.257E+00  1.885E+00
  1.175E-08  1.923E-08  0.000E+00  0.000E+00  1.257E+00  1.885E+00
  1.923E-08  3.147E-08  0.000E+00  0.000E+00  1.257E+00  1.885E+00
  3.147E-08  5.150E-08  0.000E+00  0.000E+00  1.257E+00  1.885E+00
  5.150E-08  8.430E-08  0.000E+00  0.000E+00  1.257E+00  1.885E+00
  8.430E-08  1.380E-07  0.000E+00  0.000E+00  1.257E+00  1.885E+00
  1.380E-07  2.258E-07  0.000E+00  0.000E+00  1.257E+00  1.885E+00
  2.258E-07  3.696E-07  0.000E+00  0.000E+00  1.257E+00  1.885E+00
  3.696E-07  6.050E-07  0.000E+00  0.000E+00  1.257E+00  1.885E+00
  6.050E-07  9.902E-07  0.000E+00  0.000E+00  1.257E+00  1.885E+00
  9.902E-07  1.621E-06  0.000E+00  0.000E+00  1.257E+00  1.885E+00
  1.621E-06  2.653E-06  0.000E+00  0.000E+00  1.257E+00  1.885E+00
  2.653E-06  4.342E-06  0.000E+00  0.000E+00  1.257E+00  1.885E+00
  4.342E-06  7.106E-06  0.000E+00  0.000E+00  1.257E+00  1.885E+00
  7.106E-06  1.163E-05  0.000E+00  0.000E+00  1.257E+00  1.885E+00
  1.163E-05  1.904E-05  0.000E+00  0.000E+00  1.257E+00  1.885E+00
  1.904E-05  3.116E-05  0.000E+00  0.000E+00  1.257E+00  1.885E+00
  3.116E-05  5.100E-05  0.000E+00  0.000E+00  1.257E+00  1.885E+00
  5.100E-05  8.347E-05  0.000E+00  0.000E+00  1.257E+00  1.885E+00
  8.347E-05  1.366E-04  0.000E+00  0.000E+00  1.257E+00  1.885E+00
  1.366E-04  2.236E-04  0.000E+00  0.000E+00  1.257E+00  1.885E+00
  2.236E-04  3.660E-04  0.000E+00  0.000E+00  1.257E+00  1.885E+00
  3.660E-04  5.990E-04  8.582E-06  9.900E+01  1.257E+00  1.885E+00
  5.990E-04  9.804E-04  1.118E-05  5.938E+01  1.257E+00  1.885E+00
  9.804E-04  1.605E-03  6.672E-06  6.776E+01  1.257E+00  1.885E+00
  1.605E-03  2.627E-03  8.328E-06  3.860E+01  1.257E+00  1.885E+00
  2.627E-03  4.299E-03  6.493E-06  5.594E+01  1.257E+00  1.885E+00
  4.299E-03  7.036E-03  1.400E-05  2.447E+01  1.257E+00  1.885E+00
  7.036E-03  1.152E-02  1.045E-05  1.733E+01  1.257E+00  1.885E+00
  1.152E-02  1.885E-02  2.409E-05  7.562E+00  1.257E+00  1.885E+00
  1.885E-02  3.085E-02  3.403E-05  8.432E+00  1.257E+00  1.885E+00
  3.085E-02  5.050E-02  5.225E-05  7.841E+00  1.257E+00  1.885E+00
  5.050E-02  8.265E-02  5.866E-05  4.661E+00  1.257E+00  1.885E+00
  8.265E-02  1.353E-01  7.297E-05  4.036E+00  1.257E+00  1.885E+00
  1.353E-01  2.214E-01  8.343E-05  3.248E+00  1.257E+00  1.885E+00
  2.214E-01  3.624E-01  8.803E-05  3.094E+00  1.257E+00  1.885E+00
  3.624E-01  5.931E-01  5.812E-05  2.498E+00  1.257E+00  1.885E+00
  5.931E-01  9.708E-01  2.290E-05  2.800E+00  1.257E+00  1.885E+00
  9.708E-01  1.589E+00  4.023E-06  5.056E+00  1.257E+00  1.885E+00
  1.589E+00  2.601E+00  2.185E-07  1.086E+01  1.257E+00  1.885E+00
  2.601E+00  4.257E+00  3.724E-09  5.476E+01  1.257E+00  1.885E+00
  4.257E+00  6.967E+00  0.000E+00  0.000E+00  1.257E+00  1.885E+00
  6.967E+00  1.140E+01  0.000E+00  0.000E+00  1.257E+00  1.885E+00
  1.140E+01  1.866E+01  0.000E+00  0.000E+00  1.257E+00  1.885E+00
  1.866E+01  3.055E+01  0.000E+00  0.000E+00  1.257E+00  1.885E+00
  3.055E+01  5.000E+01  0.000E+00  0.000E+00  1.257E+00  1.885E+00
  5.000E+01  5.000E+01  0.000E+00  0.000E+00  1.257E+00  1.885E+00

 # Block n:            4     1.88495564      :   2.51327419    
  1.000E-09  1.637E-09  0.000E+00  0.000E+00  1.885E+00  2.513E+00
  1.637E-09  2.679E-09  0.000E+00  0.000E+00  1.885E+00  2.513E+00
  2.679E-09  4.385E-09  0.000E+00  0.000E+00  1.885E+00  2.513E+00
  4.385E-09  7.177E-09  0.000E+00  0.000E+00  1.885E+00  2.513E+00
  7.177E-09  1.175E-08  0.000E+00  0.000E+00  1.885E+00  2.513E+00
  1.175E-08  1.923E-08  0.000E+00  0.000E+00  1.885E+00  2.513E+00
  1.923E-08  3.147E-08  0.000E+00  0.000E+00  1.885E+00  2.513E+00
  3.147E-08  5.150E-08  0.000E+00  0.000E+00  1.885E+00  2.513E+00
  5.150E-08  8.430E-08  0.000E+00  0.000E+00  1.885E+00  2.513E+00
  8.430E-08  1.380E-07  0.000E+00  0.000E+00  1.885E+00  2.513E+00
  1.380E-07  2.258E-07  0.000E+00  0.000E+00  1.885E+00  2.513E+00
  2.258E-07  3.696E-07  0.000E+00  0.000E+00  1.885E+00  2.513E+00
  3.696E-07  6.050E-07  0.000E+00  0.000E+00  1.885E+00  2.513E+00
  6.050E-07  9.902E-07  0.000E+00  0.000E+00  1.885E+00  2.513E+00
  9.902E-07  1.621E-06  0.000E+00  0.000E+00  1.885E+00  2.513E+00
  1.621E-06  2.653E-06  0.000E+00  0.000E+00  1.885E+00  2.513E+00
  2.653E-06  4.342E-06  0.000E+00  0.000E+00  1.885E+00  2.513E+00
  4.342E-06  7.106E-06  0.000E+00  0.000E+00  1.885E+00  2.513E+00
  7.106E-06  1.163E-05  0.000E+00  0.000E+00  1.885E+00  2.513E+00
  1.163E-05  1.904E-05  0.000E+00  0.000E+00  1.885E+00  2.513E+00
  1.904E-05  3.116E-05  0.000E+00  0.000E+00  1.885E+00  2.513E+00
  3.116E-05  5.100E-05  1.210E-04  9.027E+01  1.885E+00  2.513E+00
  5.100E-05  8.347E-05  0.000E+00  0.000E+00  1.885E+00  2.513E+00
  8.347E-05  1.366E-04  0.000E+00  0.000E+00  1.885E+00  2.513E+00
  1.366E-04  2.236E-04  0.000E+00  0.000E+00  1.885E+00  2.513E+00
  2.236E-04  3.660E-04  0.000E+00  0.000E+00  1.885E+00  2.513E+00
  3.660E-04  5.990E-04  1.101E-05  9.027E+01  1.885E+00  2.513E+00
  5.990E-04  9.804E-04  6.309E-06  9.900E+01  1.885E+00  2.513E+00
  9.804E-04  1.605E-03  7.567E-06  6.865E+01  1.885E+00  2.513E+00
  1.605E-03  2.627E-03  7.183E-06  5.455E+01  1.885E+00  2.513E+00
  2.627E-03  4.299E-03  1.484E-05  2.147E+01  1.885E+00  2.513E+00
  4.299E-03  7.036E-03  1.234E-05  1.849E+01  1.885E+00  2.513E+00
  7.036E-03  1.152E-02  9.303E-06  2.749E+01  1.885E+00  2.513E+00
  1.152E-02  1.885E-02  3.054E-05  1.112E+01  1.885E+00  2.513E+00
  1.885E-02  3.085E-02  3.977E-05  5.542E+00  1.885E+00  2.513E+00
  3.085E-02  5.050E-02  5.437E-05  5.556E+00  1.885E+00  2.513E+00
  5.050E-02  8.265E-02  6.768E-05  3.480E+00  1.885E+00  2.513E+00
  8.265E-02  1.353E-01  7.473E-05  3.547E+00  1.885E+00  2.513E+00
  1.353E-01  2.214E-01  7.853E-05  2.739E+00  1.885E+00  2.513E+00
  2.214E-01  3.624E-01  6.858E-05  3.465E+00  1.885E+00  2.513E+00
  3.624E-01  5.931E-01  3.839E-05  2.328E+00  1.885E+00  2.513E+00
  5.931E-01  9.708E-01  1.117E-05  3.296E+00  1.885E+00  2.513E+00
  9.708E-01  1.589E+00  1.234E-06  4.739E+00  1.885E+00  2.513E+00
  1.589E+00  2.601E+00  2.869E-08  3.719E+01  1.885E+00  2.513E+00
  2.601E+00  4.257E+00  0.000E+00  0.000E+00  1.885E+00  2.513E+00
  4.257E+00  6.967E+00  0.000E+00  0.000E+00  1.885E+00  2.513E+00
  6.967E+00  1.140E+01  0.000E+00  0.000E+00  1.885E+00  2.513E+00
  1.140E+01  1.866E+01  0.000E+00  0.000E+00  1.885E+00  2.513E+00
  1.866E+01  3.055E+01  0.000E+00  0.000E+00  1.885E+00  2.513E+00
  3.055E+01  5.000E+01  0.000E+00  0.000E+00  1.885E+00  2.513E+00
  5.000E+01  5.000E+01  0.000E+00  0.000E+00  1.885E+00  2.513E+00

 # Block n:            5     2.51327419      :   3.14159274    
  1.000E-09  1.637E-09  0.000E+00  0.000E+00  2.513E+00  3.142E+00
  1.637E-09  2.679E-09  0.000E+00  0.000E+00  2.513E+00  3.142E+00
  2.679E-09  4.385E-09  0.000E+00  0.000E+00  2.513E+00  3.142E+00
  4.385E-09  7.177E-09  0.000E+00  0.000E+00  2.513E+00  3.142E+00
  7.177E-09  1.175E-08  0.000E+00  0.000E+00  2.513E+00  3.142E+00
  1.175E-08  1.923E-08  0.000E+00  0.000E+00  2.513E+00  3.142E+00
  1.923E-08  3.147E-08  0.000E+00  0.000E+00  2.513E+00  3.142E+00
  3.147E-08  5.150E-08  0.000E+00  0.000E+00  2.513E+00  3.142E+00
  5.150E-08  8.430E-08  0.000E+00  0.000E+00  2.513E+00  3.142E+00
  8.430E-08  1.380E-07  0.000E+00  0.000E+00  2.513E+00  3.142E+00
  1.380E-07  2.258E-07  0.000E+00  0.000E+00  2.513E+00  3.142E+00
  2.258E-07  3.696E-07  0.000E+00  0.000E+00  2.513E+00  3.142E+00
  3.696E-07  6.050E-07  0.000E+00  0.000E+00  2.513E+00  3.142E+00
  6.050E-07  9.902E-07  0.000E+00  0.000E+00  2.513E+00  3.142E+00
  9.902E-07  1.621E-06  0.000E+00  0.000E+00  2.513E+00  3.142E+00
  1.621E-06  2.653E-06  0.000E+00  0.000E+00  2.513E+00  3.142E+00
  2.653E-06  4.342E-06  0.000E+00  0.000E+00  2.513E+00  3.142E+00
  4.342E-06  7.106E-06  0.000E+00  0.000E+00  2.513E+00  3.142E+00
  7.106E-06  1.163E-05  0.000E+00  0.000E+00  2.513E+00  3.142E+00
  1.163E-05  1.904E-05  0.000E+00  0.000E+00  2.513E+00  3.142E+00
  1.904E-05  3.116E-05  0.000E+00  0.000E+00  2.513E+00  3.142E+00
  3.116E-05  5.100E-05  0.000E+00  0.000E+00  2.513E+00  3.142E+00
  5.100E-05  8.347E-05  0.000E+00  0.000E+00  2.513E+00  3.142E+00
  8.347E-05  1.366E-04  0.000E+00  0.000E+00  2.513E+00  3.142E+00
  1.366E-04  2.236E-04  0.000E+00  0.000E+00  2.513E+00  3.142E+00
  2.236E-04  3.660E-04  2.021E-05  9.027E+01  2.513E+00  3.142E+00
  3.660E-04  5.990E-04  1.226E-05  9.900E+01  2.513E+00  3.142E+00
  5.990E-04  9.804E-04  0.000E+00  0.000E+00  2.513E+00  3.142E+00
  9.804E-04  1.605E-03  5.031E-06  9.027E+01  2.513E+00  3.142E+00
  1.605E-03  2.627E-03  8.578E-06  4.957E+01  2.513E+00  3.142E+00
  2.627E-03  4.299E-03  8.819E-06  4.022E+01  2.513E+00  3.142E+00
  4.299E-03  7.036E-03  1.954E-05  2.198E+01  2.513E+00  3.142E+00
  7.036E-03  1.152E-02  1.435E-05  2.173E+01  2.513E+00  3.142E+00
  1.152E-02  1.885E-02  2.549E-05  1.932E+01  2.513E+00  3.142E+00
  1.885E-02  3.085E-02  4.829E-05  6.931E+00  2.513E+00  3.142E+00
  3.085E-02  5.050E-02  5.993E-05  5.554E+00  2.513E+00  3.142E+00
  5.050E-02  8.265E-02  7.350E-05  4.584E+00  2.513E+00  3.142E+00
  8.265E-02  1.353E-01  7.758E-05  3.948E+00  2.513E+00  3.142E+00
  1.353E-01  2.214E-01  7.032E-05  1.415E+00  2.513E+00  3.142E+00
  2.214E-01  3.624E-01  5.509E-05  2.957E+00  2.513E+00  3.142E+00
  3.624E-01  5.931E-01  2.722E-05  2.776E+00  2.513E+00  3.142E+00
  5.931E-01  9.708E-01  6.083E-06  4.301E+00  2.513E+00  3.142E+00
  9.708E-01  1.589E+00  4.975E-07  7.911E+00  2.513E+00  3.142E+00
  1.589E+00  2.601E+00  2.846E-09  9.900E+01  2.513E+00  3.142E+00
  2.601E+00  4.257E+00  0.000E+00  0.000E+00  2.513E+00  3.142E+00
  4.257E+00  6.967E+00  0.000E+00  0.000E+00  2.513E+00  3.142E+00
  6.967E+00  1.140E+01  0.000E+00  0.000E+00  2.513E+00  3.142E+00
  1.140E+01  1.866E+01  0.000E+00  0.000E+00  2.513E+00  3.142E+00
  1.866E+01  3.055E+01  0.000E+00  0.000E+00  2.513E+00  3.142E+00
  3.055E+01  5.000E+01  0.000E+00  0.000E+00  2.513E+00  3.142E+00
  5.000E+01  5.000E+01  0.000E+00  0.000E+00  2.513E+00  3.142E+00

 # Block n:            6     3.14159274      :   3.76991129    
  1.000E-09  1.637E-09  0.000E+00  0.000E+00  3.142E+00  3.770E+00
  1.637E-09  2.679E-09  0.000E+00  0.000E+00  3.142E+00  3.770E+00
  2.679E-09  4.385E-09  0.000E+00  0.000E+00  3.142E+00  3.770E+00
  4.385E-09  7.177E-09  0.000E+00  0.000E+00  3.142E+00  3.770E+00
  7.177E-09  1.175E-08  0.000E+00  0.000E+00  3.142E+00  3.770E+00
  1.175E-08  1.923E-08  0.000E+00  0.000E+00  3.142E+00  3.770E+00
  1.923E-08  3.147E-08  0.000E+00  0.000E+00  3.142E+00  3.770E+00
  3.147E-08  5.150E-08  0.000E+00  0.000E+00  3.142E+00  3.770E+00
  5.150E-08  8.430E-08  0.000E+00  0.000E+00  3.142E+00  3.770E+00
  8.430E-08  1.380E-07  0.000E+00  0.000E+00  3.142E+00  3.770E+00
  1.380E-07  2.258E-07  0.000E+00  0.000E+00  3.142E+00  3.770E+00
  2.258E-07  3.696E-07  0.000E+00  0.000E+00  3.142E+00  3.770E+00
  3.696E-07  6.050E-07  0.000E+00  0.000E+00  3.142E+00  3.770E+00
  6.050E-07  9.902E-07  0.000E+00  0.000E+00  3.142E+00  3.770E+00
  9.902E-07  1.621E-06  0.000E+00  0.000E+00  3.142E+00  3.770E+00
  1.621E-06  2.653E-06  0.000E+00  0.000E+00  3.142E+00  3.770E+00
  2.653E-06  4.342E-06  0.000E+00  0.000E+00  3.142E+00  3.770E+00
  4.342E-06  7.106E-06  0.000E+00  0.000E+00  3.142E+00  3.770E+00
  7.106E-06  1.163E-05  0.000E+00  0.000E+00  3.142E+00  3.770E+00
  1.163E-05  1.904E-05  0.000E+00  0.000E+00  3.142E+00  3.770E+00
  1.904E-05  3.116E-05  0.000E+00  0.000E+00  3.142E+00  3.770E+00
  3.116E-05  5.100E-05  0.000E+00  0.000E+00  3.142E+00  3.770E+00
  5.100E-05  8.347E-05  0.000E+00  0.000E+00  3.142E+00  3.770E+00
  8.347E-05  1.366E-04  0.000E+00  0.000E+00  3.142E+00  3.770E+00
  1.366E-04  2.236E-04  0.000E+00  0.000E+00  3.142E+00  3.770E+00
  2.236E-04  3.660E-04  2.283E-05  9.900E+01  3.142E+00  3.770E+00
  3.660E-04  5.990E-04  0.000E+00  0.000E+00  3.142E+00  3.770E+00
  5.990E-04  9.804E-04  1.854E-05  6.839E+01  3.142E+00  3.770E+00
  9.804E-04  1.605E-03  1.611E-05  4.956E+01  3.142E+00  3.770E+00
  1.605E-03  2.627E-03  1.093E-05  5.021E+01  3.142E+00  3.770E+00
  2.627E-03  4.299E-03  1.254E-05  4.136E+01  3.142E+00  3.770E+00
  4.299E-03  7.036E-03  1.311E-05  2.775E+01  3.142E+00  3.770E+00
  7.036E-03  1.152E-02  2.309E-05  1.974E+01  3.142E+00  3.770E+00
  1.152E-02  1.885E-02  2.783E-05  9.073E+00  3.142E+00  3.770E+00
  1.885E-02  3.085E-02  4.835E-05  7.600E+00  3.142E+00  3.770E+00
  3.085E-02  5.050E-02  6.814E-05  5.854E+00  3.142E+00  3.770E+00
  5.050E-02  8.265E-02  7.766E-05  4.334E+00  3.142E+00  3.770E+00
  8.265E-02  1.353E-01  7.540E-05  3.246E+00  3.142E+00  3.770E+00
  1.353E-01  2.214E-01  6.754E-05  2.500E+00  3.142E+00  3.770E+00
  2.214E-01  3.624E-01  4.659E-05  2.940E+00  3.142E+00  3.770E+00
  3.624E-01  5.931E-01  1.975E-05  3.160E+00  3.142E+00  3.770E+00
  5.931E-01  9.708E-01  3.484E-06  7.627E+00  3.142E+00  3.770E+00
  9.708E-01  1.589E+00  1.320E-07  1.275E+01  3.142E+00  3.770E+00
  1.589E+00  2.601E+00  0.000E+00  0.000E+00  3.142E+00  3.770E+00
  2.601E+00  4.257E+00  0.000E+00  0.000E+00  3.142E+00  3.770E+00
  4.257E+00  6.967E+00  0.000E+00  0.000E+00  3.142E+00  3.770E+00
  6.967E+00  1.140E+01  0.000E+00  0.000E+00  3.142E+00  3.770E+00
  1.140E+01  1.866E+01  0.000E+00  0.000E+00  3.142E+00  3.770E+00
  1.866E+01  3.055E+01  0.000E+00  0.000E+00  3.142E+00  3.770E+00
  3.055E+01  5.000E+01  0.000E+00  0.000E+00  3.142E+00  3.770E+00
  5.000E+01  5.000E+01  0.000E+00  0.000E+00  3.142E+00  3.770E+00

 # Block n:            7     3.76991129      :   4.39822960    
  1.000E-09  1.637E-09  0.000E+00  0.000E+00  3.770E+00  4.398E+00
  1.637E-09  2.679E-09  0.000E+00  0.000E+00  3.770E+00  4.398E+00
  2.679E-09  4.385E-09  0.000E+00  0.000E+00  3.770E+00  4.398E+00
  4.385E-09  7.177E-09  0.000E+00  0.000E+00  3.770E+00  4.398E+00
  7.177E-09  1.175E-08  0.000E+00  0.000E+00  3.770E+00  4.398E+00
  1.175E-08  1.923E-08  0.000E+00  0.000E+00  3.770E+00  4.398E+00
  1.923E-08  3.147E-08  0.000E+00  0.000E+00  3.770E+00  4.398E+00
  3.147E-08  5.150E-08  0.000E+00  0.000E+00  3.770E+00  4.398E+00
  5.150E-08  8.430E-08  0.000E+00  0.000E+00  3.770E+00  4.398E+00
  8.430E-08  1.380E-07  0.000E+00  0.000E+00  3.770E+00  4.398E+00
  1.380E-07  2.258E-07  0.000E+00  0.000E+00  3.770E+00  4.398E+00
  2.258E-07  3.696E-07  0.000E+00  0.000E+00  3.770E+00  4.398E+00
  3.696E-07  6.050E-07  0.000E+00  0.000E+00  3.770E+00  4.398E+00
  6.050E-07  9.902E-07  0.000E+00  0.000E+00  3.770E+00  4.398E+00
  9.902E-07  1.621E-06  0.000E+00  0.000E+00  3.770E+00  4.398E+00
  1.621E-06  2.653E-06  0.000E+00  0.000E+00  3.770E+00  4.398E+00
  2.653E-06  4.342E-06  0.000E+00  0.000E+00  3.770E+00  4.398E+00
  4.342E-06  7.106E-06  0.000E+00  0.000E+00  3.770E+00  4.398E+00
  7.106E-06  1.163E-05  0.000E+00  0.000E+00  3.770E+00  4.398E+00
  1.163E-05  1.904E-05  0.000E+00  0.000E+00  3.770E+00  4.398E+00
  1.904E-05  3.116E-05  0.000E+00  0.000E+00  3.770E+00  4.398E+00
  3.116E-05  5.100E-05  0.000E+00  0.000E+00  3.770E+00  4.398E+00
  5.100E-05  8.347E-05  0.000E+00  0.000E+00  3.770E+00  4.398E+00
  8.347E-05  1.366E-04  0.000E+00  0.000E+00  3.770E+00  4.398E+00
  1.366E-04  2.236E-04  4.616E-05  9.027E+01  3.770E+00  4.398E+00
  2.236E-04  3.660E-04  0.000E+00  0.000E+00  3.770E+00  4.398E+00
  3.660E-04  5.990E-04  0.000E+00  0.000E+00  3.770E+00  4.398E+00
  5.990E-04  9.804E-04  0.000E+00  0.000E+00  3.770E+00  4.398E+00
  9.804E-04  1.605E-03  1.611E-05  5.940E+01  3.770E+00  4.398E+00
  1.605E-03  2.627E-03  1.809E-05  4.914E+01  3.770E+00  4.398E+00
  2.627E-03  4.299E-03  5.788E-06  7.677E+01  3.770E+00  4.398E+00
  4.299E-03  7.036E-03  1.185E-05  4.216E+01  3.770E+00  4.398E+00
  7.036E-03  1.152E-02  1.983E-05  2.443E+01  3.770E+00  4.398E+00
  1.152E-02  1.885E-02  3.845E-05  1.530E+01  3.770E+00  4.398E+00
  1.885E-02  3.085E-02  5.715E-05  5.421E+00  3.770E+00  4.398E+00
  3.085E-02  5.050E-02  7.302E-05  6.842E+00  3.770E+00  4.398E+00
  5.050E-02  8.265E-02  7.253E-05  2.496E+00  3.770E+00  4.398E+00
  8.265E-02  1.353E-01  7.145E-05  2.718E+00  3.770E+00  4.398E+00
  1.353E-01  2.214E-01  5.787E-05  3.061E+00  3.770E+00  4.398E+00
  2.214E-01  3.624E-01  3.971E-05  2.690E+00  3.770E+00  4.398E+00
  3.624E-01  5.931E-01  1.419E-05  3.562E+00  3.770E+00  4.398E+00
  5.931E-01  9.708E-01  1.974E-06  7.829E+00  3.770E+00  4.398E+00
  9.708E-01  1.589E+00  4.863E-08  3.459E+01  3.770E+00  4.398E+00
  1.589E+00  2.601E+00  0.000E+00  0.000E+00  3.770E+00  4.398E+00
  2.601E+00  4.257E+00  0.000E+00  0.000E+00  3.770E+00  4.398E+00
  4.257E+00  6.967E+00  0.000E+00  0.000E+00  3.770E+00  4.398E+00
  6.967E+00  1.140E+01  0.000E+00  0.000E+00  3.770E+00  4.398E+00
  1.140E+01  1.866E+01  0.000E+00  0.000E+00  3.770E+00  4.398E+00
  1.866E+01  3.055E+01  0.000E+00  0.000E+00  3.770E+00  4.398E+00
  3.055E+01  5.000E+01  0.000E+00  0.000E+00  3.770E+00  4.398E+00
  5.000E+01  5.000E+01  0.000E+00  0.000E+00  3.770E+00  4.398E+00

 # Block n:            8     4.39822960      :   5.02654839    
  1.000E-09  1.637E-09  0.000E+00  0.000E+00  4.398E+00  5.027E+00
  1.637E-09  2.679E-09  0.000E+00  0.000E+00  4.398E+00  5.027E+00
  2.679E-09  4.385E-09  0.000E+00  0.000E+00  4.398E+00  5.027E+00
  4.385E-09  7.177E-09  0.000E+00  0.000E+00  4.398E+00  5.027E+00
  7.177E-09  1.175E-08  0.000E+00  0.000E+00  4.398E+00  5.027E+00
  1.175E-08  1.923E-08  0.000E+00  0.000E+00  4.398E+00  5.027E+00
  1.923E-08  3.147E-08  0.000E+00  0.000E+00  4.398E+00  5.027E+00
  3.147E-08  5.150E-08  0.000E+00  0.000E+00  4.398E+00  5.027E+00
  5.150E-08  8.430E-08  0.000E+00  0.000E+00  4.398E+00  5.027E+00
  8.430E-08  1.380E-07  0.000E+00  0.000E+00  4.398E+00  5.027E+00
  1.380E-07  2.258E-07  0.000E+00  0.000E+00  4.398E+00  5.027E+00
  2.258E-07  3.696E-07  0.000E+00  0.000E+00  4.398E+00  5.027E+00
  3.696E-07  6.050E-07  0.000E+00  0.000E+00  4.398E+00  5.027E+00
  6.050E-07  9.902E-07  0.000E+00  0.000E+00  4.398E+00  5.027E+00
  9.902E-07  1.621E-06  0.000E+00  0.000E+00  4.398E+00  5.027E+00
  1.621E-06  2.653E-06  0.000E+00  0.000E+00  4.398E+00  5.027E+00
  2.653E-06  4.342E-06  0.000E+00  0.000E+00  4.398E+00  5.027E+00
  4.342E-06  7.106E-06  0.000E+00  0.000E+00  4.398E+00  5.027E+00
  7.106E-06  1.163E-05  0.000E+00  0.000E+00  4.398E+00  5.027E+00
  1.163E-05  1.904E-05  0.000E+00  0.000E+00  4.398E+00  5.027E+00
  1.904E-05  3.116E-05  0.000E+00  0.000E+00  4.398E+00  5.027E+00
  3.116E-05  5.100E-05  0.000E+00  0.000E+00  4.398E+00  5.027E+00
  5.100E-05  8.347E-05  0.000E+00  0.000E+00  4.398E+00  5.027E+00
  8.347E-05  1.366E-04  1.104E-04  9.027E+01  4.398E+00  5.027E+00
  1.366E-04  2.236E-04  0.000E+00  0.000E+00  4.398E+00  5.027E+00
  2.236E-04  3.660E-04  3.914E-05  9.900E+01  4.398E+00  5.027E+00
  3.660E-04  5.990E-04  2.971E-05  9.900E+01  4.398E+00  5.027E+00
  5.990E-04  9.804E-04  1.681E-05  9.027E+01  4.398E+00  5.027E+00
  9.804E-04  1.605E-03  1.184E-05  9.027E+01  4.398E+00  5.027E+00
  1.605E-03  2.627E-03  5.992E-06  9.027E+01  4.398E+00  5.027E+00
  2.627E-03  4.299E-03  1.276E-05  4.994E+01  4.398E+00  5.027E+00
  4.299E-03  7.036E-03  2.343E-05  2.858E+01  4.398E+00  5.027E+00
  7.036E-03  1.152E-02  1.604E-05  2.449E+01  4.398E+00  5.027E+00
  1.152E-02  1.885E-02  3.197E-05  2.373E+01  4.398E+00  5.027E+00
  1.885E-02  3.085E-02  5.356E-05  1.599E+01  4.398E+00  5.027E+00
  3.085E-02  5.050E-02  8.695E-05  3.597E+00  4.398E+00  5.027E+00
  5.050E-02  8.265E-02  9.342E-05  6.354E+00  4.398E+00  5.027E+00
  8.265E-02  1.353E-01  7.306E-05  5.285E+00  4.398E+00  5.027E+00
  1.353E-01  2.214E-01  5.195E-05  4.125E+00  4.398E+00  5.027E+00
  2.214E-01  3.624E-01  2.997E-05  4.233E+00  4.398E+00  5.027E+00
  3.624E-01  5.931E-01  1.065E-05  6.084E+00  4.398E+00  5.027E+00
  5.931E-01  9.708E-01  1.216E-06  8.774E+00  4.398E+00  5.027E+00
  9.708E-01  1.589E+00  8.855E-09  9.900E+01  4.398E+00  5.027E+00
  1.589E+00  2.601E+00  0.000E+00  0.000E+00  4.398E+00  5.027E+00
  2.601E+00  4.257E+00  0.000E+00  0.000E+00  4.398E+00  5.027E+00
  4.257E+00  6.967E+00  0.000E+00  0.000E+00  4.398E+00  5.027E+00
  6.967E+00  1.140E+01  0.000E+00  0.000E+00  4.398E+00  5.027E+00
  1.140E+01  1.866E+01  0.000E+00  0.000E+00  4.398E+00  5.027E+00
  1.866E+01  3.055E+01  0.000E+00  0.000E+00  4.398E+00  5.027E+00
  3.055E+01  5.000E+01  0.000E+00  0.000E+00  4.398E+00  5.027E+00
  5.000E+01  5.000E+01  0.000E+00  0.000E+00  4.398E+00  5.027E+00

 # Block n:            9     5.02654839      :   5.65486717    
  1.000E-09  1.637E-09  0.000E+00  0.000E+00  5.027E+00  5.655E+00
  1.637E-09  2.679E-09  0.000E+00  0.000E+00  5.027E+00  5.655E+00
  2.679E-09  4.385E-09  0.000E+00  0.000E+00  5.027E+00  5.655E+00
  4.385E-09  7.177E-09  0.000E+00  0.000E+00  5.027E+00  5.655E+00
  7.177E-09  1.175E-08  0.000E+00  0.000E+00  5.027E+00  5.655E+00
  1.175E-08  1.923E-08  0.000E+00  0.000E+00  5.027E+00  5.655E+00
  1.923E-08  3.147E-08  0.000E+00  0.000E+00  5.027E+00  5.655E+00
  3.147E-08  5.150E-08  0.000E+00  0.000E+00  5.027E+00  5.655E+00
  5.150E-08  8.430E-08  0.000E+00  0.000E+00  5.027E+00  5.655E+00
  8.430E-08  1.380E-07  0.000E+00  0.000E+00  5.027E+00  5.655E+00
  1.380E-07  2.258E-07  0.000E+00  0.000E+00  5.027E+00  5.655E+00
  2.258E-07  3.696E-07  0.000E+00  0.000E+00  5.027E+00  5.655E+00
  3.696E-07  6.050E-07  0.000E+00  0.000E+00  5.027E+00  5.655E+00
  6.050E-07  9.902E-07  0.000E+00  0.000E+00  5.027E+00  5.655E+00
  9.902E-07  1.621E-06  0.000E+00  0.000E+00  5.027E+00  5.655E+00
  1.621E-06  2.653E-06  0.000E+00  0.000E+00  5.027E+00  5.655E+00
  2.653E-06  4.342E-06  0.000E+00  0.000E+00  5.027E+00  5.655E+00
  4.342E-06  7.106E-06  0.000E+00  0.000E+00  5.027E+00  5.655E+00
  7.106E-06  1.163E-05  0.000E+00  0.000E+00  5.027E+00  5.655E+00
  1.163E-05  1.904E-05  0.000E+00  0.000E+00  5.027E+00  5.655E+00
  1.904E-05  3.116E-05  0.000E+00  0.000E+00  5.027E+00  5.655E+00
  3.116E-05  5.100E-05  0.000E+00  0.000E+00  5.027E+00  5.655E+00
  5.100E-05  8.347E-05  0.000E+00  0.000E+00  5.027E+00  5.655E+00
  8.347E-05  1.366E-04  0.000E+00  0.000E+00  5.027E+00  5.655E+00
  1.366E-04  2.236E-04  0.000E+00  0.000E+00  5.027E+00  5.655E+00
  2.236E-04  3.660E-04  0.000E+00  0.000E+00  5.027E+00  5.655E+00
  3.660E-04  5.990E-04  0.000E+00  0.000E+00  5.027E+00  5.655E+00
  5.990E-04  9.804E-04  0.000E+00  0.000E+00  5.027E+00  5.655E+00
  9.804E-04  1.605E-03  2.978E-05  6.928E+01  5.027E+00  5.655E+00
  1.605E-03  2.627E-03  2.110E-05  6.137E+01  5.027E+00  5.655E+00
  2.627E-03  4.299E-03  4.256E-05  3.178E+01  5.027E+00  5.655E+00
  4.299E-03  7.036E-03  4.383E-06  9.900E+01  5.027E+00  5.655E+00
  7.036E-03  1.152E-02  2.637E-05  3.015E+01  5.027E+00  5.655E+00
  1.152E-02  1.885E-02  3.503E-05  1.722E+01  5.027E+00  5.655E+00
  1.885E-02  3.085E-02  5.604E-05  1.160E+01  5.027E+00  5.655E+00
  3.085E-02  5.050E-02  7.771E-05  1.069E+01  5.027E+00  5.655E+00
  5.050E-02  8.265E-02  7.717E-05  4.739E+00  5.027E+00  5.655E+00
  8.265E-02  1.353E-01  6.540E-05  4.143E+00  5.027E+00  5.655E+00
  1.353E-01  2.214E-01  4.370E-05  6.045E+00  5.027E+00  5.655E+00
  2.214E-01  3.624E-01  2.848E-05  5.620E+00  5.027E+00  5.655E+00
  3.624E-01  5.931E-01  6.720E-06  1.029E+01  5.027E+00  5.655E+00
  5.931E-01  9.708E-01  3.129E-07  2.630E+01  5.027E+00  5.655E+00
  9.708E-01  1.589E+00  0.000E+00  0.000E+00  5.027E+00  5.655E+00
  1.589E+00  2.601E+00  0.000E+00  0.000E+00  5.027E+00  5.655E+00
  2.601E+00  4.257E+00  0.000E+00  0.000E+00  5.027E+00  5.655E+00
  4.257E+00  6.967E+00  0.000E+00  0.000E+00  5.027E+00  5.655E+00
  6.967E+00  1.140E+01  0.000E+00  0.000E+00  5.027E+00  5.655E+00
  1.140E+01  1.866E+01  0.000E+00  0.000E+00  5.027E+00  5.655E+00
  1.866E+01  3.055E+01  0.000E+00  0.000E+00  5.027E+00  5.655E+00
  3.055E+01  5.000E+01  0.000E+00  0.000E+00  5.027E+00  5.655E+00
  5.000E+01  5.000E+01  0.000E+00  0.000E+00  5.027E+00  5.655E+00

 # Block n:           10     5.65486717      :   6.28318548    
  1.000E-09  1.637E-09  0.000E+00  0.000E+00  5.655E+00  6.283E+00
  1.637E-09  2.679E-09  0.000E+00  0.000E+00  5.655E+00  6.283E+00
  2.679E-09  4.385E-09  0.000E+00  0.000E+00  5.655E+00  6.283E+00
  4.385E-09  7.177E-09  0.000E+00  0.000E+00  5.655E+00  6.283E+00
  7.177E-09  1.175E-08  0.000E+00  0.000E+00  5.655E+00  6.283E+00
  1.175E-08  1.923E-08  0.000E+00  0.000E+00  5.655E+00  6.283E+00
  1.923E-08  3.147E-08  0.000E+00  0.000E+00  5.655E+00  6.283E+00
  3.147E-08  5.150E-08  0.000E+00  0.000E+00  5.655E+00  6.283E+00
  5.150E-08  8.430E-08  0.000E+00  0.000E+00  5.655E+00  6.283E+00
  8.430E-08  1.380E-07  0.000E+00  0.000E+00  5.655E+00  6.283E+00
  1.380E-07  2.258E-07  0.000E+00  0.000E+00  5.655E+00  6.283E+00
  2.258E-07  3.696E-07  0.000E+00  0.000E+00  5.655E+00  6.283E+00
  3.696E-07  6.050E-07  0.000E+00  0.000E+00  5.655E+00  6.283E+00
  6.050E-07  9.902E-07  0.000E+00  0.000E+00  5.655E+00  6.283E+00
  9.902E-07  1.621E-06  0.000E+00  0.000E+00  5.655E+00  6.283E+00
  1.621E-06  2.653E-06  0.000E+00  0.000E+00  5.655E+00  6.283E+00
  2.653E-06  4.342E-06  0.000E+00  0.000E+00  5.655E+00  6.283E+00
  4.342E-06  7.106E-06  0.000E+00  0.000E+00  5.655E+00  6.283E+00
  7.106E-06  1.163E-05  0.000E+00  0.000E+00  5.655E+00  6.283E+00
  1.163E-05  1.904E-05  0.000E+00  0.000E+00  5.655E+00  6.283E+00
  1.904E-05  3.116E-05  0.000E+00  0.000E+00  5.655E+00  6.283E+00
  3.116E-05  5.100E-05  0.000E+00  0.000E+00  5.655E+00  6.283E+00
  5.100E-05  8.347E-05  0.000E+00  0.000E+00  5.655E+00  6.283E+00
  8.347E-05  1.366E-04  0.000E+00  0.000E+00  5.655E+00  6.283E+00
  1.366E-04  2.236E-04  0.000E+00  0.000E+00  5.655E+00  6.283E+00
  2.236E-04  3.660E-04  0.000E+00  0.000E+00  5.655E+00  6.283E+00
  3.660E-04  5.990E-04  0.000E+00  0.000E+00  5.655E+00  6.283E+00
  5.990E-04  9.804E-04  0.000E+00  0.000E+00  5.655E+00  6.283E+00
  9.804E-04  1.605E-03  0.000E+00  0.000E+00  5.655E+00  6.283E+00
  1.605E-03  2.627E-03  0.000E+00  0.000E+00  5.655E+00  6.283E+00
  2.627E-03  4.299E-03  4.994E-05  7.304E+01  5.655E+00  6.283E+00
  4.299E-03  7.036E-03  2.245E-05  8.200E+01  5.655E+00  6.283E+00
  7.036E-03  1.152E-02  3.244E-05  6.845E+01  5.655E+00  6.283E+00
  1.152E-02  1.885E-02  2.145E-05  2.962E+01  5.655E+00  6.283E+00
  1.885E-02  3.085E-02  5.447E-05  2.526E+01  5.655E+00  6.283E+00
  3.085E-02  5.050E-02  7.086E-05  1.891E+01  5.655E+00  6.283E+00
  5.050E-02  8.265E-02  8.633E-05  1.182E+01  5.655E+00  6.283E+00
  8.265E-02  1.353E-01  5.589E-05  1.447E+01  5.655E+00  6.283E+00
  1.353E-01  2.214E-01  4.250E-05  3.421E+01  5.655E+00  6.283E+00
  2.214E-01  3.624E-01  1.978E-05  1.739E+01  5.655E+00  6.283E+00
  3.624E-01  5.931E-01  5.092E-06  2.199E+01  5.655E+00  6.283E+00
  5.931E-01  9.708E-01  5.331E-08  9.027E+01  5.655E+00  6.283E+00
  9.708E-01  1.589E+00  0.000E+00  0.000E+00  5.655E+00  6.283E+00
  1.589E+00  2.601E+00  0.000E+00  0.000E+00  5.655E+00  6.283E+00
  2.601E+00  4.257E+00  0.000E+00  0.000E+00  5.655E+00  6.283E+00
  4.257E+00  6.967E+00  0.000E+00  0.000E+00  5.655E+00  6.283E+00
  6.967E+00  1.140E+01  0.000E+00  0.000E+00  5.655E+00  6.283E+00
  1.140E+01  1.866E+01  0.000E+00  0.000E+00  5.655E+00  6.283E+00
  1.866E+01  3.055E+01  0.000E+00  0.000E+00  5.655E+00  6.283E+00
  3.055E+01  5.000E+01  0.000E+00  0.000E+00  5.655E+00  6.283E+00
  5.000E+01  5.000E+01  0.000E+00  0.000E+00  5.655E+00  6.283E+00

  1.000E-09  1.000E-09  0.000E+00  0.000E+00  6.283E+00  6.283E+00
  1.637E-09  1.637E-09  0.000E+00  0.000E+00  6.283E+00  6.283E+00
  2.679E-09  2.679E-09  0.000E+00  0.000E+00  6.283E+00  6.283E+00
  4.385E-09  4.385E-09  0.000E+00  0.000E+00  6.283E+00  6.283E+00
  7.177E-09  7.177E-09  0.000E+00  0.000E+00  6.283E+00  6.283E+00
  1.175E-08  1.175E-08  0.000E+00  0.000E+00  6.283E+00  6.283E+00
  1.923E-08  1.923E-08  0.000E+00  0.000E+00  6.283E+00  6.283E+00
  3.147E-08  3.147E-08  0.000E+00  0.000E+00  6.283E+00  6.283E+00
  5.150E-08  5.150E-08  0.000E+00  0.000E+00  6.283E+00  6.283E+00
  8.430E-08  8.430E-08  0.000E+00  0.000E+00  6.283E+00  6.283E+00
  1.380E-07  1.380E-07  0.000E+00  0.000E+00  6.283E+00  6.283E+00
  2.258E-07  2.258E-07  0.000E+00  0.000E+00  6.283E+00  6.283E+00
  3.696E-07  3.696E-07  0.000E+00  0.000E+00  6.283E+00  6.283E+00
  6.050E-07  6.050E-07  0.000E+00  0.000E+00  6.283E+00  6.283E+00
  9.902E-07  9.902E-07  0.000E+00  0.000E+00  6.283E+00  6.283E+00
  1.621E-06  1.621E-06  0.000E+00  0.000E+00  6.283E+00  6.283E+00
  2.653E-06  2.653E-06  0.000E+00  0.000E+00  6.283E+00  6.283E+00
  4.342E-06  4.342E-06  0.000E+00  0.000E+00  6.283E+00  6.283E+00
  7.106E-06  7.106E-06  0.000E+00  0.000E+00  6.283E+00  6.283E+00
  1.163E-05  1.163E-05  0.000E+00  0.000E+00  6.283E+00  6.283E+00
  1.904E-05  1.904E-05  0.000E+00  0.000E+00  6.283E+00  6.283E+00
  3.116E-05  3.116E-05  0.000E+00  0.000E+00  6.283E+00  6.283E+00
  5.100E-05  5.100E-05  0.000E+00  0.000E+00  6.283E+00  6.283E+00
  8.347E-05  8.347E-05  0.000E+00  0.000E+00  6.283E+00  6.283E+00
  1.366E-04  1.366E-04  0.000E+00  0.000E+00  6.283E+00  6.283E+00
  2.236E-04  2.236E-04  0.000E+00  0.000E+00  6.283E+00  6.283E+00
  3.660E-04  3.660E-04  0.000E+00  0.000E+00  6.283E+00  6.283E+00
  5.990E-04  5.990E-04  0.000E+00  0.000E+00  6.283E+00  6.283E+00
  9.804E-04  9.804E-04  0.000E+00  0.000E+00  6.283E+00  6.283E+00
  1.605E-03  1.605E-03  0.000E+00  0.000E+00  6.283E+00  6.283E+00
  2.627E-03  2.627E-03  0.000E+00  0.000E+00  6.283E+00  6.283E+00
  4.299E-03  4.299E-03  0.000E+00  0.000E+00  6.283E+00  6.283E+00
  7.036E-03  7.036E-03  0.000E+00  0.000E+00  6.283E+00  6.283E+00
  1.152E-02  1.152E-02  0.000E+00  0.000E+00  6.283E+00  6.283E+00
  1.885E-02  1.885E-02  0.000E+00  0.000E+00  6.283E+00  6.283E+00
  3.085E-02  3.085E-02  0.000E+00  0.000E+00  6.283E+00  6.283E+00
  5.050E-02  5.050E-02  0.000E+00  0.000E+00  6.283E+00  6.283E+00
  8.265E-02  8.265E-02  0.000E+00  0.000E+00  6.283E+00  6.283E+00
  1.353E-01  1.353E-01  0.000E+00  0.000E+00  6.283E+00  6.283E+00
  2.214E-01  2.214E-01  0.000E+00  0.000E+00  6.283E+00  6.283E+00
  3.624E-01  3.624E-01  0.000E+00  0.000E+00  6.283E+00  6.283E+00
  5.931E-01  5.931E-01  0.000E+00  0.000E+00  6.283E+00  6.283E+00
  9.708E-01  9.708E-01  0.000E+00  0.000E+00  6.283E+00  6.283E+00
  1.589E+00  1.589E+00  0.000E+00  0.000E+00  6.283E+00  6.283E+00
  2.601E+00  2.601E+00  0.000E+00  0.000E+00  6.283E+00  6.283E+00
  4.257E+00  4.257E+00  0.000E+00  0.000E+00  6.283E+00  6.283E+00
  6.967E+00  6.967E+00  0.000E+00  0.000E+00  6.283E+00  6.283E+00
  1.140E+01  1.140E+01  0.000E+00  0.000E+00  6.283E+00  6.283E+00
  1.866E+01  1.866E+01  0.000E+00  0.000E+00  6.283E+00  6.283E+00
  3.055E+01  3.055E+01  0.000E+00  0.000E+00  6.283E+00  6.283E+00
  5.000E+01  5.000E+01  0.000E+00  0.000E+00  6.283E+00  6.283E+00
