 # Detector n:            1   piCurrUD  (integrated over solid angle)
 # N. of energy intervals          50
  1.000E-09  1.637E-09  0.000E+00  0.000E+00
  1.637E-09  2.679E-09  0.000E+00  0.000E+00
  2.679E-09  4.385E-09  0.000E+00  0.000E+00
  4.385E-09  7.177E-09  0.000E+00  0.000E+00
  7.177E-09  1.175E-08  0.000E+00  0.000E+00
  1.175E-08  1.923E-08  0.000E+00  0.000E+00
  1.923E-08  3.147E-08  0.000E+00  0.000E+00
  3.147E-08  5.150E-08  0.000E+00  0.000E+00
  5.150E-08  8.430E-08  0.000E+00  0.000E+00
  8.430E-08  1.380E-07  0.000E+00  0.000E+00
  1.380E-07  2.258E-07  0.000E+00  0.000E+00
  2.258E-07  3.696E-07  0.000E+00  0.000E+00
  3.696E-07  6.050E-07  0.000E+00  0.000E+00
  6.050E-07  9.902E-07  0.000E+00  0.000E+00
  9.902E-07  1.621E-06  0.000E+00  0.000E+00
  1.621E-06  2.653E-06  0.000E+00  0.000E+00
  2.653E-06  4.342E-06  0.000E+00  0.000E+00
  4.342E-06  7.106E-06  0.000E+00  0.000E+00
  7.106E-06  1.163E-05  0.000E+00  0.000E+00
  1.163E-05  1.904E-05  0.000E+00  0.000E+00
  1.904E-05  3.116E-05  0.000E+00  0.000E+00
  3.116E-05  5.100E-05  1.008E-04  6.838E+01
  5.100E-05  8.347E-05  0.000E+00  0.000E+00
  8.347E-05  1.366E-04  1.882E-05  9.027E+01
  1.366E-04  2.236E-04  1.150E-05  9.027E+01
  2.236E-04  3.660E-04  2.107E-05  5.481E+01
  3.660E-04  5.990E-04  2.575E-05  4.297E+01
  5.990E-04  9.804E-04  1.835E-05  3.401E+01
  9.804E-04  1.605E-03  2.723E-05  1.176E+01
  1.605E-03  2.627E-03  2.642E-05  2.226E+01
  2.627E-03  4.299E-03  3.169E-05  1.182E+01
  4.299E-03  7.036E-03  3.653E-05  7.391E+00
  7.036E-03  1.152E-02  4.241E-05  8.135E+00
  1.152E-02  1.885E-02  8.032E-05  5.203E+00
  1.885E-02  3.085E-02  1.256E-04  2.687E+00
  3.085E-02  5.050E-02  1.757E-04  2.936E+00
  5.050E-02  8.265E-02  2.087E-04  1.882E+00
  8.265E-02  1.353E-01  2.284E-04  2.296E+00
  1.353E-01  2.214E-01  2.535E-04  2.084E+00
  2.214E-01  3.624E-01  2.690E-04  2.769E+00
  3.624E-01  5.931E-01  2.279E-04  2.602E+00
  5.931E-01  9.708E-01  1.621E-04  2.821E+00
  9.708E-01  1.589E+00  1.040E-04  2.797E+00
  1.589E+00  2.601E+00  6.225E-05  2.763E+00
  2.601E+00  4.257E+00  3.345E-05  2.832E+00
  4.257E+00  6.967E+00  1.658E-05  2.731E+00
  6.967E+00  1.140E+01  6.818E-06  2.934E+00
  1.140E+01  1.866E+01  2.078E-06  2.620E+00
  1.866E+01  3.055E+01  4.057E-07  3.155E+00
  3.055E+01  5.000E+01  2.216E-08  4.427E+00


 # double differential distributions
 # number of solid angle intervals          10
 # Block n:            1     0.00000000      :  0.628318548    
  1.000E-09  1.637E-09  0.000E+00  0.000E+00  0.000E+00  6.283E-01
  1.637E-09  2.679E-09  0.000E+00  0.000E+00  0.000E+00  6.283E-01
  2.679E-09  4.385E-09  0.000E+00  0.000E+00  0.000E+00  6.283E-01
  4.385E-09  7.177E-09  0.000E+00  0.000E+00  0.000E+00  6.283E-01
  7.177E-09  1.175E-08  0.000E+00  0.000E+00  0.000E+00  6.283E-01
  1.175E-08  1.923E-08  0.000E+00  0.000E+00  0.000E+00  6.283E-01
  1.923E-08  3.147E-08  0.000E+00  0.000E+00  0.000E+00  6.283E-01
  3.147E-08  5.150E-08  0.000E+00  0.000E+00  0.000E+00  6.283E-01
  5.150E-08  8.430E-08  0.000E+00  0.000E+00  0.000E+00  6.283E-01
  8.430E-08  1.380E-07  0.000E+00  0.000E+00  0.000E+00  6.283E-01
  1.380E-07  2.258E-07  0.000E+00  0.000E+00  0.000E+00  6.283E-01
  2.258E-07  3.696E-07  0.000E+00  0.000E+00  0.000E+00  6.283E-01
  3.696E-07  6.050E-07  0.000E+00  0.000E+00  0.000E+00  6.283E-01
  6.050E-07  9.902E-07  0.000E+00  0.000E+00  0.000E+00  6.283E-01
  9.902E-07  1.621E-06  0.000E+00  0.000E+00  0.000E+00  6.283E-01
  1.621E-06  2.653E-06  0.000E+00  0.000E+00  0.000E+00  6.283E-01
  2.653E-06  4.342E-06  0.000E+00  0.000E+00  0.000E+00  6.283E-01
  4.342E-06  7.106E-06  0.000E+00  0.000E+00  0.000E+00  6.283E-01
  7.106E-06  1.163E-05  0.000E+00  0.000E+00  0.000E+00  6.283E-01
  1.163E-05  1.904E-05  0.000E+00  0.000E+00  0.000E+00  6.283E-01
  1.904E-05  3.116E-05  0.000E+00  0.000E+00  0.000E+00  6.283E-01
  3.116E-05  5.100E-05  8.022E-05  9.900E+01  0.000E+00  6.283E-01
  5.100E-05  8.347E-05  0.000E+00  0.000E+00  0.000E+00  6.283E-01
  8.347E-05  1.366E-04  0.000E+00  0.000E+00  0.000E+00  6.283E-01
  1.366E-04  2.236E-04  0.000E+00  0.000E+00  0.000E+00  6.283E-01
  2.236E-04  3.660E-04  0.000E+00  0.000E+00  0.000E+00  6.283E-01
  3.660E-04  5.990E-04  0.000E+00  0.000E+00  0.000E+00  6.283E-01
  5.990E-04  9.804E-04  4.173E-06  9.027E+01  0.000E+00  6.283E-01
  9.804E-04  1.605E-03  7.648E-06  5.481E+01  0.000E+00  6.283E-01
  1.605E-03  2.627E-03  6.230E-06  4.552E+01  0.000E+00  6.283E-01
  2.627E-03  4.299E-03  6.662E-06  5.165E+01  0.000E+00  6.283E-01
  4.299E-03  7.036E-03  4.070E-06  2.615E+01  0.000E+00  6.283E-01
  7.036E-03  1.152E-02  1.101E-05  1.788E+01  0.000E+00  6.283E-01
  1.152E-02  1.885E-02  1.736E-05  8.377E+00  0.000E+00  6.283E-01
  1.885E-02  3.085E-02  2.838E-05  4.966E+00  0.000E+00  6.283E-01
  3.085E-02  5.050E-02  3.881E-05  3.611E+00  0.000E+00  6.283E-01
  5.050E-02  8.265E-02  5.628E-05  3.622E+00  0.000E+00  6.283E-01
  8.265E-02  1.353E-01  6.802E-05  3.445E+00  0.000E+00  6.283E-01
  1.353E-01  2.214E-01  9.861E-05  2.825E+00  0.000E+00  6.283E-01
  2.214E-01  3.624E-01  1.412E-04  3.131E+00  0.000E+00  6.283E-01
  3.624E-01  5.931E-01  1.754E-04  3.044E+00  0.000E+00  6.283E-01
  5.931E-01  9.708E-01  1.800E-04  2.886E+00  0.000E+00  6.283E-01
  9.708E-01  1.589E+00  1.473E-04  2.762E+00  0.000E+00  6.283E-01
  1.589E+00  2.601E+00  9.702E-05  2.784E+00  0.000E+00  6.283E-01
  2.601E+00  4.257E+00  5.316E-05  2.833E+00  0.000E+00  6.283E-01
  4.257E+00  6.967E+00  2.638E-05  2.731E+00  0.000E+00  6.283E-01
  6.967E+00  1.140E+01  1.085E-05  2.934E+00  0.000E+00  6.283E-01
  1.140E+01  1.866E+01  3.307E-06  2.620E+00  0.000E+00  6.283E-01
  1.866E+01  3.055E+01  6.456E-07  3.155E+00  0.000E+00  6.283E-01
  3.055E+01  5.000E+01  3.527E-08  4.427E+00  0.000E+00  6.283E-01
  5.000E+01  5.000E+01  0.000E+00  0.000E+00  0.000E+00  6.283E-01

 # Block n:            2    0.628318548      :   1.25663710    
  1.000E-09  1.637E-09  0.000E+00  0.000E+00  6.283E-01  1.257E+00
  1.637E-09  2.679E-09  0.000E+00  0.000E+00  6.283E-01  1.257E+00
  2.679E-09  4.385E-09  0.000E+00  0.000E+00  6.283E-01  1.257E+00
  4.385E-09  7.177E-09  0.000E+00  0.000E+00  6.283E-01  1.257E+00
  7.177E-09  1.175E-08  0.000E+00  0.000E+00  6.283E-01  1.257E+00
  1.175E-08  1.923E-08  0.000E+00  0.000E+00  6.283E-01  1.257E+00
  1.923E-08  3.147E-08  0.000E+00  0.000E+00  6.283E-01  1.257E+00
  3.147E-08  5.150E-08  0.000E+00  0.000E+00  6.283E-01  1.257E+00
  5.150E-08  8.430E-08  0.000E+00  0.000E+00  6.283E-01  1.257E+00
  8.430E-08  1.380E-07  0.000E+00  0.000E+00  6.283E-01  1.257E+00
  1.380E-07  2.258E-07  0.000E+00  0.000E+00  6.283E-01  1.257E+00
  2.258E-07  3.696E-07  0.000E+00  0.000E+00  6.283E-01  1.257E+00
  3.696E-07  6.050E-07  0.000E+00  0.000E+00  6.283E-01  1.257E+00
  6.050E-07  9.902E-07  0.000E+00  0.000E+00  6.283E-01  1.257E+00
  9.902E-07  1.621E-06  0.000E+00  0.000E+00  6.283E-01  1.257E+00
  1.621E-06  2.653E-06  0.000E+00  0.000E+00  6.283E-01  1.257E+00
  2.653E-06  4.342E-06  0.000E+00  0.000E+00  6.283E-01  1.257E+00
  4.342E-06  7.106E-06  0.000E+00  0.000E+00  6.283E-01  1.257E+00
  7.106E-06  1.163E-05  0.000E+00  0.000E+00  6.283E-01  1.257E+00
  1.163E-05  1.904E-05  0.000E+00  0.000E+00  6.283E-01  1.257E+00
  1.904E-05  3.116E-05  0.000E+00  0.000E+00  6.283E-01  1.257E+00
  3.116E-05  5.100E-05  0.000E+00  0.000E+00  6.283E-01  1.257E+00
  5.100E-05  8.347E-05  0.000E+00  0.000E+00  6.283E-01  1.257E+00
  8.347E-05  1.366E-04  0.000E+00  0.000E+00  6.283E-01  1.257E+00
  1.366E-04  2.236E-04  0.000E+00  0.000E+00  6.283E-01  1.257E+00
  2.236E-04  3.660E-04  0.000E+00  0.000E+00  6.283E-01  1.257E+00
  3.660E-04  5.990E-04  1.366E-05  7.638E+01  6.283E-01  1.257E+00
  5.990E-04  9.804E-04  0.000E+00  0.000E+00  6.283E-01  1.257E+00
  9.804E-04  1.605E-03  2.549E-06  9.027E+01  6.283E-01  1.257E+00
  1.605E-03  2.627E-03  4.673E-06  6.743E+01  6.283E-01  1.257E+00
  2.627E-03  4.299E-03  5.710E-06  3.469E+01  6.283E-01  1.257E+00
  4.299E-03  7.036E-03  7.559E-06  2.640E+01  6.283E-01  1.257E+00
  7.036E-03  1.152E-02  8.526E-06  2.595E+01  6.283E-01  1.257E+00
  1.152E-02  1.885E-02  1.801E-05  1.308E+01  6.283E-01  1.257E+00
  1.885E-02  3.085E-02  2.758E-05  6.264E+00  6.283E-01  1.257E+00
  3.085E-02  5.050E-02  3.994E-05  5.240E+00  6.283E-01  1.257E+00
  5.050E-02  8.265E-02  4.742E-05  5.230E+00  6.283E-01  1.257E+00
  8.265E-02  1.353E-01  5.928E-05  2.851E+00  6.283E-01  1.257E+00
  1.353E-01  2.214E-01  8.027E-05  2.845E+00  6.283E-01  1.257E+00
  2.214E-01  3.624E-01  9.781E-05  3.037E+00  6.283E-01  1.257E+00
  3.624E-01  5.931E-01  8.549E-05  2.937E+00  6.283E-01  1.257E+00
  5.931E-01  9.708E-01  4.736E-05  3.236E+00  6.283E-01  1.257E+00
  9.708E-01  1.589E+00  1.400E-05  3.235E+00  6.283E-01  1.257E+00
  1.589E+00  2.601E+00  1.872E-06  3.117E+00  6.283E-01  1.257E+00
  2.601E+00  4.257E+00  7.208E-08  6.728E+00  6.283E-01  1.257E+00
  4.257E+00  6.967E+00  5.872E-10  9.027E+01  6.283E-01  1.257E+00
  6.967E+00  1.140E+01  0.000E+00  0.000E+00  6.283E-01  1.257E+00
  1.140E+01  1.866E+01  0.000E+00  0.000E+00  6.283E-01  1.257E+00
  1.866E+01  3.055E+01  0.000E+00  0.000E+00  6.283E-01  1.257E+00
  3.055E+01  5.000E+01  0.000E+00  0.000E+00  6.283E-01  1.257E+00
  5.000E+01  5.000E+01  0.000E+00  0.000E+00  6.283E-01  1.257E+00

 # Block n:            3     1.25663710      :   1.88495564    
  1.000E-09  1.637E-09  0.000E+00  0.000E+00  1.257E+00  1.885E+00
  1.637E-09  2.679E-09  0.000E+00  0.000E+00  1.257E+00  1.885E+00
  2.679E-09  4.385E-09  0.000E+00  0.000E+00  1.257E+00  1.885E+00
  4.385E-09  7.177E-09  0.000E+00  0.000E+00  1.257E+00  1.885E+00
  7.177E-09  1.175E-08  0.000E+00  0.000E+00  1.257E+00  1.885E+00
  1.175E-08  1.923E-08  0.000E+00  0.000E+00  1.257E+00  1.885E+00
  1.923E-08  3.147E-08  0.000E+00  0.000E+00  1.257E+00  1.885E+00
  3.147E-08  5.150E-08  0.000E+00  0.000E+00  1.257E+00  1.885E+00
  5.150E-08  8.430E-08  0.000E+00  0.000E+00  1.257E+00  1.885E+00
  8.430E-08  1.380E-07  0.000E+00  0.000E+00  1.257E+00  1.885E+00
  1.380E-07  2.258E-07  0.000E+00  0.000E+00  1.257E+00  1.885E+00
  2.258E-07  3.696E-07  0.000E+00  0.000E+00  1.257E+00  1.885E+00
  3.696E-07  6.050E-07  0.000E+00  0.000E+00  1.257E+00  1.885E+00
  6.050E-07  9.902E-07  0.000E+00  0.000E+00  1.257E+00  1.885E+00
  9.902E-07  1.621E-06  0.000E+00  0.000E+00  1.257E+00  1.885E+00
  1.621E-06  2.653E-06  0.000E+00  0.000E+00  1.257E+00  1.885E+00
  2.653E-06  4.342E-06  0.000E+00  0.000E+00  1.257E+00  1.885E+00
  4.342E-06  7.106E-06  0.000E+00  0.000E+00  1.257E+00  1.885E+00
  7.106E-06  1.163E-05  0.000E+00  0.000E+00  1.257E+00  1.885E+00
  1.163E-05  1.904E-05  0.000E+00  0.000E+00  1.257E+00  1.885E+00
  1.904E-05  3.116E-05  0.000E+00  0.000E+00  1.257E+00  1.885E+00
  3.116E-05  5.100E-05  0.000E+00  0.000E+00  1.257E+00  1.885E+00
  5.100E-05  8.347E-05  0.000E+00  0.000E+00  1.257E+00  1.885E+00
  8.347E-05  1.366E-04  0.000E+00  0.000E+00  1.257E+00  1.885E+00
  1.366E-04  2.236E-04  0.000E+00  0.000E+00  1.257E+00  1.885E+00
  2.236E-04  3.660E-04  0.000E+00  0.000E+00  1.257E+00  1.885E+00
  3.660E-04  5.990E-04  6.830E-06  9.900E+01  1.257E+00  1.885E+00
  5.990E-04  9.804E-04  8.345E-06  5.932E+01  1.257E+00  1.885E+00
  9.804E-04  1.605E-03  5.099E-06  6.838E+01  1.257E+00  1.885E+00
  1.605E-03  2.627E-03  6.230E-06  3.864E+01  1.257E+00  1.885E+00
  2.627E-03  4.299E-03  4.758E-06  5.611E+01  1.257E+00  1.885E+00
  4.299E-03  7.036E-03  1.047E-05  2.428E+01  1.257E+00  1.885E+00
  7.036E-03  1.152E-02  7.815E-06  1.745E+01  1.257E+00  1.885E+00
  1.152E-02  1.885E-02  1.801E-05  7.631E+00  1.257E+00  1.885E+00
  1.885E-02  3.085E-02  2.546E-05  8.451E+00  1.257E+00  1.885E+00
  3.085E-02  5.050E-02  3.921E-05  7.752E+00  1.257E+00  1.885E+00
  5.050E-02  8.265E-02  4.401E-05  4.611E+00  1.257E+00  1.885E+00
  8.265E-02  1.353E-01  5.465E-05  4.034E+00  1.257E+00  1.885E+00
  1.353E-01  2.214E-01  6.256E-05  3.280E+00  1.257E+00  1.885E+00
  2.214E-01  3.624E-01  6.617E-05  3.120E+00  1.257E+00  1.885E+00
  3.624E-01  5.931E-01  4.380E-05  2.514E+00  1.257E+00  1.885E+00
  5.931E-01  9.708E-01  1.732E-05  2.790E+00  1.257E+00  1.885E+00
  9.708E-01  1.589E+00  3.056E-06  5.072E+00  1.257E+00  1.885E+00
  1.589E+00  2.601E+00  1.667E-07  1.077E+01  1.257E+00  1.885E+00
  2.601E+00  4.257E+00  2.883E-09  5.481E+01  1.257E+00  1.885E+00
  4.257E+00  6.967E+00  0.000E+00  0.000E+00  1.257E+00  1.885E+00
  6.967E+00  1.140E+01  0.000E+00  0.000E+00  1.257E+00  1.885E+00
  1.140E+01  1.866E+01  0.000E+00  0.000E+00  1.257E+00  1.885E+00
  1.866E+01  3.055E+01  0.000E+00  0.000E+00  1.257E+00  1.885E+00
  3.055E+01  5.000E+01  0.000E+00  0.000E+00  1.257E+00  1.885E+00
  5.000E+01  5.000E+01  0.000E+00  0.000E+00  1.257E+00  1.885E+00

 # Block n:            4     1.88495564      :   2.51327419    
  1.000E-09  1.637E-09  0.000E+00  0.000E+00  1.885E+00  2.513E+00
  1.637E-09  2.679E-09  0.000E+00  0.000E+00  1.885E+00  2.513E+00
  2.679E-09  4.385E-09  0.000E+00  0.000E+00  1.885E+00  2.513E+00
  4.385E-09  7.177E-09  0.000E+00  0.000E+00  1.885E+00  2.513E+00
  7.177E-09  1.175E-08  0.000E+00  0.000E+00  1.885E+00  2.513E+00
  1.175E-08  1.923E-08  0.000E+00  0.000E+00  1.885E+00  2.513E+00
  1.923E-08  3.147E-08  0.000E+00  0.000E+00  1.885E+00  2.513E+00
  3.147E-08  5.150E-08  0.000E+00  0.000E+00  1.885E+00  2.513E+00
  5.150E-08  8.430E-08  0.000E+00  0.000E+00  1.885E+00  2.513E+00
  8.430E-08  1.380E-07  0.000E+00  0.000E+00  1.885E+00  2.513E+00
  1.380E-07  2.258E-07  0.000E+00  0.000E+00  1.885E+00  2.513E+00
  2.258E-07  3.696E-07  0.000E+00  0.000E+00  1.885E+00  2.513E+00
  3.696E-07  6.050E-07  0.000E+00  0.000E+00  1.885E+00  2.513E+00
  6.050E-07  9.902E-07  0.000E+00  0.000E+00  1.885E+00  2.513E+00
  9.902E-07  1.621E-06  0.000E+00  0.000E+00  1.885E+00  2.513E+00
  1.621E-06  2.653E-06  0.000E+00  0.000E+00  1.885E+00  2.513E+00
  2.653E-06  4.342E-06  0.000E+00  0.000E+00  1.885E+00  2.513E+00
  4.342E-06  7.106E-06  0.000E+00  0.000E+00  1.885E+00  2.513E+00
  7.106E-06  1.163E-05  0.000E+00  0.000E+00  1.885E+00  2.513E+00
  1.163E-05  1.904E-05  0.000E+00  0.000E+00  1.885E+00  2.513E+00
  1.904E-05  3.116E-05  0.000E+00  0.000E+00  1.885E+00  2.513E+00
  3.116E-05  5.100E-05  8.022E-05  9.027E+01  1.885E+00  2.513E+00
  5.100E-05  8.347E-05  0.000E+00  0.000E+00  1.885E+00  2.513E+00
  8.347E-05  1.366E-04  0.000E+00  0.000E+00  1.885E+00  2.513E+00
  1.366E-04  2.236E-04  0.000E+00  0.000E+00  1.885E+00  2.513E+00
  2.236E-04  3.660E-04  0.000E+00  0.000E+00  1.885E+00  2.513E+00
  3.660E-04  5.990E-04  6.830E-06  9.027E+01  1.885E+00  2.513E+00
  5.990E-04  9.804E-04  4.173E-06  9.900E+01  1.885E+00  2.513E+00
  9.804E-04  1.605E-03  5.099E-06  6.838E+01  1.885E+00  2.513E+00
  1.605E-03  2.627E-03  4.673E-06  5.481E+01  1.885E+00  2.513E+00
  2.627E-03  4.299E-03  9.516E-06  2.152E+01  1.885E+00  2.513E+00
  4.299E-03  7.036E-03  8.140E-06  1.816E+01  1.885E+00  2.513E+00
  7.036E-03  1.152E-02  6.039E-06  2.733E+01  1.885E+00  2.513E+00
  1.152E-02  1.885E-02  1.975E-05  1.130E+01  1.885E+00  2.513E+00
  1.885E-02  3.085E-02  2.586E-05  5.506E+00  1.885E+00  2.513E+00
  3.085E-02  5.050E-02  3.532E-05  5.570E+00  1.885E+00  2.513E+00
  5.050E-02  8.265E-02  4.410E-05  3.497E+00  1.885E+00  2.513E+00
  8.265E-02  1.353E-01  4.854E-05  3.525E+00  1.885E+00  2.513E+00
  1.353E-01  2.214E-01  5.111E-05  2.739E+00  1.885E+00  2.513E+00
  2.214E-01  3.624E-01  4.467E-05  3.522E+00  1.885E+00  2.513E+00
  3.624E-01  5.931E-01  2.508E-05  2.342E+00  1.885E+00  2.513E+00
  5.931E-01  9.708E-01  7.316E-06  3.320E+00  1.885E+00  2.513E+00
  9.708E-01  1.589E+00  8.162E-07  4.642E+00  1.885E+00  2.513E+00
  1.589E+00  2.601E+00  1.888E-08  3.737E+01  1.885E+00  2.513E+00
  2.601E+00  4.257E+00  0.000E+00  0.000E+00  1.885E+00  2.513E+00
  4.257E+00  6.967E+00  0.000E+00  0.000E+00  1.885E+00  2.513E+00
  6.967E+00  1.140E+01  0.000E+00  0.000E+00  1.885E+00  2.513E+00
  1.140E+01  1.866E+01  0.000E+00  0.000E+00  1.885E+00  2.513E+00
  1.866E+01  3.055E+01  0.000E+00  0.000E+00  1.885E+00  2.513E+00
  3.055E+01  5.000E+01  0.000E+00  0.000E+00  1.885E+00  2.513E+00
  5.000E+01  5.000E+01  0.000E+00  0.000E+00  1.885E+00  2.513E+00

 # Block n:            5     2.51327419      :   3.14159274    
  1.000E-09  1.637E-09  0.000E+00  0.000E+00  2.513E+00  3.142E+00
  1.637E-09  2.679E-09  0.000E+00  0.000E+00  2.513E+00  3.142E+00
  2.679E-09  4.385E-09  0.000E+00  0.000E+00  2.513E+00  3.142E+00
  4.385E-09  7.177E-09  0.000E+00  0.000E+00  2.513E+00  3.142E+00
  7.177E-09  1.175E-08  0.000E+00  0.000E+00  2.513E+00  3.142E+00
  1.175E-08  1.923E-08  0.000E+00  0.000E+00  2.513E+00  3.142E+00
  1.923E-08  3.147E-08  0.000E+00  0.000E+00  2.513E+00  3.142E+00
  3.147E-08  5.150E-08  0.000E+00  0.000E+00  2.513E+00  3.142E+00
  5.150E-08  8.430E-08  0.000E+00  0.000E+00  2.513E+00  3.142E+00
  8.430E-08  1.380E-07  0.000E+00  0.000E+00  2.513E+00  3.142E+00
  1.380E-07  2.258E-07  0.000E+00  0.000E+00  2.513E+00  3.142E+00
  2.258E-07  3.696E-07  0.000E+00  0.000E+00  2.513E+00  3.142E+00
  3.696E-07  6.050E-07  0.000E+00  0.000E+00  2.513E+00  3.142E+00
  6.050E-07  9.902E-07  0.000E+00  0.000E+00  2.513E+00  3.142E+00
  9.902E-07  1.621E-06  0.000E+00  0.000E+00  2.513E+00  3.142E+00
  1.621E-06  2.653E-06  0.000E+00  0.000E+00  2.513E+00  3.142E+00
  2.653E-06  4.342E-06  0.000E+00  0.000E+00  2.513E+00  3.142E+00
  4.342E-06  7.106E-06  0.000E+00  0.000E+00  2.513E+00  3.142E+00
  7.106E-06  1.163E-05  0.000E+00  0.000E+00  2.513E+00  3.142E+00
  1.163E-05  1.904E-05  0.000E+00  0.000E+00  2.513E+00  3.142E+00
  1.904E-05  3.116E-05  0.000E+00  0.000E+00  2.513E+00  3.142E+00
  3.116E-05  5.100E-05  0.000E+00  0.000E+00  2.513E+00  3.142E+00
  5.100E-05  8.347E-05  0.000E+00  0.000E+00  2.513E+00  3.142E+00
  8.347E-05  1.366E-04  0.000E+00  0.000E+00  2.513E+00  3.142E+00
  1.366E-04  2.236E-04  0.000E+00  0.000E+00  2.513E+00  3.142E+00
  2.236E-04  3.660E-04  1.118E-05  9.027E+01  2.513E+00  3.142E+00
  3.660E-04  5.990E-04  6.830E-06  9.900E+01  2.513E+00  3.142E+00
  5.990E-04  9.804E-04  0.000E+00  0.000E+00  2.513E+00  3.142E+00
  9.804E-04  1.605E-03  2.549E-06  9.027E+01  2.513E+00  3.142E+00
  1.605E-03  2.627E-03  4.673E-06  4.990E+01  2.513E+00  3.142E+00
  2.627E-03  4.299E-03  4.758E-06  4.082E+01  2.513E+00  3.142E+00
  4.299E-03  7.036E-03  1.047E-05  2.146E+01  2.513E+00  3.142E+00
  7.036E-03  1.152E-02  7.815E-06  2.183E+01  2.513E+00  3.142E+00
  1.152E-02  1.885E-02  1.411E-05  1.942E+01  2.513E+00  3.142E+00
  1.885E-02  3.085E-02  2.639E-05  7.063E+00  2.513E+00  3.142E+00
  3.085E-02  5.050E-02  3.281E-05  5.511E+00  2.513E+00  3.142E+00
  5.050E-02  8.265E-02  4.029E-05  4.513E+00  2.513E+00  3.142E+00
  8.265E-02  1.353E-01  4.273E-05  3.970E+00  2.513E+00  3.142E+00
  1.353E-01  2.214E-01  3.877E-05  1.446E+00  2.513E+00  3.142E+00
  2.214E-01  3.624E-01  3.040E-05  3.033E+00  2.513E+00  3.142E+00
  3.624E-01  5.931E-01  1.507E-05  2.789E+00  2.513E+00  3.142E+00
  5.931E-01  9.708E-01  3.375E-06  4.214E+00  2.513E+00  3.142E+00
  9.708E-01  1.589E+00  2.781E-07  8.181E+00  2.513E+00  3.142E+00
  1.589E+00  2.601E+00  1.573E-09  9.900E+01  2.513E+00  3.142E+00
  2.601E+00  4.257E+00  0.000E+00  0.000E+00  2.513E+00  3.142E+00
  4.257E+00  6.967E+00  0.000E+00  0.000E+00  2.513E+00  3.142E+00
  6.967E+00  1.140E+01  0.000E+00  0.000E+00  2.513E+00  3.142E+00
  1.140E+01  1.866E+01  0.000E+00  0.000E+00  2.513E+00  3.142E+00
  1.866E+01  3.055E+01  0.000E+00  0.000E+00  2.513E+00  3.142E+00
  3.055E+01  5.000E+01  0.000E+00  0.000E+00  2.513E+00  3.142E+00
  5.000E+01  5.000E+01  0.000E+00  0.000E+00  2.513E+00  3.142E+00

 # Block n:            6     3.14159274      :   3.76991129    
  1.000E-09  1.637E-09  0.000E+00  0.000E+00  3.142E+00  3.770E+00
  1.637E-09  2.679E-09  0.000E+00  0.000E+00  3.142E+00  3.770E+00
  2.679E-09  4.385E-09  0.000E+00  0.000E+00  3.142E+00  3.770E+00
  4.385E-09  7.177E-09  0.000E+00  0.000E+00  3.142E+00  3.770E+00
  7.177E-09  1.175E-08  0.000E+00  0.000E+00  3.142E+00  3.770E+00
  1.175E-08  1.923E-08  0.000E+00  0.000E+00  3.142E+00  3.770E+00
  1.923E-08  3.147E-08  0.000E+00  0.000E+00  3.142E+00  3.770E+00
  3.147E-08  5.150E-08  0.000E+00  0.000E+00  3.142E+00  3.770E+00
  5.150E-08  8.430E-08  0.000E+00  0.000E+00  3.142E+00  3.770E+00
  8.430E-08  1.380E-07  0.000E+00  0.000E+00  3.142E+00  3.770E+00
  1.380E-07  2.258E-07  0.000E+00  0.000E+00  3.142E+00  3.770E+00
  2.258E-07  3.696E-07  0.000E+00  0.000E+00  3.142E+00  3.770E+00
  3.696E-07  6.050E-07  0.000E+00  0.000E+00  3.142E+00  3.770E+00
  6.050E-07  9.902E-07  0.000E+00  0.000E+00  3.142E+00  3.770E+00
  9.902E-07  1.621E-06  0.000E+00  0.000E+00  3.142E+00  3.770E+00
  1.621E-06  2.653E-06  0.000E+00  0.000E+00  3.142E+00  3.770E+00
  2.653E-06  4.342E-06  0.000E+00  0.000E+00  3.142E+00  3.770E+00
  4.342E-06  7.106E-06  0.000E+00  0.000E+00  3.142E+00  3.770E+00
  7.106E-06  1.163E-05  0.000E+00  0.000E+00  3.142E+00  3.770E+00
  1.163E-05  1.904E-05  0.000E+00  0.000E+00  3.142E+00  3.770E+00
  1.904E-05  3.116E-05  0.000E+00  0.000E+00  3.142E+00  3.770E+00
  3.116E-05  5.100E-05  0.000E+00  0.000E+00  3.142E+00  3.770E+00
  5.100E-05  8.347E-05  0.000E+00  0.000E+00  3.142E+00  3.770E+00
  8.347E-05  1.366E-04  0.000E+00  0.000E+00  3.142E+00  3.770E+00
  1.366E-04  2.236E-04  0.000E+00  0.000E+00  3.142E+00  3.770E+00
  2.236E-04  3.660E-04  1.118E-05  9.900E+01  3.142E+00  3.770E+00
  3.660E-04  5.990E-04  0.000E+00  0.000E+00  3.142E+00  3.770E+00
  5.990E-04  9.804E-04  8.345E-06  6.838E+01  3.142E+00  3.770E+00
  9.804E-04  1.605E-03  7.648E-06  4.990E+01  3.142E+00  3.770E+00
  1.605E-03  2.627E-03  4.673E-06  4.990E+01  3.142E+00  3.770E+00
  2.627E-03  4.299E-03  5.710E-06  4.145E+01  3.142E+00  3.770E+00
  4.299E-03  7.036E-03  5.814E-06  2.805E+01  3.142E+00  3.770E+00
  7.036E-03  1.152E-02  1.030E-05  1.951E+01  3.142E+00  3.770E+00
  1.152E-02  1.885E-02  1.259E-05  9.929E+00  3.142E+00  3.770E+00
  1.885E-02  3.085E-02  2.161E-05  7.622E+00  3.142E+00  3.770E+00
  3.085E-02  5.050E-02  3.062E-05  5.857E+00  3.142E+00  3.770E+00
  5.050E-02  8.265E-02  3.485E-05  4.295E+00  3.142E+00  3.770E+00
  8.265E-02  1.353E-01  3.381E-05  3.285E+00  3.142E+00  3.770E+00
  1.353E-01  2.214E-01  3.045E-05  2.383E+00  3.142E+00  3.770E+00
  2.214E-01  3.624E-01  2.100E-05  2.978E+00  3.142E+00  3.770E+00
  3.624E-01  5.931E-01  8.939E-06  3.070E+00  3.142E+00  3.770E+00
  5.931E-01  9.708E-01  1.580E-06  7.631E+00  3.142E+00  3.770E+00
  9.708E-01  1.589E+00  6.179E-08  1.260E+01  3.142E+00  3.770E+00
  1.589E+00  2.601E+00  0.000E+00  0.000E+00  3.142E+00  3.770E+00
  2.601E+00  4.257E+00  0.000E+00  0.000E+00  3.142E+00  3.770E+00
  4.257E+00  6.967E+00  0.000E+00  0.000E+00  3.142E+00  3.770E+00
  6.967E+00  1.140E+01  0.000E+00  0.000E+00  3.142E+00  3.770E+00
  1.140E+01  1.866E+01  0.000E+00  0.000E+00  3.142E+00  3.770E+00
  1.866E+01  3.055E+01  0.000E+00  0.000E+00  3.142E+00  3.770E+00
  3.055E+01  5.000E+01  0.000E+00  0.000E+00  3.142E+00  3.770E+00
  5.000E+01  5.000E+01  0.000E+00  0.000E+00  3.142E+00  3.770E+00

 # Block n:            7     3.76991129      :   4.39822960    
  1.000E-09  1.637E-09  0.000E+00  0.000E+00  3.770E+00  4.398E+00
  1.637E-09  2.679E-09  0.000E+00  0.000E+00  3.770E+00  4.398E+00
  2.679E-09  4.385E-09  0.000E+00  0.000E+00  3.770E+00  4.398E+00
  4.385E-09  7.177E-09  0.000E+00  0.000E+00  3.770E+00  4.398E+00
  7.177E-09  1.175E-08  0.000E+00  0.000E+00  3.770E+00  4.398E+00
  1.175E-08  1.923E-08  0.000E+00  0.000E+00  3.770E+00  4.398E+00
  1.923E-08  3.147E-08  0.000E+00  0.000E+00  3.770E+00  4.398E+00
  3.147E-08  5.150E-08  0.000E+00  0.000E+00  3.770E+00  4.398E+00
  5.150E-08  8.430E-08  0.000E+00  0.000E+00  3.770E+00  4.398E+00
  8.430E-08  1.380E-07  0.000E+00  0.000E+00  3.770E+00  4.398E+00
  1.380E-07  2.258E-07  0.000E+00  0.000E+00  3.770E+00  4.398E+00
  2.258E-07  3.696E-07  0.000E+00  0.000E+00  3.770E+00  4.398E+00
  3.696E-07  6.050E-07  0.000E+00  0.000E+00  3.770E+00  4.398E+00
  6.050E-07  9.902E-07  0.000E+00  0.000E+00  3.770E+00  4.398E+00
  9.902E-07  1.621E-06  0.000E+00  0.000E+00  3.770E+00  4.398E+00
  1.621E-06  2.653E-06  0.000E+00  0.000E+00  3.770E+00  4.398E+00
  2.653E-06  4.342E-06  0.000E+00  0.000E+00  3.770E+00  4.398E+00
  4.342E-06  7.106E-06  0.000E+00  0.000E+00  3.770E+00  4.398E+00
  7.106E-06  1.163E-05  0.000E+00  0.000E+00  3.770E+00  4.398E+00
  1.163E-05  1.904E-05  0.000E+00  0.000E+00  3.770E+00  4.398E+00
  1.904E-05  3.116E-05  0.000E+00  0.000E+00  3.770E+00  4.398E+00
  3.116E-05  5.100E-05  0.000E+00  0.000E+00  3.770E+00  4.398E+00
  5.100E-05  8.347E-05  0.000E+00  0.000E+00  3.770E+00  4.398E+00
  8.347E-05  1.366E-04  0.000E+00  0.000E+00  3.770E+00  4.398E+00
  1.366E-04  2.236E-04  1.830E-05  9.027E+01  3.770E+00  4.398E+00
  2.236E-04  3.660E-04  0.000E+00  0.000E+00  3.770E+00  4.398E+00
  3.660E-04  5.990E-04  0.000E+00  0.000E+00  3.770E+00  4.398E+00
  5.990E-04  9.804E-04  0.000E+00  0.000E+00  3.770E+00  4.398E+00
  9.804E-04  1.605E-03  5.099E-06  5.932E+01  3.770E+00  4.398E+00
  1.605E-03  2.627E-03  6.230E-06  4.859E+01  3.770E+00  4.398E+00
  2.627E-03  4.299E-03  1.903E-06  7.638E+01  3.770E+00  4.398E+00
  4.299E-03  7.036E-03  4.070E-06  4.264E+01  3.770E+00  4.398E+00
  7.036E-03  1.152E-02  6.749E-06  2.303E+01  3.770E+00  4.398E+00
  1.152E-02  1.885E-02  1.346E-05  1.454E+01  3.770E+00  4.398E+00
  1.885E-02  3.085E-02  1.976E-05  5.321E+00  3.770E+00  4.398E+00
  3.085E-02  5.050E-02  2.544E-05  6.801E+00  3.770E+00  4.398E+00
  5.050E-02  8.265E-02  2.549E-05  2.415E+00  3.770E+00  4.398E+00
  8.265E-02  1.353E-01  2.507E-05  2.824E+00  3.770E+00  4.398E+00
  1.353E-01  2.214E-01  2.034E-05  3.066E+00  3.770E+00  4.398E+00
  2.214E-01  3.624E-01  1.398E-05  2.794E+00  3.770E+00  4.398E+00
  3.624E-01  5.931E-01  5.028E-06  3.647E+00  3.770E+00  4.398E+00
  5.931E-01  9.708E-01  7.038E-07  7.431E+00  3.770E+00  4.398E+00
  9.708E-01  1.589E+00  1.802E-08  3.537E+01  3.770E+00  4.398E+00
  1.589E+00  2.601E+00  0.000E+00  0.000E+00  3.770E+00  4.398E+00
  2.601E+00  4.257E+00  0.000E+00  0.000E+00  3.770E+00  4.398E+00
  4.257E+00  6.967E+00  0.000E+00  0.000E+00  3.770E+00  4.398E+00
  6.967E+00  1.140E+01  0.000E+00  0.000E+00  3.770E+00  4.398E+00
  1.140E+01  1.866E+01  0.000E+00  0.000E+00  3.770E+00  4.398E+00
  1.866E+01  3.055E+01  0.000E+00  0.000E+00  3.770E+00  4.398E+00
  3.055E+01  5.000E+01  0.000E+00  0.000E+00  3.770E+00  4.398E+00
  5.000E+01  5.000E+01  0.000E+00  0.000E+00  3.770E+00  4.398E+00

 # Block n:            8     4.39822960      :   5.02654839    
  1.000E-09  1.637E-09  0.000E+00  0.000E+00  4.398E+00  5.027E+00
  1.637E-09  2.679E-09  0.000E+00  0.000E+00  4.398E+00  5.027E+00
  2.679E-09  4.385E-09  0.000E+00  0.000E+00  4.398E+00  5.027E+00
  4.385E-09  7.177E-09  0.000E+00  0.000E+00  4.398E+00  5.027E+00
  7.177E-09  1.175E-08  0.000E+00  0.000E+00  4.398E+00  5.027E+00
  1.175E-08  1.923E-08  0.000E+00  0.000E+00  4.398E+00  5.027E+00
  1.923E-08  3.147E-08  0.000E+00  0.000E+00  4.398E+00  5.027E+00
  3.147E-08  5.150E-08  0.000E+00  0.000E+00  4.398E+00  5.027E+00
  5.150E-08  8.430E-08  0.000E+00  0.000E+00  4.398E+00  5.027E+00
  8.430E-08  1.380E-07  0.000E+00  0.000E+00  4.398E+00  5.027E+00
  1.380E-07  2.258E-07  0.000E+00  0.000E+00  4.398E+00  5.027E+00
  2.258E-07  3.696E-07  0.000E+00  0.000E+00  4.398E+00  5.027E+00
  3.696E-07  6.050E-07  0.000E+00  0.000E+00  4.398E+00  5.027E+00
  6.050E-07  9.902E-07  0.000E+00  0.000E+00  4.398E+00  5.027E+00
  9.902E-07  1.621E-06  0.000E+00  0.000E+00  4.398E+00  5.027E+00
  1.621E-06  2.653E-06  0.000E+00  0.000E+00  4.398E+00  5.027E+00
  2.653E-06  4.342E-06  0.000E+00  0.000E+00  4.398E+00  5.027E+00
  4.342E-06  7.106E-06  0.000E+00  0.000E+00  4.398E+00  5.027E+00
  7.106E-06  1.163E-05  0.000E+00  0.000E+00  4.398E+00  5.027E+00
  1.163E-05  1.904E-05  0.000E+00  0.000E+00  4.398E+00  5.027E+00
  1.904E-05  3.116E-05  0.000E+00  0.000E+00  4.398E+00  5.027E+00
  3.116E-05  5.100E-05  0.000E+00  0.000E+00  4.398E+00  5.027E+00
  5.100E-05  8.347E-05  0.000E+00  0.000E+00  4.398E+00  5.027E+00
  8.347E-05  1.366E-04  2.995E-05  9.027E+01  4.398E+00  5.027E+00
  1.366E-04  2.236E-04  0.000E+00  0.000E+00  4.398E+00  5.027E+00
  2.236E-04  3.660E-04  1.118E-05  9.900E+01  4.398E+00  5.027E+00
  3.660E-04  5.990E-04  6.830E-06  9.900E+01  4.398E+00  5.027E+00
  5.990E-04  9.804E-04  4.173E-06  9.027E+01  4.398E+00  5.027E+00
  9.804E-04  1.605E-03  2.549E-06  9.027E+01  4.398E+00  5.027E+00
  1.605E-03  2.627E-03  1.558E-06  9.027E+01  4.398E+00  5.027E+00
  2.627E-03  4.299E-03  2.855E-06  4.990E+01  4.398E+00  5.027E+00
  4.299E-03  7.036E-03  5.814E-06  2.805E+01  4.398E+00  5.027E+00
  7.036E-03  1.152E-02  3.908E-06  2.311E+01  4.398E+00  5.027E+00
  1.152E-02  1.885E-02  8.030E-06  2.300E+01  4.398E+00  5.027E+00
  1.885E-02  3.085E-02  1.366E-05  1.574E+01  4.398E+00  5.027E+00
  3.085E-02  5.050E-02  2.204E-05  3.519E+00  4.398E+00  5.027E+00
  5.050E-02  8.265E-02  2.331E-05  6.449E+00  4.398E+00  5.027E+00
  8.265E-02  1.353E-01  1.833E-05  5.119E+00  4.398E+00  5.027E+00
  1.353E-01  2.214E-01  1.308E-05  4.157E+00  4.398E+00  5.027E+00
  2.214E-01  3.624E-01  7.541E-06  3.723E+00  4.398E+00  5.027E+00
  3.624E-01  5.931E-01  2.697E-06  6.112E+00  4.398E+00  5.027E+00
  5.931E-01  9.708E-01  3.161E-07  7.536E+00  4.398E+00  5.027E+00
  9.708E-01  1.589E+00  2.575E-09  9.900E+01  4.398E+00  5.027E+00
  1.589E+00  2.601E+00  0.000E+00  0.000E+00  4.398E+00  5.027E+00
  2.601E+00  4.257E+00  0.000E+00  0.000E+00  4.398E+00  5.027E+00
  4.257E+00  6.967E+00  0.000E+00  0.000E+00  4.398E+00  5.027E+00
  6.967E+00  1.140E+01  0.000E+00  0.000E+00  4.398E+00  5.027E+00
  1.140E+01  1.866E+01  0.000E+00  0.000E+00  4.398E+00  5.027E+00
  1.866E+01  3.055E+01  0.000E+00  0.000E+00  4.398E+00  5.027E+00
  3.055E+01  5.000E+01  0.000E+00  0.000E+00  4.398E+00  5.027E+00
  5.000E+01  5.000E+01  0.000E+00  0.000E+00  4.398E+00  5.027E+00

 # Block n:            9     5.02654839      :   5.65486717    
  1.000E-09  1.637E-09  0.000E+00  0.000E+00  5.027E+00  5.655E+00
  1.637E-09  2.679E-09  0.000E+00  0.000E+00  5.027E+00  5.655E+00
  2.679E-09  4.385E-09  0.000E+00  0.000E+00  5.027E+00  5.655E+00
  4.385E-09  7.177E-09  0.000E+00  0.000E+00  5.027E+00  5.655E+00
  7.177E-09  1.175E-08  0.000E+00  0.000E+00  5.027E+00  5.655E+00
  1.175E-08  1.923E-08  0.000E+00  0.000E+00  5.027E+00  5.655E+00
  1.923E-08  3.147E-08  0.000E+00  0.000E+00  5.027E+00  5.655E+00
  3.147E-08  5.150E-08  0.000E+00  0.000E+00  5.027E+00  5.655E+00
  5.150E-08  8.430E-08  0.000E+00  0.000E+00  5.027E+00  5.655E+00
  8.430E-08  1.380E-07  0.000E+00  0.000E+00  5.027E+00  5.655E+00
  1.380E-07  2.258E-07  0.000E+00  0.000E+00  5.027E+00  5.655E+00
  2.258E-07  3.696E-07  0.000E+00  0.000E+00  5.027E+00  5.655E+00
  3.696E-07  6.050E-07  0.000E+00  0.000E+00  5.027E+00  5.655E+00
  6.050E-07  9.902E-07  0.000E+00  0.000E+00  5.027E+00  5.655E+00
  9.902E-07  1.621E-06  0.000E+00  0.000E+00  5.027E+00  5.655E+00
  1.621E-06  2.653E-06  0.000E+00  0.000E+00  5.027E+00  5.655E+00
  2.653E-06  4.342E-06  0.000E+00  0.000E+00  5.027E+00  5.655E+00
  4.342E-06  7.106E-06  0.000E+00  0.000E+00  5.027E+00  5.655E+00
  7.106E-06  1.163E-05  0.000E+00  0.000E+00  5.027E+00  5.655E+00
  1.163E-05  1.904E-05  0.000E+00  0.000E+00  5.027E+00  5.655E+00
  1.904E-05  3.116E-05  0.000E+00  0.000E+00  5.027E+00  5.655E+00
  3.116E-05  5.100E-05  0.000E+00  0.000E+00  5.027E+00  5.655E+00
  5.100E-05  8.347E-05  0.000E+00  0.000E+00  5.027E+00  5.655E+00
  8.347E-05  1.366E-04  0.000E+00  0.000E+00  5.027E+00  5.655E+00
  1.366E-04  2.236E-04  0.000E+00  0.000E+00  5.027E+00  5.655E+00
  2.236E-04  3.660E-04  0.000E+00  0.000E+00  5.027E+00  5.655E+00
  3.660E-04  5.990E-04  0.000E+00  0.000E+00  5.027E+00  5.655E+00
  5.990E-04  9.804E-04  0.000E+00  0.000E+00  5.027E+00  5.655E+00
  9.804E-04  1.605E-03  5.099E-06  6.838E+01  5.027E+00  5.655E+00
  1.605E-03  2.627E-03  3.115E-06  5.932E+01  5.027E+00  5.655E+00
  2.627E-03  4.299E-03  6.662E-06  2.955E+01  5.027E+00  5.655E+00
  4.299E-03  7.036E-03  5.814E-07  9.900E+01  5.027E+00  5.655E+00
  7.036E-03  1.152E-02  3.908E-06  2.899E+01  5.027E+00  5.655E+00
  1.152E-02  1.885E-02  4.992E-06  1.895E+01  5.027E+00  5.655E+00
  1.885E-02  3.085E-02  8.354E-06  1.066E+01  5.027E+00  5.655E+00
  3.085E-02  5.050E-02  1.191E-05  1.001E+01  5.027E+00  5.655E+00
  5.050E-02  8.265E-02  1.168E-05  5.485E+00  5.027E+00  5.655E+00
  8.265E-02  1.353E-01  1.001E-05  3.809E+00  5.027E+00  5.655E+00
  1.353E-01  2.214E-01  6.633E-06  6.073E+00  5.027E+00  5.655E+00
  2.214E-01  3.624E-01  4.245E-06  4.895E+00  5.027E+00  5.655E+00
  3.624E-01  5.931E-01  1.021E-06  9.871E+00  5.027E+00  5.655E+00
  5.931E-01  9.708E-01  5.057E-08  2.563E+01  5.027E+00  5.655E+00
  9.708E-01  1.589E+00  0.000E+00  0.000E+00  5.027E+00  5.655E+00
  1.589E+00  2.601E+00  0.000E+00  0.000E+00  5.027E+00  5.655E+00
  2.601E+00  4.257E+00  0.000E+00  0.000E+00  5.027E+00  5.655E+00
  4.257E+00  6.967E+00  0.000E+00  0.000E+00  5.027E+00  5.655E+00
  6.967E+00  1.140E+01  0.000E+00  0.000E+00  5.027E+00  5.655E+00
  1.140E+01  1.866E+01  0.000E+00  0.000E+00  5.027E+00  5.655E+00
  1.866E+01  3.055E+01  0.000E+00  0.000E+00  5.027E+00  5.655E+00
  3.055E+01  5.000E+01  0.000E+00  0.000E+00  5.027E+00  5.655E+00
  5.000E+01  5.000E+01  0.000E+00  0.000E+00  5.027E+00  5.655E+00

 # Block n:           10     5.65486717      :   6.28318548    
  1.000E-09  1.637E-09  0.000E+00  0.000E+00  5.655E+00  6.283E+00
  1.637E-09  2.679E-09  0.000E+00  0.000E+00  5.655E+00  6.283E+00
  2.679E-09  4.385E-09  0.000E+00  0.000E+00  5.655E+00  6.283E+00
  4.385E-09  7.177E-09  0.000E+00  0.000E+00  5.655E+00  6.283E+00
  7.177E-09  1.175E-08  0.000E+00  0.000E+00  5.655E+00  6.283E+00
  1.175E-08  1.923E-08  0.000E+00  0.000E+00  5.655E+00  6.283E+00
  1.923E-08  3.147E-08  0.000E+00  0.000E+00  5.655E+00  6.283E+00
  3.147E-08  5.150E-08  0.000E+00  0.000E+00  5.655E+00  6.283E+00
  5.150E-08  8.430E-08  0.000E+00  0.000E+00  5.655E+00  6.283E+00
  8.430E-08  1.380E-07  0.000E+00  0.000E+00  5.655E+00  6.283E+00
  1.380E-07  2.258E-07  0.000E+00  0.000E+00  5.655E+00  6.283E+00
  2.258E-07  3.696E-07  0.000E+00  0.000E+00  5.655E+00  6.283E+00
  3.696E-07  6.050E-07  0.000E+00  0.000E+00  5.655E+00  6.283E+00
  6.050E-07  9.902E-07  0.000E+00  0.000E+00  5.655E+00  6.283E+00
  9.902E-07  1.621E-06  0.000E+00  0.000E+00  5.655E+00  6.283E+00
  1.621E-06  2.653E-06  0.000E+00  0.000E+00  5.655E+00  6.283E+00
  2.653E-06  4.342E-06  0.000E+00  0.000E+00  5.655E+00  6.283E+00
  4.342E-06  7.106E-06  0.000E+00  0.000E+00  5.655E+00  6.283E+00
  7.106E-06  1.163E-05  0.000E+00  0.000E+00  5.655E+00  6.283E+00
  1.163E-05  1.904E-05  0.000E+00  0.000E+00  5.655E+00  6.283E+00
  1.904E-05  3.116E-05  0.000E+00  0.000E+00  5.655E+00  6.283E+00
  3.116E-05  5.100E-05  0.000E+00  0.000E+00  5.655E+00  6.283E+00
  5.100E-05  8.347E-05  0.000E+00  0.000E+00  5.655E+00  6.283E+00
  8.347E-05  1.366E-04  0.000E+00  0.000E+00  5.655E+00  6.283E+00
  1.366E-04  2.236E-04  0.000E+00  0.000E+00  5.655E+00  6.283E+00
  2.236E-04  3.660E-04  0.000E+00  0.000E+00  5.655E+00  6.283E+00
  3.660E-04  5.990E-04  0.000E+00  0.000E+00  5.655E+00  6.283E+00
  5.990E-04  9.804E-04  0.000E+00  0.000E+00  5.655E+00  6.283E+00
  9.804E-04  1.605E-03  0.000E+00  0.000E+00  5.655E+00  6.283E+00
  1.605E-03  2.627E-03  0.000E+00  0.000E+00  5.655E+00  6.283E+00
  2.627E-03  4.299E-03  1.903E-06  6.838E+01  5.655E+00  6.283E+00
  4.299E-03  7.036E-03  1.163E-06  6.838E+01  5.655E+00  6.283E+00
  7.036E-03  1.152E-02  1.421E-06  5.422E+01  5.655E+00  6.283E+00
  1.152E-02  1.885E-02  1.519E-06  2.615E+01  5.655E+00  6.283E+00
  1.885E-02  3.085E-02  2.785E-06  2.471E+01  5.655E+00  6.283E+00
  3.085E-02  5.050E-02  3.565E-06  8.660E+00  5.655E+00  6.283E+00
  5.050E-02  8.265E-02  4.653E-06  8.104E+00  5.655E+00  6.283E+00
  8.265E-02  1.353E-01  3.024E-06  1.307E+01  5.655E+00  6.283E+00
  1.353E-01  2.214E-01  1.681E-06  1.277E+01  5.655E+00  6.283E+00
  2.214E-01  3.624E-01  1.027E-06  1.148E+01  5.655E+00  6.283E+00
  3.624E-01  5.931E-01  2.621E-07  1.645E+01  5.655E+00  6.283E+00
  5.931E-01  9.708E-01  4.214E-09  9.027E+01  5.655E+00  6.283E+00
  9.708E-01  1.589E+00  0.000E+00  0.000E+00  5.655E+00  6.283E+00
  1.589E+00  2.601E+00  0.000E+00  0.000E+00  5.655E+00  6.283E+00
  2.601E+00  4.257E+00  0.000E+00  0.000E+00  5.655E+00  6.283E+00
  4.257E+00  6.967E+00  0.000E+00  0.000E+00  5.655E+00  6.283E+00
  6.967E+00  1.140E+01  0.000E+00  0.000E+00  5.655E+00  6.283E+00
  1.140E+01  1.866E+01  0.000E+00  0.000E+00  5.655E+00  6.283E+00
  1.866E+01  3.055E+01  0.000E+00  0.000E+00  5.655E+00  6.283E+00
  3.055E+01  5.000E+01  0.000E+00  0.000E+00  5.655E+00  6.283E+00
  5.000E+01  5.000E+01  0.000E+00  0.000E+00  5.655E+00  6.283E+00

  1.000E-09  1.000E-09  0.000E+00  0.000E+00  6.283E+00  6.283E+00
  1.637E-09  1.637E-09  0.000E+00  0.000E+00  6.283E+00  6.283E+00
  2.679E-09  2.679E-09  0.000E+00  0.000E+00  6.283E+00  6.283E+00
  4.385E-09  4.385E-09  0.000E+00  0.000E+00  6.283E+00  6.283E+00
  7.177E-09  7.177E-09  0.000E+00  0.000E+00  6.283E+00  6.283E+00
  1.175E-08  1.175E-08  0.000E+00  0.000E+00  6.283E+00  6.283E+00
  1.923E-08  1.923E-08  0.000E+00  0.000E+00  6.283E+00  6.283E+00
  3.147E-08  3.147E-08  0.000E+00  0.000E+00  6.283E+00  6.283E+00
  5.150E-08  5.150E-08  0.000E+00  0.000E+00  6.283E+00  6.283E+00
  8.430E-08  8.430E-08  0.000E+00  0.000E+00  6.283E+00  6.283E+00
  1.380E-07  1.380E-07  0.000E+00  0.000E+00  6.283E+00  6.283E+00
  2.258E-07  2.258E-07  0.000E+00  0.000E+00  6.283E+00  6.283E+00
  3.696E-07  3.696E-07  0.000E+00  0.000E+00  6.283E+00  6.283E+00
  6.050E-07  6.050E-07  0.000E+00  0.000E+00  6.283E+00  6.283E+00
  9.902E-07  9.902E-07  0.000E+00  0.000E+00  6.283E+00  6.283E+00
  1.621E-06  1.621E-06  0.000E+00  0.000E+00  6.283E+00  6.283E+00
  2.653E-06  2.653E-06  0.000E+00  0.000E+00  6.283E+00  6.283E+00
  4.342E-06  4.342E-06  0.000E+00  0.000E+00  6.283E+00  6.283E+00
  7.106E-06  7.106E-06  0.000E+00  0.000E+00  6.283E+00  6.283E+00
  1.163E-05  1.163E-05  0.000E+00  0.000E+00  6.283E+00  6.283E+00
  1.904E-05  1.904E-05  0.000E+00  0.000E+00  6.283E+00  6.283E+00
  3.116E-05  3.116E-05  0.000E+00  0.000E+00  6.283E+00  6.283E+00
  5.100E-05  5.100E-05  0.000E+00  0.000E+00  6.283E+00  6.283E+00
  8.347E-05  8.347E-05  0.000E+00  0.000E+00  6.283E+00  6.283E+00
  1.366E-04  1.366E-04  0.000E+00  0.000E+00  6.283E+00  6.283E+00
  2.236E-04  2.236E-04  0.000E+00  0.000E+00  6.283E+00  6.283E+00
  3.660E-04  3.660E-04  0.000E+00  0.000E+00  6.283E+00  6.283E+00
  5.990E-04  5.990E-04  0.000E+00  0.000E+00  6.283E+00  6.283E+00
  9.804E-04  9.804E-04  0.000E+00  0.000E+00  6.283E+00  6.283E+00
  1.605E-03  1.605E-03  0.000E+00  0.000E+00  6.283E+00  6.283E+00
  2.627E-03  2.627E-03  0.000E+00  0.000E+00  6.283E+00  6.283E+00
  4.299E-03  4.299E-03  0.000E+00  0.000E+00  6.283E+00  6.283E+00
  7.036E-03  7.036E-03  0.000E+00  0.000E+00  6.283E+00  6.283E+00
  1.152E-02  1.152E-02  0.000E+00  0.000E+00  6.283E+00  6.283E+00
  1.885E-02  1.885E-02  0.000E+00  0.000E+00  6.283E+00  6.283E+00
  3.085E-02  3.085E-02  0.000E+00  0.000E+00  6.283E+00  6.283E+00
  5.050E-02  5.050E-02  0.000E+00  0.000E+00  6.283E+00  6.283E+00
  8.265E-02  8.265E-02  0.000E+00  0.000E+00  6.283E+00  6.283E+00
  1.353E-01  1.353E-01  0.000E+00  0.000E+00  6.283E+00  6.283E+00
  2.214E-01  2.214E-01  0.000E+00  0.000E+00  6.283E+00  6.283E+00
  3.624E-01  3.624E-01  0.000E+00  0.000E+00  6.283E+00  6.283E+00
  5.931E-01  5.931E-01  0.000E+00  0.000E+00  6.283E+00  6.283E+00
  9.708E-01  9.708E-01  0.000E+00  0.000E+00  6.283E+00  6.283E+00
  1.589E+00  1.589E+00  0.000E+00  0.000E+00  6.283E+00  6.283E+00
  2.601E+00  2.601E+00  0.000E+00  0.000E+00  6.283E+00  6.283E+00
  4.257E+00  4.257E+00  0.000E+00  0.000E+00  6.283E+00  6.283E+00
  6.967E+00  6.967E+00  0.000E+00  0.000E+00  6.283E+00  6.283E+00
  1.140E+01  1.140E+01  0.000E+00  0.000E+00  6.283E+00  6.283E+00
  1.866E+01  1.866E+01  0.000E+00  0.000E+00  6.283E+00  6.283E+00
  3.055E+01  3.055E+01  0.000E+00  0.000E+00  6.283E+00  6.283E+00
  5.000E+01  5.000E+01  0.000E+00  0.000E+00  6.283E+00  6.283E+00
