 # Detector n:            1   piFluenUD (integrated over solid angle)
 # N. of energy intervals          50
  1.000E-09  1.637E-09  0.000E+00  0.000E+00
  1.637E-09  2.679E-09  0.000E+00  0.000E+00
  2.679E-09  4.385E-09  0.000E+00  0.000E+00
  4.385E-09  7.177E-09  0.000E+00  0.000E+00
  7.177E-09  1.175E-08  0.000E+00  0.000E+00
  1.175E-08  1.923E-08  0.000E+00  0.000E+00
  1.923E-08  3.147E-08  0.000E+00  0.000E+00
  3.147E-08  5.150E-08  0.000E+00  0.000E+00
  5.150E-08  8.430E-08  0.000E+00  0.000E+00
  8.430E-08  1.380E-07  0.000E+00  0.000E+00
  1.380E-07  2.258E-07  0.000E+00  0.000E+00
  2.258E-07  3.696E-07  0.000E+00  0.000E+00
  3.696E-07  6.050E-07  0.000E+00  0.000E+00
  6.050E-07  9.902E-07  0.000E+00  0.000E+00
  9.902E-07  1.621E-06  0.000E+00  0.000E+00
  1.621E-06  2.653E-06  0.000E+00  0.000E+00
  2.653E-06  4.342E-06  0.000E+00  0.000E+00
  4.342E-06  7.106E-06  0.000E+00  0.000E+00
  7.106E-06  1.163E-05  3.767E-04  6.727E+01
  1.163E-05  1.904E-05  0.000E+00  0.000E+00
  1.904E-05  3.116E-05  5.553E-05  9.900E+01
  3.116E-05  5.100E-05  2.426E-04  5.024E+01
  5.100E-05  8.347E-05  1.317E-04  8.338E+01
  8.347E-05  1.366E-04  7.488E-05  7.480E+01
  1.366E-04  2.236E-04  1.316E-04  4.908E+01
  2.236E-04  3.660E-04  3.132E-04  3.099E+01
  3.660E-04  5.990E-04  2.188E-04  1.930E+01
  5.990E-04  9.804E-04  2.187E-04  1.975E+01
  9.804E-04  1.605E-03  2.066E-04  1.342E+01
  1.605E-03  2.627E-03  1.858E-04  1.408E+01
  2.627E-03  4.299E-03  2.399E-04  1.287E+01
  4.299E-03  7.036E-03  2.173E-04  7.591E+00
  7.036E-03  1.152E-02  3.106E-04  8.869E+00
  1.152E-02  1.885E-02  4.910E-04  2.823E+00
  1.885E-02  3.085E-02  7.227E-04  3.791E+00
  3.085E-02  5.050E-02  9.568E-04  2.325E+00
  5.050E-02  8.265E-02  1.116E-03  2.494E+00
  8.265E-02  1.353E-01  1.090E-03  2.240E+00
  1.353E-01  2.214E-01  1.304E-03  1.765E+01
  2.214E-01  3.624E-01  1.001E-03  2.077E+00
  3.624E-01  5.931E-01  7.473E-04  2.074E+00
  5.931E-01  9.708E-01  4.605E-04  1.970E+00
  9.708E-01  1.589E+00  2.736E-04  2.055E+00
  1.589E+00  2.601E+00  1.575E-04  2.066E+00
  2.601E+00  4.257E+00  8.351E-05  2.119E+00
  4.257E+00  6.967E+00  4.007E-05  1.833E+00
  6.967E+00  1.140E+01  1.638E-05  1.900E+00
  1.140E+01  1.866E+01  4.972E-06  2.062E+00
  1.866E+01  3.055E+01  9.799E-07  1.914E+00
  3.055E+01  5.000E+01  5.286E-08  2.680E+00


 # double differential distributions
 # number of solid angle intervals          10
 # Block n:            1     0.00000000      :  0.628318548    
  1.000E-09  1.637E-09  0.000E+00  0.000E+00  0.000E+00  6.283E-01
  1.637E-09  2.679E-09  0.000E+00  0.000E+00  0.000E+00  6.283E-01
  2.679E-09  4.385E-09  0.000E+00  0.000E+00  0.000E+00  6.283E-01
  4.385E-09  7.177E-09  0.000E+00  0.000E+00  0.000E+00  6.283E-01
  7.177E-09  1.175E-08  0.000E+00  0.000E+00  0.000E+00  6.283E-01
  1.175E-08  1.923E-08  0.000E+00  0.000E+00  0.000E+00  6.283E-01
  1.923E-08  3.147E-08  0.000E+00  0.000E+00  0.000E+00  6.283E-01
  3.147E-08  5.150E-08  0.000E+00  0.000E+00  0.000E+00  6.283E-01
  5.150E-08  8.430E-08  0.000E+00  0.000E+00  0.000E+00  6.283E-01
  8.430E-08  1.380E-07  0.000E+00  0.000E+00  0.000E+00  6.283E-01
  1.380E-07  2.258E-07  0.000E+00  0.000E+00  0.000E+00  6.283E-01
  2.258E-07  3.696E-07  0.000E+00  0.000E+00  0.000E+00  6.283E-01
  3.696E-07  6.050E-07  0.000E+00  0.000E+00  0.000E+00  6.283E-01
  6.050E-07  9.902E-07  0.000E+00  0.000E+00  0.000E+00  6.283E-01
  9.902E-07  1.621E-06  0.000E+00  0.000E+00  0.000E+00  6.283E-01
  1.621E-06  2.653E-06  0.000E+00  0.000E+00  0.000E+00  6.283E-01
  2.653E-06  4.342E-06  0.000E+00  0.000E+00  0.000E+00  6.283E-01
  4.342E-06  7.106E-06  0.000E+00  0.000E+00  0.000E+00  6.283E-01
  7.106E-06  1.163E-05  0.000E+00  0.000E+00  0.000E+00  6.283E-01
  1.163E-05  1.904E-05  0.000E+00  0.000E+00  0.000E+00  6.283E-01
  1.904E-05  3.116E-05  8.837E-05  9.900E+01  0.000E+00  6.283E-01
  3.116E-05  5.100E-05  5.276E-05  9.900E+01  0.000E+00  6.283E-01
  5.100E-05  8.347E-05  0.000E+00  0.000E+00  0.000E+00  6.283E-01
  8.347E-05  1.366E-04  0.000E+00  0.000E+00  0.000E+00  6.283E-01
  1.366E-04  2.236E-04  0.000E+00  0.000E+00  0.000E+00  6.283E-01
  2.236E-04  3.660E-04  2.222E-05  5.092E+01  0.000E+00  6.283E-01
  3.660E-04  5.990E-04  9.073E-06  9.900E+01  0.000E+00  6.283E-01
  5.990E-04  9.804E-04  8.259E-06  5.096E+01  0.000E+00  6.283E-01
  9.804E-04  1.605E-03  2.031E-05  2.979E+01  0.000E+00  6.283E-01
  1.605E-03  2.627E-03  1.237E-05  2.738E+01  0.000E+00  6.283E-01
  2.627E-03  4.299E-03  2.112E-05  1.556E+01  0.000E+00  6.283E-01
  4.299E-03  7.036E-03  2.565E-05  1.025E+01  0.000E+00  6.283E-01
  7.036E-03  1.152E-02  2.963E-05  1.091E+01  0.000E+00  6.283E-01
  1.152E-02  1.885E-02  5.551E-05  6.807E+00  0.000E+00  6.283E-01
  1.885E-02  3.085E-02  9.229E-05  3.423E+00  0.000E+00  6.283E-01
  3.085E-02  5.050E-02  1.181E-04  2.805E+00  0.000E+00  6.283E-01
  5.050E-02  8.265E-02  1.569E-04  3.265E+00  0.000E+00  6.283E-01
  8.265E-02  1.353E-01  1.926E-04  2.605E+00  0.000E+00  6.283E-01
  1.353E-01  2.214E-01  2.681E-04  2.762E+00  0.000E+00  6.283E-01
  2.214E-01  3.624E-01  3.838E-04  2.367E+00  0.000E+00  6.283E-01
  3.624E-01  5.931E-01  4.721E-04  2.155E+00  0.000E+00  6.283E-01
  5.931E-01  9.708E-01  4.714E-04  1.900E+00  0.000E+00  6.283E-01
  9.708E-01  1.589E+00  3.788E-04  2.047E+00  0.000E+00  6.283E-01
  1.589E+00  2.601E+00  2.447E-04  2.084E+00  0.000E+00  6.283E-01
  2.601E+00  4.257E+00  1.327E-04  2.123E+00  0.000E+00  6.283E-01
  4.257E+00  6.967E+00  6.377E-05  1.832E+00  0.000E+00  6.283E-01
  6.967E+00  1.140E+01  2.606E-05  1.900E+00  0.000E+00  6.283E-01
  1.140E+01  1.866E+01  7.914E-06  2.062E+00  0.000E+00  6.283E-01
  1.866E+01  3.055E+01  1.560E-06  1.914E+00  0.000E+00  6.283E-01
  3.055E+01  5.000E+01  8.414E-08  2.680E+00  0.000E+00  6.283E-01
  5.000E+01  5.000E+01  0.000E+00  0.000E+00  0.000E+00  6.283E-01

 # Block n:            2    0.628318548      :   1.25663710    
  1.000E-09  1.637E-09  0.000E+00  0.000E+00  6.283E-01  1.257E+00
  1.637E-09  2.679E-09  0.000E+00  0.000E+00  6.283E-01  1.257E+00
  2.679E-09  4.385E-09  0.000E+00  0.000E+00  6.283E-01  1.257E+00
  4.385E-09  7.177E-09  0.000E+00  0.000E+00  6.283E-01  1.257E+00
  7.177E-09  1.175E-08  0.000E+00  0.000E+00  6.283E-01  1.257E+00
  1.175E-08  1.923E-08  0.000E+00  0.000E+00  6.283E-01  1.257E+00
  1.923E-08  3.147E-08  0.000E+00  0.000E+00  6.283E-01  1.257E+00
  3.147E-08  5.150E-08  0.000E+00  0.000E+00  6.283E-01  1.257E+00
  5.150E-08  8.430E-08  0.000E+00  0.000E+00  6.283E-01  1.257E+00
  8.430E-08  1.380E-07  0.000E+00  0.000E+00  6.283E-01  1.257E+00
  1.380E-07  2.258E-07  0.000E+00  0.000E+00  6.283E-01  1.257E+00
  2.258E-07  3.696E-07  0.000E+00  0.000E+00  6.283E-01  1.257E+00
  3.696E-07  6.050E-07  0.000E+00  0.000E+00  6.283E-01  1.257E+00
  6.050E-07  9.902E-07  0.000E+00  0.000E+00  6.283E-01  1.257E+00
  9.902E-07  1.621E-06  0.000E+00  0.000E+00  6.283E-01  1.257E+00
  1.621E-06  2.653E-06  0.000E+00  0.000E+00  6.283E-01  1.257E+00
  2.653E-06  4.342E-06  0.000E+00  0.000E+00  6.283E-01  1.257E+00
  4.342E-06  7.106E-06  0.000E+00  0.000E+00  6.283E-01  1.257E+00
  7.106E-06  1.163E-05  2.635E-04  9.900E+01  6.283E-01  1.257E+00
  1.163E-05  1.904E-05  0.000E+00  0.000E+00  6.283E-01  1.257E+00
  1.904E-05  3.116E-05  0.000E+00  0.000E+00  6.283E-01  1.257E+00
  3.116E-05  5.100E-05  6.243E-05  9.900E+01  6.283E-01  1.257E+00
  5.100E-05  8.347E-05  3.440E-05  9.900E+01  6.283E-01  1.257E+00
  8.347E-05  1.366E-04  2.284E-05  9.900E+01  6.283E-01  1.257E+00
  1.366E-04  2.236E-04  1.367E-05  9.900E+01  6.283E-01  1.257E+00
  2.236E-04  3.660E-04  8.444E-06  9.900E+01  6.283E-01  1.257E+00
  3.660E-04  5.990E-04  1.507E-05  7.112E+01  6.283E-01  1.257E+00
  5.990E-04  9.804E-04  2.204E-05  3.729E+01  6.283E-01  1.257E+00
  9.804E-04  1.605E-03  3.555E-05  3.324E+01  6.283E-01  1.257E+00
  1.605E-03  2.627E-03  3.218E-05  1.764E+01  6.283E-01  1.257E+00
  2.627E-03  4.299E-03  2.992E-05  2.140E+01  6.283E-01  1.257E+00
  4.299E-03  7.036E-03  2.811E-05  1.005E+01  6.283E-01  1.257E+00
  7.036E-03  1.152E-02  3.534E-05  8.456E+00  6.283E-01  1.257E+00
  1.152E-02  1.885E-02  6.483E-05  6.435E+00  6.283E-01  1.257E+00
  1.885E-02  3.085E-02  9.614E-05  3.278E+00  6.283E-01  1.257E+00
  3.085E-02  5.050E-02  1.320E-04  3.387E+00  6.283E-01  1.257E+00
  5.050E-02  8.265E-02  1.616E-04  3.527E+00  6.283E-01  1.257E+00
  8.265E-02  1.353E-01  1.942E-04  2.306E+00  6.283E-01  1.257E+00
  1.353E-01  2.214E-01  2.428E-04  1.961E+00  6.283E-01  1.257E+00
  2.214E-01  3.624E-01  2.917E-04  1.937E+00  6.283E-01  1.257E+00
  3.624E-01  5.931E-01  2.557E-04  2.173E+00  6.283E-01  1.257E+00
  5.931E-01  9.708E-01  1.396E-04  2.009E+00  6.283E-01  1.257E+00
  9.708E-01  1.589E+00  4.181E-05  2.255E+00  6.283E-01  1.257E+00
  1.589E+00  2.601E+00  5.317E-06  1.612E+00  6.283E-01  1.257E+00
  2.601E+00  4.257E+00  2.029E-07  3.618E+00  6.283E-01  1.257E+00
  4.257E+00  6.967E+00  1.651E-09  5.508E+01  6.283E-01  1.257E+00
  6.967E+00  1.140E+01  0.000E+00  0.000E+00  6.283E-01  1.257E+00
  1.140E+01  1.866E+01  0.000E+00  0.000E+00  6.283E-01  1.257E+00
  1.866E+01  3.055E+01  0.000E+00  0.000E+00  6.283E-01  1.257E+00
  3.055E+01  5.000E+01  0.000E+00  0.000E+00  6.283E-01  1.257E+00
  5.000E+01  5.000E+01  0.000E+00  0.000E+00  6.283E-01  1.257E+00

 # Block n:            3     1.25663710      :   1.88495564    
  1.000E-09  1.637E-09  0.000E+00  0.000E+00  1.257E+00  1.885E+00
  1.637E-09  2.679E-09  0.000E+00  0.000E+00  1.257E+00  1.885E+00
  2.679E-09  4.385E-09  0.000E+00  0.000E+00  1.257E+00  1.885E+00
  4.385E-09  7.177E-09  0.000E+00  0.000E+00  1.257E+00  1.885E+00
  7.177E-09  1.175E-08  0.000E+00  0.000E+00  1.257E+00  1.885E+00
  1.175E-08  1.923E-08  0.000E+00  0.000E+00  1.257E+00  1.885E+00
  1.923E-08  3.147E-08  0.000E+00  0.000E+00  1.257E+00  1.885E+00
  3.147E-08  5.150E-08  0.000E+00  0.000E+00  1.257E+00  1.885E+00
  5.150E-08  8.430E-08  0.000E+00  0.000E+00  1.257E+00  1.885E+00
  8.430E-08  1.380E-07  0.000E+00  0.000E+00  1.257E+00  1.885E+00
  1.380E-07  2.258E-07  0.000E+00  0.000E+00  1.257E+00  1.885E+00
  2.258E-07  3.696E-07  0.000E+00  0.000E+00  1.257E+00  1.885E+00
  3.696E-07  6.050E-07  0.000E+00  0.000E+00  1.257E+00  1.885E+00
  6.050E-07  9.902E-07  0.000E+00  0.000E+00  1.257E+00  1.885E+00
  9.902E-07  1.621E-06  0.000E+00  0.000E+00  1.257E+00  1.885E+00
  1.621E-06  2.653E-06  0.000E+00  0.000E+00  1.257E+00  1.885E+00
  2.653E-06  4.342E-06  0.000E+00  0.000E+00  1.257E+00  1.885E+00
  4.342E-06  7.106E-06  0.000E+00  0.000E+00  1.257E+00  1.885E+00
  7.106E-06  1.163E-05  0.000E+00  0.000E+00  1.257E+00  1.885E+00
  1.163E-05  1.904E-05  0.000E+00  0.000E+00  1.257E+00  1.885E+00
  1.904E-05  3.116E-05  0.000E+00  0.000E+00  1.257E+00  1.885E+00
  3.116E-05  5.100E-05  6.345E-05  9.900E+01  1.257E+00  1.885E+00
  5.100E-05  8.347E-05  0.000E+00  0.000E+00  1.257E+00  1.885E+00
  8.347E-05  1.366E-04  0.000E+00  0.000E+00  1.257E+00  1.885E+00
  1.366E-04  2.236E-04  0.000E+00  0.000E+00  1.257E+00  1.885E+00
  2.236E-04  3.660E-04  2.797E-05  5.092E+01  1.257E+00  1.885E+00
  3.660E-04  5.990E-04  2.893E-05  4.501E+01  1.257E+00  1.885E+00
  5.990E-04  9.804E-04  2.756E-05  2.523E+01  1.257E+00  1.885E+00
  9.804E-04  1.605E-03  4.254E-05  2.425E+01  1.257E+00  1.885E+00
  1.605E-03  2.627E-03  2.633E-05  3.323E+01  1.257E+00  1.885E+00
  2.627E-03  4.299E-03  2.441E-05  2.198E+01  1.257E+00  1.885E+00
  4.299E-03  7.036E-03  3.069E-05  1.701E+01  1.257E+00  1.885E+00
  7.036E-03  1.152E-02  3.869E-05  8.695E+00  1.257E+00  1.885E+00
  1.152E-02  1.885E-02  7.422E-05  3.794E+00  1.257E+00  1.885E+00
  1.885E-02  3.085E-02  1.053E-04  2.726E+00  1.257E+00  1.885E+00
  3.085E-02  5.050E-02  1.281E-04  2.593E+00  1.257E+00  1.885E+00
  5.050E-02  8.265E-02  1.688E-04  3.625E+00  1.257E+00  1.885E+00
  8.265E-02  1.353E-01  1.856E-04  3.070E+00  1.257E+00  1.885E+00
  1.353E-01  2.214E-01  2.202E-04  2.304E+00  1.257E+00  1.885E+00
  2.214E-01  3.624E-01  2.232E-04  2.310E+00  1.257E+00  1.885E+00
  3.624E-01  5.931E-01  1.515E-04  2.077E+00  1.257E+00  1.885E+00
  5.931E-01  9.708E-01  5.782E-05  2.658E+00  1.257E+00  1.885E+00
  9.708E-01  1.589E+00  1.002E-05  2.660E+00  1.257E+00  1.885E+00
  1.589E+00  2.601E+00  5.515E-07  4.780E+00  1.257E+00  1.885E+00
  2.601E+00  4.257E+00  1.599E-09  6.674E+01  1.257E+00  1.885E+00
  4.257E+00  6.967E+00  0.000E+00  0.000E+00  1.257E+00  1.885E+00
  6.967E+00  1.140E+01  0.000E+00  0.000E+00  1.257E+00  1.885E+00
  1.140E+01  1.866E+01  0.000E+00  0.000E+00  1.257E+00  1.885E+00
  1.866E+01  3.055E+01  0.000E+00  0.000E+00  1.257E+00  1.885E+00
  3.055E+01  5.000E+01  0.000E+00  0.000E+00  1.257E+00  1.885E+00
  5.000E+01  5.000E+01  0.000E+00  0.000E+00  1.257E+00  1.885E+00

 # Block n:            4     1.88495564      :   2.51327419    
  1.000E-09  1.637E-09  0.000E+00  0.000E+00  1.885E+00  2.513E+00
  1.637E-09  2.679E-09  0.000E+00  0.000E+00  1.885E+00  2.513E+00
  2.679E-09  4.385E-09  0.000E+00  0.000E+00  1.885E+00  2.513E+00
  4.385E-09  7.177E-09  0.000E+00  0.000E+00  1.885E+00  2.513E+00
  7.177E-09  1.175E-08  0.000E+00  0.000E+00  1.885E+00  2.513E+00
  1.175E-08  1.923E-08  0.000E+00  0.000E+00  1.885E+00  2.513E+00
  1.923E-08  3.147E-08  0.000E+00  0.000E+00  1.885E+00  2.513E+00
  3.147E-08  5.150E-08  0.000E+00  0.000E+00  1.885E+00  2.513E+00
  5.150E-08  8.430E-08  0.000E+00  0.000E+00  1.885E+00  2.513E+00
  8.430E-08  1.380E-07  0.000E+00  0.000E+00  1.885E+00  2.513E+00
  1.380E-07  2.258E-07  0.000E+00  0.000E+00  1.885E+00  2.513E+00
  2.258E-07  3.696E-07  0.000E+00  0.000E+00  1.885E+00  2.513E+00
  3.696E-07  6.050E-07  0.000E+00  0.000E+00  1.885E+00  2.513E+00
  6.050E-07  9.902E-07  0.000E+00  0.000E+00  1.885E+00  2.513E+00
  9.902E-07  1.621E-06  0.000E+00  0.000E+00  1.885E+00  2.513E+00
  1.621E-06  2.653E-06  0.000E+00  0.000E+00  1.885E+00  2.513E+00
  2.653E-06  4.342E-06  0.000E+00  0.000E+00  1.885E+00  2.513E+00
  4.342E-06  7.106E-06  0.000E+00  0.000E+00  1.885E+00  2.513E+00
  7.106E-06  1.163E-05  3.359E-04  9.900E+01  1.885E+00  2.513E+00
  1.163E-05  1.904E-05  0.000E+00  0.000E+00  1.885E+00  2.513E+00
  1.904E-05  3.116E-05  0.000E+00  0.000E+00  1.885E+00  2.513E+00
  3.116E-05  5.100E-05  8.236E-05  9.900E+01  1.885E+00  2.513E+00
  5.100E-05  8.347E-05  0.000E+00  0.000E+00  1.885E+00  2.513E+00
  8.347E-05  1.366E-04  0.000E+00  0.000E+00  1.885E+00  2.513E+00
  1.366E-04  2.236E-04  5.174E-05  5.098E+01  1.885E+00  2.513E+00
  2.236E-04  3.660E-04  2.158E-05  6.667E+01  1.885E+00  2.513E+00
  3.660E-04  5.990E-04  1.325E-05  6.670E+01  1.885E+00  2.513E+00
  5.990E-04  9.804E-04  2.000E-05  3.342E+01  1.885E+00  2.513E+00
  9.804E-04  1.605E-03  3.929E-05  2.355E+01  1.885E+00  2.513E+00
  1.605E-03  2.627E-03  2.884E-05  2.256E+01  1.885E+00  2.513E+00
  2.627E-03  4.299E-03  3.492E-05  1.997E+01  1.885E+00  2.513E+00
  4.299E-03  7.036E-03  3.256E-05  1.353E+01  1.885E+00  2.513E+00
  7.036E-03  1.152E-02  4.779E-05  7.116E+00  1.885E+00  2.513E+00
  1.152E-02  1.885E-02  7.476E-05  6.149E+00  1.885E+00  2.513E+00
  1.885E-02  3.085E-02  1.047E-04  3.972E+00  1.885E+00  2.513E+00
  3.085E-02  5.050E-02  1.535E-04  3.398E+00  1.885E+00  2.513E+00
  5.050E-02  8.265E-02  1.841E-04  2.234E+00  1.885E+00  2.513E+00
  8.265E-02  1.353E-01  1.916E-04  2.013E+00  1.885E+00  2.513E+00
  1.353E-01  2.214E-01  1.937E-04  2.402E+00  1.885E+00  2.513E+00
  2.214E-01  3.624E-01  1.743E-04  2.047E+00  1.885E+00  2.513E+00
  3.624E-01  5.931E-01  1.001E-04  2.085E+00  1.885E+00  2.513E+00
  5.931E-01  9.708E-01  2.966E-05  1.908E+00  1.885E+00  2.513E+00
  9.708E-01  1.589E+00  3.175E-06  3.788E+00  1.885E+00  2.513E+00
  1.589E+00  2.601E+00  8.520E-08  1.609E+01  1.885E+00  2.513E+00
  2.601E+00  4.257E+00  0.000E+00  0.000E+00  1.885E+00  2.513E+00
  4.257E+00  6.967E+00  0.000E+00  0.000E+00  1.885E+00  2.513E+00
  6.967E+00  1.140E+01  0.000E+00  0.000E+00  1.885E+00  2.513E+00
  1.140E+01  1.866E+01  0.000E+00  0.000E+00  1.885E+00  2.513E+00
  1.866E+01  3.055E+01  0.000E+00  0.000E+00  1.885E+00  2.513E+00
  3.055E+01  5.000E+01  0.000E+00  0.000E+00  1.885E+00  2.513E+00
  5.000E+01  5.000E+01  0.000E+00  0.000E+00  1.885E+00  2.513E+00

 # Block n:            5     2.51327419      :   3.14159274    
  1.000E-09  1.637E-09  0.000E+00  0.000E+00  2.513E+00  3.142E+00
  1.637E-09  2.679E-09  0.000E+00  0.000E+00  2.513E+00  3.142E+00
  2.679E-09  4.385E-09  0.000E+00  0.000E+00  2.513E+00  3.142E+00
  4.385E-09  7.177E-09  0.000E+00  0.000E+00  2.513E+00  3.142E+00
  7.177E-09  1.175E-08  0.000E+00  0.000E+00  2.513E+00  3.142E+00
  1.175E-08  1.923E-08  0.000E+00  0.000E+00  2.513E+00  3.142E+00
  1.923E-08  3.147E-08  0.000E+00  0.000E+00  2.513E+00  3.142E+00
  3.147E-08  5.150E-08  0.000E+00  0.000E+00  2.513E+00  3.142E+00
  5.150E-08  8.430E-08  0.000E+00  0.000E+00  2.513E+00  3.142E+00
  8.430E-08  1.380E-07  0.000E+00  0.000E+00  2.513E+00  3.142E+00
  1.380E-07  2.258E-07  0.000E+00  0.000E+00  2.513E+00  3.142E+00
  2.258E-07  3.696E-07  0.000E+00  0.000E+00  2.513E+00  3.142E+00
  3.696E-07  6.050E-07  0.000E+00  0.000E+00  2.513E+00  3.142E+00
  6.050E-07  9.902E-07  0.000E+00  0.000E+00  2.513E+00  3.142E+00
  9.902E-07  1.621E-06  0.000E+00  0.000E+00  2.513E+00  3.142E+00
  1.621E-06  2.653E-06  0.000E+00  0.000E+00  2.513E+00  3.142E+00
  2.653E-06  4.342E-06  0.000E+00  0.000E+00  2.513E+00  3.142E+00
  4.342E-06  7.106E-06  0.000E+00  0.000E+00  2.513E+00  3.142E+00
  7.106E-06  1.163E-05  0.000E+00  0.000E+00  2.513E+00  3.142E+00
  1.163E-05  1.904E-05  0.000E+00  0.000E+00  2.513E+00  3.142E+00
  1.904E-05  3.116E-05  0.000E+00  0.000E+00  2.513E+00  3.142E+00
  3.116E-05  5.100E-05  0.000E+00  0.000E+00  2.513E+00  3.142E+00
  5.100E-05  8.347E-05  0.000E+00  0.000E+00  2.513E+00  3.142E+00
  8.347E-05  1.366E-04  3.247E-05  9.900E+01  2.513E+00  3.142E+00
  1.366E-04  2.236E-04  2.089E-05  9.900E+01  2.513E+00  3.142E+00
  2.236E-04  3.660E-04  6.455E-05  4.520E+01  2.513E+00  3.142E+00
  3.660E-04  5.990E-04  3.131E-05  5.562E+01  2.513E+00  3.142E+00
  5.990E-04  9.804E-04  3.902E-05  3.589E+01  2.513E+00  3.142E+00
  9.804E-04  1.605E-03  2.555E-05  2.642E+01  2.513E+00  3.142E+00
  1.605E-03  2.627E-03  3.619E-05  1.698E+01  2.513E+00  3.142E+00
  2.627E-03  4.299E-03  4.072E-05  1.381E+01  2.513E+00  3.142E+00
  4.299E-03  7.036E-03  3.564E-05  1.626E+01  2.513E+00  3.142E+00
  7.036E-03  1.152E-02  4.144E-05  8.865E+00  2.513E+00  3.142E+00
  1.152E-02  1.885E-02  8.168E-05  7.564E+00  2.513E+00  3.142E+00
  1.885E-02  3.085E-02  1.271E-04  5.944E+00  2.513E+00  3.142E+00
  3.085E-02  5.050E-02  1.734E-04  3.122E+00  2.513E+00  3.142E+00
  5.050E-02  8.265E-02  1.977E-04  2.496E+00  2.513E+00  3.142E+00
  8.265E-02  1.353E-01  1.962E-04  2.286E+00  2.513E+00  3.142E+00
  1.353E-01  2.214E-01  1.841E-04  2.356E+00  2.513E+00  3.142E+00
  2.214E-01  3.624E-01  1.429E-04  2.324E+00  2.513E+00  3.142E+00
  3.624E-01  5.931E-01  7.114E-05  2.290E+00  2.513E+00  3.142E+00
  5.931E-01  9.708E-01  1.650E-05  3.418E+00  2.513E+00  3.142E+00
  9.708E-01  1.589E+00  1.050E-06  3.823E+00  2.513E+00  3.142E+00
  1.589E+00  2.601E+00  1.720E-08  2.127E+01  2.513E+00  3.142E+00
  2.601E+00  4.257E+00  0.000E+00  0.000E+00  2.513E+00  3.142E+00
  4.257E+00  6.967E+00  0.000E+00  0.000E+00  2.513E+00  3.142E+00
  6.967E+00  1.140E+01  0.000E+00  0.000E+00  2.513E+00  3.142E+00
  1.140E+01  1.866E+01  0.000E+00  0.000E+00  2.513E+00  3.142E+00
  1.866E+01  3.055E+01  0.000E+00  0.000E+00  2.513E+00  3.142E+00
  3.055E+01  5.000E+01  0.000E+00  0.000E+00  2.513E+00  3.142E+00
  5.000E+01  5.000E+01  0.000E+00  0.000E+00  2.513E+00  3.142E+00

 # Block n:            6     3.14159274      :   3.76991129    
  1.000E-09  1.637E-09  0.000E+00  0.000E+00  3.142E+00  3.770E+00
  1.637E-09  2.679E-09  0.000E+00  0.000E+00  3.142E+00  3.770E+00
  2.679E-09  4.385E-09  0.000E+00  0.000E+00  3.142E+00  3.770E+00
  4.385E-09  7.177E-09  0.000E+00  0.000E+00  3.142E+00  3.770E+00
  7.177E-09  1.175E-08  0.000E+00  0.000E+00  3.142E+00  3.770E+00
  1.175E-08  1.923E-08  0.000E+00  0.000E+00  3.142E+00  3.770E+00
  1.923E-08  3.147E-08  0.000E+00  0.000E+00  3.142E+00  3.770E+00
  3.147E-08  5.150E-08  0.000E+00  0.000E+00  3.142E+00  3.770E+00
  5.150E-08  8.430E-08  0.000E+00  0.000E+00  3.142E+00  3.770E+00
  8.430E-08  1.380E-07  0.000E+00  0.000E+00  3.142E+00  3.770E+00
  1.380E-07  2.258E-07  0.000E+00  0.000E+00  3.142E+00  3.770E+00
  2.258E-07  3.696E-07  0.000E+00  0.000E+00  3.142E+00  3.770E+00
  3.696E-07  6.050E-07  0.000E+00  0.000E+00  3.142E+00  3.770E+00
  6.050E-07  9.902E-07  0.000E+00  0.000E+00  3.142E+00  3.770E+00
  9.902E-07  1.621E-06  0.000E+00  0.000E+00  3.142E+00  3.770E+00
  1.621E-06  2.653E-06  0.000E+00  0.000E+00  3.142E+00  3.770E+00
  2.653E-06  4.342E-06  0.000E+00  0.000E+00  3.142E+00  3.770E+00
  4.342E-06  7.106E-06  0.000E+00  0.000E+00  3.142E+00  3.770E+00
  7.106E-06  1.163E-05  0.000E+00  0.000E+00  3.142E+00  3.770E+00
  1.163E-05  1.904E-05  0.000E+00  0.000E+00  3.142E+00  3.770E+00
  1.904E-05  3.116E-05  0.000E+00  0.000E+00  3.142E+00  3.770E+00
  3.116E-05  5.100E-05  1.252E-04  9.900E+01  3.142E+00  3.770E+00
  5.100E-05  8.347E-05  0.000E+00  0.000E+00  3.142E+00  3.770E+00
  8.347E-05  1.366E-04  0.000E+00  0.000E+00  3.142E+00  3.770E+00
  1.366E-04  2.236E-04  5.007E-05  9.900E+01  3.142E+00  3.770E+00
  2.236E-04  3.660E-04  7.656E-05  4.461E+01  3.142E+00  3.770E+00
  3.660E-04  5.990E-04  1.966E-05  6.697E+01  3.142E+00  3.770E+00
  5.990E-04  9.804E-04  2.916E-05  5.980E+01  3.142E+00  3.770E+00
  9.804E-04  1.605E-03  3.540E-05  2.625E+01  3.142E+00  3.770E+00
  1.605E-03  2.627E-03  2.400E-05  3.456E+01  3.142E+00  3.770E+00
  2.627E-03  4.299E-03  3.272E-05  1.591E+01  3.142E+00  3.770E+00
  4.299E-03  7.036E-03  3.567E-05  1.633E+01  3.142E+00  3.770E+00
  7.036E-03  1.152E-02  4.440E-05  1.474E+01  3.142E+00  3.770E+00
  1.152E-02  1.885E-02  9.074E-05  6.834E+00  3.142E+00  3.770E+00
  1.885E-02  3.085E-02  1.382E-04  4.690E+00  3.142E+00  3.770E+00
  3.085E-02  5.050E-02  1.694E-04  4.349E+00  3.142E+00  3.770E+00
  5.050E-02  8.265E-02  1.983E-04  3.392E+00  3.142E+00  3.770E+00
  8.265E-02  1.353E-01  1.881E-04  1.985E+00  3.142E+00  3.770E+00
  1.353E-01  2.214E-01  1.653E-04  2.505E+00  3.142E+00  3.770E+00
  2.214E-01  3.624E-01  1.156E-04  2.518E+00  3.142E+00  3.770E+00
  3.624E-01  5.931E-01  5.080E-05  1.852E+00  3.142E+00  3.770E+00
  5.931E-01  9.708E-01  8.981E-06  3.083E+00  3.142E+00  3.770E+00
  9.708E-01  1.589E+00  3.880E-07  1.446E+01  3.142E+00  3.770E+00
  1.589E+00  2.601E+00  0.000E+00  0.000E+00  3.142E+00  3.770E+00
  2.601E+00  4.257E+00  0.000E+00  0.000E+00  3.142E+00  3.770E+00
  4.257E+00  6.967E+00  0.000E+00  0.000E+00  3.142E+00  3.770E+00
  6.967E+00  1.140E+01  0.000E+00  0.000E+00  3.142E+00  3.770E+00
  1.140E+01  1.866E+01  0.000E+00  0.000E+00  3.142E+00  3.770E+00
  1.866E+01  3.055E+01  0.000E+00  0.000E+00  3.142E+00  3.770E+00
  3.055E+01  5.000E+01  0.000E+00  0.000E+00  3.142E+00  3.770E+00
  5.000E+01  5.000E+01  0.000E+00  0.000E+00  3.142E+00  3.770E+00

 # Block n:            7     3.76991129      :   4.39822960    
  1.000E-09  1.637E-09  0.000E+00  0.000E+00  3.770E+00  4.398E+00
  1.637E-09  2.679E-09  0.000E+00  0.000E+00  3.770E+00  4.398E+00
  2.679E-09  4.385E-09  0.000E+00  0.000E+00  3.770E+00  4.398E+00
  4.385E-09  7.177E-09  0.000E+00  0.000E+00  3.770E+00  4.398E+00
  7.177E-09  1.175E-08  0.000E+00  0.000E+00  3.770E+00  4.398E+00
  1.175E-08  1.923E-08  0.000E+00  0.000E+00  3.770E+00  4.398E+00
  1.923E-08  3.147E-08  0.000E+00  0.000E+00  3.770E+00  4.398E+00
  3.147E-08  5.150E-08  0.000E+00  0.000E+00  3.770E+00  4.398E+00
  5.150E-08  8.430E-08  0.000E+00  0.000E+00  3.770E+00  4.398E+00
  8.430E-08  1.380E-07  0.000E+00  0.000E+00  3.770E+00  4.398E+00
  1.380E-07  2.258E-07  0.000E+00  0.000E+00  3.770E+00  4.398E+00
  2.258E-07  3.696E-07  0.000E+00  0.000E+00  3.770E+00  4.398E+00
  3.696E-07  6.050E-07  0.000E+00  0.000E+00  3.770E+00  4.398E+00
  6.050E-07  9.902E-07  0.000E+00  0.000E+00  3.770E+00  4.398E+00
  9.902E-07  1.621E-06  0.000E+00  0.000E+00  3.770E+00  4.398E+00
  1.621E-06  2.653E-06  0.000E+00  0.000E+00  3.770E+00  4.398E+00
  2.653E-06  4.342E-06  0.000E+00  0.000E+00  3.770E+00  4.398E+00
  4.342E-06  7.106E-06  0.000E+00  0.000E+00  3.770E+00  4.398E+00
  7.106E-06  1.163E-05  0.000E+00  0.000E+00  3.770E+00  4.398E+00
  1.163E-05  1.904E-05  0.000E+00  0.000E+00  3.770E+00  4.398E+00
  1.904E-05  3.116E-05  0.000E+00  0.000E+00  3.770E+00  4.398E+00
  3.116E-05  5.100E-05  0.000E+00  0.000E+00  3.770E+00  4.398E+00
  5.100E-05  8.347E-05  1.752E-04  9.900E+01  3.770E+00  4.398E+00
  8.347E-05  1.366E-04  0.000E+00  0.000E+00  3.770E+00  4.398E+00
  1.366E-04  2.236E-04  2.862E-05  9.900E+01  3.770E+00  4.398E+00
  2.236E-04  3.660E-04  1.815E-05  9.900E+01  3.770E+00  4.398E+00
  3.660E-04  5.990E-04  8.644E-05  3.070E+01  3.770E+00  4.398E+00
  5.990E-04  9.804E-04  9.007E-05  3.503E+01  3.770E+00  4.398E+00
  9.804E-04  1.605E-03  5.032E-05  3.765E+01  3.770E+00  4.398E+00
  1.605E-03  2.627E-03  2.637E-05  3.446E+01  3.770E+00  4.398E+00
  2.627E-03  4.299E-03  3.661E-05  2.276E+01  3.770E+00  4.398E+00
  4.299E-03  7.036E-03  4.591E-05  1.777E+01  3.770E+00  4.398E+00
  7.036E-03  1.152E-02  5.461E-05  1.845E+01  3.770E+00  4.398E+00
  1.152E-02  1.885E-02  8.740E-05  5.958E+00  3.770E+00  4.398E+00
  1.885E-02  3.085E-02  1.317E-04  4.664E+00  3.770E+00  4.398E+00
  3.085E-02  5.050E-02  1.796E-04  3.128E+00  3.770E+00  4.398E+00
  5.050E-02  8.265E-02  1.947E-04  2.425E+00  3.770E+00  4.398E+00
  8.265E-02  1.353E-01  1.720E-04  2.701E+00  3.770E+00  4.398E+00
  1.353E-01  2.214E-01  1.331E-04  2.773E+00  3.770E+00  4.398E+00
  2.214E-01  3.624E-01  8.947E-05  2.226E+00  3.770E+00  4.398E+00
  3.624E-01  5.931E-01  3.580E-05  2.456E+00  3.770E+00  4.398E+00
  5.931E-01  9.708E-01  4.764E-06  3.215E+00  3.770E+00  4.398E+00
  9.708E-01  1.589E+00  1.273E-07  1.823E+01  3.770E+00  4.398E+00
  1.589E+00  2.601E+00  0.000E+00  0.000E+00  3.770E+00  4.398E+00
  2.601E+00  4.257E+00  0.000E+00  0.000E+00  3.770E+00  4.398E+00
  4.257E+00  6.967E+00  0.000E+00  0.000E+00  3.770E+00  4.398E+00
  6.967E+00  1.140E+01  0.000E+00  0.000E+00  3.770E+00  4.398E+00
  1.140E+01  1.866E+01  0.000E+00  0.000E+00  3.770E+00  4.398E+00
  1.866E+01  3.055E+01  0.000E+00  0.000E+00  3.770E+00  4.398E+00
  3.055E+01  5.000E+01  0.000E+00  0.000E+00  3.770E+00  4.398E+00
  5.000E+01  5.000E+01  0.000E+00  0.000E+00  3.770E+00  4.398E+00

 # Block n:            8     4.39822960      :   5.02654839    
  1.000E-09  1.637E-09  0.000E+00  0.000E+00  4.398E+00  5.027E+00
  1.637E-09  2.679E-09  0.000E+00  0.000E+00  4.398E+00  5.027E+00
  2.679E-09  4.385E-09  0.000E+00  0.000E+00  4.398E+00  5.027E+00
  4.385E-09  7.177E-09  0.000E+00  0.000E+00  4.398E+00  5.027E+00
  7.177E-09  1.175E-08  0.000E+00  0.000E+00  4.398E+00  5.027E+00
  1.175E-08  1.923E-08  0.000E+00  0.000E+00  4.398E+00  5.027E+00
  1.923E-08  3.147E-08  0.000E+00  0.000E+00  4.398E+00  5.027E+00
  3.147E-08  5.150E-08  0.000E+00  0.000E+00  4.398E+00  5.027E+00
  5.150E-08  8.430E-08  0.000E+00  0.000E+00  4.398E+00  5.027E+00
  8.430E-08  1.380E-07  0.000E+00  0.000E+00  4.398E+00  5.027E+00
  1.380E-07  2.258E-07  0.000E+00  0.000E+00  4.398E+00  5.027E+00
  2.258E-07  3.696E-07  0.000E+00  0.000E+00  4.398E+00  5.027E+00
  3.696E-07  6.050E-07  0.000E+00  0.000E+00  4.398E+00  5.027E+00
  6.050E-07  9.902E-07  0.000E+00  0.000E+00  4.398E+00  5.027E+00
  9.902E-07  1.621E-06  0.000E+00  0.000E+00  4.398E+00  5.027E+00
  1.621E-06  2.653E-06  0.000E+00  0.000E+00  4.398E+00  5.027E+00
  2.653E-06  4.342E-06  0.000E+00  0.000E+00  4.398E+00  5.027E+00
  4.342E-06  7.106E-06  0.000E+00  0.000E+00  4.398E+00  5.027E+00
  7.106E-06  1.163E-05  0.000E+00  0.000E+00  4.398E+00  5.027E+00
  1.163E-05  1.904E-05  0.000E+00  0.000E+00  4.398E+00  5.027E+00
  1.904E-05  3.116E-05  0.000E+00  0.000E+00  4.398E+00  5.027E+00
  3.116E-05  5.100E-05  0.000E+00  0.000E+00  4.398E+00  5.027E+00
  5.100E-05  8.347E-05  0.000E+00  0.000E+00  4.398E+00  5.027E+00
  8.347E-05  1.366E-04  6.388E-05  9.900E+01  4.398E+00  5.027E+00
  1.366E-04  2.236E-04  4.442E-05  9.900E+01  4.398E+00  5.027E+00
  2.236E-04  3.660E-04  5.763E-05  6.667E+01  4.398E+00  5.027E+00
  3.660E-04  5.990E-04  4.540E-05  5.093E+01  4.398E+00  5.027E+00
  5.990E-04  9.804E-04  3.000E-05  5.156E+01  4.398E+00  5.027E+00
  9.804E-04  1.605E-03  4.705E-05  2.474E+01  4.398E+00  5.027E+00
  1.605E-03  2.627E-03  2.399E-05  4.402E+01  4.398E+00  5.027E+00
  2.627E-03  4.299E-03  3.864E-05  3.193E+01  4.398E+00  5.027E+00
  4.299E-03  7.036E-03  4.659E-05  9.740E+00  4.398E+00  5.027E+00
  7.036E-03  1.152E-02  5.286E-05  1.226E+01  4.398E+00  5.027E+00
  1.152E-02  1.885E-02  8.350E-05  7.306E+00  4.398E+00  5.027E+00
  1.885E-02  3.085E-02  1.335E-04  4.623E+00  4.398E+00  5.027E+00
  3.085E-02  5.050E-02  1.593E-04  4.185E+00  4.398E+00  5.027E+00
  5.050E-02  8.265E-02  1.849E-04  3.588E+00  4.398E+00  5.027E+00
  8.265E-02  1.353E-01  1.569E-04  3.591E+00  4.398E+00  5.027E+00
  1.353E-01  2.214E-01  1.149E-04  2.779E+00  4.398E+00  5.027E+00
  2.214E-01  3.624E-01  7.148E-05  3.105E+00  4.398E+00  5.027E+00
  3.624E-01  5.931E-01  2.316E-05  4.236E+00  4.398E+00  5.027E+00
  5.931E-01  9.708E-01  2.434E-06  4.370E+00  4.398E+00  5.027E+00
  9.708E-01  1.589E+00  1.915E-08  5.120E+01  4.398E+00  5.027E+00
  1.589E+00  2.601E+00  0.000E+00  0.000E+00  4.398E+00  5.027E+00
  2.601E+00  4.257E+00  0.000E+00  0.000E+00  4.398E+00  5.027E+00
  4.257E+00  6.967E+00  0.000E+00  0.000E+00  4.398E+00  5.027E+00
  6.967E+00  1.140E+01  0.000E+00  0.000E+00  4.398E+00  5.027E+00
  1.140E+01  1.866E+01  0.000E+00  0.000E+00  4.398E+00  5.027E+00
  1.866E+01  3.055E+01  0.000E+00  0.000E+00  4.398E+00  5.027E+00
  3.055E+01  5.000E+01  0.000E+00  0.000E+00  4.398E+00  5.027E+00
  5.000E+01  5.000E+01  0.000E+00  0.000E+00  4.398E+00  5.027E+00

 # Block n:            9     5.02654839      :   5.65486717    
  1.000E-09  1.637E-09  0.000E+00  0.000E+00  5.027E+00  5.655E+00
  1.637E-09  2.679E-09  0.000E+00  0.000E+00  5.027E+00  5.655E+00
  2.679E-09  4.385E-09  0.000E+00  0.000E+00  5.027E+00  5.655E+00
  4.385E-09  7.177E-09  0.000E+00  0.000E+00  5.027E+00  5.655E+00
  7.177E-09  1.175E-08  0.000E+00  0.000E+00  5.027E+00  5.655E+00
  1.175E-08  1.923E-08  0.000E+00  0.000E+00  5.027E+00  5.655E+00
  1.923E-08  3.147E-08  0.000E+00  0.000E+00  5.027E+00  5.655E+00
  3.147E-08  5.150E-08  0.000E+00  0.000E+00  5.027E+00  5.655E+00
  5.150E-08  8.430E-08  0.000E+00  0.000E+00  5.027E+00  5.655E+00
  8.430E-08  1.380E-07  0.000E+00  0.000E+00  5.027E+00  5.655E+00
  1.380E-07  2.258E-07  0.000E+00  0.000E+00  5.027E+00  5.655E+00
  2.258E-07  3.696E-07  0.000E+00  0.000E+00  5.027E+00  5.655E+00
  3.696E-07  6.050E-07  0.000E+00  0.000E+00  5.027E+00  5.655E+00
  6.050E-07  9.902E-07  0.000E+00  0.000E+00  5.027E+00  5.655E+00
  9.902E-07  1.621E-06  0.000E+00  0.000E+00  5.027E+00  5.655E+00
  1.621E-06  2.653E-06  0.000E+00  0.000E+00  5.027E+00  5.655E+00
  2.653E-06  4.342E-06  0.000E+00  0.000E+00  5.027E+00  5.655E+00
  4.342E-06  7.106E-06  0.000E+00  0.000E+00  5.027E+00  5.655E+00
  7.106E-06  1.163E-05  0.000E+00  0.000E+00  5.027E+00  5.655E+00
  1.163E-05  1.904E-05  0.000E+00  0.000E+00  5.027E+00  5.655E+00
  1.904E-05  3.116E-05  0.000E+00  0.000E+00  5.027E+00  5.655E+00
  3.116E-05  5.100E-05  0.000E+00  0.000E+00  5.027E+00  5.655E+00
  5.100E-05  8.347E-05  0.000E+00  0.000E+00  5.027E+00  5.655E+00
  8.347E-05  1.366E-04  0.000E+00  0.000E+00  5.027E+00  5.655E+00
  1.366E-04  2.236E-04  0.000E+00  0.000E+00  5.027E+00  5.655E+00
  2.236E-04  3.660E-04  0.000E+00  0.000E+00  5.027E+00  5.655E+00
  3.660E-04  5.990E-04  2.619E-05  9.900E+01  5.027E+00  5.655E+00
  5.990E-04  9.804E-04  2.849E-05  6.692E+01  5.027E+00  5.655E+00
  9.804E-04  1.605E-03  1.242E-05  9.900E+01  5.027E+00  5.655E+00
  1.605E-03  2.627E-03  2.409E-05  4.159E+01  5.027E+00  5.655E+00
  2.627E-03  4.299E-03  3.387E-05  2.599E+01  5.027E+00  5.655E+00
  4.299E-03  7.036E-03  5.703E-05  2.286E+01  5.027E+00  5.655E+00
  7.036E-03  1.152E-02  4.780E-05  1.889E+01  5.027E+00  5.655E+00
  1.152E-02  1.885E-02  9.792E-05  6.380E+00  5.027E+00  5.655E+00
  1.885E-02  3.085E-02  1.246E-04  4.827E+00  5.027E+00  5.655E+00
  3.085E-02  5.050E-02  1.695E-04  4.941E+00  5.027E+00  5.655E+00
  5.050E-02  8.265E-02  1.758E-04  4.289E+00  5.027E+00  5.655E+00
  8.265E-02  1.353E-01  1.378E-04  2.833E+00  5.027E+00  5.655E+00
  1.353E-01  2.214E-01  1.007E-04  4.515E+00  5.027E+00  5.655E+00
  2.214E-01  3.624E-01  5.621E-05  2.749E+00  5.027E+00  5.655E+00
  3.624E-01  5.931E-01  1.627E-05  3.515E+00  5.027E+00  5.655E+00
  5.931E-01  9.708E-01  1.064E-06  1.119E+01  5.027E+00  5.655E+00
  9.708E-01  1.589E+00  3.259E-08  7.555E+01  5.027E+00  5.655E+00
  1.589E+00  2.601E+00  0.000E+00  0.000E+00  5.027E+00  5.655E+00
  2.601E+00  4.257E+00  0.000E+00  0.000E+00  5.027E+00  5.655E+00
  4.257E+00  6.967E+00  0.000E+00  0.000E+00  5.027E+00  5.655E+00
  6.967E+00  1.140E+01  0.000E+00  0.000E+00  5.027E+00  5.655E+00
  1.140E+01  1.866E+01  0.000E+00  0.000E+00  5.027E+00  5.655E+00
  1.866E+01  3.055E+01  0.000E+00  0.000E+00  5.027E+00  5.655E+00
  3.055E+01  5.000E+01  0.000E+00  0.000E+00  5.027E+00  5.655E+00
  5.000E+01  5.000E+01  0.000E+00  0.000E+00  5.027E+00  5.655E+00

 # Block n:           10     5.65486717      :   6.28318548    
  1.000E-09  1.637E-09  0.000E+00  0.000E+00  5.655E+00  6.283E+00
  1.637E-09  2.679E-09  0.000E+00  0.000E+00  5.655E+00  6.283E+00
  2.679E-09  4.385E-09  0.000E+00  0.000E+00  5.655E+00  6.283E+00
  4.385E-09  7.177E-09  0.000E+00  0.000E+00  5.655E+00  6.283E+00
  7.177E-09  1.175E-08  0.000E+00  0.000E+00  5.655E+00  6.283E+00
  1.175E-08  1.923E-08  0.000E+00  0.000E+00  5.655E+00  6.283E+00
  1.923E-08  3.147E-08  0.000E+00  0.000E+00  5.655E+00  6.283E+00
  3.147E-08  5.150E-08  0.000E+00  0.000E+00  5.655E+00  6.283E+00
  5.150E-08  8.430E-08  0.000E+00  0.000E+00  5.655E+00  6.283E+00
  8.430E-08  1.380E-07  0.000E+00  0.000E+00  5.655E+00  6.283E+00
  1.380E-07  2.258E-07  0.000E+00  0.000E+00  5.655E+00  6.283E+00
  2.258E-07  3.696E-07  0.000E+00  0.000E+00  5.655E+00  6.283E+00
  3.696E-07  6.050E-07  0.000E+00  0.000E+00  5.655E+00  6.283E+00
  6.050E-07  9.902E-07  0.000E+00  0.000E+00  5.655E+00  6.283E+00
  9.902E-07  1.621E-06  0.000E+00  0.000E+00  5.655E+00  6.283E+00
  1.621E-06  2.653E-06  0.000E+00  0.000E+00  5.655E+00  6.283E+00
  2.653E-06  4.342E-06  0.000E+00  0.000E+00  5.655E+00  6.283E+00
  4.342E-06  7.106E-06  0.000E+00  0.000E+00  5.655E+00  6.283E+00
  7.106E-06  1.163E-05  0.000E+00  0.000E+00  5.655E+00  6.283E+00
  1.163E-05  1.904E-05  0.000E+00  0.000E+00  5.655E+00  6.283E+00
  1.904E-05  3.116E-05  0.000E+00  0.000E+00  5.655E+00  6.283E+00
  3.116E-05  5.100E-05  0.000E+00  0.000E+00  5.655E+00  6.283E+00
  5.100E-05  8.347E-05  0.000E+00  0.000E+00  5.655E+00  6.283E+00
  8.347E-05  1.366E-04  0.000E+00  0.000E+00  5.655E+00  6.283E+00
  1.366E-04  2.236E-04  0.000E+00  0.000E+00  5.655E+00  6.283E+00
  2.236E-04  3.660E-04  2.014E-04  6.693E+01  5.655E+00  6.283E+00
  3.660E-04  5.990E-04  7.285E-05  9.900E+01  5.655E+00  6.283E+00
  5.990E-04  9.804E-04  5.353E-05  6.667E+01  5.655E+00  6.283E+00
  9.804E-04  1.605E-03  2.035E-05  9.900E+01  5.655E+00  6.283E+00
  1.605E-03  2.627E-03  6.128E-05  7.101E+01  5.655E+00  6.283E+00
  2.627E-03  4.299E-03  8.889E-05  5.542E+01  5.655E+00  6.283E+00
  4.299E-03  7.036E-03  8.049E-06  9.900E+01  5.655E+00  6.283E+00
  7.036E-03  1.152E-02  1.018E-04  3.643E+01  5.655E+00  6.283E+00
  1.152E-02  1.885E-02  7.091E-05  1.716E+01  5.655E+00  6.283E+00
  1.885E-02  3.085E-02  9.673E-05  2.359E+01  5.655E+00  6.283E+00
  3.085E-02  5.050E-02  1.398E-04  5.052E+00  5.655E+00  6.283E+00
  5.050E-02  8.265E-02  1.529E-04  4.989E+00  5.655E+00  6.283E+00
  8.265E-02  1.353E-01  1.200E-04  6.309E+00  5.655E+00  6.283E+00
  1.353E-01  2.214E-01  4.518E-04  7.797E+01  5.655E+00  6.283E+00
  2.214E-01  3.624E-01  4.434E-05  7.433E+00  5.655E+00  6.283E+00
  3.624E-01  5.931E-01  1.276E-05  1.569E+01  5.655E+00  6.283E+00
  5.931E-01  9.708E-01  7.031E-07  2.284E+01  5.655E+00  6.283E+00
  9.708E-01  1.589E+00  0.000E+00  0.000E+00  5.655E+00  6.283E+00
  1.589E+00  2.601E+00  0.000E+00  0.000E+00  5.655E+00  6.283E+00
  2.601E+00  4.257E+00  0.000E+00  0.000E+00  5.655E+00  6.283E+00
  4.257E+00  6.967E+00  0.000E+00  0.000E+00  5.655E+00  6.283E+00
  6.967E+00  1.140E+01  0.000E+00  0.000E+00  5.655E+00  6.283E+00
  1.140E+01  1.866E+01  0.000E+00  0.000E+00  5.655E+00  6.283E+00
  1.866E+01  3.055E+01  0.000E+00  0.000E+00  5.655E+00  6.283E+00
  3.055E+01  5.000E+01  0.000E+00  0.000E+00  5.655E+00  6.283E+00
  5.000E+01  5.000E+01  0.000E+00  0.000E+00  5.655E+00  6.283E+00

  1.000E-09  1.000E-09  0.000E+00  0.000E+00  6.283E+00  6.283E+00
  1.637E-09  1.637E-09  0.000E+00  0.000E+00  6.283E+00  6.283E+00
  2.679E-09  2.679E-09  0.000E+00  0.000E+00  6.283E+00  6.283E+00
  4.385E-09  4.385E-09  0.000E+00  0.000E+00  6.283E+00  6.283E+00
  7.177E-09  7.177E-09  0.000E+00  0.000E+00  6.283E+00  6.283E+00
  1.175E-08  1.175E-08  0.000E+00  0.000E+00  6.283E+00  6.283E+00
  1.923E-08  1.923E-08  0.000E+00  0.000E+00  6.283E+00  6.283E+00
  3.147E-08  3.147E-08  0.000E+00  0.000E+00  6.283E+00  6.283E+00
  5.150E-08  5.150E-08  0.000E+00  0.000E+00  6.283E+00  6.283E+00
  8.430E-08  8.430E-08  0.000E+00  0.000E+00  6.283E+00  6.283E+00
  1.380E-07  1.380E-07  0.000E+00  0.000E+00  6.283E+00  6.283E+00
  2.258E-07  2.258E-07  0.000E+00  0.000E+00  6.283E+00  6.283E+00
  3.696E-07  3.696E-07  0.000E+00  0.000E+00  6.283E+00  6.283E+00
  6.050E-07  6.050E-07  0.000E+00  0.000E+00  6.283E+00  6.283E+00
  9.902E-07  9.902E-07  0.000E+00  0.000E+00  6.283E+00  6.283E+00
  1.621E-06  1.621E-06  0.000E+00  0.000E+00  6.283E+00  6.283E+00
  2.653E-06  2.653E-06  0.000E+00  0.000E+00  6.283E+00  6.283E+00
  4.342E-06  4.342E-06  0.000E+00  0.000E+00  6.283E+00  6.283E+00
  7.106E-06  7.106E-06  0.000E+00  0.000E+00  6.283E+00  6.283E+00
  1.163E-05  1.163E-05  0.000E+00  0.000E+00  6.283E+00  6.283E+00
  1.904E-05  1.904E-05  0.000E+00  0.000E+00  6.283E+00  6.283E+00
  3.116E-05  3.116E-05  0.000E+00  0.000E+00  6.283E+00  6.283E+00
  5.100E-05  5.100E-05  0.000E+00  0.000E+00  6.283E+00  6.283E+00
  8.347E-05  8.347E-05  0.000E+00  0.000E+00  6.283E+00  6.283E+00
  1.366E-04  1.366E-04  0.000E+00  0.000E+00  6.283E+00  6.283E+00
  2.236E-04  2.236E-04  0.000E+00  0.000E+00  6.283E+00  6.283E+00
  3.660E-04  3.660E-04  0.000E+00  0.000E+00  6.283E+00  6.283E+00
  5.990E-04  5.990E-04  0.000E+00  0.000E+00  6.283E+00  6.283E+00
  9.804E-04  9.804E-04  0.000E+00  0.000E+00  6.283E+00  6.283E+00
  1.605E-03  1.605E-03  0.000E+00  0.000E+00  6.283E+00  6.283E+00
  2.627E-03  2.627E-03  0.000E+00  0.000E+00  6.283E+00  6.283E+00
  4.299E-03  4.299E-03  0.000E+00  0.000E+00  6.283E+00  6.283E+00
  7.036E-03  7.036E-03  0.000E+00  0.000E+00  6.283E+00  6.283E+00
  1.152E-02  1.152E-02  0.000E+00  0.000E+00  6.283E+00  6.283E+00
  1.885E-02  1.885E-02  0.000E+00  0.000E+00  6.283E+00  6.283E+00
  3.085E-02  3.085E-02  0.000E+00  0.000E+00  6.283E+00  6.283E+00
  5.050E-02  5.050E-02  0.000E+00  0.000E+00  6.283E+00  6.283E+00
  8.265E-02  8.265E-02  0.000E+00  0.000E+00  6.283E+00  6.283E+00
  1.353E-01  1.353E-01  0.000E+00  0.000E+00  6.283E+00  6.283E+00
  2.214E-01  2.214E-01  0.000E+00  0.000E+00  6.283E+00  6.283E+00
  3.624E-01  3.624E-01  0.000E+00  0.000E+00  6.283E+00  6.283E+00
  5.931E-01  5.931E-01  0.000E+00  0.000E+00  6.283E+00  6.283E+00
  9.708E-01  9.708E-01  0.000E+00  0.000E+00  6.283E+00  6.283E+00
  1.589E+00  1.589E+00  0.000E+00  0.000E+00  6.283E+00  6.283E+00
  2.601E+00  2.601E+00  0.000E+00  0.000E+00  6.283E+00  6.283E+00
  4.257E+00  4.257E+00  0.000E+00  0.000E+00  6.283E+00  6.283E+00
  6.967E+00  6.967E+00  0.000E+00  0.000E+00  6.283E+00  6.283E+00
  1.140E+01  1.140E+01  0.000E+00  0.000E+00  6.283E+00  6.283E+00
  1.866E+01  1.866E+01  0.000E+00  0.000E+00  6.283E+00  6.283E+00
  3.055E+01  3.055E+01  0.000E+00  0.000E+00  6.283E+00  6.283E+00
  5.000E+01  5.000E+01  0.000E+00  0.000E+00  6.283E+00  6.283E+00
