 # Detector n:            1   piCurrUD  (integrated over solid angle)
 # N. of energy intervals          50
  1.000E-09  1.637E-09  0.000E+00  0.000E+00
  1.637E-09  2.679E-09  0.000E+00  0.000E+00
  2.679E-09  4.385E-09  0.000E+00  0.000E+00
  4.385E-09  7.177E-09  0.000E+00  0.000E+00
  7.177E-09  1.175E-08  0.000E+00  0.000E+00
  1.175E-08  1.923E-08  0.000E+00  0.000E+00
  1.923E-08  3.147E-08  0.000E+00  0.000E+00
  3.147E-08  5.150E-08  0.000E+00  0.000E+00
  5.150E-08  8.430E-08  0.000E+00  0.000E+00
  8.430E-08  1.380E-07  0.000E+00  0.000E+00
  1.380E-07  2.258E-07  0.000E+00  0.000E+00
  2.258E-07  3.696E-07  0.000E+00  0.000E+00
  3.696E-07  6.050E-07  0.000E+00  0.000E+00
  6.050E-07  9.902E-07  0.000E+00  0.000E+00
  9.902E-07  1.621E-06  0.000E+00  0.000E+00
  1.621E-06  2.653E-06  0.000E+00  0.000E+00
  2.653E-06  4.342E-06  0.000E+00  0.000E+00
  4.342E-06  7.106E-06  0.000E+00  0.000E+00
  7.106E-06  1.163E-05  2.763E-04  6.667E+01
  1.163E-05  1.904E-05  0.000E+00  0.000E+00
  1.904E-05  3.116E-05  5.156E-05  9.900E+01
  3.116E-05  5.100E-05  1.575E-04  4.472E+01
  5.100E-05  8.347E-05  5.774E-05  7.115E+01
  8.347E-05  1.366E-04  3.528E-05  7.115E+01
  1.366E-04  2.236E-04  6.466E-05  4.521E+01
  2.236E-04  3.660E-04  1.054E-04  1.984E+01
  3.660E-04  5.990E-04  8.046E-05  2.222E+01
  5.990E-04  9.804E-04  9.012E-05  1.158E+01
  9.804E-04  1.605E-03  1.071E-04  1.043E+01
  1.605E-03  2.627E-03  8.074E-05  1.178E+01
  2.627E-03  4.299E-03  9.717E-05  7.252E+00
  4.299E-03  7.036E-03  1.034E-04  6.672E+00
  7.036E-03  1.152E-02  1.278E-04  4.987E+00
  1.152E-02  1.885E-02  2.315E-04  2.765E+00
  1.885E-02  3.085E-02  3.469E-04  2.701E+00
  3.085E-02  5.050E-02  4.574E-04  2.440E+00
  5.050E-02  8.265E-02  5.529E-04  2.702E+00
  8.265E-02  1.353E-01  5.851E-04  2.200E+00
  1.353E-01  2.214E-01  6.437E-04  2.225E+00
  2.214E-01  3.624E-01  6.832E-04  2.129E+00
  3.624E-01  5.931E-01  5.862E-04  2.089E+00
  5.931E-01  9.708E-01  4.095E-04  1.969E+00
  9.708E-01  1.589E+00  2.603E-04  2.056E+00
  1.589E+00  2.601E+00  1.542E-04  2.065E+00
  2.601E+00  4.257E+00  8.277E-05  2.118E+00
  4.257E+00  6.967E+00  3.992E-05  1.833E+00
  6.967E+00  1.140E+01  1.635E-05  1.900E+00
  1.140E+01  1.866E+01  4.969E-06  2.062E+00
  1.866E+01  3.055E+01  9.796E-07  1.914E+00
  3.055E+01  5.000E+01  5.286E-08  2.679E+00


 # double differential distributions
 # number of solid angle intervals          10
 # Block n:            1     0.00000000      :  0.628318548    
  1.000E-09  1.637E-09  0.000E+00  0.000E+00  0.000E+00  6.283E-01
  1.637E-09  2.679E-09  0.000E+00  0.000E+00  0.000E+00  6.283E-01
  2.679E-09  4.385E-09  0.000E+00  0.000E+00  0.000E+00  6.283E-01
  4.385E-09  7.177E-09  0.000E+00  0.000E+00  0.000E+00  6.283E-01
  7.177E-09  1.175E-08  0.000E+00  0.000E+00  0.000E+00  6.283E-01
  1.175E-08  1.923E-08  0.000E+00  0.000E+00  0.000E+00  6.283E-01
  1.923E-08  3.147E-08  0.000E+00  0.000E+00  0.000E+00  6.283E-01
  3.147E-08  5.150E-08  0.000E+00  0.000E+00  0.000E+00  6.283E-01
  5.150E-08  8.430E-08  0.000E+00  0.000E+00  0.000E+00  6.283E-01
  8.430E-08  1.380E-07  0.000E+00  0.000E+00  0.000E+00  6.283E-01
  1.380E-07  2.258E-07  0.000E+00  0.000E+00  0.000E+00  6.283E-01
  2.258E-07  3.696E-07  0.000E+00  0.000E+00  0.000E+00  6.283E-01
  3.696E-07  6.050E-07  0.000E+00  0.000E+00  0.000E+00  6.283E-01
  6.050E-07  9.902E-07  0.000E+00  0.000E+00  0.000E+00  6.283E-01
  9.902E-07  1.621E-06  0.000E+00  0.000E+00  0.000E+00  6.283E-01
  1.621E-06  2.653E-06  0.000E+00  0.000E+00  0.000E+00  6.283E-01
  2.653E-06  4.342E-06  0.000E+00  0.000E+00  0.000E+00  6.283E-01
  4.342E-06  7.106E-06  0.000E+00  0.000E+00  0.000E+00  6.283E-01
  7.106E-06  1.163E-05  0.000E+00  0.000E+00  0.000E+00  6.283E-01
  1.163E-05  1.904E-05  0.000E+00  0.000E+00  0.000E+00  6.283E-01
  1.904E-05  3.116E-05  8.206E-05  9.900E+01  0.000E+00  6.283E-01
  3.116E-05  5.100E-05  5.014E-05  9.900E+01  0.000E+00  6.283E-01
  5.100E-05  8.347E-05  0.000E+00  0.000E+00  0.000E+00  6.283E-01
  8.347E-05  1.366E-04  0.000E+00  0.000E+00  0.000E+00  6.283E-01
  1.366E-04  2.236E-04  0.000E+00  0.000E+00  0.000E+00  6.283E-01
  2.236E-04  3.660E-04  2.096E-05  5.092E+01  0.000E+00  6.283E-01
  3.660E-04  5.990E-04  8.537E-06  9.900E+01  0.000E+00  6.283E-01
  5.990E-04  9.804E-04  7.824E-06  5.092E+01  0.000E+00  6.283E-01
  9.804E-04  1.605E-03  1.912E-05  2.992E+01  0.000E+00  6.283E-01
  1.605E-03  2.627E-03  1.168E-05  2.722E+01  0.000E+00  6.283E-01
  2.627E-03  4.299E-03  2.022E-05  1.531E+01  0.000E+00  6.283E-01
  4.299E-03  7.036E-03  2.435E-05  1.045E+01  0.000E+00  6.283E-01
  7.036E-03  1.152E-02  2.820E-05  1.089E+01  0.000E+00  6.283E-01
  1.152E-02  1.885E-02  5.263E-05  6.719E+00  0.000E+00  6.283E-01
  1.885E-02  3.085E-02  8.768E-05  3.425E+00  0.000E+00  6.283E-01
  3.085E-02  5.050E-02  1.122E-04  2.830E+00  0.000E+00  6.283E-01
  5.050E-02  8.265E-02  1.491E-04  3.255E+00  0.000E+00  6.283E-01
  8.265E-02  1.353E-01  1.830E-04  2.605E+00  0.000E+00  6.283E-01
  1.353E-01  2.214E-01  2.550E-04  2.746E+00  0.000E+00  6.283E-01
  2.214E-01  3.624E-01  3.654E-04  2.365E+00  0.000E+00  6.283E-01
  3.624E-01  5.931E-01  4.509E-04  2.148E+00  0.000E+00  6.283E-01
  5.931E-01  9.708E-01  4.529E-04  1.902E+00  0.000E+00  6.283E-01
  9.708E-01  1.589E+00  3.676E-04  2.047E+00  0.000E+00  6.283E-01
  1.589E+00  2.601E+00  2.403E-04  2.082E+00  0.000E+00  6.283E-01
  2.601E+00  4.257E+00  1.315E-04  2.122E+00  0.000E+00  6.283E-01
  4.257E+00  6.967E+00  6.353E-05  1.833E+00  0.000E+00  6.283E-01
  6.967E+00  1.140E+01  2.602E-05  1.900E+00  0.000E+00  6.283E-01
  1.140E+01  1.866E+01  7.908E-06  2.062E+00  0.000E+00  6.283E-01
  1.866E+01  3.055E+01  1.559E-06  1.914E+00  0.000E+00  6.283E-01
  3.055E+01  5.000E+01  8.412E-08  2.679E+00  0.000E+00  6.283E-01
  5.000E+01  5.000E+01  0.000E+00  0.000E+00  0.000E+00  6.283E-01

 # Block n:            2    0.628318548      :   1.25663710    
  1.000E-09  1.637E-09  0.000E+00  0.000E+00  6.283E-01  1.257E+00
  1.637E-09  2.679E-09  0.000E+00  0.000E+00  6.283E-01  1.257E+00
  2.679E-09  4.385E-09  0.000E+00  0.000E+00  6.283E-01  1.257E+00
  4.385E-09  7.177E-09  0.000E+00  0.000E+00  6.283E-01  1.257E+00
  7.177E-09  1.175E-08  0.000E+00  0.000E+00  6.283E-01  1.257E+00
  1.175E-08  1.923E-08  0.000E+00  0.000E+00  6.283E-01  1.257E+00
  1.923E-08  3.147E-08  0.000E+00  0.000E+00  6.283E-01  1.257E+00
  3.147E-08  5.150E-08  0.000E+00  0.000E+00  6.283E-01  1.257E+00
  5.150E-08  8.430E-08  0.000E+00  0.000E+00  6.283E-01  1.257E+00
  8.430E-08  1.380E-07  0.000E+00  0.000E+00  6.283E-01  1.257E+00
  1.380E-07  2.258E-07  0.000E+00  0.000E+00  6.283E-01  1.257E+00
  2.258E-07  3.696E-07  0.000E+00  0.000E+00  6.283E-01  1.257E+00
  3.696E-07  6.050E-07  0.000E+00  0.000E+00  6.283E-01  1.257E+00
  6.050E-07  9.902E-07  0.000E+00  0.000E+00  6.283E-01  1.257E+00
  9.902E-07  1.621E-06  0.000E+00  0.000E+00  6.283E-01  1.257E+00
  1.621E-06  2.653E-06  0.000E+00  0.000E+00  6.283E-01  1.257E+00
  2.653E-06  4.342E-06  0.000E+00  0.000E+00  6.283E-01  1.257E+00
  4.342E-06  7.106E-06  0.000E+00  0.000E+00  6.283E-01  1.257E+00
  7.106E-06  1.163E-05  2.198E-04  9.900E+01  6.283E-01  1.257E+00
  1.163E-05  1.904E-05  0.000E+00  0.000E+00  6.283E-01  1.257E+00
  1.904E-05  3.116E-05  0.000E+00  0.000E+00  6.283E-01  1.257E+00
  3.116E-05  5.100E-05  5.014E-05  9.900E+01  6.283E-01  1.257E+00
  5.100E-05  8.347E-05  3.063E-05  9.900E+01  6.283E-01  1.257E+00
  8.347E-05  1.366E-04  1.872E-05  9.900E+01  6.283E-01  1.257E+00
  1.366E-04  2.236E-04  1.143E-05  9.900E+01  6.283E-01  1.257E+00
  2.236E-04  3.660E-04  6.986E-06  9.900E+01  6.283E-01  1.257E+00
  3.660E-04  5.990E-04  1.281E-05  7.115E+01  6.283E-01  1.257E+00
  5.990E-04  9.804E-04  1.826E-05  3.719E+01  6.283E-01  1.257E+00
  9.804E-04  1.605E-03  3.027E-05  3.370E+01  6.283E-01  1.257E+00
  1.605E-03  2.627E-03  2.726E-05  1.750E+01  6.283E-01  1.257E+00
  2.627E-03  4.299E-03  2.558E-05  2.138E+01  6.283E-01  1.257E+00
  4.299E-03  7.036E-03  2.398E-05  9.897E+00  6.283E-01  1.257E+00
  7.036E-03  1.152E-02  2.997E-05  8.500E+00  6.283E-01  1.257E+00
  1.152E-02  1.885E-02  5.521E-05  6.429E+00  6.283E-01  1.257E+00
  1.885E-02  3.085E-02  8.172E-05  3.303E+00  6.283E-01  1.257E+00
  3.085E-02  5.050E-02  1.122E-04  3.394E+00  6.283E-01  1.257E+00
  5.050E-02  8.265E-02  1.374E-04  3.528E+00  6.283E-01  1.257E+00
  8.265E-02  1.353E-01  1.650E-04  2.322E+00  6.283E-01  1.257E+00
  1.353E-01  2.214E-01  2.066E-04  1.946E+00  6.283E-01  1.257E+00
  2.214E-01  3.624E-01  2.487E-04  1.937E+00  6.283E-01  1.257E+00
  3.624E-01  5.931E-01  2.186E-04  2.174E+00  6.283E-01  1.257E+00
  5.931E-01  9.708E-01  1.198E-04  2.014E+00  6.283E-01  1.257E+00
  9.708E-01  1.589E+00  3.608E-05  2.259E+00  6.283E-01  1.257E+00
  1.589E+00  2.601E+00  4.622E-06  1.595E+00  6.283E-01  1.257E+00
  2.601E+00  4.257E+00  1.778E-07  3.639E+00  6.283E-01  1.257E+00
  4.257E+00  6.967E+00  1.468E-09  5.528E+01  6.283E-01  1.257E+00
  6.967E+00  1.140E+01  0.000E+00  0.000E+00  6.283E-01  1.257E+00
  1.140E+01  1.866E+01  0.000E+00  0.000E+00  6.283E-01  1.257E+00
  1.866E+01  3.055E+01  0.000E+00  0.000E+00  6.283E-01  1.257E+00
  3.055E+01  5.000E+01  0.000E+00  0.000E+00  6.283E-01  1.257E+00
  5.000E+01  5.000E+01  0.000E+00  0.000E+00  6.283E-01  1.257E+00

 # Block n:            3     1.25663710      :   1.88495564    
  1.000E-09  1.637E-09  0.000E+00  0.000E+00  1.257E+00  1.885E+00
  1.637E-09  2.679E-09  0.000E+00  0.000E+00  1.257E+00  1.885E+00
  2.679E-09  4.385E-09  0.000E+00  0.000E+00  1.257E+00  1.885E+00
  4.385E-09  7.177E-09  0.000E+00  0.000E+00  1.257E+00  1.885E+00
  7.177E-09  1.175E-08  0.000E+00  0.000E+00  1.257E+00  1.885E+00
  1.175E-08  1.923E-08  0.000E+00  0.000E+00  1.257E+00  1.885E+00
  1.923E-08  3.147E-08  0.000E+00  0.000E+00  1.257E+00  1.885E+00
  3.147E-08  5.150E-08  0.000E+00  0.000E+00  1.257E+00  1.885E+00
  5.150E-08  8.430E-08  0.000E+00  0.000E+00  1.257E+00  1.885E+00
  8.430E-08  1.380E-07  0.000E+00  0.000E+00  1.257E+00  1.885E+00
  1.380E-07  2.258E-07  0.000E+00  0.000E+00  1.257E+00  1.885E+00
  2.258E-07  3.696E-07  0.000E+00  0.000E+00  1.257E+00  1.885E+00
  3.696E-07  6.050E-07  0.000E+00  0.000E+00  1.257E+00  1.885E+00
  6.050E-07  9.902E-07  0.000E+00  0.000E+00  1.257E+00  1.885E+00
  9.902E-07  1.621E-06  0.000E+00  0.000E+00  1.257E+00  1.885E+00
  1.621E-06  2.653E-06  0.000E+00  0.000E+00  1.257E+00  1.885E+00
  2.653E-06  4.342E-06  0.000E+00  0.000E+00  1.257E+00  1.885E+00
  4.342E-06  7.106E-06  0.000E+00  0.000E+00  1.257E+00  1.885E+00
  7.106E-06  1.163E-05  0.000E+00  0.000E+00  1.257E+00  1.885E+00
  1.163E-05  1.904E-05  0.000E+00  0.000E+00  1.257E+00  1.885E+00
  1.904E-05  3.116E-05  0.000E+00  0.000E+00  1.257E+00  1.885E+00
  3.116E-05  5.100E-05  5.014E-05  9.900E+01  1.257E+00  1.885E+00
  5.100E-05  8.347E-05  0.000E+00  0.000E+00  1.257E+00  1.885E+00
  8.347E-05  1.366E-04  0.000E+00  0.000E+00  1.257E+00  1.885E+00
  1.366E-04  2.236E-04  0.000E+00  0.000E+00  1.257E+00  1.885E+00
  2.236E-04  3.660E-04  2.096E-05  5.092E+01  1.257E+00  1.885E+00
  3.660E-04  5.990E-04  2.134E-05  4.472E+01  1.257E+00  1.885E+00
  5.990E-04  9.804E-04  2.086E-05  2.500E+01  1.257E+00  1.885E+00
  9.804E-04  1.605E-03  3.187E-05  2.472E+01  1.257E+00  1.885E+00
  1.605E-03  2.627E-03  1.947E-05  3.333E+01  1.257E+00  1.885E+00
  2.627E-03  4.299E-03  1.844E-05  2.227E+01  1.257E+00  1.885E+00
  4.299E-03  7.036E-03  2.289E-05  1.723E+01  1.257E+00  1.885E+00
  7.036E-03  1.152E-02  2.886E-05  8.657E+00  1.257E+00  1.885E+00
  1.152E-02  1.885E-02  5.562E-05  3.779E+00  1.257E+00  1.885E+00
  1.885E-02  3.085E-02  7.898E-05  2.750E+00  1.257E+00  1.885E+00
  3.085E-02  5.050E-02  9.606E-05  2.645E+00  1.257E+00  1.885E+00
  5.050E-02  8.265E-02  1.266E-04  3.643E+00  1.257E+00  1.885E+00
  8.265E-02  1.353E-01  1.392E-04  3.050E+00  1.257E+00  1.885E+00
  1.353E-01  2.214E-01  1.653E-04  2.309E+00  1.257E+00  1.885E+00
  2.214E-01  3.624E-01  1.680E-04  2.305E+00  1.257E+00  1.885E+00
  3.624E-01  5.931E-01  1.142E-04  2.078E+00  1.257E+00  1.885E+00
  5.931E-01  9.708E-01  4.373E-05  2.663E+00  1.257E+00  1.885E+00
  9.708E-01  1.589E+00  7.616E-06  2.648E+00  1.257E+00  1.885E+00
  1.589E+00  2.601E+00  4.228E-07  4.766E+00  1.257E+00  1.885E+00
  2.601E+00  4.257E+00  1.201E-09  6.667E+01  1.257E+00  1.885E+00
  4.257E+00  6.967E+00  0.000E+00  0.000E+00  1.257E+00  1.885E+00
  6.967E+00  1.140E+01  0.000E+00  0.000E+00  1.257E+00  1.885E+00
  1.140E+01  1.866E+01  0.000E+00  0.000E+00  1.257E+00  1.885E+00
  1.866E+01  3.055E+01  0.000E+00  0.000E+00  1.257E+00  1.885E+00
  3.055E+01  5.000E+01  0.000E+00  0.000E+00  1.257E+00  1.885E+00
  5.000E+01  5.000E+01  0.000E+00  0.000E+00  1.257E+00  1.885E+00

 # Block n:            4     1.88495564      :   2.51327419    
  1.000E-09  1.637E-09  0.000E+00  0.000E+00  1.885E+00  2.513E+00
  1.637E-09  2.679E-09  0.000E+00  0.000E+00  1.885E+00  2.513E+00
  2.679E-09  4.385E-09  0.000E+00  0.000E+00  1.885E+00  2.513E+00
  4.385E-09  7.177E-09  0.000E+00  0.000E+00  1.885E+00  2.513E+00
  7.177E-09  1.175E-08  0.000E+00  0.000E+00  1.885E+00  2.513E+00
  1.175E-08  1.923E-08  0.000E+00  0.000E+00  1.885E+00  2.513E+00
  1.923E-08  3.147E-08  0.000E+00  0.000E+00  1.885E+00  2.513E+00
  3.147E-08  5.150E-08  0.000E+00  0.000E+00  1.885E+00  2.513E+00
  5.150E-08  8.430E-08  0.000E+00  0.000E+00  1.885E+00  2.513E+00
  8.430E-08  1.380E-07  0.000E+00  0.000E+00  1.885E+00  2.513E+00
  1.380E-07  2.258E-07  0.000E+00  0.000E+00  1.885E+00  2.513E+00
  2.258E-07  3.696E-07  0.000E+00  0.000E+00  1.885E+00  2.513E+00
  3.696E-07  6.050E-07  0.000E+00  0.000E+00  1.885E+00  2.513E+00
  6.050E-07  9.902E-07  0.000E+00  0.000E+00  1.885E+00  2.513E+00
  9.902E-07  1.621E-06  0.000E+00  0.000E+00  1.885E+00  2.513E+00
  1.621E-06  2.653E-06  0.000E+00  0.000E+00  1.885E+00  2.513E+00
  2.653E-06  4.342E-06  0.000E+00  0.000E+00  1.885E+00  2.513E+00
  4.342E-06  7.106E-06  0.000E+00  0.000E+00  1.885E+00  2.513E+00
  7.106E-06  1.163E-05  2.198E-04  9.900E+01  1.885E+00  2.513E+00
  1.163E-05  1.904E-05  0.000E+00  0.000E+00  1.885E+00  2.513E+00
  1.904E-05  3.116E-05  0.000E+00  0.000E+00  1.885E+00  2.513E+00
  3.116E-05  5.100E-05  5.014E-05  9.900E+01  1.885E+00  2.513E+00
  5.100E-05  8.347E-05  0.000E+00  0.000E+00  1.885E+00  2.513E+00
  8.347E-05  1.366E-04  0.000E+00  0.000E+00  1.885E+00  2.513E+00
  1.366E-04  2.236E-04  3.430E-05  5.092E+01  1.885E+00  2.513E+00
  2.236E-04  3.660E-04  1.397E-05  6.667E+01  1.885E+00  2.513E+00
  3.660E-04  5.990E-04  8.537E-06  6.667E+01  1.885E+00  2.513E+00
  5.990E-04  9.804E-04  1.304E-05  3.333E+01  1.885E+00  2.513E+00
  9.804E-04  1.605E-03  2.549E-05  2.320E+01  1.885E+00  2.513E+00
  1.605E-03  2.627E-03  1.850E-05  2.281E+01  1.885E+00  2.513E+00
  2.627E-03  4.299E-03  2.260E-05  1.993E+01  1.885E+00  2.513E+00
  4.299E-03  7.036E-03  2.108E-05  1.331E+01  1.885E+00  2.513E+00
  7.036E-03  1.152E-02  3.108E-05  7.143E+00  1.885E+00  2.513E+00
  1.152E-02  1.885E-02  4.856E-05  6.017E+00  1.885E+00  2.513E+00
  1.885E-02  3.085E-02  6.796E-05  3.856E+00  1.885E+00  2.513E+00
  3.085E-02  5.050E-02  9.955E-05  3.422E+00  1.885E+00  2.513E+00
  5.050E-02  8.265E-02  1.197E-04  2.247E+00  1.885E+00  2.513E+00
  8.265E-02  1.353E-01  1.246E-04  1.986E+00  1.885E+00  2.513E+00
  1.353E-01  2.214E-01  1.261E-04  2.410E+00  1.885E+00  2.513E+00
  2.214E-01  3.624E-01  1.137E-04  2.041E+00  1.885E+00  2.513E+00
  3.624E-01  5.931E-01  6.536E-05  2.078E+00  1.885E+00  2.513E+00
  5.931E-01  9.708E-01  1.943E-05  1.917E+00  1.885E+00  2.513E+00
  9.708E-01  1.589E+00  2.092E-06  3.747E+00  1.885E+00  2.513E+00
  1.589E+00  2.601E+00  5.702E-08  1.621E+01  1.885E+00  2.513E+00
  2.601E+00  4.257E+00  0.000E+00  0.000E+00  1.885E+00  2.513E+00
  4.257E+00  6.967E+00  0.000E+00  0.000E+00  1.885E+00  2.513E+00
  6.967E+00  1.140E+01  0.000E+00  0.000E+00  1.885E+00  2.513E+00
  1.140E+01  1.866E+01  0.000E+00  0.000E+00  1.885E+00  2.513E+00
  1.866E+01  3.055E+01  0.000E+00  0.000E+00  1.885E+00  2.513E+00
  3.055E+01  5.000E+01  0.000E+00  0.000E+00  1.885E+00  2.513E+00
  5.000E+01  5.000E+01  0.000E+00  0.000E+00  1.885E+00  2.513E+00

 # Block n:            5     2.51327419      :   3.14159274    
  1.000E-09  1.637E-09  0.000E+00  0.000E+00  2.513E+00  3.142E+00
  1.637E-09  2.679E-09  0.000E+00  0.000E+00  2.513E+00  3.142E+00
  2.679E-09  4.385E-09  0.000E+00  0.000E+00  2.513E+00  3.142E+00
  4.385E-09  7.177E-09  0.000E+00  0.000E+00  2.513E+00  3.142E+00
  7.177E-09  1.175E-08  0.000E+00  0.000E+00  2.513E+00  3.142E+00
  1.175E-08  1.923E-08  0.000E+00  0.000E+00  2.513E+00  3.142E+00
  1.923E-08  3.147E-08  0.000E+00  0.000E+00  2.513E+00  3.142E+00
  3.147E-08  5.150E-08  0.000E+00  0.000E+00  2.513E+00  3.142E+00
  5.150E-08  8.430E-08  0.000E+00  0.000E+00  2.513E+00  3.142E+00
  8.430E-08  1.380E-07  0.000E+00  0.000E+00  2.513E+00  3.142E+00
  1.380E-07  2.258E-07  0.000E+00  0.000E+00  2.513E+00  3.142E+00
  2.258E-07  3.696E-07  0.000E+00  0.000E+00  2.513E+00  3.142E+00
  3.696E-07  6.050E-07  0.000E+00  0.000E+00  2.513E+00  3.142E+00
  6.050E-07  9.902E-07  0.000E+00  0.000E+00  2.513E+00  3.142E+00
  9.902E-07  1.621E-06  0.000E+00  0.000E+00  2.513E+00  3.142E+00
  1.621E-06  2.653E-06  0.000E+00  0.000E+00  2.513E+00  3.142E+00
  2.653E-06  4.342E-06  0.000E+00  0.000E+00  2.513E+00  3.142E+00
  4.342E-06  7.106E-06  0.000E+00  0.000E+00  2.513E+00  3.142E+00
  7.106E-06  1.163E-05  0.000E+00  0.000E+00  2.513E+00  3.142E+00
  1.163E-05  1.904E-05  0.000E+00  0.000E+00  2.513E+00  3.142E+00
  1.904E-05  3.116E-05  0.000E+00  0.000E+00  2.513E+00  3.142E+00
  3.116E-05  5.100E-05  0.000E+00  0.000E+00  2.513E+00  3.142E+00
  5.100E-05  8.347E-05  0.000E+00  0.000E+00  2.513E+00  3.142E+00
  8.347E-05  1.366E-04  1.872E-05  9.900E+01  2.513E+00  3.142E+00
  1.366E-04  2.236E-04  1.143E-05  9.900E+01  2.513E+00  3.142E+00
  2.236E-04  3.660E-04  3.493E-05  4.472E+01  2.513E+00  3.142E+00
  3.660E-04  5.990E-04  1.707E-05  5.528E+01  2.513E+00  3.142E+00
  5.990E-04  9.804E-04  2.086E-05  3.632E+01  2.513E+00  3.142E+00
  9.804E-04  1.605E-03  1.434E-05  2.593E+01  2.513E+00  3.142E+00
  1.605E-03  2.627E-03  1.947E-05  1.667E+01  2.513E+00  3.142E+00
  2.627E-03  4.299E-03  2.260E-05  1.404E+01  2.513E+00  3.142E+00
  4.299E-03  7.036E-03  1.962E-05  1.614E+01  2.513E+00  3.142E+00
  7.036E-03  1.152E-02  2.287E-05  8.928E+00  2.513E+00  3.142E+00
  1.152E-02  1.885E-02  4.490E-05  7.636E+00  2.513E+00  3.142E+00
  1.885E-02  3.085E-02  6.995E-05  5.880E+00  2.513E+00  3.142E+00
  3.085E-02  5.050E-02  9.509E-05  3.106E+00  2.513E+00  3.142E+00
  5.050E-02  8.265E-02  1.087E-04  2.435E+00  2.513E+00  3.142E+00
  8.265E-02  1.353E-01  1.079E-04  2.318E+00  2.513E+00  3.142E+00
  1.353E-01  2.214E-01  1.013E-04  2.356E+00  2.513E+00  3.142E+00
  2.214E-01  3.624E-01  7.881E-05  2.336E+00  2.513E+00  3.142E+00
  3.624E-01  5.931E-01  3.932E-05  2.286E+00  2.513E+00  3.142E+00
  5.931E-01  9.708E-01  9.145E-06  3.398E+00  2.513E+00  3.142E+00
  9.708E-01  1.589E+00  5.890E-07  3.670E+00  2.513E+00  3.142E+00
  1.589E+00  2.601E+00  9.832E-09  2.108E+01  2.513E+00  3.142E+00
  2.601E+00  4.257E+00  0.000E+00  0.000E+00  2.513E+00  3.142E+00
  4.257E+00  6.967E+00  0.000E+00  0.000E+00  2.513E+00  3.142E+00
  6.967E+00  1.140E+01  0.000E+00  0.000E+00  2.513E+00  3.142E+00
  1.140E+01  1.866E+01  0.000E+00  0.000E+00  2.513E+00  3.142E+00
  1.866E+01  3.055E+01  0.000E+00  0.000E+00  2.513E+00  3.142E+00
  3.055E+01  5.000E+01  0.000E+00  0.000E+00  2.513E+00  3.142E+00
  5.000E+01  5.000E+01  0.000E+00  0.000E+00  2.513E+00  3.142E+00

 # Block n:            6     3.14159274      :   3.76991129    
  1.000E-09  1.637E-09  0.000E+00  0.000E+00  3.142E+00  3.770E+00
  1.637E-09  2.679E-09  0.000E+00  0.000E+00  3.142E+00  3.770E+00
  2.679E-09  4.385E-09  0.000E+00  0.000E+00  3.142E+00  3.770E+00
  4.385E-09  7.177E-09  0.000E+00  0.000E+00  3.142E+00  3.770E+00
  7.177E-09  1.175E-08  0.000E+00  0.000E+00  3.142E+00  3.770E+00
  1.175E-08  1.923E-08  0.000E+00  0.000E+00  3.142E+00  3.770E+00
  1.923E-08  3.147E-08  0.000E+00  0.000E+00  3.142E+00  3.770E+00
  3.147E-08  5.150E-08  0.000E+00  0.000E+00  3.142E+00  3.770E+00
  5.150E-08  8.430E-08  0.000E+00  0.000E+00  3.142E+00  3.770E+00
  8.430E-08  1.380E-07  0.000E+00  0.000E+00  3.142E+00  3.770E+00
  1.380E-07  2.258E-07  0.000E+00  0.000E+00  3.142E+00  3.770E+00
  2.258E-07  3.696E-07  0.000E+00  0.000E+00  3.142E+00  3.770E+00
  3.696E-07  6.050E-07  0.000E+00  0.000E+00  3.142E+00  3.770E+00
  6.050E-07  9.902E-07  0.000E+00  0.000E+00  3.142E+00  3.770E+00
  9.902E-07  1.621E-06  0.000E+00  0.000E+00  3.142E+00  3.770E+00
  1.621E-06  2.653E-06  0.000E+00  0.000E+00  3.142E+00  3.770E+00
  2.653E-06  4.342E-06  0.000E+00  0.000E+00  3.142E+00  3.770E+00
  4.342E-06  7.106E-06  0.000E+00  0.000E+00  3.142E+00  3.770E+00
  7.106E-06  1.163E-05  0.000E+00  0.000E+00  3.142E+00  3.770E+00
  1.163E-05  1.904E-05  0.000E+00  0.000E+00  3.142E+00  3.770E+00
  1.904E-05  3.116E-05  0.000E+00  0.000E+00  3.142E+00  3.770E+00
  3.116E-05  5.100E-05  5.014E-05  9.900E+01  3.142E+00  3.770E+00
  5.100E-05  8.347E-05  0.000E+00  0.000E+00  3.142E+00  3.770E+00
  8.347E-05  1.366E-04  0.000E+00  0.000E+00  3.142E+00  3.770E+00
  1.366E-04  2.236E-04  2.287E-05  9.900E+01  3.142E+00  3.770E+00
  2.236E-04  3.660E-04  3.493E-05  4.472E+01  3.142E+00  3.770E+00
  3.660E-04  5.990E-04  8.537E-06  6.667E+01  3.142E+00  3.770E+00
  5.990E-04  9.804E-04  1.304E-05  6.146E+01  3.142E+00  3.770E+00
  9.804E-04  1.605E-03  1.593E-05  2.582E+01  3.142E+00  3.770E+00
  1.605E-03  2.627E-03  1.071E-05  3.442E+01  3.142E+00  3.770E+00
  2.627E-03  4.299E-03  1.487E-05  1.606E+01  3.142E+00  3.770E+00
  4.299E-03  7.036E-03  1.599E-05  1.632E+01  3.142E+00  3.770E+00
  7.036E-03  1.152E-02  1.998E-05  1.453E+01  3.142E+00  3.770E+00
  1.152E-02  1.885E-02  4.056E-05  6.716E+00  3.142E+00  3.770E+00
  1.885E-02  3.085E-02  6.224E-05  4.815E+00  3.142E+00  3.770E+00
  3.085E-02  5.050E-02  7.631E-05  4.384E+00  3.142E+00  3.770E+00
  5.050E-02  8.265E-02  8.935E-05  3.397E+00  3.142E+00  3.770E+00
  8.265E-02  1.353E-01  8.453E-05  1.989E+00  3.142E+00  3.770E+00
  1.353E-01  2.214E-01  7.470E-05  2.472E+00  3.142E+00  3.770E+00
  2.214E-01  3.624E-01  5.225E-05  2.539E+00  3.142E+00  3.770E+00
  3.624E-01  5.931E-01  2.299E-05  1.842E+00  3.142E+00  3.770E+00
  5.931E-01  9.708E-01  4.090E-06  3.112E+00  3.142E+00  3.770E+00
  9.708E-01  1.589E+00  1.786E-07  1.443E+01  3.142E+00  3.770E+00
  1.589E+00  2.601E+00  0.000E+00  0.000E+00  3.142E+00  3.770E+00
  2.601E+00  4.257E+00  0.000E+00  0.000E+00  3.142E+00  3.770E+00
  4.257E+00  6.967E+00  0.000E+00  0.000E+00  3.142E+00  3.770E+00
  6.967E+00  1.140E+01  0.000E+00  0.000E+00  3.142E+00  3.770E+00
  1.140E+01  1.866E+01  0.000E+00  0.000E+00  3.142E+00  3.770E+00
  1.866E+01  3.055E+01  0.000E+00  0.000E+00  3.142E+00  3.770E+00
  3.055E+01  5.000E+01  0.000E+00  0.000E+00  3.142E+00  3.770E+00
  5.000E+01  5.000E+01  0.000E+00  0.000E+00  3.142E+00  3.770E+00

 # Block n:            7     3.76991129      :   4.39822960    
  1.000E-09  1.637E-09  0.000E+00  0.000E+00  3.770E+00  4.398E+00
  1.637E-09  2.679E-09  0.000E+00  0.000E+00  3.770E+00  4.398E+00
  2.679E-09  4.385E-09  0.000E+00  0.000E+00  3.770E+00  4.398E+00
  4.385E-09  7.177E-09  0.000E+00  0.000E+00  3.770E+00  4.398E+00
  7.177E-09  1.175E-08  0.000E+00  0.000E+00  3.770E+00  4.398E+00
  1.175E-08  1.923E-08  0.000E+00  0.000E+00  3.770E+00  4.398E+00
  1.923E-08  3.147E-08  0.000E+00  0.000E+00  3.770E+00  4.398E+00
  3.147E-08  5.150E-08  0.000E+00  0.000E+00  3.770E+00  4.398E+00
  5.150E-08  8.430E-08  0.000E+00  0.000E+00  3.770E+00  4.398E+00
  8.430E-08  1.380E-07  0.000E+00  0.000E+00  3.770E+00  4.398E+00
  1.380E-07  2.258E-07  0.000E+00  0.000E+00  3.770E+00  4.398E+00
  2.258E-07  3.696E-07  0.000E+00  0.000E+00  3.770E+00  4.398E+00
  3.696E-07  6.050E-07  0.000E+00  0.000E+00  3.770E+00  4.398E+00
  6.050E-07  9.902E-07  0.000E+00  0.000E+00  3.770E+00  4.398E+00
  9.902E-07  1.621E-06  0.000E+00  0.000E+00  3.770E+00  4.398E+00
  1.621E-06  2.653E-06  0.000E+00  0.000E+00  3.770E+00  4.398E+00
  2.653E-06  4.342E-06  0.000E+00  0.000E+00  3.770E+00  4.398E+00
  4.342E-06  7.106E-06  0.000E+00  0.000E+00  3.770E+00  4.398E+00
  7.106E-06  1.163E-05  0.000E+00  0.000E+00  3.770E+00  4.398E+00
  1.163E-05  1.904E-05  0.000E+00  0.000E+00  3.770E+00  4.398E+00
  1.904E-05  3.116E-05  0.000E+00  0.000E+00  3.770E+00  4.398E+00
  3.116E-05  5.100E-05  0.000E+00  0.000E+00  3.770E+00  4.398E+00
  5.100E-05  8.347E-05  6.127E-05  9.900E+01  3.770E+00  4.398E+00
  8.347E-05  1.366E-04  0.000E+00  0.000E+00  3.770E+00  4.398E+00
  1.366E-04  2.236E-04  1.143E-05  9.900E+01  3.770E+00  4.398E+00
  2.236E-04  3.660E-04  6.986E-06  9.900E+01  3.770E+00  4.398E+00
  3.660E-04  5.990E-04  2.988E-05  3.049E+01  3.770E+00  4.398E+00
  5.990E-04  9.804E-04  3.130E-05  3.239E+01  3.770E+00  4.398E+00
  9.804E-04  1.605E-03  1.753E-05  3.699E+01  3.770E+00  4.398E+00
  1.605E-03  2.627E-03  8.762E-06  3.494E+01  3.770E+00  4.398E+00
  2.627E-03  4.299E-03  1.249E-05  2.182E+01  3.770E+00  4.398E+00
  4.299E-03  7.036E-03  1.635E-05  1.792E+01  3.770E+00  4.398E+00
  7.036E-03  1.152E-02  1.887E-05  1.858E+01  3.770E+00  4.398E+00
  1.152E-02  1.885E-02  3.093E-05  5.913E+00  3.770E+00  4.398E+00
  1.885E-02  3.085E-02  4.625E-05  4.874E+00  3.770E+00  4.398E+00
  3.085E-02  5.050E-02  6.284E-05  3.193E+00  3.770E+00  4.398E+00
  5.050E-02  8.265E-02  6.815E-05  2.380E+00  3.770E+00  4.398E+00
  8.265E-02  1.353E-01  6.037E-05  2.700E+00  3.770E+00  4.398E+00
  1.353E-01  2.214E-01  4.669E-05  2.845E+00  3.770E+00  4.398E+00
  2.214E-01  3.624E-01  3.150E-05  2.242E+00  3.770E+00  4.398E+00
  3.624E-01  5.931E-01  1.264E-05  2.429E+00  3.770E+00  4.398E+00
  5.931E-01  9.708E-01  1.696E-06  3.348E+00  3.770E+00  4.398E+00
  9.708E-01  1.589E+00  4.506E-08  1.829E+01  3.770E+00  4.398E+00
  1.589E+00  2.601E+00  0.000E+00  0.000E+00  3.770E+00  4.398E+00
  2.601E+00  4.257E+00  0.000E+00  0.000E+00  3.770E+00  4.398E+00
  4.257E+00  6.967E+00  0.000E+00  0.000E+00  3.770E+00  4.398E+00
  6.967E+00  1.140E+01  0.000E+00  0.000E+00  3.770E+00  4.398E+00
  1.140E+01  1.866E+01  0.000E+00  0.000E+00  3.770E+00  4.398E+00
  1.866E+01  3.055E+01  0.000E+00  0.000E+00  3.770E+00  4.398E+00
  3.055E+01  5.000E+01  0.000E+00  0.000E+00  3.770E+00  4.398E+00
  5.000E+01  5.000E+01  0.000E+00  0.000E+00  3.770E+00  4.398E+00

 # Block n:            8     4.39822960      :   5.02654839    
  1.000E-09  1.637E-09  0.000E+00  0.000E+00  4.398E+00  5.027E+00
  1.637E-09  2.679E-09  0.000E+00  0.000E+00  4.398E+00  5.027E+00
  2.679E-09  4.385E-09  0.000E+00  0.000E+00  4.398E+00  5.027E+00
  4.385E-09  7.177E-09  0.000E+00  0.000E+00  4.398E+00  5.027E+00
  7.177E-09  1.175E-08  0.000E+00  0.000E+00  4.398E+00  5.027E+00
  1.175E-08  1.923E-08  0.000E+00  0.000E+00  4.398E+00  5.027E+00
  1.923E-08  3.147E-08  0.000E+00  0.000E+00  4.398E+00  5.027E+00
  3.147E-08  5.150E-08  0.000E+00  0.000E+00  4.398E+00  5.027E+00
  5.150E-08  8.430E-08  0.000E+00  0.000E+00  4.398E+00  5.027E+00
  8.430E-08  1.380E-07  0.000E+00  0.000E+00  4.398E+00  5.027E+00
  1.380E-07  2.258E-07  0.000E+00  0.000E+00  4.398E+00  5.027E+00
  2.258E-07  3.696E-07  0.000E+00  0.000E+00  4.398E+00  5.027E+00
  3.696E-07  6.050E-07  0.000E+00  0.000E+00  4.398E+00  5.027E+00
  6.050E-07  9.902E-07  0.000E+00  0.000E+00  4.398E+00  5.027E+00
  9.902E-07  1.621E-06  0.000E+00  0.000E+00  4.398E+00  5.027E+00
  1.621E-06  2.653E-06  0.000E+00  0.000E+00  4.398E+00  5.027E+00
  2.653E-06  4.342E-06  0.000E+00  0.000E+00  4.398E+00  5.027E+00
  4.342E-06  7.106E-06  0.000E+00  0.000E+00  4.398E+00  5.027E+00
  7.106E-06  1.163E-05  0.000E+00  0.000E+00  4.398E+00  5.027E+00
  1.163E-05  1.904E-05  0.000E+00  0.000E+00  4.398E+00  5.027E+00
  1.904E-05  3.116E-05  0.000E+00  0.000E+00  4.398E+00  5.027E+00
  3.116E-05  5.100E-05  0.000E+00  0.000E+00  4.398E+00  5.027E+00
  5.100E-05  8.347E-05  0.000E+00  0.000E+00  4.398E+00  5.027E+00
  8.347E-05  1.366E-04  1.872E-05  9.900E+01  4.398E+00  5.027E+00
  1.366E-04  2.236E-04  1.143E-05  9.900E+01  4.398E+00  5.027E+00
  2.236E-04  3.660E-04  1.397E-05  6.667E+01  4.398E+00  5.027E+00
  3.660E-04  5.990E-04  1.281E-05  5.092E+01  4.398E+00  5.027E+00
  5.990E-04  9.804E-04  7.824E-06  5.092E+01  4.398E+00  5.027E+00
  9.804E-04  1.605E-03  1.275E-05  2.500E+01  4.398E+00  5.027E+00
  1.605E-03  2.627E-03  5.841E-06  4.444E+01  4.398E+00  5.027E+00
  2.627E-03  4.299E-03  9.516E-06  3.118E+01  4.398E+00  5.027E+00
  4.299E-03  7.036E-03  1.163E-05  1.021E+01  4.398E+00  5.027E+00
  7.036E-03  1.152E-02  1.332E-05  1.165E+01  4.398E+00  5.027E+00
  1.152E-02  1.885E-02  2.103E-05  6.952E+00  4.398E+00  5.027E+00
  1.885E-02  3.085E-02  3.332E-05  4.629E+00  4.398E+00  5.027E+00
  3.085E-02  5.050E-02  3.990E-05  4.030E+00  4.398E+00  5.027E+00
  5.050E-02  8.265E-02  4.665E-05  3.598E+00  4.398E+00  5.027E+00
  8.265E-02  1.353E-01  3.932E-05  3.479E+00  4.398E+00  5.027E+00
  1.353E-01  2.214E-01  2.891E-05  2.827E+00  4.398E+00  5.027E+00
  2.214E-01  3.624E-01  1.800E-05  3.056E+00  4.398E+00  5.027E+00
  3.624E-01  5.931E-01  5.854E-06  4.204E+00  4.398E+00  5.027E+00
  5.931E-01  9.708E-01  6.189E-07  4.172E+00  4.398E+00  5.027E+00
  9.708E-01  1.589E+00  4.828E-09  5.092E+01  4.398E+00  5.027E+00
  1.589E+00  2.601E+00  0.000E+00  0.000E+00  4.398E+00  5.027E+00
  2.601E+00  4.257E+00  0.000E+00  0.000E+00  4.398E+00  5.027E+00
  4.257E+00  6.967E+00  0.000E+00  0.000E+00  4.398E+00  5.027E+00
  6.967E+00  1.140E+01  0.000E+00  0.000E+00  4.398E+00  5.027E+00
  1.140E+01  1.866E+01  0.000E+00  0.000E+00  4.398E+00  5.027E+00
  1.866E+01  3.055E+01  0.000E+00  0.000E+00  4.398E+00  5.027E+00
  3.055E+01  5.000E+01  0.000E+00  0.000E+00  4.398E+00  5.027E+00
  5.000E+01  5.000E+01  0.000E+00  0.000E+00  4.398E+00  5.027E+00

 # Block n:            9     5.02654839      :   5.65486717    
  1.000E-09  1.637E-09  0.000E+00  0.000E+00  5.027E+00  5.655E+00
  1.637E-09  2.679E-09  0.000E+00  0.000E+00  5.027E+00  5.655E+00
  2.679E-09  4.385E-09  0.000E+00  0.000E+00  5.027E+00  5.655E+00
  4.385E-09  7.177E-09  0.000E+00  0.000E+00  5.027E+00  5.655E+00
  7.177E-09  1.175E-08  0.000E+00  0.000E+00  5.027E+00  5.655E+00
  1.175E-08  1.923E-08  0.000E+00  0.000E+00  5.027E+00  5.655E+00
  1.923E-08  3.147E-08  0.000E+00  0.000E+00  5.027E+00  5.655E+00
  3.147E-08  5.150E-08  0.000E+00  0.000E+00  5.027E+00  5.655E+00
  5.150E-08  8.430E-08  0.000E+00  0.000E+00  5.027E+00  5.655E+00
  8.430E-08  1.380E-07  0.000E+00  0.000E+00  5.027E+00  5.655E+00
  1.380E-07  2.258E-07  0.000E+00  0.000E+00  5.027E+00  5.655E+00
  2.258E-07  3.696E-07  0.000E+00  0.000E+00  5.027E+00  5.655E+00
  3.696E-07  6.050E-07  0.000E+00  0.000E+00  5.027E+00  5.655E+00
  6.050E-07  9.902E-07  0.000E+00  0.000E+00  5.027E+00  5.655E+00
  9.902E-07  1.621E-06  0.000E+00  0.000E+00  5.027E+00  5.655E+00
  1.621E-06  2.653E-06  0.000E+00  0.000E+00  5.027E+00  5.655E+00
  2.653E-06  4.342E-06  0.000E+00  0.000E+00  5.027E+00  5.655E+00
  4.342E-06  7.106E-06  0.000E+00  0.000E+00  5.027E+00  5.655E+00
  7.106E-06  1.163E-05  0.000E+00  0.000E+00  5.027E+00  5.655E+00
  1.163E-05  1.904E-05  0.000E+00  0.000E+00  5.027E+00  5.655E+00
  1.904E-05  3.116E-05  0.000E+00  0.000E+00  5.027E+00  5.655E+00
  3.116E-05  5.100E-05  0.000E+00  0.000E+00  5.027E+00  5.655E+00
  5.100E-05  8.347E-05  0.000E+00  0.000E+00  5.027E+00  5.655E+00
  8.347E-05  1.366E-04  0.000E+00  0.000E+00  5.027E+00  5.655E+00
  1.366E-04  2.236E-04  0.000E+00  0.000E+00  5.027E+00  5.655E+00
  2.236E-04  3.660E-04  0.000E+00  0.000E+00  5.027E+00  5.655E+00
  3.660E-04  5.990E-04  4.268E-06  9.900E+01  5.027E+00  5.655E+00
  5.990E-04  9.804E-04  5.216E-06  6.667E+01  5.027E+00  5.655E+00
  9.804E-04  1.605E-03  1.593E-06  9.900E+01  5.027E+00  5.655E+00
  1.605E-03  2.627E-03  3.894E-06  4.082E+01  5.027E+00  5.655E+00
  2.627E-03  4.299E-03  5.353E-06  2.593E+01  5.027E+00  5.655E+00
  4.299E-03  7.036E-03  7.995E-06  2.010E+01  5.027E+00  5.655E+00
  7.036E-03  1.152E-02  6.883E-06  1.697E+01  5.027E+00  5.655E+00
  1.152E-02  1.885E-02  1.438E-05  5.660E+00  5.027E+00  5.655E+00
  1.885E-02  3.085E-02  1.856E-05  5.332E+00  5.027E+00  5.655E+00
  3.085E-02  5.050E-02  2.593E-05  4.747E+00  5.027E+00  5.655E+00
  5.050E-02  8.265E-02  2.608E-05  4.166E+00  5.027E+00  5.655E+00
  8.265E-02  1.353E-01  2.094E-05  2.978E+00  5.027E+00  5.655E+00
  1.353E-01  2.214E-01  1.516E-05  4.644E+00  5.027E+00  5.655E+00
  2.214E-01  3.624E-01  8.544E-06  2.476E+00  5.027E+00  5.655E+00
  3.624E-01  5.931E-01  2.470E-06  3.894E+00  5.027E+00  5.655E+00
  5.931E-01  9.708E-01  1.633E-07  1.148E+01  5.027E+00  5.655E+00
  9.708E-01  1.589E+00  4.828E-09  7.115E+01  5.027E+00  5.655E+00
  1.589E+00  2.601E+00  0.000E+00  0.000E+00  5.027E+00  5.655E+00
  2.601E+00  4.257E+00  0.000E+00  0.000E+00  5.027E+00  5.655E+00
  4.257E+00  6.967E+00  0.000E+00  0.000E+00  5.027E+00  5.655E+00
  6.967E+00  1.140E+01  0.000E+00  0.000E+00  5.027E+00  5.655E+00
  1.140E+01  1.866E+01  0.000E+00  0.000E+00  5.027E+00  5.655E+00
  1.866E+01  3.055E+01  0.000E+00  0.000E+00  5.027E+00  5.655E+00
  3.055E+01  5.000E+01  0.000E+00  0.000E+00  5.027E+00  5.655E+00
  5.000E+01  5.000E+01  0.000E+00  0.000E+00  5.027E+00  5.655E+00

 # Block n:           10     5.65486717      :   6.28318548    
  1.000E-09  1.637E-09  0.000E+00  0.000E+00  5.655E+00  6.283E+00
  1.637E-09  2.679E-09  0.000E+00  0.000E+00  5.655E+00  6.283E+00
  2.679E-09  4.385E-09  0.000E+00  0.000E+00  5.655E+00  6.283E+00
  4.385E-09  7.177E-09  0.000E+00  0.000E+00  5.655E+00  6.283E+00
  7.177E-09  1.175E-08  0.000E+00  0.000E+00  5.655E+00  6.283E+00
  1.175E-08  1.923E-08  0.000E+00  0.000E+00  5.655E+00  6.283E+00
  1.923E-08  3.147E-08  0.000E+00  0.000E+00  5.655E+00  6.283E+00
  3.147E-08  5.150E-08  0.000E+00  0.000E+00  5.655E+00  6.283E+00
  5.150E-08  8.430E-08  0.000E+00  0.000E+00  5.655E+00  6.283E+00
  8.430E-08  1.380E-07  0.000E+00  0.000E+00  5.655E+00  6.283E+00
  1.380E-07  2.258E-07  0.000E+00  0.000E+00  5.655E+00  6.283E+00
  2.258E-07  3.696E-07  0.000E+00  0.000E+00  5.655E+00  6.283E+00
  3.696E-07  6.050E-07  0.000E+00  0.000E+00  5.655E+00  6.283E+00
  6.050E-07  9.902E-07  0.000E+00  0.000E+00  5.655E+00  6.283E+00
  9.902E-07  1.621E-06  0.000E+00  0.000E+00  5.655E+00  6.283E+00
  1.621E-06  2.653E-06  0.000E+00  0.000E+00  5.655E+00  6.283E+00
  2.653E-06  4.342E-06  0.000E+00  0.000E+00  5.655E+00  6.283E+00
  4.342E-06  7.106E-06  0.000E+00  0.000E+00  5.655E+00  6.283E+00
  7.106E-06  1.163E-05  0.000E+00  0.000E+00  5.655E+00  6.283E+00
  1.163E-05  1.904E-05  0.000E+00  0.000E+00  5.655E+00  6.283E+00
  1.904E-05  3.116E-05  0.000E+00  0.000E+00  5.655E+00  6.283E+00
  3.116E-05  5.100E-05  0.000E+00  0.000E+00  5.655E+00  6.283E+00
  5.100E-05  8.347E-05  0.000E+00  0.000E+00  5.655E+00  6.283E+00
  8.347E-05  1.366E-04  0.000E+00  0.000E+00  5.655E+00  6.283E+00
  1.366E-04  2.236E-04  0.000E+00  0.000E+00  5.655E+00  6.283E+00
  2.236E-04  3.660E-04  1.397E-05  6.667E+01  5.655E+00  6.283E+00
  3.660E-04  5.990E-04  4.268E-06  9.900E+01  5.655E+00  6.283E+00
  5.990E-04  9.804E-04  5.216E-06  6.667E+01  5.655E+00  6.283E+00
  9.804E-04  1.605E-03  1.593E-06  9.900E+01  5.655E+00  6.283E+00
  1.605E-03  2.627E-03  2.921E-06  7.115E+01  5.655E+00  6.283E+00
  2.627E-03  4.299E-03  2.974E-06  4.472E+01  5.655E+00  6.283E+00
  4.299E-03  7.036E-03  7.268E-07  9.900E+01  5.655E+00  6.283E+00
  7.036E-03  1.152E-02  3.330E-06  2.676E+01  5.655E+00  6.283E+00
  1.152E-02  1.885E-02  4.612E-06  1.709E+01  5.655E+00  6.283E+00
  1.885E-02  3.085E-02  5.470E-06  1.879E+01  5.655E+00  6.283E+00
  3.085E-02  5.050E-02  7.950E-06  5.375E+00  5.655E+00  6.283E+00
  5.050E-02  8.265E-02  8.353E-06  5.000E+00  5.655E+00  6.283E+00
  8.265E-02  1.353E-01  6.370E-06  5.561E+00  5.655E+00  6.283E+00
  1.353E-01  2.214E-01  4.758E-06  4.715E+00  5.655E+00  6.283E+00
  2.214E-01  3.624E-01  2.512E-06  5.605E+00  5.655E+00  6.283E+00
  3.624E-01  5.931E-01  6.423E-07  7.106E+00  5.655E+00  6.283E+00
  5.931E-01  9.708E-01  3.424E-08  2.003E+01  5.655E+00  6.283E+00
  9.708E-01  1.589E+00  0.000E+00  0.000E+00  5.655E+00  6.283E+00
  1.589E+00  2.601E+00  0.000E+00  0.000E+00  5.655E+00  6.283E+00
  2.601E+00  4.257E+00  0.000E+00  0.000E+00  5.655E+00  6.283E+00
  4.257E+00  6.967E+00  0.000E+00  0.000E+00  5.655E+00  6.283E+00
  6.967E+00  1.140E+01  0.000E+00  0.000E+00  5.655E+00  6.283E+00
  1.140E+01  1.866E+01  0.000E+00  0.000E+00  5.655E+00  6.283E+00
  1.866E+01  3.055E+01  0.000E+00  0.000E+00  5.655E+00  6.283E+00
  3.055E+01  5.000E+01  0.000E+00  0.000E+00  5.655E+00  6.283E+00
  5.000E+01  5.000E+01  0.000E+00  0.000E+00  5.655E+00  6.283E+00

  1.000E-09  1.000E-09  0.000E+00  0.000E+00  6.283E+00  6.283E+00
  1.637E-09  1.637E-09  0.000E+00  0.000E+00  6.283E+00  6.283E+00
  2.679E-09  2.679E-09  0.000E+00  0.000E+00  6.283E+00  6.283E+00
  4.385E-09  4.385E-09  0.000E+00  0.000E+00  6.283E+00  6.283E+00
  7.177E-09  7.177E-09  0.000E+00  0.000E+00  6.283E+00  6.283E+00
  1.175E-08  1.175E-08  0.000E+00  0.000E+00  6.283E+00  6.283E+00
  1.923E-08  1.923E-08  0.000E+00  0.000E+00  6.283E+00  6.283E+00
  3.147E-08  3.147E-08  0.000E+00  0.000E+00  6.283E+00  6.283E+00
  5.150E-08  5.150E-08  0.000E+00  0.000E+00  6.283E+00  6.283E+00
  8.430E-08  8.430E-08  0.000E+00  0.000E+00  6.283E+00  6.283E+00
  1.380E-07  1.380E-07  0.000E+00  0.000E+00  6.283E+00  6.283E+00
  2.258E-07  2.258E-07  0.000E+00  0.000E+00  6.283E+00  6.283E+00
  3.696E-07  3.696E-07  0.000E+00  0.000E+00  6.283E+00  6.283E+00
  6.050E-07  6.050E-07  0.000E+00  0.000E+00  6.283E+00  6.283E+00
  9.902E-07  9.902E-07  0.000E+00  0.000E+00  6.283E+00  6.283E+00
  1.621E-06  1.621E-06  0.000E+00  0.000E+00  6.283E+00  6.283E+00
  2.653E-06  2.653E-06  0.000E+00  0.000E+00  6.283E+00  6.283E+00
  4.342E-06  4.342E-06  0.000E+00  0.000E+00  6.283E+00  6.283E+00
  7.106E-06  7.106E-06  0.000E+00  0.000E+00  6.283E+00  6.283E+00
  1.163E-05  1.163E-05  0.000E+00  0.000E+00  6.283E+00  6.283E+00
  1.904E-05  1.904E-05  0.000E+00  0.000E+00  6.283E+00  6.283E+00
  3.116E-05  3.116E-05  0.000E+00  0.000E+00  6.283E+00  6.283E+00
  5.100E-05  5.100E-05  0.000E+00  0.000E+00  6.283E+00  6.283E+00
  8.347E-05  8.347E-05  0.000E+00  0.000E+00  6.283E+00  6.283E+00
  1.366E-04  1.366E-04  0.000E+00  0.000E+00  6.283E+00  6.283E+00
  2.236E-04  2.236E-04  0.000E+00  0.000E+00  6.283E+00  6.283E+00
  3.660E-04  3.660E-04  0.000E+00  0.000E+00  6.283E+00  6.283E+00
  5.990E-04  5.990E-04  0.000E+00  0.000E+00  6.283E+00  6.283E+00
  9.804E-04  9.804E-04  0.000E+00  0.000E+00  6.283E+00  6.283E+00
  1.605E-03  1.605E-03  0.000E+00  0.000E+00  6.283E+00  6.283E+00
  2.627E-03  2.627E-03  0.000E+00  0.000E+00  6.283E+00  6.283E+00
  4.299E-03  4.299E-03  0.000E+00  0.000E+00  6.283E+00  6.283E+00
  7.036E-03  7.036E-03  0.000E+00  0.000E+00  6.283E+00  6.283E+00
  1.152E-02  1.152E-02  0.000E+00  0.000E+00  6.283E+00  6.283E+00
  1.885E-02  1.885E-02  0.000E+00  0.000E+00  6.283E+00  6.283E+00
  3.085E-02  3.085E-02  0.000E+00  0.000E+00  6.283E+00  6.283E+00
  5.050E-02  5.050E-02  0.000E+00  0.000E+00  6.283E+00  6.283E+00
  8.265E-02  8.265E-02  0.000E+00  0.000E+00  6.283E+00  6.283E+00
  1.353E-01  1.353E-01  0.000E+00  0.000E+00  6.283E+00  6.283E+00
  2.214E-01  2.214E-01  0.000E+00  0.000E+00  6.283E+00  6.283E+00
  3.624E-01  3.624E-01  0.000E+00  0.000E+00  6.283E+00  6.283E+00
  5.931E-01  5.931E-01  0.000E+00  0.000E+00  6.283E+00  6.283E+00
  9.708E-01  9.708E-01  0.000E+00  0.000E+00  6.283E+00  6.283E+00
  1.589E+00  1.589E+00  0.000E+00  0.000E+00  6.283E+00  6.283E+00
  2.601E+00  2.601E+00  0.000E+00  0.000E+00  6.283E+00  6.283E+00
  4.257E+00  4.257E+00  0.000E+00  0.000E+00  6.283E+00  6.283E+00
  6.967E+00  6.967E+00  0.000E+00  0.000E+00  6.283E+00  6.283E+00
  1.140E+01  1.140E+01  0.000E+00  0.000E+00  6.283E+00  6.283E+00
  1.866E+01  1.866E+01  0.000E+00  0.000E+00  6.283E+00  6.283E+00
  3.055E+01  3.055E+01  0.000E+00  0.000E+00  6.283E+00  6.283E+00
  5.000E+01  5.000E+01  0.000E+00  0.000E+00  6.283E+00  6.283E+00
