 # Detector n:            1   piFluenUD (integrated over solid angle)
 # N. of energy intervals          50
  1.000E-09  1.637E-09  0.000E+00  0.000E+00
  1.637E-09  2.679E-09  0.000E+00  0.000E+00
  2.679E-09  4.385E-09  0.000E+00  0.000E+00
  4.385E-09  7.177E-09  0.000E+00  0.000E+00
  7.177E-09  1.175E-08  0.000E+00  0.000E+00
  1.175E-08  1.923E-08  0.000E+00  0.000E+00
  1.923E-08  3.147E-08  0.000E+00  0.000E+00
  3.147E-08  5.150E-08  0.000E+00  0.000E+00
  5.150E-08  8.430E-08  0.000E+00  0.000E+00
  8.430E-08  1.380E-07  0.000E+00  0.000E+00
  1.380E-07  2.258E-07  0.000E+00  0.000E+00
  2.258E-07  3.696E-07  0.000E+00  0.000E+00
  3.696E-07  6.050E-07  0.000E+00  0.000E+00
  6.050E-07  9.902E-07  0.000E+00  0.000E+00
  9.902E-07  1.621E-06  0.000E+00  0.000E+00
  1.621E-06  2.653E-06  0.000E+00  0.000E+00
  2.653E-06  4.342E-06  0.000E+00  0.000E+00
  4.342E-06  7.106E-06  0.000E+00  0.000E+00
  7.106E-06  1.163E-05  0.000E+00  0.000E+00
  1.163E-05  1.904E-05  0.000E+00  0.000E+00
  1.904E-05  3.116E-05  0.000E+00  0.000E+00
  3.116E-05  5.100E-05  1.984E-04  6.630E+01
  5.100E-05  8.347E-05  1.845E-04  6.778E+01
  8.347E-05  1.366E-04  1.209E-04  4.272E+01
  1.366E-04  2.236E-04  6.714E-05  6.595E+01
  2.236E-04  3.660E-04  4.604E-05  2.764E+01
  3.660E-04  5.990E-04  8.145E-05  3.766E+01
  5.990E-04  9.804E-04  1.218E-04  4.845E+01
  9.804E-04  1.605E-03  1.543E-04  1.753E+01
  1.605E-03  2.627E-03  9.405E-05  6.559E+00
  2.627E-03  4.299E-03  1.361E-04  1.470E+01
  4.299E-03  7.036E-03  9.920E-05  1.789E+01
  7.036E-03  1.152E-02  1.555E-04  6.554E+00
  1.152E-02  1.885E-02  3.092E-04  3.167E+00
  1.885E-02  3.085E-02  4.272E-04  4.330E+00
  3.085E-02  5.050E-02  5.335E-04  3.238E+00
  5.050E-02  8.265E-02  6.437E-04  1.200E+00
  8.265E-02  1.353E-01  6.381E-04  1.919E+00
  1.353E-01  2.214E-01  6.362E-04  1.251E+00
  2.214E-01  3.624E-01  5.753E-04  7.085E-01
  3.624E-01  5.931E-01  4.338E-04  5.291E-01
  5.931E-01  9.708E-01  2.705E-04  3.303E-01
  9.708E-01  1.589E+00  1.617E-04  5.779E-01
  1.589E+00  2.601E+00  9.367E-05  5.197E-01
  2.601E+00  4.257E+00  4.975E-05  5.469E-01
  4.257E+00  6.967E+00  2.413E-05  5.378E-01
  6.967E+00  1.140E+01  9.951E-06  1.935E-01
  1.140E+01  1.866E+01  3.052E-06  5.691E-01
  1.866E+01  3.055E+01  5.933E-07  8.250E-01
  3.055E+01  5.000E+01  3.394E-08  3.164E+00


 # double differential distributions
 # number of solid angle intervals          10
 # Block n:            1     0.00000000      :  0.628318548    
  1.000E-09  1.637E-09  0.000E+00  0.000E+00  0.000E+00  6.283E-01
  1.637E-09  2.679E-09  0.000E+00  0.000E+00  0.000E+00  6.283E-01
  2.679E-09  4.385E-09  0.000E+00  0.000E+00  0.000E+00  6.283E-01
  4.385E-09  7.177E-09  0.000E+00  0.000E+00  0.000E+00  6.283E-01
  7.177E-09  1.175E-08  0.000E+00  0.000E+00  0.000E+00  6.283E-01
  1.175E-08  1.923E-08  0.000E+00  0.000E+00  0.000E+00  6.283E-01
  1.923E-08  3.147E-08  0.000E+00  0.000E+00  0.000E+00  6.283E-01
  3.147E-08  5.150E-08  0.000E+00  0.000E+00  0.000E+00  6.283E-01
  5.150E-08  8.430E-08  0.000E+00  0.000E+00  0.000E+00  6.283E-01
  8.430E-08  1.380E-07  0.000E+00  0.000E+00  0.000E+00  6.283E-01
  1.380E-07  2.258E-07  0.000E+00  0.000E+00  0.000E+00  6.283E-01
  2.258E-07  3.696E-07  0.000E+00  0.000E+00  0.000E+00  6.283E-01
  3.696E-07  6.050E-07  0.000E+00  0.000E+00  0.000E+00  6.283E-01
  6.050E-07  9.902E-07  0.000E+00  0.000E+00  0.000E+00  6.283E-01
  9.902E-07  1.621E-06  0.000E+00  0.000E+00  0.000E+00  6.283E-01
  1.621E-06  2.653E-06  0.000E+00  0.000E+00  0.000E+00  6.283E-01
  2.653E-06  4.342E-06  0.000E+00  0.000E+00  0.000E+00  6.283E-01
  4.342E-06  7.106E-06  0.000E+00  0.000E+00  0.000E+00  6.283E-01
  7.106E-06  1.163E-05  0.000E+00  0.000E+00  0.000E+00  6.283E-01
  1.163E-05  1.904E-05  0.000E+00  0.000E+00  0.000E+00  6.283E-01
  1.904E-05  3.116E-05  0.000E+00  0.000E+00  0.000E+00  6.283E-01
  3.116E-05  5.100E-05  1.071E-04  9.900E+01  0.000E+00  6.283E-01
  5.100E-05  8.347E-05  0.000E+00  0.000E+00  0.000E+00  6.283E-01
  8.347E-05  1.366E-04  0.000E+00  0.000E+00  0.000E+00  6.283E-01
  1.366E-04  2.236E-04  0.000E+00  0.000E+00  0.000E+00  6.283E-01
  2.236E-04  3.660E-04  1.464E-05  9.900E+01  0.000E+00  6.283E-01
  3.660E-04  5.990E-04  0.000E+00  0.000E+00  0.000E+00  6.283E-01
  5.990E-04  9.804E-04  1.092E-05  6.124E+01  0.000E+00  6.283E-01
  9.804E-04  1.605E-03  1.341E-05  4.698E+01  0.000E+00  6.283E-01
  1.605E-03  2.627E-03  1.623E-05  3.129E+01  0.000E+00  6.283E-01
  2.627E-03  4.299E-03  1.379E-05  2.301E+01  0.000E+00  6.283E-01
  4.299E-03  7.036E-03  1.139E-05  2.110E+01  0.000E+00  6.283E-01
  7.036E-03  1.152E-02  1.207E-05  2.157E+01  0.000E+00  6.283E-01
  1.152E-02  1.885E-02  3.614E-05  1.045E+01  0.000E+00  6.283E-01
  1.885E-02  3.085E-02  4.644E-05  8.267E+00  0.000E+00  6.283E-01
  3.085E-02  5.050E-02  6.480E-05  5.164E+00  0.000E+00  6.283E-01
  5.050E-02  8.265E-02  8.398E-05  4.851E+00  0.000E+00  6.283E-01
  8.265E-02  1.353E-01  1.108E-04  2.418E+00  0.000E+00  6.283E-01
  1.353E-01  2.214E-01  1.545E-04  9.287E-01  0.000E+00  6.283E-01
  2.214E-01  3.624E-01  2.203E-04  1.255E+00  0.000E+00  6.283E-01
  3.624E-01  5.931E-01  2.741E-04  6.128E-01  0.000E+00  6.283E-01
  5.931E-01  9.708E-01  2.780E-04  2.143E-01  0.000E+00  6.283E-01
  9.708E-01  1.589E+00  2.240E-04  5.913E-01  0.000E+00  6.283E-01
  1.589E+00  2.601E+00  1.454E-04  5.526E-01  0.000E+00  6.283E-01
  2.601E+00  4.257E+00  7.906E-05  5.368E-01  0.000E+00  6.283E-01
  4.257E+00  6.967E+00  3.839E-05  5.383E-01  0.000E+00  6.283E-01
  6.967E+00  1.140E+01  1.584E-05  1.935E-01  0.000E+00  6.283E-01
  1.140E+01  1.866E+01  4.857E-06  5.691E-01  0.000E+00  6.283E-01
  1.866E+01  3.055E+01  9.443E-07  8.250E-01  0.000E+00  6.283E-01
  3.055E+01  5.000E+01  5.401E-08  3.164E+00  0.000E+00  6.283E-01
  5.000E+01  5.000E+01  0.000E+00  0.000E+00  0.000E+00  6.283E-01

 # Block n:            2    0.628318548      :   1.25663710    
  1.000E-09  1.637E-09  0.000E+00  0.000E+00  6.283E-01  1.257E+00
  1.637E-09  2.679E-09  0.000E+00  0.000E+00  6.283E-01  1.257E+00
  2.679E-09  4.385E-09  0.000E+00  0.000E+00  6.283E-01  1.257E+00
  4.385E-09  7.177E-09  0.000E+00  0.000E+00  6.283E-01  1.257E+00
  7.177E-09  1.175E-08  0.000E+00  0.000E+00  6.283E-01  1.257E+00
  1.175E-08  1.923E-08  0.000E+00  0.000E+00  6.283E-01  1.257E+00
  1.923E-08  3.147E-08  0.000E+00  0.000E+00  6.283E-01  1.257E+00
  3.147E-08  5.150E-08  0.000E+00  0.000E+00  6.283E-01  1.257E+00
  5.150E-08  8.430E-08  0.000E+00  0.000E+00  6.283E-01  1.257E+00
  8.430E-08  1.380E-07  0.000E+00  0.000E+00  6.283E-01  1.257E+00
  1.380E-07  2.258E-07  0.000E+00  0.000E+00  6.283E-01  1.257E+00
  2.258E-07  3.696E-07  0.000E+00  0.000E+00  6.283E-01  1.257E+00
  3.696E-07  6.050E-07  0.000E+00  0.000E+00  6.283E-01  1.257E+00
  6.050E-07  9.902E-07  0.000E+00  0.000E+00  6.283E-01  1.257E+00
  9.902E-07  1.621E-06  0.000E+00  0.000E+00  6.283E-01  1.257E+00
  1.621E-06  2.653E-06  0.000E+00  0.000E+00  6.283E-01  1.257E+00
  2.653E-06  4.342E-06  0.000E+00  0.000E+00  6.283E-01  1.257E+00
  4.342E-06  7.106E-06  0.000E+00  0.000E+00  6.283E-01  1.257E+00
  7.106E-06  1.163E-05  0.000E+00  0.000E+00  6.283E-01  1.257E+00
  1.163E-05  1.904E-05  0.000E+00  0.000E+00  6.283E-01  1.257E+00
  1.904E-05  3.116E-05  0.000E+00  0.000E+00  6.283E-01  1.257E+00
  3.116E-05  5.100E-05  0.000E+00  0.000E+00  6.283E-01  1.257E+00
  5.100E-05  8.347E-05  0.000E+00  0.000E+00  6.283E-01  1.257E+00
  8.347E-05  1.366E-04  4.646E-05  9.900E+01  6.283E-01  1.257E+00
  1.366E-04  2.236E-04  0.000E+00  0.000E+00  6.283E-01  1.257E+00
  2.236E-04  3.660E-04  3.386E-05  6.129E+01  6.283E-01  1.257E+00
  3.660E-04  5.990E-04  2.951E-05  6.683E+01  6.283E-01  1.257E+00
  5.990E-04  9.804E-04  6.128E-06  9.900E+01  6.283E-01  1.257E+00
  9.804E-04  1.605E-03  2.256E-05  3.172E+01  6.283E-01  1.257E+00
  1.605E-03  2.627E-03  1.361E-05  4.802E+01  6.283E-01  1.257E+00
  2.627E-03  4.299E-03  9.825E-06  1.773E+01  6.283E-01  1.257E+00
  4.299E-03  7.036E-03  1.364E-05  2.530E+01  6.283E-01  1.257E+00
  7.036E-03  1.152E-02  2.135E-05  4.372E+00  6.283E-01  1.257E+00
  1.152E-02  1.885E-02  3.526E-05  1.071E+01  6.283E-01  1.257E+00
  1.885E-02  3.085E-02  5.289E-05  4.652E+00  6.283E-01  1.257E+00
  3.085E-02  5.050E-02  7.008E-05  3.050E+00  6.283E-01  1.257E+00
  5.050E-02  8.265E-02  8.451E-05  3.250E+00  6.283E-01  1.257E+00
  8.265E-02  1.353E-01  1.131E-04  2.093E+00  6.283E-01  1.257E+00
  1.353E-01  2.214E-01  1.426E-04  1.841E+00  6.283E-01  1.257E+00
  2.214E-01  3.624E-01  1.678E-04  2.976E-01  6.283E-01  1.257E+00
  3.624E-01  5.931E-01  1.478E-04  5.983E-01  6.283E-01  1.257E+00
  5.931E-01  9.708E-01  8.302E-05  8.955E-01  6.283E-01  1.257E+00
  9.708E-01  1.589E+00  2.464E-05  1.554E+00  6.283E-01  1.257E+00
  1.589E+00  2.601E+00  3.255E-06  2.523E+00  6.283E-01  1.257E+00
  2.601E+00  4.257E+00  1.164E-07  1.703E+01  6.283E-01  1.257E+00
  4.257E+00  6.967E+00  2.471E-09  4.083E+01  6.283E-01  1.257E+00
  6.967E+00  1.140E+01  0.000E+00  0.000E+00  6.283E-01  1.257E+00
  1.140E+01  1.866E+01  0.000E+00  0.000E+00  6.283E-01  1.257E+00
  1.866E+01  3.055E+01  0.000E+00  0.000E+00  6.283E-01  1.257E+00
  3.055E+01  5.000E+01  0.000E+00  0.000E+00  6.283E-01  1.257E+00
  5.000E+01  5.000E+01  0.000E+00  0.000E+00  6.283E-01  1.257E+00

 # Block n:            3     1.25663710      :   1.88495564    
  1.000E-09  1.637E-09  0.000E+00  0.000E+00  1.257E+00  1.885E+00
  1.637E-09  2.679E-09  0.000E+00  0.000E+00  1.257E+00  1.885E+00
  2.679E-09  4.385E-09  0.000E+00  0.000E+00  1.257E+00  1.885E+00
  4.385E-09  7.177E-09  0.000E+00  0.000E+00  1.257E+00  1.885E+00
  7.177E-09  1.175E-08  0.000E+00  0.000E+00  1.257E+00  1.885E+00
  1.175E-08  1.923E-08  0.000E+00  0.000E+00  1.257E+00  1.885E+00
  1.923E-08  3.147E-08  0.000E+00  0.000E+00  1.257E+00  1.885E+00
  3.147E-08  5.150E-08  0.000E+00  0.000E+00  1.257E+00  1.885E+00
  5.150E-08  8.430E-08  0.000E+00  0.000E+00  1.257E+00  1.885E+00
  8.430E-08  1.380E-07  0.000E+00  0.000E+00  1.257E+00  1.885E+00
  1.380E-07  2.258E-07  0.000E+00  0.000E+00  1.257E+00  1.885E+00
  2.258E-07  3.696E-07  0.000E+00  0.000E+00  1.257E+00  1.885E+00
  3.696E-07  6.050E-07  0.000E+00  0.000E+00  1.257E+00  1.885E+00
  6.050E-07  9.902E-07  0.000E+00  0.000E+00  1.257E+00  1.885E+00
  9.902E-07  1.621E-06  0.000E+00  0.000E+00  1.257E+00  1.885E+00
  1.621E-06  2.653E-06  0.000E+00  0.000E+00  1.257E+00  1.885E+00
  2.653E-06  4.342E-06  0.000E+00  0.000E+00  1.257E+00  1.885E+00
  4.342E-06  7.106E-06  0.000E+00  0.000E+00  1.257E+00  1.885E+00
  7.106E-06  1.163E-05  0.000E+00  0.000E+00  1.257E+00  1.885E+00
  1.163E-05  1.904E-05  0.000E+00  0.000E+00  1.257E+00  1.885E+00
  1.904E-05  3.116E-05  0.000E+00  0.000E+00  1.257E+00  1.885E+00
  3.116E-05  5.100E-05  0.000E+00  0.000E+00  1.257E+00  1.885E+00
  5.100E-05  8.347E-05  0.000E+00  0.000E+00  1.257E+00  1.885E+00
  8.347E-05  1.366E-04  0.000E+00  0.000E+00  1.257E+00  1.885E+00
  1.366E-04  2.236E-04  0.000E+00  0.000E+00  1.257E+00  1.885E+00
  2.236E-04  3.660E-04  0.000E+00  0.000E+00  1.257E+00  1.885E+00
  3.660E-04  5.990E-04  0.000E+00  0.000E+00  1.257E+00  1.885E+00
  5.990E-04  9.804E-04  6.618E-06  9.900E+01  1.257E+00  1.885E+00
  9.804E-04  1.605E-03  0.000E+00  0.000E+00  1.257E+00  1.885E+00
  1.605E-03  2.627E-03  1.019E-05  4.645E+01  1.257E+00  1.885E+00
  2.627E-03  4.299E-03  9.672E-06  3.177E+01  1.257E+00  1.885E+00
  4.299E-03  7.036E-03  9.587E-06  2.734E+01  1.257E+00  1.885E+00
  7.036E-03  1.152E-02  1.851E-05  9.316E+00  1.257E+00  1.885E+00
  1.152E-02  1.885E-02  3.257E-05  9.578E+00  1.257E+00  1.885E+00
  1.885E-02  3.085E-02  5.341E-05  6.625E+00  1.257E+00  1.885E+00
  3.085E-02  5.050E-02  8.114E-05  2.513E+00  1.257E+00  1.885E+00
  5.050E-02  8.265E-02  8.919E-05  2.985E+00  1.257E+00  1.885E+00
  8.265E-02  1.353E-01  1.115E-04  2.603E+00  1.257E+00  1.885E+00
  1.353E-01  2.214E-01  1.285E-04  1.140E+00  1.257E+00  1.885E+00
  2.214E-01  3.624E-01  1.270E-04  1.153E+00  1.257E+00  1.885E+00
  3.624E-01  5.931E-01  8.772E-05  1.240E+00  1.257E+00  1.885E+00
  5.931E-01  9.708E-01  3.415E-05  6.253E-01  1.257E+00  1.885E+00
  9.708E-01  1.589E+00  5.868E-06  1.579E+00  1.257E+00  1.885E+00
  1.589E+00  2.601E+00  3.117E-07  8.976E+00  1.257E+00  1.885E+00
  2.601E+00  4.257E+00  0.000E+00  0.000E+00  1.257E+00  1.885E+00
  4.257E+00  6.967E+00  0.000E+00  0.000E+00  1.257E+00  1.885E+00
  6.967E+00  1.140E+01  0.000E+00  0.000E+00  1.257E+00  1.885E+00
  1.140E+01  1.866E+01  0.000E+00  0.000E+00  1.257E+00  1.885E+00
  1.866E+01  3.055E+01  0.000E+00  0.000E+00  1.257E+00  1.885E+00
  3.055E+01  5.000E+01  0.000E+00  0.000E+00  1.257E+00  1.885E+00
  5.000E+01  5.000E+01  0.000E+00  0.000E+00  1.257E+00  1.885E+00

 # Block n:            4     1.88495564      :   2.51327419    
  1.000E-09  1.637E-09  0.000E+00  0.000E+00  1.885E+00  2.513E+00
  1.637E-09  2.679E-09  0.000E+00  0.000E+00  1.885E+00  2.513E+00
  2.679E-09  4.385E-09  0.000E+00  0.000E+00  1.885E+00  2.513E+00
  4.385E-09  7.177E-09  0.000E+00  0.000E+00  1.885E+00  2.513E+00
  7.177E-09  1.175E-08  0.000E+00  0.000E+00  1.885E+00  2.513E+00
  1.175E-08  1.923E-08  0.000E+00  0.000E+00  1.885E+00  2.513E+00
  1.923E-08  3.147E-08  0.000E+00  0.000E+00  1.885E+00  2.513E+00
  3.147E-08  5.150E-08  0.000E+00  0.000E+00  1.885E+00  2.513E+00
  5.150E-08  8.430E-08  0.000E+00  0.000E+00  1.885E+00  2.513E+00
  8.430E-08  1.380E-07  0.000E+00  0.000E+00  1.885E+00  2.513E+00
  1.380E-07  2.258E-07  0.000E+00  0.000E+00  1.885E+00  2.513E+00
  2.258E-07  3.696E-07  0.000E+00  0.000E+00  1.885E+00  2.513E+00
  3.696E-07  6.050E-07  0.000E+00  0.000E+00  1.885E+00  2.513E+00
  6.050E-07  9.902E-07  0.000E+00  0.000E+00  1.885E+00  2.513E+00
  9.902E-07  1.621E-06  0.000E+00  0.000E+00  1.885E+00  2.513E+00
  1.621E-06  2.653E-06  0.000E+00  0.000E+00  1.885E+00  2.513E+00
  2.653E-06  4.342E-06  0.000E+00  0.000E+00  1.885E+00  2.513E+00
  4.342E-06  7.106E-06  0.000E+00  0.000E+00  1.885E+00  2.513E+00
  7.106E-06  1.163E-05  0.000E+00  0.000E+00  1.885E+00  2.513E+00
  1.163E-05  1.904E-05  0.000E+00  0.000E+00  1.885E+00  2.513E+00
  1.904E-05  3.116E-05  0.000E+00  0.000E+00  1.885E+00  2.513E+00
  3.116E-05  5.100E-05  0.000E+00  0.000E+00  1.885E+00  2.513E+00
  5.100E-05  8.347E-05  9.288E-05  9.900E+01  1.885E+00  2.513E+00
  8.347E-05  1.366E-04  0.000E+00  0.000E+00  1.885E+00  2.513E+00
  1.366E-04  2.236E-04  3.689E-05  9.900E+01  1.885E+00  2.513E+00
  2.236E-04  3.660E-04  0.000E+00  0.000E+00  1.885E+00  2.513E+00
  3.660E-04  5.990E-04  2.640E-05  6.128E+01  1.885E+00  2.513E+00
  5.990E-04  9.804E-04  1.660E-05  6.133E+01  1.885E+00  2.513E+00
  9.804E-04  1.605E-03  2.011E-05  4.603E+01  1.885E+00  2.513E+00
  1.605E-03  2.627E-03  1.484E-05  3.167E+01  1.885E+00  2.513E+00
  2.627E-03  4.299E-03  1.130E-05  3.168E+01  1.885E+00  2.513E+00
  4.299E-03  7.036E-03  1.151E-05  2.725E+01  1.885E+00  2.513E+00
  7.036E-03  1.152E-02  1.867E-05  1.949E+01  1.885E+00  2.513E+00
  1.152E-02  1.885E-02  4.328E-05  6.542E+00  1.885E+00  2.513E+00
  1.885E-02  3.085E-02  6.600E-05  6.583E+00  1.885E+00  2.513E+00
  3.085E-02  5.050E-02  8.333E-05  6.589E+00  1.885E+00  2.513E+00
  5.050E-02  8.265E-02  9.963E-05  1.949E+00  1.885E+00  2.513E+00
  8.265E-02  1.353E-01  1.104E-04  2.802E+00  1.885E+00  2.513E+00
  1.353E-01  2.214E-01  1.165E-04  1.729E+00  1.885E+00  2.513E+00
  2.214E-01  3.624E-01  9.942E-05  1.899E+00  1.885E+00  2.513E+00
  3.624E-01  5.931E-01  5.807E-05  1.852E+00  1.885E+00  2.513E+00
  5.931E-01  9.708E-01  1.617E-05  2.866E+00  1.885E+00  2.513E+00
  9.708E-01  1.589E+00  1.899E-06  3.888E+00  1.885E+00  2.513E+00
  1.589E+00  2.601E+00  5.590E-08  2.608E+01  1.885E+00  2.513E+00
  2.601E+00  4.257E+00  0.000E+00  0.000E+00  1.885E+00  2.513E+00
  4.257E+00  6.967E+00  0.000E+00  0.000E+00  1.885E+00  2.513E+00
  6.967E+00  1.140E+01  0.000E+00  0.000E+00  1.885E+00  2.513E+00
  1.140E+01  1.866E+01  0.000E+00  0.000E+00  1.885E+00  2.513E+00
  1.866E+01  3.055E+01  0.000E+00  0.000E+00  1.885E+00  2.513E+00
  3.055E+01  5.000E+01  0.000E+00  0.000E+00  1.885E+00  2.513E+00
  5.000E+01  5.000E+01  0.000E+00  0.000E+00  1.885E+00  2.513E+00

 # Block n:            5     2.51327419      :   3.14159274    
  1.000E-09  1.637E-09  0.000E+00  0.000E+00  2.513E+00  3.142E+00
  1.637E-09  2.679E-09  0.000E+00  0.000E+00  2.513E+00  3.142E+00
  2.679E-09  4.385E-09  0.000E+00  0.000E+00  2.513E+00  3.142E+00
  4.385E-09  7.177E-09  0.000E+00  0.000E+00  2.513E+00  3.142E+00
  7.177E-09  1.175E-08  0.000E+00  0.000E+00  2.513E+00  3.142E+00
  1.175E-08  1.923E-08  0.000E+00  0.000E+00  2.513E+00  3.142E+00
  1.923E-08  3.147E-08  0.000E+00  0.000E+00  2.513E+00  3.142E+00
  3.147E-08  5.150E-08  0.000E+00  0.000E+00  2.513E+00  3.142E+00
  5.150E-08  8.430E-08  0.000E+00  0.000E+00  2.513E+00  3.142E+00
  8.430E-08  1.380E-07  0.000E+00  0.000E+00  2.513E+00  3.142E+00
  1.380E-07  2.258E-07  0.000E+00  0.000E+00  2.513E+00  3.142E+00
  2.258E-07  3.696E-07  0.000E+00  0.000E+00  2.513E+00  3.142E+00
  3.696E-07  6.050E-07  0.000E+00  0.000E+00  2.513E+00  3.142E+00
  6.050E-07  9.902E-07  0.000E+00  0.000E+00  2.513E+00  3.142E+00
  9.902E-07  1.621E-06  0.000E+00  0.000E+00  2.513E+00  3.142E+00
  1.621E-06  2.653E-06  0.000E+00  0.000E+00  2.513E+00  3.142E+00
  2.653E-06  4.342E-06  0.000E+00  0.000E+00  2.513E+00  3.142E+00
  4.342E-06  7.106E-06  0.000E+00  0.000E+00  2.513E+00  3.142E+00
  7.106E-06  1.163E-05  0.000E+00  0.000E+00  2.513E+00  3.142E+00
  1.163E-05  1.904E-05  0.000E+00  0.000E+00  2.513E+00  3.142E+00
  1.904E-05  3.116E-05  0.000E+00  0.000E+00  2.513E+00  3.142E+00
  3.116E-05  5.100E-05  0.000E+00  0.000E+00  2.513E+00  3.142E+00
  5.100E-05  8.347E-05  0.000E+00  0.000E+00  2.513E+00  3.142E+00
  8.347E-05  1.366E-04  1.460E-04  6.124E+01  2.513E+00  3.142E+00
  1.366E-04  2.236E-04  0.000E+00  0.000E+00  2.513E+00  3.142E+00
  2.236E-04  3.660E-04  2.477E-05  9.900E+01  2.513E+00  3.142E+00
  3.660E-04  5.990E-04  1.516E-05  9.900E+01  2.513E+00  3.142E+00
  5.990E-04  9.804E-04  8.744E-06  9.900E+01  2.513E+00  3.142E+00
  9.804E-04  1.605E-03  2.356E-05  4.735E+01  2.513E+00  3.142E+00
  1.605E-03  2.627E-03  1.110E-05  6.578E+01  2.513E+00  3.142E+00
  2.627E-03  4.299E-03  1.699E-05  3.116E+01  2.513E+00  3.142E+00
  4.299E-03  7.036E-03  2.229E-05  2.911E+01  2.513E+00  3.142E+00
  7.036E-03  1.152E-02  2.666E-05  9.940E+00  2.513E+00  3.142E+00
  1.152E-02  1.885E-02  5.115E-05  8.515E+00  2.513E+00  3.142E+00
  1.885E-02  3.085E-02  6.469E-05  9.834E+00  2.513E+00  3.142E+00
  3.085E-02  5.050E-02  9.894E-05  2.102E+00  2.513E+00  3.142E+00
  5.050E-02  8.265E-02  1.117E-04  3.061E+00  2.513E+00  3.142E+00
  8.265E-02  1.353E-01  1.097E-04  2.294E+00  2.513E+00  3.142E+00
  1.353E-01  2.214E-01  1.071E-04  1.872E+00  2.513E+00  3.142E+00
  2.214E-01  3.624E-01  7.908E-05  1.622E+00  2.513E+00  3.142E+00
  3.624E-01  5.931E-01  4.075E-05  2.024E+00  2.513E+00  3.142E+00
  5.931E-01  9.708E-01  9.515E-06  9.751E-01  2.513E+00  3.142E+00
  9.708E-01  1.589E+00  6.187E-07  8.365E+00  2.513E+00  3.142E+00
  1.589E+00  2.601E+00  1.048E-08  4.084E+01  2.513E+00  3.142E+00
  2.601E+00  4.257E+00  0.000E+00  0.000E+00  2.513E+00  3.142E+00
  4.257E+00  6.967E+00  0.000E+00  0.000E+00  2.513E+00  3.142E+00
  6.967E+00  1.140E+01  0.000E+00  0.000E+00  2.513E+00  3.142E+00
  1.140E+01  1.866E+01  0.000E+00  0.000E+00  2.513E+00  3.142E+00
  1.866E+01  3.055E+01  0.000E+00  0.000E+00  2.513E+00  3.142E+00
  3.055E+01  5.000E+01  0.000E+00  0.000E+00  2.513E+00  3.142E+00
  5.000E+01  5.000E+01  0.000E+00  0.000E+00  2.513E+00  3.142E+00

 # Block n:            6     3.14159274      :   3.76991129    
  1.000E-09  1.637E-09  0.000E+00  0.000E+00  3.142E+00  3.770E+00
  1.637E-09  2.679E-09  0.000E+00  0.000E+00  3.142E+00  3.770E+00
  2.679E-09  4.385E-09  0.000E+00  0.000E+00  3.142E+00  3.770E+00
  4.385E-09  7.177E-09  0.000E+00  0.000E+00  3.142E+00  3.770E+00
  7.177E-09  1.175E-08  0.000E+00  0.000E+00  3.142E+00  3.770E+00
  1.175E-08  1.923E-08  0.000E+00  0.000E+00  3.142E+00  3.770E+00
  1.923E-08  3.147E-08  0.000E+00  0.000E+00  3.142E+00  3.770E+00
  3.147E-08  5.150E-08  0.000E+00  0.000E+00  3.142E+00  3.770E+00
  5.150E-08  8.430E-08  0.000E+00  0.000E+00  3.142E+00  3.770E+00
  8.430E-08  1.380E-07  0.000E+00  0.000E+00  3.142E+00  3.770E+00
  1.380E-07  2.258E-07  0.000E+00  0.000E+00  3.142E+00  3.770E+00
  2.258E-07  3.696E-07  0.000E+00  0.000E+00  3.142E+00  3.770E+00
  3.696E-07  6.050E-07  0.000E+00  0.000E+00  3.142E+00  3.770E+00
  6.050E-07  9.902E-07  0.000E+00  0.000E+00  3.142E+00  3.770E+00
  9.902E-07  1.621E-06  0.000E+00  0.000E+00  3.142E+00  3.770E+00
  1.621E-06  2.653E-06  0.000E+00  0.000E+00  3.142E+00  3.770E+00
  2.653E-06  4.342E-06  0.000E+00  0.000E+00  3.142E+00  3.770E+00
  4.342E-06  7.106E-06  0.000E+00  0.000E+00  3.142E+00  3.770E+00
  7.106E-06  1.163E-05  0.000E+00  0.000E+00  3.142E+00  3.770E+00
  1.163E-05  1.904E-05  0.000E+00  0.000E+00  3.142E+00  3.770E+00
  1.904E-05  3.116E-05  0.000E+00  0.000E+00  3.142E+00  3.770E+00
  3.116E-05  5.100E-05  2.086E-04  9.900E+01  3.142E+00  3.770E+00
  5.100E-05  8.347E-05  0.000E+00  0.000E+00  3.142E+00  3.770E+00
  8.347E-05  1.366E-04  0.000E+00  0.000E+00  3.142E+00  3.770E+00
  1.366E-04  2.236E-04  0.000E+00  0.000E+00  3.142E+00  3.770E+00
  2.236E-04  3.660E-04  0.000E+00  0.000E+00  3.142E+00  3.770E+00
  3.660E-04  5.990E-04  3.665E-05  6.126E+01  3.142E+00  3.770E+00
  5.990E-04  9.804E-04  1.099E-05  9.900E+01  3.142E+00  3.770E+00
  9.804E-04  1.605E-03  2.122E-05  4.095E+01  3.142E+00  3.770E+00
  1.605E-03  2.627E-03  2.232E-05  4.467E+01  3.142E+00  3.770E+00
  2.627E-03  4.299E-03  2.637E-05  3.103E+01  3.142E+00  3.770E+00
  4.299E-03  7.036E-03  1.786E-05  4.593E+01  3.142E+00  3.770E+00
  7.036E-03  1.152E-02  2.543E-05  2.019E+01  3.142E+00  3.770E+00
  1.152E-02  1.885E-02  4.676E-05  1.137E+01  3.142E+00  3.770E+00
  1.885E-02  3.085E-02  7.833E-05  2.128E+00  3.142E+00  3.770E+00
  3.085E-02  5.050E-02  9.545E-05  3.082E+00  3.142E+00  3.770E+00
  5.050E-02  8.265E-02  1.156E-04  5.056E+00  3.142E+00  3.770E+00
  8.265E-02  1.353E-01  1.084E-04  2.943E+00  3.142E+00  3.770E+00
  1.353E-01  2.214E-01  9.387E-05  2.916E+00  3.142E+00  3.770E+00
  2.214E-01  3.624E-01  6.561E-05  1.508E+00  3.142E+00  3.770E+00
  3.624E-01  5.931E-01  2.948E-05  4.067E+00  3.142E+00  3.770E+00
  5.931E-01  9.708E-01  5.066E-06  4.863E+00  3.142E+00  3.770E+00
  9.708E-01  1.589E+00  2.021E-07  1.595E+01  3.142E+00  3.770E+00
  1.589E+00  2.601E+00  0.000E+00  0.000E+00  3.142E+00  3.770E+00
  2.601E+00  4.257E+00  0.000E+00  0.000E+00  3.142E+00  3.770E+00
  4.257E+00  6.967E+00  0.000E+00  0.000E+00  3.142E+00  3.770E+00
  6.967E+00  1.140E+01  0.000E+00  0.000E+00  3.142E+00  3.770E+00
  1.140E+01  1.866E+01  0.000E+00  0.000E+00  3.142E+00  3.770E+00
  1.866E+01  3.055E+01  0.000E+00  0.000E+00  3.142E+00  3.770E+00
  3.055E+01  5.000E+01  0.000E+00  0.000E+00  3.142E+00  3.770E+00
  5.000E+01  5.000E+01  0.000E+00  0.000E+00  3.142E+00  3.770E+00

 # Block n:            7     3.76991129      :   4.39822960    
  1.000E-09  1.637E-09  0.000E+00  0.000E+00  3.770E+00  4.398E+00
  1.637E-09  2.679E-09  0.000E+00  0.000E+00  3.770E+00  4.398E+00
  2.679E-09  4.385E-09  0.000E+00  0.000E+00  3.770E+00  4.398E+00
  4.385E-09  7.177E-09  0.000E+00  0.000E+00  3.770E+00  4.398E+00
  7.177E-09  1.175E-08  0.000E+00  0.000E+00  3.770E+00  4.398E+00
  1.175E-08  1.923E-08  0.000E+00  0.000E+00  3.770E+00  4.398E+00
  1.923E-08  3.147E-08  0.000E+00  0.000E+00  3.770E+00  4.398E+00
  3.147E-08  5.150E-08  0.000E+00  0.000E+00  3.770E+00  4.398E+00
  5.150E-08  8.430E-08  0.000E+00  0.000E+00  3.770E+00  4.398E+00
  8.430E-08  1.380E-07  0.000E+00  0.000E+00  3.770E+00  4.398E+00
  1.380E-07  2.258E-07  0.000E+00  0.000E+00  3.770E+00  4.398E+00
  2.258E-07  3.696E-07  0.000E+00  0.000E+00  3.770E+00  4.398E+00
  3.696E-07  6.050E-07  0.000E+00  0.000E+00  3.770E+00  4.398E+00
  6.050E-07  9.902E-07  0.000E+00  0.000E+00  3.770E+00  4.398E+00
  9.902E-07  1.621E-06  0.000E+00  0.000E+00  3.770E+00  4.398E+00
  1.621E-06  2.653E-06  0.000E+00  0.000E+00  3.770E+00  4.398E+00
  2.653E-06  4.342E-06  0.000E+00  0.000E+00  3.770E+00  4.398E+00
  4.342E-06  7.106E-06  0.000E+00  0.000E+00  3.770E+00  4.398E+00
  7.106E-06  1.163E-05  0.000E+00  0.000E+00  3.770E+00  4.398E+00
  1.163E-05  1.904E-05  0.000E+00  0.000E+00  3.770E+00  4.398E+00
  1.904E-05  3.116E-05  0.000E+00  0.000E+00  3.770E+00  4.398E+00
  3.116E-05  5.100E-05  0.000E+00  0.000E+00  3.770E+00  4.398E+00
  5.100E-05  8.347E-05  2.008E-04  9.900E+01  3.770E+00  4.398E+00
  8.347E-05  1.366E-04  0.000E+00  0.000E+00  3.770E+00  4.398E+00
  1.366E-04  2.236E-04  6.998E-05  9.900E+01  3.770E+00  4.398E+00
  2.236E-04  3.660E-04  0.000E+00  0.000E+00  3.770E+00  4.398E+00
  3.660E-04  5.990E-04  2.190E-05  9.900E+01  3.770E+00  4.398E+00
  5.990E-04  9.804E-04  3.035E-05  6.132E+01  3.770E+00  4.398E+00
  9.804E-04  1.605E-03  1.738E-05  6.155E+01  3.770E+00  4.398E+00
  1.605E-03  2.627E-03  2.957E-05  3.286E+01  3.770E+00  4.398E+00
  2.627E-03  4.299E-03  3.406E-05  3.683E+01  3.770E+00  4.398E+00
  4.299E-03  7.036E-03  2.248E-05  2.426E+01  3.770E+00  4.398E+00
  7.036E-03  1.152E-02  3.076E-05  2.121E+01  3.770E+00  4.398E+00
  1.152E-02  1.885E-02  6.127E-05  1.354E+01  3.770E+00  4.398E+00
  1.885E-02  3.085E-02  7.571E-05  9.865E+00  3.770E+00  4.398E+00
  3.085E-02  5.050E-02  8.833E-05  7.099E+00  3.770E+00  4.398E+00
  5.050E-02  8.265E-02  1.161E-04  3.468E+00  3.770E+00  4.398E+00
  8.265E-02  1.353E-01  1.019E-04  4.410E+00  3.770E+00  4.398E+00
  1.353E-01  2.214E-01  8.584E-05  1.909E+00  3.770E+00  4.398E+00
  2.214E-01  3.624E-01  5.453E-05  2.368E+00  3.770E+00  4.398E+00
  3.624E-01  5.931E-01  2.156E-05  3.321E+00  3.770E+00  4.398E+00
  5.931E-01  9.708E-01  2.549E-06  6.177E+00  3.770E+00  4.398E+00
  9.708E-01  1.589E+00  1.131E-07  2.053E+01  3.770E+00  4.398E+00
  1.589E+00  2.601E+00  0.000E+00  0.000E+00  3.770E+00  4.398E+00
  2.601E+00  4.257E+00  0.000E+00  0.000E+00  3.770E+00  4.398E+00
  4.257E+00  6.967E+00  0.000E+00  0.000E+00  3.770E+00  4.398E+00
  6.967E+00  1.140E+01  0.000E+00  0.000E+00  3.770E+00  4.398E+00
  1.140E+01  1.866E+01  0.000E+00  0.000E+00  3.770E+00  4.398E+00
  1.866E+01  3.055E+01  0.000E+00  0.000E+00  3.770E+00  4.398E+00
  3.055E+01  5.000E+01  0.000E+00  0.000E+00  3.770E+00  4.398E+00
  5.000E+01  5.000E+01  0.000E+00  0.000E+00  3.770E+00  4.398E+00

 # Block n:            8     4.39822960      :   5.02654839    
  1.000E-09  1.637E-09  0.000E+00  0.000E+00  4.398E+00  5.027E+00
  1.637E-09  2.679E-09  0.000E+00  0.000E+00  4.398E+00  5.027E+00
  2.679E-09  4.385E-09  0.000E+00  0.000E+00  4.398E+00  5.027E+00
  4.385E-09  7.177E-09  0.000E+00  0.000E+00  4.398E+00  5.027E+00
  7.177E-09  1.175E-08  0.000E+00  0.000E+00  4.398E+00  5.027E+00
  1.175E-08  1.923E-08  0.000E+00  0.000E+00  4.398E+00  5.027E+00
  1.923E-08  3.147E-08  0.000E+00  0.000E+00  4.398E+00  5.027E+00
  3.147E-08  5.150E-08  0.000E+00  0.000E+00  4.398E+00  5.027E+00
  5.150E-08  8.430E-08  0.000E+00  0.000E+00  4.398E+00  5.027E+00
  8.430E-08  1.380E-07  0.000E+00  0.000E+00  4.398E+00  5.027E+00
  1.380E-07  2.258E-07  0.000E+00  0.000E+00  4.398E+00  5.027E+00
  2.258E-07  3.696E-07  0.000E+00  0.000E+00  4.398E+00  5.027E+00
  3.696E-07  6.050E-07  0.000E+00  0.000E+00  4.398E+00  5.027E+00
  6.050E-07  9.902E-07  0.000E+00  0.000E+00  4.398E+00  5.027E+00
  9.902E-07  1.621E-06  0.000E+00  0.000E+00  4.398E+00  5.027E+00
  1.621E-06  2.653E-06  0.000E+00  0.000E+00  4.398E+00  5.027E+00
  2.653E-06  4.342E-06  0.000E+00  0.000E+00  4.398E+00  5.027E+00
  4.342E-06  7.106E-06  0.000E+00  0.000E+00  4.398E+00  5.027E+00
  7.106E-06  1.163E-05  0.000E+00  0.000E+00  4.398E+00  5.027E+00
  1.163E-05  1.904E-05  0.000E+00  0.000E+00  4.398E+00  5.027E+00
  1.904E-05  3.116E-05  0.000E+00  0.000E+00  4.398E+00  5.027E+00
  3.116E-05  5.100E-05  0.000E+00  0.000E+00  4.398E+00  5.027E+00
  5.100E-05  8.347E-05  0.000E+00  0.000E+00  4.398E+00  5.027E+00
  8.347E-05  1.366E-04  0.000E+00  0.000E+00  4.398E+00  5.027E+00
  1.366E-04  2.236E-04  0.000E+00  0.000E+00  4.398E+00  5.027E+00
  2.236E-04  3.660E-04  0.000E+00  0.000E+00  4.398E+00  5.027E+00
  3.660E-04  5.990E-04  0.000E+00  0.000E+00  4.398E+00  5.027E+00
  5.990E-04  9.804E-04  0.000E+00  0.000E+00  4.398E+00  5.027E+00
  9.804E-04  1.605E-03  5.458E-05  2.581E+01  4.398E+00  5.027E+00
  1.605E-03  2.627E-03  3.184E-05  2.524E+01  4.398E+00  5.027E+00
  2.627E-03  4.299E-03  1.920E-05  2.523E+01  4.398E+00  5.027E+00
  4.299E-03  7.036E-03  1.122E-05  2.518E+01  4.398E+00  5.027E+00
  7.036E-03  1.152E-02  3.084E-05  1.856E+01  4.398E+00  5.027E+00
  1.152E-02  1.885E-02  6.731E-05  1.087E+01  4.398E+00  5.027E+00
  1.885E-02  3.085E-02  8.127E-05  1.466E+01  4.398E+00  5.027E+00
  3.085E-02  5.050E-02  9.531E-05  5.382E+00  4.398E+00  5.027E+00
  5.050E-02  8.265E-02  1.093E-04  2.269E+00  4.398E+00  5.027E+00
  8.265E-02  1.353E-01  1.019E-04  3.100E+00  4.398E+00  5.027E+00
  1.353E-01  2.214E-01  7.505E-05  3.327E+00  4.398E+00  5.027E+00
  2.214E-01  3.624E-01  3.937E-05  1.199E+00  4.398E+00  5.027E+00
  3.624E-01  5.931E-01  1.440E-05  6.792E+00  4.398E+00  5.027E+00
  5.931E-01  9.708E-01  1.039E-06  1.236E+01  4.398E+00  5.027E+00
  9.708E-01  1.589E+00  1.104E-08  9.900E+01  4.398E+00  5.027E+00
  1.589E+00  2.601E+00  0.000E+00  0.000E+00  4.398E+00  5.027E+00
  2.601E+00  4.257E+00  0.000E+00  0.000E+00  4.398E+00  5.027E+00
  4.257E+00  6.967E+00  0.000E+00  0.000E+00  4.398E+00  5.027E+00
  6.967E+00  1.140E+01  0.000E+00  0.000E+00  4.398E+00  5.027E+00
  1.140E+01  1.866E+01  0.000E+00  0.000E+00  4.398E+00  5.027E+00
  1.866E+01  3.055E+01  0.000E+00  0.000E+00  4.398E+00  5.027E+00
  3.055E+01  5.000E+01  0.000E+00  0.000E+00  4.398E+00  5.027E+00
  5.000E+01  5.000E+01  0.000E+00  0.000E+00  4.398E+00  5.027E+00

 # Block n:            9     5.02654839      :   5.65486717    
  1.000E-09  1.637E-09  0.000E+00  0.000E+00  5.027E+00  5.655E+00
  1.637E-09  2.679E-09  0.000E+00  0.000E+00  5.027E+00  5.655E+00
  2.679E-09  4.385E-09  0.000E+00  0.000E+00  5.027E+00  5.655E+00
  4.385E-09  7.177E-09  0.000E+00  0.000E+00  5.027E+00  5.655E+00
  7.177E-09  1.175E-08  0.000E+00  0.000E+00  5.027E+00  5.655E+00
  1.175E-08  1.923E-08  0.000E+00  0.000E+00  5.027E+00  5.655E+00
  1.923E-08  3.147E-08  0.000E+00  0.000E+00  5.027E+00  5.655E+00
  3.147E-08  5.150E-08  0.000E+00  0.000E+00  5.027E+00  5.655E+00
  5.150E-08  8.430E-08  0.000E+00  0.000E+00  5.027E+00  5.655E+00
  8.430E-08  1.380E-07  0.000E+00  0.000E+00  5.027E+00  5.655E+00
  1.380E-07  2.258E-07  0.000E+00  0.000E+00  5.027E+00  5.655E+00
  2.258E-07  3.696E-07  0.000E+00  0.000E+00  5.027E+00  5.655E+00
  3.696E-07  6.050E-07  0.000E+00  0.000E+00  5.027E+00  5.655E+00
  6.050E-07  9.902E-07  0.000E+00  0.000E+00  5.027E+00  5.655E+00
  9.902E-07  1.621E-06  0.000E+00  0.000E+00  5.027E+00  5.655E+00
  1.621E-06  2.653E-06  0.000E+00  0.000E+00  5.027E+00  5.655E+00
  2.653E-06  4.342E-06  0.000E+00  0.000E+00  5.027E+00  5.655E+00
  4.342E-06  7.106E-06  0.000E+00  0.000E+00  5.027E+00  5.655E+00
  7.106E-06  1.163E-05  0.000E+00  0.000E+00  5.027E+00  5.655E+00
  1.163E-05  1.904E-05  0.000E+00  0.000E+00  5.027E+00  5.655E+00
  1.904E-05  3.116E-05  0.000E+00  0.000E+00  5.027E+00  5.655E+00
  3.116E-05  5.100E-05  0.000E+00  0.000E+00  5.027E+00  5.655E+00
  5.100E-05  8.347E-05  0.000E+00  0.000E+00  5.027E+00  5.655E+00
  8.347E-05  1.366E-04  0.000E+00  0.000E+00  5.027E+00  5.655E+00
  1.366E-04  2.236E-04  0.000E+00  0.000E+00  5.027E+00  5.655E+00
  2.236E-04  3.660E-04  0.000E+00  0.000E+00  5.027E+00  5.655E+00
  3.660E-04  5.990E-04  0.000E+00  0.000E+00  5.027E+00  5.655E+00
  5.990E-04  9.804E-04  0.000E+00  0.000E+00  5.027E+00  5.655E+00
  9.804E-04  1.605E-03  2.791E-05  9.900E+01  5.027E+00  5.655E+00
  1.605E-03  2.627E-03  0.000E+00  0.000E+00  5.027E+00  5.655E+00
  2.627E-03  4.299E-03  1.562E-05  6.184E+01  5.027E+00  5.655E+00
  4.299E-03  7.036E-03  2.995E-05  5.135E+01  5.027E+00  5.655E+00
  7.036E-03  1.152E-02  5.334E-05  1.523E+01  5.027E+00  5.655E+00
  1.152E-02  1.885E-02  5.716E-05  8.437E+00  5.027E+00  5.655E+00
  1.885E-02  3.085E-02  8.734E-05  1.043E+01  5.027E+00  5.655E+00
  3.085E-02  5.050E-02  9.751E-05  9.483E+00  5.027E+00  5.655E+00
  5.050E-02  8.265E-02  1.046E-04  5.428E+00  5.027E+00  5.655E+00
  8.265E-02  1.353E-01  8.318E-05  5.640E+00  5.027E+00  5.655E+00
  1.353E-01  2.214E-01  6.148E-05  6.806E+00  5.027E+00  5.655E+00
  2.214E-01  3.624E-01  3.633E-05  4.292E+00  5.027E+00  5.655E+00
  3.624E-01  5.931E-01  9.188E-06  8.742E+00  5.027E+00  5.655E+00
  5.931E-01  9.708E-01  8.697E-07  1.921E+01  5.027E+00  5.655E+00
  9.708E-01  1.589E+00  0.000E+00  0.000E+00  5.027E+00  5.655E+00
  1.589E+00  2.601E+00  0.000E+00  0.000E+00  5.027E+00  5.655E+00
  2.601E+00  4.257E+00  0.000E+00  0.000E+00  5.027E+00  5.655E+00
  4.257E+00  6.967E+00  0.000E+00  0.000E+00  5.027E+00  5.655E+00
  6.967E+00  1.140E+01  0.000E+00  0.000E+00  5.027E+00  5.655E+00
  1.140E+01  1.866E+01  0.000E+00  0.000E+00  5.027E+00  5.655E+00
  1.866E+01  3.055E+01  0.000E+00  0.000E+00  5.027E+00  5.655E+00
  3.055E+01  5.000E+01  0.000E+00  0.000E+00  5.027E+00  5.655E+00
  5.000E+01  5.000E+01  0.000E+00  0.000E+00  5.027E+00  5.655E+00

 # Block n:           10     5.65486717      :   6.28318548    
  1.000E-09  1.637E-09  0.000E+00  0.000E+00  5.655E+00  6.283E+00
  1.637E-09  2.679E-09  0.000E+00  0.000E+00  5.655E+00  6.283E+00
  2.679E-09  4.385E-09  0.000E+00  0.000E+00  5.655E+00  6.283E+00
  4.385E-09  7.177E-09  0.000E+00  0.000E+00  5.655E+00  6.283E+00
  7.177E-09  1.175E-08  0.000E+00  0.000E+00  5.655E+00  6.283E+00
  1.175E-08  1.923E-08  0.000E+00  0.000E+00  5.655E+00  6.283E+00
  1.923E-08  3.147E-08  0.000E+00  0.000E+00  5.655E+00  6.283E+00
  3.147E-08  5.150E-08  0.000E+00  0.000E+00  5.655E+00  6.283E+00
  5.150E-08  8.430E-08  0.000E+00  0.000E+00  5.655E+00  6.283E+00
  8.430E-08  1.380E-07  0.000E+00  0.000E+00  5.655E+00  6.283E+00
  1.380E-07  2.258E-07  0.000E+00  0.000E+00  5.655E+00  6.283E+00
  2.258E-07  3.696E-07  0.000E+00  0.000E+00  5.655E+00  6.283E+00
  3.696E-07  6.050E-07  0.000E+00  0.000E+00  5.655E+00  6.283E+00
  6.050E-07  9.902E-07  0.000E+00  0.000E+00  5.655E+00  6.283E+00
  9.902E-07  1.621E-06  0.000E+00  0.000E+00  5.655E+00  6.283E+00
  1.621E-06  2.653E-06  0.000E+00  0.000E+00  5.655E+00  6.283E+00
  2.653E-06  4.342E-06  0.000E+00  0.000E+00  5.655E+00  6.283E+00
  4.342E-06  7.106E-06  0.000E+00  0.000E+00  5.655E+00  6.283E+00
  7.106E-06  1.163E-05  0.000E+00  0.000E+00  5.655E+00  6.283E+00
  1.163E-05  1.904E-05  0.000E+00  0.000E+00  5.655E+00  6.283E+00
  1.904E-05  3.116E-05  0.000E+00  0.000E+00  5.655E+00  6.283E+00
  3.116E-05  5.100E-05  0.000E+00  0.000E+00  5.655E+00  6.283E+00
  5.100E-05  8.347E-05  0.000E+00  0.000E+00  5.655E+00  6.283E+00
  8.347E-05  1.366E-04  0.000E+00  0.000E+00  5.655E+00  6.283E+00
  1.366E-04  2.236E-04  0.000E+00  0.000E+00  5.655E+00  6.283E+00
  2.236E-04  3.660E-04  0.000E+00  0.000E+00  5.655E+00  6.283E+00
  3.660E-04  5.990E-04  0.000E+00  0.000E+00  5.655E+00  6.283E+00
  5.990E-04  9.804E-04  1.035E-04  9.900E+01  5.655E+00  6.283E+00
  9.804E-04  1.605E-03  4.486E-05  9.900E+01  5.655E+00  6.283E+00
  1.605E-03  2.627E-03  0.000E+00  0.000E+00  5.655E+00  6.283E+00
  2.627E-03  4.299E-03  5.985E-05  4.461E+01  5.655E+00  6.283E+00
  4.299E-03  7.036E-03  7.953E-06  9.900E+01  5.655E+00  6.283E+00
  7.036E-03  1.152E-02  9.922E-06  6.162E+01  5.655E+00  6.283E+00
  1.152E-02  1.885E-02  6.115E-05  4.131E+01  5.655E+00  6.283E+00
  1.885E-02  3.085E-02  7.381E-05  2.592E+01  5.655E+00  6.283E+00
  3.085E-02  5.050E-02  7.425E-05  1.767E+01  5.655E+00  6.283E+00
  5.050E-02  8.265E-02  1.101E-04  1.307E+01  5.655E+00  6.283E+00
  8.265E-02  1.353E-01  6.469E-05  1.281E+01  5.655E+00  6.283E+00
  1.353E-01  2.214E-01  4.721E-05  7.555E+00  5.655E+00  6.283E+00
  2.214E-01  3.624E-01  2.612E-05  8.242E+00  5.655E+00  6.283E+00
  3.624E-01  5.931E-01  7.346E-06  1.128E+01  5.655E+00  6.283E+00
  5.931E-01  9.708E-01  5.898E-08  9.900E+01  5.655E+00  6.283E+00
  9.708E-01  1.589E+00  0.000E+00  0.000E+00  5.655E+00  6.283E+00
  1.589E+00  2.601E+00  0.000E+00  0.000E+00  5.655E+00  6.283E+00
  2.601E+00  4.257E+00  0.000E+00  0.000E+00  5.655E+00  6.283E+00
  4.257E+00  6.967E+00  0.000E+00  0.000E+00  5.655E+00  6.283E+00
  6.967E+00  1.140E+01  0.000E+00  0.000E+00  5.655E+00  6.283E+00
  1.140E+01  1.866E+01  0.000E+00  0.000E+00  5.655E+00  6.283E+00
  1.866E+01  3.055E+01  0.000E+00  0.000E+00  5.655E+00  6.283E+00
  3.055E+01  5.000E+01  0.000E+00  0.000E+00  5.655E+00  6.283E+00
  5.000E+01  5.000E+01  0.000E+00  0.000E+00  5.655E+00  6.283E+00

  1.000E-09  1.000E-09  0.000E+00  0.000E+00  6.283E+00  6.283E+00
  1.637E-09  1.637E-09  0.000E+00  0.000E+00  6.283E+00  6.283E+00
  2.679E-09  2.679E-09  0.000E+00  0.000E+00  6.283E+00  6.283E+00
  4.385E-09  4.385E-09  0.000E+00  0.000E+00  6.283E+00  6.283E+00
  7.177E-09  7.177E-09  0.000E+00  0.000E+00  6.283E+00  6.283E+00
  1.175E-08  1.175E-08  0.000E+00  0.000E+00  6.283E+00  6.283E+00
  1.923E-08  1.923E-08  0.000E+00  0.000E+00  6.283E+00  6.283E+00
  3.147E-08  3.147E-08  0.000E+00  0.000E+00  6.283E+00  6.283E+00
  5.150E-08  5.150E-08  0.000E+00  0.000E+00  6.283E+00  6.283E+00
  8.430E-08  8.430E-08  0.000E+00  0.000E+00  6.283E+00  6.283E+00
  1.380E-07  1.380E-07  0.000E+00  0.000E+00  6.283E+00  6.283E+00
  2.258E-07  2.258E-07  0.000E+00  0.000E+00  6.283E+00  6.283E+00
  3.696E-07  3.696E-07  0.000E+00  0.000E+00  6.283E+00  6.283E+00
  6.050E-07  6.050E-07  0.000E+00  0.000E+00  6.283E+00  6.283E+00
  9.902E-07  9.902E-07  0.000E+00  0.000E+00  6.283E+00  6.283E+00
  1.621E-06  1.621E-06  0.000E+00  0.000E+00  6.283E+00  6.283E+00
  2.653E-06  2.653E-06  0.000E+00  0.000E+00  6.283E+00  6.283E+00
  4.342E-06  4.342E-06  0.000E+00  0.000E+00  6.283E+00  6.283E+00
  7.106E-06  7.106E-06  0.000E+00  0.000E+00  6.283E+00  6.283E+00
  1.163E-05  1.163E-05  0.000E+00  0.000E+00  6.283E+00  6.283E+00
  1.904E-05  1.904E-05  0.000E+00  0.000E+00  6.283E+00  6.283E+00
  3.116E-05  3.116E-05  0.000E+00  0.000E+00  6.283E+00  6.283E+00
  5.100E-05  5.100E-05  0.000E+00  0.000E+00  6.283E+00  6.283E+00
  8.347E-05  8.347E-05  0.000E+00  0.000E+00  6.283E+00  6.283E+00
  1.366E-04  1.366E-04  0.000E+00  0.000E+00  6.283E+00  6.283E+00
  2.236E-04  2.236E-04  0.000E+00  0.000E+00  6.283E+00  6.283E+00
  3.660E-04  3.660E-04  0.000E+00  0.000E+00  6.283E+00  6.283E+00
  5.990E-04  5.990E-04  0.000E+00  0.000E+00  6.283E+00  6.283E+00
  9.804E-04  9.804E-04  0.000E+00  0.000E+00  6.283E+00  6.283E+00
  1.605E-03  1.605E-03  0.000E+00  0.000E+00  6.283E+00  6.283E+00
  2.627E-03  2.627E-03  0.000E+00  0.000E+00  6.283E+00  6.283E+00
  4.299E-03  4.299E-03  0.000E+00  0.000E+00  6.283E+00  6.283E+00
  7.036E-03  7.036E-03  0.000E+00  0.000E+00  6.283E+00  6.283E+00
  1.152E-02  1.152E-02  0.000E+00  0.000E+00  6.283E+00  6.283E+00
  1.885E-02  1.885E-02  0.000E+00  0.000E+00  6.283E+00  6.283E+00
  3.085E-02  3.085E-02  0.000E+00  0.000E+00  6.283E+00  6.283E+00
  5.050E-02  5.050E-02  0.000E+00  0.000E+00  6.283E+00  6.283E+00
  8.265E-02  8.265E-02  0.000E+00  0.000E+00  6.283E+00  6.283E+00
  1.353E-01  1.353E-01  0.000E+00  0.000E+00  6.283E+00  6.283E+00
  2.214E-01  2.214E-01  0.000E+00  0.000E+00  6.283E+00  6.283E+00
  3.624E-01  3.624E-01  0.000E+00  0.000E+00  6.283E+00  6.283E+00
  5.931E-01  5.931E-01  0.000E+00  0.000E+00  6.283E+00  6.283E+00
  9.708E-01  9.708E-01  0.000E+00  0.000E+00  6.283E+00  6.283E+00
  1.589E+00  1.589E+00  0.000E+00  0.000E+00  6.283E+00  6.283E+00
  2.601E+00  2.601E+00  0.000E+00  0.000E+00  6.283E+00  6.283E+00
  4.257E+00  4.257E+00  0.000E+00  0.000E+00  6.283E+00  6.283E+00
  6.967E+00  6.967E+00  0.000E+00  0.000E+00  6.283E+00  6.283E+00
  1.140E+01  1.140E+01  0.000E+00  0.000E+00  6.283E+00  6.283E+00
  1.866E+01  1.866E+01  0.000E+00  0.000E+00  6.283E+00  6.283E+00
  3.055E+01  3.055E+01  0.000E+00  0.000E+00  6.283E+00  6.283E+00
  5.000E+01  5.000E+01  0.000E+00  0.000E+00  6.283E+00  6.283E+00
