 # Detector n:            1   piCurrUD  (integrated over solid angle)
 # N. of energy intervals          50
  1.000E-09  1.637E-09  0.000E+00  0.000E+00
  1.637E-09  2.679E-09  0.000E+00  0.000E+00
  2.679E-09  4.385E-09  0.000E+00  0.000E+00
  4.385E-09  7.177E-09  0.000E+00  0.000E+00
  7.177E-09  1.175E-08  0.000E+00  0.000E+00
  1.175E-08  1.923E-08  0.000E+00  0.000E+00
  1.923E-08  3.147E-08  0.000E+00  0.000E+00
  3.147E-08  5.150E-08  0.000E+00  0.000E+00
  5.150E-08  8.430E-08  0.000E+00  0.000E+00
  8.430E-08  1.380E-07  0.000E+00  0.000E+00
  1.380E-07  2.258E-07  0.000E+00  0.000E+00
  2.258E-07  3.696E-07  0.000E+00  0.000E+00
  3.696E-07  6.050E-07  0.000E+00  0.000E+00
  6.050E-07  9.902E-07  0.000E+00  0.000E+00
  9.902E-07  1.621E-06  0.000E+00  0.000E+00
  1.621E-06  2.653E-06  0.000E+00  0.000E+00
  2.653E-06  4.342E-06  0.000E+00  0.000E+00
  4.342E-06  7.106E-06  0.000E+00  0.000E+00
  7.106E-06  1.163E-05  0.000E+00  0.000E+00
  1.163E-05  1.904E-05  0.000E+00  0.000E+00
  1.904E-05  3.116E-05  0.000E+00  0.000E+00
  3.116E-05  5.100E-05  1.260E-04  6.124E+01
  5.100E-05  8.347E-05  7.699E-05  6.124E+01
  8.347E-05  1.366E-04  7.056E-05  4.082E+01
  1.366E-04  2.236E-04  2.874E-05  6.124E+01
  2.236E-04  3.660E-04  3.512E-05  2.500E+01
  3.660E-04  5.990E-04  4.828E-05  3.239E+01
  5.990E-04  9.804E-04  3.605E-05  1.701E+01
  9.804E-04  1.605E-03  5.807E-05  1.144E+01
  1.605E-03  2.627E-03  4.893E-05  7.906E+00
  2.627E-03  4.299E-03  5.008E-05  1.347E+01
  4.299E-03  7.036E-03  4.658E-05  1.217E+01
  7.036E-03  1.152E-02  6.808E-05  6.058E+00
  1.152E-02  1.885E-02  1.353E-04  4.835E+00
  1.885E-02  3.085E-02  1.929E-04  1.872E+00
  3.085E-02  5.050E-02  2.557E-04  1.806E+00
  5.050E-02  8.265E-02  3.050E-04  2.116E+00
  8.265E-02  1.353E-01  3.415E-04  1.595E+00
  1.353E-01  2.214E-01  3.788E-04  6.115E-01
  2.214E-01  3.624E-01  3.911E-04  4.821E-01
  3.624E-01  5.931E-01  3.400E-04  4.788E-01
  5.931E-01  9.708E-01  2.412E-04  3.049E-01
  9.708E-01  1.589E+00  1.538E-04  5.756E-01
  1.589E+00  2.601E+00  9.169E-05  5.248E-01
  2.601E+00  4.257E+00  4.931E-05  5.444E-01
  4.257E+00  6.967E+00  2.404E-05  5.378E-01
  6.967E+00  1.140E+01  9.935E-06  1.928E-01
  1.140E+01  1.866E+01  3.050E-06  5.695E-01
  1.866E+01  3.055E+01  5.931E-07  8.258E-01
  3.055E+01  5.000E+01  3.393E-08  3.164E+00


 # double differential distributions
 # number of solid angle intervals          10
 # Block n:            1     0.00000000      :  0.628318548    
  1.000E-09  1.637E-09  0.000E+00  0.000E+00  0.000E+00  6.283E-01
  1.637E-09  2.679E-09  0.000E+00  0.000E+00  0.000E+00  6.283E-01
  2.679E-09  4.385E-09  0.000E+00  0.000E+00  0.000E+00  6.283E-01
  4.385E-09  7.177E-09  0.000E+00  0.000E+00  0.000E+00  6.283E-01
  7.177E-09  1.175E-08  0.000E+00  0.000E+00  0.000E+00  6.283E-01
  1.175E-08  1.923E-08  0.000E+00  0.000E+00  0.000E+00  6.283E-01
  1.923E-08  3.147E-08  0.000E+00  0.000E+00  0.000E+00  6.283E-01
  3.147E-08  5.150E-08  0.000E+00  0.000E+00  0.000E+00  6.283E-01
  5.150E-08  8.430E-08  0.000E+00  0.000E+00  0.000E+00  6.283E-01
  8.430E-08  1.380E-07  0.000E+00  0.000E+00  0.000E+00  6.283E-01
  1.380E-07  2.258E-07  0.000E+00  0.000E+00  0.000E+00  6.283E-01
  2.258E-07  3.696E-07  0.000E+00  0.000E+00  0.000E+00  6.283E-01
  3.696E-07  6.050E-07  0.000E+00  0.000E+00  0.000E+00  6.283E-01
  6.050E-07  9.902E-07  0.000E+00  0.000E+00  0.000E+00  6.283E-01
  9.902E-07  1.621E-06  0.000E+00  0.000E+00  0.000E+00  6.283E-01
  1.621E-06  2.653E-06  0.000E+00  0.000E+00  0.000E+00  6.283E-01
  2.653E-06  4.342E-06  0.000E+00  0.000E+00  0.000E+00  6.283E-01
  4.342E-06  7.106E-06  0.000E+00  0.000E+00  0.000E+00  6.283E-01
  7.106E-06  1.163E-05  0.000E+00  0.000E+00  0.000E+00  6.283E-01
  1.163E-05  1.904E-05  0.000E+00  0.000E+00  0.000E+00  6.283E-01
  1.904E-05  3.116E-05  0.000E+00  0.000E+00  0.000E+00  6.283E-01
  3.116E-05  5.100E-05  1.003E-04  9.900E+01  0.000E+00  6.283E-01
  5.100E-05  8.347E-05  0.000E+00  0.000E+00  0.000E+00  6.283E-01
  8.347E-05  1.366E-04  0.000E+00  0.000E+00  0.000E+00  6.283E-01
  1.366E-04  2.236E-04  0.000E+00  0.000E+00  0.000E+00  6.283E-01
  2.236E-04  3.660E-04  1.397E-05  9.900E+01  0.000E+00  6.283E-01
  3.660E-04  5.990E-04  0.000E+00  0.000E+00  0.000E+00  6.283E-01
  5.990E-04  9.804E-04  1.043E-05  6.124E+01  0.000E+00  6.283E-01
  9.804E-04  1.605E-03  1.275E-05  4.677E+01  0.000E+00  6.283E-01
  1.605E-03  2.627E-03  1.558E-05  3.187E+01  0.000E+00  6.283E-01
  2.627E-03  4.299E-03  1.309E-05  2.227E+01  0.000E+00  6.283E-01
  4.299E-03  7.036E-03  1.090E-05  2.108E+01  0.000E+00  6.283E-01
  7.036E-03  1.152E-02  1.155E-05  2.141E+01  0.000E+00  6.283E-01
  1.152E-02  1.885E-02  3.418E-05  1.053E+01  0.000E+00  6.283E-01
  1.885E-02  3.085E-02  4.409E-05  8.245E+00  0.000E+00  6.283E-01
  3.085E-02  5.050E-02  6.157E-05  5.224E+00  0.000E+00  6.283E-01
  5.050E-02  8.265E-02  7.969E-05  4.818E+00  0.000E+00  6.283E-01
  8.265E-02  1.353E-01  1.054E-04  2.409E+00  0.000E+00  6.283E-01
  1.353E-01  2.214E-01  1.469E-04  9.338E-01  0.000E+00  6.283E-01
  2.214E-01  3.624E-01  2.098E-04  1.239E+00  0.000E+00  6.283E-01
  3.624E-01  5.931E-01  2.618E-04  6.155E-01  0.000E+00  6.283E-01
  5.931E-01  9.708E-01  2.672E-04  2.114E-01  0.000E+00  6.283E-01
  9.708E-01  1.589E+00  2.174E-04  5.871E-01  0.000E+00  6.283E-01
  1.589E+00  2.601E+00  1.428E-04  5.572E-01  0.000E+00  6.283E-01
  2.601E+00  4.257E+00  7.837E-05  5.354E-01  0.000E+00  6.283E-01
  4.257E+00  6.967E+00  3.825E-05  5.384E-01  0.000E+00  6.283E-01
  6.967E+00  1.140E+01  1.581E-05  1.928E-01  0.000E+00  6.283E-01
  1.140E+01  1.866E+01  4.853E-06  5.695E-01  0.000E+00  6.283E-01
  1.866E+01  3.055E+01  9.440E-07  8.258E-01  0.000E+00  6.283E-01
  3.055E+01  5.000E+01  5.400E-08  3.164E+00  0.000E+00  6.283E-01
  5.000E+01  5.000E+01  0.000E+00  0.000E+00  0.000E+00  6.283E-01

 # Block n:            2    0.628318548      :   1.25663710    
  1.000E-09  1.637E-09  0.000E+00  0.000E+00  6.283E-01  1.257E+00
  1.637E-09  2.679E-09  0.000E+00  0.000E+00  6.283E-01  1.257E+00
  2.679E-09  4.385E-09  0.000E+00  0.000E+00  6.283E-01  1.257E+00
  4.385E-09  7.177E-09  0.000E+00  0.000E+00  6.283E-01  1.257E+00
  7.177E-09  1.175E-08  0.000E+00  0.000E+00  6.283E-01  1.257E+00
  1.175E-08  1.923E-08  0.000E+00  0.000E+00  6.283E-01  1.257E+00
  1.923E-08  3.147E-08  0.000E+00  0.000E+00  6.283E-01  1.257E+00
  3.147E-08  5.150E-08  0.000E+00  0.000E+00  6.283E-01  1.257E+00
  5.150E-08  8.430E-08  0.000E+00  0.000E+00  6.283E-01  1.257E+00
  8.430E-08  1.380E-07  0.000E+00  0.000E+00  6.283E-01  1.257E+00
  1.380E-07  2.258E-07  0.000E+00  0.000E+00  6.283E-01  1.257E+00
  2.258E-07  3.696E-07  0.000E+00  0.000E+00  6.283E-01  1.257E+00
  3.696E-07  6.050E-07  0.000E+00  0.000E+00  6.283E-01  1.257E+00
  6.050E-07  9.902E-07  0.000E+00  0.000E+00  6.283E-01  1.257E+00
  9.902E-07  1.621E-06  0.000E+00  0.000E+00  6.283E-01  1.257E+00
  1.621E-06  2.653E-06  0.000E+00  0.000E+00  6.283E-01  1.257E+00
  2.653E-06  4.342E-06  0.000E+00  0.000E+00  6.283E-01  1.257E+00
  4.342E-06  7.106E-06  0.000E+00  0.000E+00  6.283E-01  1.257E+00
  7.106E-06  1.163E-05  0.000E+00  0.000E+00  6.283E-01  1.257E+00
  1.163E-05  1.904E-05  0.000E+00  0.000E+00  6.283E-01  1.257E+00
  1.904E-05  3.116E-05  0.000E+00  0.000E+00  6.283E-01  1.257E+00
  3.116E-05  5.100E-05  0.000E+00  0.000E+00  6.283E-01  1.257E+00
  5.100E-05  8.347E-05  0.000E+00  0.000E+00  6.283E-01  1.257E+00
  8.347E-05  1.366E-04  3.743E-05  9.900E+01  6.283E-01  1.257E+00
  1.366E-04  2.236E-04  0.000E+00  0.000E+00  6.283E-01  1.257E+00
  2.236E-04  3.660E-04  2.795E-05  6.124E+01  6.283E-01  1.257E+00
  3.660E-04  5.990E-04  2.561E-05  6.667E+01  6.283E-01  1.257E+00
  5.990E-04  9.804E-04  5.216E-06  9.900E+01  6.283E-01  1.257E+00
  9.804E-04  1.605E-03  1.912E-05  3.118E+01  6.283E-01  1.257E+00
  1.605E-03  2.627E-03  1.168E-05  4.859E+01  6.283E-01  1.257E+00
  2.627E-03  4.299E-03  8.327E-06  1.750E+01  6.283E-01  1.257E+00
  4.299E-03  7.036E-03  1.163E-05  2.500E+01  6.283E-01  1.257E+00
  7.036E-03  1.152E-02  1.821E-05  4.563E+00  6.283E-01  1.257E+00
  1.152E-02  1.885E-02  3.011E-05  1.060E+01  6.283E-01  1.257E+00
  1.885E-02  3.085E-02  4.509E-05  4.599E+00  6.283E-01  1.257E+00
  3.085E-02  5.050E-02  5.945E-05  3.007E+00  6.283E-01  1.257E+00
  5.050E-02  8.265E-02  7.190E-05  3.310E+00  6.283E-01  1.257E+00
  8.265E-02  1.353E-01  9.613E-05  2.053E+00  6.283E-01  1.257E+00
  1.353E-01  2.214E-01  1.214E-04  1.834E+00  6.283E-01  1.257E+00
  2.214E-01  3.624E-01  1.431E-04  2.952E-01  6.283E-01  1.257E+00
  3.624E-01  5.931E-01  1.263E-04  5.884E-01  6.283E-01  1.257E+00
  5.931E-01  9.708E-01  7.129E-05  9.036E-01  6.283E-01  1.257E+00
  9.708E-01  1.589E+00  2.126E-05  1.580E+00  6.283E-01  1.257E+00
  1.589E+00  2.601E+00  2.826E-06  2.598E+00  6.283E-01  1.257E+00
  2.601E+00  4.257E+00  1.021E-07  1.684E+01  6.283E-01  1.257E+00
  4.257E+00  6.967E+00  2.202E-09  4.082E+01  6.283E-01  1.257E+00
  6.967E+00  1.140E+01  0.000E+00  0.000E+00  6.283E-01  1.257E+00
  1.140E+01  1.866E+01  0.000E+00  0.000E+00  6.283E-01  1.257E+00
  1.866E+01  3.055E+01  0.000E+00  0.000E+00  6.283E-01  1.257E+00
  3.055E+01  5.000E+01  0.000E+00  0.000E+00  6.283E-01  1.257E+00
  5.000E+01  5.000E+01  0.000E+00  0.000E+00  6.283E-01  1.257E+00

 # Block n:            3     1.25663710      :   1.88495564    
  1.000E-09  1.637E-09  0.000E+00  0.000E+00  1.257E+00  1.885E+00
  1.637E-09  2.679E-09  0.000E+00  0.000E+00  1.257E+00  1.885E+00
  2.679E-09  4.385E-09  0.000E+00  0.000E+00  1.257E+00  1.885E+00
  4.385E-09  7.177E-09  0.000E+00  0.000E+00  1.257E+00  1.885E+00
  7.177E-09  1.175E-08  0.000E+00  0.000E+00  1.257E+00  1.885E+00
  1.175E-08  1.923E-08  0.000E+00  0.000E+00  1.257E+00  1.885E+00
  1.923E-08  3.147E-08  0.000E+00  0.000E+00  1.257E+00  1.885E+00
  3.147E-08  5.150E-08  0.000E+00  0.000E+00  1.257E+00  1.885E+00
  5.150E-08  8.430E-08  0.000E+00  0.000E+00  1.257E+00  1.885E+00
  8.430E-08  1.380E-07  0.000E+00  0.000E+00  1.257E+00  1.885E+00
  1.380E-07  2.258E-07  0.000E+00  0.000E+00  1.257E+00  1.885E+00
  2.258E-07  3.696E-07  0.000E+00  0.000E+00  1.257E+00  1.885E+00
  3.696E-07  6.050E-07  0.000E+00  0.000E+00  1.257E+00  1.885E+00
  6.050E-07  9.902E-07  0.000E+00  0.000E+00  1.257E+00  1.885E+00
  9.902E-07  1.621E-06  0.000E+00  0.000E+00  1.257E+00  1.885E+00
  1.621E-06  2.653E-06  0.000E+00  0.000E+00  1.257E+00  1.885E+00
  2.653E-06  4.342E-06  0.000E+00  0.000E+00  1.257E+00  1.885E+00
  4.342E-06  7.106E-06  0.000E+00  0.000E+00  1.257E+00  1.885E+00
  7.106E-06  1.163E-05  0.000E+00  0.000E+00  1.257E+00  1.885E+00
  1.163E-05  1.904E-05  0.000E+00  0.000E+00  1.257E+00  1.885E+00
  1.904E-05  3.116E-05  0.000E+00  0.000E+00  1.257E+00  1.885E+00
  3.116E-05  5.100E-05  0.000E+00  0.000E+00  1.257E+00  1.885E+00
  5.100E-05  8.347E-05  0.000E+00  0.000E+00  1.257E+00  1.885E+00
  8.347E-05  1.366E-04  0.000E+00  0.000E+00  1.257E+00  1.885E+00
  1.366E-04  2.236E-04  0.000E+00  0.000E+00  1.257E+00  1.885E+00
  2.236E-04  3.660E-04  0.000E+00  0.000E+00  1.257E+00  1.885E+00
  3.660E-04  5.990E-04  0.000E+00  0.000E+00  1.257E+00  1.885E+00
  5.990E-04  9.804E-04  5.216E-06  9.900E+01  1.257E+00  1.885E+00
  9.804E-04  1.605E-03  0.000E+00  0.000E+00  1.257E+00  1.885E+00
  1.605E-03  2.627E-03  7.788E-06  4.677E+01  1.257E+00  1.885E+00
  2.627E-03  4.299E-03  7.137E-06  3.118E+01  1.257E+00  1.885E+00
  4.299E-03  7.036E-03  7.268E-06  2.739E+01  1.257E+00  1.885E+00
  7.036E-03  1.152E-02  1.377E-05  9.405E+00  1.257E+00  1.885E+00
  1.152E-02  1.885E-02  2.442E-05  9.461E+00  1.257E+00  1.885E+00
  1.885E-02  3.085E-02  4.011E-05  6.650E+00  1.257E+00  1.885E+00
  3.085E-02  5.050E-02  6.066E-05  2.482E+00  1.257E+00  1.885E+00
  5.050E-02  8.265E-02  6.676E-05  3.026E+00  1.257E+00  1.885E+00
  8.265E-02  1.353E-01  8.362E-05  2.595E+00  1.257E+00  1.885E+00
  1.353E-01  2.214E-01  9.645E-05  1.114E+00  1.257E+00  1.885E+00
  2.214E-01  3.624E-01  9.551E-05  1.153E+00  1.257E+00  1.885E+00
  3.624E-01  5.931E-01  6.613E-05  1.226E+00  1.257E+00  1.885E+00
  5.931E-01  9.708E-01  2.582E-05  6.099E-01  1.257E+00  1.885E+00
  9.708E-01  1.589E+00  4.448E-06  1.567E+00  1.257E+00  1.885E+00
  1.589E+00  2.601E+00  2.399E-07  8.942E+00  1.257E+00  1.885E+00
  2.601E+00  4.257E+00  0.000E+00  0.000E+00  1.257E+00  1.885E+00
  4.257E+00  6.967E+00  0.000E+00  0.000E+00  1.257E+00  1.885E+00
  6.967E+00  1.140E+01  0.000E+00  0.000E+00  1.257E+00  1.885E+00
  1.140E+01  1.866E+01  0.000E+00  0.000E+00  1.257E+00  1.885E+00
  1.866E+01  3.055E+01  0.000E+00  0.000E+00  1.257E+00  1.885E+00
  3.055E+01  5.000E+01  0.000E+00  0.000E+00  1.257E+00  1.885E+00
  5.000E+01  5.000E+01  0.000E+00  0.000E+00  1.257E+00  1.885E+00

 # Block n:            4     1.88495564      :   2.51327419    
  1.000E-09  1.637E-09  0.000E+00  0.000E+00  1.885E+00  2.513E+00
  1.637E-09  2.679E-09  0.000E+00  0.000E+00  1.885E+00  2.513E+00
  2.679E-09  4.385E-09  0.000E+00  0.000E+00  1.885E+00  2.513E+00
  4.385E-09  7.177E-09  0.000E+00  0.000E+00  1.885E+00  2.513E+00
  7.177E-09  1.175E-08  0.000E+00  0.000E+00  1.885E+00  2.513E+00
  1.175E-08  1.923E-08  0.000E+00  0.000E+00  1.885E+00  2.513E+00
  1.923E-08  3.147E-08  0.000E+00  0.000E+00  1.885E+00  2.513E+00
  3.147E-08  5.150E-08  0.000E+00  0.000E+00  1.885E+00  2.513E+00
  5.150E-08  8.430E-08  0.000E+00  0.000E+00  1.885E+00  2.513E+00
  8.430E-08  1.380E-07  0.000E+00  0.000E+00  1.885E+00  2.513E+00
  1.380E-07  2.258E-07  0.000E+00  0.000E+00  1.885E+00  2.513E+00
  2.258E-07  3.696E-07  0.000E+00  0.000E+00  1.885E+00  2.513E+00
  3.696E-07  6.050E-07  0.000E+00  0.000E+00  1.885E+00  2.513E+00
  6.050E-07  9.902E-07  0.000E+00  0.000E+00  1.885E+00  2.513E+00
  9.902E-07  1.621E-06  0.000E+00  0.000E+00  1.885E+00  2.513E+00
  1.621E-06  2.653E-06  0.000E+00  0.000E+00  1.885E+00  2.513E+00
  2.653E-06  4.342E-06  0.000E+00  0.000E+00  1.885E+00  2.513E+00
  4.342E-06  7.106E-06  0.000E+00  0.000E+00  1.885E+00  2.513E+00
  7.106E-06  1.163E-05  0.000E+00  0.000E+00  1.885E+00  2.513E+00
  1.163E-05  1.904E-05  0.000E+00  0.000E+00  1.885E+00  2.513E+00
  1.904E-05  3.116E-05  0.000E+00  0.000E+00  1.885E+00  2.513E+00
  3.116E-05  5.100E-05  0.000E+00  0.000E+00  1.885E+00  2.513E+00
  5.100E-05  8.347E-05  6.127E-05  9.900E+01  1.885E+00  2.513E+00
  8.347E-05  1.366E-04  0.000E+00  0.000E+00  1.885E+00  2.513E+00
  1.366E-04  2.236E-04  2.287E-05  9.900E+01  1.885E+00  2.513E+00
  2.236E-04  3.660E-04  0.000E+00  0.000E+00  1.885E+00  2.513E+00
  3.660E-04  5.990E-04  1.707E-05  6.124E+01  1.885E+00  2.513E+00
  5.990E-04  9.804E-04  1.043E-05  6.124E+01  1.885E+00  2.513E+00
  9.804E-04  1.605E-03  1.275E-05  4.677E+01  1.885E+00  2.513E+00
  1.605E-03  2.627E-03  9.735E-06  3.162E+01  1.885E+00  2.513E+00
  2.627E-03  4.299E-03  7.137E-06  3.118E+01  1.885E+00  2.513E+00
  4.299E-03  7.036E-03  7.268E-06  2.739E+01  1.885E+00  2.513E+00
  7.036E-03  1.152E-02  1.199E-05  1.995E+01  1.885E+00  2.513E+00
  1.152E-02  1.885E-02  2.822E-05  6.867E+00  1.885E+00  2.513E+00
  1.885E-02  3.085E-02  4.293E-05  6.586E+00  1.885E+00  2.513E+00
  3.085E-02  5.050E-02  5.428E-05  6.605E+00  1.885E+00  2.513E+00
  5.050E-02  8.265E-02  6.478E-05  1.972E+00  1.885E+00  2.513E+00
  8.265E-02  1.353E-01  7.175E-05  2.791E+00  1.885E+00  2.513E+00
  1.353E-01  2.214E-01  7.590E-05  1.683E+00  1.885E+00  2.513E+00
  2.214E-01  3.624E-01  6.476E-05  1.855E+00  1.885E+00  2.513E+00
  3.624E-01  5.931E-01  3.792E-05  1.831E+00  1.885E+00  2.513E+00
  5.931E-01  9.708E-01  1.060E-05  2.847E+00  1.885E+00  2.513E+00
  9.708E-01  1.589E+00  1.249E-06  3.879E+00  1.885E+00  2.513E+00
  1.589E+00  2.601E+00  3.736E-08  2.684E+01  1.885E+00  2.513E+00
  2.601E+00  4.257E+00  0.000E+00  0.000E+00  1.885E+00  2.513E+00
  4.257E+00  6.967E+00  0.000E+00  0.000E+00  1.885E+00  2.513E+00
  6.967E+00  1.140E+01  0.000E+00  0.000E+00  1.885E+00  2.513E+00
  1.140E+01  1.866E+01  0.000E+00  0.000E+00  1.885E+00  2.513E+00
  1.866E+01  3.055E+01  0.000E+00  0.000E+00  1.885E+00  2.513E+00
  3.055E+01  5.000E+01  0.000E+00  0.000E+00  1.885E+00  2.513E+00
  5.000E+01  5.000E+01  0.000E+00  0.000E+00  1.885E+00  2.513E+00

 # Block n:            5     2.51327419      :   3.14159274    
  1.000E-09  1.637E-09  0.000E+00  0.000E+00  2.513E+00  3.142E+00
  1.637E-09  2.679E-09  0.000E+00  0.000E+00  2.513E+00  3.142E+00
  2.679E-09  4.385E-09  0.000E+00  0.000E+00  2.513E+00  3.142E+00
  4.385E-09  7.177E-09  0.000E+00  0.000E+00  2.513E+00  3.142E+00
  7.177E-09  1.175E-08  0.000E+00  0.000E+00  2.513E+00  3.142E+00
  1.175E-08  1.923E-08  0.000E+00  0.000E+00  2.513E+00  3.142E+00
  1.923E-08  3.147E-08  0.000E+00  0.000E+00  2.513E+00  3.142E+00
  3.147E-08  5.150E-08  0.000E+00  0.000E+00  2.513E+00  3.142E+00
  5.150E-08  8.430E-08  0.000E+00  0.000E+00  2.513E+00  3.142E+00
  8.430E-08  1.380E-07  0.000E+00  0.000E+00  2.513E+00  3.142E+00
  1.380E-07  2.258E-07  0.000E+00  0.000E+00  2.513E+00  3.142E+00
  2.258E-07  3.696E-07  0.000E+00  0.000E+00  2.513E+00  3.142E+00
  3.696E-07  6.050E-07  0.000E+00  0.000E+00  2.513E+00  3.142E+00
  6.050E-07  9.902E-07  0.000E+00  0.000E+00  2.513E+00  3.142E+00
  9.902E-07  1.621E-06  0.000E+00  0.000E+00  2.513E+00  3.142E+00
  1.621E-06  2.653E-06  0.000E+00  0.000E+00  2.513E+00  3.142E+00
  2.653E-06  4.342E-06  0.000E+00  0.000E+00  2.513E+00  3.142E+00
  4.342E-06  7.106E-06  0.000E+00  0.000E+00  2.513E+00  3.142E+00
  7.106E-06  1.163E-05  0.000E+00  0.000E+00  2.513E+00  3.142E+00
  1.163E-05  1.904E-05  0.000E+00  0.000E+00  2.513E+00  3.142E+00
  1.904E-05  3.116E-05  0.000E+00  0.000E+00  2.513E+00  3.142E+00
  3.116E-05  5.100E-05  0.000E+00  0.000E+00  2.513E+00  3.142E+00
  5.100E-05  8.347E-05  0.000E+00  0.000E+00  2.513E+00  3.142E+00
  8.347E-05  1.366E-04  7.486E-05  6.124E+01  2.513E+00  3.142E+00
  1.366E-04  2.236E-04  0.000E+00  0.000E+00  2.513E+00  3.142E+00
  2.236E-04  3.660E-04  1.397E-05  9.900E+01  2.513E+00  3.142E+00
  3.660E-04  5.990E-04  8.537E-06  9.900E+01  2.513E+00  3.142E+00
  5.990E-04  9.804E-04  5.216E-06  9.900E+01  2.513E+00  3.142E+00
  9.804E-04  1.605E-03  1.275E-05  4.677E+01  2.513E+00  3.142E+00
  1.605E-03  2.627E-03  5.841E-06  6.667E+01  2.513E+00  3.142E+00
  2.627E-03  4.299E-03  9.516E-06  3.187E+01  2.513E+00  3.142E+00
  4.299E-03  7.036E-03  1.236E-05  2.882E+01  2.513E+00  3.142E+00
  7.036E-03  1.152E-02  1.465E-05  1.028E+01  2.513E+00  3.142E+00
  1.152E-02  1.885E-02  2.822E-05  8.382E+00  2.513E+00  3.142E+00
  1.885E-02  3.085E-02  3.564E-05  1.003E+01  2.513E+00  3.142E+00
  3.085E-02  5.050E-02  5.428E-05  2.115E+00  2.513E+00  3.142E+00
  5.050E-02  8.265E-02  6.132E-05  3.091E+00  2.513E+00  3.142E+00
  8.265E-02  1.353E-01  6.052E-05  2.225E+00  2.513E+00  3.142E+00
  1.353E-01  2.214E-01  5.904E-05  1.850E+00  2.513E+00  3.142E+00
  2.214E-01  3.624E-01  4.359E-05  1.591E+00  2.513E+00  3.142E+00
  3.624E-01  5.931E-01  2.254E-05  2.095E+00  2.513E+00  3.142E+00
  5.931E-01  9.708E-01  5.283E-06  9.666E-01  2.513E+00  3.142E+00
  9.708E-01  1.589E+00  3.476E-07  7.965E+00  2.513E+00  3.142E+00
  1.589E+00  2.601E+00  5.899E-09  4.082E+01  2.513E+00  3.142E+00
  2.601E+00  4.257E+00  0.000E+00  0.000E+00  2.513E+00  3.142E+00
  4.257E+00  6.967E+00  0.000E+00  0.000E+00  2.513E+00  3.142E+00
  6.967E+00  1.140E+01  0.000E+00  0.000E+00  2.513E+00  3.142E+00
  1.140E+01  1.866E+01  0.000E+00  0.000E+00  2.513E+00  3.142E+00
  1.866E+01  3.055E+01  0.000E+00  0.000E+00  2.513E+00  3.142E+00
  3.055E+01  5.000E+01  0.000E+00  0.000E+00  2.513E+00  3.142E+00
  5.000E+01  5.000E+01  0.000E+00  0.000E+00  2.513E+00  3.142E+00

 # Block n:            6     3.14159274      :   3.76991129    
  1.000E-09  1.637E-09  0.000E+00  0.000E+00  3.142E+00  3.770E+00
  1.637E-09  2.679E-09  0.000E+00  0.000E+00  3.142E+00  3.770E+00
  2.679E-09  4.385E-09  0.000E+00  0.000E+00  3.142E+00  3.770E+00
  4.385E-09  7.177E-09  0.000E+00  0.000E+00  3.142E+00  3.770E+00
  7.177E-09  1.175E-08  0.000E+00  0.000E+00  3.142E+00  3.770E+00
  1.175E-08  1.923E-08  0.000E+00  0.000E+00  3.142E+00  3.770E+00
  1.923E-08  3.147E-08  0.000E+00  0.000E+00  3.142E+00  3.770E+00
  3.147E-08  5.150E-08  0.000E+00  0.000E+00  3.142E+00  3.770E+00
  5.150E-08  8.430E-08  0.000E+00  0.000E+00  3.142E+00  3.770E+00
  8.430E-08  1.380E-07  0.000E+00  0.000E+00  3.142E+00  3.770E+00
  1.380E-07  2.258E-07  0.000E+00  0.000E+00  3.142E+00  3.770E+00
  2.258E-07  3.696E-07  0.000E+00  0.000E+00  3.142E+00  3.770E+00
  3.696E-07  6.050E-07  0.000E+00  0.000E+00  3.142E+00  3.770E+00
  6.050E-07  9.902E-07  0.000E+00  0.000E+00  3.142E+00  3.770E+00
  9.902E-07  1.621E-06  0.000E+00  0.000E+00  3.142E+00  3.770E+00
  1.621E-06  2.653E-06  0.000E+00  0.000E+00  3.142E+00  3.770E+00
  2.653E-06  4.342E-06  0.000E+00  0.000E+00  3.142E+00  3.770E+00
  4.342E-06  7.106E-06  0.000E+00  0.000E+00  3.142E+00  3.770E+00
  7.106E-06  1.163E-05  0.000E+00  0.000E+00  3.142E+00  3.770E+00
  1.163E-05  1.904E-05  0.000E+00  0.000E+00  3.142E+00  3.770E+00
  1.904E-05  3.116E-05  0.000E+00  0.000E+00  3.142E+00  3.770E+00
  3.116E-05  5.100E-05  1.003E-04  9.900E+01  3.142E+00  3.770E+00
  5.100E-05  8.347E-05  0.000E+00  0.000E+00  3.142E+00  3.770E+00
  8.347E-05  1.366E-04  0.000E+00  0.000E+00  3.142E+00  3.770E+00
  1.366E-04  2.236E-04  0.000E+00  0.000E+00  3.142E+00  3.770E+00
  2.236E-04  3.660E-04  0.000E+00  0.000E+00  3.142E+00  3.770E+00
  3.660E-04  5.990E-04  1.707E-05  6.124E+01  3.142E+00  3.770E+00
  5.990E-04  9.804E-04  5.216E-06  9.900E+01  3.142E+00  3.770E+00
  9.804E-04  1.605E-03  9.560E-06  4.082E+01  3.142E+00  3.770E+00
  1.605E-03  2.627E-03  9.735E-06  4.472E+01  3.142E+00  3.770E+00
  2.627E-03  4.299E-03  1.190E-05  3.162E+01  3.142E+00  3.770E+00
  4.299E-03  7.036E-03  7.995E-06  4.635E+01  3.142E+00  3.770E+00
  7.036E-03  1.152E-02  1.155E-05  2.053E+01  3.142E+00  3.770E+00
  1.152E-02  1.885E-02  2.116E-05  1.121E+01  3.142E+00  3.770E+00
  1.885E-02  3.085E-02  3.547E-05  2.265E+00  3.142E+00  3.770E+00
  3.085E-02  5.050E-02  4.294E-05  3.259E+00  3.142E+00  3.770E+00
  5.050E-02  8.265E-02  5.216E-05  5.073E+00  3.142E+00  3.770E+00
  8.265E-02  1.353E-01  4.888E-05  2.989E+00  3.142E+00  3.770E+00
  1.353E-01  2.214E-01  4.227E-05  2.870E+00  3.142E+00  3.770E+00
  2.214E-01  3.624E-01  2.962E-05  1.520E+00  3.142E+00  3.770E+00
  3.624E-01  5.931E-01  1.337E-05  4.019E+00  3.142E+00  3.770E+00
  5.931E-01  9.708E-01  2.307E-06  4.715E+00  3.142E+00  3.770E+00
  9.708E-01  1.589E+00  9.333E-08  1.580E+01  3.142E+00  3.770E+00
  1.589E+00  2.601E+00  0.000E+00  0.000E+00  3.142E+00  3.770E+00
  2.601E+00  4.257E+00  0.000E+00  0.000E+00  3.142E+00  3.770E+00
  4.257E+00  6.967E+00  0.000E+00  0.000E+00  3.142E+00  3.770E+00
  6.967E+00  1.140E+01  0.000E+00  0.000E+00  3.142E+00  3.770E+00
  1.140E+01  1.866E+01  0.000E+00  0.000E+00  3.142E+00  3.770E+00
  1.866E+01  3.055E+01  0.000E+00  0.000E+00  3.142E+00  3.770E+00
  3.055E+01  5.000E+01  0.000E+00  0.000E+00  3.142E+00  3.770E+00
  5.000E+01  5.000E+01  0.000E+00  0.000E+00  3.142E+00  3.770E+00

 # Block n:            7     3.76991129      :   4.39822960    
  1.000E-09  1.637E-09  0.000E+00  0.000E+00  3.770E+00  4.398E+00
  1.637E-09  2.679E-09  0.000E+00  0.000E+00  3.770E+00  4.398E+00
  2.679E-09  4.385E-09  0.000E+00  0.000E+00  3.770E+00  4.398E+00
  4.385E-09  7.177E-09  0.000E+00  0.000E+00  3.770E+00  4.398E+00
  7.177E-09  1.175E-08  0.000E+00  0.000E+00  3.770E+00  4.398E+00
  1.175E-08  1.923E-08  0.000E+00  0.000E+00  3.770E+00  4.398E+00
  1.923E-08  3.147E-08  0.000E+00  0.000E+00  3.770E+00  4.398E+00
  3.147E-08  5.150E-08  0.000E+00  0.000E+00  3.770E+00  4.398E+00
  5.150E-08  8.430E-08  0.000E+00  0.000E+00  3.770E+00  4.398E+00
  8.430E-08  1.380E-07  0.000E+00  0.000E+00  3.770E+00  4.398E+00
  1.380E-07  2.258E-07  0.000E+00  0.000E+00  3.770E+00  4.398E+00
  2.258E-07  3.696E-07  0.000E+00  0.000E+00  3.770E+00  4.398E+00
  3.696E-07  6.050E-07  0.000E+00  0.000E+00  3.770E+00  4.398E+00
  6.050E-07  9.902E-07  0.000E+00  0.000E+00  3.770E+00  4.398E+00
  9.902E-07  1.621E-06  0.000E+00  0.000E+00  3.770E+00  4.398E+00
  1.621E-06  2.653E-06  0.000E+00  0.000E+00  3.770E+00  4.398E+00
  2.653E-06  4.342E-06  0.000E+00  0.000E+00  3.770E+00  4.398E+00
  4.342E-06  7.106E-06  0.000E+00  0.000E+00  3.770E+00  4.398E+00
  7.106E-06  1.163E-05  0.000E+00  0.000E+00  3.770E+00  4.398E+00
  1.163E-05  1.904E-05  0.000E+00  0.000E+00  3.770E+00  4.398E+00
  1.904E-05  3.116E-05  0.000E+00  0.000E+00  3.770E+00  4.398E+00
  3.116E-05  5.100E-05  0.000E+00  0.000E+00  3.770E+00  4.398E+00
  5.100E-05  8.347E-05  6.127E-05  9.900E+01  3.770E+00  4.398E+00
  8.347E-05  1.366E-04  0.000E+00  0.000E+00  3.770E+00  4.398E+00
  1.366E-04  2.236E-04  2.287E-05  9.900E+01  3.770E+00  4.398E+00
  2.236E-04  3.660E-04  0.000E+00  0.000E+00  3.770E+00  4.398E+00
  3.660E-04  5.990E-04  8.537E-06  9.900E+01  3.770E+00  4.398E+00
  5.990E-04  9.804E-04  1.043E-05  6.124E+01  3.770E+00  4.398E+00
  9.804E-04  1.605E-03  6.373E-06  6.124E+01  3.770E+00  4.398E+00
  1.605E-03  2.627E-03  9.735E-06  3.162E+01  3.770E+00  4.398E+00
  2.627E-03  4.299E-03  1.190E-05  3.536E+01  3.770E+00  4.398E+00
  4.299E-03  7.036E-03  7.995E-06  2.227E+01  3.770E+00  4.398E+00
  7.036E-03  1.152E-02  1.066E-05  2.020E+01  3.770E+00  4.398E+00
  1.152E-02  1.885E-02  2.116E-05  1.428E+01  3.770E+00  4.398E+00
  1.885E-02  3.085E-02  2.652E-05  9.682E+00  3.770E+00  4.398E+00
  3.085E-02  5.050E-02  3.099E-05  6.804E+00  3.770E+00  4.398E+00
  5.050E-02  8.265E-02  4.078E-05  3.879E+00  3.770E+00  4.398E+00
  8.265E-02  1.353E-01  3.572E-05  4.276E+00  3.770E+00  4.398E+00
  1.353E-01  2.214E-01  3.005E-05  2.024E+00  3.770E+00  4.398E+00
  2.214E-01  3.624E-01  1.916E-05  2.482E+00  3.770E+00  4.398E+00
  3.624E-01  5.931E-01  7.639E-06  3.119E+00  3.770E+00  4.398E+00
  5.931E-01  9.708E-01  9.113E-07  6.565E+00  3.770E+00  4.398E+00
  9.708E-01  1.589E+00  4.184E-08  1.961E+01  3.770E+00  4.398E+00
  1.589E+00  2.601E+00  0.000E+00  0.000E+00  3.770E+00  4.398E+00
  2.601E+00  4.257E+00  0.000E+00  0.000E+00  3.770E+00  4.398E+00
  4.257E+00  6.967E+00  0.000E+00  0.000E+00  3.770E+00  4.398E+00
  6.967E+00  1.140E+01  0.000E+00  0.000E+00  3.770E+00  4.398E+00
  1.140E+01  1.866E+01  0.000E+00  0.000E+00  3.770E+00  4.398E+00
  1.866E+01  3.055E+01  0.000E+00  0.000E+00  3.770E+00  4.398E+00
  3.055E+01  5.000E+01  0.000E+00  0.000E+00  3.770E+00  4.398E+00
  5.000E+01  5.000E+01  0.000E+00  0.000E+00  3.770E+00  4.398E+00

 # Block n:            8     4.39822960      :   5.02654839    
  1.000E-09  1.637E-09  0.000E+00  0.000E+00  4.398E+00  5.027E+00
  1.637E-09  2.679E-09  0.000E+00  0.000E+00  4.398E+00  5.027E+00
  2.679E-09  4.385E-09  0.000E+00  0.000E+00  4.398E+00  5.027E+00
  4.385E-09  7.177E-09  0.000E+00  0.000E+00  4.398E+00  5.027E+00
  7.177E-09  1.175E-08  0.000E+00  0.000E+00  4.398E+00  5.027E+00
  1.175E-08  1.923E-08  0.000E+00  0.000E+00  4.398E+00  5.027E+00
  1.923E-08  3.147E-08  0.000E+00  0.000E+00  4.398E+00  5.027E+00
  3.147E-08  5.150E-08  0.000E+00  0.000E+00  4.398E+00  5.027E+00
  5.150E-08  8.430E-08  0.000E+00  0.000E+00  4.398E+00  5.027E+00
  8.430E-08  1.380E-07  0.000E+00  0.000E+00  4.398E+00  5.027E+00
  1.380E-07  2.258E-07  0.000E+00  0.000E+00  4.398E+00  5.027E+00
  2.258E-07  3.696E-07  0.000E+00  0.000E+00  4.398E+00  5.027E+00
  3.696E-07  6.050E-07  0.000E+00  0.000E+00  4.398E+00  5.027E+00
  6.050E-07  9.902E-07  0.000E+00  0.000E+00  4.398E+00  5.027E+00
  9.902E-07  1.621E-06  0.000E+00  0.000E+00  4.398E+00  5.027E+00
  1.621E-06  2.653E-06  0.000E+00  0.000E+00  4.398E+00  5.027E+00
  2.653E-06  4.342E-06  0.000E+00  0.000E+00  4.398E+00  5.027E+00
  4.342E-06  7.106E-06  0.000E+00  0.000E+00  4.398E+00  5.027E+00
  7.106E-06  1.163E-05  0.000E+00  0.000E+00  4.398E+00  5.027E+00
  1.163E-05  1.904E-05  0.000E+00  0.000E+00  4.398E+00  5.027E+00
  1.904E-05  3.116E-05  0.000E+00  0.000E+00  4.398E+00  5.027E+00
  3.116E-05  5.100E-05  0.000E+00  0.000E+00  4.398E+00  5.027E+00
  5.100E-05  8.347E-05  0.000E+00  0.000E+00  4.398E+00  5.027E+00
  8.347E-05  1.366E-04  0.000E+00  0.000E+00  4.398E+00  5.027E+00
  1.366E-04  2.236E-04  0.000E+00  0.000E+00  4.398E+00  5.027E+00
  2.236E-04  3.660E-04  0.000E+00  0.000E+00  4.398E+00  5.027E+00
  3.660E-04  5.990E-04  0.000E+00  0.000E+00  4.398E+00  5.027E+00
  5.990E-04  9.804E-04  0.000E+00  0.000E+00  4.398E+00  5.027E+00
  9.804E-04  1.605E-03  1.275E-05  2.500E+01  4.398E+00  5.027E+00
  1.605E-03  2.627E-03  7.788E-06  2.500E+01  4.398E+00  5.027E+00
  2.627E-03  4.299E-03  4.758E-06  2.500E+01  4.398E+00  5.027E+00
  4.299E-03  7.036E-03  2.907E-06  2.500E+01  4.398E+00  5.027E+00
  7.036E-03  1.152E-02  7.549E-06  1.765E+01  4.398E+00  5.027E+00
  1.152E-02  1.885E-02  1.682E-05  1.070E+01  4.398E+00  5.027E+00
  1.885E-02  3.085E-02  2.006E-05  1.392E+01  4.398E+00  5.027E+00
  3.085E-02  5.050E-02  2.390E-05  5.335E+00  4.398E+00  5.027E+00
  5.050E-02  8.265E-02  2.722E-05  2.301E+00  4.398E+00  5.027E+00
  8.265E-02  1.353E-01  2.559E-05  3.121E+00  4.398E+00  5.027E+00
  1.353E-01  2.214E-01  1.892E-05  2.930E+00  4.398E+00  5.027E+00
  2.214E-01  3.624E-01  9.949E-06  9.776E-01  4.398E+00  5.027E+00
  3.624E-01  5.931E-01  3.630E-06  7.179E+00  4.398E+00  5.027E+00
  5.931E-01  9.708E-01  2.686E-07  1.256E+01  4.398E+00  5.027E+00
  9.708E-01  1.589E+00  3.218E-09  9.900E+01  4.398E+00  5.027E+00
  1.589E+00  2.601E+00  0.000E+00  0.000E+00  4.398E+00  5.027E+00
  2.601E+00  4.257E+00  0.000E+00  0.000E+00  4.398E+00  5.027E+00
  4.257E+00  6.967E+00  0.000E+00  0.000E+00  4.398E+00  5.027E+00
  6.967E+00  1.140E+01  0.000E+00  0.000E+00  4.398E+00  5.027E+00
  1.140E+01  1.866E+01  0.000E+00  0.000E+00  4.398E+00  5.027E+00
  1.866E+01  3.055E+01  0.000E+00  0.000E+00  4.398E+00  5.027E+00
  3.055E+01  5.000E+01  0.000E+00  0.000E+00  4.398E+00  5.027E+00
  5.000E+01  5.000E+01  0.000E+00  0.000E+00  4.398E+00  5.027E+00

 # Block n:            9     5.02654839      :   5.65486717    
  1.000E-09  1.637E-09  0.000E+00  0.000E+00  5.027E+00  5.655E+00
  1.637E-09  2.679E-09  0.000E+00  0.000E+00  5.027E+00  5.655E+00
  2.679E-09  4.385E-09  0.000E+00  0.000E+00  5.027E+00  5.655E+00
  4.385E-09  7.177E-09  0.000E+00  0.000E+00  5.027E+00  5.655E+00
  7.177E-09  1.175E-08  0.000E+00  0.000E+00  5.027E+00  5.655E+00
  1.175E-08  1.923E-08  0.000E+00  0.000E+00  5.027E+00  5.655E+00
  1.923E-08  3.147E-08  0.000E+00  0.000E+00  5.027E+00  5.655E+00
  3.147E-08  5.150E-08  0.000E+00  0.000E+00  5.027E+00  5.655E+00
  5.150E-08  8.430E-08  0.000E+00  0.000E+00  5.027E+00  5.655E+00
  8.430E-08  1.380E-07  0.000E+00  0.000E+00  5.027E+00  5.655E+00
  1.380E-07  2.258E-07  0.000E+00  0.000E+00  5.027E+00  5.655E+00
  2.258E-07  3.696E-07  0.000E+00  0.000E+00  5.027E+00  5.655E+00
  3.696E-07  6.050E-07  0.000E+00  0.000E+00  5.027E+00  5.655E+00
  6.050E-07  9.902E-07  0.000E+00  0.000E+00  5.027E+00  5.655E+00
  9.902E-07  1.621E-06  0.000E+00  0.000E+00  5.027E+00  5.655E+00
  1.621E-06  2.653E-06  0.000E+00  0.000E+00  5.027E+00  5.655E+00
  2.653E-06  4.342E-06  0.000E+00  0.000E+00  5.027E+00  5.655E+00
  4.342E-06  7.106E-06  0.000E+00  0.000E+00  5.027E+00  5.655E+00
  7.106E-06  1.163E-05  0.000E+00  0.000E+00  5.027E+00  5.655E+00
  1.163E-05  1.904E-05  0.000E+00  0.000E+00  5.027E+00  5.655E+00
  1.904E-05  3.116E-05  0.000E+00  0.000E+00  5.027E+00  5.655E+00
  3.116E-05  5.100E-05  0.000E+00  0.000E+00  5.027E+00  5.655E+00
  5.100E-05  8.347E-05  0.000E+00  0.000E+00  5.027E+00  5.655E+00
  8.347E-05  1.366E-04  0.000E+00  0.000E+00  5.027E+00  5.655E+00
  1.366E-04  2.236E-04  0.000E+00  0.000E+00  5.027E+00  5.655E+00
  2.236E-04  3.660E-04  0.000E+00  0.000E+00  5.027E+00  5.655E+00
  3.660E-04  5.990E-04  0.000E+00  0.000E+00  5.027E+00  5.655E+00
  5.990E-04  9.804E-04  0.000E+00  0.000E+00  5.027E+00  5.655E+00
  9.804E-04  1.605E-03  3.187E-06  9.900E+01  5.027E+00  5.655E+00
  1.605E-03  2.627E-03  0.000E+00  0.000E+00  5.027E+00  5.655E+00
  2.627E-03  4.299E-03  2.379E-06  6.124E+01  5.027E+00  5.655E+00
  4.299E-03  7.036E-03  5.088E-06  5.345E+01  5.027E+00  5.655E+00
  7.036E-03  1.152E-02  7.549E-06  1.176E+01  5.027E+00  5.655E+00
  1.152E-02  1.885E-02  8.682E-06  6.250E+00  5.027E+00  5.655E+00
  1.885E-02  3.085E-02  1.326E-05  1.135E+01  5.027E+00  5.655E+00
  3.085E-02  5.050E-02  1.468E-05  9.934E+00  5.027E+00  5.655E+00
  5.050E-02  8.265E-02  1.572E-05  5.405E+00  5.027E+00  5.655E+00
  8.265E-02  1.353E-01  1.244E-05  5.913E+00  5.027E+00  5.655E+00
  1.353E-01  2.214E-01  9.285E-06  6.288E+00  5.027E+00  5.655E+00
  2.214E-01  3.624E-01  5.461E-06  3.576E+00  5.027E+00  5.655E+00
  3.624E-01  5.931E-01  1.414E-06  9.612E+00  5.027E+00  5.655E+00
  5.931E-01  9.708E-01  1.370E-07  1.864E+01  5.027E+00  5.655E+00
  9.708E-01  1.589E+00  0.000E+00  0.000E+00  5.027E+00  5.655E+00
  1.589E+00  2.601E+00  0.000E+00  0.000E+00  5.027E+00  5.655E+00
  2.601E+00  4.257E+00  0.000E+00  0.000E+00  5.027E+00  5.655E+00
  4.257E+00  6.967E+00  0.000E+00  0.000E+00  5.027E+00  5.655E+00
  6.967E+00  1.140E+01  0.000E+00  0.000E+00  5.027E+00  5.655E+00
  1.140E+01  1.866E+01  0.000E+00  0.000E+00  5.027E+00  5.655E+00
  1.866E+01  3.055E+01  0.000E+00  0.000E+00  5.027E+00  5.655E+00
  3.055E+01  5.000E+01  0.000E+00  0.000E+00  5.027E+00  5.655E+00
  5.000E+01  5.000E+01  0.000E+00  0.000E+00  5.027E+00  5.655E+00

 # Block n:           10     5.65486717      :   6.28318548    
  1.000E-09  1.637E-09  0.000E+00  0.000E+00  5.655E+00  6.283E+00
  1.637E-09  2.679E-09  0.000E+00  0.000E+00  5.655E+00  6.283E+00
  2.679E-09  4.385E-09  0.000E+00  0.000E+00  5.655E+00  6.283E+00
  4.385E-09  7.177E-09  0.000E+00  0.000E+00  5.655E+00  6.283E+00
  7.177E-09  1.175E-08  0.000E+00  0.000E+00  5.655E+00  6.283E+00
  1.175E-08  1.923E-08  0.000E+00  0.000E+00  5.655E+00  6.283E+00
  1.923E-08  3.147E-08  0.000E+00  0.000E+00  5.655E+00  6.283E+00
  3.147E-08  5.150E-08  0.000E+00  0.000E+00  5.655E+00  6.283E+00
  5.150E-08  8.430E-08  0.000E+00  0.000E+00  5.655E+00  6.283E+00
  8.430E-08  1.380E-07  0.000E+00  0.000E+00  5.655E+00  6.283E+00
  1.380E-07  2.258E-07  0.000E+00  0.000E+00  5.655E+00  6.283E+00
  2.258E-07  3.696E-07  0.000E+00  0.000E+00  5.655E+00  6.283E+00
  3.696E-07  6.050E-07  0.000E+00  0.000E+00  5.655E+00  6.283E+00
  6.050E-07  9.902E-07  0.000E+00  0.000E+00  5.655E+00  6.283E+00
  9.902E-07  1.621E-06  0.000E+00  0.000E+00  5.655E+00  6.283E+00
  1.621E-06  2.653E-06  0.000E+00  0.000E+00  5.655E+00  6.283E+00
  2.653E-06  4.342E-06  0.000E+00  0.000E+00  5.655E+00  6.283E+00
  4.342E-06  7.106E-06  0.000E+00  0.000E+00  5.655E+00  6.283E+00
  7.106E-06  1.163E-05  0.000E+00  0.000E+00  5.655E+00  6.283E+00
  1.163E-05  1.904E-05  0.000E+00  0.000E+00  5.655E+00  6.283E+00
  1.904E-05  3.116E-05  0.000E+00  0.000E+00  5.655E+00  6.283E+00
  3.116E-05  5.100E-05  0.000E+00  0.000E+00  5.655E+00  6.283E+00
  5.100E-05  8.347E-05  0.000E+00  0.000E+00  5.655E+00  6.283E+00
  8.347E-05  1.366E-04  0.000E+00  0.000E+00  5.655E+00  6.283E+00
  1.366E-04  2.236E-04  0.000E+00  0.000E+00  5.655E+00  6.283E+00
  2.236E-04  3.660E-04  0.000E+00  0.000E+00  5.655E+00  6.283E+00
  3.660E-04  5.990E-04  0.000E+00  0.000E+00  5.655E+00  6.283E+00
  5.990E-04  9.804E-04  5.216E-06  9.900E+01  5.655E+00  6.283E+00
  9.804E-04  1.605E-03  3.187E-06  9.900E+01  5.655E+00  6.283E+00
  1.605E-03  2.627E-03  0.000E+00  0.000E+00  5.655E+00  6.283E+00
  2.627E-03  4.299E-03  3.569E-06  4.082E+01  5.655E+00  6.283E+00
  4.299E-03  7.036E-03  7.268E-07  9.900E+01  5.655E+00  6.283E+00
  7.036E-03  1.152E-02  8.881E-07  6.124E+01  5.655E+00  6.283E+00
  1.152E-02  1.885E-02  2.442E-06  3.239E+01  5.655E+00  6.283E+00
  1.885E-02  3.085E-02  3.812E-06  2.238E+01  5.655E+00  6.283E+00
  3.085E-02  5.050E-02  4.253E-06  1.867E+01  5.655E+00  6.283E+00
  5.050E-02  8.265E-02  5.074E-06  7.616E+00  5.655E+00  6.283E+00
  8.265E-02  1.353E-01  3.440E-06  1.077E+01  5.655E+00  6.283E+00
  1.353E-01  2.214E-01  2.656E-06  9.016E+00  5.655E+00  6.283E+00
  2.214E-01  3.624E-01  1.496E-06  1.005E+01  5.655E+00  6.283E+00
  3.624E-01  5.931E-01  3.880E-07  1.892E+01  5.655E+00  6.283E+00
  5.931E-01  9.708E-01  5.268E-09  9.900E+01  5.655E+00  6.283E+00
  9.708E-01  1.589E+00  0.000E+00  0.000E+00  5.655E+00  6.283E+00
  1.589E+00  2.601E+00  0.000E+00  0.000E+00  5.655E+00  6.283E+00
  2.601E+00  4.257E+00  0.000E+00  0.000E+00  5.655E+00  6.283E+00
  4.257E+00  6.967E+00  0.000E+00  0.000E+00  5.655E+00  6.283E+00
  6.967E+00  1.140E+01  0.000E+00  0.000E+00  5.655E+00  6.283E+00
  1.140E+01  1.866E+01  0.000E+00  0.000E+00  5.655E+00  6.283E+00
  1.866E+01  3.055E+01  0.000E+00  0.000E+00  5.655E+00  6.283E+00
  3.055E+01  5.000E+01  0.000E+00  0.000E+00  5.655E+00  6.283E+00
  5.000E+01  5.000E+01  0.000E+00  0.000E+00  5.655E+00  6.283E+00

  1.000E-09  1.000E-09  0.000E+00  0.000E+00  6.283E+00  6.283E+00
  1.637E-09  1.637E-09  0.000E+00  0.000E+00  6.283E+00  6.283E+00
  2.679E-09  2.679E-09  0.000E+00  0.000E+00  6.283E+00  6.283E+00
  4.385E-09  4.385E-09  0.000E+00  0.000E+00  6.283E+00  6.283E+00
  7.177E-09  7.177E-09  0.000E+00  0.000E+00  6.283E+00  6.283E+00
  1.175E-08  1.175E-08  0.000E+00  0.000E+00  6.283E+00  6.283E+00
  1.923E-08  1.923E-08  0.000E+00  0.000E+00  6.283E+00  6.283E+00
  3.147E-08  3.147E-08  0.000E+00  0.000E+00  6.283E+00  6.283E+00
  5.150E-08  5.150E-08  0.000E+00  0.000E+00  6.283E+00  6.283E+00
  8.430E-08  8.430E-08  0.000E+00  0.000E+00  6.283E+00  6.283E+00
  1.380E-07  1.380E-07  0.000E+00  0.000E+00  6.283E+00  6.283E+00
  2.258E-07  2.258E-07  0.000E+00  0.000E+00  6.283E+00  6.283E+00
  3.696E-07  3.696E-07  0.000E+00  0.000E+00  6.283E+00  6.283E+00
  6.050E-07  6.050E-07  0.000E+00  0.000E+00  6.283E+00  6.283E+00
  9.902E-07  9.902E-07  0.000E+00  0.000E+00  6.283E+00  6.283E+00
  1.621E-06  1.621E-06  0.000E+00  0.000E+00  6.283E+00  6.283E+00
  2.653E-06  2.653E-06  0.000E+00  0.000E+00  6.283E+00  6.283E+00
  4.342E-06  4.342E-06  0.000E+00  0.000E+00  6.283E+00  6.283E+00
  7.106E-06  7.106E-06  0.000E+00  0.000E+00  6.283E+00  6.283E+00
  1.163E-05  1.163E-05  0.000E+00  0.000E+00  6.283E+00  6.283E+00
  1.904E-05  1.904E-05  0.000E+00  0.000E+00  6.283E+00  6.283E+00
  3.116E-05  3.116E-05  0.000E+00  0.000E+00  6.283E+00  6.283E+00
  5.100E-05  5.100E-05  0.000E+00  0.000E+00  6.283E+00  6.283E+00
  8.347E-05  8.347E-05  0.000E+00  0.000E+00  6.283E+00  6.283E+00
  1.366E-04  1.366E-04  0.000E+00  0.000E+00  6.283E+00  6.283E+00
  2.236E-04  2.236E-04  0.000E+00  0.000E+00  6.283E+00  6.283E+00
  3.660E-04  3.660E-04  0.000E+00  0.000E+00  6.283E+00  6.283E+00
  5.990E-04  5.990E-04  0.000E+00  0.000E+00  6.283E+00  6.283E+00
  9.804E-04  9.804E-04  0.000E+00  0.000E+00  6.283E+00  6.283E+00
  1.605E-03  1.605E-03  0.000E+00  0.000E+00  6.283E+00  6.283E+00
  2.627E-03  2.627E-03  0.000E+00  0.000E+00  6.283E+00  6.283E+00
  4.299E-03  4.299E-03  0.000E+00  0.000E+00  6.283E+00  6.283E+00
  7.036E-03  7.036E-03  0.000E+00  0.000E+00  6.283E+00  6.283E+00
  1.152E-02  1.152E-02  0.000E+00  0.000E+00  6.283E+00  6.283E+00
  1.885E-02  1.885E-02  0.000E+00  0.000E+00  6.283E+00  6.283E+00
  3.085E-02  3.085E-02  0.000E+00  0.000E+00  6.283E+00  6.283E+00
  5.050E-02  5.050E-02  0.000E+00  0.000E+00  6.283E+00  6.283E+00
  8.265E-02  8.265E-02  0.000E+00  0.000E+00  6.283E+00  6.283E+00
  1.353E-01  1.353E-01  0.000E+00  0.000E+00  6.283E+00  6.283E+00
  2.214E-01  2.214E-01  0.000E+00  0.000E+00  6.283E+00  6.283E+00
  3.624E-01  3.624E-01  0.000E+00  0.000E+00  6.283E+00  6.283E+00
  5.931E-01  5.931E-01  0.000E+00  0.000E+00  6.283E+00  6.283E+00
  9.708E-01  9.708E-01  0.000E+00  0.000E+00  6.283E+00  6.283E+00
  1.589E+00  1.589E+00  0.000E+00  0.000E+00  6.283E+00  6.283E+00
  2.601E+00  2.601E+00  0.000E+00  0.000E+00  6.283E+00  6.283E+00
  4.257E+00  4.257E+00  0.000E+00  0.000E+00  6.283E+00  6.283E+00
  6.967E+00  6.967E+00  0.000E+00  0.000E+00  6.283E+00  6.283E+00
  1.140E+01  1.140E+01  0.000E+00  0.000E+00  6.283E+00  6.283E+00
  1.866E+01  1.866E+01  0.000E+00  0.000E+00  6.283E+00  6.283E+00
  3.055E+01  3.055E+01  0.000E+00  0.000E+00  6.283E+00  6.283E+00
  5.000E+01  5.000E+01  0.000E+00  0.000E+00  6.283E+00  6.283E+00
