2026-04-30 23:17:45,854 - INFO - Generated: rs2_ep-1_step1.inp | T=5.0, W=13.0x5.0, NPS=700000, BEAMPOS=-25.0
2026-04-30 23:26:05,126 - INFO - FLUKA OK: rs2_ep-1_step1.inp (497.4s)
2026-04-30 23:26:24,858 - INFO - Ep-1 Step1: Reward=23.0369 | Success=True
2026-04-30 23:26:25,427 - INFO - Eval 1: Reward=23.0369  State=[5.0, 13.0, 5.0, 700000.0, -25.0]
2026-04-30 23:26:25,427 - INFO - New Best: 23.0369 at eval 1
2026-04-30 23:26:26,560 - INFO - Generated: rs2_ep-1_step2.inp | T=3.0, W=8.0x19.0, NPS=600000, BEAMPOS=-40.0
2026-04-30 23:29:27,842 - INFO - FLUKA OK: rs2_ep-1_step2.inp (180.5s)
2026-04-30 23:29:28,075 - INFO - Ep-1 Step2: Reward=24.4867 | Success=True
2026-04-30 23:29:28,075 - INFO - Eval 2: Reward=24.4867  State=[3.0, 8.0, 19.0, 600000.0, -40.0]
2026-04-30 23:29:28,075 - INFO - New Best: 24.4867 at eval 2
2026-04-30 23:29:28,111 - INFO - Generated: rs2_ep-1_step3.inp | T=4.5, W=15.0x15.0, NPS=400000, BEAMPOS=-20.0
2026-04-30 23:32:46,763 - INFO - FLUKA OK: rs2_ep-1_step3.inp (198.7s)
2026-04-30 23:32:46,812 - INFO - Ep-1 Step3: Reward=23.9260 | Success=True
2026-04-30 23:32:46,812 - INFO - Eval 3: Reward=23.9260  State=[4.5, 15.0, 15.0, 400000.0, -20.0]
2026-04-30 23:32:46,916 - INFO - Generated: rs2_ep-1_step4.inp | T=9.0, W=11.0x16.0, NPS=400000, BEAMPOS=-50.0
2026-04-30 23:41:06,278 - INFO - FLUKA OK: rs2_ep-1_step4.inp (499.4s)
2026-04-30 23:41:18,622 - INFO - Ep-1 Step4: Reward=31.9334 | Success=True
2026-04-30 23:41:18,622 - INFO - Eval 4: Reward=31.9334  State=[9.0, 11.0, 16.0, 400000.0, -50.0]
2026-04-30 23:41:18,622 - INFO - New Best: 31.9334 at eval 4
2026-04-30 23:41:23,085 - INFO - Generated: rs2_ep-1_step5.inp | T=2.0, W=16.0x13.0, NPS=1000000, BEAMPOS=-15.0
2026-04-30 23:42:06,191 - ERROR - FLUKA failed: Command '['rfluka', '-M', '5', 'rs2_ep-1_step5.inp']' returned non-zero exit status 12.
2026-04-30 23:42:06,372 - WARNING - Eval 5 failed (total failed=1)
2026-04-30 23:42:06,372 - INFO - Generated: rs2_ep-1_step6.inp | T=2.0, W=16.0x18.0, NPS=600000, BEAMPOS=-15.0
2026-04-30 23:45:28,783 - INFO - FLUKA OK: rs2_ep-1_step6.inp (202.4s)
2026-04-30 23:45:29,178 - INFO - Ep-1 Step6: Reward=18.0804 | Success=True
2026-04-30 23:45:29,194 - INFO - Eval 5: Reward=18.0804  State=[2.0, 16.0, 18.0, 600000.0, -15.0]
2026-04-30 23:45:29,250 - INFO - Generated: rs2_ep-1_step7.inp | T=4.5, W=10.0x18.0, NPS=400000, BEAMPOS=-20.0
2026-04-30 23:48:40,115 - INFO - FLUKA OK: rs2_ep-1_step7.inp (190.9s)
2026-04-30 23:48:40,137 - INFO - Ep-1 Step7: Reward=17.3078 | Success=True
2026-04-30 23:48:40,137 - INFO - Eval 6: Reward=17.3078  State=[4.5, 10.0, 18.0, 400000.0, -20.0]
2026-04-30 23:48:40,137 - INFO - Generated: rs2_ep-1_step8.inp | T=6.0, W=6.0x14.0, NPS=900000, BEAMPOS=-20.0
2026-04-30 23:58:41,725 - ERROR - FLUKA failed: Command '['rfluka', '-M', '5', 'rs2_ep-1_step8.inp']' timed out after 600 seconds
2026-04-30 23:58:41,822 - WARNING - Eval 8 failed (total failed=2)
2026-04-30 23:58:41,935 - INFO - Generated: rs2_ep-1_step9.inp | T=10.0, W=19.0x13.0, NPS=600000, BEAMPOS=-10.0
2026-05-01 00:08:42,063 - ERROR - FLUKA failed: Command '['rfluka', '-M', '5', 'rs2_ep-1_step9.inp']' timed out after 600 seconds
2026-05-01 00:08:42,063 - WARNING - Eval 9 failed (total failed=3)
2026-05-01 00:08:42,805 - INFO - Generated: rs2_ep-1_step10.inp | T=4.0, W=12.0x14.0, NPS=900000, BEAMPOS=-35.0
2026-05-01 00:15:23,538 - INFO - FLUKA OK: rs2_ep-1_step10.inp (400.7s)
2026-05-01 00:15:24,766 - INFO - Ep-1 Step10: Reward=-3.3390 | Success=True
2026-05-01 00:15:24,778 - INFO - Eval 7: Reward=-3.3390  State=[4.0, 12.0, 14.0, 900000.0, -35.0]
2026-05-01 00:15:24,778 - INFO - Generated: rs2_ep-1_step11.inp | T=6.0, W=14.0x10.0, NPS=600000, BEAMPOS=-35.0
2026-05-01 00:22:16,574 - INFO - FLUKA OK: rs2_ep-1_step11.inp (411.8s)
2026-05-01 00:22:17,061 - INFO - Ep-1 Step11: Reward=28.2049 | Success=True
2026-05-01 00:22:17,064 - INFO - Eval 8: Reward=28.2049  State=[6.0, 14.0, 10.0, 600000.0, -35.0]
2026-05-01 00:22:17,072 - INFO - Generated: rs2_ep-1_step12.inp | T=4.5, W=6.0x15.0, NPS=100000, BEAMPOS=-15.0
2026-05-01 00:23:19,744 - INFO - FLUKA OK: rs2_ep-1_step12.inp (62.7s)
2026-05-01 00:23:19,798 - INFO - Ep-1 Step12: Reward=20.1019 | Success=True
2026-05-01 00:23:19,800 - INFO - Eval 9: Reward=20.1019  State=[4.5, 6.0, 15.0, 100000.0, -15.0]
2026-05-01 00:23:19,824 - INFO - Generated: rs2_ep-1_step13.inp | T=2.5, W=6.0x18.0, NPS=100000, BEAMPOS=-15.0
2026-05-01 00:24:01,517 - INFO - FLUKA OK: rs2_ep-1_step13.inp (41.7s)
2026-05-01 00:24:01,748 - INFO - Ep-1 Step13: Reward=11.9615 | Success=True
2026-05-01 00:24:01,751 - INFO - Eval 10: Reward=11.9615  State=[2.5, 6.0, 18.0, 100000.0, -15.0]
2026-05-01 00:24:01,838 - INFO - Generated: rs2_ep-1_step14.inp | T=9.5, W=11.0x15.0, NPS=600000, BEAMPOS=-10.0
2026-05-01 00:34:01,878 - ERROR - FLUKA failed: Command '['rfluka', '-M', '5', 'rs2_ep-1_step14.inp']' timed out after 600 seconds
2026-05-01 00:34:01,897 - WARNING - Eval 14 failed (total failed=4)
2026-05-01 00:34:01,921 - INFO - Generated: rs2_ep-1_step15.inp | T=10.0, W=14.0x10.0, NPS=600000, BEAMPOS=-45.0
2026-05-01 00:44:02,038 - ERROR - FLUKA failed: Command '['rfluka', '-M', '5', 'rs2_ep-1_step15.inp']' timed out after 600 seconds
2026-05-01 00:44:02,099 - WARNING - Eval 15 failed (total failed=5)
2026-05-01 00:44:02,152 - INFO - Generated: rs2_ep-1_step16.inp | T=2.0, W=11.0x15.0, NPS=400000, BEAMPOS=-45.0
2026-05-01 00:45:50,493 - INFO - FLUKA OK: rs2_ep-1_step16.inp (108.3s)
2026-05-01 00:45:51,915 - INFO - Ep-1 Step16: Reward=15.1804 | Success=True
2026-05-01 00:45:51,953 - INFO - Eval 11: Reward=15.1804  State=[2.0, 11.0, 15.0, 400000.0, -45.0]
2026-05-01 00:45:52,038 - INFO - Generated: rs2_ep-1_step17.inp | T=2.0, W=10.0x8.0, NPS=800000, BEAMPOS=-50.0
2026-05-01 00:49:01,864 - INFO - FLUKA OK: rs2_ep-1_step17.inp (189.8s)
2026-05-01 00:49:01,947 - INFO - Ep-1 Step17: Reward=19.3469 | Success=True
2026-05-01 00:49:01,947 - INFO - Eval 12: Reward=19.3469  State=[2.0, 10.0, 8.0, 800000.0, -50.0]
2026-05-01 00:49:01,963 - INFO - Generated: rs2_ep-1_step18.inp | T=9.5, W=15.0x5.0, NPS=400000, BEAMPOS=-20.0
2026-05-01 00:56:32,731 - INFO - FLUKA OK: rs2_ep-1_step18.inp (450.8s)
2026-05-01 00:56:32,811 - INFO - Ep-1 Step18: Reward=30.8988 | Success=True
2026-05-01 00:56:32,811 - INFO - Eval 13: Reward=30.8988  State=[9.5, 15.0, 5.0, 400000.0, -20.0]
2026-05-01 00:56:32,818 - INFO - Generated: rs2_ep-1_step19.inp | T=5.0, W=8.0x13.0, NPS=600000, BEAMPOS=-15.0
2026-05-01 01:02:20,751 - INFO - FLUKA OK: rs2_ep-1_step19.inp (347.9s)
2026-05-01 01:02:20,797 - INFO - Ep-1 Step19: Reward=31.9912 | Success=True
2026-05-01 01:02:20,797 - INFO - Eval 14: Reward=31.9912  State=[5.0, 8.0, 13.0, 600000.0, -15.0]
2026-05-01 01:02:20,821 - INFO - New Best: 31.9912 at eval 14
2026-05-01 01:02:20,835 - INFO - Generated: rs2_ep-1_step20.inp | T=7.5, W=14.0x15.0, NPS=800000, BEAMPOS=-25.0
2026-05-01 01:12:20,904 - ERROR - FLUKA failed: Command '['rfluka', '-M', '5', 'rs2_ep-1_step20.inp']' timed out after 600 seconds
2026-05-01 01:12:20,904 - WARNING - Eval 20 failed (total failed=6)
2026-05-01 01:12:20,959 - INFO - Generated: rs2_ep-1_step21.inp | T=10.0, W=10.0x13.0, NPS=100000, BEAMPOS=-35.0
2026-05-01 01:14:46,750 - INFO - FLUKA OK: rs2_ep-1_step21.inp (145.8s)
2026-05-01 01:14:47,036 - INFO - Ep-1 Step21: Reward=30.2595 | Success=True
2026-05-01 01:14:47,038 - INFO - Eval 15: Reward=30.2595  State=[10.0, 10.0, 13.0, 100000.0, -35.0]
2026-05-01 01:14:47,038 - INFO - Generated: rs2_ep-1_step22.inp | T=2.5, W=12.0x14.0, NPS=900000, BEAMPOS=-40.0
2026-05-01 01:19:09,589 - INFO - FLUKA OK: rs2_ep-1_step22.inp (262.5s)
2026-05-01 01:19:09,665 - INFO - Ep-1 Step22: Reward=18.5145 | Success=True
2026-05-01 01:19:09,665 - INFO - Eval 16: Reward=18.5145  State=[2.5, 12.0, 14.0, 900000.0, -40.0]
2026-05-01 01:19:09,665 - INFO - Generated: rs2_ep-1_step23.inp | T=8.5, W=18.0x8.0, NPS=300000, BEAMPOS=-45.0
2026-05-01 01:24:44,403 - INFO - FLUKA OK: rs2_ep-1_step23.inp (334.7s)
2026-05-01 01:24:44,534 - INFO - Ep-1 Step23: Reward=22.3398 | Success=True
2026-05-01 01:24:44,534 - INFO - Eval 17: Reward=22.3398  State=[8.5, 18.0, 8.0, 300000.0, -45.0]
2026-05-01 01:24:44,547 - INFO - Generated: rs2_ep-1_step24.inp | T=7.5, W=10.0x13.0, NPS=600000, BEAMPOS=-40.0
2026-05-01 01:33:29,328 - INFO - FLUKA OK: rs2_ep-1_step24.inp (524.8s)
2026-05-01 01:33:29,766 - INFO - Ep-1 Step24: Reward=32.4724 | Success=True
2026-05-01 01:33:29,766 - INFO - Eval 18: Reward=32.4724  State=[7.5, 10.0, 13.0, 600000.0, -40.0]
2026-05-01 01:33:29,766 - INFO - New Best: 32.4724 at eval 18
2026-05-01 01:33:29,785 - INFO - Generated: rs2_ep-1_step25.inp | T=6.0, W=6.0x6.0, NPS=700000, BEAMPOS=-15.0
2026-05-01 01:41:17,018 - INFO - FLUKA OK: rs2_ep-1_step25.inp (467.2s)
2026-05-01 01:41:17,670 - INFO - Ep-1 Step25: Reward=30.7636 | Success=True
2026-05-01 01:41:17,670 - INFO - Eval 19: Reward=30.7636  State=[6.0, 6.0, 6.0, 700000.0, -15.0]
2026-05-01 01:41:17,670 - INFO - Generated: rs2_ep-1_step26.inp | T=9.0, W=16.0x9.0, NPS=600000, BEAMPOS=-25.0
2026-05-01 01:51:17,841 - ERROR - FLUKA failed: Command '['rfluka', '-M', '5', 'rs2_ep-1_step26.inp']' timed out after 600 seconds
2026-05-01 01:51:17,916 - WARNING - Eval 26 failed (total failed=7)
2026-05-01 01:51:17,916 - INFO - Generated: rs2_ep-1_step27.inp | T=6.5, W=12.0x14.0, NPS=700000, BEAMPOS=-40.0
2026-05-01 02:00:14,872 - INFO - FLUKA OK: rs2_ep-1_step27.inp (537.0s)
2026-05-01 02:00:15,655 - INFO - Ep-1 Step27: Reward=32.7030 | Success=True
2026-05-01 02:00:15,655 - INFO - Eval 20: Reward=32.7030  State=[6.5, 12.0, 14.0, 700000.0, -40.0]
2026-05-01 02:00:15,655 - INFO - New Best: 32.7030 at eval 20
2026-05-01 02:00:15,664 - INFO - Generated: rs2_ep-1_step28.inp | T=6.5, W=5.0x6.0, NPS=400000, BEAMPOS=-20.0
2026-05-01 02:05:03,964 - INFO - FLUKA OK: rs2_ep-1_step28.inp (288.3s)
2026-05-01 02:05:03,984 - INFO - Ep-1 Step28: Reward=26.2036 | Success=True
2026-05-01 02:05:03,987 - INFO - Eval 21: Reward=26.2036  State=[6.5, 5.0, 6.0, 400000.0, -20.0]
2026-05-01 02:05:03,987 - INFO - Generated: rs2_ep-1_step29.inp | T=6.5, W=19.0x9.0, NPS=1000000, BEAMPOS=-30.0
2026-05-01 02:05:04,666 - ERROR - FLUKA failed: Command '['rfluka', '-M', '5', 'rs2_ep-1_step29.inp']' returned non-zero exit status 12.
2026-05-01 02:05:04,667 - WARNING - Eval 29 failed (total failed=8)
2026-05-01 02:05:04,667 - INFO - Generated: rs2_ep-1_step30.inp | T=7.5, W=18.0x12.0, NPS=600000, BEAMPOS=-35.0
2026-05-01 02:14:03,782 - INFO - FLUKA OK: rs2_ep-1_step30.inp (539.1s)
2026-05-01 02:14:03,959 - INFO - Ep-1 Step30: Reward=-0.2531 | Success=True
2026-05-01 02:14:03,960 - INFO - Eval 22: Reward=-0.2531  State=[7.5, 18.0, 12.0, 600000.0, -35.0]
2026-05-01 02:14:03,985 - INFO - Generated: rs2_ep-1_step31.inp | T=3.5, W=16.0x13.0, NPS=1000000, BEAMPOS=-45.0
2026-05-01 02:14:04,791 - ERROR - FLUKA failed: Command '['rfluka', '-M', '5', 'rs2_ep-1_step31.inp']' returned non-zero exit status 12.
2026-05-01 02:14:04,791 - WARNING - Eval 31 failed (total failed=9)
2026-05-01 02:14:04,791 - INFO - Generated: rs2_ep-1_step32.inp | T=6.5, W=12.0x5.0, NPS=1000000, BEAMPOS=-15.0
2026-05-01 02:14:05,435 - ERROR - FLUKA failed: Command '['rfluka', '-M', '5', 'rs2_ep-1_step32.inp']' returned non-zero exit status 12.
2026-05-01 02:14:05,436 - WARNING - Eval 32 failed (total failed=10)
2026-05-01 02:14:05,436 - INFO - Generated: rs2_ep-1_step33.inp | T=4.5, W=14.0x20.0, NPS=600000, BEAMPOS=-25.0
2026-05-01 02:19:14,626 - INFO - FLUKA OK: rs2_ep-1_step33.inp (309.2s)
2026-05-01 02:19:15,114 - INFO - Ep-1 Step33: Reward=26.0077 | Success=True
2026-05-01 02:19:15,114 - INFO - Eval 23: Reward=26.0077  State=[4.5, 14.0, 20.0, 600000.0, -25.0]
2026-05-01 02:19:15,152 - INFO - Generated: rs2_ep-1_step34.inp | T=3.0, W=5.0x7.0, NPS=600000, BEAMPOS=-20.0
2026-05-01 02:22:36,022 - INFO - FLUKA OK: rs2_ep-1_step34.inp (200.9s)
2026-05-01 02:22:36,376 - INFO - Ep-1 Step34: Reward=15.2935 | Success=True
2026-05-01 02:22:36,376 - INFO - Eval 24: Reward=15.2935  State=[3.0, 5.0, 7.0, 600000.0, -20.0]
2026-05-01 02:22:36,485 - INFO - Generated: rs2_ep-1_step35.inp | T=7.5, W=11.0x13.0, NPS=900000, BEAMPOS=-20.0
2026-05-01 02:32:36,773 - ERROR - FLUKA failed: Command '['rfluka', '-M', '5', 'rs2_ep-1_step35.inp']' timed out after 600 seconds
2026-05-01 02:32:36,773 - WARNING - Eval 35 failed (total failed=11)
2026-05-01 02:32:36,773 - INFO - Generated: rs2_ep-1_step36.inp | T=5.5, W=14.0x16.0, NPS=600000, BEAMPOS=-45.0
2026-05-01 02:39:13,353 - INFO - FLUKA OK: rs2_ep-1_step36.inp (396.6s)
2026-05-01 02:39:13,515 - INFO - Ep-1 Step36: Reward=20.5351 | Success=True
2026-05-01 02:39:13,515 - INFO - Eval 25: Reward=20.5351  State=[5.5, 14.0, 16.0, 600000.0, -45.0]
2026-05-01 02:39:13,515 - INFO - Generated: rs2_ep-1_step37.inp | T=9.5, W=15.0x7.0, NPS=300000, BEAMPOS=-30.0
2026-05-01 02:45:03,032 - INFO - FLUKA OK: rs2_ep-1_step37.inp (349.5s)
2026-05-01 02:45:03,102 - INFO - Ep-1 Step37: Reward=30.5845 | Success=True
2026-05-01 02:45:03,102 - INFO - Eval 26: Reward=30.5845  State=[9.5, 15.0, 7.0, 300000.0, -30.0]
2026-05-01 02:45:03,102 - INFO - Generated: rs2_ep-1_step38.inp | T=3.5, W=11.0x15.0, NPS=900000, BEAMPOS=-40.0
2026-05-01 02:51:10,552 - INFO - FLUKA OK: rs2_ep-1_step38.inp (367.4s)
2026-05-01 02:51:10,964 - INFO - Ep-1 Step38: Reward=20.8397 | Success=True
2026-05-01 02:51:10,964 - INFO - Eval 27: Reward=20.8397  State=[3.5, 11.0, 15.0, 900000.0, -40.0]
2026-05-01 02:51:10,964 - INFO - Generated: rs2_ep-1_step39.inp | T=9.0, W=10.0x18.0, NPS=300000, BEAMPOS=-30.0
2026-05-01 02:56:45,293 - INFO - FLUKA OK: rs2_ep-1_step39.inp (334.3s)
2026-05-01 02:56:45,682 - INFO - Ep-1 Step39: Reward=42.5807 | Success=True
2026-05-01 02:56:45,682 - INFO - Eval 28: Reward=42.5807  State=[9.0, 10.0, 18.0, 300000.0, -30.0]
2026-05-01 02:56:45,682 - INFO - New Best: 42.5807 at eval 28
2026-05-01 02:56:45,862 - INFO - Generated: rs2_ep-1_step40.inp | T=5.5, W=7.0x17.0, NPS=800000, BEAMPOS=-10.0
2026-05-01 03:05:07,086 - INFO - FLUKA OK: rs2_ep-1_step40.inp (501.2s)
2026-05-01 03:05:07,354 - INFO - Ep-1 Step40: Reward=0.1610 | Success=True
2026-05-01 03:05:07,354 - INFO - Eval 29: Reward=0.1610  State=[5.5, 7.0, 17.0, 800000.0, -10.0]
2026-05-01 03:05:07,354 - INFO - Generated: rs2_ep-1_step41.inp | T=6.0, W=18.0x9.0, NPS=600000, BEAMPOS=-35.0
2026-05-01 03:12:20,976 - INFO - FLUKA OK: rs2_ep-1_step41.inp (433.6s)
2026-05-01 03:12:21,226 - INFO - Ep-1 Step41: Reward=32.2480 | Success=True
2026-05-01 03:12:21,227 - INFO - Eval 30: Reward=32.2480  State=[6.0, 18.0, 9.0, 600000.0, -35.0]
2026-05-01 03:12:21,228 - INFO - Generated: rs2_ep-1_step42.inp | T=9.0, W=13.0x13.0, NPS=1000000, BEAMPOS=-30.0
2026-05-01 03:12:21,983 - ERROR - FLUKA failed: Command '['rfluka', '-M', '5', 'rs2_ep-1_step42.inp']' returned non-zero exit status 12.
2026-05-01 03:12:21,983 - WARNING - Eval 42 failed (total failed=12)
2026-05-01 03:12:21,983 - INFO - Generated: rs2_ep-1_step43.inp | T=2.0, W=7.0x6.0, NPS=1000000, BEAMPOS=-45.0
2026-05-01 03:12:22,960 - ERROR - FLUKA failed: Command '['rfluka', '-M', '5', 'rs2_ep-1_step43.inp']' returned non-zero exit status 12.
2026-05-01 03:12:22,960 - WARNING - Eval 43 failed (total failed=13)
2026-05-01 03:12:23,091 - INFO - Generated: rs2_ep-1_step44.inp | T=9.5, W=9.0x14.0, NPS=900000, BEAMPOS=-45.0
2026-05-01 03:22:23,214 - ERROR - FLUKA failed: Command '['rfluka', '-M', '5', 'rs2_ep-1_step44.inp']' timed out after 600 seconds
2026-05-01 03:22:23,214 - WARNING - Eval 44 failed (total failed=14)
2026-05-01 03:22:23,214 - INFO - Generated: rs2_ep-1_step45.inp | T=2.5, W=11.0x17.0, NPS=600000, BEAMPOS=-15.0
2026-05-01 03:25:18,980 - INFO - FLUKA OK: rs2_ep-1_step45.inp (175.8s)
2026-05-01 03:25:19,344 - INFO - Ep-1 Step45: Reward=18.5421 | Success=True
2026-05-01 03:25:19,346 - INFO - Eval 31: Reward=18.5421  State=[2.5, 11.0, 17.0, 600000.0, -15.0]
2026-05-01 03:25:19,346 - INFO - Generated: rs2_ep-1_step46.inp | T=3.5, W=6.0x16.0, NPS=700000, BEAMPOS=-15.0
2026-05-01 03:29:51,051 - INFO - FLUKA OK: rs2_ep-1_step46.inp (271.7s)
2026-05-01 03:29:51,725 - INFO - Ep-1 Step46: Reward=24.0444 | Success=True
2026-05-01 03:29:51,725 - INFO - Eval 32: Reward=24.0444  State=[3.5, 6.0, 16.0, 700000.0, -15.0]
2026-05-01 03:29:51,725 - INFO - Generated: rs2_ep-1_step47.inp | T=4.0, W=16.0x13.0, NPS=1000000, BEAMPOS=-20.0
2026-05-01 03:29:52,399 - ERROR - FLUKA failed: Command '['rfluka', '-M', '5', 'rs2_ep-1_step47.inp']' returned non-zero exit status 12.
2026-05-01 03:29:52,399 - WARNING - Eval 47 failed (total failed=15)
2026-05-01 03:29:52,403 - INFO - Generated: rs2_ep-1_step48.inp | T=2.0, W=5.0x12.0, NPS=400000, BEAMPOS=-45.0
2026-05-01 03:31:36,175 - INFO - FLUKA OK: rs2_ep-1_step48.inp (103.8s)
2026-05-01 03:31:36,479 - INFO - Ep-1 Step48: Reward=19.8876 | Success=True
2026-05-01 03:31:36,481 - INFO - Eval 33: Reward=19.8876  State=[2.0, 5.0, 12.0, 400000.0, -45.0]
2026-05-01 03:31:36,482 - INFO - Generated: rs2_ep-1_step49.inp | T=5.0, W=13.0x12.0, NPS=500000, BEAMPOS=-10.0
2026-05-01 03:36:27,146 - INFO - FLUKA OK: rs2_ep-1_step49.inp (290.7s)
2026-05-01 03:36:27,577 - INFO - Ep-1 Step49: Reward=25.3993 | Success=True
2026-05-01 03:36:27,577 - INFO - Eval 34: Reward=25.3993  State=[5.0, 13.0, 12.0, 500000.0, -10.0]
2026-05-01 03:36:27,577 - INFO - Generated: rs2_ep-1_step50.inp | T=7.5, W=9.0x16.0, NPS=400000, BEAMPOS=-30.0
2026-05-01 03:42:23,831 - INFO - FLUKA OK: rs2_ep-1_step50.inp (356.3s)
2026-05-01 03:42:24,389 - INFO - Ep-1 Step50: Reward=23.9453 | Success=True
2026-05-01 03:42:24,391 - INFO - Eval 35: Reward=23.9453  State=[7.5, 9.0, 16.0, 400000.0, -30.0]
2026-05-01 03:42:24,391 - INFO - Generated: rs2_ep-1_step51.inp | T=7.5, W=10.0x8.0, NPS=100000, BEAMPOS=-30.0
2026-05-01 03:44:05,942 - INFO - FLUKA OK: rs2_ep-1_step51.inp (101.6s)
2026-05-01 03:44:06,171 - INFO - Ep-1 Step51: Reward=30.4349 | Success=True
2026-05-01 03:44:06,174 - INFO - Eval 36: Reward=30.4349  State=[7.5, 10.0, 8.0, 100000.0, -30.0]
2026-05-01 03:44:06,174 - INFO - Generated: rs2_ep-1_step52.inp | T=8.5, W=19.0x17.0, NPS=100000, BEAMPOS=-20.0
2026-05-01 03:46:05,198 - INFO - FLUKA OK: rs2_ep-1_step52.inp (119.0s)
2026-05-01 03:46:05,226 - INFO - Ep-1 Step52: Reward=28.0073 | Success=True
2026-05-01 03:46:05,226 - INFO - Eval 37: Reward=28.0073  State=[8.5, 19.0, 17.0, 100000.0, -20.0]
2026-05-01 03:46:05,236 - INFO - Generated: rs2_ep-1_step53.inp | T=4.0, W=13.0x15.0, NPS=700000, BEAMPOS=-15.0
2026-05-01 03:51:51,613 - INFO - FLUKA OK: rs2_ep-1_step53.inp (346.4s)
2026-05-01 03:51:51,861 - INFO - Ep-1 Step53: Reward=28.2549 | Success=True
2026-05-01 03:51:51,863 - INFO - Eval 38: Reward=28.2549  State=[4.0, 13.0, 15.0, 700000.0, -15.0]
2026-05-01 03:51:51,877 - INFO - Generated: rs2_ep-1_step54.inp | T=7.5, W=20.0x7.0, NPS=400000, BEAMPOS=-35.0
2026-05-01 03:57:55,237 - INFO - FLUKA OK: rs2_ep-1_step54.inp (363.4s)
2026-05-01 03:57:55,844 - INFO - Ep-1 Step54: Reward=24.9502 | Success=True
2026-05-01 03:57:55,848 - INFO - Eval 39: Reward=24.9502  State=[7.5, 20.0, 7.0, 400000.0, -35.0]
2026-05-01 03:57:56,082 - INFO - Generated: rs2_ep-1_step55.inp | T=3.0, W=6.0x9.0, NPS=200000, BEAMPOS=-40.0
2026-05-01 03:59:16,711 - INFO - FLUKA OK: rs2_ep-1_step55.inp (80.6s)
2026-05-01 03:59:16,808 - INFO - Ep-1 Step55: Reward=15.0791 | Success=True
2026-05-01 03:59:16,808 - INFO - Eval 40: Reward=15.0791  State=[3.0, 6.0, 9.0, 200000.0, -40.0]
2026-05-01 03:59:16,836 - INFO - Generated: rs2_ep-1_step56.inp | T=3.5, W=6.0x10.0, NPS=200000, BEAMPOS=-40.0
2026-05-01 04:00:44,060 - INFO - FLUKA OK: rs2_ep-1_step56.inp (87.2s)
2026-05-01 04:00:44,395 - INFO - Ep-1 Step56: Reward=20.0557 | Success=True
2026-05-01 04:00:44,395 - INFO - Eval 41: Reward=20.0557  State=[3.5, 6.0, 10.0, 200000.0, -40.0]
2026-05-01 04:00:44,395 - INFO - Generated: rs2_ep-1_step57.inp | T=4.5, W=15.0x14.0, NPS=500000, BEAMPOS=-10.0
2026-05-01 04:05:07,018 - INFO - FLUKA OK: rs2_ep-1_step57.inp (262.6s)
2026-05-01 04:05:07,880 - INFO - Ep-1 Step57: Reward=21.7510 | Success=True
2026-05-01 04:05:07,880 - INFO - Eval 42: Reward=21.7510  State=[4.5, 15.0, 14.0, 500000.0, -10.0]
2026-05-01 04:05:07,880 - INFO - Generated: rs2_ep-1_step58.inp | T=8.5, W=10.0x6.0, NPS=700000, BEAMPOS=-40.0
2026-05-01 04:15:08,237 - ERROR - FLUKA failed: Command '['rfluka', '-M', '5', 'rs2_ep-1_step58.inp']' timed out after 600 seconds
2026-05-01 04:15:08,325 - WARNING - Eval 58 failed (total failed=16)
2026-05-01 04:15:08,426 - INFO - Generated: rs2_ep-1_step59.inp | T=7.0, W=16.0x14.0, NPS=700000, BEAMPOS=-15.0
2026-05-01 04:25:08,370 - INFO - FLUKA OK: rs2_ep-1_step59.inp (599.9s)
2026-05-01 04:25:08,565 - INFO - Ep-1 Step59: Reward=32.0977 | Success=True
2026-05-01 04:25:08,565 - INFO - Eval 43: Reward=32.0977  State=[7.0, 16.0, 14.0, 700000.0, -15.0]
2026-05-01 04:25:08,587 - INFO - Generated: rs2_ep-1_step60.inp | T=3.5, W=16.0x7.0, NPS=100000, BEAMPOS=-30.0
2026-05-01 04:26:03,358 - INFO - FLUKA OK: rs2_ep-1_step60.inp (54.8s)
2026-05-01 04:26:03,560 - INFO - Ep-1 Step60: Reward=-8.9836 | Success=True
2026-05-01 04:26:03,562 - INFO - Eval 44: Reward=-8.9836  State=[3.5, 16.0, 7.0, 100000.0, -30.0]
2026-05-01 04:26:03,570 - INFO - Generated: rs2_ep-1_step61.inp | T=4.0, W=11.0x6.0, NPS=1000000, BEAMPOS=-20.0
2026-05-01 04:26:04,250 - ERROR - FLUKA failed: Command '['rfluka', '-M', '5', 'rs2_ep-1_step61.inp']' returned non-zero exit status 12.
2026-05-01 04:26:04,250 - WARNING - Eval 61 failed (total failed=17)
2026-05-01 04:26:04,250 - INFO - Generated: rs2_ep-1_step62.inp | T=5.0, W=11.0x8.0, NPS=400000, BEAMPOS=-30.0
2026-05-01 04:30:01,258 - INFO - FLUKA OK: rs2_ep-1_step62.inp (237.0s)
2026-05-01 04:30:01,316 - INFO - Ep-1 Step62: Reward=25.3448 | Success=True
2026-05-01 04:30:01,318 - INFO - Eval 45: Reward=25.3448  State=[5.0, 11.0, 8.0, 400000.0, -30.0]
2026-05-01 04:30:01,318 - INFO - Generated: rs2_ep-1_step63.inp | T=3.0, W=12.0x5.0, NPS=200000, BEAMPOS=-15.0
2026-05-01 04:31:36,732 - INFO - FLUKA OK: rs2_ep-1_step63.inp (95.4s)
2026-05-01 04:31:36,853 - INFO - Ep-1 Step63: Reward=17.7335 | Success=True
2026-05-01 04:31:36,855 - INFO - Eval 46: Reward=17.7335  State=[3.0, 12.0, 5.0, 200000.0, -15.0]
2026-05-01 04:31:36,855 - INFO - Generated: rs2_ep-1_step64.inp | T=4.5, W=15.0x14.0, NPS=200000, BEAMPOS=-20.0
2026-05-01 04:33:31,213 - INFO - FLUKA OK: rs2_ep-1_step64.inp (114.4s)
2026-05-01 04:33:31,397 - INFO - Ep-1 Step64: Reward=24.4086 | Success=True
2026-05-01 04:33:31,398 - INFO - Eval 47: Reward=24.4086  State=[4.5, 15.0, 14.0, 200000.0, -20.0]
2026-05-01 04:33:31,398 - INFO - Generated: rs2_ep-1_step65.inp | T=7.0, W=13.0x15.0, NPS=600000, BEAMPOS=-45.0
2026-05-01 04:41:50,028 - INFO - FLUKA OK: rs2_ep-1_step65.inp (498.6s)
2026-05-01 04:41:50,104 - INFO - Ep-1 Step65: Reward=30.9306 | Success=True
2026-05-01 04:41:50,104 - INFO - Eval 48: Reward=30.9306  State=[7.0, 13.0, 15.0, 600000.0, -45.0]
2026-05-01 04:41:50,105 - INFO - Generated: rs2_ep-1_step66.inp | T=7.0, W=6.0x15.0, NPS=100000, BEAMPOS=-35.0
2026-05-01 04:43:21,672 - INFO - FLUKA OK: rs2_ep-1_step66.inp (91.6s)
2026-05-01 04:43:21,769 - INFO - Ep-1 Step66: Reward=24.2077 | Success=True
2026-05-01 04:43:21,769 - INFO - Eval 49: Reward=24.2077  State=[7.0, 6.0, 15.0, 100000.0, -35.0]
2026-05-01 04:43:21,769 - INFO - Generated: rs2_ep-1_step67.inp | T=5.5, W=15.0x10.0, NPS=700000, BEAMPOS=-45.0
2026-05-01 04:50:30,403 - INFO - FLUKA OK: rs2_ep-1_step67.inp (428.6s)
2026-05-01 04:50:30,473 - INFO - Ep-1 Step67: Reward=32.3834 | Success=True
2026-05-01 04:50:30,473 - INFO - Eval 50: Reward=32.3834  State=[5.5, 15.0, 10.0, 700000.0, -45.0]
2026-05-01 04:50:30,475 - INFO - Generated: rs2_ep-1_step68.inp | T=8.5, W=10.0x6.0, NPS=800000, BEAMPOS=-30.0
2026-05-01 05:00:30,762 - ERROR - FLUKA failed: Command '['rfluka', '-M', '5', 'rs2_ep-1_step68.inp']' timed out after 600 seconds
2026-05-01 05:00:30,786 - WARNING - Eval 68 failed (total failed=18)
2026-05-01 05:00:30,786 - INFO - Generated: rs2_ep-1_step69.inp | T=9.5, W=10.0x10.0, NPS=600000, BEAMPOS=-15.0
2026-05-01 05:10:30,981 - ERROR - FLUKA failed: Command '['rfluka', '-M', '5', 'rs2_ep-1_step69.inp']' timed out after 600 seconds
2026-05-01 05:10:31,224 - WARNING - Eval 69 failed (total failed=19)
2026-05-01 05:10:31,610 - INFO - Generated: rs2_ep-1_step70.inp | T=3.0, W=19.0x15.0, NPS=600000, BEAMPOS=-45.0
2026-05-01 05:14:16,747 - INFO - FLUKA OK: rs2_ep-1_step70.inp (225.1s)
2026-05-01 05:14:16,938 - INFO - Ep-1 Step70: Reward=-5.0369 | Success=True
2026-05-01 05:14:16,938 - INFO - Eval 51: Reward=-5.0369  State=[3.0, 19.0, 15.0, 600000.0, -45.0]
2026-05-01 05:14:16,941 - INFO - Generated: rs2_ep-1_step71.inp | T=7.5, W=11.0x11.0, NPS=200000, BEAMPOS=-10.0
2026-05-01 05:17:18,521 - INFO - FLUKA OK: rs2_ep-1_step71.inp (181.6s)
2026-05-01 05:17:18,581 - INFO - Ep-1 Step71: Reward=23.1207 | Success=True
2026-05-01 05:17:18,582 - INFO - Eval 52: Reward=23.1207  State=[7.5, 11.0, 11.0, 200000.0, -10.0]
2026-05-01 05:17:18,582 - INFO - Generated: rs2_ep-1_step72.inp | T=7.5, W=16.0x8.0, NPS=500000, BEAMPOS=-25.0
2026-05-01 05:24:58,220 - INFO - FLUKA OK: rs2_ep-1_step72.inp (459.6s)
2026-05-01 05:24:58,633 - INFO - Ep-1 Step72: Reward=34.3471 | Success=True
2026-05-01 05:24:58,633 - INFO - Eval 53: Reward=34.3471  State=[7.5, 16.0, 8.0, 500000.0, -25.0]
2026-05-01 05:24:58,633 - INFO - Generated: rs2_ep-1_step73.inp | T=5.0, W=11.0x13.0, NPS=800000, BEAMPOS=-35.0
2026-05-01 05:32:23,698 - INFO - FLUKA OK: rs2_ep-1_step73.inp (445.1s)
2026-05-01 05:32:24,145 - INFO - Ep-1 Step73: Reward=27.1334 | Success=True
2026-05-01 05:32:24,145 - INFO - Eval 54: Reward=27.1334  State=[5.0, 11.0, 13.0, 800000.0, -35.0]
2026-05-01 05:32:24,145 - INFO - Generated: rs2_ep-1_step74.inp | T=6.0, W=5.0x19.0, NPS=900000, BEAMPOS=-40.0
2026-05-01 05:42:17,850 - INFO - FLUKA OK: rs2_ep-1_step74.inp (593.7s)
2026-05-01 05:42:17,982 - INFO - Ep-1 Step74: Reward=28.0060 | Success=True
2026-05-01 05:42:17,983 - INFO - Eval 55: Reward=28.0060  State=[6.0, 5.0, 19.0, 900000.0, -40.0]
2026-05-01 05:42:17,983 - INFO - Generated: rs2_ep-1_step75.inp | T=4.5, W=13.0x6.0, NPS=100000, BEAMPOS=-20.0
2026-05-01 05:43:22,373 - INFO - FLUKA OK: rs2_ep-1_step75.inp (64.4s)
2026-05-01 05:43:22,582 - INFO - Ep-1 Step75: Reward=20.6738 | Success=True
2026-05-01 05:43:22,582 - INFO - Eval 56: Reward=20.6738  State=[4.5, 13.0, 6.0, 100000.0, -20.0]
2026-05-01 05:43:22,582 - INFO - Generated: rs2_ep-1_step76.inp | T=9.0, W=5.0x19.0, NPS=500000, BEAMPOS=-30.0
2026-05-01 05:52:03,623 - INFO - FLUKA OK: rs2_ep-1_step76.inp (521.0s)
2026-05-01 05:52:04,012 - INFO - Ep-1 Step76: Reward=34.5594 | Success=True
2026-05-01 05:52:04,012 - INFO - Eval 57: Reward=34.5594  State=[9.0, 5.0, 19.0, 500000.0, -30.0]
2026-05-01 05:52:04,012 - INFO - Generated: rs2_ep-1_step77.inp | T=6.0, W=17.0x18.0, NPS=400000, BEAMPOS=-20.0
2026-05-01 05:56:41,756 - INFO - FLUKA OK: rs2_ep-1_step77.inp (277.7s)
2026-05-01 05:56:41,989 - INFO - Ep-1 Step77: Reward=32.5300 | Success=True
2026-05-01 05:56:41,989 - INFO - Eval 58: Reward=32.5300  State=[6.0, 17.0, 18.0, 400000.0, -20.0]
2026-05-01 05:56:41,990 - INFO - Generated: rs2_ep-1_step78.inp | T=5.5, W=10.0x8.0, NPS=700000, BEAMPOS=-35.0
2026-05-01 06:03:59,617 - INFO - FLUKA OK: rs2_ep-1_step78.inp (437.6s)
2026-05-01 06:04:00,459 - INFO - Ep-1 Step78: Reward=24.2088 | Success=True
2026-05-01 06:04:00,459 - INFO - Eval 59: Reward=24.2088  State=[5.5, 10.0, 8.0, 700000.0, -35.0]
2026-05-01 06:04:00,634 - INFO - Generated: rs2_ep-1_step79.inp | T=5.0, W=13.0x16.0, NPS=600000, BEAMPOS=-25.0
2026-05-01 06:09:52,632 - INFO - FLUKA OK: rs2_ep-1_step79.inp (352.0s)
2026-05-01 06:09:55,576 - INFO - Ep-1 Step79: Reward=25.8807 | Success=True
2026-05-01 06:09:55,607 - INFO - Eval 60: Reward=25.8807  State=[5.0, 13.0, 16.0, 600000.0, -25.0]
2026-05-01 06:09:55,661 - INFO - Generated: rs2_ep-1_step80.inp | T=2.0, W=5.0x16.0, NPS=900000, BEAMPOS=-15.0
2026-05-01 06:13:34,780 - INFO - FLUKA OK: rs2_ep-1_step80.inp (219.1s)
2026-05-01 06:13:34,929 - INFO - Ep-1 Step80: Reward=-4.8225 | Success=True
2026-05-01 06:13:34,929 - INFO - Eval 61: Reward=-4.8225  State=[2.0, 5.0, 16.0, 900000.0, -15.0]
2026-05-01 06:13:34,929 - INFO - Generated: rs2_ep-1_step81.inp | T=7.0, W=11.0x11.0, NPS=900000, BEAMPOS=-40.0
2026-05-01 06:23:35,304 - ERROR - FLUKA failed: Command '['rfluka', '-M', '5', 'rs2_ep-1_step81.inp']' timed out after 600 seconds
2026-05-01 06:23:35,318 - WARNING - Eval 81 failed (total failed=20)
2026-05-01 06:23:35,333 - INFO - Generated: rs2_ep-1_step82.inp | T=6.5, W=18.0x9.0, NPS=1000000, BEAMPOS=-50.0
2026-05-01 06:23:37,195 - ERROR - FLUKA failed: Command '['rfluka', '-M', '5', 'rs2_ep-1_step82.inp']' returned non-zero exit status 12.
2026-05-01 06:23:37,195 - WARNING - Eval 82 failed (total failed=21)
2026-05-01 06:23:37,195 - INFO - Generated: rs2_ep-1_step83.inp | T=8.0, W=5.0x19.0, NPS=400000, BEAMPOS=-25.0
2026-05-01 06:30:19,872 - INFO - FLUKA OK: rs2_ep-1_step83.inp (402.7s)
2026-05-01 06:30:20,320 - INFO - Ep-1 Step83: Reward=33.7123 | Success=True
2026-05-01 06:30:20,321 - INFO - Eval 62: Reward=33.7123  State=[8.0, 5.0, 19.0, 400000.0, -25.0]
2026-05-01 06:30:20,353 - INFO - Generated: rs2_ep-1_step84.inp | T=7.5, W=10.0x17.0, NPS=400000, BEAMPOS=-25.0
2026-05-01 06:35:45,693 - INFO - FLUKA OK: rs2_ep-1_step84.inp (325.3s)
2026-05-01 06:35:45,789 - INFO - Ep-1 Step84: Reward=28.9655 | Success=True
2026-05-01 06:35:45,789 - INFO - Eval 63: Reward=28.9655  State=[7.5, 10.0, 17.0, 400000.0, -25.0]
2026-05-01 06:35:45,789 - INFO - Generated: rs2_ep-1_step85.inp | T=3.5, W=18.0x13.0, NPS=800000, BEAMPOS=-20.0
2026-05-01 06:40:15,383 - INFO - FLUKA OK: rs2_ep-1_step85.inp (269.6s)
2026-05-01 06:40:15,410 - INFO - Ep-1 Step85: Reward=24.2377 | Success=True
2026-05-01 06:40:15,410 - INFO - Eval 64: Reward=24.2377  State=[3.5, 18.0, 13.0, 800000.0, -20.0]
2026-05-01 06:40:15,410 - INFO - Generated: rs2_ep-1_step86.inp | T=4.5, W=12.0x16.0, NPS=900000, BEAMPOS=-15.0
2026-05-01 06:46:55,639 - INFO - FLUKA OK: rs2_ep-1_step86.inp (400.2s)
2026-05-01 06:46:55,671 - INFO - Ep-1 Step86: Reward=24.9921 | Success=True
2026-05-01 06:46:55,671 - INFO - Eval 65: Reward=24.9921  State=[4.5, 12.0, 16.0, 900000.0, -15.0]
2026-05-01 06:46:55,671 - INFO - Generated: rs2_ep-1_step87.inp | T=4.0, W=17.0x7.0, NPS=800000, BEAMPOS=-45.0
2026-05-01 06:51:55,419 - INFO - FLUKA OK: rs2_ep-1_step87.inp (299.7s)
2026-05-01 06:51:55,456 - INFO - Ep-1 Step87: Reward=26.5940 | Success=True
2026-05-01 06:51:55,456 - INFO - Eval 66: Reward=26.5940  State=[4.0, 17.0, 7.0, 800000.0, -45.0]
2026-05-01 06:51:55,456 - INFO - Generated: rs2_ep-1_step88.inp | T=7.0, W=10.0x17.0, NPS=1000000, BEAMPOS=-30.0
2026-05-01 06:51:55,855 - ERROR - FLUKA failed: Command '['rfluka', '-M', '5', 'rs2_ep-1_step88.inp']' returned non-zero exit status 12.
2026-05-01 06:51:55,855 - WARNING - Eval 88 failed (total failed=22)
2026-05-01 06:51:55,865 - INFO - Generated: rs2_ep-1_step89.inp | T=4.0, W=16.0x16.0, NPS=400000, BEAMPOS=-15.0
2026-05-01 06:54:38,142 - INFO - FLUKA OK: rs2_ep-1_step89.inp (162.3s)
2026-05-01 06:54:38,170 - INFO - Ep-1 Step89: Reward=24.2622 | Success=True
2026-05-01 06:54:38,170 - INFO - Eval 67: Reward=24.2622  State=[4.0, 16.0, 16.0, 400000.0, -15.0]
2026-05-01 06:54:38,170 - INFO - Generated: rs2_ep-1_step90.inp | T=2.5, W=19.0x17.0, NPS=200000, BEAMPOS=-25.0
2026-05-01 06:55:37,407 - INFO - FLUKA OK: rs2_ep-1_step90.inp (59.2s)
2026-05-01 06:55:37,489 - INFO - Ep-1 Step90: Reward=0.8916 | Success=True
2026-05-01 06:55:37,489 - INFO - Eval 68: Reward=0.8916  State=[2.5, 19.0, 17.0, 200000.0, -25.0]
2026-05-01 06:55:37,489 - INFO - Generated: rs2_ep-1_step91.inp | T=5.0, W=13.0x6.0, NPS=100000, BEAMPOS=-15.0
2026-05-01 06:56:36,048 - INFO - FLUKA OK: rs2_ep-1_step91.inp (58.6s)
2026-05-01 06:56:36,091 - INFO - Ep-1 Step91: Reward=23.9071 | Success=True
2026-05-01 06:56:36,091 - INFO - Eval 69: Reward=23.9071  State=[5.0, 13.0, 6.0, 100000.0, -15.0]
2026-05-01 06:56:36,100 - INFO - Generated: rs2_ep-1_step92.inp | T=3.0, W=10.0x17.0, NPS=100000, BEAMPOS=-35.0
2026-05-01 06:57:15,650 - INFO - FLUKA OK: rs2_ep-1_step92.inp (39.6s)
2026-05-01 06:57:16,042 - INFO - Ep-1 Step92: Reward=14.1671 | Success=True
2026-05-01 06:57:16,042 - INFO - Eval 70: Reward=14.1671  State=[3.0, 10.0, 17.0, 100000.0, -35.0]
2026-05-01 06:57:16,042 - INFO - Generated: rs2_ep-1_step93.inp | T=5.5, W=13.0x8.0, NPS=500000, BEAMPOS=-30.0
2026-05-01 07:01:56,099 - INFO - FLUKA OK: rs2_ep-1_step93.inp (280.1s)
2026-05-01 07:01:56,371 - INFO - Ep-1 Step93: Reward=28.7039 | Success=True
2026-05-01 07:01:56,374 - INFO - Eval 71: Reward=28.7039  State=[5.5, 13.0, 8.0, 500000.0, -30.0]
2026-05-01 07:01:56,374 - INFO - Generated: rs2_ep-1_step94.inp | T=4.0, W=17.0x18.0, NPS=200000, BEAMPOS=-35.0
2026-05-01 07:03:40,276 - INFO - FLUKA OK: rs2_ep-1_step94.inp (103.9s)
2026-05-01 07:03:40,510 - INFO - Ep-1 Step94: Reward=21.1440 | Success=True
2026-05-01 07:03:40,511 - INFO - Eval 72: Reward=21.1440  State=[4.0, 17.0, 18.0, 200000.0, -35.0]
2026-05-01 07:03:40,516 - INFO - Generated: rs2_ep-1_step95.inp | T=6.0, W=17.0x16.0, NPS=900000, BEAMPOS=-30.0
2026-05-01 07:12:27,170 - INFO - FLUKA OK: rs2_ep-1_step95.inp (526.7s)
2026-05-01 07:12:27,286 - INFO - Ep-1 Step95: Reward=26.2334 | Success=True
2026-05-01 07:12:27,286 - INFO - Eval 73: Reward=26.2334  State=[6.0, 17.0, 16.0, 900000.0, -30.0]
2026-05-01 07:12:27,286 - INFO - Generated: rs2_ep-1_step96.inp | T=8.0, W=20.0x10.0, NPS=900000, BEAMPOS=-40.0
2026-05-01 07:22:27,571 - ERROR - FLUKA failed: Command '['rfluka', '-M', '5', 'rs2_ep-1_step96.inp']' timed out after 600 seconds
2026-05-01 07:22:27,571 - WARNING - Eval 96 failed (total failed=23)
2026-05-01 07:22:27,571 - INFO - Generated: rs2_ep-1_step97.inp | T=4.0, W=8.0x9.0, NPS=900000, BEAMPOS=-50.0
2026-05-01 07:28:20,753 - INFO - FLUKA OK: rs2_ep-1_step97.inp (353.2s)
2026-05-01 07:28:20,857 - INFO - Ep-1 Step97: Reward=26.0773 | Success=True
2026-05-01 07:28:20,857 - INFO - Eval 74: Reward=26.0773  State=[4.0, 8.0, 9.0, 900000.0, -50.0]
2026-05-01 07:28:20,857 - INFO - Generated: rs2_ep-1_step98.inp | T=6.5, W=9.0x8.0, NPS=400000, BEAMPOS=-30.0
2026-05-01 07:32:35,114 - INFO - FLUKA OK: rs2_ep-1_step98.inp (254.3s)
2026-05-01 07:32:35,159 - INFO - Ep-1 Step98: Reward=20.3225 | Success=True
2026-05-01 07:32:35,159 - INFO - Eval 75: Reward=20.3225  State=[6.5, 9.0, 8.0, 400000.0, -30.0]
2026-05-01 07:32:35,159 - INFO - Generated: rs2_ep-1_step99.inp | T=9.5, W=8.0x17.0, NPS=1000000, BEAMPOS=-45.0
2026-05-01 07:32:35,669 - ERROR - FLUKA failed: Command '['rfluka', '-M', '5', 'rs2_ep-1_step99.inp']' returned non-zero exit status 12.
2026-05-01 07:32:35,669 - WARNING - Eval 99 failed (total failed=24)
2026-05-01 07:32:35,670 - INFO - Generated: rs2_ep-1_step100.inp | T=5.0, W=17.0x18.0, NPS=1000000, BEAMPOS=-40.0
2026-05-01 07:32:36,062 - ERROR - FLUKA failed: Command '['rfluka', '-M', '5', 'rs2_ep-1_step100.inp']' returned non-zero exit status 12.
2026-05-01 07:32:36,063 - WARNING - Eval 100 failed (total failed=25)
2026-05-01 07:32:36,063 - INFO - Generated: rs2_ep-1_step101.inp | T=9.0, W=13.0x16.0, NPS=600000, BEAMPOS=-50.0
2026-05-01 07:42:02,668 - INFO - FLUKA OK: rs2_ep-1_step101.inp (566.6s)
2026-05-01 07:42:03,214 - INFO - Ep-1 Step101: Reward=30.8495 | Success=True
2026-05-01 07:42:03,214 - INFO - Eval 76: Reward=30.8495  State=[9.0, 13.0, 16.0, 600000.0, -50.0]
2026-05-01 07:42:03,214 - INFO - Generated: rs2_ep-1_step102.inp | T=4.5, W=17.0x17.0, NPS=500000, BEAMPOS=-30.0
2026-05-01 07:45:48,959 - INFO - FLUKA OK: rs2_ep-1_step102.inp (225.7s)
2026-05-01 07:45:49,183 - INFO - Ep-1 Step102: Reward=36.8201 | Success=True
2026-05-01 07:45:49,183 - INFO - Eval 77: Reward=36.8201  State=[4.5, 17.0, 17.0, 500000.0, -30.0]
2026-05-01 07:45:49,183 - INFO - Generated: rs2_ep-1_step103.inp | T=6.5, W=15.0x11.0, NPS=300000, BEAMPOS=-30.0
2026-05-01 07:49:04,705 - INFO - FLUKA OK: rs2_ep-1_step103.inp (195.5s)
2026-05-01 07:49:04,746 - INFO - Ep-1 Step103: Reward=30.4576 | Success=True
2026-05-01 07:49:04,746 - INFO - Eval 78: Reward=30.4576  State=[6.5, 15.0, 11.0, 300000.0, -30.0]
2026-05-01 07:49:04,746 - INFO - Generated: rs2_ep-1_step104.inp | T=3.5, W=11.0x11.0, NPS=100000, BEAMPOS=-45.0
2026-05-01 07:49:47,592 - INFO - FLUKA OK: rs2_ep-1_step104.inp (42.8s)
2026-05-01 07:49:47,701 - INFO - Ep-1 Step104: Reward=15.7674 | Success=True
2026-05-01 07:49:47,701 - INFO - Eval 79: Reward=15.7674  State=[3.5, 11.0, 11.0, 100000.0, -45.0]
2026-05-01 07:49:47,702 - INFO - Generated: rs2_ep-1_step105.inp | T=6.0, W=16.0x9.0, NPS=600000, BEAMPOS=-20.0
2026-05-01 07:55:18,321 - INFO - FLUKA OK: rs2_ep-1_step105.inp (330.6s)
2026-05-01 07:55:18,369 - INFO - Ep-1 Step105: Reward=31.3725 | Success=True
2026-05-01 07:55:18,370 - INFO - Eval 80: Reward=31.3725  State=[6.0, 16.0, 9.0, 600000.0, -20.0]
2026-05-01 07:55:18,370 - INFO - Generated: rs2_ep-1_step106.inp | T=2.5, W=20.0x15.0, NPS=800000, BEAMPOS=-30.0
2026-05-01 07:58:27,560 - INFO - FLUKA OK: rs2_ep-1_step106.inp (189.2s)
2026-05-01 07:58:27,622 - INFO - Ep-1 Step106: Reward=14.9552 | Success=True
2026-05-01 07:58:27,622 - INFO - Eval 81: Reward=14.9552  State=[2.5, 20.0, 15.0, 800000.0, -30.0]
2026-05-01 07:58:27,622 - INFO - Generated: rs2_ep-1_step107.inp | T=8.5, W=13.0x13.0, NPS=200000, BEAMPOS=-20.0
2026-05-01 08:01:20,355 - INFO - FLUKA OK: rs2_ep-1_step107.inp (172.7s)
2026-05-01 08:01:20,541 - INFO - Ep-1 Step107: Reward=23.7960 | Success=True
2026-05-01 08:01:20,541 - INFO - Eval 82: Reward=23.7960  State=[8.5, 13.0, 13.0, 200000.0, -20.0]
2026-05-01 08:01:20,541 - INFO - Generated: rs2_ep-1_step108.inp | T=5.0, W=14.0x19.0, NPS=900000, BEAMPOS=-45.0
2026-05-01 08:08:07,288 - INFO - FLUKA OK: rs2_ep-1_step108.inp (406.7s)
2026-05-01 08:08:07,605 - INFO - Ep-1 Step108: Reward=27.9869 | Success=True
2026-05-01 08:08:07,605 - INFO - Eval 83: Reward=27.9869  State=[5.0, 14.0, 19.0, 900000.0, -45.0]
2026-05-01 08:08:07,605 - INFO - Generated: rs2_ep-1_step109.inp | T=10.0, W=10.0x18.0, NPS=100000, BEAMPOS=-40.0
2026-05-01 08:09:57,832 - INFO - FLUKA OK: rs2_ep-1_step109.inp (110.2s)
2026-05-01 08:09:57,882 - INFO - Ep-1 Step109: Reward=27.6573 | Success=True
2026-05-01 08:09:57,882 - INFO - Eval 84: Reward=27.6573  State=[10.0, 10.0, 18.0, 100000.0, -40.0]
2026-05-01 08:09:57,882 - INFO - Generated: rs2_ep-1_step110.inp | T=7.5, W=10.0x16.0, NPS=100000, BEAMPOS=-45.0
2026-05-01 08:11:18,725 - INFO - FLUKA OK: rs2_ep-1_step110.inp (80.8s)
2026-05-01 08:11:18,810 - INFO - Ep-1 Step110: Reward=-0.4130 | Success=True
2026-05-01 08:11:18,811 - INFO - Eval 85: Reward=-0.4130  State=[7.5, 10.0, 16.0, 100000.0, -45.0]
2026-05-01 08:11:18,811 - INFO - Generated: rs2_ep-1_step111.inp | T=8.0, W=8.0x20.0, NPS=1000000, BEAMPOS=-25.0
2026-05-01 08:11:19,195 - ERROR - FLUKA failed: Command '['rfluka', '-M', '5', 'rs2_ep-1_step111.inp']' returned non-zero exit status 12.
2026-05-01 08:11:19,195 - WARNING - Eval 111 failed (total failed=26)
2026-05-01 08:11:19,196 - INFO - Generated: rs2_ep-1_step112.inp | T=5.0, W=7.0x12.0, NPS=700000, BEAMPOS=-45.0
2026-05-01 08:16:29,781 - INFO - FLUKA OK: rs2_ep-1_step112.inp (310.6s)
2026-05-01 08:16:29,823 - INFO - Ep-1 Step112: Reward=32.0009 | Success=True
2026-05-01 08:16:29,823 - INFO - Eval 86: Reward=32.0009  State=[5.0, 7.0, 12.0, 700000.0, -45.0]
2026-05-01 08:16:29,823 - INFO - Generated: rs2_ep-1_step113.inp | T=4.5, W=12.0x9.0, NPS=700000, BEAMPOS=-40.0
2026-05-01 08:21:10,087 - INFO - FLUKA OK: rs2_ep-1_step113.inp (280.3s)
2026-05-01 08:21:10,685 - INFO - Ep-1 Step113: Reward=23.0044 | Success=True
2026-05-01 08:21:10,685 - INFO - Eval 87: Reward=23.0044  State=[4.5, 12.0, 9.0, 700000.0, -40.0]
2026-05-01 08:21:10,685 - INFO - Generated: rs2_ep-1_step114.inp | T=7.5, W=18.0x18.0, NPS=800000, BEAMPOS=-20.0
2026-05-01 08:30:57,315 - INFO - FLUKA OK: rs2_ep-1_step114.inp (586.6s)
2026-05-01 08:30:57,371 - INFO - Ep-1 Step114: Reward=29.8193 | Success=True
2026-05-01 08:30:57,371 - INFO - Eval 88: Reward=29.8193  State=[7.5, 18.0, 18.0, 800000.0, -20.0]
2026-05-01 08:30:57,371 - INFO - Generated: rs2_ep-1_step115.inp | T=9.0, W=14.0x12.0, NPS=700000, BEAMPOS=-40.0
2026-05-01 08:40:57,482 - ERROR - FLUKA failed: Command '['rfluka', '-M', '5', 'rs2_ep-1_step115.inp']' timed out after 600 seconds
2026-05-01 08:40:57,482 - WARNING - Eval 115 failed (total failed=27)
2026-05-01 08:40:57,483 - INFO - Generated: rs2_ep-1_step116.inp | T=3.5, W=18.0x18.0, NPS=700000, BEAMPOS=-25.0
2026-05-01 08:44:49,449 - INFO - FLUKA OK: rs2_ep-1_step116.inp (232.0s)
2026-05-01 08:44:49,512 - INFO - Ep-1 Step116: Reward=24.6646 | Success=True
2026-05-01 08:44:49,512 - INFO - Eval 89: Reward=24.6646  State=[3.5, 18.0, 18.0, 700000.0, -25.0]
2026-05-01 08:44:49,513 - INFO - Generated: rs2_ep-1_step117.inp | T=5.0, W=9.0x17.0, NPS=200000, BEAMPOS=-45.0
2026-05-01 08:46:28,747 - INFO - FLUKA OK: rs2_ep-1_step117.inp (99.2s)
2026-05-01 08:46:28,809 - INFO - Ep-1 Step117: Reward=22.0920 | Success=True
2026-05-01 08:46:28,809 - INFO - Eval 90: Reward=22.0920  State=[5.0, 9.0, 17.0, 200000.0, -45.0]
2026-05-01 08:46:28,810 - INFO - Generated: rs2_ep-1_step118.inp | T=4.5, W=10.0x6.0, NPS=1000000, BEAMPOS=-45.0
2026-05-01 08:46:29,172 - ERROR - FLUKA failed: Command '['rfluka', '-M', '5', 'rs2_ep-1_step118.inp']' returned non-zero exit status 12.
2026-05-01 08:46:29,173 - WARNING - Eval 118 failed (total failed=28)
2026-05-01 08:46:29,173 - INFO - Generated: rs2_ep-1_step119.inp | T=10.0, W=13.0x19.0, NPS=700000, BEAMPOS=-15.0
2026-05-01 08:56:29,203 - ERROR - FLUKA failed: Command '['rfluka', '-M', '5', 'rs2_ep-1_step119.inp']' timed out after 600 seconds
2026-05-01 08:56:29,203 - WARNING - Eval 119 failed (total failed=29)
2026-05-01 08:56:29,203 - INFO - Generated: rs2_ep-1_step120.inp | T=4.0, W=9.0x15.0, NPS=200000, BEAMPOS=-40.0
2026-05-01 08:57:53,100 - INFO - FLUKA OK: rs2_ep-1_step120.inp (83.9s)
2026-05-01 08:57:53,242 - INFO - Ep-1 Step120: Reward=20.2073 | Success=True
2026-05-01 08:57:53,242 - INFO - Eval 91: Reward=20.2073  State=[4.0, 9.0, 15.0, 200000.0, -40.0]
2026-05-01 08:57:53,242 - INFO - Generated: rs2_ep-1_step121.inp | T=9.5, W=17.0x7.0, NPS=700000, BEAMPOS=-15.0
2026-05-01 09:07:53,397 - ERROR - FLUKA failed: Command '['rfluka', '-M', '5', 'rs2_ep-1_step121.inp']' timed out after 600 seconds
2026-05-01 09:07:53,398 - WARNING - Eval 121 failed (total failed=30)
2026-05-01 09:07:53,398 - INFO - Generated: rs2_ep-1_step122.inp | T=2.0, W=8.0x9.0, NPS=700000, BEAMPOS=-15.0
2026-05-01 09:10:04,917 - INFO - FLUKA OK: rs2_ep-1_step122.inp (131.5s)
2026-05-01 09:10:05,227 - INFO - Ep-1 Step122: Reward=18.3959 | Success=True
2026-05-01 09:10:05,227 - INFO - Eval 92: Reward=18.3959  State=[2.0, 8.0, 9.0, 700000.0, -15.0]
2026-05-01 09:10:05,227 - INFO - Generated: rs2_ep-1_step123.inp | T=7.5, W=20.0x19.0, NPS=500000, BEAMPOS=-45.0
2026-05-01 09:15:56,775 - INFO - FLUKA OK: rs2_ep-1_step123.inp (351.5s)
2026-05-01 09:15:57,019 - INFO - Ep-1 Step123: Reward=34.4440 | Success=True
2026-05-01 09:15:57,019 - INFO - Eval 93: Reward=34.4440  State=[7.5, 20.0, 19.0, 500000.0, -45.0]
2026-05-01 09:15:57,019 - INFO - Generated: rs2_ep-1_step124.inp | T=7.5, W=20.0x7.0, NPS=1000000, BEAMPOS=-10.0
2026-05-01 09:15:57,373 - ERROR - FLUKA failed: Command '['rfluka', '-M', '5', 'rs2_ep-1_step124.inp']' returned non-zero exit status 12.
2026-05-01 09:15:57,373 - WARNING - Eval 124 failed (total failed=31)
2026-05-01 09:15:57,373 - INFO - Generated: rs2_ep-1_step125.inp | T=9.5, W=9.0x14.0, NPS=200000, BEAMPOS=-40.0
2026-05-01 09:19:04,689 - INFO - FLUKA OK: rs2_ep-1_step125.inp (187.3s)
2026-05-01 09:19:04,770 - INFO - Ep-1 Step125: Reward=27.9925 | Success=True
2026-05-01 09:19:04,770 - INFO - Eval 94: Reward=27.9925  State=[9.5, 9.0, 14.0, 200000.0, -40.0]
2026-05-01 09:19:04,770 - INFO - Generated: rs2_ep-1_step126.inp | T=6.5, W=13.0x17.0, NPS=1000000, BEAMPOS=-35.0
2026-05-01 09:19:05,121 - ERROR - FLUKA failed: Command '['rfluka', '-M', '5', 'rs2_ep-1_step126.inp']' returned non-zero exit status 12.
2026-05-01 09:19:05,121 - WARNING - Eval 126 failed (total failed=32)
2026-05-01 09:19:05,121 - INFO - Generated: rs2_ep-1_step127.inp | T=5.5, W=13.0x8.0, NPS=300000, BEAMPOS=-15.0
2026-05-01 09:21:34,271 - INFO - FLUKA OK: rs2_ep-1_step127.inp (149.1s)
2026-05-01 09:21:34,534 - INFO - Ep-1 Step127: Reward=26.7894 | Success=True
2026-05-01 09:21:34,535 - INFO - Eval 95: Reward=26.7894  State=[5.5, 13.0, 8.0, 300000.0, -15.0]
2026-05-01 09:21:34,535 - INFO - Generated: rs2_ep-1_step128.inp | T=4.0, W=10.0x11.0, NPS=1000000, BEAMPOS=-30.0
2026-05-01 09:21:34,912 - ERROR - FLUKA failed: Command '['rfluka', '-M', '5', 'rs2_ep-1_step128.inp']' returned non-zero exit status 12.
2026-05-01 09:21:34,912 - WARNING - Eval 128 failed (total failed=33)
2026-05-01 09:21:34,913 - INFO - Generated: rs2_ep-1_step129.inp | T=8.5, W=10.0x5.0, NPS=300000, BEAMPOS=-40.0
2026-05-01 09:25:25,854 - INFO - FLUKA OK: rs2_ep-1_step129.inp (230.9s)
2026-05-01 09:25:26,112 - INFO - Ep-1 Step129: Reward=21.8100 | Success=True
2026-05-01 09:25:26,112 - INFO - Eval 96: Reward=21.8100  State=[8.5, 10.0, 5.0, 300000.0, -40.0]
2026-05-01 09:25:26,112 - INFO - Generated: rs2_ep-1_step130.inp | T=2.5, W=15.0x10.0, NPS=600000, BEAMPOS=-20.0
2026-05-01 09:27:46,856 - INFO - FLUKA OK: rs2_ep-1_step130.inp (140.7s)
2026-05-01 09:27:47,278 - INFO - Ep-1 Step130: Reward=17.3184 | Success=True
2026-05-01 09:27:47,278 - INFO - Eval 97: Reward=17.3184  State=[2.5, 15.0, 10.0, 600000.0, -20.0]
2026-05-01 09:27:47,279 - INFO - Generated: rs2_ep-1_step131.inp | T=9.5, W=14.0x20.0, NPS=200000, BEAMPOS=-40.0
2026-05-01 09:31:03,325 - INFO - FLUKA OK: rs2_ep-1_step131.inp (196.0s)
2026-05-01 09:31:03,374 - INFO - Ep-1 Step131: Reward=31.7157 | Success=True
2026-05-01 09:31:03,374 - INFO - Eval 98: Reward=31.7157  State=[9.5, 14.0, 20.0, 200000.0, -40.0]
2026-05-01 09:31:03,375 - INFO - Generated: rs2_ep-1_step132.inp | T=6.0, W=13.0x17.0, NPS=100000, BEAMPOS=-30.0
2026-05-01 09:32:07,588 - INFO - FLUKA OK: rs2_ep-1_step132.inp (64.2s)
2026-05-01 09:32:07,724 - INFO - Ep-1 Step132: Reward=25.4612 | Success=True
2026-05-01 09:32:07,724 - INFO - Eval 99: Reward=25.4612  State=[6.0, 13.0, 17.0, 100000.0, -30.0]
2026-05-01 09:32:07,724 - INFO - Generated: rs2_ep-1_step133.inp | T=5.0, W=7.0x15.0, NPS=400000, BEAMPOS=-20.0
2026-05-01 09:35:09,302 - INFO - FLUKA OK: rs2_ep-1_step133.inp (181.6s)
2026-05-01 09:35:09,332 - INFO - Ep-1 Step133: Reward=22.3492 | Success=True
2026-05-01 09:35:09,332 - INFO - Eval 100: Reward=22.3492  State=[5.0, 7.0, 15.0, 400000.0, -20.0]
