  **** 47.bnx ****

  Charged pion fluence inside and around a proton-irradiated Be target            

  Total primaries run:         3500000
   Total weight of the primaries run:   3500000.00    


  Detector n:            1 (           1 )  piCurrUD  
     (Area:            400.000000      cmq,
      distr. scored:         209    ,
      from reg.           3  to            4 ,
      one way scoring,
      current scoring)

     Tot. resp. (Part/cmq/pr)  6.9637492E-04  +/-  0.3313293     %
     ( -->      (Part/pr)      0.2785500      +/-  0.3313293     % )

  **** Different. Fluxes as a function of energy **** ****      (integrated over solid angle)        ****


  Energy boundaries (GeV):

   50.00005       30.54858       18.66430       11.40334       6.967113    
   4.256703       2.600722       1.588966      0.9708120      0.5931380    
  0.3623901      0.2214098      0.1352750      8.2649104E-02  5.0496202E-02
  3.0851712E-02  1.8849501E-02  1.1516498E-02  7.0362468E-03  4.2989431E-03
  2.6265297E-03  1.6047333E-03  9.8044542E-04  5.9902371E-04  3.6598611E-04
  2.2360691E-04  1.3661734E-04  8.3469226E-05  5.0997282E-05  3.1157859E-05
  1.9036546E-05  1.1630777E-05  7.1060676E-06  4.3416017E-06  2.6525925E-06
  1.6206570E-06  9.9017450E-07  6.0496785E-07  3.6961782E-07  2.2582576E-07
  1.3797299E-07  8.4297497E-08  5.1503324E-08  3.1467035E-08  1.9225448E-08
  1.1746191E-08  7.1765816E-09  4.3846828E-09  2.6789142E-09  1.6367389E-09
  Lowest boundary   (GeV):  9.9999997E-10

  Flux (Part/GeV/cmq/pr):

  3.4150961E-08 +/-    3.891819     %   6.0307804E-07 +/-    1.235897     % 
  3.0953270E-06 +/-   0.8715416     %   9.8714845E-06 +/-   0.3290727     % 
  2.4020914E-05 +/-   0.6361517     %   4.9451955E-05 +/-   0.3554091     % 
  9.1878494E-05 +/-   0.4422804     %   1.5290013E-04 +/-   0.2953924     % 
  2.3892128E-04 +/-   0.3688594     %   3.3733505E-04 +/-   0.4241424     % 
  3.8464888E-04 +/-   0.3559065     %   3.5891423E-04 +/-   0.9253357     % 
  3.2160999E-04 +/-   0.4715134     %   2.9699635E-04 +/-   0.8231728     % 
  2.3503523E-04 +/-   0.8701267     %   1.7020685E-04 +/-    2.017698     % 
  1.2010289E-04 +/-    3.653238     %   5.7554200E-05 +/-    6.748436     % 
  4.3838783E-05 +/-    6.825800     %   5.0824787E-05 +/-    15.23073     % 
  3.7049631E-05 +/-    12.15481     %   4.0045659E-05 +/-    14.98298     % 
  5.2435429E-05 +/-    26.24453     %   5.2106887E-05 +/-    25.64058     % 
  4.5151079E-05 +/-    47.79070     %   2.4633508E-05 +/-    66.66666     % 
  1.3439540E-05 +/-    99.00000     %   8.7988075E-05 +/-    46.77072     % 
   0.000000     +/-    0.000000     %   1.1785625E-04 +/-    99.00000     % 
   0.000000     +/-    0.000000     %    0.000000     +/-    0.000000     % 
   0.000000     +/-    0.000000     %   4.2290243E-04 +/-    99.00000     % 
   0.000000     +/-    0.000000     %    0.000000     +/-    0.000000     % 
   0.000000     +/-    0.000000     %    0.000000     +/-    0.000000     % 
   0.000000     +/-    0.000000     %    0.000000     +/-    0.000000     % 
   0.000000     +/-    0.000000     %    0.000000     +/-    0.000000     % 
   0.000000     +/-    0.000000     %    0.000000     +/-    0.000000     % 
   0.000000     +/-    0.000000     %    0.000000     +/-    0.000000     % 
   0.000000     +/-    0.000000     %    0.000000     +/-    0.000000     % 
   0.000000     +/-    0.000000     %    0.000000     +/-    0.000000     % 


  **** Cumulative Fluxes as a function of energy **** ****      (integrated over solid angle)        ****


  Energy boundaries (GeV):

   50.00005       30.54858       18.66430       11.40334       6.967113    
   4.256703       2.600722       1.588966      0.9708120      0.5931380    
  0.3623901      0.2214098      0.1352750      8.2649104E-02  5.0496202E-02
  3.0851712E-02  1.8849501E-02  1.1516498E-02  7.0362468E-03  4.2989431E-03
  2.6265297E-03  1.6047333E-03  9.8044542E-04  5.9902371E-04  3.6598611E-04
  2.2360691E-04  1.3661734E-04  8.3469226E-05  5.0997282E-05  3.1157859E-05
  1.9036546E-05  1.1630777E-05  7.1060676E-06  4.3416017E-06  2.6525925E-06
  1.6206570E-06  9.9017450E-07  6.0496785E-07  3.6961782E-07  2.2582576E-07
  1.3797299E-07  8.4297497E-08  5.1503324E-08  3.1467035E-08  1.9225448E-08
  1.1746191E-08  7.1765816E-09  4.3846828E-09  2.6789142E-09  1.6367389E-09
  Lowest boundary   (GeV):  9.9999997E-10

  Cumul. Flux (Part/cmq/pr):

  6.6428623E-07 +/-    3.891819     %   7.8314370E-06 +/-    1.077388     % 
  3.0306457E-05 +/-   0.6060590     %   7.4098636E-05 +/-   0.1875441     % 
  1.3920513E-04 +/-   0.3486434     %   2.2109665E-04 +/-   0.3468309     % 
  3.1405530E-04 +/-   0.3677984     %   4.0857110E-04 +/-   0.3411228     % 
  4.9880549E-04 +/-   0.3252444     %   5.7664484E-04 +/-   0.3260680     % 
  6.3087273E-04 +/-   0.3192458     %   6.6178775E-04 +/-   0.3348111     % 
  6.7871279E-04 +/-   0.3268563     %   6.8826205E-04 +/-   0.3220672     % 
  6.9287920E-04 +/-   0.3247091     %   6.9492206E-04 +/-   0.3290741     % 
  6.9580280E-04 +/-   0.3316639     %   6.9606066E-04 +/-   0.3319348     % 
  6.9618062E-04 +/-   0.3316143     %   6.9626566E-04 +/-   0.3314681     % 
  6.9630350E-04 +/-   0.3314937     %   6.9632847E-04 +/-   0.3316288     % 
  6.9634849E-04 +/-   0.3316037     %   6.9636066E-04 +/-   0.3313545     % 
  6.9636706E-04 +/-   0.3312892     %   6.9636921E-04 +/-   0.3313742     % 
  6.9636991E-04 +/-   0.3314528     %   6.9637276E-04 +/-   0.3313693     % 
  6.9637276E-04 +/-   0.3313693     %   6.9637422E-04 +/-   0.3314013     % 
  6.9637422E-04 +/-   0.3314013     %   6.9637422E-04 +/-   0.3314013     % 
  6.9637422E-04 +/-   0.3314013     %   6.9637492E-04 +/-   0.3313293     % 
  6.9637492E-04 +/-   0.3313293     %   6.9637492E-04 +/-   0.3313293     % 
  6.9637492E-04 +/-   0.3313293     %   6.9637492E-04 +/-   0.3313293     % 
  6.9637492E-04 +/-   0.3313293     %   6.9637492E-04 +/-   0.3313293     % 
  6.9637492E-04 +/-   0.3313293     %   6.9637492E-04 +/-   0.3313293     % 
  6.9637492E-04 +/-   0.3313293     %   6.9637492E-04 +/-   0.3313293     % 
  6.9637492E-04 +/-   0.3313293     %   6.9637492E-04 +/-   0.3313293     % 
  6.9637492E-04 +/-   0.3313293     %   6.9637492E-04 +/-   0.3313293     % 
  6.9637492E-04 +/-   0.3313293     %   6.9637492E-04 +/-   0.3313293     % 

  **** Double diff. Fluxes as a function of energy ****


  Solid angle minimum value (sr):   0.000000    

  Solid angle upper boundaries (sr):

  0.6283185       1.256637       1.884956       2.513274       3.141593    
   3.769911       4.398230       5.026548       5.654867       6.283185    

  Angular minimum value (deg.):   0.000000    

  Angular upper boundaries (deg.):

   25.84193       36.86990       45.57299       53.13010       60.00000    
   66.42182       72.54240       78.46304       84.26083       90.00000    


  Energy interval (GeV):   50.00005       30.54858    

  Flux (Part/sr/GeV/cmq/pr):

  5.4352942E-08 +/-    3.891819     %    0.000000     +/-    0.000000     % 
   0.000000     +/-    0.000000     %    0.000000     +/-    0.000000     % 
   0.000000     +/-    0.000000     %    0.000000     +/-    0.000000     % 
   0.000000     +/-    0.000000     %    0.000000     +/-    0.000000     % 
   0.000000     +/-    0.000000     %    0.000000     +/-    0.000000     % 

  Flux (Part/deg/GeV/cmq/pr):

  1.3215329E-09 +/-    3.891819     %    0.000000     +/-    0.000000     % 
   0.000000     +/-    0.000000     %    0.000000     +/-    0.000000     % 
   0.000000     +/-    0.000000     %    0.000000     +/-    0.000000     % 
   0.000000     +/-    0.000000     %    0.000000     +/-    0.000000     % 
   0.000000     +/-    0.000000     %    0.000000     +/-    0.000000     % 

  Energy interval (GeV):   30.54858       18.66430    

  Flux (Part/sr/GeV/cmq/pr):

  9.5982841E-07 +/-    1.235897     %    0.000000     +/-    0.000000     % 
   0.000000     +/-    0.000000     %    0.000000     +/-    0.000000     % 
   0.000000     +/-    0.000000     %    0.000000     +/-    0.000000     % 
   0.000000     +/-    0.000000     %    0.000000     +/-    0.000000     % 
   0.000000     +/-    0.000000     %    0.000000     +/-    0.000000     % 

  Flux (Part/deg/GeV/cmq/pr):

  2.3337186E-08 +/-    1.235897     %    0.000000     +/-    0.000000     % 
   0.000000     +/-    0.000000     %    0.000000     +/-    0.000000     % 
   0.000000     +/-    0.000000     %    0.000000     +/-    0.000000     % 
   0.000000     +/-    0.000000     %    0.000000     +/-    0.000000     % 
   0.000000     +/-    0.000000     %    0.000000     +/-    0.000000     % 

  Energy interval (GeV):   18.66430       11.40334    

  Flux (Part/sr/GeV/cmq/pr):

  4.9263658E-06 +/-   0.8715416     %    0.000000     +/-    0.000000     % 
   0.000000     +/-    0.000000     %    0.000000     +/-    0.000000     % 
   0.000000     +/-    0.000000     %    0.000000     +/-    0.000000     % 
   0.000000     +/-    0.000000     %    0.000000     +/-    0.000000     % 
   0.000000     +/-    0.000000     %    0.000000     +/-    0.000000     % 

  Flux (Part/deg/GeV/cmq/pr):

  1.1977924E-07 +/-   0.8715416     %    0.000000     +/-    0.000000     % 
   0.000000     +/-    0.000000     %    0.000000     +/-    0.000000     % 
   0.000000     +/-    0.000000     %    0.000000     +/-    0.000000     % 
   0.000000     +/-    0.000000     %    0.000000     +/-    0.000000     % 
   0.000000     +/-    0.000000     %    0.000000     +/-    0.000000     % 

  Energy interval (GeV):   11.40334       6.967113    

  Flux (Part/sr/GeV/cmq/pr):

  1.5710955E-05 +/-   0.3290727     %    0.000000     +/-    0.000000     % 
   0.000000     +/-    0.000000     %    0.000000     +/-    0.000000     % 
   0.000000     +/-    0.000000     %    0.000000     +/-    0.000000     % 
   0.000000     +/-    0.000000     %    0.000000     +/-    0.000000     % 
   0.000000     +/-    0.000000     %    0.000000     +/-    0.000000     % 

  Flux (Part/deg/GeV/cmq/pr):

  3.8199482E-07 +/-   0.3290727     %    0.000000     +/-    0.000000     % 
   0.000000     +/-    0.000000     %    0.000000     +/-    0.000000     % 
   0.000000     +/-    0.000000     %    0.000000     +/-    0.000000     % 
   0.000000     +/-    0.000000     %    0.000000     +/-    0.000000     % 
   0.000000     +/-    0.000000     %    0.000000     +/-    0.000000     % 

  Energy interval (GeV):   6.967113       4.256703    

  Flux (Part/sr/GeV/cmq/pr):

  3.8230050E-05 +/-   0.6354634     %   4.1942827E-10 +/-    99.00000     % 
   0.000000     +/-    0.000000     %    0.000000     +/-    0.000000     % 
   0.000000     +/-    0.000000     %    0.000000     +/-    0.000000     % 
   0.000000     +/-    0.000000     %    0.000000     +/-    0.000000     % 
   0.000000     +/-    0.000000     %    0.000000     +/-    0.000000     % 

  Flux (Part/deg/GeV/cmq/pr):

  9.2952217E-07 +/-   0.6354634     %   2.3896935E-11 +/-    99.00000     % 
   0.000000     +/-    0.000000     %    0.000000     +/-    0.000000     % 
   0.000000     +/-    0.000000     %    0.000000     +/-    0.000000     % 
   0.000000     +/-    0.000000     %    0.000000     +/-    0.000000     % 
   0.000000     +/-    0.000000     %    0.000000     +/-    0.000000     % 

  Energy interval (GeV):   4.256703       2.600722    

  Flux (Part/sr/GeV/cmq/pr):

  7.8605000E-05 +/-   0.3553931     %   9.8168726E-08 +/-    6.015612     % 
  2.0594837E-09 +/-    66.66666     %    0.000000     +/-    0.000000     % 
   0.000000     +/-    0.000000     %    0.000000     +/-    0.000000     % 
   0.000000     +/-    0.000000     %    0.000000     +/-    0.000000     % 
   0.000000     +/-    0.000000     %    0.000000     +/-    0.000000     % 

  Flux (Part/deg/GeV/cmq/pr):

  1.9111953E-06 +/-   0.3553931     %   5.5931655E-09 +/-    6.015612     % 
  1.4868404E-10 +/-    66.66666     %    0.000000     +/-    0.000000     % 
   0.000000     +/-    0.000000     %    0.000000     +/-    0.000000     % 
   0.000000     +/-    0.000000     %    0.000000     +/-    0.000000     % 
   0.000000     +/-    0.000000     %    0.000000     +/-    0.000000     % 

  Energy interval (GeV):   2.600722       1.588966    

  Flux (Part/sr/GeV/cmq/pr):

  1.4315384E-04 +/-   0.4421653     %   2.7910532E-06 +/-   0.6837869     % 
  2.5281278E-07 +/-    5.837299     %   2.8090311E-08 +/-    17.88854     % 
  3.3708372E-09 +/-    66.66666     %    0.000000     +/-    0.000000     % 
   0.000000     +/-    0.000000     %    0.000000     +/-    0.000000     % 
   0.000000     +/-    0.000000     %    0.000000     +/-    0.000000     % 

  Flux (Part/deg/GeV/cmq/pr):

  3.4806303E-06 +/-   0.4421653     %   1.5902032E-07 +/-   0.6837869     % 
  1.8251772E-08 +/-    5.837299     %   2.3355056E-09 +/-    17.88854     % 
  3.0829567E-10 +/-    66.66666     %    0.000000     +/-    0.000000     % 
   0.000000     +/-    0.000000     %    0.000000     +/-    0.000000     % 
   0.000000     +/-    0.000000     %    0.000000     +/-    0.000000     % 

  Energy interval (GeV):   1.588966      0.9708120    

  Flux (Part/sr/GeV/cmq/pr):

  2.1639669E-04 +/-   0.3614996     %   2.0796091E-05 +/-    1.003295     % 
  4.4983408E-06 +/-    1.394527     %   1.2101016E-06 +/-    2.849292     % 
  3.3103080E-07 +/-    5.121969     %   8.8274888E-08 +/-    17.92151     % 
  2.3907781E-08 +/-    31.24630     %   3.6781203E-09 +/-    99.00000     % 
   0.000000     +/-    0.000000     %    0.000000     +/-    0.000000     % 

  Flux (Part/deg/GeV/cmq/pr):

  5.2614505E-06 +/-   0.3614996     %   1.1848579E-06 +/-    1.003295     % 
  3.2475685E-07 +/-    1.394527     %   1.0061117E-07 +/-    2.849292     % 
  3.0275970E-08 +/-    5.121969     %   8.6369161E-09 +/-    17.92151     % 
  2.4542959E-09 +/-    31.24630     %   3.9033449E-10 +/-    99.00000     % 
   0.000000     +/-    0.000000     %    0.000000     +/-    0.000000     % 

  Energy interval (GeV):  0.9708120      0.5931380    

  Flux (Part/sr/GeV/cmq/pr):

  2.6672153E-04 +/-   0.3524404     %   6.9833419E-05 +/-   0.8474788     % 
  2.5588530E-05 +/-   0.5122117     %   1.0535214E-05 +/-    1.451951     % 
  4.5451925E-06 +/-    1.513792     %   1.9053687E-06 +/-    3.642067     % 
  7.8261593E-07 +/-    5.927321     %   2.3478478E-07 +/-    11.92377     % 
  9.6321955E-08 +/-    15.30931     %   1.2040244E-08 +/-    46.77072     % 

  Flux (Part/deg/GeV/cmq/pr):

  6.4850442E-06 +/-   0.3524404     %   3.9787606E-06 +/-   0.8474788     % 
  1.8473589E-06 +/-   0.5122117     %   8.7592667E-07 +/-    1.451951     % 
  4.1570181E-07 +/-    1.513792     %   1.8642348E-07 +/-    3.642067     % 
  8.0340826E-08 +/-    5.927321     %   2.4916149E-08 +/-    11.92377     % 
  1.0438615E-08 +/-    15.30931     %   1.3181538E-09 +/-    46.77072     % 

  Energy interval (GeV):  0.5931380      0.3623901    

  Flux (Part/sr/GeV/cmq/pr):

  2.6408504E-04 +/-   0.3868913     %   1.2710845E-04 +/-   0.9547984     % 
  6.6293462E-05 +/-   0.4644621     %   3.6945206E-05 +/-   0.9997785     % 
  2.0470372E-05 +/-    2.222490     %   1.0902752E-05 +/-    2.026650     % 
  6.5081499E-06 +/-    3.430398     %   3.1530778E-06 +/-    4.635125     % 
  1.1577708E-06 +/-    4.661469     %   2.6111425E-07 +/-    9.712859     % 

  Flux (Part/deg/GeV/cmq/pr):

  6.4209416E-06 +/-   0.3868913     %   7.2420071E-06 +/-   0.9547984     % 
  4.7860435E-06 +/-   0.4644621     %   3.0717260E-06 +/-   0.9997785     % 
  1.8722136E-06 +/-    2.222490     %   1.0667378E-06 +/-    2.026650     % 
  6.6810571E-07 +/-    3.430398     %   3.3461521E-07 +/-    4.635125     % 
  1.2547008E-07 +/-    4.661469     %   2.8586523E-08 +/-    9.712859     % 

  Energy interval (GeV):  0.3623901      0.2214098    

  Flux (Part/sr/GeV/cmq/pr):

  2.1267190E-04 +/-   0.3265184     %   1.4199362E-04 +/-   0.9663102     % 
  9.7465891E-05 +/-    1.037851     %   6.3558051E-05 +/-   0.7256668     % 
  4.1786072E-05 +/-    1.234742     %   2.5497406E-05 +/-    1.070841     % 
  1.5700016E-05 +/-    2.463994     %   8.2894785E-06 +/-    2.900400     % 
  4.2737583E-06 +/-    5.378186     %   9.5151609E-07 +/-    5.459364     % 

  Flux (Part/deg/GeV/cmq/pr):

  5.1708867E-06 +/-   0.3265184     %   8.0900891E-06 +/-   0.9663102     % 
  7.0365313E-06 +/-    1.037851     %   5.2843911E-06 +/-   0.7256668     % 
  3.8217404E-06 +/-    1.234742     %   2.4946955E-06 +/-    1.070841     % 
  1.6117131E-06 +/-    2.463994     %   8.7970739E-07 +/-    2.900400     % 
  4.6315628E-07 +/-    5.378186     %   1.0417101E-07 +/-    5.459364     % 

  Energy interval (GeV):  0.2214098      0.1352750    

  Flux (Part/sr/GeV/cmq/pr):

  1.4541738E-04 +/-    1.218830     %   1.1969414E-04 +/-   0.9640211     % 
  9.3060255E-05 +/-   0.9071184     %   7.4912779E-05 +/-    2.698984     % 
  5.3083015E-05 +/-    1.622125     %   3.6822879E-05 +/-    2.207287     % 
  2.5102907E-05 +/-    1.900397     %   1.4082440E-05 +/-    3.646688     % 
  7.0082251E-06 +/-    3.294323     %   2.0457155E-06 +/-    15.02686     % 

  Flux (Part/deg/GeV/cmq/pr):

  3.5356657E-06 +/-    1.218830     %   6.8195768E-06 +/-   0.9640211     % 
  6.7184674E-06 +/-   0.9071184     %   6.2284544E-06 +/-    2.698984     % 
  4.8549555E-06 +/-    1.622125     %   3.6027927E-06 +/-    2.207287     % 
  2.5769837E-06 +/-    1.900397     %   1.4944760E-06 +/-    3.646688     % 
  7.5949623E-07 +/-    3.294323     %   2.2396284E-07 +/-    15.02686     % 

  Energy interval (GeV):  0.1352750      8.2649104E-02

  Flux (Part/sr/GeV/cmq/pr):

  1.0332212E-04 +/-   0.4705323     %   9.2261922E-05 +/-    1.325721     % 
  8.2368228E-05 +/-   0.8604796     %   7.1178423E-05 +/-    1.194842     % 
  5.5841036E-05 +/-   0.4010913     %   4.1367730E-05 +/-    2.640822     % 
  3.2510932E-05 +/-    1.034710     %   1.9787385E-05 +/-    2.614396     % 
  1.0584955E-05 +/-    2.457467     %   2.6354378E-06 +/-    3.329524     % 

  Flux (Part/deg/GeV/cmq/pr):

  2.5121653E-06 +/-   0.4705323     %   5.2566252E-06 +/-    1.325721     % 
  5.9465583E-06 +/-   0.8604796     %   5.9179697E-06 +/-    1.194842     % 
  5.1072029E-06 +/-   0.4010913     %   4.0474665E-06 +/-    2.640822     % 
  3.3374677E-06 +/-    1.034710     %   2.0999039E-06 +/-    2.614396     % 
  1.1471141E-06 +/-    2.457467     %   2.8852503E-07 +/-    3.329524     % 

  Energy interval (GeV):  8.2649104E-02  5.0496202E-02

  Flux (Part/sr/GeV/cmq/pr):

  8.1355880E-05 +/-    1.156786     %   7.9870893E-05 +/-    1.973998     % 
  7.1703485E-05 +/-    2.502920     %   6.4419997E-05 +/-    2.203265     % 
  5.8126494E-05 +/-    1.808013     %   4.3241304E-05 +/-    2.692081     % 
  3.3836408E-05 +/-    2.351678     %   2.3512237E-05 +/-    4.006892     % 
  1.2198078E-05 +/-    4.978424     %   4.4195936E-06 +/-    7.266362     % 

  Flux (Part/deg/GeV/cmq/pr):

  1.9780800E-06 +/-    1.156786     %   4.5506463E-06 +/-    1.973998     % 
  5.1766192E-06 +/-    2.502920     %   5.3560557E-06 +/-    2.203265     % 
  5.3162303E-06 +/-    1.808013     %   4.2307788E-06 +/-    2.692081     % 
  3.4735367E-06 +/-    2.351678     %   2.4951978E-06 +/-    4.006892     % 
  1.3219317E-06 +/-    4.978424     %   4.8385260E-07 +/-    7.266362     % 

  Energy interval (GeV):  5.0496202E-02  3.0851712E-02

  Flux (Part/sr/GeV/cmq/pr):

  6.4061831E-05 +/-    4.307721     %   5.8737813E-05 +/-    3.165767     % 
  5.6943849E-05 +/-    1.869753     %   5.1099003E-05 +/-    4.853273     % 
  4.3865282E-05 +/-    2.626954     %   3.5532037E-05 +/-    1.809945     % 
  2.8471924E-05 +/-    4.964096     %   2.1122465E-05 +/-    3.946536     % 
  1.0185079E-05 +/-    6.626082     %   4.0508835E-06 +/-    11.73691     % 

  Flux (Part/deg/GeV/cmq/pr):

  1.5575939E-06 +/-    4.307721     %   3.3465883E-06 +/-    3.165767     % 
  4.1110502E-06 +/-    1.869753     %   4.2485117E-06 +/-    4.853273     % 
  4.0119044E-06 +/-    2.626954     %   3.4764953E-06 +/-    1.809945     % 
  2.9228361E-06 +/-    4.964096     %   2.2415870E-06 +/-    3.946536     % 
  1.1037786E-06 +/-    6.626082     %   4.4348661E-07 +/-    11.73691     % 

  Energy interval (GeV):  3.0851712E-02  1.8849501E-02

  Flux (Part/sr/GeV/cmq/pr):

  4.3191270E-05 +/-    5.573800     %   4.2244093E-05 +/-    4.063804     % 
  3.7981798E-05 +/-    4.899472     %   3.8455386E-05 +/-    3.513631     % 
  3.1351556E-05 +/-    8.388788     %   2.8225873E-05 +/-    10.76444     % 
  2.1879789E-05 +/-    6.507920     %   1.5154832E-05 +/-    6.917483     % 
  8.8087463E-06 +/-    4.023287     %   3.5992725E-06 +/-    12.89205     % 

  Flux (Part/deg/GeV/cmq/pr):

  1.0501489E-06 +/-    5.573800     %   2.4068581E-06 +/-    4.063804     % 
  2.7420886E-06 +/-    4.899472     %   3.1972866E-06 +/-    3.513631     % 
  2.8674033E-06 +/-    8.388788     %   2.7616520E-06 +/-    10.76444     % 
  2.2461086E-06 +/-    6.507920     %   1.6082817E-06 +/-    6.917483     % 
  9.5462246E-07 +/-    4.023287     %   3.9404469E-07 +/-    12.89205     % 

  Energy interval (GeV):  1.8849501E-02  1.1516498E-02

  Flux (Part/sr/GeV/cmq/pr):

  3.2400880E-05 +/-    6.302363     %   3.1315682E-05 +/-    2.990854     % 
  2.4959530E-05 +/-    5.675672     %   2.6199754E-05 +/-    10.13718     % 
  2.0618741E-05 +/-    7.939366     %   2.0463713E-05 +/-    5.436629     % 
  1.3952532E-05 +/-    4.648111     %   1.0851969E-05 +/-    10.83268     % 
  7.1312943E-06 +/-    13.91984     %   3.2555909E-06 +/-    23.08419     % 

  Flux (Part/deg/GeV/cmq/pr):

  7.8779226E-07 +/-    6.302363     %   1.7842118E-06 +/-    2.990854     % 
  1.8019484E-06 +/-    5.675672     %   2.1783196E-06 +/-    10.13718     % 
  1.8857835E-06 +/-    7.939366     %   2.0021932E-06 +/-    5.436629     % 
  1.4323221E-06 +/-    4.648111     %   1.1516474E-06 +/-    10.83268     % 
  7.7283346E-07 +/-    13.91984     %   3.5641878E-07 +/-    23.08419     % 

  Energy interval (GeV):  1.1516498E-02  7.0362468E-03

  Flux (Part/sr/GeV/cmq/pr):

  1.5731915E-05 +/-    16.64497     %   1.2687029E-05 +/-    4.472136     % 
  1.1925807E-05 +/-    32.37260     %   1.2179547E-05 +/-    14.58333     % 
  1.0149623E-05 +/-    10.45825     %   9.3884009E-06 +/-    19.39554     % 
  6.3435145E-06 +/-    8.944271     %   8.6271793E-06 +/-    14.25788     % 
  2.7911465E-06 +/-    17.00753     %   1.7761840E-06 +/-    36.42157     % 

  Flux (Part/deg/GeV/cmq/pr):

  3.8250448E-07 +/-    16.64497     %   7.2284377E-07 +/-    4.472136     % 
  8.6098134E-07 +/-    32.37260     %   1.0126411E-06 +/-    14.58333     % 
  9.2828122E-07 +/-    10.45825     %   9.1857203E-07 +/-    19.39554     % 
  6.5120480E-07 +/-    8.944271     %   9.1554534E-07 +/-    14.25788     % 
  3.0248248E-07 +/-    17.00753     %   1.9445483E-07 +/-    36.42157     % 

  Energy interval (GeV):  7.0362468E-03  4.2989431E-03

  Flux (Part/sr/GeV/cmq/pr):

  6.2296058E-06 +/-    18.25742     %   1.0382677E-05 +/-    12.64911     % 
  1.2874520E-05 +/-    31.60632     %   1.0797984E-05 +/-    23.07692     % 
  9.1367556E-06 +/-    26.50433     %   4.5683778E-06 +/-    26.50433     % 
  6.2296058E-06 +/-    23.57023     %   4.9836849E-06 +/-    21.24591     % 
  4.1530707E-06 +/-    31.62278     %   4.1530706E-07 +/-    99.00000     % 

  Flux (Part/deg/GeV/cmq/pr):

  1.5146611E-07 +/-    18.25742     %   5.9155326E-07 +/-    12.64911     % 
  9.2947346E-07 +/-    31.60632     %   8.9777404E-07 +/-    23.07692     % 
  8.3564470E-07 +/-    26.50433     %   4.4697535E-07 +/-    26.50433     % 
  6.3951131E-07 +/-    23.57023     %   5.2888538E-07 +/-    21.24591     % 
  4.5007710E-07 +/-    31.62278     %   4.5467395E-08 +/-    99.00000     % 

  Energy interval (GeV):  4.2989431E-03  2.6265297E-03

  Flux (Part/sr/GeV/cmq/pr):

  1.3594984E-05 +/-    19.36492     %   1.0875988E-05 +/-    31.86887     % 
  7.4772415E-06 +/-    39.10148     %   1.2235486E-05 +/-    14.16394     % 
  1.2235487E-05 +/-    31.18048     %   8.8367397E-06 +/-    46.47326     % 
  9.5164896E-06 +/-    20.82483     %   3.3987462E-06 +/-    54.77225     % 
  2.0392476E-06 +/-    66.66666     %   6.7974923E-07 +/-    99.00000     % 

  Flux (Part/deg/GeV/cmq/pr):

  3.3054729E-07 +/-    19.36492     %   6.1965966E-07 +/-    31.86887     % 
  5.3981802E-07 +/-    39.10148     %   1.0172920E-06 +/-    14.16394     % 
  1.1190536E-06 +/-    31.18048     %   8.6459681E-07 +/-    46.47326     % 
  9.7693214E-07 +/-    20.82483     %   3.6068639E-07 +/-    54.77225     % 
  2.2099761E-07 +/-    66.66666     %   7.4418260E-08 +/-    99.00000     % 

  Energy interval (GeV):  2.6265297E-03  1.6047333E-03

  Flux (Part/sr/GeV/cmq/pr):

  1.1125720E-05 +/-    22.36068     %   8.9005762E-06 +/-    25.00000     % 
  7.7880040E-06 +/-    42.85714     %   1.0013147E-05 +/-    32.39418     % 
  6.6754319E-06 +/-    31.18048     %   1.1125719E-06 +/-    99.00000     % 
  7.7880040E-06 +/-    28.57143     %   5.5628598E-06 +/-    54.77226     % 
   0.000000     +/-    0.000000     %    0.000000     +/-    0.000000     % 

  Flux (Part/deg/GeV/cmq/pr):

  2.7050982E-07 +/-    22.36068     %   5.0711054E-07 +/-    25.00000     % 
  5.6225343E-07 +/-    42.85714     %   8.3252064E-07 +/-    32.39418     % 
  6.1053282E-07 +/-    31.18048     %   1.0885532E-07 +/-    99.00000     % 
  7.9949137E-07 +/-    28.57143     %   5.9034937E-07 +/-    54.77226     % 
   0.000000     +/-    0.000000     %    0.000000     +/-    0.000000     % 

  Energy interval (GeV):  1.6047333E-03  9.8044542E-04

  Flux (Part/sr/GeV/cmq/pr):

  7.2839589E-06 +/-    46.77072     %   1.0925939E-05 +/-    40.82483     % 
  1.2746928E-05 +/-    36.42157     %   9.1049487E-06 +/-    31.62278     % 
  1.0925939E-05 +/-    40.82483     %   5.4629691E-06 +/-    66.66666     % 
  3.6419794E-06 +/-    61.23724     %   1.8209897E-06 +/-    99.00000     % 
   0.000000     +/-    0.000000     %   1.8209897E-06 +/-    99.00000     % 

  Flux (Part/deg/GeV/cmq/pr):

  1.7710155E-07 +/-    46.77072     %   6.2250564E-07 +/-    40.82483     % 
  9.2026204E-07 +/-    36.42157     %   7.5701047E-07 +/-    31.62278     % 
  9.9928275E-07 +/-    40.82483     %   5.3450322E-07 +/-    66.66666     % 
  3.7387389E-07 +/-    61.23724     %   1.9324955E-07 +/-    99.00000     % 
   0.000000     +/-    0.000000     %   1.9936010E-07 +/-    99.00000     % 

  Energy interval (GeV):  9.8044542E-04  5.9902371E-04

  Flux (Part/sr/GeV/cmq/pr):

  5.9609697E-06 +/-    61.23724     %   1.7882910E-05 +/-    48.59127     % 
  1.1921939E-05 +/-    25.00000     %   2.0863394E-05 +/-    42.85714     % 
  2.9804849E-06 +/-    99.00000     %   2.9804849E-06 +/-    99.00000     % 
  1.7882909E-05 +/-    61.23724     %   2.9804849E-06 +/-    99.00000     % 
   0.000000     +/-    0.000000     %    0.000000     +/-    0.000000     % 

  Flux (Part/deg/GeV/cmq/pr):

  1.4493452E-07 +/-    61.23724     %   1.0188792E-06 +/-    48.59127     % 
  8.6070213E-07 +/-    25.00000     %   1.7346400E-06 +/-    42.85714     % 
  2.7259418E-07 +/-    99.00000     %   2.9161407E-07 +/-    99.00000     % 
  1.8358019E-06 +/-    61.23724     %   3.1629907E-07 +/-    99.00000     % 
   0.000000     +/-    0.000000     %    0.000000     +/-    0.000000     % 

  Energy interval (GeV):  5.9902371E-04  3.6598611E-04

  Flux (Part/sr/GeV/cmq/pr):

  4.8782758E-06 +/-    99.00000     %   1.4634827E-05 +/-    40.82483     % 
  9.7565517E-06 +/-    61.23724     %    0.000000     +/-    0.000000     % 
  2.9269653E-05 +/-    48.59127     %   9.7565517E-06 +/-    99.00000     % 
  9.7565517E-06 +/-    61.23724     %   4.8782758E-06 +/-    99.00000     % 
   0.000000     +/-    0.000000     %    0.000000     +/-    0.000000     % 

  Flux (Part/deg/GeV/cmq/pr):

  1.1860998E-07 +/-    99.00000     %   8.3381963E-07 +/-    40.82483     % 
  7.0437233E-07 +/-    61.23724     %    0.000000     +/-    0.000000     % 
  2.6769931E-06 +/-    48.59127     %   9.5459222E-07 +/-    99.00000     % 
  1.0015762E-06 +/-    61.23724     %   5.1769899E-07 +/-    99.00000     % 
   0.000000     +/-    0.000000     %    0.000000     +/-    0.000000     % 

  Energy interval (GeV):  3.6598611E-04  2.2360691E-04

  Flux (Part/sr/GeV/cmq/pr):

  7.9844631E-06 +/-    99.00000     %   7.9844631E-06 +/-    99.00000     % 
  7.9844631E-06 +/-    99.00000     %    0.000000     +/-    0.000000     % 
  7.9844631E-06 +/-    99.00000     %   2.3953391E-05 +/-    66.66666     % 
   0.000000     +/-    0.000000     %    0.000000     +/-    0.000000     % 
  1.5968926E-05 +/-    61.23724     %    0.000000     +/-    0.000000     % 

  Flux (Part/deg/GeV/cmq/pr):

  1.9413356E-07 +/-    99.00000     %   4.5491498E-07 +/-    99.00000     % 
  5.7643683E-07 +/-    99.00000     %    0.000000     +/-    0.000000     % 
  7.3025643E-07 +/-    99.00000     %   2.3436273E-06 +/-    66.66666     % 
   0.000000     +/-    0.000000     %    0.000000     +/-    0.000000     % 
  1.7305865E-06 +/-    61.23724     %    0.000000     +/-    0.000000     % 

  Energy interval (GeV):  2.2360691E-04  1.3661734E-04

  Flux (Part/sr/GeV/cmq/pr):

   0.000000     +/-    0.000000     %   1.3068481E-05 +/-    99.00000     % 
   0.000000     +/-    0.000000     %    0.000000     +/-    0.000000     % 
   0.000000     +/-    0.000000     %   1.3068481E-05 +/-    99.00000     % 
   0.000000     +/-    0.000000     %   1.3068481E-05 +/-    99.00000     % 
   0.000000     +/-    0.000000     %    0.000000     +/-    0.000000     % 

  Flux (Part/deg/GeV/cmq/pr):

   0.000000     +/-    0.000000     %   7.4457705E-07 +/-    99.00000     % 
   0.000000     +/-    0.000000     %    0.000000     +/-    0.000000     % 
   0.000000     +/-    0.000000     %   1.2786353E-06 +/-    99.00000     % 
   0.000000     +/-    0.000000     %   1.3868712E-06 +/-    99.00000     % 
   0.000000     +/-    0.000000     %    0.000000     +/-    0.000000     % 

  Energy interval (GeV):  1.3661734E-04  8.3469226E-05

  Flux (Part/sr/GeV/cmq/pr):

   0.000000     +/-    0.000000     %    0.000000     +/-    0.000000     % 
  2.1389691E-05 +/-    99.00000     %    0.000000     +/-    0.000000     % 
   0.000000     +/-    0.000000     %    0.000000     +/-    0.000000     % 
   0.000000     +/-    0.000000     %    0.000000     +/-    0.000000     % 
   0.000000     +/-    0.000000     %    0.000000     +/-    0.000000     % 

  Flux (Part/deg/GeV/cmq/pr):

   0.000000     +/-    0.000000     %    0.000000     +/-    0.000000     % 
  1.5442247E-06 +/-    99.00000     %    0.000000     +/-    0.000000     % 
   0.000000     +/-    0.000000     %    0.000000     +/-    0.000000     % 
   0.000000     +/-    0.000000     %    0.000000     +/-    0.000000     % 
   0.000000     +/-    0.000000     %    0.000000     +/-    0.000000     % 

  Energy interval (GeV):  8.3469226E-05  5.0997282E-05

  Flux (Part/sr/GeV/cmq/pr):

   0.000000     +/-    0.000000     %   3.5009340E-05 +/-    99.00000     % 
  3.5009340E-05 +/-    99.00000     %    0.000000     +/-    0.000000     % 
  3.5009340E-05 +/-    99.00000     %    0.000000     +/-    0.000000     % 
   0.000000     +/-    0.000000     %   3.5009340E-05 +/-    99.00000     % 
   0.000000     +/-    0.000000     %    0.000000     +/-    0.000000     % 

  Flux (Part/deg/GeV/cmq/pr):

   0.000000     +/-    0.000000     %   1.9946581E-06 +/-    99.00000     % 
  2.5274926E-06 +/-    99.00000     %    0.000000     +/-    0.000000     % 
  3.2019429E-06 +/-    99.00000     %    0.000000     +/-    0.000000     % 
   0.000000     +/-    0.000000     %   3.7153090E-06 +/-    99.00000     % 
   0.000000     +/-    0.000000     %    0.000000     +/-    0.000000     % 

  Energy interval (GeV):  5.0997282E-05  3.1157859E-05

  Flux (Part/sr/GeV/cmq/pr):

   0.000000     +/-    0.000000     %    0.000000     +/-    0.000000     % 
   0.000000     +/-    0.000000     %    0.000000     +/-    0.000000     % 
   0.000000     +/-    0.000000     %    0.000000     +/-    0.000000     % 
   0.000000     +/-    0.000000     %    0.000000     +/-    0.000000     % 
   0.000000     +/-    0.000000     %    0.000000     +/-    0.000000     % 

  Flux (Part/deg/GeV/cmq/pr):

   0.000000     +/-    0.000000     %    0.000000     +/-    0.000000     % 
   0.000000     +/-    0.000000     %    0.000000     +/-    0.000000     % 
   0.000000     +/-    0.000000     %    0.000000     +/-    0.000000     % 
   0.000000     +/-    0.000000     %    0.000000     +/-    0.000000     % 
   0.000000     +/-    0.000000     %    0.000000     +/-    0.000000     % 

  Energy interval (GeV):  3.1157859E-05  1.9036546E-05

  Flux (Part/sr/GeV/cmq/pr):

  9.3787021E-05 +/-    99.00000     %    0.000000     +/-    0.000000     % 
   0.000000     +/-    0.000000     %    0.000000     +/-    0.000000     % 
   0.000000     +/-    0.000000     %    0.000000     +/-    0.000000     % 
   0.000000     +/-    0.000000     %   9.3787021E-05 +/-    99.00000     % 
   0.000000     +/-    0.000000     %    0.000000     +/-    0.000000     % 

  Flux (Part/deg/GeV/cmq/pr):

  2.2803297E-06 +/-    99.00000     %    0.000000     +/-    0.000000     % 
   0.000000     +/-    0.000000     %    0.000000     +/-    0.000000     % 
   0.000000     +/-    0.000000     %    0.000000     +/-    0.000000     % 
   0.000000     +/-    0.000000     %   9.9529934E-06 +/-    99.00000     % 
   0.000000     +/-    0.000000     %    0.000000     +/-    0.000000     % 

  Energy interval (GeV):  1.9036546E-05  1.1630777E-05

  Flux (Part/sr/GeV/cmq/pr):

   0.000000     +/-    0.000000     %    0.000000     +/-    0.000000     % 
   0.000000     +/-    0.000000     %    0.000000     +/-    0.000000     % 
   0.000000     +/-    0.000000     %    0.000000     +/-    0.000000     % 
   0.000000     +/-    0.000000     %    0.000000     +/-    0.000000     % 
   0.000000     +/-    0.000000     %    0.000000     +/-    0.000000     % 

  Flux (Part/deg/GeV/cmq/pr):

   0.000000     +/-    0.000000     %    0.000000     +/-    0.000000     % 
   0.000000     +/-    0.000000     %    0.000000     +/-    0.000000     % 
   0.000000     +/-    0.000000     %    0.000000     +/-    0.000000     % 
   0.000000     +/-    0.000000     %    0.000000     +/-    0.000000     % 
   0.000000     +/-    0.000000     %    0.000000     +/-    0.000000     % 

  Energy interval (GeV):  1.1630777E-05  7.1060676E-06

  Flux (Part/sr/GeV/cmq/pr):

   0.000000     +/-    0.000000     %    0.000000     +/-    0.000000     % 
   0.000000     +/-    0.000000     %    0.000000     +/-    0.000000     % 
   0.000000     +/-    0.000000     %    0.000000     +/-    0.000000     % 
   0.000000     +/-    0.000000     %    0.000000     +/-    0.000000     % 
   0.000000     +/-    0.000000     %    0.000000     +/-    0.000000     % 

  Flux (Part/deg/GeV/cmq/pr):

   0.000000     +/-    0.000000     %    0.000000     +/-    0.000000     % 
   0.000000     +/-    0.000000     %    0.000000     +/-    0.000000     % 
   0.000000     +/-    0.000000     %    0.000000     +/-    0.000000     % 
   0.000000     +/-    0.000000     %    0.000000     +/-    0.000000     % 
   0.000000     +/-    0.000000     %    0.000000     +/-    0.000000     % 

  Energy interval (GeV):  7.1060676E-06  4.3416017E-06

  Flux (Part/sr/GeV/cmq/pr):

   0.000000     +/-    0.000000     %    0.000000     +/-    0.000000     % 
   0.000000     +/-    0.000000     %    0.000000     +/-    0.000000     % 
   0.000000     +/-    0.000000     %    0.000000     +/-    0.000000     % 
   0.000000     +/-    0.000000     %    0.000000     +/-    0.000000     % 
   0.000000     +/-    0.000000     %    0.000000     +/-    0.000000     % 

  Flux (Part/deg/GeV/cmq/pr):

   0.000000     +/-    0.000000     %    0.000000     +/-    0.000000     % 
   0.000000     +/-    0.000000     %    0.000000     +/-    0.000000     % 
   0.000000     +/-    0.000000     %    0.000000     +/-    0.000000     % 
   0.000000     +/-    0.000000     %    0.000000     +/-    0.000000     % 
   0.000000     +/-    0.000000     %    0.000000     +/-    0.000000     % 

  Energy interval (GeV):  4.3416017E-06  2.6525925E-06

  Flux (Part/sr/GeV/cmq/pr):

  6.7307014E-04 +/-    99.00000     %    0.000000     +/-    0.000000     % 
   0.000000     +/-    0.000000     %    0.000000     +/-    0.000000     % 
   0.000000     +/-    0.000000     %    0.000000     +/-    0.000000     % 
   0.000000     +/-    0.000000     %    0.000000     +/-    0.000000     % 
   0.000000     +/-    0.000000     %    0.000000     +/-    0.000000     % 

  Flux (Part/deg/GeV/cmq/pr):

  1.6364969E-05 +/-    99.00000     %    0.000000     +/-    0.000000     % 
   0.000000     +/-    0.000000     %    0.000000     +/-    0.000000     % 
   0.000000     +/-    0.000000     %    0.000000     +/-    0.000000     % 
   0.000000     +/-    0.000000     %    0.000000     +/-    0.000000     % 
   0.000000     +/-    0.000000     %    0.000000     +/-    0.000000     % 

  Energy interval (GeV):  2.6525925E-06  1.6206570E-06

  Flux (Part/sr/GeV/cmq/pr):

   0.000000     +/-    0.000000     %    0.000000     +/-    0.000000     % 
   0.000000     +/-    0.000000     %    0.000000     +/-    0.000000     % 
   0.000000     +/-    0.000000     %    0.000000     +/-    0.000000     % 
   0.000000     +/-    0.000000     %    0.000000     +/-    0.000000     % 
   0.000000     +/-    0.000000     %    0.000000     +/-    0.000000     % 

  Flux (Part/deg/GeV/cmq/pr):

   0.000000     +/-    0.000000     %    0.000000     +/-    0.000000     % 
   0.000000     +/-    0.000000     %    0.000000     +/-    0.000000     % 
   0.000000     +/-    0.000000     %    0.000000     +/-    0.000000     % 
   0.000000     +/-    0.000000     %    0.000000     +/-    0.000000     % 
   0.000000     +/-    0.000000     %    0.000000     +/-    0.000000     % 

  Energy interval (GeV):  1.6206570E-06  9.9017450E-07

  Flux (Part/sr/GeV/cmq/pr):

   0.000000     +/-    0.000000     %    0.000000     +/-    0.000000     % 
   0.000000     +/-    0.000000     %    0.000000     +/-    0.000000     % 
   0.000000     +/-    0.000000     %    0.000000     +/-    0.000000     % 
   0.000000     +/-    0.000000     %    0.000000     +/-    0.000000     % 
   0.000000     +/-    0.000000     %    0.000000     +/-    0.000000     % 

  Flux (Part/deg/GeV/cmq/pr):

   0.000000     +/-    0.000000     %    0.000000     +/-    0.000000     % 
   0.000000     +/-    0.000000     %    0.000000     +/-    0.000000     % 
   0.000000     +/-    0.000000     %    0.000000     +/-    0.000000     % 
   0.000000     +/-    0.000000     %    0.000000     +/-    0.000000     % 
   0.000000     +/-    0.000000     %    0.000000     +/-    0.000000     % 

  Energy interval (GeV):  9.9017450E-07  6.0496785E-07

  Flux (Part/sr/GeV/cmq/pr):

   0.000000     +/-    0.000000     %    0.000000     +/-    0.000000     % 
   0.000000     +/-    0.000000     %    0.000000     +/-    0.000000     % 
   0.000000     +/-    0.000000     %    0.000000     +/-    0.000000     % 
   0.000000     +/-    0.000000     %    0.000000     +/-    0.000000     % 
   0.000000     +/-    0.000000     %    0.000000     +/-    0.000000     % 

  Flux (Part/deg/GeV/cmq/pr):

   0.000000     +/-    0.000000     %    0.000000     +/-    0.000000     % 
   0.000000     +/-    0.000000     %    0.000000     +/-    0.000000     % 
   0.000000     +/-    0.000000     %    0.000000     +/-    0.000000     % 
   0.000000     +/-    0.000000     %    0.000000     +/-    0.000000     % 
   0.000000     +/-    0.000000     %    0.000000     +/-    0.000000     % 

  Energy interval (GeV):  6.0496785E-07  3.6961782E-07

  Flux (Part/sr/GeV/cmq/pr):

   0.000000     +/-    0.000000     %    0.000000     +/-    0.000000     % 
   0.000000     +/-    0.000000     %    0.000000     +/-    0.000000     % 
   0.000000     +/-    0.000000     %    0.000000     +/-    0.000000     % 
   0.000000     +/-    0.000000     %    0.000000     +/-    0.000000     % 
   0.000000     +/-    0.000000     %    0.000000     +/-    0.000000     % 

  Flux (Part/deg/GeV/cmq/pr):

   0.000000     +/-    0.000000     %    0.000000     +/-    0.000000     % 
   0.000000     +/-    0.000000     %    0.000000     +/-    0.000000     % 
   0.000000     +/-    0.000000     %    0.000000     +/-    0.000000     % 
   0.000000     +/-    0.000000     %    0.000000     +/-    0.000000     % 
   0.000000     +/-    0.000000     %    0.000000     +/-    0.000000     % 

  Energy interval (GeV):  3.6961782E-07  2.2582576E-07

  Flux (Part/sr/GeV/cmq/pr):

   0.000000     +/-    0.000000     %    0.000000     +/-    0.000000     % 
   0.000000     +/-    0.000000     %    0.000000     +/-    0.000000     % 
   0.000000     +/-    0.000000     %    0.000000     +/-    0.000000     % 
   0.000000     +/-    0.000000     %    0.000000     +/-    0.000000     % 
   0.000000     +/-    0.000000     %    0.000000     +/-    0.000000     % 

  Flux (Part/deg/GeV/cmq/pr):

   0.000000     +/-    0.000000     %    0.000000     +/-    0.000000     % 
   0.000000     +/-    0.000000     %    0.000000     +/-    0.000000     % 
   0.000000     +/-    0.000000     %    0.000000     +/-    0.000000     % 
   0.000000     +/-    0.000000     %    0.000000     +/-    0.000000     % 
   0.000000     +/-    0.000000     %    0.000000     +/-    0.000000     % 

  Energy interval (GeV):  2.2582576E-07  1.3797299E-07

  Flux (Part/sr/GeV/cmq/pr):

   0.000000     +/-    0.000000     %    0.000000     +/-    0.000000     % 
   0.000000     +/-    0.000000     %    0.000000     +/-    0.000000     % 
   0.000000     +/-    0.000000     %    0.000000     +/-    0.000000     % 
   0.000000     +/-    0.000000     %    0.000000     +/-    0.000000     % 
   0.000000     +/-    0.000000     %    0.000000     +/-    0.000000     % 

  Flux (Part/deg/GeV/cmq/pr):

   0.000000     +/-    0.000000     %    0.000000     +/-    0.000000     % 
   0.000000     +/-    0.000000     %    0.000000     +/-    0.000000     % 
   0.000000     +/-    0.000000     %    0.000000     +/-    0.000000     % 
   0.000000     +/-    0.000000     %    0.000000     +/-    0.000000     % 
   0.000000     +/-    0.000000     %    0.000000     +/-    0.000000     % 

  Energy interval (GeV):  1.3797299E-07  8.4297497E-08

  Flux (Part/sr/GeV/cmq/pr):

   0.000000     +/-    0.000000     %    0.000000     +/-    0.000000     % 
   0.000000     +/-    0.000000     %    0.000000     +/-    0.000000     % 
   0.000000     +/-    0.000000     %    0.000000     +/-    0.000000     % 
   0.000000     +/-    0.000000     %    0.000000     +/-    0.000000     % 
   0.000000     +/-    0.000000     %    0.000000     +/-    0.000000     % 

  Flux (Part/deg/GeV/cmq/pr):

   0.000000     +/-    0.000000     %    0.000000     +/-    0.000000     % 
   0.000000     +/-    0.000000     %    0.000000     +/-    0.000000     % 
   0.000000     +/-    0.000000     %    0.000000     +/-    0.000000     % 
   0.000000     +/-    0.000000     %    0.000000     +/-    0.000000     % 
   0.000000     +/-    0.000000     %    0.000000     +/-    0.000000     % 

  Energy interval (GeV):  8.4297497E-08  5.1503324E-08

  Flux (Part/sr/GeV/cmq/pr):

   0.000000     +/-    0.000000     %    0.000000     +/-    0.000000     % 
   0.000000     +/-    0.000000     %    0.000000     +/-    0.000000     % 
   0.000000     +/-    0.000000     %    0.000000     +/-    0.000000     % 
   0.000000     +/-    0.000000     %    0.000000     +/-    0.000000     % 
   0.000000     +/-    0.000000     %    0.000000     +/-    0.000000     % 

  Flux (Part/deg/GeV/cmq/pr):

   0.000000     +/-    0.000000     %    0.000000     +/-    0.000000     % 
   0.000000     +/-    0.000000     %    0.000000     +/-    0.000000     % 
   0.000000     +/-    0.000000     %    0.000000     +/-    0.000000     % 
   0.000000     +/-    0.000000     %    0.000000     +/-    0.000000     % 
   0.000000     +/-    0.000000     %    0.000000     +/-    0.000000     % 

  Energy interval (GeV):  5.1503324E-08  3.1467035E-08

  Flux (Part/sr/GeV/cmq/pr):

   0.000000     +/-    0.000000     %    0.000000     +/-    0.000000     % 
   0.000000     +/-    0.000000     %    0.000000     +/-    0.000000     % 
   0.000000     +/-    0.000000     %    0.000000     +/-    0.000000     % 
   0.000000     +/-    0.000000     %    0.000000     +/-    0.000000     % 
   0.000000     +/-    0.000000     %    0.000000     +/-    0.000000     % 

  Flux (Part/deg/GeV/cmq/pr):

   0.000000     +/-    0.000000     %    0.000000     +/-    0.000000     % 
   0.000000     +/-    0.000000     %    0.000000     +/-    0.000000     % 
   0.000000     +/-    0.000000     %    0.000000     +/-    0.000000     % 
   0.000000     +/-    0.000000     %    0.000000     +/-    0.000000     % 
   0.000000     +/-    0.000000     %    0.000000     +/-    0.000000     % 

  Energy interval (GeV):  3.1467035E-08  1.9225448E-08

  Flux (Part/sr/GeV/cmq/pr):

   0.000000     +/-    0.000000     %    0.000000     +/-    0.000000     % 
   0.000000     +/-    0.000000     %    0.000000     +/-    0.000000     % 
   0.000000     +/-    0.000000     %    0.000000     +/-    0.000000     % 
   0.000000     +/-    0.000000     %    0.000000     +/-    0.000000     % 
   0.000000     +/-    0.000000     %    0.000000     +/-    0.000000     % 

  Flux (Part/deg/GeV/cmq/pr):

   0.000000     +/-    0.000000     %    0.000000     +/-    0.000000     % 
   0.000000     +/-    0.000000     %    0.000000     +/-    0.000000     % 
   0.000000     +/-    0.000000     %    0.000000     +/-    0.000000     % 
   0.000000     +/-    0.000000     %    0.000000     +/-    0.000000     % 
   0.000000     +/-    0.000000     %    0.000000     +/-    0.000000     % 

  Energy interval (GeV):  1.9225448E-08  1.1746191E-08

  Flux (Part/sr/GeV/cmq/pr):

   0.000000     +/-    0.000000     %    0.000000     +/-    0.000000     % 
   0.000000     +/-    0.000000     %    0.000000     +/-    0.000000     % 
   0.000000     +/-    0.000000     %    0.000000     +/-    0.000000     % 
   0.000000     +/-    0.000000     %    0.000000     +/-    0.000000     % 
   0.000000     +/-    0.000000     %    0.000000     +/-    0.000000     % 

  Flux (Part/deg/GeV/cmq/pr):

   0.000000     +/-    0.000000     %    0.000000     +/-    0.000000     % 
   0.000000     +/-    0.000000     %    0.000000     +/-    0.000000     % 
   0.000000     +/-    0.000000     %    0.000000     +/-    0.000000     % 
   0.000000     +/-    0.000000     %    0.000000     +/-    0.000000     % 
   0.000000     +/-    0.000000     %    0.000000     +/-    0.000000     % 

  Energy interval (GeV):  1.1746191E-08  7.1765816E-09

  Flux (Part/sr/GeV/cmq/pr):

   0.000000     +/-    0.000000     %    0.000000     +/-    0.000000     % 
   0.000000     +/-    0.000000     %    0.000000     +/-    0.000000     % 
   0.000000     +/-    0.000000     %    0.000000     +/-    0.000000     % 
   0.000000     +/-    0.000000     %    0.000000     +/-    0.000000     % 
   0.000000     +/-    0.000000     %    0.000000     +/-    0.000000     % 

  Flux (Part/deg/GeV/cmq/pr):

   0.000000     +/-    0.000000     %    0.000000     +/-    0.000000     % 
   0.000000     +/-    0.000000     %    0.000000     +/-    0.000000     % 
   0.000000     +/-    0.000000     %    0.000000     +/-    0.000000     % 
   0.000000     +/-    0.000000     %    0.000000     +/-    0.000000     % 
   0.000000     +/-    0.000000     %    0.000000     +/-    0.000000     % 

  Energy interval (GeV):  7.1765816E-09  4.3846828E-09

  Flux (Part/sr/GeV/cmq/pr):

   0.000000     +/-    0.000000     %    0.000000     +/-    0.000000     % 
   0.000000     +/-    0.000000     %    0.000000     +/-    0.000000     % 
   0.000000     +/-    0.000000     %    0.000000     +/-    0.000000     % 
   0.000000     +/-    0.000000     %    0.000000     +/-    0.000000     % 
   0.000000     +/-    0.000000     %    0.000000     +/-    0.000000     % 

  Flux (Part/deg/GeV/cmq/pr):

   0.000000     +/-    0.000000     %    0.000000     +/-    0.000000     % 
   0.000000     +/-    0.000000     %    0.000000     +/-    0.000000     % 
   0.000000     +/-    0.000000     %    0.000000     +/-    0.000000     % 
   0.000000     +/-    0.000000     %    0.000000     +/-    0.000000     % 
   0.000000     +/-    0.000000     %    0.000000     +/-    0.000000     % 

  Energy interval (GeV):  4.3846828E-09  2.6789142E-09

  Flux (Part/sr/GeV/cmq/pr):

   0.000000     +/-    0.000000     %    0.000000     +/-    0.000000     % 
   0.000000     +/-    0.000000     %    0.000000     +/-    0.000000     % 
   0.000000     +/-    0.000000     %    0.000000     +/-    0.000000     % 
   0.000000     +/-    0.000000     %    0.000000     +/-    0.000000     % 
   0.000000     +/-    0.000000     %    0.000000     +/-    0.000000     % 

  Flux (Part/deg/GeV/cmq/pr):

   0.000000     +/-    0.000000     %    0.000000     +/-    0.000000     % 
   0.000000     +/-    0.000000     %    0.000000     +/-    0.000000     % 
   0.000000     +/-    0.000000     %    0.000000     +/-    0.000000     % 
   0.000000     +/-    0.000000     %    0.000000     +/-    0.000000     % 
   0.000000     +/-    0.000000     %    0.000000     +/-    0.000000     % 

  Energy interval (GeV):  2.6789142E-09  1.6367389E-09

  Flux (Part/sr/GeV/cmq/pr):

   0.000000     +/-    0.000000     %    0.000000     +/-    0.000000     % 
   0.000000     +/-    0.000000     %    0.000000     +/-    0.000000     % 
   0.000000     +/-    0.000000     %    0.000000     +/-    0.000000     % 
   0.000000     +/-    0.000000     %    0.000000     +/-    0.000000     % 
   0.000000     +/-    0.000000     %    0.000000     +/-    0.000000     % 

  Flux (Part/deg/GeV/cmq/pr):

   0.000000     +/-    0.000000     %    0.000000     +/-    0.000000     % 
   0.000000     +/-    0.000000     %    0.000000     +/-    0.000000     % 
   0.000000     +/-    0.000000     %    0.000000     +/-    0.000000     % 
   0.000000     +/-    0.000000     %    0.000000     +/-    0.000000     % 
   0.000000     +/-    0.000000     %    0.000000     +/-    0.000000     % 

  Energy interval (GeV):  1.6367389E-09  9.9999997E-10

  Flux (Part/sr/GeV/cmq/pr):

   0.000000     +/-    0.000000     %    0.000000     +/-    0.000000     % 
   0.000000     +/-    0.000000     %    0.000000     +/-    0.000000     % 
   0.000000     +/-    0.000000     %    0.000000     +/-    0.000000     % 
   0.000000     +/-    0.000000     %    0.000000     +/-    0.000000     % 
   0.000000     +/-    0.000000     %    0.000000     +/-    0.000000     % 

  Flux (Part/deg/GeV/cmq/pr):

   0.000000     +/-    0.000000     %    0.000000     +/-    0.000000     % 
   0.000000     +/-    0.000000     %    0.000000     +/-    0.000000     % 
   0.000000     +/-    0.000000     %    0.000000     +/-    0.000000     % 
   0.000000     +/-    0.000000     %    0.000000     +/-    0.000000     % 
   0.000000     +/-    0.000000     %    0.000000     +/-    0.000000     % 
