  **** 46.bnx ****

  Charged pion fluence inside and around a proton-irradiated Be target            

  Total primaries run:         3500000
   Total weight of the primaries run:   3500000.00    


  Detector n:            1 (           1 )  piFluenUD 
     (Area:            400.000000      cmq,
      distr. scored:         209    ,
      from reg.           3  to            4 ,
      one way scoring,
      fluence scoring scoring)

     Tot. resp. (Part/cmq/pr)  8.0844545E-04  +/-  0.3736302     %
     ( -->      (Part/pr)      0.3233782      +/-  0.3736302     % )

  **** Different. Fluxes as a function of energy **** ****      (integrated over solid angle)        ****


  Energy boundaries (GeV):

   50.00005       30.54858       18.66430       11.40334       6.967113    
   4.256703       2.600722       1.588966      0.9708120      0.5931380    
  0.3623901      0.2214098      0.1352750      8.2649104E-02  5.0496202E-02
  3.0851712E-02  1.8849501E-02  1.1516498E-02  7.0362468E-03  4.2989431E-03
  2.6265297E-03  1.6047333E-03  9.8044542E-04  5.9902371E-04  3.6598611E-04
  2.2360691E-04  1.3661734E-04  8.3469226E-05  5.0997282E-05  3.1157859E-05
  1.9036546E-05  1.1630777E-05  7.1060676E-06  4.3416017E-06  2.6525925E-06
  1.6206570E-06  9.9017450E-07  6.0496785E-07  3.6961782E-07  2.2582576E-07
  1.3797299E-07  8.4297497E-08  5.1503324E-08  3.1467035E-08  1.9225448E-08
  1.1746191E-08  7.1765816E-09  4.3846828E-09  2.6789142E-09  1.6367389E-09
  Lowest boundary   (GeV):  9.9999997E-10

  Flux (Part/GeV/cmq/pr):

  3.4156074E-08 +/-    3.891857     %   6.0326471E-07 +/-    1.235716     % 
  3.0975116E-06 +/-   0.8721369     %   9.8869568E-06 +/-   0.3287709     % 
  2.4110148E-05 +/-   0.6362677     %   4.9894017E-05 +/-   0.3548770     % 
  9.3852657E-05 +/-   0.4482548     %   1.6066688E-04 +/-   0.2880895     % 
  2.6721129E-04 +/-   0.3534694     %   4.2344199E-04 +/-   0.4746681     % 
  5.4812821E-04 +/-   0.3211337     %   5.7784683E-04 +/-    1.399285     % 
  5.8007566E-04 +/-   0.5742984     %   5.8817916E-04 +/-   0.7500936     % 
  4.7316551E-04 +/-   0.6618446     %   3.7132102E-04 +/-    2.076183     % 
  2.6194981E-04 +/-    2.708457     %   1.2674501E-04 +/-    9.161558     % 
  9.9824130E-05 +/-    7.956886     %   1.0345458E-04 +/-    18.52718     % 
  6.8198970E-05 +/-    13.78968     %   8.0951511E-05 +/-    19.84224     % 
  9.4350282E-05 +/-    27.27162     %   1.0196969E-04 +/-    27.42260     % 
  1.2615386E-04 +/-    44.61253     %   6.1376923E-05 +/-    81.96824     % 
  1.7576760E-05 +/-    99.00000     %   1.7923336E-04 +/-    44.98290     % 
   0.000000     +/-    0.000000     %   3.1925229E-04 +/-    99.00000     % 
   0.000000     +/-    0.000000     %    0.000000     +/-    0.000000     % 
   0.000000     +/-    0.000000     %   4.3545672E-04 +/-    99.00000     % 
   0.000000     +/-    0.000000     %    0.000000     +/-    0.000000     % 
   0.000000     +/-    0.000000     %    0.000000     +/-    0.000000     % 
   0.000000     +/-    0.000000     %    0.000000     +/-    0.000000     % 
   0.000000     +/-    0.000000     %    0.000000     +/-    0.000000     % 
   0.000000     +/-    0.000000     %    0.000000     +/-    0.000000     % 
   0.000000     +/-    0.000000     %    0.000000     +/-    0.000000     % 
   0.000000     +/-    0.000000     %    0.000000     +/-    0.000000     % 
   0.000000     +/-    0.000000     %    0.000000     +/-    0.000000     % 


  **** Cumulative Fluxes as a function of energy **** ****      (integrated over solid angle)        ****


  Energy boundaries (GeV):

   50.00005       30.54858       18.66430       11.40334       6.967113    
   4.256703       2.600722       1.588966      0.9708120      0.5931380    
  0.3623901      0.2214098      0.1352750      8.2649104E-02  5.0496202E-02
  3.0851712E-02  1.8849501E-02  1.1516498E-02  7.0362468E-03  4.2989431E-03
  2.6265297E-03  1.6047333E-03  9.8044542E-04  5.9902371E-04  3.6598611E-04
  2.2360691E-04  1.3661734E-04  8.3469226E-05  5.0997282E-05  3.1157859E-05
  1.9036546E-05  1.1630777E-05  7.1060676E-06  4.3416017E-06  2.6525925E-06
  1.6206570E-06  9.9017450E-07  6.0496785E-07  3.6961782E-07  2.2582576E-07
  1.3797299E-07  8.4297497E-08  5.1503324E-08  3.1467035E-08  1.9225448E-08
  1.1746191E-08  7.1765816E-09  4.3846828E-09  2.6789142E-09  1.6367389E-09
  Lowest boundary   (GeV):  9.9999997E-10

  Cumul. Flux (Part/cmq/pr):

  6.6438565E-07 +/-    3.891857     %   7.8337553E-06 +/-    1.077248     % 
  3.0324638E-05 +/-   0.6066029     %   7.4185460E-05 +/-   0.1874752     % 
  1.3953383E-04 +/-   0.3491335     %   2.2215737E-04 +/-   0.3471610     % 
  3.1711342E-04 +/-   0.3700251     %   4.1643027E-04 +/-   0.3408261     % 
  5.1734899E-04 +/-   0.3258668     %   6.1505736E-04 +/-   0.3336749     % 
  6.9233263E-04 +/-   0.3213648     %   7.4210536E-04 +/-   0.3745266     % 
  7.7263237E-04 +/-   0.3701853     %   7.9154404E-04 +/-   0.3692521     % 
  8.0083916E-04 +/-   0.3685787     %   8.0529583E-04 +/-   0.3739952     % 
  8.0721668E-04 +/-   0.3722632     %   8.0778456E-04 +/-   0.3714167     % 
  8.0805778E-04 +/-   0.3721141     %   8.0823083E-04 +/-   0.3724652     % 
  8.0830051E-04 +/-   0.3724515     %   8.0835103E-04 +/-   0.3731934     % 
  8.0838701E-04 +/-   0.3736548     %   8.0841081E-04 +/-   0.3731748     % 
  8.0842874E-04 +/-   0.3734048     %   8.0843410E-04 +/-   0.3737785     % 
  8.0843503E-04 +/-   0.3738711     %   8.0844085E-04 +/-   0.3737064     % 
  8.0844085E-04 +/-   0.3737064     %   8.0844469E-04 +/-   0.3736950     % 
  8.0844469E-04 +/-   0.3736950     %   8.0844469E-04 +/-   0.3736950     % 
  8.0844469E-04 +/-   0.3736950     %   8.0844545E-04 +/-   0.3736302     % 
  8.0844545E-04 +/-   0.3736302     %   8.0844545E-04 +/-   0.3736302     % 
  8.0844545E-04 +/-   0.3736302     %   8.0844545E-04 +/-   0.3736302     % 
  8.0844545E-04 +/-   0.3736302     %   8.0844545E-04 +/-   0.3736302     % 
  8.0844545E-04 +/-   0.3736302     %   8.0844545E-04 +/-   0.3736302     % 
  8.0844545E-04 +/-   0.3736302     %   8.0844545E-04 +/-   0.3736302     % 
  8.0844545E-04 +/-   0.3736302     %   8.0844545E-04 +/-   0.3736302     % 
  8.0844545E-04 +/-   0.3736302     %   8.0844545E-04 +/-   0.3736302     % 
  8.0844545E-04 +/-   0.3736302     %   8.0844545E-04 +/-   0.3736302     % 

  **** Double diff. Fluxes as a function of energy ****


  Solid angle minimum value (sr):   0.000000    

  Solid angle upper boundaries (sr):

  0.6283185       1.256637       1.884956       2.513274       3.141593    
   3.769911       4.398230       5.026548       5.654867       6.283185    

  Angular minimum value (deg.):   0.000000    

  Angular upper boundaries (deg.):

   25.84193       36.86990       45.57299       53.13010       60.00000    
   66.42182       72.54240       78.46304       84.26083       90.00000    


  Energy interval (GeV):   50.00005       30.54858    

  Flux (Part/sr/GeV/cmq/pr):

  5.4361077E-08 +/-    3.891857     %    0.000000     +/-    0.000000     % 
   0.000000     +/-    0.000000     %    0.000000     +/-    0.000000     % 
   0.000000     +/-    0.000000     %    0.000000     +/-    0.000000     % 
   0.000000     +/-    0.000000     %    0.000000     +/-    0.000000     % 
   0.000000     +/-    0.000000     %    0.000000     +/-    0.000000     % 

  Flux (Part/deg/GeV/cmq/pr):

  1.3217306E-09 +/-    3.891857     %    0.000000     +/-    0.000000     % 
   0.000000     +/-    0.000000     %    0.000000     +/-    0.000000     % 
   0.000000     +/-    0.000000     %    0.000000     +/-    0.000000     % 
   0.000000     +/-    0.000000     %    0.000000     +/-    0.000000     % 
   0.000000     +/-    0.000000     %    0.000000     +/-    0.000000     % 

  Energy interval (GeV):   30.54858       18.66430    

  Flux (Part/sr/GeV/cmq/pr):

  9.6012559E-07 +/-    1.235716     %    0.000000     +/-    0.000000     % 
   0.000000     +/-    0.000000     %    0.000000     +/-    0.000000     % 
   0.000000     +/-    0.000000     %    0.000000     +/-    0.000000     % 
   0.000000     +/-    0.000000     %    0.000000     +/-    0.000000     % 
   0.000000     +/-    0.000000     %    0.000000     +/-    0.000000     % 

  Flux (Part/deg/GeV/cmq/pr):

  2.3344411E-08 +/-    1.235716     %    0.000000     +/-    0.000000     % 
   0.000000     +/-    0.000000     %    0.000000     +/-    0.000000     % 
   0.000000     +/-    0.000000     %    0.000000     +/-    0.000000     % 
   0.000000     +/-    0.000000     %    0.000000     +/-    0.000000     % 
   0.000000     +/-    0.000000     %    0.000000     +/-    0.000000     % 

  Energy interval (GeV):   18.66430       11.40334    

  Flux (Part/sr/GeV/cmq/pr):

  4.9298428E-06 +/-   0.8721369     %    0.000000     +/-    0.000000     % 
   0.000000     +/-    0.000000     %    0.000000     +/-    0.000000     % 
   0.000000     +/-    0.000000     %    0.000000     +/-    0.000000     % 
   0.000000     +/-    0.000000     %    0.000000     +/-    0.000000     % 
   0.000000     +/-    0.000000     %    0.000000     +/-    0.000000     % 

  Flux (Part/deg/GeV/cmq/pr):

  1.1986377E-07 +/-   0.8721369     %    0.000000     +/-    0.000000     % 
   0.000000     +/-    0.000000     %    0.000000     +/-    0.000000     % 
   0.000000     +/-    0.000000     %    0.000000     +/-    0.000000     % 
   0.000000     +/-    0.000000     %    0.000000     +/-    0.000000     % 
   0.000000     +/-    0.000000     %    0.000000     +/-    0.000000     % 

  Energy interval (GeV):   11.40334       6.967113    

  Flux (Part/sr/GeV/cmq/pr):

  1.5735581E-05 +/-   0.3287709     %    0.000000     +/-    0.000000     % 
   0.000000     +/-    0.000000     %    0.000000     +/-    0.000000     % 
   0.000000     +/-    0.000000     %    0.000000     +/-    0.000000     % 
   0.000000     +/-    0.000000     %    0.000000     +/-    0.000000     % 
   0.000000     +/-    0.000000     %    0.000000     +/-    0.000000     % 

  Flux (Part/deg/GeV/cmq/pr):

  3.8259356E-07 +/-   0.3287709     %    0.000000     +/-    0.000000     % 
   0.000000     +/-    0.000000     %    0.000000     +/-    0.000000     % 
   0.000000     +/-    0.000000     %    0.000000     +/-    0.000000     % 
   0.000000     +/-    0.000000     %    0.000000     +/-    0.000000     % 
   0.000000     +/-    0.000000     %    0.000000     +/-    0.000000     % 

  Energy interval (GeV):   6.967113       4.256703    

  Flux (Part/sr/GeV/cmq/pr):

  3.8372025E-05 +/-   0.6355022     %   4.6706627E-10 +/-    99.00000     % 
   0.000000     +/-    0.000000     %    0.000000     +/-    0.000000     % 
   0.000000     +/-    0.000000     %    0.000000     +/-    0.000000     % 
   0.000000     +/-    0.000000     %    0.000000     +/-    0.000000     % 
   0.000000     +/-    0.000000     %    0.000000     +/-    0.000000     % 

  Flux (Part/deg/GeV/cmq/pr):

  9.3297416E-07 +/-   0.6355022     %   2.6611113E-11 +/-    99.00000     % 
   0.000000     +/-    0.000000     %    0.000000     +/-    0.000000     % 
   0.000000     +/-    0.000000     %    0.000000     +/-    0.000000     % 
   0.000000     +/-    0.000000     %    0.000000     +/-    0.000000     % 
   0.000000     +/-    0.000000     %    0.000000     +/-    0.000000     % 

  Energy interval (GeV):   4.256703       2.600722    

  Flux (Part/sr/GeV/cmq/pr):

  7.9294521E-05 +/-   0.3549402     %   1.1167219E-07 +/-    6.050708     % 
  2.5992568E-09 +/-    66.45088     %    0.000000     +/-    0.000000     % 
   0.000000     +/-    0.000000     %    0.000000     +/-    0.000000     % 
   0.000000     +/-    0.000000     %    0.000000     +/-    0.000000     % 
   0.000000     +/-    0.000000     %    0.000000     +/-    0.000000     % 

  Flux (Part/deg/GeV/cmq/pr):

  1.9279603E-06 +/-   0.3549402     %   6.3625261E-09 +/-    6.050708     % 
  1.8765285E-10 +/-    66.45088     %    0.000000     +/-    0.000000     % 
   0.000000     +/-    0.000000     %    0.000000     +/-    0.000000     % 
   0.000000     +/-    0.000000     %    0.000000     +/-    0.000000     % 
   0.000000     +/-    0.000000     %    0.000000     +/-    0.000000     % 

  Energy interval (GeV):   2.600722       1.588966    

  Flux (Part/sr/GeV/cmq/pr):

  1.4578052E-04 +/-   0.4474484     %   3.2118514E-06 +/-   0.7030127     % 
  3.3055713E-07 +/-    5.848806     %   4.2362089E-08 +/-    17.72848     % 
  5.8459664E-09 +/-    65.78522     %    0.000000     +/-    0.000000     % 
   0.000000     +/-    0.000000     %    0.000000     +/-    0.000000     % 
   0.000000     +/-    0.000000     %    0.000000     +/-    0.000000     % 

  Flux (Part/deg/GeV/cmq/pr):

  3.5444953E-06 +/-   0.4474484     %   1.8299532E-07 +/-   0.7030127     % 
  2.3864509E-08 +/-    5.848806     %   3.5221006E-09 +/-    17.72848     % 
  5.3467020E-10 +/-    65.78522     %    0.000000     +/-    0.000000     % 
   0.000000     +/-    0.000000     %    0.000000     +/-    0.000000     % 
   0.000000     +/-    0.000000     %    0.000000     +/-    0.000000     % 

  Energy interval (GeV):   1.588966      0.9708120    

  Flux (Part/sr/GeV/cmq/pr):

  2.2299305E-04 +/-   0.3644723     %   2.4101702E-05 +/-    1.022935     % 
  5.9234662E-06 +/-    1.382708     %   1.8329764E-06 +/-    2.832054     % 
  5.9091326E-07 +/-    5.163897     %   1.8752627E-07 +/-    17.59783     % 
  6.4037884E-08 +/-    31.13686     %   1.5605547E-08 +/-    99.00000     % 
   0.000000     +/-    0.000000     %    0.000000     +/-    0.000000     % 

  Flux (Part/deg/GeV/cmq/pr):

  5.4218344E-06 +/-   0.3644723     %   1.3731951E-06 +/-    1.022935     % 
  4.2764350E-07 +/-    1.382708     %   1.5239870E-07 +/-    2.832054     % 
  5.4044733E-08 +/-    5.163897     %   1.8347786E-08 +/-    17.59783     % 
  6.5739227E-09 +/-    31.13686     %   1.6561132E-09 +/-    99.00000     % 
   0.000000     +/-    0.000000     %    0.000000     +/-    0.000000     % 

  Energy interval (GeV):  0.9708120      0.5931380    

  Flux (Part/sr/GeV/cmq/pr):

  2.7753544E-04 +/-   0.3586251     %   8.1354643E-05 +/-   0.8426775     % 
  3.3866101E-05 +/-   0.5185881     %   1.6069824E-05 +/-    1.453825     % 
  8.1989256E-06 +/-    1.532855     %   4.1788553E-06 +/-    3.797795     % 
  2.2010540E-06 +/-    5.903590     %   9.0986106E-07 +/-    12.69941     % 
  6.2499055E-07 +/-    14.83739     %   3.4027894E-07 +/-    67.67767     % 

  Flux (Part/deg/GeV/cmq/pr):

  6.7479732E-06 +/-   0.3586251     %   4.6351829E-06 +/-   0.8426775     % 
  2.4449566E-06 +/-   0.5185881     %   1.3360893E-06 +/-    1.453825     % 
  7.4987111E-07 +/-    1.532855     %   4.0886403E-07 +/-    3.797795     % 
  2.2595312E-07 +/-    5.903590     %   9.6557514E-08 +/-    12.69941     % 
  6.7731548E-08 +/-    14.83739     %   3.7253393E-08 +/-    67.67767     % 

  Energy interval (GeV):  0.5931380      0.3623901    

  Flux (Part/sr/GeV/cmq/pr):

  2.7643502E-04 +/-   0.3917468     %   1.4870160E-04 +/-   0.9432029     % 
  8.7946748E-05 +/-   0.4545083     %   5.6528988E-05 +/-   0.9782019     % 
  3.6991802E-05 +/-    2.249201     %   2.4098234E-05 +/-    1.898205     % 
  1.8397341E-05 +/-    3.543616     %   1.2481369E-05 +/-    4.512825     % 
  7.5586358E-06 +/-    3.913889     %   4.7891149E-06 +/-    13.52782     % 

  Flux (Part/deg/GeV/cmq/pr):

  6.7212177E-06 +/-   0.3917468     %   8.4722769E-06 +/-   0.9432029     % 
  6.3492985E-06 +/-   0.4545083     %   4.6999753E-06 +/-   0.9782019     % 
  3.3832582E-06 +/-    2.249201     %   2.3577988E-06 +/-    1.898205     % 
  1.8886117E-06 +/-    3.543616     %   1.3245648E-06 +/-    4.512825     % 
  8.1914544E-07 +/-    3.913889     %   5.2430744E-07 +/-    13.52782     % 

  Energy interval (GeV):  0.3623901      0.2214098    

  Flux (Part/sr/GeV/cmq/pr):

  2.2329715E-04 +/-   0.3296438     %   1.6648030E-04 +/-   0.9786375     % 
  1.2959885E-04 +/-    1.083891     %   9.7436641E-05 +/-   0.7581318     % 
  7.5680786E-05 +/-    1.219096     %   5.6375891E-05 +/-    1.053822     % 
  4.4710170E-05 +/-    2.398298     %   3.3074415E-05 +/-    3.328335     % 
  2.7973478E-05 +/-    5.079710     %   1.7745411E-05 +/-    15.44613     % 

  Flux (Part/deg/GeV/cmq/pr):

  5.4292277E-06 +/-   0.3296438     %   9.4852194E-06 +/-   0.9786375     % 
  9.3563640E-06 +/-    1.083891     %   8.1011503E-06 +/-   0.7581318     % 
  6.9217399E-06 +/-    1.219096     %   5.5158821E-06 +/-    1.053822     % 
  4.5898023E-06 +/-    2.398298     %   3.5099681E-06 +/-    3.328335     % 
  3.0315452E-06 +/-    5.079710     %   1.9427496E-06 +/-    15.44613     % 

  Energy interval (GeV):  0.2214098      0.1352750    

  Flux (Part/sr/GeV/cmq/pr):

  1.5291176E-04 +/-    1.218234     %   1.4066516E-04 +/-   0.9822459     % 
  1.2384774E-04 +/-   0.9356669     %   1.1493044E-04 +/-    2.693715     % 
  9.6159412E-05 +/-    1.647478     %   8.1713493E-05 +/-    2.242815     % 
  7.1300296E-05 +/-    1.856227     %   5.5975030E-05 +/-    3.650048     % 
  4.6646692E-05 +/-    3.676324     %   3.5521807E-05 +/-    11.39069     % 

  Flux (Part/deg/GeV/cmq/pr):

  3.7178836E-06 +/-    1.218234     %   8.0144009E-06 +/-   0.9822459     % 
  8.9411642E-06 +/-   0.9356669     %   9.5556325E-06 +/-    2.693715     % 
  8.7947092E-06 +/-    1.647478     %   7.9949423E-06 +/-    2.242815     % 
  7.3194583E-06 +/-    1.856227     %   5.9402582E-06 +/-    3.650048     % 
  5.0552012E-06 +/-    3.676324     %   3.8888916E-06 +/-    11.39069     % 

  Energy interval (GeV):  0.1352750      8.2649104E-02

  Flux (Part/sr/GeV/cmq/pr):

  1.0873198E-04 +/-   0.4832461     %   1.0853427E-04 +/-    1.334431     % 
  1.0983540E-04 +/-   0.9042643     %   1.0954497E-04 +/-    1.223726     % 
  1.0134060E-04 +/-   0.3948658     %   9.1729140E-05 +/-    2.500680     % 
  9.2578666E-05 +/-   0.9298293     %   7.8931465E-05 +/-    2.318946     % 
  7.0434551E-05 +/-    2.599648     %   5.1558040E-05 +/-    4.098836     % 

  Flux (Part/deg/GeV/cmq/pr):

  2.6437003E-06 +/-   0.4832461     %   6.1837427E-06 +/-    1.334431     % 
  7.9295460E-06 +/-   0.9042643     %   9.1078700E-06 +/-    1.223726     % 
  9.2685777E-06 +/-   0.3948658     %   8.9748846E-06 +/-    2.500680     % 
  9.5038276E-06 +/-   0.9298293     %   8.3764726E-06 +/-    2.318946     % 
  7.6331416E-06 +/-    2.599648     %   5.6445219E-06 +/-    4.098836     % 

  Energy interval (GeV):  8.2649104E-02  5.0496202E-02

  Flux (Part/sr/GeV/cmq/pr):

  8.5579915E-05 +/-    1.205310     %   9.3915543E-05 +/-    2.012925     % 
  9.5582611E-05 +/-    2.490611     %   9.9124423E-05 +/-    2.236278     % 
  1.0559692E-04 +/-    1.784522     %   9.6157484E-05 +/-    2.641353     % 
  9.6800424E-05 +/-    2.318187     %   9.4488656E-05 +/-    3.532122     % 
  8.1545550E-05 +/-    4.666394     %   8.7324654E-05 +/-    6.595278     % 

  Flux (Part/deg/GeV/cmq/pr):

  2.0807827E-06 +/-    1.205310     %   5.3508406E-06 +/-    2.012925     % 
  6.9005682E-06 +/-    2.490611     %   8.2414772E-06 +/-    2.236278     % 
  9.6578597E-06 +/-    1.784522     %   9.4081597E-06 +/-    2.641353     % 
  9.9372201E-06 +/-    2.318187     %   1.0027454E-05 +/-    3.532122     % 
  8.8372644E-06 +/-    4.666394     %   9.5602145E-06 +/-    6.595278     % 

  Energy interval (GeV):  5.0496202E-02  3.0851712E-02

  Flux (Part/sr/GeV/cmq/pr):

  6.7440313E-05 +/-    4.343107     %   6.9164671E-05 +/-    3.130940     % 
  7.6019955E-05 +/-    1.900623     %   7.8687692E-05 +/-    4.832019     % 
  7.9850965E-05 +/-    2.812587     %   7.9404512E-05 +/-    1.718032     % 
  8.1718557E-05 +/-    4.883640     %   8.5226588E-05 +/-    4.040574     % 
  6.6664150E-05 +/-    6.363458     %   6.8888869E-05 +/-    12.40862     % 

  Flux (Part/deg/GeV/cmq/pr):

  1.6397381E-06 +/-    4.343107     %   3.9406586E-06 +/-    3.130940     % 
  5.4882457E-06 +/-    1.900623     %   6.5423114E-06 +/-    4.832019     % 
  7.3031433E-06 +/-    2.812587     %   7.7690293E-06 +/-    1.718032     % 
  8.3889636E-06 +/-    4.883640     %   9.0445319E-06 +/-    4.040574     % 
  7.2245357E-06 +/-    6.363458     %   7.5418834E-06 +/-    12.40862     % 

  Energy interval (GeV):  3.0851712E-02  1.8849501E-02

  Flux (Part/sr/GeV/cmq/pr):

  4.5487752E-05 +/-    5.567481     %   4.9837050E-05 +/-    3.879340     % 
  5.0762072E-05 +/-    4.741077     %   5.9114886E-05 +/-    3.649954     % 
  5.7115103E-05 +/-    8.601827     %   6.2455227E-05 +/-    10.60451     % 
  6.2717467E-05 +/-    6.355933     %   6.0566432E-05 +/-    7.410954     % 
  5.6640190E-05 +/-    5.103702     %   8.6279571E-05 +/-    11.93085     % 

  Flux (Part/deg/GeV/cmq/pr):

  1.1059853E-06 +/-    5.567481     %   2.8394672E-06 +/-    3.879340     % 
  3.6647580E-06 +/-    4.741077     %   4.9149744E-06 +/-    3.649954     % 
  5.2237287E-06 +/-    8.601827     %   6.1106912E-06 +/-    10.60451     % 
  6.4383730E-06 +/-    6.355933     %   6.4275132E-06 +/-    7.410954     % 
  6.1382179E-06 +/-    5.103702     %   9.4457992E-06 +/-    11.93085     % 

  Energy interval (GeV):  1.8849501E-02  1.1516498E-02

  Flux (Part/sr/GeV/cmq/pr):

  3.4114179E-05 +/-    6.348378     %   3.6760906E-05 +/-    2.771338     % 
  3.3433415E-05 +/-    5.667274     %   4.0317962E-05 +/-    10.09325     % 
  3.7231403E-05 +/-    8.079926     %   4.5646819E-05 +/-    5.389034     % 
  3.9712468E-05 +/-    5.077208     %   4.4741413E-05 +/-    9.974407     % 
  4.4526139E-05 +/-    14.92392     %   6.0421360E-05 +/-    26.21045     % 

  Flux (Part/deg/GeV/cmq/pr):

  8.2944922E-07 +/-    6.348378     %   2.0944535E-06 +/-    2.771338     % 
  2.4137189E-06 +/-    5.667274     %   3.3521465E-06 +/-    10.09325     % 
  3.4051720E-06 +/-    8.079926     %   4.4661374E-06 +/-    5.389034     % 
  4.0767541E-06 +/-    5.077208     %   4.7481094E-06 +/-    9.974407     % 
  4.8253924E-06 +/-    14.92392     %   6.6148691E-06 +/-    26.21045     % 

  Energy interval (GeV):  1.1516498E-02  7.0362468E-03

  Flux (Part/sr/GeV/cmq/pr):

  1.6626942E-05 +/-    16.42373     %   1.4980047E-05 +/-    4.303665     % 
  1.5803038E-05 +/-    32.79977     %   1.8804369E-05 +/-    14.52456     % 
  1.8573985E-05 +/-    10.31006     %   2.0860698E-05 +/-    19.17833     % 
  1.7438522E-05 +/-    9.065103     %   3.4619614E-05 +/-    14.17497     % 
  1.7790473E-05 +/-    18.92666     %   2.6223252E-05 +/-    44.15865     % 

  Flux (Part/deg/GeV/cmq/pr):

  4.0426605E-07 +/-    16.42373     %   8.5348853E-07 +/-    4.303665     % 
  1.1408973E-06 +/-    32.79977     %   1.5634470E-06 +/-    14.52456     % 
  1.6987707E-06 +/-    10.31006     %   2.0410348E-06 +/-    19.17833     % 
  1.7901825E-06 +/-    9.065103     %   3.6739500E-06 +/-    14.17497     % 
  1.9279914E-06 +/-    18.92666     %   2.8708951E-06 +/-    44.15865     % 

  Energy interval (GeV):  7.0362468E-03  4.2989431E-03

  Flux (Part/sr/GeV/cmq/pr):

  6.5533554E-06 +/-    18.11427     %   1.2256925E-05 +/-    12.72822     % 
  1.7185954E-05 +/-    32.12082     %   1.6570693E-05 +/-    23.14582     % 
  1.6195634E-05 +/-    26.29058     %   1.0261133E-05 +/-    27.13127     % 
  1.7409908E-05 +/-    22.79864     %   2.0215606E-05 +/-    22.07974     % 
  2.9468489E-05 +/-    34.30643     %   1.2757334E-05 +/-    99.00000     % 

  Flux (Part/deg/GeV/cmq/pr):

  1.5933773E-07 +/-    18.11427     %   6.9833862E-07 +/-    12.72822     % 
  1.2407367E-06 +/-    32.12082     %   1.3777330E-06 +/-    23.14582     % 
  1.4812474E-06 +/-    26.29058     %   1.0039611E-06 +/-    27.13127     % 
  1.7872451E-06 +/-    22.79864     %   2.1453482E-06 +/-    22.07974     % 
  3.1935626E-06 +/-    34.30643     %   1.3966600E-06 +/-    99.00000     % 

  Energy interval (GeV):  4.2989431E-03  2.6265297E-03

  Flux (Part/sr/GeV/cmq/pr):

  1.4181560E-05 +/-    19.04151     %   1.2638418E-05 +/-    32.17058     % 
  9.8997216E-06 +/-    38.68284     %   1.8753621E-05 +/-    12.79167     % 
  2.2263359E-05 +/-    30.58210     %   1.9618039E-05 +/-    46.82416     % 
  2.7259019E-05 +/-    20.93209     %   1.4504678E-05 +/-    57.27559     % 
  1.2487699E-05 +/-    68.81483     %   1.3046962E-05 +/-    99.00000     % 

  Flux (Part/deg/GeV/cmq/pr):

  3.4480925E-07 +/-    19.04151     %   7.2007418E-07 +/-    32.17058     % 
  7.1470851E-07 +/-    38.68284     %   1.5592276E-06 +/-    12.79167     % 
  2.0361997E-06 +/-    30.58210     %   1.9194517E-06 +/-    46.82416     % 
  2.7983231E-06 +/-    20.93209     %   1.5392851E-06 +/-    57.27559     % 
  1.3533183E-06 +/-    68.81483     %   1.4283681E-06 +/-    99.00000     % 

  Energy interval (GeV):  2.6265297E-03  1.6047333E-03

  Flux (Part/sr/GeV/cmq/pr):

  1.1665056E-05 +/-    22.57576     %   1.0421562E-05 +/-    25.72954     % 
  1.0446142E-05 +/-    42.70414     %   1.5486976E-05 +/-    33.01302     % 
  1.2147159E-05 +/-    30.85627     %   2.3192792E-06 +/-    99.00000     % 
  2.2803883E-05 +/-    31.07343     %   2.3251972E-05 +/-    57.85857     % 
   0.000000     +/-    0.000000     %    0.000000     +/-    0.000000     % 

  Flux (Part/deg/GeV/cmq/pr):

  2.8362319E-07 +/-    22.57576     %   5.9376873E-07 +/-    25.72954     % 
  7.5415727E-07 +/-    42.70414     %   1.2876297E-06 +/-    33.01302     % 
  1.1109753E-06 +/-    30.85627     %   2.2692095E-07 +/-    99.00000     % 
  2.3409732E-06 +/-    31.07343     %   2.4675776E-06 +/-    57.85857     % 
   0.000000     +/-    0.000000     %    0.000000     +/-    0.000000     % 

  Energy interval (GeV):  1.6047333E-03  9.8044542E-04

  Flux (Part/sr/GeV/cmq/pr):

  7.8217499E-06 +/-    45.99036     %   1.2853393E-05 +/-    41.71581     % 
  1.6755173E-05 +/-    35.70682     %   1.4393290E-05 +/-    31.49243     % 
  2.1172191E-05 +/-    41.11091     %   1.1663298E-05 +/-    67.39495     % 
  9.6241274E-06 +/-    61.34623     %   8.5383699E-06 +/-    99.00000     % 
   0.000000     +/-    0.000000     %   2.6016734E-05 +/-    99.00000     % 

  Flux (Part/deg/GeV/cmq/pr):

  1.9017737E-07 +/-    45.99036     %   7.3232241E-07 +/-    41.71581     % 
  1.2096366E-06 +/-    35.70682     %   1.1966978E-06 +/-    31.49243     % 
  1.9364018E-06 +/-    41.11091     %   1.1411505E-06 +/-    67.39495     % 
  9.8798193E-07 +/-    61.34623     %   9.0612048E-07 +/-    99.00000     % 
   0.000000     +/-    0.000000     %   2.8482857E-06 +/-    99.00000     % 

  Energy interval (GeV):  9.8044542E-04  5.9902371E-04

  Flux (Part/sr/GeV/cmq/pr):

  6.3773341E-06 +/-    61.26082     %   2.0827320E-05 +/-    48.59634     % 
  1.6469379E-05 +/-    25.09363     %   3.2520999E-05 +/-    42.35014     % 
  5.5273877E-06 +/-    99.00000     %   6.2801710E-06 +/-    99.00000     % 
  4.8076246E-05 +/-    63.48930     %   1.4084299E-05 +/-    99.00000     % 
   0.000000     +/-    0.000000     %    0.000000     +/-    0.000000     % 

  Flux (Part/deg/GeV/cmq/pr):

  1.5505796E-07 +/-    61.26082     %   1.1866370E-06 +/-    48.59634     % 
  1.1890037E-06 +/-    25.09363     %   2.7038852E-06 +/-    42.35014     % 
  5.0553308E-07 +/-    99.00000     %   6.1445917E-07 +/-    99.00000     % 
  4.9353530E-06 +/-    63.48930     %   1.4946733E-06 +/-    99.00000     % 
   0.000000     +/-    0.000000     %    0.000000     +/-    0.000000     % 

  Energy interval (GeV):  5.9902371E-04  3.6598611E-04

  Flux (Part/sr/GeV/cmq/pr):

  5.2989062E-06 +/-    99.00000     %   1.7319928E-05 +/-    40.90404     % 
  1.3324789E-05 +/-    61.31667     %    0.000000     +/-    0.000000     % 
  5.3662094E-05 +/-    49.07928     %   2.2435466E-05 +/-    99.00000     % 
  2.6442189E-05 +/-    61.25166     %   2.3806420E-05 +/-    99.00000     % 
   0.000000     +/-    0.000000     %    0.000000     +/-    0.000000     % 

  Flux (Part/deg/GeV/cmq/pr):

  1.2883716E-07 +/-    99.00000     %   9.8680334E-07 +/-    40.90404     % 
  9.6198050E-07 +/-    61.31667     %    0.000000     +/-    0.000000     % 
  4.9079176E-06 +/-    49.07928     %   2.1951118E-06 +/-    99.00000     % 
  2.7144699E-06 +/-    61.25166     %   2.5264173E-06 +/-    99.00000     % 
   0.000000     +/-    0.000000     %    0.000000     +/-    0.000000     % 

  Energy interval (GeV):  3.6598611E-04  2.2360691E-04

  Flux (Part/sr/GeV/cmq/pr):

  8.4292860E-06 +/-    99.00000     %   9.0818812E-06 +/-    99.00000     % 
  1.1018000E-05 +/-    99.00000     %    0.000000     +/-    0.000000     % 
  1.5003103E-05 +/-    99.00000     %   5.5186676E-05 +/-    66.01152     % 
   0.000000     +/-    0.000000     %    0.000000     +/-    0.000000     % 
  1.0206115E-04 +/-    61.24600     %    0.000000     +/-    0.000000     % 

  Flux (Part/deg/GeV/cmq/pr):

  2.0494896E-07 +/-    99.00000     %   5.1744041E-07 +/-    99.00000     % 
  7.9544242E-07 +/-    99.00000     %    0.000000     +/-    0.000000     % 
  1.3721790E-06 +/-    99.00000     %   5.3995277E-06 +/-    66.01152     % 
   0.000000     +/-    0.000000     %    0.000000     +/-    0.000000     % 
  1.1060582E-05 +/-    61.24600     %    0.000000     +/-    0.000000     % 

  Energy interval (GeV):  2.2360691E-04  1.3661734E-04

  Flux (Part/sr/GeV/cmq/pr):

   0.000000     +/-    0.000000     %   1.5179796E-05 +/-    99.00000     % 
   0.000000     +/-    0.000000     %    0.000000     +/-    0.000000     % 
   0.000000     +/-    0.000000     %   3.0955965E-05 +/-    99.00000     % 
   0.000000     +/-    0.000000     %   5.1548646E-05 +/-    99.00000     % 
   0.000000     +/-    0.000000     %    0.000000     +/-    0.000000     % 

  Flux (Part/deg/GeV/cmq/pr):

   0.000000     +/-    0.000000     %   8.6486921E-07 +/-    99.00000     % 
   0.000000     +/-    0.000000     %    0.000000     +/-    0.000000     % 
   0.000000     +/-    0.000000     %   3.0287674E-06 +/-    99.00000     % 
   0.000000     +/-    0.000000     %   5.4705156E-06 +/-    99.00000     % 
   0.000000     +/-    0.000000     %    0.000000     +/-    0.000000     % 

  Energy interval (GeV):  1.3661734E-04  8.3469226E-05

  Flux (Part/sr/GeV/cmq/pr):

   0.000000     +/-    0.000000     %    0.000000     +/-    0.000000     % 
  2.7974282E-05 +/-    99.00000     %    0.000000     +/-    0.000000     % 
   0.000000     +/-    0.000000     %    0.000000     +/-    0.000000     % 
   0.000000     +/-    0.000000     %    0.000000     +/-    0.000000     % 
   0.000000     +/-    0.000000     %    0.000000     +/-    0.000000     % 

  Flux (Part/deg/GeV/cmq/pr):

   0.000000     +/-    0.000000     %    0.000000     +/-    0.000000     % 
  2.0195980E-06 +/-    99.00000     %    0.000000     +/-    0.000000     % 
   0.000000     +/-    0.000000     %    0.000000     +/-    0.000000     % 
   0.000000     +/-    0.000000     %    0.000000     +/-    0.000000     % 
   0.000000     +/-    0.000000     %    0.000000     +/-    0.000000     % 

  Energy interval (GeV):  8.3469226E-05  5.0997282E-05

  Flux (Part/sr/GeV/cmq/pr):

   0.000000     +/-    0.000000     %   4.3133372E-05 +/-    99.00000     % 
  4.4913475E-05 +/-    99.00000     %    0.000000     +/-    0.000000     % 
  6.5077351E-05 +/-    99.00000     %    0.000000     +/-    0.000000     % 
   0.000000     +/-    0.000000     %   1.3213456E-04 +/-    99.00000     % 
   0.000000     +/-    0.000000     %    0.000000     +/-    0.000000     % 

  Flux (Part/deg/GeV/cmq/pr):

   0.000000     +/-    0.000000     %   2.4575249E-06 +/-    99.00000     % 
  3.2425198E-06 +/-    99.00000     %    0.000000     +/-    0.000000     % 
  5.9519534E-06 +/-    99.00000     %    0.000000     +/-    0.000000     % 
   0.000000     +/-    0.000000     %   1.4022563E-05 +/-    99.00000     % 
   0.000000     +/-    0.000000     %    0.000000     +/-    0.000000     % 

  Energy interval (GeV):  5.0997282E-05  3.1157859E-05

  Flux (Part/sr/GeV/cmq/pr):

   0.000000     +/-    0.000000     %    0.000000     +/-    0.000000     % 
   0.000000     +/-    0.000000     %    0.000000     +/-    0.000000     % 
   0.000000     +/-    0.000000     %    0.000000     +/-    0.000000     % 
   0.000000     +/-    0.000000     %    0.000000     +/-    0.000000     % 
   0.000000     +/-    0.000000     %    0.000000     +/-    0.000000     % 

  Flux (Part/deg/GeV/cmq/pr):

   0.000000     +/-    0.000000     %    0.000000     +/-    0.000000     % 
   0.000000     +/-    0.000000     %    0.000000     +/-    0.000000     % 
   0.000000     +/-    0.000000     %    0.000000     +/-    0.000000     % 
   0.000000     +/-    0.000000     %    0.000000     +/-    0.000000     % 
   0.000000     +/-    0.000000     %    0.000000     +/-    0.000000     % 

  Energy interval (GeV):  3.1157859E-05  1.9036546E-05

  Flux (Part/sr/GeV/cmq/pr):

  9.5100295E-05 +/-    99.00000     %    0.000000     +/-    0.000000     % 
   0.000000     +/-    0.000000     %    0.000000     +/-    0.000000     % 
   0.000000     +/-    0.000000     %    0.000000     +/-    0.000000     % 
   0.000000     +/-    0.000000     %   4.1300547E-04 +/-    99.00000     % 
   0.000000     +/-    0.000000     %    0.000000     +/-    0.000000     % 

  Flux (Part/deg/GeV/cmq/pr):

  2.3122604E-06 +/-    99.00000     %    0.000000     +/-    0.000000     % 
   0.000000     +/-    0.000000     %    0.000000     +/-    0.000000     % 
   0.000000     +/-    0.000000     %    0.000000     +/-    0.000000     % 
   0.000000     +/-    0.000000     %   4.3829528E-05 +/-    99.00000     % 
   0.000000     +/-    0.000000     %    0.000000     +/-    0.000000     % 

  Energy interval (GeV):  1.9036546E-05  1.1630777E-05

  Flux (Part/sr/GeV/cmq/pr):

   0.000000     +/-    0.000000     %    0.000000     +/-    0.000000     % 
   0.000000     +/-    0.000000     %    0.000000     +/-    0.000000     % 
   0.000000     +/-    0.000000     %    0.000000     +/-    0.000000     % 
   0.000000     +/-    0.000000     %    0.000000     +/-    0.000000     % 
   0.000000     +/-    0.000000     %    0.000000     +/-    0.000000     % 

  Flux (Part/deg/GeV/cmq/pr):

   0.000000     +/-    0.000000     %    0.000000     +/-    0.000000     % 
   0.000000     +/-    0.000000     %    0.000000     +/-    0.000000     % 
   0.000000     +/-    0.000000     %    0.000000     +/-    0.000000     % 
   0.000000     +/-    0.000000     %    0.000000     +/-    0.000000     % 
   0.000000     +/-    0.000000     %    0.000000     +/-    0.000000     % 

  Energy interval (GeV):  1.1630777E-05  7.1060676E-06

  Flux (Part/sr/GeV/cmq/pr):

   0.000000     +/-    0.000000     %    0.000000     +/-    0.000000     % 
   0.000000     +/-    0.000000     %    0.000000     +/-    0.000000     % 
   0.000000     +/-    0.000000     %    0.000000     +/-    0.000000     % 
   0.000000     +/-    0.000000     %    0.000000     +/-    0.000000     % 
   0.000000     +/-    0.000000     %    0.000000     +/-    0.000000     % 

  Flux (Part/deg/GeV/cmq/pr):

   0.000000     +/-    0.000000     %    0.000000     +/-    0.000000     % 
   0.000000     +/-    0.000000     %    0.000000     +/-    0.000000     % 
   0.000000     +/-    0.000000     %    0.000000     +/-    0.000000     % 
   0.000000     +/-    0.000000     %    0.000000     +/-    0.000000     % 
   0.000000     +/-    0.000000     %    0.000000     +/-    0.000000     % 

  Energy interval (GeV):  7.1060676E-06  4.3416017E-06

  Flux (Part/sr/GeV/cmq/pr):

   0.000000     +/-    0.000000     %    0.000000     +/-    0.000000     % 
   0.000000     +/-    0.000000     %    0.000000     +/-    0.000000     % 
   0.000000     +/-    0.000000     %    0.000000     +/-    0.000000     % 
   0.000000     +/-    0.000000     %    0.000000     +/-    0.000000     % 
   0.000000     +/-    0.000000     %    0.000000     +/-    0.000000     % 

  Flux (Part/deg/GeV/cmq/pr):

   0.000000     +/-    0.000000     %    0.000000     +/-    0.000000     % 
   0.000000     +/-    0.000000     %    0.000000     +/-    0.000000     % 
   0.000000     +/-    0.000000     %    0.000000     +/-    0.000000     % 
   0.000000     +/-    0.000000     %    0.000000     +/-    0.000000     % 
   0.000000     +/-    0.000000     %    0.000000     +/-    0.000000     % 

  Energy interval (GeV):  4.3416017E-06  2.6525925E-06

  Flux (Part/sr/GeV/cmq/pr):

  6.9305085E-04 +/-    99.00000     %    0.000000     +/-    0.000000     % 
   0.000000     +/-    0.000000     %    0.000000     +/-    0.000000     % 
   0.000000     +/-    0.000000     %    0.000000     +/-    0.000000     % 
   0.000000     +/-    0.000000     %    0.000000     +/-    0.000000     % 
   0.000000     +/-    0.000000     %    0.000000     +/-    0.000000     % 

  Flux (Part/deg/GeV/cmq/pr):

  1.6850780E-05 +/-    99.00000     %    0.000000     +/-    0.000000     % 
   0.000000     +/-    0.000000     %    0.000000     +/-    0.000000     % 
   0.000000     +/-    0.000000     %    0.000000     +/-    0.000000     % 
   0.000000     +/-    0.000000     %    0.000000     +/-    0.000000     % 
   0.000000     +/-    0.000000     %    0.000000     +/-    0.000000     % 

  Energy interval (GeV):  2.6525925E-06  1.6206570E-06

  Flux (Part/sr/GeV/cmq/pr):

   0.000000     +/-    0.000000     %    0.000000     +/-    0.000000     % 
   0.000000     +/-    0.000000     %    0.000000     +/-    0.000000     % 
   0.000000     +/-    0.000000     %    0.000000     +/-    0.000000     % 
   0.000000     +/-    0.000000     %    0.000000     +/-    0.000000     % 
   0.000000     +/-    0.000000     %    0.000000     +/-    0.000000     % 

  Flux (Part/deg/GeV/cmq/pr):

   0.000000     +/-    0.000000     %    0.000000     +/-    0.000000     % 
   0.000000     +/-    0.000000     %    0.000000     +/-    0.000000     % 
   0.000000     +/-    0.000000     %    0.000000     +/-    0.000000     % 
   0.000000     +/-    0.000000     %    0.000000     +/-    0.000000     % 
   0.000000     +/-    0.000000     %    0.000000     +/-    0.000000     % 

  Energy interval (GeV):  1.6206570E-06  9.9017450E-07

  Flux (Part/sr/GeV/cmq/pr):

   0.000000     +/-    0.000000     %    0.000000     +/-    0.000000     % 
   0.000000     +/-    0.000000     %    0.000000     +/-    0.000000     % 
   0.000000     +/-    0.000000     %    0.000000     +/-    0.000000     % 
   0.000000     +/-    0.000000     %    0.000000     +/-    0.000000     % 
   0.000000     +/-    0.000000     %    0.000000     +/-    0.000000     % 

  Flux (Part/deg/GeV/cmq/pr):

   0.000000     +/-    0.000000     %    0.000000     +/-    0.000000     % 
   0.000000     +/-    0.000000     %    0.000000     +/-    0.000000     % 
   0.000000     +/-    0.000000     %    0.000000     +/-    0.000000     % 
   0.000000     +/-    0.000000     %    0.000000     +/-    0.000000     % 
   0.000000     +/-    0.000000     %    0.000000     +/-    0.000000     % 

  Energy interval (GeV):  9.9017450E-07  6.0496785E-07

  Flux (Part/sr/GeV/cmq/pr):

   0.000000     +/-    0.000000     %    0.000000     +/-    0.000000     % 
   0.000000     +/-    0.000000     %    0.000000     +/-    0.000000     % 
   0.000000     +/-    0.000000     %    0.000000     +/-    0.000000     % 
   0.000000     +/-    0.000000     %    0.000000     +/-    0.000000     % 
   0.000000     +/-    0.000000     %    0.000000     +/-    0.000000     % 

  Flux (Part/deg/GeV/cmq/pr):

   0.000000     +/-    0.000000     %    0.000000     +/-    0.000000     % 
   0.000000     +/-    0.000000     %    0.000000     +/-    0.000000     % 
   0.000000     +/-    0.000000     %    0.000000     +/-    0.000000     % 
   0.000000     +/-    0.000000     %    0.000000     +/-    0.000000     % 
   0.000000     +/-    0.000000     %    0.000000     +/-    0.000000     % 

  Energy interval (GeV):  6.0496785E-07  3.6961782E-07

  Flux (Part/sr/GeV/cmq/pr):

   0.000000     +/-    0.000000     %    0.000000     +/-    0.000000     % 
   0.000000     +/-    0.000000     %    0.000000     +/-    0.000000     % 
   0.000000     +/-    0.000000     %    0.000000     +/-    0.000000     % 
   0.000000     +/-    0.000000     %    0.000000     +/-    0.000000     % 
   0.000000     +/-    0.000000     %    0.000000     +/-    0.000000     % 

  Flux (Part/deg/GeV/cmq/pr):

   0.000000     +/-    0.000000     %    0.000000     +/-    0.000000     % 
   0.000000     +/-    0.000000     %    0.000000     +/-    0.000000     % 
   0.000000     +/-    0.000000     %    0.000000     +/-    0.000000     % 
   0.000000     +/-    0.000000     %    0.000000     +/-    0.000000     % 
   0.000000     +/-    0.000000     %    0.000000     +/-    0.000000     % 

  Energy interval (GeV):  3.6961782E-07  2.2582576E-07

  Flux (Part/sr/GeV/cmq/pr):

   0.000000     +/-    0.000000     %    0.000000     +/-    0.000000     % 
   0.000000     +/-    0.000000     %    0.000000     +/-    0.000000     % 
   0.000000     +/-    0.000000     %    0.000000     +/-    0.000000     % 
   0.000000     +/-    0.000000     %    0.000000     +/-    0.000000     % 
   0.000000     +/-    0.000000     %    0.000000     +/-    0.000000     % 

  Flux (Part/deg/GeV/cmq/pr):

   0.000000     +/-    0.000000     %    0.000000     +/-    0.000000     % 
   0.000000     +/-    0.000000     %    0.000000     +/-    0.000000     % 
   0.000000     +/-    0.000000     %    0.000000     +/-    0.000000     % 
   0.000000     +/-    0.000000     %    0.000000     +/-    0.000000     % 
   0.000000     +/-    0.000000     %    0.000000     +/-    0.000000     % 

  Energy interval (GeV):  2.2582576E-07  1.3797299E-07

  Flux (Part/sr/GeV/cmq/pr):

   0.000000     +/-    0.000000     %    0.000000     +/-    0.000000     % 
   0.000000     +/-    0.000000     %    0.000000     +/-    0.000000     % 
   0.000000     +/-    0.000000     %    0.000000     +/-    0.000000     % 
   0.000000     +/-    0.000000     %    0.000000     +/-    0.000000     % 
   0.000000     +/-    0.000000     %    0.000000     +/-    0.000000     % 

  Flux (Part/deg/GeV/cmq/pr):

   0.000000     +/-    0.000000     %    0.000000     +/-    0.000000     % 
   0.000000     +/-    0.000000     %    0.000000     +/-    0.000000     % 
   0.000000     +/-    0.000000     %    0.000000     +/-    0.000000     % 
   0.000000     +/-    0.000000     %    0.000000     +/-    0.000000     % 
   0.000000     +/-    0.000000     %    0.000000     +/-    0.000000     % 

  Energy interval (GeV):  1.3797299E-07  8.4297497E-08

  Flux (Part/sr/GeV/cmq/pr):

   0.000000     +/-    0.000000     %    0.000000     +/-    0.000000     % 
   0.000000     +/-    0.000000     %    0.000000     +/-    0.000000     % 
   0.000000     +/-    0.000000     %    0.000000     +/-    0.000000     % 
   0.000000     +/-    0.000000     %    0.000000     +/-    0.000000     % 
   0.000000     +/-    0.000000     %    0.000000     +/-    0.000000     % 

  Flux (Part/deg/GeV/cmq/pr):

   0.000000     +/-    0.000000     %    0.000000     +/-    0.000000     % 
   0.000000     +/-    0.000000     %    0.000000     +/-    0.000000     % 
   0.000000     +/-    0.000000     %    0.000000     +/-    0.000000     % 
   0.000000     +/-    0.000000     %    0.000000     +/-    0.000000     % 
   0.000000     +/-    0.000000     %    0.000000     +/-    0.000000     % 

  Energy interval (GeV):  8.4297497E-08  5.1503324E-08

  Flux (Part/sr/GeV/cmq/pr):

   0.000000     +/-    0.000000     %    0.000000     +/-    0.000000     % 
   0.000000     +/-    0.000000     %    0.000000     +/-    0.000000     % 
   0.000000     +/-    0.000000     %    0.000000     +/-    0.000000     % 
   0.000000     +/-    0.000000     %    0.000000     +/-    0.000000     % 
   0.000000     +/-    0.000000     %    0.000000     +/-    0.000000     % 

  Flux (Part/deg/GeV/cmq/pr):

   0.000000     +/-    0.000000     %    0.000000     +/-    0.000000     % 
   0.000000     +/-    0.000000     %    0.000000     +/-    0.000000     % 
   0.000000     +/-    0.000000     %    0.000000     +/-    0.000000     % 
   0.000000     +/-    0.000000     %    0.000000     +/-    0.000000     % 
   0.000000     +/-    0.000000     %    0.000000     +/-    0.000000     % 

  Energy interval (GeV):  5.1503324E-08  3.1467035E-08

  Flux (Part/sr/GeV/cmq/pr):

   0.000000     +/-    0.000000     %    0.000000     +/-    0.000000     % 
   0.000000     +/-    0.000000     %    0.000000     +/-    0.000000     % 
   0.000000     +/-    0.000000     %    0.000000     +/-    0.000000     % 
   0.000000     +/-    0.000000     %    0.000000     +/-    0.000000     % 
   0.000000     +/-    0.000000     %    0.000000     +/-    0.000000     % 

  Flux (Part/deg/GeV/cmq/pr):

   0.000000     +/-    0.000000     %    0.000000     +/-    0.000000     % 
   0.000000     +/-    0.000000     %    0.000000     +/-    0.000000     % 
   0.000000     +/-    0.000000     %    0.000000     +/-    0.000000     % 
   0.000000     +/-    0.000000     %    0.000000     +/-    0.000000     % 
   0.000000     +/-    0.000000     %    0.000000     +/-    0.000000     % 

  Energy interval (GeV):  3.1467035E-08  1.9225448E-08

  Flux (Part/sr/GeV/cmq/pr):

   0.000000     +/-    0.000000     %    0.000000     +/-    0.000000     % 
   0.000000     +/-    0.000000     %    0.000000     +/-    0.000000     % 
   0.000000     +/-    0.000000     %    0.000000     +/-    0.000000     % 
   0.000000     +/-    0.000000     %    0.000000     +/-    0.000000     % 
   0.000000     +/-    0.000000     %    0.000000     +/-    0.000000     % 

  Flux (Part/deg/GeV/cmq/pr):

   0.000000     +/-    0.000000     %    0.000000     +/-    0.000000     % 
   0.000000     +/-    0.000000     %    0.000000     +/-    0.000000     % 
   0.000000     +/-    0.000000     %    0.000000     +/-    0.000000     % 
   0.000000     +/-    0.000000     %    0.000000     +/-    0.000000     % 
   0.000000     +/-    0.000000     %    0.000000     +/-    0.000000     % 

  Energy interval (GeV):  1.9225448E-08  1.1746191E-08

  Flux (Part/sr/GeV/cmq/pr):

   0.000000     +/-    0.000000     %    0.000000     +/-    0.000000     % 
   0.000000     +/-    0.000000     %    0.000000     +/-    0.000000     % 
   0.000000     +/-    0.000000     %    0.000000     +/-    0.000000     % 
   0.000000     +/-    0.000000     %    0.000000     +/-    0.000000     % 
   0.000000     +/-    0.000000     %    0.000000     +/-    0.000000     % 

  Flux (Part/deg/GeV/cmq/pr):

   0.000000     +/-    0.000000     %    0.000000     +/-    0.000000     % 
   0.000000     +/-    0.000000     %    0.000000     +/-    0.000000     % 
   0.000000     +/-    0.000000     %    0.000000     +/-    0.000000     % 
   0.000000     +/-    0.000000     %    0.000000     +/-    0.000000     % 
   0.000000     +/-    0.000000     %    0.000000     +/-    0.000000     % 

  Energy interval (GeV):  1.1746191E-08  7.1765816E-09

  Flux (Part/sr/GeV/cmq/pr):

   0.000000     +/-    0.000000     %    0.000000     +/-    0.000000     % 
   0.000000     +/-    0.000000     %    0.000000     +/-    0.000000     % 
   0.000000     +/-    0.000000     %    0.000000     +/-    0.000000     % 
   0.000000     +/-    0.000000     %    0.000000     +/-    0.000000     % 
   0.000000     +/-    0.000000     %    0.000000     +/-    0.000000     % 

  Flux (Part/deg/GeV/cmq/pr):

   0.000000     +/-    0.000000     %    0.000000     +/-    0.000000     % 
   0.000000     +/-    0.000000     %    0.000000     +/-    0.000000     % 
   0.000000     +/-    0.000000     %    0.000000     +/-    0.000000     % 
   0.000000     +/-    0.000000     %    0.000000     +/-    0.000000     % 
   0.000000     +/-    0.000000     %    0.000000     +/-    0.000000     % 

  Energy interval (GeV):  7.1765816E-09  4.3846828E-09

  Flux (Part/sr/GeV/cmq/pr):

   0.000000     +/-    0.000000     %    0.000000     +/-    0.000000     % 
   0.000000     +/-    0.000000     %    0.000000     +/-    0.000000     % 
   0.000000     +/-    0.000000     %    0.000000     +/-    0.000000     % 
   0.000000     +/-    0.000000     %    0.000000     +/-    0.000000     % 
   0.000000     +/-    0.000000     %    0.000000     +/-    0.000000     % 

  Flux (Part/deg/GeV/cmq/pr):

   0.000000     +/-    0.000000     %    0.000000     +/-    0.000000     % 
   0.000000     +/-    0.000000     %    0.000000     +/-    0.000000     % 
   0.000000     +/-    0.000000     %    0.000000     +/-    0.000000     % 
   0.000000     +/-    0.000000     %    0.000000     +/-    0.000000     % 
   0.000000     +/-    0.000000     %    0.000000     +/-    0.000000     % 

  Energy interval (GeV):  4.3846828E-09  2.6789142E-09

  Flux (Part/sr/GeV/cmq/pr):

   0.000000     +/-    0.000000     %    0.000000     +/-    0.000000     % 
   0.000000     +/-    0.000000     %    0.000000     +/-    0.000000     % 
   0.000000     +/-    0.000000     %    0.000000     +/-    0.000000     % 
   0.000000     +/-    0.000000     %    0.000000     +/-    0.000000     % 
   0.000000     +/-    0.000000     %    0.000000     +/-    0.000000     % 

  Flux (Part/deg/GeV/cmq/pr):

   0.000000     +/-    0.000000     %    0.000000     +/-    0.000000     % 
   0.000000     +/-    0.000000     %    0.000000     +/-    0.000000     % 
   0.000000     +/-    0.000000     %    0.000000     +/-    0.000000     % 
   0.000000     +/-    0.000000     %    0.000000     +/-    0.000000     % 
   0.000000     +/-    0.000000     %    0.000000     +/-    0.000000     % 

  Energy interval (GeV):  2.6789142E-09  1.6367389E-09

  Flux (Part/sr/GeV/cmq/pr):

   0.000000     +/-    0.000000     %    0.000000     +/-    0.000000     % 
   0.000000     +/-    0.000000     %    0.000000     +/-    0.000000     % 
   0.000000     +/-    0.000000     %    0.000000     +/-    0.000000     % 
   0.000000     +/-    0.000000     %    0.000000     +/-    0.000000     % 
   0.000000     +/-    0.000000     %    0.000000     +/-    0.000000     % 

  Flux (Part/deg/GeV/cmq/pr):

   0.000000     +/-    0.000000     %    0.000000     +/-    0.000000     % 
   0.000000     +/-    0.000000     %    0.000000     +/-    0.000000     % 
   0.000000     +/-    0.000000     %    0.000000     +/-    0.000000     % 
   0.000000     +/-    0.000000     %    0.000000     +/-    0.000000     % 
   0.000000     +/-    0.000000     %    0.000000     +/-    0.000000     % 

  Energy interval (GeV):  1.6367389E-09  9.9999997E-10

  Flux (Part/sr/GeV/cmq/pr):

   0.000000     +/-    0.000000     %    0.000000     +/-    0.000000     % 
   0.000000     +/-    0.000000     %    0.000000     +/-    0.000000     % 
   0.000000     +/-    0.000000     %    0.000000     +/-    0.000000     % 
   0.000000     +/-    0.000000     %    0.000000     +/-    0.000000     % 
   0.000000     +/-    0.000000     %    0.000000     +/-    0.000000     % 

  Flux (Part/deg/GeV/cmq/pr):

   0.000000     +/-    0.000000     %    0.000000     +/-    0.000000     % 
   0.000000     +/-    0.000000     %    0.000000     +/-    0.000000     % 
   0.000000     +/-    0.000000     %    0.000000     +/-    0.000000     % 
   0.000000     +/-    0.000000     %    0.000000     +/-    0.000000     % 
   0.000000     +/-    0.000000     %    0.000000     +/-    0.000000     % 
