  **** 47.bnx ****

  Charged pion fluence inside and around a proton-irradiated Be target            

  Total primaries run:         3000000
   Total weight of the primaries run:   3000000.00    


  Detector n:            1 (           1 )  piCurrUD  
     (Area:            400.000000      cmq,
      distr. scored:         209    ,
      from reg.           3  to            4 ,
      one way scoring,
      current scoring)

     Tot. resp. (Part/cmq/pr)  4.2601788E-04  +/-  0.2044342     %
     ( -->      (Part/pr)      0.1704072      +/-  0.2044342     % )

  **** Different. Fluxes as a function of energy **** ****      (integrated over solid angle)        ****


  Energy boundaries (GeV):

   50.00005       30.54858       18.66430       11.40334       6.967113    
   4.256703       2.600722       1.588966      0.9708120      0.5931380    
  0.3623901      0.2214098      0.1352750      8.2649104E-02  5.0496202E-02
  3.0851712E-02  1.8849501E-02  1.1516498E-02  7.0362468E-03  4.2989431E-03
  2.6265297E-03  1.6047333E-03  9.8044542E-04  5.9902371E-04  3.6598611E-04
  2.2360691E-04  1.3661734E-04  8.3469226E-05  5.0997282E-05  3.1157859E-05
  1.9036546E-05  1.1630777E-05  7.1060676E-06  4.3416017E-06  2.6525925E-06
  1.6206570E-06  9.9017450E-07  6.0496785E-07  3.6961782E-07  2.2582576E-07
  1.3797299E-07  8.4297497E-08  5.1503324E-08  3.1467035E-08  1.9225448E-08
  1.1746191E-08  7.1765816E-09  4.3846828E-09  2.6789142E-09  1.6367389E-09
  Lowest boundary   (GeV):  9.9999997E-10

  Flux (Part/GeV/cmq/pr):

  2.1592221E-08 +/-    4.914470     %   3.6904521E-07 +/-   0.9569381     % 
  1.8226507E-06 +/-   0.9071810     %   6.0575126E-06 +/-   0.7372235     % 
  1.4722271E-05 +/-   0.5606189     %   2.9970681E-05 +/-   0.4376093     % 
  5.5046239E-05 +/-   0.2784928     %   9.1846152E-05 +/-   0.3560471     % 
  1.4321666E-04 +/-   0.3296959     %   2.0450549E-04 +/-   0.4094325     % 
  2.4159430E-04 +/-   0.3921265     %   2.3541592E-04 +/-   0.5188419     % 
  2.1801704E-04 +/-    1.434858     %   1.9964520E-04 +/-   0.6703644     % 
  1.6599242E-04 +/-    1.462835     %   1.1713128E-04 +/-    2.825148     % 
  7.5117074E-05 +/-    3.599206     %   3.8316321E-05 +/-    4.566720     % 
  2.7094802E-05 +/-    5.729236     %   3.1391777E-05 +/-    7.360015     % 
  3.2622316E-05 +/-    15.30931     %   2.0022830E-05 +/-    18.25742     % 
  4.3696193E-05 +/-    13.69306     %   3.2183663E-05 +/-    36.85139     % 
  2.3411669E-05 +/-    46.77072     %   9.5796968E-06 +/-    99.00000     % 
  1.5679463E-05 +/-    99.00000     %   2.5663188E-05 +/-    99.00000     % 
  4.2003936E-05 +/-    99.00000     %   6.8749476E-05 +/-    99.00000     % 
  1.1252494E-04 +/-    99.00000     %    0.000000     +/-    0.000000     % 
   0.000000     +/-    0.000000     %    0.000000     +/-    0.000000     % 
   0.000000     +/-    0.000000     %    0.000000     +/-    0.000000     % 
   0.000000     +/-    0.000000     %    0.000000     +/-    0.000000     % 
   0.000000     +/-    0.000000     %    0.000000     +/-    0.000000     % 
   0.000000     +/-    0.000000     %    0.000000     +/-    0.000000     % 
   0.000000     +/-    0.000000     %    0.000000     +/-    0.000000     % 
   0.000000     +/-    0.000000     %    0.000000     +/-    0.000000     % 
   0.000000     +/-    0.000000     %    0.000000     +/-    0.000000     % 
   0.000000     +/-    0.000000     %    0.000000     +/-    0.000000     % 


  **** Cumulative Fluxes as a function of energy **** ****      (integrated over solid angle)        ****


  Energy boundaries (GeV):

   50.00005       30.54858       18.66430       11.40334       6.967113    
   4.256703       2.600722       1.588966      0.9708120      0.5931380    
  0.3623901      0.2214098      0.1352750      8.2649104E-02  5.0496202E-02
  3.0851712E-02  1.8849501E-02  1.1516498E-02  7.0362468E-03  4.2989431E-03
  2.6265297E-03  1.6047333E-03  9.8044542E-04  5.9902371E-04  3.6598611E-04
  2.2360691E-04  1.3661734E-04  8.3469226E-05  5.0997282E-05  3.1157859E-05
  1.9036546E-05  1.1630777E-05  7.1060676E-06  4.3416017E-06  2.6525925E-06
  1.6206570E-06  9.9017450E-07  6.0496785E-07  3.6961782E-07  2.2582576E-07
  1.3797299E-07  8.4297497E-08  5.1503324E-08  3.1467035E-08  1.9225448E-08
  1.1746191E-08  7.1765816E-09  4.3846828E-09  2.6789142E-09  1.6367389E-09
  Lowest boundary   (GeV):  9.9999997E-10

  Cumul. Flux (Part/cmq/pr):

  4.2000036E-07 +/-    4.914470     %   4.8058387E-06 +/-    1.081704     % 
  1.8040018E-05 +/-   0.8084084     %   4.4912540E-05 +/-   0.6502924     % 
  8.4815918E-05 +/-   0.5611511     %   1.3444680E-04 +/-   0.3949143     % 
  1.9014018E-04 +/-   0.3200392     %   2.4691524E-04 +/-   0.1734710     % 
  3.0100445E-04 +/-   0.1601586     %   3.4819366E-04 +/-   0.1848437     % 
  3.8225370E-04 +/-   0.1733491     %   4.0253121E-04 +/-   0.1869749     % 
  4.1400455E-04 +/-   0.1948997     %   4.2042372E-04 +/-   0.1928375     % 
  4.2368454E-04 +/-   0.1967824     %   4.2509040E-04 +/-   0.1997249     % 
  4.2564122E-04 +/-   0.2020342     %   4.2581288E-04 +/-   0.2032980     % 
  4.2588706E-04 +/-   0.2035338     %   4.2593956E-04 +/-   0.2036629     % 
  4.2597289E-04 +/-   0.2038952     %   4.2598540E-04 +/-   0.2038249     % 
  4.2600205E-04 +/-   0.2036288     %   4.2600956E-04 +/-   0.2041413     % 
  4.2601288E-04 +/-   0.2043085     %   4.2601372E-04 +/-   0.2043075     % 
  4.2601457E-04 +/-   0.2044684     %   4.2601538E-04 +/-   0.2043227     % 
  4.2601622E-04 +/-   0.2044837     %   4.2601707E-04 +/-   0.2044588     % 
  4.2601788E-04 +/-   0.2044342     %   4.2601788E-04 +/-   0.2044342     % 
  4.2601788E-04 +/-   0.2044342     %   4.2601788E-04 +/-   0.2044342     % 
  4.2601788E-04 +/-   0.2044342     %   4.2601788E-04 +/-   0.2044342     % 
  4.2601788E-04 +/-   0.2044342     %   4.2601788E-04 +/-   0.2044342     % 
  4.2601788E-04 +/-   0.2044342     %   4.2601788E-04 +/-   0.2044342     % 
  4.2601788E-04 +/-   0.2044342     %   4.2601788E-04 +/-   0.2044342     % 
  4.2601788E-04 +/-   0.2044342     %   4.2601788E-04 +/-   0.2044342     % 
  4.2601788E-04 +/-   0.2044342     %   4.2601788E-04 +/-   0.2044342     % 
  4.2601788E-04 +/-   0.2044342     %   4.2601788E-04 +/-   0.2044342     % 
  4.2601788E-04 +/-   0.2044342     %   4.2601788E-04 +/-   0.2044342     % 

  **** Double diff. Fluxes as a function of energy ****


  Solid angle minimum value (sr):   0.000000    

  Solid angle upper boundaries (sr):

  0.6283185       1.256637       1.884956       2.513274       3.141593    
   3.769911       4.398230       5.026548       5.654867       6.283185    

  Angular minimum value (deg.):   0.000000    

  Angular upper boundaries (deg.):

   25.84193       36.86990       45.57299       53.13010       60.00000    
   66.42182       72.54240       78.46304       84.26083       90.00000    


  Energy interval (GeV):   50.00005       30.54858    

  Flux (Part/sr/GeV/cmq/pr):

  3.4365087E-08 +/-    4.914470     %    0.000000     +/-    0.000000     % 
   0.000000     +/-    0.000000     %    0.000000     +/-    0.000000     % 
   0.000000     +/-    0.000000     %    0.000000     +/-    0.000000     % 
   0.000000     +/-    0.000000     %    0.000000     +/-    0.000000     % 
   0.000000     +/-    0.000000     %    0.000000     +/-    0.000000     % 

  Flux (Part/deg/GeV/cmq/pr):

  8.3554980E-10 +/-    4.914470     %    0.000000     +/-    0.000000     % 
   0.000000     +/-    0.000000     %    0.000000     +/-    0.000000     % 
   0.000000     +/-    0.000000     %    0.000000     +/-    0.000000     % 
   0.000000     +/-    0.000000     %    0.000000     +/-    0.000000     % 
   0.000000     +/-    0.000000     %    0.000000     +/-    0.000000     % 

  Energy interval (GeV):   30.54858       18.66430    

  Flux (Part/sr/GeV/cmq/pr):

  5.8735367E-07 +/-   0.9569381     %    0.000000     +/-    0.000000     % 
   0.000000     +/-    0.000000     %    0.000000     +/-    0.000000     % 
   0.000000     +/-    0.000000     %    0.000000     +/-    0.000000     % 
   0.000000     +/-    0.000000     %    0.000000     +/-    0.000000     % 
   0.000000     +/-    0.000000     %    0.000000     +/-    0.000000     % 

  Flux (Part/deg/GeV/cmq/pr):

  1.4280867E-08 +/-   0.9569381     %    0.000000     +/-    0.000000     % 
   0.000000     +/-    0.000000     %    0.000000     +/-    0.000000     % 
   0.000000     +/-    0.000000     %    0.000000     +/-    0.000000     % 
   0.000000     +/-    0.000000     %    0.000000     +/-    0.000000     % 
   0.000000     +/-    0.000000     %    0.000000     +/-    0.000000     % 

  Energy interval (GeV):   18.66430       11.40334    

  Flux (Part/sr/GeV/cmq/pr):

  2.9008386E-06 +/-   0.9071810     %    0.000000     +/-    0.000000     % 
   0.000000     +/-    0.000000     %    0.000000     +/-    0.000000     % 
   0.000000     +/-    0.000000     %    0.000000     +/-    0.000000     % 
   0.000000     +/-    0.000000     %    0.000000     +/-    0.000000     % 
   0.000000     +/-    0.000000     %    0.000000     +/-    0.000000     % 

  Flux (Part/deg/GeV/cmq/pr):

  7.0530746E-08 +/-   0.9071810     %    0.000000     +/-    0.000000     % 
   0.000000     +/-    0.000000     %    0.000000     +/-    0.000000     % 
   0.000000     +/-    0.000000     %    0.000000     +/-    0.000000     % 
   0.000000     +/-    0.000000     %    0.000000     +/-    0.000000     % 
   0.000000     +/-    0.000000     %    0.000000     +/-    0.000000     % 

  Energy interval (GeV):   11.40334       6.967113    

  Flux (Part/sr/GeV/cmq/pr):

  9.6408303E-06 +/-   0.7372235     %    0.000000     +/-    0.000000     % 
   0.000000     +/-    0.000000     %    0.000000     +/-    0.000000     % 
   0.000000     +/-    0.000000     %    0.000000     +/-    0.000000     % 
   0.000000     +/-    0.000000     %    0.000000     +/-    0.000000     % 
   0.000000     +/-    0.000000     %    0.000000     +/-    0.000000     % 

  Flux (Part/deg/GeV/cmq/pr):

  2.3440633E-07 +/-   0.7372235     %    0.000000     +/-    0.000000     % 
   0.000000     +/-    0.000000     %    0.000000     +/-    0.000000     % 
   0.000000     +/-    0.000000     %    0.000000     +/-    0.000000     % 
   0.000000     +/-    0.000000     %    0.000000     +/-    0.000000     % 
   0.000000     +/-    0.000000     %    0.000000     +/-    0.000000     % 

  Energy interval (GeV):   6.967113       4.256703    

  Flux (Part/sr/GeV/cmq/pr):

  2.3431221E-05 +/-   0.5606189     %    0.000000     +/-    0.000000     % 
   0.000000     +/-    0.000000     %    0.000000     +/-    0.000000     % 
   0.000000     +/-    0.000000     %    0.000000     +/-    0.000000     % 
   0.000000     +/-    0.000000     %    0.000000     +/-    0.000000     % 
   0.000000     +/-    0.000000     %    0.000000     +/-    0.000000     % 

  Flux (Part/deg/GeV/cmq/pr):

  5.6970475E-07 +/-   0.5606189     %    0.000000     +/-    0.000000     % 
   0.000000     +/-    0.000000     %    0.000000     +/-    0.000000     % 
   0.000000     +/-    0.000000     %    0.000000     +/-    0.000000     % 
   0.000000     +/-    0.000000     %    0.000000     +/-    0.000000     % 
   0.000000     +/-    0.000000     %    0.000000     +/-    0.000000     % 

  Energy interval (GeV):   4.256703       2.600722    

  Flux (Part/sr/GeV/cmq/pr):

  4.7635745E-05 +/-   0.4391485     %   6.2471010E-08 +/-    9.421115     % 
  1.6018207E-09 +/-    99.00000     %    0.000000     +/-    0.000000     % 
   0.000000     +/-    0.000000     %    0.000000     +/-    0.000000     % 
   0.000000     +/-    0.000000     %    0.000000     +/-    0.000000     % 
   0.000000     +/-    0.000000     %    0.000000     +/-    0.000000     % 

  Flux (Part/deg/GeV/cmq/pr):

  1.1582115E-06 +/-   0.4391485     %   3.5592871E-09 +/-    9.421115     % 
  1.1564314E-10 +/-    99.00000     %    0.000000     +/-    0.000000     % 
   0.000000     +/-    0.000000     %    0.000000     +/-    0.000000     % 
   0.000000     +/-    0.000000     %    0.000000     +/-    0.000000     % 
   0.000000     +/-    0.000000     %    0.000000     +/-    0.000000     % 

  Energy interval (GeV):   2.600722       1.588966    

  Flux (Part/sr/GeV/cmq/pr):

  8.5778818E-05 +/-   0.2702426     %   1.6884148E-06 +/-    4.164053     % 
  1.3108811E-07 +/-    15.24795     %   1.0487049E-08 +/-    37.50000     % 
   0.000000     +/-    0.000000     %    0.000000     +/-    0.000000     % 
   0.000000     +/-    0.000000     %    0.000000     +/-    0.000000     % 
   0.000000     +/-    0.000000     %    0.000000     +/-    0.000000     % 

  Flux (Part/deg/GeV/cmq/pr):

  2.0856189E-06 +/-   0.2702426     %   9.6197475E-08 +/-    4.164053     % 
  9.4638812E-09 +/-    15.24795     %   8.7192209E-10 +/-    37.50000     % 
   0.000000     +/-    0.000000     %    0.000000     +/-    0.000000     % 
   0.000000     +/-    0.000000     %    0.000000     +/-    0.000000     % 
   0.000000     +/-    0.000000     %    0.000000     +/-    0.000000     % 

  Energy interval (GeV):   1.588966      0.9708120    

  Flux (Part/sr/GeV/cmq/pr):

  1.2993143E-04 +/-   0.3410926     %   1.2596642E-05 +/-   0.3378782     % 
  2.6025764E-06 +/-    4.310607     %   7.4665837E-07 +/-    4.557113     % 
  2.0382916E-07 +/-    5.520046     %   6.8658245E-08 +/-    17.53902     % 
  1.5018990E-08 +/-    53.45225     %   1.0727851E-08 +/-    63.24555     % 
  2.1455702E-09 +/-    99.00000     %    0.000000     +/-    0.000000     % 

  Flux (Part/deg/GeV/cmq/pr):

  3.1591419E-06 +/-   0.3410926     %   7.1769398E-07 +/-   0.3378782     % 
  1.8789251E-07 +/-    4.310607     %   6.2079231E-08 +/-    4.557113     % 
  1.8642149E-08 +/-    5.520046     %   6.7176016E-09 +/-    17.53902     % 
  1.5418012E-09 +/-    53.45225     %   1.1384755E-09 +/-    63.24555     % 
  2.3251999E-10 +/-    99.00000     %    0.000000     +/-    0.000000     % 

  Energy interval (GeV):  0.9708120      0.5931380    

  Flux (Part/sr/GeV/cmq/pr):

  1.5899746E-04 +/-   0.4743447     %   4.0992516E-05 +/-   0.8275477     % 
  1.5567535E-05 +/-    1.014237     %   6.4615979E-06 +/-    1.203041     % 
  3.1886582E-06 +/-   0.7510009     %   1.4960004E-06 +/-    5.826138     % 
  7.3746497E-07 +/-    8.780518     %   3.5819727E-07 +/-    18.51099     % 
  1.1237562E-07 +/-    23.48952     %   2.4582167E-08 +/-    36.42157     % 

  Flux (Part/deg/GeV/cmq/pr):

  3.8658504E-06 +/-   0.4743447     %   2.3355497E-06 +/-   0.8275477     % 
  1.1238952E-06 +/-    1.014237     %   5.3723500E-07 +/-    1.203041     % 
  2.9163363E-07 +/-   0.7510009     %   1.4637040E-07 +/-    5.826138     % 
  7.5705778E-08 +/-    8.780518     %   3.8013098E-08 +/-    18.51099     % 
  1.2178385E-08 +/-    23.48952     %   2.6912306E-09 +/-    36.42157     % 

  Energy interval (GeV):  0.5931380      0.3623901    

  Flux (Part/sr/GeV/cmq/pr):

  1.5606996E-04 +/-   0.5279646     %   7.5060496E-05 +/-   0.9265643     % 
  3.8975821E-05 +/-    1.091534     %   2.2370430E-05 +/-    1.214420     % 
  1.3817707E-05 +/-    2.231766     %   8.2308470E-06 +/-    3.021008     % 
  5.9029885E-06 +/-    3.983889     %   3.1153068E-06 +/-    3.673857     % 
  1.5691489E-06 +/-    4.545668     %   3.6785909E-07 +/-    10.59739     % 

  Flux (Part/deg/GeV/cmq/pr):

  3.7946720E-06 +/-   0.5279646     %   4.2765737E-06 +/-   0.9265643     % 
  2.8138518E-06 +/-    1.091534     %   1.8599391E-06 +/-    1.214420     % 
  1.2637630E-06 +/-    2.231766     %   8.0531555E-07 +/-    3.021008     % 
  6.0598182E-07 +/-    3.983889     %   3.3060681E-07 +/-    3.673857     % 
  1.7005200E-07 +/-    4.545668     %   4.0272838E-08 +/-    10.59739     % 

  Energy interval (GeV):  0.3623901      0.2214098    

  Flux (Part/sr/GeV/cmq/pr):

  1.2563910E-04 +/-   0.3596888     %   8.6644410E-05 +/-    1.197804     % 
  5.6671652E-05 +/-   0.4052640     %   3.7959846E-05 +/-   0.7895681     % 
  2.7517361E-05 +/-    2.516365     %   2.0198213E-05 +/-    1.318621     % 
  1.3848053E-05 +/-    2.735588     %   9.2853452E-06 +/-    2.921554     % 
  5.2965038E-06 +/-    4.319853     %   1.4487773E-06 +/-    4.522204     % 

  Flux (Part/deg/GeV/cmq/pr):

  3.0547783E-06 +/-   0.3596888     %   4.9365672E-06 +/-    1.197804     % 
  4.0913992E-06 +/-   0.4052640     %   3.1560860E-06 +/-   0.7895681     % 
  2.5167290E-06 +/-    2.516365     %   1.9762165E-06 +/-    1.318621     % 
  1.4215965E-06 +/-    2.735588     %   9.8539203E-07 +/-    2.921554     % 
  5.7399336E-07 +/-    4.319853     %   1.5861067E-07 +/-    4.522204     % 

  Energy interval (GeV):  0.2214098      0.1352750    

  Flux (Part/sr/GeV/cmq/pr):

  8.8737856E-05 +/-   0.9546006     %   7.0044858E-05 +/-    1.749467     % 
  5.6694913E-05 +/-    1.594429     %   4.5146520E-05 +/-    2.248567     % 
  3.7385998E-05 +/-    1.824087     %   2.8116488E-05 +/-    2.756511     % 
  2.0802507E-05 +/-    1.131067     %   1.6768267E-05 +/-    2.537329     % 
  8.6535956E-06 +/-    3.475449     %   2.3250766E-06 +/-    11.67894     % 

  Flux (Part/deg/GeV/cmq/pr):

  2.1575647E-06 +/-   0.9546006     %   3.9908073E-06 +/-    1.749467     % 
  4.0930786E-06 +/-    1.594429     %   3.7536058E-06 +/-    2.248567     % 
  3.4193115E-06 +/-    1.824087     %   2.7509495E-06 +/-    2.756511     % 
  2.1355183E-06 +/-    1.131067     %   1.7795049E-06 +/-    2.537329     % 
  9.3780858E-07 +/-    3.475449     %   2.5454702E-07 +/-    11.67894     % 

  Energy interval (GeV):  0.1352750      8.2649104E-02

  Flux (Part/sr/GeV/cmq/pr):

  6.2199208E-05 +/-    2.182560     %   5.2395524E-05 +/-    3.661137     % 
  4.8892409E-05 +/-    2.160956     %   4.4960856E-05 +/-    1.998381     % 
  3.9542367E-05 +/-    1.181247     %   3.1906078E-05 +/-    2.087610     % 
  2.8050130E-05 +/-    2.555519     %   2.1295920E-05 +/-    5.034804     % 
  1.3634430E-05 +/-    4.643200     %   4.1079702E-06 +/-    5.948073     % 

  Flux (Part/deg/GeV/cmq/pr):

  1.5123063E-06 +/-    2.182560     %   2.9852363E-06 +/-    3.661137     % 
  3.5297780E-06 +/-    2.160956     %   3.7381692E-06 +/-    1.998381     % 
  3.6165320E-06 +/-    1.181247     %   3.1217273E-06 +/-    2.087610     % 
  2.8795359E-06 +/-    2.555519     %   2.2599947E-06 +/-    5.034804     % 
  1.4775920E-06 +/-    4.643200     %   4.4973643E-07 +/-    5.948073     % 

  Energy interval (GeV):  8.2649104E-02  5.0496202E-02

  Flux (Part/sr/GeV/cmq/pr):

  5.0778184E-05 +/-    2.985862     %   4.5621990E-05 +/-    2.602503     % 
  4.1785785E-05 +/-    3.061014     %   3.7454582E-05 +/-    5.700337     % 
  3.6134596E-05 +/-    4.152961     %   3.3370878E-05 +/-    1.506311     % 
  2.7472193E-05 +/-    2.572348     %   2.4873472E-05 +/-    5.578403     % 
  1.5179830E-05 +/-    3.506382     %   5.0736935E-06 +/-    6.629881     % 

  Flux (Part/deg/GeV/cmq/pr):

  1.2346164E-06 +/-    2.985862     %   2.5993140E-06 +/-    2.602503     % 
  3.0167166E-06 +/-    3.061014     %   3.1140771E-06 +/-    5.700337     % 
  3.3048584E-06 +/-    4.152961     %   3.2650451E-06 +/-    1.506311     % 
  2.8202069E-06 +/-    2.572348     %   2.6396565E-06 +/-    5.578403     % 
  1.6450705E-06 +/-    3.506382     %   5.5546280E-07 +/-    6.629881     % 

  Energy interval (GeV):  5.0496202E-02  3.0851712E-02

  Flux (Part/sr/GeV/cmq/pr):

  3.6187892E-05 +/-    2.009390     %   3.7673217E-05 +/-    5.144336     % 
  3.0314113E-05 +/-    2.424448     %   2.9706480E-05 +/-    5.390245     % 
  2.9909024E-05 +/-    6.469938     %   3.0719202E-05 +/-    2.758220     % 
  2.8086126E-05 +/-    4.011615     %   2.1942285E-05 +/-    3.263570     % 
  1.4515666E-05 +/-    6.859479     %   5.1311190E-06 +/-    20.84603     % 

  Flux (Part/deg/GeV/cmq/pr):

  8.7986933E-07 +/-    2.009390     %   2.1464325E-06 +/-    5.144336     % 
  2.1885216E-06 +/-    2.424448     %   2.4698784E-06 +/-    5.390245     % 
  2.7354697E-06 +/-    6.469938     %   3.0056019E-06 +/-    2.758220     % 
  2.8832312E-06 +/-    4.011615     %   2.3285891E-06 +/-    3.263570     % 
  1.5730935E-06 +/-    6.859479     %   5.6174969E-07 +/-    20.84603     % 

  Energy interval (GeV):  3.0851712E-02  1.8849501E-02

  Flux (Part/sr/GeV/cmq/pr):

  2.5305411E-05 +/-    4.495908     %   2.0664243E-05 +/-    6.361164     % 
  2.3868859E-05 +/-    9.006979     %   2.2211299E-05 +/-    6.011465     % 
  1.9890716E-05 +/-    4.025382     %   1.8564668E-05 +/-    7.851730     % 
  2.2321803E-05 +/-    10.25362     %   1.5470558E-05 +/-    5.297286     % 
  1.3481485E-05 +/-    4.952068     %   4.6411669E-06 +/-    21.16237     % 

  Flux (Part/deg/GeV/cmq/pr):

  6.1527362E-07 +/-    4.495908     %   1.1773458E-06 +/-    6.361164     % 
  1.7232077E-06 +/-    9.006979     %   1.8467085E-06 +/-    6.011465     % 
  1.8191985E-06 +/-    4.025382     %   1.8163886E-06 +/-    7.851730     % 
  2.2914844E-06 +/-    10.25362     %   1.6417875E-06 +/-    5.297286     % 
  1.4610172E-06 +/-    4.952068     %   5.0811025E-07 +/-    21.16237     % 

  Energy interval (GeV):  1.8849501E-02  1.1516498E-02

  Flux (Part/sr/GeV/cmq/pr):

  1.4469292E-05 +/-    9.270247     %   1.4107560E-05 +/-    16.41827     % 
  1.4469292E-05 +/-    5.590170     %   1.5554489E-05 +/-    9.081685     % 
  1.4107560E-05 +/-    6.280743     %   1.4469292E-05 +/-    5.229125     % 
  1.2298899E-05 +/-    5.502436     %   1.1213702E-05 +/-    10.39040     % 
  7.2346461E-06 +/-    19.76423     %   1.6277954E-06 +/-    36.85139     % 

  Flux (Part/deg/GeV/cmq/pr):

  3.5180514E-07 +/-    9.270247     %   8.0377856E-07 +/-    16.41827     % 
  1.0446078E-06 +/-    5.590170     %   1.2932430E-06 +/-    9.081685     % 
  1.2902728E-06 +/-    6.280743     %   1.4156923E-06 +/-    5.229125     % 
  1.2625653E-06 +/-    5.502436     %   1.1900357E-06 +/-    10.39040     % 
  7.8403394E-07 +/-    19.76423     %   1.7820939E-07 +/-    36.85139     % 

  Energy interval (GeV):  1.1516498E-02  7.0362468E-03

  Flux (Part/sr/GeV/cmq/pr):

  9.1769507E-06 +/-    17.22109     %   7.4007667E-06 +/-    6.324555     % 
  6.2166441E-06 +/-    28.57143     %   6.8087056E-06 +/-    14.74420     % 
  7.9928286E-06 +/-    11.11111     %   5.0325216E-06 +/-    40.11230     % 
  9.7690117E-06 +/-    17.66955     %   4.4404601E-06 +/-    38.00585     % 
  2.9603068E-06 +/-    44.72136     %   1.1841228E-06 +/-    25.00000     % 

  Flux (Part/deg/GeV/cmq/pr):

  2.2312760E-07 +/-    17.22109     %   4.2165885E-07 +/-    6.324555     % 
  4.4880943E-07 +/-    28.57143     %   5.6609451E-07 +/-    14.74420     % 
  7.3102149E-07 +/-    11.11111     %   4.9238770E-07 +/-    40.11230     % 
  1.0028554E-06 +/-    17.66955     %   4.7123658E-07 +/-    38.00585     % 
  3.2081473E-07 +/-    44.72136     %   1.2963655E-07 +/-    25.00000     % 

  Energy interval (GeV):  7.0362468E-03  4.2989431E-03

  Flux (Part/sr/GeV/cmq/pr):

  1.9380996E-06 +/-    72.88690     %   3.8761991E-06 +/-    31.86887     % 
  6.2988238E-06 +/-    9.421115     %   4.8452489E-06 +/-    27.38613     % 
  8.7214485E-06 +/-    31.18048     %   7.7523982E-06 +/-    20.72890     % 
  2.4226244E-06 +/-    31.62278     %   3.8761991E-06 +/-    31.86887     % 
  2.4226244E-06 +/-    31.62278     %   9.6904978E-07 +/-    61.23724     % 

  Flux (Part/deg/GeV/cmq/pr):

  4.7122789E-08 +/-    72.88690     %   2.2084654E-07 +/-    31.86887     % 
  4.5474238E-07 +/-    9.421115     %   4.0284732E-07 +/-    27.38613     % 
  7.9766079E-07 +/-    31.18048     %   7.5850357E-07 +/-    20.72890     % 
  2.4869883E-07 +/-    31.62278     %   4.1135527E-07 +/-    31.86887     % 
  2.6254494E-07 +/-    31.62278     %   1.0609059E-07 +/-    61.23724     % 

  Energy interval (GeV):  4.2989431E-03  2.6265297E-03

  Flux (Part/sr/GeV/cmq/pr):

  6.3443258E-06 +/-    42.38956     %   6.3443258E-06 +/-    31.86887     % 
  6.3443258E-06 +/-    25.00000     %   7.1373665E-06 +/-    27.21655     % 
  3.9652036E-06 +/-    31.62278     %   7.1373665E-06 +/-    36.85139     % 
  4.7582444E-06 +/-    31.18048     %   4.7582444E-06 +/-    61.23724     % 
  2.3791222E-06 +/-    40.82483     %   7.9304073E-07 +/-    99.00000     % 

  Flux (Part/deg/GeV/cmq/pr):

  1.5425540E-07 +/-    42.38956     %   3.6146812E-07 +/-    31.86887     % 
  4.5802739E-07 +/-    25.00000     %   5.9342028E-07 +/-    27.21655     % 
  3.6265624E-07 +/-    31.62278     %   6.9832817E-07 +/-    36.85139     % 
  4.8846601E-07 +/-    31.18048     %   5.0496089E-07 +/-    61.23724     % 
  2.5783052E-07 +/-    40.82483     %   8.6821295E-08 +/-    99.00000     % 

  Energy interval (GeV):  2.6265297E-03  1.6047333E-03

  Flux (Part/sr/GeV/cmq/pr):

  6.4900032E-06 +/-    31.62278     %   6.4900032E-06 +/-    44.72136     % 
  9.0860049E-06 +/-    28.57143     %   7.7880040E-06 +/-    31.18048     % 
  5.1920024E-06 +/-    46.77072     %   6.4900032E-06 +/-    54.77225     % 
  3.8940020E-06 +/-    66.66666     %   2.5960012E-06 +/-    61.23724     % 
  3.8940020E-06 +/-    66.66666     %    0.000000     +/-    0.000000     % 

  Flux (Part/deg/GeV/cmq/pr):

  1.5779739E-07 +/-    31.62278     %   3.6976809E-07 +/-    44.72136     % 
  6.5596237E-07 +/-    28.57143     %   6.4751606E-07 +/-    31.18048     % 
  4.7485887E-07 +/-    46.77072     %   6.3498942E-07 +/-    54.77225     % 
  3.9974569E-07 +/-    66.66666     %   2.7549638E-07 +/-    61.23724     % 
  4.2200125E-07 +/-    66.66666     %    0.000000     +/-    0.000000     % 

  Energy interval (GeV):  1.6047333E-03  9.8044542E-04

  Flux (Part/sr/GeV/cmq/pr):

   0.000000     +/-    0.000000     %   2.1244882E-06 +/-    99.00000     % 
  2.1244882E-06 +/-    99.00000     %   8.4979529E-06 +/-    25.00000     % 
  2.1244882E-06 +/-    99.00000     %   6.3734642E-06 +/-    66.66666     % 
  2.1244882E-06 +/-    99.00000     %   6.3734642E-06 +/-    40.82483     % 
  2.1244882E-06 +/-    99.00000     %    0.000000     +/-    0.000000     % 

  Flux (Part/deg/GeV/cmq/pr):

   0.000000     +/-    0.000000     %   1.2104276E-07 +/-    99.00000     % 
  1.5337702E-07 +/-    99.00000     %   7.0654312E-07 +/-    25.00000     % 
  1.9430499E-07 +/-    99.00000     %   6.2358708E-07 +/-    66.66666     % 
  2.1809311E-07 +/-    99.00000     %   6.7637347E-07 +/-    40.82483     % 
  2.3023529E-07 +/-    99.00000     %    0.000000     +/-    0.000000     % 

  Energy interval (GeV):  9.8044542E-04  5.9902371E-04

  Flux (Part/sr/GeV/cmq/pr):

  3.4772324E-06 +/-    99.00000     %   3.4772324E-06 +/-    99.00000     % 
  3.4772324E-06 +/-    99.00000     %   1.0431698E-05 +/-    40.82483     % 
  1.0431698E-05 +/-    66.66666     %   6.9544649E-06 +/-    99.00000     % 
  1.3908930E-05 +/-    25.00000     %   1.0431698E-05 +/-    40.82483     % 
  3.4772324E-06 +/-    99.00000     %   3.4772324E-06 +/-    99.00000     % 

  Flux (Part/deg/GeV/cmq/pr):

  8.4545135E-08 +/-    99.00000     %   1.9811540E-07 +/-    99.00000     % 
  2.5103813E-07 +/-    99.00000     %   8.6732001E-07 +/-    40.82483     % 
  9.5407972E-07 +/-    66.66666     %   6.8043289E-07 +/-    99.00000     % 
  1.4278460E-06 +/-    25.00000     %   1.1070468E-06 +/-    40.82483     % 
  3.7683506E-07 +/-    99.00000     %   3.8068387E-07 +/-    99.00000     % 

  Energy interval (GeV):  5.9902371E-04  3.6598611E-04

  Flux (Part/sr/GeV/cmq/pr):

  5.6913213E-06 +/-    99.00000     %   1.1382643E-05 +/-    61.23724     % 
   0.000000     +/-    0.000000     %   1.1382643E-05 +/-    61.23724     % 
  1.1382643E-05 +/-    99.00000     %    0.000000     +/-    0.000000     % 
   0.000000     +/-    0.000000     %   1.1382643E-05 +/-    61.23724     % 
   0.000000     +/-    0.000000     %    0.000000     +/-    0.000000     % 

  Flux (Part/deg/GeV/cmq/pr):

  1.3837831E-07 +/-    99.00000     %   6.4852634E-07 +/-    61.23724     % 
   0.000000     +/-    0.000000     %   9.4638420E-07 +/-    61.23724     % 
  1.0410528E-06 +/-    99.00000     %    0.000000     +/-    0.000000     % 
   0.000000     +/-    0.000000     %   1.2079643E-06 +/-    61.23724     % 
   0.000000     +/-    0.000000     %    0.000000     +/-    0.000000     % 

  Energy interval (GeV):  3.6598611E-04  2.2360691E-04

  Flux (Part/sr/GeV/cmq/pr):

   0.000000     +/-    0.000000     %    0.000000     +/-    0.000000     % 
  9.3152066E-06 +/-    99.00000     %    0.000000     +/-    0.000000     % 
   0.000000     +/-    0.000000     %   9.3152066E-06 +/-    99.00000     % 
   0.000000     +/-    0.000000     %   1.8630413E-05 +/-    61.23724     % 
   0.000000     +/-    0.000000     %    0.000000     +/-    0.000000     % 

  Flux (Part/deg/GeV/cmq/pr):

   0.000000     +/-    0.000000     %    0.000000     +/-    0.000000     % 
  6.7250960E-07 +/-    99.00000     %    0.000000     +/-    0.000000     % 
   0.000000     +/-    0.000000     %   9.1141061E-07 +/-    99.00000     % 
   0.000000     +/-    0.000000     %   1.9771221E-06 +/-    61.23724     % 
   0.000000     +/-    0.000000     %    0.000000     +/-    0.000000     % 

  Energy interval (GeV):  2.2360691E-04  1.3661734E-04

  Flux (Part/sr/GeV/cmq/pr):

  1.5246561E-05 +/-    99.00000     %    0.000000     +/-    0.000000     % 
   0.000000     +/-    0.000000     %    0.000000     +/-    0.000000     % 
   0.000000     +/-    0.000000     %    0.000000     +/-    0.000000     % 
   0.000000     +/-    0.000000     %    0.000000     +/-    0.000000     % 
   0.000000     +/-    0.000000     %    0.000000     +/-    0.000000     % 

  Flux (Part/deg/GeV/cmq/pr):

  3.7070359E-07 +/-    99.00000     %    0.000000     +/-    0.000000     % 
   0.000000     +/-    0.000000     %    0.000000     +/-    0.000000     % 
   0.000000     +/-    0.000000     %    0.000000     +/-    0.000000     % 
   0.000000     +/-    0.000000     %    0.000000     +/-    0.000000     % 
   0.000000     +/-    0.000000     %    0.000000     +/-    0.000000     % 

  Energy interval (GeV):  1.3661734E-04  8.3469226E-05

  Flux (Part/sr/GeV/cmq/pr):

   0.000000     +/-    0.000000     %    0.000000     +/-    0.000000     % 
   0.000000     +/-    0.000000     %    0.000000     +/-    0.000000     % 
   0.000000     +/-    0.000000     %   2.4954639E-05 +/-    99.00000     % 
   0.000000     +/-    0.000000     %    0.000000     +/-    0.000000     % 
   0.000000     +/-    0.000000     %    0.000000     +/-    0.000000     % 

  Flux (Part/deg/GeV/cmq/pr):

   0.000000     +/-    0.000000     %    0.000000     +/-    0.000000     % 
   0.000000     +/-    0.000000     %    0.000000     +/-    0.000000     % 
   0.000000     +/-    0.000000     %   2.4415908E-06 +/-    99.00000     % 
   0.000000     +/-    0.000000     %    0.000000     +/-    0.000000     % 
   0.000000     +/-    0.000000     %    0.000000     +/-    0.000000     % 

  Energy interval (GeV):  8.3469226E-05  5.0997282E-05

  Flux (Part/sr/GeV/cmq/pr):

   0.000000     +/-    0.000000     %    0.000000     +/-    0.000000     % 
   0.000000     +/-    0.000000     %   4.0844232E-05 +/-    99.00000     % 
   0.000000     +/-    0.000000     %    0.000000     +/-    0.000000     % 
   0.000000     +/-    0.000000     %    0.000000     +/-    0.000000     % 
   0.000000     +/-    0.000000     %    0.000000     +/-    0.000000     % 

  Flux (Part/deg/GeV/cmq/pr):

   0.000000     +/-    0.000000     %    0.000000     +/-    0.000000     % 
   0.000000     +/-    0.000000     %   3.3959018E-06 +/-    99.00000     % 
   0.000000     +/-    0.000000     %    0.000000     +/-    0.000000     % 
   0.000000     +/-    0.000000     %    0.000000     +/-    0.000000     % 
   0.000000     +/-    0.000000     %    0.000000     +/-    0.000000     % 

  Energy interval (GeV):  5.0997282E-05  3.1157859E-05

  Flux (Part/sr/GeV/cmq/pr):

  6.6851338E-05 +/-    99.00000     %    0.000000     +/-    0.000000     % 
   0.000000     +/-    0.000000     %    0.000000     +/-    0.000000     % 
   0.000000     +/-    0.000000     %    0.000000     +/-    0.000000     % 
   0.000000     +/-    0.000000     %    0.000000     +/-    0.000000     % 
   0.000000     +/-    0.000000     %    0.000000     +/-    0.000000     % 

  Flux (Part/deg/GeV/cmq/pr):

  1.6254179E-06 +/-    99.00000     %    0.000000     +/-    0.000000     % 
   0.000000     +/-    0.000000     %    0.000000     +/-    0.000000     % 
   0.000000     +/-    0.000000     %    0.000000     +/-    0.000000     % 
   0.000000     +/-    0.000000     %    0.000000     +/-    0.000000     % 
   0.000000     +/-    0.000000     %    0.000000     +/-    0.000000     % 

  Energy interval (GeV):  3.1157859E-05  1.9036546E-05

  Flux (Part/sr/GeV/cmq/pr):

   0.000000     +/-    0.000000     %    0.000000     +/-    0.000000     % 
   0.000000     +/-    0.000000     %    0.000000     +/-    0.000000     % 
   0.000000     +/-    0.000000     %    0.000000     +/-    0.000000     % 
  1.0941819E-04 +/-    99.00000     %    0.000000     +/-    0.000000     % 
   0.000000     +/-    0.000000     %    0.000000     +/-    0.000000     % 

  Flux (Part/deg/GeV/cmq/pr):

   0.000000     +/-    0.000000     %    0.000000     +/-    0.000000     % 
   0.000000     +/-    0.000000     %    0.000000     +/-    0.000000     % 
   0.000000     +/-    0.000000     %    0.000000     +/-    0.000000     % 
  1.1232519E-05 +/-    99.00000     %    0.000000     +/-    0.000000     % 
   0.000000     +/-    0.000000     %    0.000000     +/-    0.000000     % 

  Energy interval (GeV):  1.9036546E-05  1.1630777E-05

  Flux (Part/sr/GeV/cmq/pr):

   0.000000     +/-    0.000000     %    0.000000     +/-    0.000000     % 
   0.000000     +/-    0.000000     %   1.7908899E-04 +/-    99.00000     % 
   0.000000     +/-    0.000000     %    0.000000     +/-    0.000000     % 
   0.000000     +/-    0.000000     %    0.000000     +/-    0.000000     % 
   0.000000     +/-    0.000000     %    0.000000     +/-    0.000000     % 

  Flux (Part/deg/GeV/cmq/pr):

   0.000000     +/-    0.000000     %    0.000000     +/-    0.000000     % 
   0.000000     +/-    0.000000     %   1.4889952E-05 +/-    99.00000     % 
   0.000000     +/-    0.000000     %    0.000000     +/-    0.000000     % 
   0.000000     +/-    0.000000     %    0.000000     +/-    0.000000     % 
   0.000000     +/-    0.000000     %    0.000000     +/-    0.000000     % 

  Energy interval (GeV):  1.1630777E-05  7.1060676E-06

  Flux (Part/sr/GeV/cmq/pr):

   0.000000     +/-    0.000000     %    0.000000     +/-    0.000000     % 
   0.000000     +/-    0.000000     %    0.000000     +/-    0.000000     % 
   0.000000     +/-    0.000000     %    0.000000     +/-    0.000000     % 
   0.000000     +/-    0.000000     %    0.000000     +/-    0.000000     % 
   0.000000     +/-    0.000000     %    0.000000     +/-    0.000000     % 

  Flux (Part/deg/GeV/cmq/pr):

   0.000000     +/-    0.000000     %    0.000000     +/-    0.000000     % 
   0.000000     +/-    0.000000     %    0.000000     +/-    0.000000     % 
   0.000000     +/-    0.000000     %    0.000000     +/-    0.000000     % 
   0.000000     +/-    0.000000     %    0.000000     +/-    0.000000     % 
   0.000000     +/-    0.000000     %    0.000000     +/-    0.000000     % 

  Energy interval (GeV):  7.1060676E-06  4.3416017E-06

  Flux (Part/sr/GeV/cmq/pr):

   0.000000     +/-    0.000000     %    0.000000     +/-    0.000000     % 
   0.000000     +/-    0.000000     %    0.000000     +/-    0.000000     % 
   0.000000     +/-    0.000000     %    0.000000     +/-    0.000000     % 
   0.000000     +/-    0.000000     %    0.000000     +/-    0.000000     % 
   0.000000     +/-    0.000000     %    0.000000     +/-    0.000000     % 

  Flux (Part/deg/GeV/cmq/pr):

   0.000000     +/-    0.000000     %    0.000000     +/-    0.000000     % 
   0.000000     +/-    0.000000     %    0.000000     +/-    0.000000     % 
   0.000000     +/-    0.000000     %    0.000000     +/-    0.000000     % 
   0.000000     +/-    0.000000     %    0.000000     +/-    0.000000     % 
   0.000000     +/-    0.000000     %    0.000000     +/-    0.000000     % 

  Energy interval (GeV):  4.3416017E-06  2.6525925E-06

  Flux (Part/sr/GeV/cmq/pr):

   0.000000     +/-    0.000000     %    0.000000     +/-    0.000000     % 
   0.000000     +/-    0.000000     %    0.000000     +/-    0.000000     % 
   0.000000     +/-    0.000000     %    0.000000     +/-    0.000000     % 
   0.000000     +/-    0.000000     %    0.000000     +/-    0.000000     % 
   0.000000     +/-    0.000000     %    0.000000     +/-    0.000000     % 

  Flux (Part/deg/GeV/cmq/pr):

   0.000000     +/-    0.000000     %    0.000000     +/-    0.000000     % 
   0.000000     +/-    0.000000     %    0.000000     +/-    0.000000     % 
   0.000000     +/-    0.000000     %    0.000000     +/-    0.000000     % 
   0.000000     +/-    0.000000     %    0.000000     +/-    0.000000     % 
   0.000000     +/-    0.000000     %    0.000000     +/-    0.000000     % 

  Energy interval (GeV):  2.6525925E-06  1.6206570E-06

  Flux (Part/sr/GeV/cmq/pr):

   0.000000     +/-    0.000000     %    0.000000     +/-    0.000000     % 
   0.000000     +/-    0.000000     %    0.000000     +/-    0.000000     % 
   0.000000     +/-    0.000000     %    0.000000     +/-    0.000000     % 
   0.000000     +/-    0.000000     %    0.000000     +/-    0.000000     % 
   0.000000     +/-    0.000000     %    0.000000     +/-    0.000000     % 

  Flux (Part/deg/GeV/cmq/pr):

   0.000000     +/-    0.000000     %    0.000000     +/-    0.000000     % 
   0.000000     +/-    0.000000     %    0.000000     +/-    0.000000     % 
   0.000000     +/-    0.000000     %    0.000000     +/-    0.000000     % 
   0.000000     +/-    0.000000     %    0.000000     +/-    0.000000     % 
   0.000000     +/-    0.000000     %    0.000000     +/-    0.000000     % 

  Energy interval (GeV):  1.6206570E-06  9.9017450E-07

  Flux (Part/sr/GeV/cmq/pr):

   0.000000     +/-    0.000000     %    0.000000     +/-    0.000000     % 
   0.000000     +/-    0.000000     %    0.000000     +/-    0.000000     % 
   0.000000     +/-    0.000000     %    0.000000     +/-    0.000000     % 
   0.000000     +/-    0.000000     %    0.000000     +/-    0.000000     % 
   0.000000     +/-    0.000000     %    0.000000     +/-    0.000000     % 

  Flux (Part/deg/GeV/cmq/pr):

   0.000000     +/-    0.000000     %    0.000000     +/-    0.000000     % 
   0.000000     +/-    0.000000     %    0.000000     +/-    0.000000     % 
   0.000000     +/-    0.000000     %    0.000000     +/-    0.000000     % 
   0.000000     +/-    0.000000     %    0.000000     +/-    0.000000     % 
   0.000000     +/-    0.000000     %    0.000000     +/-    0.000000     % 

  Energy interval (GeV):  9.9017450E-07  6.0496785E-07

  Flux (Part/sr/GeV/cmq/pr):

   0.000000     +/-    0.000000     %    0.000000     +/-    0.000000     % 
   0.000000     +/-    0.000000     %    0.000000     +/-    0.000000     % 
   0.000000     +/-    0.000000     %    0.000000     +/-    0.000000     % 
   0.000000     +/-    0.000000     %    0.000000     +/-    0.000000     % 
   0.000000     +/-    0.000000     %    0.000000     +/-    0.000000     % 

  Flux (Part/deg/GeV/cmq/pr):

   0.000000     +/-    0.000000     %    0.000000     +/-    0.000000     % 
   0.000000     +/-    0.000000     %    0.000000     +/-    0.000000     % 
   0.000000     +/-    0.000000     %    0.000000     +/-    0.000000     % 
   0.000000     +/-    0.000000     %    0.000000     +/-    0.000000     % 
   0.000000     +/-    0.000000     %    0.000000     +/-    0.000000     % 

  Energy interval (GeV):  6.0496785E-07  3.6961782E-07

  Flux (Part/sr/GeV/cmq/pr):

   0.000000     +/-    0.000000     %    0.000000     +/-    0.000000     % 
   0.000000     +/-    0.000000     %    0.000000     +/-    0.000000     % 
   0.000000     +/-    0.000000     %    0.000000     +/-    0.000000     % 
   0.000000     +/-    0.000000     %    0.000000     +/-    0.000000     % 
   0.000000     +/-    0.000000     %    0.000000     +/-    0.000000     % 

  Flux (Part/deg/GeV/cmq/pr):

   0.000000     +/-    0.000000     %    0.000000     +/-    0.000000     % 
   0.000000     +/-    0.000000     %    0.000000     +/-    0.000000     % 
   0.000000     +/-    0.000000     %    0.000000     +/-    0.000000     % 
   0.000000     +/-    0.000000     %    0.000000     +/-    0.000000     % 
   0.000000     +/-    0.000000     %    0.000000     +/-    0.000000     % 

  Energy interval (GeV):  3.6961782E-07  2.2582576E-07

  Flux (Part/sr/GeV/cmq/pr):

   0.000000     +/-    0.000000     %    0.000000     +/-    0.000000     % 
   0.000000     +/-    0.000000     %    0.000000     +/-    0.000000     % 
   0.000000     +/-    0.000000     %    0.000000     +/-    0.000000     % 
   0.000000     +/-    0.000000     %    0.000000     +/-    0.000000     % 
   0.000000     +/-    0.000000     %    0.000000     +/-    0.000000     % 

  Flux (Part/deg/GeV/cmq/pr):

   0.000000     +/-    0.000000     %    0.000000     +/-    0.000000     % 
   0.000000     +/-    0.000000     %    0.000000     +/-    0.000000     % 
   0.000000     +/-    0.000000     %    0.000000     +/-    0.000000     % 
   0.000000     +/-    0.000000     %    0.000000     +/-    0.000000     % 
   0.000000     +/-    0.000000     %    0.000000     +/-    0.000000     % 

  Energy interval (GeV):  2.2582576E-07  1.3797299E-07

  Flux (Part/sr/GeV/cmq/pr):

   0.000000     +/-    0.000000     %    0.000000     +/-    0.000000     % 
   0.000000     +/-    0.000000     %    0.000000     +/-    0.000000     % 
   0.000000     +/-    0.000000     %    0.000000     +/-    0.000000     % 
   0.000000     +/-    0.000000     %    0.000000     +/-    0.000000     % 
   0.000000     +/-    0.000000     %    0.000000     +/-    0.000000     % 

  Flux (Part/deg/GeV/cmq/pr):

   0.000000     +/-    0.000000     %    0.000000     +/-    0.000000     % 
   0.000000     +/-    0.000000     %    0.000000     +/-    0.000000     % 
   0.000000     +/-    0.000000     %    0.000000     +/-    0.000000     % 
   0.000000     +/-    0.000000     %    0.000000     +/-    0.000000     % 
   0.000000     +/-    0.000000     %    0.000000     +/-    0.000000     % 

  Energy interval (GeV):  1.3797299E-07  8.4297497E-08

  Flux (Part/sr/GeV/cmq/pr):

   0.000000     +/-    0.000000     %    0.000000     +/-    0.000000     % 
   0.000000     +/-    0.000000     %    0.000000     +/-    0.000000     % 
   0.000000     +/-    0.000000     %    0.000000     +/-    0.000000     % 
   0.000000     +/-    0.000000     %    0.000000     +/-    0.000000     % 
   0.000000     +/-    0.000000     %    0.000000     +/-    0.000000     % 

  Flux (Part/deg/GeV/cmq/pr):

   0.000000     +/-    0.000000     %    0.000000     +/-    0.000000     % 
   0.000000     +/-    0.000000     %    0.000000     +/-    0.000000     % 
   0.000000     +/-    0.000000     %    0.000000     +/-    0.000000     % 
   0.000000     +/-    0.000000     %    0.000000     +/-    0.000000     % 
   0.000000     +/-    0.000000     %    0.000000     +/-    0.000000     % 

  Energy interval (GeV):  8.4297497E-08  5.1503324E-08

  Flux (Part/sr/GeV/cmq/pr):

   0.000000     +/-    0.000000     %    0.000000     +/-    0.000000     % 
   0.000000     +/-    0.000000     %    0.000000     +/-    0.000000     % 
   0.000000     +/-    0.000000     %    0.000000     +/-    0.000000     % 
   0.000000     +/-    0.000000     %    0.000000     +/-    0.000000     % 
   0.000000     +/-    0.000000     %    0.000000     +/-    0.000000     % 

  Flux (Part/deg/GeV/cmq/pr):

   0.000000     +/-    0.000000     %    0.000000     +/-    0.000000     % 
   0.000000     +/-    0.000000     %    0.000000     +/-    0.000000     % 
   0.000000     +/-    0.000000     %    0.000000     +/-    0.000000     % 
   0.000000     +/-    0.000000     %    0.000000     +/-    0.000000     % 
   0.000000     +/-    0.000000     %    0.000000     +/-    0.000000     % 

  Energy interval (GeV):  5.1503324E-08  3.1467035E-08

  Flux (Part/sr/GeV/cmq/pr):

   0.000000     +/-    0.000000     %    0.000000     +/-    0.000000     % 
   0.000000     +/-    0.000000     %    0.000000     +/-    0.000000     % 
   0.000000     +/-    0.000000     %    0.000000     +/-    0.000000     % 
   0.000000     +/-    0.000000     %    0.000000     +/-    0.000000     % 
   0.000000     +/-    0.000000     %    0.000000     +/-    0.000000     % 

  Flux (Part/deg/GeV/cmq/pr):

   0.000000     +/-    0.000000     %    0.000000     +/-    0.000000     % 
   0.000000     +/-    0.000000     %    0.000000     +/-    0.000000     % 
   0.000000     +/-    0.000000     %    0.000000     +/-    0.000000     % 
   0.000000     +/-    0.000000     %    0.000000     +/-    0.000000     % 
   0.000000     +/-    0.000000     %    0.000000     +/-    0.000000     % 

  Energy interval (GeV):  3.1467035E-08  1.9225448E-08

  Flux (Part/sr/GeV/cmq/pr):

   0.000000     +/-    0.000000     %    0.000000     +/-    0.000000     % 
   0.000000     +/-    0.000000     %    0.000000     +/-    0.000000     % 
   0.000000     +/-    0.000000     %    0.000000     +/-    0.000000     % 
   0.000000     +/-    0.000000     %    0.000000     +/-    0.000000     % 
   0.000000     +/-    0.000000     %    0.000000     +/-    0.000000     % 

  Flux (Part/deg/GeV/cmq/pr):

   0.000000     +/-    0.000000     %    0.000000     +/-    0.000000     % 
   0.000000     +/-    0.000000     %    0.000000     +/-    0.000000     % 
   0.000000     +/-    0.000000     %    0.000000     +/-    0.000000     % 
   0.000000     +/-    0.000000     %    0.000000     +/-    0.000000     % 
   0.000000     +/-    0.000000     %    0.000000     +/-    0.000000     % 

  Energy interval (GeV):  1.9225448E-08  1.1746191E-08

  Flux (Part/sr/GeV/cmq/pr):

   0.000000     +/-    0.000000     %    0.000000     +/-    0.000000     % 
   0.000000     +/-    0.000000     %    0.000000     +/-    0.000000     % 
   0.000000     +/-    0.000000     %    0.000000     +/-    0.000000     % 
   0.000000     +/-    0.000000     %    0.000000     +/-    0.000000     % 
   0.000000     +/-    0.000000     %    0.000000     +/-    0.000000     % 

  Flux (Part/deg/GeV/cmq/pr):

   0.000000     +/-    0.000000     %    0.000000     +/-    0.000000     % 
   0.000000     +/-    0.000000     %    0.000000     +/-    0.000000     % 
   0.000000     +/-    0.000000     %    0.000000     +/-    0.000000     % 
   0.000000     +/-    0.000000     %    0.000000     +/-    0.000000     % 
   0.000000     +/-    0.000000     %    0.000000     +/-    0.000000     % 

  Energy interval (GeV):  1.1746191E-08  7.1765816E-09

  Flux (Part/sr/GeV/cmq/pr):

   0.000000     +/-    0.000000     %    0.000000     +/-    0.000000     % 
   0.000000     +/-    0.000000     %    0.000000     +/-    0.000000     % 
   0.000000     +/-    0.000000     %    0.000000     +/-    0.000000     % 
   0.000000     +/-    0.000000     %    0.000000     +/-    0.000000     % 
   0.000000     +/-    0.000000     %    0.000000     +/-    0.000000     % 

  Flux (Part/deg/GeV/cmq/pr):

   0.000000     +/-    0.000000     %    0.000000     +/-    0.000000     % 
   0.000000     +/-    0.000000     %    0.000000     +/-    0.000000     % 
   0.000000     +/-    0.000000     %    0.000000     +/-    0.000000     % 
   0.000000     +/-    0.000000     %    0.000000     +/-    0.000000     % 
   0.000000     +/-    0.000000     %    0.000000     +/-    0.000000     % 

  Energy interval (GeV):  7.1765816E-09  4.3846828E-09

  Flux (Part/sr/GeV/cmq/pr):

   0.000000     +/-    0.000000     %    0.000000     +/-    0.000000     % 
   0.000000     +/-    0.000000     %    0.000000     +/-    0.000000     % 
   0.000000     +/-    0.000000     %    0.000000     +/-    0.000000     % 
   0.000000     +/-    0.000000     %    0.000000     +/-    0.000000     % 
   0.000000     +/-    0.000000     %    0.000000     +/-    0.000000     % 

  Flux (Part/deg/GeV/cmq/pr):

   0.000000     +/-    0.000000     %    0.000000     +/-    0.000000     % 
   0.000000     +/-    0.000000     %    0.000000     +/-    0.000000     % 
   0.000000     +/-    0.000000     %    0.000000     +/-    0.000000     % 
   0.000000     +/-    0.000000     %    0.000000     +/-    0.000000     % 
   0.000000     +/-    0.000000     %    0.000000     +/-    0.000000     % 

  Energy interval (GeV):  4.3846828E-09  2.6789142E-09

  Flux (Part/sr/GeV/cmq/pr):

   0.000000     +/-    0.000000     %    0.000000     +/-    0.000000     % 
   0.000000     +/-    0.000000     %    0.000000     +/-    0.000000     % 
   0.000000     +/-    0.000000     %    0.000000     +/-    0.000000     % 
   0.000000     +/-    0.000000     %    0.000000     +/-    0.000000     % 
   0.000000     +/-    0.000000     %    0.000000     +/-    0.000000     % 

  Flux (Part/deg/GeV/cmq/pr):

   0.000000     +/-    0.000000     %    0.000000     +/-    0.000000     % 
   0.000000     +/-    0.000000     %    0.000000     +/-    0.000000     % 
   0.000000     +/-    0.000000     %    0.000000     +/-    0.000000     % 
   0.000000     +/-    0.000000     %    0.000000     +/-    0.000000     % 
   0.000000     +/-    0.000000     %    0.000000     +/-    0.000000     % 

  Energy interval (GeV):  2.6789142E-09  1.6367389E-09

  Flux (Part/sr/GeV/cmq/pr):

   0.000000     +/-    0.000000     %    0.000000     +/-    0.000000     % 
   0.000000     +/-    0.000000     %    0.000000     +/-    0.000000     % 
   0.000000     +/-    0.000000     %    0.000000     +/-    0.000000     % 
   0.000000     +/-    0.000000     %    0.000000     +/-    0.000000     % 
   0.000000     +/-    0.000000     %    0.000000     +/-    0.000000     % 

  Flux (Part/deg/GeV/cmq/pr):

   0.000000     +/-    0.000000     %    0.000000     +/-    0.000000     % 
   0.000000     +/-    0.000000     %    0.000000     +/-    0.000000     % 
   0.000000     +/-    0.000000     %    0.000000     +/-    0.000000     % 
   0.000000     +/-    0.000000     %    0.000000     +/-    0.000000     % 
   0.000000     +/-    0.000000     %    0.000000     +/-    0.000000     % 

  Energy interval (GeV):  1.6367389E-09  9.9999997E-10

  Flux (Part/sr/GeV/cmq/pr):

   0.000000     +/-    0.000000     %    0.000000     +/-    0.000000     % 
   0.000000     +/-    0.000000     %    0.000000     +/-    0.000000     % 
   0.000000     +/-    0.000000     %    0.000000     +/-    0.000000     % 
   0.000000     +/-    0.000000     %    0.000000     +/-    0.000000     % 
   0.000000     +/-    0.000000     %    0.000000     +/-    0.000000     % 

  Flux (Part/deg/GeV/cmq/pr):

   0.000000     +/-    0.000000     %    0.000000     +/-    0.000000     % 
   0.000000     +/-    0.000000     %    0.000000     +/-    0.000000     % 
   0.000000     +/-    0.000000     %    0.000000     +/-    0.000000     % 
   0.000000     +/-    0.000000     %    0.000000     +/-    0.000000     % 
   0.000000     +/-    0.000000     %    0.000000     +/-    0.000000     % 
