  **** 46.bnx ****

  Charged pion fluence inside and around a proton-irradiated Be target            

  Total primaries run:         3000000
   Total weight of the primaries run:   3000000.00    


  Detector n:            1 (           1 )  piFluenUD 
     (Area:            400.000000      cmq,
      distr. scored:         209    ,
      from reg.           3  to            4 ,
      one way scoring,
      fluence scoring scoring)

     Tot. resp. (Part/cmq/pr)  5.1785947E-04  +/-  0.2062158     %
     ( -->      (Part/pr)      0.2071438      +/-  0.2062158     % )

  **** Different. Fluxes as a function of energy **** ****      (integrated over solid angle)        ****


  Energy boundaries (GeV):

   50.00005       30.54858       18.66430       11.40334       6.967113    
   4.256703       2.600722       1.588966      0.9708120      0.5931380    
  0.3623901      0.2214098      0.1352750      8.2649104E-02  5.0496202E-02
  3.0851712E-02  1.8849501E-02  1.1516498E-02  7.0362468E-03  4.2989431E-03
  2.6265297E-03  1.6047333E-03  9.8044542E-04  5.9902371E-04  3.6598611E-04
  2.2360691E-04  1.3661734E-04  8.3469226E-05  5.0997282E-05  3.1157859E-05
  1.9036546E-05  1.1630777E-05  7.1060676E-06  4.3416017E-06  2.6525925E-06
  1.6206570E-06  9.9017450E-07  6.0496785E-07  3.6961782E-07  2.2582576E-07
  1.3797299E-07  8.4297497E-08  5.1503324E-08  3.1467035E-08  1.9225448E-08
  1.1746191E-08  7.1765816E-09  4.3846828E-09  2.6789142E-09  1.6367389E-09
  Lowest boundary   (GeV):  9.9999997E-10

  Flux (Part/GeV/cmq/pr):

  2.1595742E-08 +/-    4.914009     %   3.6916617E-07 +/-   0.9568486     % 
  1.8239064E-06 +/-   0.9068942     %   6.0669754E-06 +/-   0.7375335     % 
  1.4776766E-05 +/-   0.5598921     %   3.0237481E-05 +/-   0.4371214     % 
  5.6224642E-05 +/-   0.2832780     %   9.6535630E-05 +/-   0.3632108     % 
  1.6157726E-04 +/-   0.3200286     %   2.6777046E-04 +/-   0.5888870     % 
  3.7538313E-04 +/-   0.5825881     %   4.2763099E-04 +/-   0.9008018     % 
  4.6638848E-04 +/-    1.955986     %   4.6131003E-04 +/-    2.302121     % 
  4.2079506E-04 +/-    4.774235     %   3.1056741E-04 +/-    5.287856     % 
  1.8642706E-04 +/-    8.974051     %   9.4387782E-05 +/-    8.385666     % 
  6.4470245E-05 +/-    7.816137     %   7.1807248E-05 +/-    6.708612     % 
  6.8456386E-05 +/-    19.43820     %   5.2884698E-05 +/-    18.88699     % 
  1.3419443E-04 +/-    33.54683     %   6.4912376E-05 +/-    44.42859     % 
  6.7633846E-05 +/-    42.22335     %   1.0406965E-05 +/-    99.00000     % 
  3.3868848E-05 +/-    99.00000     %   4.0690549E-05 +/-    99.00000     % 
  4.6502202E-05 +/-    99.00000     %   2.0928806E-04 +/-    99.00000     % 
  1.6575387E-04 +/-    99.00000     %    0.000000     +/-    0.000000     % 
   0.000000     +/-    0.000000     %    0.000000     +/-    0.000000     % 
   0.000000     +/-    0.000000     %    0.000000     +/-    0.000000     % 
   0.000000     +/-    0.000000     %    0.000000     +/-    0.000000     % 
   0.000000     +/-    0.000000     %    0.000000     +/-    0.000000     % 
   0.000000     +/-    0.000000     %    0.000000     +/-    0.000000     % 
   0.000000     +/-    0.000000     %    0.000000     +/-    0.000000     % 
   0.000000     +/-    0.000000     %    0.000000     +/-    0.000000     % 
   0.000000     +/-    0.000000     %    0.000000     +/-    0.000000     % 
   0.000000     +/-    0.000000     %    0.000000     +/-    0.000000     % 


  **** Cumulative Fluxes as a function of energy **** ****      (integrated over solid angle)        ****


  Energy boundaries (GeV):

   50.00005       30.54858       18.66430       11.40334       6.967113    
   4.256703       2.600722       1.588966      0.9708120      0.5931380    
  0.3623901      0.2214098      0.1352750      8.2649104E-02  5.0496202E-02
  3.0851712E-02  1.8849501E-02  1.1516498E-02  7.0362468E-03  4.2989431E-03
  2.6265297E-03  1.6047333E-03  9.8044542E-04  5.9902371E-04  3.6598611E-04
  2.2360691E-04  1.3661734E-04  8.3469226E-05  5.0997282E-05  3.1157859E-05
  1.9036546E-05  1.1630777E-05  7.1060676E-06  4.3416017E-06  2.6525925E-06
  1.6206570E-06  9.9017450E-07  6.0496785E-07  3.6961782E-07  2.2582576E-07
  1.3797299E-07  8.4297497E-08  5.1503324E-08  3.1467035E-08  1.9225448E-08
  1.1746191E-08  7.1765816E-09  4.3846828E-09  2.6789142E-09  1.6367389E-09
  Lowest boundary   (GeV):  9.9999997E-10

  Cumul. Flux (Part/cmq/pr):

  4.2006883E-07 +/-    4.914009     %   4.8073448E-06 +/-    1.081498     % 
  1.8050641E-05 +/-   0.8081456     %   4.4965145E-05 +/-   0.6505961     % 
  8.5016225E-05 +/-   0.5609203     %   1.3508892E-04 +/-   0.3950638     % 
  1.9197457E-04 +/-   0.3228490     %   2.5164842E-04 +/-   0.1686634     % 
  3.1267197E-04 +/-   0.1462199     %   3.7445946E-04 +/-   0.1851502     % 
  4.2738108E-04 +/-   0.1639672     %   4.6421497E-04 +/-   0.1697727     % 
  4.8875908E-04 +/-   0.1888109     %   5.0359155E-04 +/-   0.1867836     % 
  5.1185786E-04 +/-   0.1917100     %   5.1558536E-04 +/-   0.2102233     % 
  5.1695242E-04 +/-   0.2032483     %   5.1737530E-04 +/-   0.2050878     % 
  5.1755179E-04 +/-   0.2049344     %   5.1767187E-04 +/-   0.2060761     % 
  5.1774184E-04 +/-   0.2081179     %   5.1777484E-04 +/-   0.2072950     % 
  5.1782600E-04 +/-   0.2048266     %   5.1784114E-04 +/-   0.2056642     % 
  5.1785080E-04 +/-   0.2063225     %   5.1785167E-04 +/-   0.2062872     % 
  5.1785348E-04 +/-   0.2064959     %   5.1785482E-04 +/-   0.2063254     % 
  5.1785575E-04 +/-   0.2064325     %   5.1785825E-04 +/-   0.2062862     % 
  5.1785947E-04 +/-   0.2062157     %   5.1785947E-04 +/-   0.2062157     % 
  5.1785947E-04 +/-   0.2062157     %   5.1785947E-04 +/-   0.2062157     % 
  5.1785947E-04 +/-   0.2062157     %   5.1785947E-04 +/-   0.2062157     % 
  5.1785947E-04 +/-   0.2062157     %   5.1785947E-04 +/-   0.2062157     % 
  5.1785947E-04 +/-   0.2062157     %   5.1785947E-04 +/-   0.2062157     % 
  5.1785947E-04 +/-   0.2062157     %   5.1785947E-04 +/-   0.2062157     % 
  5.1785947E-04 +/-   0.2062157     %   5.1785947E-04 +/-   0.2062157     % 
  5.1785947E-04 +/-   0.2062157     %   5.1785947E-04 +/-   0.2062157     % 
  5.1785947E-04 +/-   0.2062157     %   5.1785947E-04 +/-   0.2062157     % 
  5.1785947E-04 +/-   0.2062157     %   5.1785947E-04 +/-   0.2062157     % 

  **** Double diff. Fluxes as a function of energy ****


  Solid angle minimum value (sr):   0.000000    

  Solid angle upper boundaries (sr):

  0.6283185       1.256637       1.884956       2.513274       3.141593    
   3.769911       4.398230       5.026548       5.654867       6.283185    

  Angular minimum value (deg.):   0.000000    

  Angular upper boundaries (deg.):

   25.84193       36.86990       45.57299       53.13010       60.00000    
   66.42182       72.54240       78.46304       84.26083       90.00000    


  Energy interval (GeV):   50.00005       30.54858    

  Flux (Part/sr/GeV/cmq/pr):

  3.4370689E-08 +/-    4.914009     %    0.000000     +/-    0.000000     % 
   0.000000     +/-    0.000000     %    0.000000     +/-    0.000000     % 
   0.000000     +/-    0.000000     %    0.000000     +/-    0.000000     % 
   0.000000     +/-    0.000000     %    0.000000     +/-    0.000000     % 
   0.000000     +/-    0.000000     %    0.000000     +/-    0.000000     % 

  Flux (Part/deg/GeV/cmq/pr):

  8.3568602E-10 +/-    4.914009     %    0.000000     +/-    0.000000     % 
   0.000000     +/-    0.000000     %    0.000000     +/-    0.000000     % 
   0.000000     +/-    0.000000     %    0.000000     +/-    0.000000     % 
   0.000000     +/-    0.000000     %    0.000000     +/-    0.000000     % 
   0.000000     +/-    0.000000     %    0.000000     +/-    0.000000     % 

  Energy interval (GeV):   30.54858       18.66430    

  Flux (Part/sr/GeV/cmq/pr):

  5.8754620E-07 +/-   0.9568486     %    0.000000     +/-    0.000000     % 
   0.000000     +/-    0.000000     %    0.000000     +/-    0.000000     % 
   0.000000     +/-    0.000000     %    0.000000     +/-    0.000000     % 
   0.000000     +/-    0.000000     %    0.000000     +/-    0.000000     % 
   0.000000     +/-    0.000000     %    0.000000     +/-    0.000000     % 

  Flux (Part/deg/GeV/cmq/pr):

  1.4285549E-08 +/-   0.9568486     %    0.000000     +/-    0.000000     % 
   0.000000     +/-    0.000000     %    0.000000     +/-    0.000000     % 
   0.000000     +/-    0.000000     %    0.000000     +/-    0.000000     % 
   0.000000     +/-    0.000000     %    0.000000     +/-    0.000000     % 
   0.000000     +/-    0.000000     %    0.000000     +/-    0.000000     % 

  Energy interval (GeV):   18.66430       11.40334    

  Flux (Part/sr/GeV/cmq/pr):

  2.9028370E-06 +/-   0.9068942     %    0.000000     +/-    0.000000     % 
   0.000000     +/-    0.000000     %    0.000000     +/-    0.000000     % 
   0.000000     +/-    0.000000     %    0.000000     +/-    0.000000     % 
   0.000000     +/-    0.000000     %    0.000000     +/-    0.000000     % 
   0.000000     +/-    0.000000     %    0.000000     +/-    0.000000     % 

  Flux (Part/deg/GeV/cmq/pr):

  7.0579333E-08 +/-   0.9068942     %    0.000000     +/-    0.000000     % 
   0.000000     +/-    0.000000     %    0.000000     +/-    0.000000     % 
   0.000000     +/-    0.000000     %    0.000000     +/-    0.000000     % 
   0.000000     +/-    0.000000     %    0.000000     +/-    0.000000     % 
   0.000000     +/-    0.000000     %    0.000000     +/-    0.000000     % 

  Energy interval (GeV):   11.40334       6.967113    

  Flux (Part/sr/GeV/cmq/pr):

  9.6558915E-06 +/-   0.7375335     %    0.000000     +/-    0.000000     % 
   0.000000     +/-    0.000000     %    0.000000     +/-    0.000000     % 
   0.000000     +/-    0.000000     %    0.000000     +/-    0.000000     % 
   0.000000     +/-    0.000000     %    0.000000     +/-    0.000000     % 
   0.000000     +/-    0.000000     %    0.000000     +/-    0.000000     % 

  Flux (Part/deg/GeV/cmq/pr):

  2.3477251E-07 +/-   0.7375335     %    0.000000     +/-    0.000000     % 
   0.000000     +/-    0.000000     %    0.000000     +/-    0.000000     % 
   0.000000     +/-    0.000000     %    0.000000     +/-    0.000000     % 
   0.000000     +/-    0.000000     %    0.000000     +/-    0.000000     % 
   0.000000     +/-    0.000000     %    0.000000     +/-    0.000000     % 

  Energy interval (GeV):   6.967113       4.256703    

  Flux (Part/sr/GeV/cmq/pr):

  2.3517952E-05 +/-   0.5598921     %    0.000000     +/-    0.000000     % 
   0.000000     +/-    0.000000     %    0.000000     +/-    0.000000     % 
   0.000000     +/-    0.000000     %    0.000000     +/-    0.000000     % 
   0.000000     +/-    0.000000     %    0.000000     +/-    0.000000     % 
   0.000000     +/-    0.000000     %    0.000000     +/-    0.000000     % 

  Flux (Part/deg/GeV/cmq/pr):

  5.7181347E-07 +/-   0.5598921     %    0.000000     +/-    0.000000     % 
   0.000000     +/-    0.000000     %    0.000000     +/-    0.000000     % 
   0.000000     +/-    0.000000     %    0.000000     +/-    0.000000     % 
   0.000000     +/-    0.000000     %    0.000000     +/-    0.000000     % 
   0.000000     +/-    0.000000     %    0.000000     +/-    0.000000     % 

  Energy interval (GeV):   4.256703       2.600722    

  Flux (Part/sr/GeV/cmq/pr):

  4.8050984E-05 +/-   0.4392781     %   7.1412046E-08 +/-    9.589725     % 
  2.0474640E-09 +/-    99.00000     %    0.000000     +/-    0.000000     % 
   0.000000     +/-    0.000000     %    0.000000     +/-    0.000000     % 
   0.000000     +/-    0.000000     %    0.000000     +/-    0.000000     % 
   0.000000     +/-    0.000000     %    0.000000     +/-    0.000000     % 

  Flux (Part/deg/GeV/cmq/pr):

  1.1683076E-06 +/-   0.4392781     %   4.0687032E-09 +/-    9.589725     % 
  1.4781626E-10 +/-    99.00000     %    0.000000     +/-    0.000000     % 
   0.000000     +/-    0.000000     %    0.000000     +/-    0.000000     % 
   0.000000     +/-    0.000000     %    0.000000     +/-    0.000000     % 
   0.000000     +/-    0.000000     %    0.000000     +/-    0.000000     % 

  Energy interval (GeV):   2.600722       1.588966    

  Flux (Part/sr/GeV/cmq/pr):

  8.7355402E-05 +/-   0.2709656     %   1.9417303E-06 +/-    4.193373     % 
  1.7147785E-07 +/-    15.07921     %   1.5688428E-08 +/-    37.23180     % 
   0.000000     +/-    0.000000     %    0.000000     +/-    0.000000     % 
   0.000000     +/-    0.000000     %    0.000000     +/-    0.000000     % 
   0.000000     +/-    0.000000     %    0.000000     +/-    0.000000     % 

  Flux (Part/deg/GeV/cmq/pr):

  2.1239518E-06 +/-   0.2709656     %   1.1063013E-07 +/-    4.193373     % 
  1.2379810E-08 +/-    15.07921     %   1.3043790E-09 +/-    37.23180     % 
   0.000000     +/-    0.000000     %    0.000000     +/-    0.000000     % 
   0.000000     +/-    0.000000     %    0.000000     +/-    0.000000     % 
   0.000000     +/-    0.000000     %    0.000000     +/-    0.000000     % 

  Energy interval (GeV):   1.588966      0.9708120    

  Flux (Part/sr/GeV/cmq/pr):

  1.3388385E-04 +/-   0.3344371     %   1.4591705E-05 +/-   0.3441374     % 
  3.4235045E-06 +/-    4.312842     %   1.1293558E-06 +/-    4.863248     % 
  3.6721300E-07 +/-    5.287014     %   1.4888288E-07 +/-    18.19374     % 
  4.0836408E-08 +/-    53.89088     %   4.1280032E-08 +/-    63.83612     % 
  1.4590027E-08 +/-    99.00000     %    0.000000     +/-    0.000000     % 

  Flux (Part/deg/GeV/cmq/pr):

  3.2552407E-06 +/-   0.3344371     %   8.3136274E-07 +/-   0.3441374     % 
  2.4715925E-07 +/-    4.312842     %   9.3897754E-08 +/-    4.863248     % 
  3.3585181E-08 +/-    5.287014     %   1.4566872E-08 +/-    18.19374     % 
  4.1921342E-09 +/-    53.89088     %   4.3807757E-09 +/-    63.83612     % 
  1.5811522E-09 +/-    99.00000     %    0.000000     +/-    0.000000     % 

  Energy interval (GeV):  0.9708120      0.5931380    

  Flux (Part/sr/GeV/cmq/pr):

  1.6543113E-04 +/-   0.4777819     %   4.7751691E-05 +/-   0.8426797     % 
  2.0567259E-05 +/-   0.9850738     %   9.8657720E-06 +/-    1.178249     % 
  5.7528168E-06 +/-   0.8315987     %   3.2817179E-06 +/-    6.043028     % 
  2.0947564E-06 +/-    8.924595     %   1.4086056E-06 +/-    17.99084     % 
  7.0010788E-07 +/-    21.86660     %   3.0433651E-07 +/-    34.41105     % 

  Flux (Part/deg/GeV/cmq/pr):

  4.0222785E-06 +/-   0.4777819     %   2.7206536E-06 +/-   0.8426797     % 
  1.4848492E-06 +/-   0.9850738     %   8.2026742E-07 +/-    1.178249     % 
  5.2615076E-07 +/-   0.8315987     %   3.2108707E-07 +/-    6.043028     % 
  2.1504094E-07 +/-    8.924595     %   1.4948597E-07 +/-    17.99084     % 
  7.5872173E-08 +/-    21.86660     %   3.3318454E-08 +/-    34.41105     % 

  Energy interval (GeV):  0.5931380      0.3623901    

  Flux (Part/sr/GeV/cmq/pr):

  1.6342892E-04 +/-   0.5304198     %   8.7814333E-05 +/-   0.9302742     % 
  5.1706131E-05 +/-    1.111470     %   3.4264202E-05 +/-    1.212232     % 
  2.5029294E-05 +/-    2.163466     %   1.8182900E-05 +/-    3.031823     % 
  1.6761676E-05 +/-    3.954780     %   1.2415202E-05 +/-    3.521389     % 
  1.0434917E-05 +/-    5.261078     %   6.1323276E-06 +/-    15.06636     % 

  Flux (Part/deg/GeV/cmq/pr):

  3.9735969E-06 +/-   0.5304198     %   5.0032236E-06 +/-   0.9302742     % 
  3.7329141E-06 +/-    1.111470     %   2.8488200E-06 +/-    1.212232     % 
  2.2891711E-06 +/-    2.163466     %   1.7790359E-06 +/-    3.031823     % 
  1.7206997E-06 +/-    3.954780     %   1.3175430E-06 +/-    3.521389     % 
  1.1308541E-06 +/-    5.261078     %   6.7136097E-07 +/-    15.06636     % 

  Energy interval (GeV):  0.3623901      0.2214098    

  Flux (Part/sr/GeV/cmq/pr):

  1.3192775E-04 +/-   0.3386721     %   1.0169570E-04 +/-    1.211619     % 
  7.5386233E-05 +/-   0.3828031     %   5.8250022E-05 +/-   0.7897434     % 
  4.9933569E-05 +/-    2.461157     %   4.4888173E-05 +/-    1.461430     % 
  3.9493054E-05 +/-    2.646111     %   3.6833371E-05 +/-    2.887403     % 
  3.4972021E-05 +/-    5.020136     %   2.4060897E-05 +/-    10.36124     % 

  Flux (Part/deg/GeV/cmq/pr):

  3.2076800E-06 +/-   0.3386721     %   5.7941147E-06 +/-    1.211619     % 
  5.4424950E-06 +/-   0.3828031     %   4.8430670E-06 +/-   0.7897434     % 
  4.5669080E-06 +/-    2.461157     %   4.3919108E-06 +/-    1.461430     % 
  4.0542300E-06 +/-    2.646111     %   3.9088809E-06 +/-    2.887403     % 
  3.7899922E-06 +/-    5.020136     %   2.6341625E-06 +/-    10.36124     % 

  Energy interval (GeV):  0.2214098      0.1352750    

  Flux (Part/sr/GeV/cmq/pr):

  9.3325390E-05 +/-    1.028606     %   8.2302482E-05 +/-    1.801047     % 
  7.5557924E-05 +/-    1.684231     %   6.9456444E-05 +/-    2.290993     % 
  6.7945002E-05 +/-    1.780103     %   6.2489387E-05 +/-    2.719438     % 
  5.9408419E-05 +/-    1.288910     %   6.6739434E-05 +/-    2.178948     % 
  5.7448360E-05 +/-    3.951360     %   4.5923010E-05 +/-    16.94451     % 

  Flux (Part/deg/GeV/cmq/pr):

  2.2691056E-06 +/-    1.028606     %   4.6891860E-06 +/-    1.801047     % 
  5.4548896E-06 +/-    1.684231     %   5.7747998E-06 +/-    2.290993     % 
  6.2142281E-06 +/-    1.780103     %   6.1140336E-06 +/-    2.719438     % 
  6.0986772E-06 +/-    1.288910     %   7.0826127E-06 +/-    2.178948     % 
  6.2258009E-06 +/-    3.951360     %   5.0276049E-06 +/-    16.94451     % 

  Energy interval (GeV):  0.1352750      8.2649104E-02

  Flux (Part/sr/GeV/cmq/pr):

  6.5523120E-05 +/-    2.192327     %   6.1600651E-05 +/-    3.618174     % 
  6.5267144E-05 +/-    2.182379     %   6.9318856E-05 +/-    1.978193     % 
  7.1707145E-05 +/-    1.311377     %   7.1229188E-05 +/-    1.828844     % 
  8.0450256E-05 +/-    2.584152     %   8.4593208E-05 +/-    4.894968     % 
  8.9932611E-05 +/-    4.377070     %   8.2658109E-05 +/-    6.246563     % 

  Flux (Part/deg/GeV/cmq/pr):

  1.5931237E-06 +/-    2.192327     %   3.5096987E-06 +/-    3.618174     % 
  4.7119493E-06 +/-    2.182379     %   5.7633602E-06 +/-    1.978193     % 
  6.5583122E-06 +/-    1.311377     %   6.9691459E-06 +/-    1.828844     % 
  8.2587640E-06 +/-    2.584152     %   8.9773157E-06 +/-    4.894968     % 
  9.7461880E-06 +/-    4.377070     %   9.0493259E-06 +/-    6.246563     % 

  Energy interval (GeV):  8.2649104E-02  5.0496202E-02

  Flux (Part/sr/GeV/cmq/pr):

  5.3465923E-05 +/-    3.036126     %   5.3805179E-05 +/-    2.552437     % 
  5.5710501E-05 +/-    3.069138     %   5.7570236E-05 +/-    5.740510     % 
  6.5556000E-05 +/-    4.174564     %   7.4362208E-05 +/-    1.715589     % 
  7.8590820E-05 +/-    2.417212     %   1.0023610E-04 +/-    5.739161     % 
  1.0048012E-04 +/-    3.142976     %   9.4420604E-05 +/-    12.93437     % 

  Flux (Part/deg/GeV/cmq/pr):

  1.2999659E-06 +/-    3.036126     %   3.0655513E-06 +/-    2.552437     % 
  4.0220089E-06 +/-    3.069138     %   4.7865478E-06 +/-    5.740510     % 
  5.9957301E-06 +/-    4.174564     %   7.2756839E-06 +/-    1.715589     % 
  8.0678810E-06 +/-    2.417212     %   1.0637391E-05 +/-    5.739161     % 
  1.0889245E-05 +/-    3.142976     %   1.0337071E-05 +/-    12.93437     % 

  Energy interval (GeV):  5.0496202E-02  3.0851712E-02

  Flux (Part/sr/GeV/cmq/pr):

  3.8113973E-05 +/-    2.082312     %   4.4370252E-05 +/-    5.185396     % 
  4.0420426E-05 +/-    2.393646     %   4.5879675E-05 +/-    5.277659     % 
  5.4388143E-05 +/-    6.405924     %   6.8231682E-05 +/-    2.786400     % 
  8.0680526E-05 +/-    4.231028     %   8.7649518E-05 +/-    2.926179     % 
  9.6624812E-05 +/-    6.586654     %   1.1335711E-04 +/-    25.72731     % 

  Flux (Part/deg/GeV/cmq/pr):

  9.2669990E-07 +/-    2.082312     %   2.5279962E-06 +/-    5.185396     % 
  2.9181449E-06 +/-    2.393646     %   3.8145624E-06 +/-    5.277659     % 
  4.9743221E-06 +/-    6.405924     %   6.6758662E-06 +/-    2.786400     % 
  8.2824026E-06 +/-    4.231028     %   9.3016615E-06 +/-    2.926179     % 
  1.0471435E-05 +/-    6.586654     %   1.2410221E-05 +/-    25.72731     % 

  Energy interval (GeV):  3.0851712E-02  1.8849501E-02

  Flux (Part/sr/GeV/cmq/pr):

  2.6707241E-05 +/-    4.448701     %   2.4328727E-05 +/-    6.438728     % 
  3.1978721E-05 +/-    8.817971     %   3.4102919E-05 +/-    5.909143     % 
  3.6199966E-05 +/-    4.110714     %   4.1630679E-05 +/-    7.451934     % 
  6.3246771E-05 +/-    10.23236     %   6.2670384E-05 +/-    6.402486     % 
  9.0476256E-05 +/-    4.480668     %   8.2941704E-05 +/-    23.31893     % 

  Flux (Part/deg/GeV/cmq/pr):

  6.4935756E-07 +/-    4.448701     %   1.3861298E-06 +/-    6.438728     % 
  2.3086977E-06 +/-    8.817971     %   2.8354107E-06 +/-    5.909143     % 
  3.3108370E-06 +/-    4.110714     %   4.0731938E-06 +/-    7.451934     % 
  6.4927094E-06 +/-    10.23236     %   6.6507919E-06 +/-    6.402486     % 
  9.8051041E-06 +/-    4.480668     %   9.0803733E-06 +/-    23.31893     % 

  Energy interval (GeV):  1.8849501E-02  1.1516498E-02

  Flux (Part/sr/GeV/cmq/pr):

  1.5285128E-05 +/-    8.961287     %   1.6557240E-05 +/-    16.38129     % 
  1.9320856E-05 +/-    5.356446     %   2.3978184E-05 +/-    9.084620     % 
  2.5907779E-05 +/-    5.886957     %   3.1453954E-05 +/-    5.568893     % 
  3.4906367E-05 +/-    5.390581     %   4.5298842E-05 +/-    9.949982     % 
  4.6178349E-05 +/-    20.40320     %   3.7821181E-05 +/-    51.33372     % 

  Flux (Part/deg/GeV/cmq/pr):

  3.7164131E-07 +/-    8.961287     %   9.4334916E-07 +/-    16.38129     % 
  1.3948655E-06 +/-    5.356446     %   1.9936122E-06 +/-    9.084620     % 
  2.3695170E-06 +/-    5.886957     %   3.0774909E-06 +/-    5.568893     % 
  3.5833752E-06 +/-    5.390581     %   4.8072652E-06 +/-    9.949982     % 
  5.0044455E-06 +/-    20.40320     %   4.1406247E-06 +/-    51.33372     % 

  Energy interval (GeV):  1.1516498E-02  7.0362468E-03

  Flux (Part/sr/GeV/cmq/pr):

  9.7125212E-06 +/-    17.29485     %   8.6490745E-06 +/-    6.604464     % 
  8.2749457E-06 +/-    28.64522     %   1.0407733E-05 +/-    14.46508     % 
  1.4509604E-05 +/-    10.82704     %   1.1130784E-05 +/-    40.26328     % 
  2.8031058E-05 +/-    17.78607     %   1.7995035E-05 +/-    39.67016     % 
  1.6758557E-05 +/-    44.31192     %   2.4753501E-05 +/-    36.21672     % 

  Flux (Part/deg/GeV/cmq/pr):

  2.3614942E-07 +/-    17.29485     %   4.9278123E-07 +/-    6.604464     % 
  5.9740813E-07 +/-    28.64522     %   8.6532759E-07 +/-    14.46508     % 
  1.3270436E-06 +/-    10.82704     %   1.0890487E-06 +/-    40.26328     % 
  2.8775783E-06 +/-    17.78607     %   1.9096938E-06 +/-    39.67016     % 
  1.8161603E-06 +/-    44.31192     %   2.7099882E-06 +/-    36.21672     % 

  Energy interval (GeV):  7.0362468E-03  4.2989431E-03

  Flux (Part/sr/GeV/cmq/pr):

  2.0378002E-06 +/-    73.44603     %   4.5102493E-06 +/-    31.84429     % 
  8.4518142E-06 +/-    9.781499     %   7.4565251E-06 +/-    27.76090     % 
  1.6129408E-05 +/-    31.58734     %   1.7968778E-05 +/-    20.97277     % 
  6.6879543E-06 +/-    32.04972     %   1.4910331E-05 +/-    33.38268     % 
  1.3975845E-05 +/-    33.35498     %   1.0478881E-05 +/-    61.48572     % 

  Flux (Part/deg/GeV/cmq/pr):

  4.9546898E-08 +/-    73.44603     %   2.5697156E-07 +/-    31.84429     % 
  6.1017710E-07 +/-    9.781499     %   6.1995604E-07 +/-    27.76090     % 
  1.4751904E-06 +/-    31.58734     %   1.7580859E-06 +/-    20.97277     % 
  6.8656385E-07 +/-    32.04972     %   1.5823344E-06 +/-    33.38268     % 
  1.5145920E-06 +/-    33.35498     %   1.1472172E-06 +/-    61.48572     % 

  Energy interval (GeV):  4.2989431E-03  2.6265297E-03

  Flux (Part/sr/GeV/cmq/pr):

  6.8492745E-06 +/-    42.53841     %   7.3258220E-06 +/-    32.78811     % 
  8.6141163E-06 +/-    25.02022     %   1.0650938E-05 +/-    27.00790     % 
  7.2643966E-06 +/-    32.14009     %   1.6063843E-05 +/-    37.08887     % 
  1.4196859E-05 +/-    31.19514     %   2.0230182E-05 +/-    61.48203     % 
  1.4605255E-05 +/-    42.73219     %   8.4840940E-06 +/-    99.00000     % 

  Flux (Part/deg/GeV/cmq/pr):

  1.6653269E-07 +/-    42.53841     %   4.1738889E-07 +/-    32.78811     % 
  6.2189446E-07 +/-    25.02022     %   8.8554822E-07 +/-    27.00790     % 
  6.6439935E-07 +/-    32.14009     %   1.5717048E-06 +/-    37.08887     % 
  1.4574039E-06 +/-    31.19514     %   2.1468950E-06 +/-    61.48203     % 
  1.5828025E-06 +/-    42.73219     %   9.2882999E-07 +/-    99.00000     % 

  Energy interval (GeV):  2.6265297E-03  1.6047333E-03

  Flux (Part/sr/GeV/cmq/pr):

  6.8646423E-06 +/-    32.19522     %   7.5897033E-06 +/-    45.19557     % 
  1.1995289E-05 +/-    28.57556     %   1.2492646E-05 +/-    31.04507     % 
  9.4789293E-06 +/-    44.90882     %   1.4186755E-05 +/-    54.91085     % 
  1.1505712E-05 +/-    67.76310     %   9.7029751E-06 +/-    61.61594     % 
  2.5135068E-05 +/-    62.77506     %    0.000000     +/-    0.000000     % 

  Flux (Part/deg/GeV/cmq/pr):

  1.6690633E-07 +/-    32.19522     %   4.3242352E-07 +/-    45.19557     % 
  8.6599761E-07 +/-    28.57556     %   1.0386730E-06 +/-    31.04507     % 
  8.6693979E-07 +/-    44.90882     %   1.3880484E-06 +/-    54.91085     % 
  1.1811394E-06 +/-    67.76310     %   1.0297123E-06 +/-    61.61594     % 
  2.7239407E-06 +/-    62.77506     %    0.000000     +/-    0.000000     % 

  Energy interval (GeV):  1.6047333E-03  9.8044542E-04

  Flux (Part/sr/GeV/cmq/pr):

   0.000000     +/-    0.000000     %   2.4703863E-06 +/-    99.00000     % 
  2.7417116E-06 +/-    99.00000     %   1.3070821E-05 +/-    25.11326     % 
  3.7546956E-06 +/-    99.00000     %   1.4584396E-05 +/-    68.38853     % 
  6.1902929E-06 +/-    99.00000     %   2.6414687E-05 +/-    41.12423     % 
  1.4941616E-05 +/-    99.00000     %    0.000000     +/-    0.000000     % 

  Flux (Part/deg/GeV/cmq/pr):

   0.000000     +/-    0.000000     %   1.4075032E-07 +/-    99.00000     % 
  1.9793734E-07 +/-    99.00000     %   1.0867441E-06 +/-    25.11326     % 
  3.4340326E-07 +/-    99.00000     %   1.4269541E-06 +/-    68.38853     % 
  6.3547554E-07 +/-    99.00000     %   2.8032155E-06 +/-    41.12423     % 
  1.6192546E-06 +/-    99.00000     %    0.000000     +/-    0.000000     % 

  Energy interval (GeV):  9.8044542E-04  5.9902371E-04

  Flux (Part/sr/GeV/cmq/pr):

  3.5464686E-06 +/-    99.00000     %   4.0386708E-06 +/-    99.00000     % 
  4.4947387E-06 +/-    99.00000     %   1.6184567E-05 +/-    40.85752     % 
  1.9346706E-05 +/-    66.63307     %   1.4462213E-05 +/-    99.00000     % 
  3.9288527E-05 +/-    25.41695     %   4.0221130E-05 +/-    41.51775     % 
  1.9632478E-05 +/-    99.00000     %   5.2361556E-05 +/-    99.00000     % 

  Flux (Part/deg/GeV/cmq/pr):

  8.6228539E-08 +/-    99.00000     %   2.3010337E-07 +/-    99.00000     % 
  3.2449680E-07 +/-    99.00000     %   1.3456295E-06 +/-    40.85752     % 
  1.7694435E-06 +/-    66.63307     %   1.4149996E-06 +/-    99.00000     % 
  4.0332338E-06 +/-    25.41695     %   4.2684014E-06 +/-    41.51775     % 
  2.1276132E-06 +/-    99.00000     %   5.7324901E-06 +/-    99.00000     % 

  Energy interval (GeV):  5.9902371E-04  3.6598611E-04

  Flux (Part/sr/GeV/cmq/pr):

  6.0893544E-06 +/-    99.00000     %   1.3386585E-05 +/-    61.35305     % 
   0.000000     +/-    0.000000     %   1.7526851E-05 +/-    61.41602     % 
  2.0652089E-05 +/-    99.00000     %    0.000000     +/-    0.000000     % 
   0.000000     +/-    0.000000     %   4.5656368E-05 +/-    62.38479     % 
   0.000000     +/-    0.000000     %    0.000000     +/-    0.000000     % 

  Flux (Part/deg/GeV/cmq/pr):

  1.4805605E-07 +/-    99.00000     %   7.6270101E-07 +/-    61.35305     % 
   0.000000     +/-    0.000000     %   1.4572306E-06 +/-    61.41602     % 
  1.8888334E-06 +/-    99.00000     %    0.000000     +/-    0.000000     % 
   0.000000     +/-    0.000000     %   4.8452071E-06 +/-    62.38479     % 
   0.000000     +/-    0.000000     %    0.000000     +/-    0.000000     % 

  Energy interval (GeV):  3.6598611E-04  2.2360691E-04

  Flux (Part/sr/GeV/cmq/pr):

   0.000000     +/-    0.000000     %    0.000000     +/-    0.000000     % 
  1.1713554E-05 +/-    99.00000     %    0.000000     +/-    0.000000     % 
   0.000000     +/-    0.000000     %   1.9027697E-05 +/-    99.00000     % 
   0.000000     +/-    0.000000     %   7.6901357E-05 +/-    62.40040     % 
   0.000000     +/-    0.000000     %    0.000000     +/-    0.000000     % 

  Flux (Part/deg/GeV/cmq/pr):

   0.000000     +/-    0.000000     %    0.000000     +/-    0.000000     % 
  8.4565778E-07 +/-    99.00000     %    0.000000     +/-    0.000000     % 
   0.000000     +/-    0.000000     %   1.8616919E-06 +/-    99.00000     % 
   0.000000     +/-    0.000000     %   8.1610306E-06 +/-    62.40040     % 
   0.000000     +/-    0.000000     %    0.000000     +/-    0.000000     % 

  Energy interval (GeV):  2.2360691E-04  1.3661734E-04

  Flux (Part/sr/GeV/cmq/pr):

  1.6563197E-05 +/-    99.00000     %    0.000000     +/-    0.000000     % 
   0.000000     +/-    0.000000     %    0.000000     +/-    0.000000     % 
   0.000000     +/-    0.000000     %    0.000000     +/-    0.000000     % 
   0.000000     +/-    0.000000     %    0.000000     +/-    0.000000     % 
   0.000000     +/-    0.000000     %    0.000000     +/-    0.000000     % 

  Flux (Part/deg/GeV/cmq/pr):

  4.0271618E-07 +/-    99.00000     %    0.000000     +/-    0.000000     % 
   0.000000     +/-    0.000000     %    0.000000     +/-    0.000000     % 
   0.000000     +/-    0.000000     %    0.000000     +/-    0.000000     % 
   0.000000     +/-    0.000000     %    0.000000     +/-    0.000000     % 
   0.000000     +/-    0.000000     %    0.000000     +/-    0.000000     % 

  Energy interval (GeV):  1.3661734E-04  8.3469226E-05

  Flux (Part/sr/GeV/cmq/pr):

   0.000000     +/-    0.000000     %    0.000000     +/-    0.000000     % 
   0.000000     +/-    0.000000     %    0.000000     +/-    0.000000     % 
   0.000000     +/-    0.000000     %   5.3903943E-05 +/-    99.00000     % 
   0.000000     +/-    0.000000     %    0.000000     +/-    0.000000     % 
   0.000000     +/-    0.000000     %    0.000000     +/-    0.000000     % 

  Flux (Part/deg/GeV/cmq/pr):

   0.000000     +/-    0.000000     %    0.000000     +/-    0.000000     % 
   0.000000     +/-    0.000000     %    0.000000     +/-    0.000000     % 
   0.000000     +/-    0.000000     %   5.2740238E-06 +/-    99.00000     % 
   0.000000     +/-    0.000000     %    0.000000     +/-    0.000000     % 
   0.000000     +/-    0.000000     %    0.000000     +/-    0.000000     % 

  Energy interval (GeV):  8.3469226E-05  5.0997282E-05

  Flux (Part/sr/GeV/cmq/pr):

   0.000000     +/-    0.000000     %    0.000000     +/-    0.000000     % 
   0.000000     +/-    0.000000     %   6.4761014E-05 +/-    99.00000     % 
   0.000000     +/-    0.000000     %    0.000000     +/-    0.000000     % 
   0.000000     +/-    0.000000     %    0.000000     +/-    0.000000     % 
   0.000000     +/-    0.000000     %    0.000000     +/-    0.000000     % 

  Flux (Part/deg/GeV/cmq/pr):

   0.000000     +/-    0.000000     %    0.000000     +/-    0.000000     % 
   0.000000     +/-    0.000000     %   5.3844092E-06 +/-    99.00000     % 
   0.000000     +/-    0.000000     %    0.000000     +/-    0.000000     % 
   0.000000     +/-    0.000000     %    0.000000     +/-    0.000000     % 
   0.000000     +/-    0.000000     %    0.000000     +/-    0.000000     % 

  Energy interval (GeV):  5.0997282E-05  3.1157859E-05

  Flux (Part/sr/GeV/cmq/pr):

  7.4010553E-05 +/-    99.00000     %    0.000000     +/-    0.000000     % 
   0.000000     +/-    0.000000     %    0.000000     +/-    0.000000     % 
   0.000000     +/-    0.000000     %    0.000000     +/-    0.000000     % 
   0.000000     +/-    0.000000     %    0.000000     +/-    0.000000     % 
   0.000000     +/-    0.000000     %    0.000000     +/-    0.000000     % 

  Flux (Part/deg/GeV/cmq/pr):

  1.7994863E-06 +/-    99.00000     %    0.000000     +/-    0.000000     % 
   0.000000     +/-    0.000000     %    0.000000     +/-    0.000000     % 
   0.000000     +/-    0.000000     %    0.000000     +/-    0.000000     % 
   0.000000     +/-    0.000000     %    0.000000     +/-    0.000000     % 
   0.000000     +/-    0.000000     %    0.000000     +/-    0.000000     % 

  Energy interval (GeV):  3.1157859E-05  1.9036546E-05

  Flux (Part/sr/GeV/cmq/pr):

   0.000000     +/-    0.000000     %    0.000000     +/-    0.000000     % 
   0.000000     +/-    0.000000     %    0.000000     +/-    0.000000     % 
   0.000000     +/-    0.000000     %    0.000000     +/-    0.000000     % 
  3.3309229E-04 +/-    99.00000     %    0.000000     +/-    0.000000     % 
   0.000000     +/-    0.000000     %    0.000000     +/-    0.000000     % 

  Flux (Part/deg/GeV/cmq/pr):

   0.000000     +/-    0.000000     %    0.000000     +/-    0.000000     % 
   0.000000     +/-    0.000000     %    0.000000     +/-    0.000000     % 
   0.000000     +/-    0.000000     %    0.000000     +/-    0.000000     % 
  3.4194181E-05 +/-    99.00000     %    0.000000     +/-    0.000000     % 
   0.000000     +/-    0.000000     %    0.000000     +/-    0.000000     % 

  Energy interval (GeV):  1.9036546E-05  1.1630777E-05

  Flux (Part/sr/GeV/cmq/pr):

   0.000000     +/-    0.000000     %    0.000000     +/-    0.000000     % 
   0.000000     +/-    0.000000     %   2.6380544E-04 +/-    99.00000     % 
   0.000000     +/-    0.000000     %    0.000000     +/-    0.000000     % 
   0.000000     +/-    0.000000     %    0.000000     +/-    0.000000     % 
   0.000000     +/-    0.000000     %    0.000000     +/-    0.000000     % 

  Flux (Part/deg/GeV/cmq/pr):

   0.000000     +/-    0.000000     %    0.000000     +/-    0.000000     % 
   0.000000     +/-    0.000000     %   2.1933511E-05 +/-    99.00000     % 
   0.000000     +/-    0.000000     %    0.000000     +/-    0.000000     % 
   0.000000     +/-    0.000000     %    0.000000     +/-    0.000000     % 
   0.000000     +/-    0.000000     %    0.000000     +/-    0.000000     % 

  Energy interval (GeV):  1.1630777E-05  7.1060676E-06

  Flux (Part/sr/GeV/cmq/pr):

   0.000000     +/-    0.000000     %    0.000000     +/-    0.000000     % 
   0.000000     +/-    0.000000     %    0.000000     +/-    0.000000     % 
   0.000000     +/-    0.000000     %    0.000000     +/-    0.000000     % 
   0.000000     +/-    0.000000     %    0.000000     +/-    0.000000     % 
   0.000000     +/-    0.000000     %    0.000000     +/-    0.000000     % 

  Flux (Part/deg/GeV/cmq/pr):

   0.000000     +/-    0.000000     %    0.000000     +/-    0.000000     % 
   0.000000     +/-    0.000000     %    0.000000     +/-    0.000000     % 
   0.000000     +/-    0.000000     %    0.000000     +/-    0.000000     % 
   0.000000     +/-    0.000000     %    0.000000     +/-    0.000000     % 
   0.000000     +/-    0.000000     %    0.000000     +/-    0.000000     % 

  Energy interval (GeV):  7.1060676E-06  4.3416017E-06

  Flux (Part/sr/GeV/cmq/pr):

   0.000000     +/-    0.000000     %    0.000000     +/-    0.000000     % 
   0.000000     +/-    0.000000     %    0.000000     +/-    0.000000     % 
   0.000000     +/-    0.000000     %    0.000000     +/-    0.000000     % 
   0.000000     +/-    0.000000     %    0.000000     +/-    0.000000     % 
   0.000000     +/-    0.000000     %    0.000000     +/-    0.000000     % 

  Flux (Part/deg/GeV/cmq/pr):

   0.000000     +/-    0.000000     %    0.000000     +/-    0.000000     % 
   0.000000     +/-    0.000000     %    0.000000     +/-    0.000000     % 
   0.000000     +/-    0.000000     %    0.000000     +/-    0.000000     % 
   0.000000     +/-    0.000000     %    0.000000     +/-    0.000000     % 
   0.000000     +/-    0.000000     %    0.000000     +/-    0.000000     % 

  Energy interval (GeV):  4.3416017E-06  2.6525925E-06

  Flux (Part/sr/GeV/cmq/pr):

   0.000000     +/-    0.000000     %    0.000000     +/-    0.000000     % 
   0.000000     +/-    0.000000     %    0.000000     +/-    0.000000     % 
   0.000000     +/-    0.000000     %    0.000000     +/-    0.000000     % 
   0.000000     +/-    0.000000     %    0.000000     +/-    0.000000     % 
   0.000000     +/-    0.000000     %    0.000000     +/-    0.000000     % 

  Flux (Part/deg/GeV/cmq/pr):

   0.000000     +/-    0.000000     %    0.000000     +/-    0.000000     % 
   0.000000     +/-    0.000000     %    0.000000     +/-    0.000000     % 
   0.000000     +/-    0.000000     %    0.000000     +/-    0.000000     % 
   0.000000     +/-    0.000000     %    0.000000     +/-    0.000000     % 
   0.000000     +/-    0.000000     %    0.000000     +/-    0.000000     % 

  Energy interval (GeV):  2.6525925E-06  1.6206570E-06

  Flux (Part/sr/GeV/cmq/pr):

   0.000000     +/-    0.000000     %    0.000000     +/-    0.000000     % 
   0.000000     +/-    0.000000     %    0.000000     +/-    0.000000     % 
   0.000000     +/-    0.000000     %    0.000000     +/-    0.000000     % 
   0.000000     +/-    0.000000     %    0.000000     +/-    0.000000     % 
   0.000000     +/-    0.000000     %    0.000000     +/-    0.000000     % 

  Flux (Part/deg/GeV/cmq/pr):

   0.000000     +/-    0.000000     %    0.000000     +/-    0.000000     % 
   0.000000     +/-    0.000000     %    0.000000     +/-    0.000000     % 
   0.000000     +/-    0.000000     %    0.000000     +/-    0.000000     % 
   0.000000     +/-    0.000000     %    0.000000     +/-    0.000000     % 
   0.000000     +/-    0.000000     %    0.000000     +/-    0.000000     % 

  Energy interval (GeV):  1.6206570E-06  9.9017450E-07

  Flux (Part/sr/GeV/cmq/pr):

   0.000000     +/-    0.000000     %    0.000000     +/-    0.000000     % 
   0.000000     +/-    0.000000     %    0.000000     +/-    0.000000     % 
   0.000000     +/-    0.000000     %    0.000000     +/-    0.000000     % 
   0.000000     +/-    0.000000     %    0.000000     +/-    0.000000     % 
   0.000000     +/-    0.000000     %    0.000000     +/-    0.000000     % 

  Flux (Part/deg/GeV/cmq/pr):

   0.000000     +/-    0.000000     %    0.000000     +/-    0.000000     % 
   0.000000     +/-    0.000000     %    0.000000     +/-    0.000000     % 
   0.000000     +/-    0.000000     %    0.000000     +/-    0.000000     % 
   0.000000     +/-    0.000000     %    0.000000     +/-    0.000000     % 
   0.000000     +/-    0.000000     %    0.000000     +/-    0.000000     % 

  Energy interval (GeV):  9.9017450E-07  6.0496785E-07

  Flux (Part/sr/GeV/cmq/pr):

   0.000000     +/-    0.000000     %    0.000000     +/-    0.000000     % 
   0.000000     +/-    0.000000     %    0.000000     +/-    0.000000     % 
   0.000000     +/-    0.000000     %    0.000000     +/-    0.000000     % 
   0.000000     +/-    0.000000     %    0.000000     +/-    0.000000     % 
   0.000000     +/-    0.000000     %    0.000000     +/-    0.000000     % 

  Flux (Part/deg/GeV/cmq/pr):

   0.000000     +/-    0.000000     %    0.000000     +/-    0.000000     % 
   0.000000     +/-    0.000000     %    0.000000     +/-    0.000000     % 
   0.000000     +/-    0.000000     %    0.000000     +/-    0.000000     % 
   0.000000     +/-    0.000000     %    0.000000     +/-    0.000000     % 
   0.000000     +/-    0.000000     %    0.000000     +/-    0.000000     % 

  Energy interval (GeV):  6.0496785E-07  3.6961782E-07

  Flux (Part/sr/GeV/cmq/pr):

   0.000000     +/-    0.000000     %    0.000000     +/-    0.000000     % 
   0.000000     +/-    0.000000     %    0.000000     +/-    0.000000     % 
   0.000000     +/-    0.000000     %    0.000000     +/-    0.000000     % 
   0.000000     +/-    0.000000     %    0.000000     +/-    0.000000     % 
   0.000000     +/-    0.000000     %    0.000000     +/-    0.000000     % 

  Flux (Part/deg/GeV/cmq/pr):

   0.000000     +/-    0.000000     %    0.000000     +/-    0.000000     % 
   0.000000     +/-    0.000000     %    0.000000     +/-    0.000000     % 
   0.000000     +/-    0.000000     %    0.000000     +/-    0.000000     % 
   0.000000     +/-    0.000000     %    0.000000     +/-    0.000000     % 
   0.000000     +/-    0.000000     %    0.000000     +/-    0.000000     % 

  Energy interval (GeV):  3.6961782E-07  2.2582576E-07

  Flux (Part/sr/GeV/cmq/pr):

   0.000000     +/-    0.000000     %    0.000000     +/-    0.000000     % 
   0.000000     +/-    0.000000     %    0.000000     +/-    0.000000     % 
   0.000000     +/-    0.000000     %    0.000000     +/-    0.000000     % 
   0.000000     +/-    0.000000     %    0.000000     +/-    0.000000     % 
   0.000000     +/-    0.000000     %    0.000000     +/-    0.000000     % 

  Flux (Part/deg/GeV/cmq/pr):

   0.000000     +/-    0.000000     %    0.000000     +/-    0.000000     % 
   0.000000     +/-    0.000000     %    0.000000     +/-    0.000000     % 
   0.000000     +/-    0.000000     %    0.000000     +/-    0.000000     % 
   0.000000     +/-    0.000000     %    0.000000     +/-    0.000000     % 
   0.000000     +/-    0.000000     %    0.000000     +/-    0.000000     % 

  Energy interval (GeV):  2.2582576E-07  1.3797299E-07

  Flux (Part/sr/GeV/cmq/pr):

   0.000000     +/-    0.000000     %    0.000000     +/-    0.000000     % 
   0.000000     +/-    0.000000     %    0.000000     +/-    0.000000     % 
   0.000000     +/-    0.000000     %    0.000000     +/-    0.000000     % 
   0.000000     +/-    0.000000     %    0.000000     +/-    0.000000     % 
   0.000000     +/-    0.000000     %    0.000000     +/-    0.000000     % 

  Flux (Part/deg/GeV/cmq/pr):

   0.000000     +/-    0.000000     %    0.000000     +/-    0.000000     % 
   0.000000     +/-    0.000000     %    0.000000     +/-    0.000000     % 
   0.000000     +/-    0.000000     %    0.000000     +/-    0.000000     % 
   0.000000     +/-    0.000000     %    0.000000     +/-    0.000000     % 
   0.000000     +/-    0.000000     %    0.000000     +/-    0.000000     % 

  Energy interval (GeV):  1.3797299E-07  8.4297497E-08

  Flux (Part/sr/GeV/cmq/pr):

   0.000000     +/-    0.000000     %    0.000000     +/-    0.000000     % 
   0.000000     +/-    0.000000     %    0.000000     +/-    0.000000     % 
   0.000000     +/-    0.000000     %    0.000000     +/-    0.000000     % 
   0.000000     +/-    0.000000     %    0.000000     +/-    0.000000     % 
   0.000000     +/-    0.000000     %    0.000000     +/-    0.000000     % 

  Flux (Part/deg/GeV/cmq/pr):

   0.000000     +/-    0.000000     %    0.000000     +/-    0.000000     % 
   0.000000     +/-    0.000000     %    0.000000     +/-    0.000000     % 
   0.000000     +/-    0.000000     %    0.000000     +/-    0.000000     % 
   0.000000     +/-    0.000000     %    0.000000     +/-    0.000000     % 
   0.000000     +/-    0.000000     %    0.000000     +/-    0.000000     % 

  Energy interval (GeV):  8.4297497E-08  5.1503324E-08

  Flux (Part/sr/GeV/cmq/pr):

   0.000000     +/-    0.000000     %    0.000000     +/-    0.000000     % 
   0.000000     +/-    0.000000     %    0.000000     +/-    0.000000     % 
   0.000000     +/-    0.000000     %    0.000000     +/-    0.000000     % 
   0.000000     +/-    0.000000     %    0.000000     +/-    0.000000     % 
   0.000000     +/-    0.000000     %    0.000000     +/-    0.000000     % 

  Flux (Part/deg/GeV/cmq/pr):

   0.000000     +/-    0.000000     %    0.000000     +/-    0.000000     % 
   0.000000     +/-    0.000000     %    0.000000     +/-    0.000000     % 
   0.000000     +/-    0.000000     %    0.000000     +/-    0.000000     % 
   0.000000     +/-    0.000000     %    0.000000     +/-    0.000000     % 
   0.000000     +/-    0.000000     %    0.000000     +/-    0.000000     % 

  Energy interval (GeV):  5.1503324E-08  3.1467035E-08

  Flux (Part/sr/GeV/cmq/pr):

   0.000000     +/-    0.000000     %    0.000000     +/-    0.000000     % 
   0.000000     +/-    0.000000     %    0.000000     +/-    0.000000     % 
   0.000000     +/-    0.000000     %    0.000000     +/-    0.000000     % 
   0.000000     +/-    0.000000     %    0.000000     +/-    0.000000     % 
   0.000000     +/-    0.000000     %    0.000000     +/-    0.000000     % 

  Flux (Part/deg/GeV/cmq/pr):

   0.000000     +/-    0.000000     %    0.000000     +/-    0.000000     % 
   0.000000     +/-    0.000000     %    0.000000     +/-    0.000000     % 
   0.000000     +/-    0.000000     %    0.000000     +/-    0.000000     % 
   0.000000     +/-    0.000000     %    0.000000     +/-    0.000000     % 
   0.000000     +/-    0.000000     %    0.000000     +/-    0.000000     % 

  Energy interval (GeV):  3.1467035E-08  1.9225448E-08

  Flux (Part/sr/GeV/cmq/pr):

   0.000000     +/-    0.000000     %    0.000000     +/-    0.000000     % 
   0.000000     +/-    0.000000     %    0.000000     +/-    0.000000     % 
   0.000000     +/-    0.000000     %    0.000000     +/-    0.000000     % 
   0.000000     +/-    0.000000     %    0.000000     +/-    0.000000     % 
   0.000000     +/-    0.000000     %    0.000000     +/-    0.000000     % 

  Flux (Part/deg/GeV/cmq/pr):

   0.000000     +/-    0.000000     %    0.000000     +/-    0.000000     % 
   0.000000     +/-    0.000000     %    0.000000     +/-    0.000000     % 
   0.000000     +/-    0.000000     %    0.000000     +/-    0.000000     % 
   0.000000     +/-    0.000000     %    0.000000     +/-    0.000000     % 
   0.000000     +/-    0.000000     %    0.000000     +/-    0.000000     % 

  Energy interval (GeV):  1.9225448E-08  1.1746191E-08

  Flux (Part/sr/GeV/cmq/pr):

   0.000000     +/-    0.000000     %    0.000000     +/-    0.000000     % 
   0.000000     +/-    0.000000     %    0.000000     +/-    0.000000     % 
   0.000000     +/-    0.000000     %    0.000000     +/-    0.000000     % 
   0.000000     +/-    0.000000     %    0.000000     +/-    0.000000     % 
   0.000000     +/-    0.000000     %    0.000000     +/-    0.000000     % 

  Flux (Part/deg/GeV/cmq/pr):

   0.000000     +/-    0.000000     %    0.000000     +/-    0.000000     % 
   0.000000     +/-    0.000000     %    0.000000     +/-    0.000000     % 
   0.000000     +/-    0.000000     %    0.000000     +/-    0.000000     % 
   0.000000     +/-    0.000000     %    0.000000     +/-    0.000000     % 
   0.000000     +/-    0.000000     %    0.000000     +/-    0.000000     % 

  Energy interval (GeV):  1.1746191E-08  7.1765816E-09

  Flux (Part/sr/GeV/cmq/pr):

   0.000000     +/-    0.000000     %    0.000000     +/-    0.000000     % 
   0.000000     +/-    0.000000     %    0.000000     +/-    0.000000     % 
   0.000000     +/-    0.000000     %    0.000000     +/-    0.000000     % 
   0.000000     +/-    0.000000     %    0.000000     +/-    0.000000     % 
   0.000000     +/-    0.000000     %    0.000000     +/-    0.000000     % 

  Flux (Part/deg/GeV/cmq/pr):

   0.000000     +/-    0.000000     %    0.000000     +/-    0.000000     % 
   0.000000     +/-    0.000000     %    0.000000     +/-    0.000000     % 
   0.000000     +/-    0.000000     %    0.000000     +/-    0.000000     % 
   0.000000     +/-    0.000000     %    0.000000     +/-    0.000000     % 
   0.000000     +/-    0.000000     %    0.000000     +/-    0.000000     % 

  Energy interval (GeV):  7.1765816E-09  4.3846828E-09

  Flux (Part/sr/GeV/cmq/pr):

   0.000000     +/-    0.000000     %    0.000000     +/-    0.000000     % 
   0.000000     +/-    0.000000     %    0.000000     +/-    0.000000     % 
   0.000000     +/-    0.000000     %    0.000000     +/-    0.000000     % 
   0.000000     +/-    0.000000     %    0.000000     +/-    0.000000     % 
   0.000000     +/-    0.000000     %    0.000000     +/-    0.000000     % 

  Flux (Part/deg/GeV/cmq/pr):

   0.000000     +/-    0.000000     %    0.000000     +/-    0.000000     % 
   0.000000     +/-    0.000000     %    0.000000     +/-    0.000000     % 
   0.000000     +/-    0.000000     %    0.000000     +/-    0.000000     % 
   0.000000     +/-    0.000000     %    0.000000     +/-    0.000000     % 
   0.000000     +/-    0.000000     %    0.000000     +/-    0.000000     % 

  Energy interval (GeV):  4.3846828E-09  2.6789142E-09

  Flux (Part/sr/GeV/cmq/pr):

   0.000000     +/-    0.000000     %    0.000000     +/-    0.000000     % 
   0.000000     +/-    0.000000     %    0.000000     +/-    0.000000     % 
   0.000000     +/-    0.000000     %    0.000000     +/-    0.000000     % 
   0.000000     +/-    0.000000     %    0.000000     +/-    0.000000     % 
   0.000000     +/-    0.000000     %    0.000000     +/-    0.000000     % 

  Flux (Part/deg/GeV/cmq/pr):

   0.000000     +/-    0.000000     %    0.000000     +/-    0.000000     % 
   0.000000     +/-    0.000000     %    0.000000     +/-    0.000000     % 
   0.000000     +/-    0.000000     %    0.000000     +/-    0.000000     % 
   0.000000     +/-    0.000000     %    0.000000     +/-    0.000000     % 
   0.000000     +/-    0.000000     %    0.000000     +/-    0.000000     % 

  Energy interval (GeV):  2.6789142E-09  1.6367389E-09

  Flux (Part/sr/GeV/cmq/pr):

   0.000000     +/-    0.000000     %    0.000000     +/-    0.000000     % 
   0.000000     +/-    0.000000     %    0.000000     +/-    0.000000     % 
   0.000000     +/-    0.000000     %    0.000000     +/-    0.000000     % 
   0.000000     +/-    0.000000     %    0.000000     +/-    0.000000     % 
   0.000000     +/-    0.000000     %    0.000000     +/-    0.000000     % 

  Flux (Part/deg/GeV/cmq/pr):

   0.000000     +/-    0.000000     %    0.000000     +/-    0.000000     % 
   0.000000     +/-    0.000000     %    0.000000     +/-    0.000000     % 
   0.000000     +/-    0.000000     %    0.000000     +/-    0.000000     % 
   0.000000     +/-    0.000000     %    0.000000     +/-    0.000000     % 
   0.000000     +/-    0.000000     %    0.000000     +/-    0.000000     % 

  Energy interval (GeV):  1.6367389E-09  9.9999997E-10

  Flux (Part/sr/GeV/cmq/pr):

   0.000000     +/-    0.000000     %    0.000000     +/-    0.000000     % 
   0.000000     +/-    0.000000     %    0.000000     +/-    0.000000     % 
   0.000000     +/-    0.000000     %    0.000000     +/-    0.000000     % 
   0.000000     +/-    0.000000     %    0.000000     +/-    0.000000     % 
   0.000000     +/-    0.000000     %    0.000000     +/-    0.000000     % 

  Flux (Part/deg/GeV/cmq/pr):

   0.000000     +/-    0.000000     %    0.000000     +/-    0.000000     % 
   0.000000     +/-    0.000000     %    0.000000     +/-    0.000000     % 
   0.000000     +/-    0.000000     %    0.000000     +/-    0.000000     % 
   0.000000     +/-    0.000000     %    0.000000     +/-    0.000000     % 
   0.000000     +/-    0.000000     %    0.000000     +/-    0.000000     % 
