  **** 47.bnx ****

  Charged pion fluence inside and around a proton-irradiated Be target            

  Total primaries run:         2000000
   Total weight of the primaries run:   2000000.00    


  Detector n:            1 (           1 )  piCurrUD  
     (Area:            400.000000      cmq,
      distr. scored:         209    ,
      from reg.           3  to            4 ,
      one way scoring,
      current scoring)

     Tot. resp. (Part/cmq/pr)  6.2438555E-04  +/-  0.2984903     %
     ( -->      (Part/pr)      0.2497542      +/-  0.2984903     % )

  **** Different. Fluxes as a function of energy **** ****      (integrated over solid angle)        ****


  Energy boundaries (GeV):

   50.00005       30.54858       18.66430       11.40334       6.967113    
   4.256703       2.600722       1.588966      0.9708120      0.5931380    
  0.3623901      0.2214098      0.1352750      8.2649104E-02  5.0496202E-02
  3.0851712E-02  1.8849501E-02  1.1516498E-02  7.0362468E-03  4.2989431E-03
  2.6265297E-03  1.6047333E-03  9.8044542E-04  5.9902371E-04  3.6598611E-04
  2.2360691E-04  1.3661734E-04  8.3469226E-05  5.0997282E-05  3.1157859E-05
  1.9036546E-05  1.1630777E-05  7.1060676E-06  4.3416017E-06  2.6525925E-06
  1.6206570E-06  9.9017450E-07  6.0496785E-07  3.6961782E-07  2.2582576E-07
  1.3797299E-07  8.4297497E-08  5.1503324E-08  3.1467035E-08  1.9225448E-08
  1.1746191E-08  7.1765816E-09  4.3846828E-09  2.6789142E-09  1.6367389E-09
  Lowest boundary   (GeV):  9.9999997E-10

  Flux (Part/GeV/cmq/pr):

  2.9303729E-08 +/-    5.387333     %   5.2769326E-07 +/-   0.7964171     % 
  2.6981679E-06 +/-    1.105422     %   8.7374365E-06 +/-   0.7243655     % 
  2.1353349E-05 +/-   0.7819747     %   4.3563341E-05 +/-   0.7764559     % 
  7.9939025E-05 +/-   0.5671172     %   1.3494834E-04 +/-   0.3196941     % 
  2.1079704E-04 +/-   0.6062059     %   3.0356209E-04 +/-   0.1293515     % 
  3.5499680E-04 +/-   0.7770954     %   3.4582429E-04 +/-   0.7297077     % 
  3.2298762E-04 +/-   0.9079760     %   3.0250021E-04 +/-    1.859565     % 
  2.4924314E-04 +/-    1.664629     %   1.7705082E-04 +/-    2.862174     % 
  1.2767629E-04 +/-    2.115217     %   7.2819610E-05 +/-    5.499118     % 
  5.7538400E-05 +/-    15.44054     %   5.7551595E-05 +/-    10.98152     % 
  4.5263463E-05 +/-    16.87837     %   5.4061642E-05 +/-    20.78699     % 
  4.5880999E-05 +/-    28.57143     %   3.7547608E-05 +/-    36.42157     % 
  6.1455634E-05 +/-    48.44521     %   2.8739092E-05 +/-    99.00000     % 
   0.000000     +/-    0.000000     %    0.000000     +/-    0.000000     % 
  6.3005900E-05 +/-    99.00000     %   1.0312421E-04 +/-    99.00000     % 
  1.6878742E-04 +/-    99.00000     %   2.7626092E-04 +/-    99.00000     % 
   0.000000     +/-    0.000000     %    0.000000     +/-    0.000000     % 
   0.000000     +/-    0.000000     %    0.000000     +/-    0.000000     % 
   0.000000     +/-    0.000000     %    0.000000     +/-    0.000000     % 
   0.000000     +/-    0.000000     %    0.000000     +/-    0.000000     % 
   0.000000     +/-    0.000000     %    0.000000     +/-    0.000000     % 
   0.000000     +/-    0.000000     %    0.000000     +/-    0.000000     % 
   0.000000     +/-    0.000000     %    0.000000     +/-    0.000000     % 
   0.000000     +/-    0.000000     %    0.000000     +/-    0.000000     % 
   0.000000     +/-    0.000000     %    0.000000     +/-    0.000000     % 


  **** Cumulative Fluxes as a function of energy **** ****      (integrated over solid angle)        ****


  Energy boundaries (GeV):

   50.00005       30.54858       18.66430       11.40334       6.967113    
   4.256703       2.600722       1.588966      0.9708120      0.5931380    
  0.3623901      0.2214098      0.1352750      8.2649104E-02  5.0496202E-02
  3.0851712E-02  1.8849501E-02  1.1516498E-02  7.0362468E-03  4.2989431E-03
  2.6265297E-03  1.6047333E-03  9.8044542E-04  5.9902371E-04  3.6598611E-04
  2.2360691E-04  1.3661734E-04  8.3469226E-05  5.0997282E-05  3.1157859E-05
  1.9036546E-05  1.1630777E-05  7.1060676E-06  4.3416017E-06  2.6525925E-06
  1.6206570E-06  9.9017450E-07  6.0496785E-07  3.6961782E-07  2.2582576E-07
  1.3797299E-07  8.4297497E-08  5.1503324E-08  3.1467035E-08  1.9225448E-08
  1.1746191E-08  7.1765816E-09  4.3846828E-09  2.6789142E-09  1.6367389E-09
  Lowest boundary   (GeV):  9.9999997E-10

  Cumul. Flux (Part/cmq/pr):

  5.7000045E-07 +/-    5.387333     %   6.8412573E-06 +/-    1.059748     % 
  2.6432526E-05 +/-   0.7156861     %   6.5193810E-05 +/-   0.6242109     % 
  1.2307012E-04 +/-   0.5796457     %   1.9521019E-04 +/-   0.5256799     % 
  2.7608901E-04 +/-   0.3590164     %   3.5950786E-04 +/-   0.3050072     % 
  4.3912040E-04 +/-   0.3383598     %   5.0916674E-04 +/-   0.2997576     % 
  5.5921427E-04 +/-   0.3139602     %   5.8900181E-04 +/-   0.3136027     % 
  6.0599932E-04 +/-   0.3171001     %   6.1572558E-04 +/-   0.3031928     % 
  6.2062184E-04 +/-   0.2933341     %   6.2274683E-04 +/-   0.2926673     % 
  6.2368310E-04 +/-   0.2949866     %   6.2400929E-04 +/-   0.2956206     % 
  6.2416680E-04 +/-   0.2964771     %   6.2426308E-04 +/-   0.2978002     % 
  6.2430929E-04 +/-   0.2977031     %   6.2434305E-04 +/-   0.2978225     % 
  6.2436057E-04 +/-   0.2981085     %   6.2436931E-04 +/-   0.2978580     % 
  6.2437810E-04 +/-   0.2983976     %   6.2438054E-04 +/-   0.2983307     % 
  6.2438054E-04 +/-   0.2983307     %   6.2438054E-04 +/-   0.2983307     % 
  6.2438182E-04 +/-   0.2983277     %   6.2438304E-04 +/-   0.2983248     % 
  6.2438432E-04 +/-   0.2985018     %   6.2438555E-04 +/-   0.2984903     % 
  6.2438555E-04 +/-   0.2984903     %   6.2438555E-04 +/-   0.2984903     % 
  6.2438555E-04 +/-   0.2984903     %   6.2438555E-04 +/-   0.2984903     % 
  6.2438555E-04 +/-   0.2984903     %   6.2438555E-04 +/-   0.2984903     % 
  6.2438555E-04 +/-   0.2984903     %   6.2438555E-04 +/-   0.2984903     % 
  6.2438555E-04 +/-   0.2984903     %   6.2438555E-04 +/-   0.2984903     % 
  6.2438555E-04 +/-   0.2984903     %   6.2438555E-04 +/-   0.2984903     % 
  6.2438555E-04 +/-   0.2984903     %   6.2438555E-04 +/-   0.2984903     % 
  6.2438555E-04 +/-   0.2984903     %   6.2438555E-04 +/-   0.2984903     % 
  6.2438555E-04 +/-   0.2984903     %   6.2438555E-04 +/-   0.2984903     % 

  **** Double diff. Fluxes as a function of energy ****


  Solid angle minimum value (sr):   0.000000    

  Solid angle upper boundaries (sr):

  0.6283185       1.256637       1.884956       2.513274       3.141593    
   3.769911       4.398230       5.026548       5.654867       6.283185    

  Angular minimum value (deg.):   0.000000    

  Angular upper boundaries (deg.):

   25.84193       36.86990       45.57299       53.13010       60.00000    
   66.42182       72.54240       78.46304       84.26083       90.00000    


  Energy interval (GeV):   50.00005       30.54858    

  Flux (Part/sr/GeV/cmq/pr):

  4.6638331E-08 +/-    5.387333     %    0.000000     +/-    0.000000     % 
   0.000000     +/-    0.000000     %    0.000000     +/-    0.000000     % 
   0.000000     +/-    0.000000     %    0.000000     +/-    0.000000     % 
   0.000000     +/-    0.000000     %    0.000000     +/-    0.000000     % 
   0.000000     +/-    0.000000     %    0.000000     +/-    0.000000     % 

  Flux (Part/deg/GeV/cmq/pr):

  1.1339605E-09 +/-    5.387333     %    0.000000     +/-    0.000000     % 
   0.000000     +/-    0.000000     %    0.000000     +/-    0.000000     % 
   0.000000     +/-    0.000000     %    0.000000     +/-    0.000000     % 
   0.000000     +/-    0.000000     %    0.000000     +/-    0.000000     % 
   0.000000     +/-    0.000000     %    0.000000     +/-    0.000000     % 

  Energy interval (GeV):   30.54858       18.66430    

  Flux (Part/sr/GeV/cmq/pr):

  8.3984986E-07 +/-   0.7964171     %    0.000000     +/-    0.000000     % 
   0.000000     +/-    0.000000     %    0.000000     +/-    0.000000     % 
   0.000000     +/-    0.000000     %    0.000000     +/-    0.000000     % 
   0.000000     +/-    0.000000     %    0.000000     +/-    0.000000     % 
   0.000000     +/-    0.000000     %    0.000000     +/-    0.000000     % 

  Flux (Part/deg/GeV/cmq/pr):

  2.0420039E-08 +/-   0.7964171     %    0.000000     +/-    0.000000     % 
   0.000000     +/-    0.000000     %    0.000000     +/-    0.000000     % 
   0.000000     +/-    0.000000     %    0.000000     +/-    0.000000     % 
   0.000000     +/-    0.000000     %    0.000000     +/-    0.000000     % 
   0.000000     +/-    0.000000     %    0.000000     +/-    0.000000     % 

  Energy interval (GeV):   18.66430       11.40334    

  Flux (Part/sr/GeV/cmq/pr):

  4.2942675E-06 +/-    1.105422     %    0.000000     +/-    0.000000     % 
   0.000000     +/-    0.000000     %    0.000000     +/-    0.000000     % 
   0.000000     +/-    0.000000     %    0.000000     +/-    0.000000     % 
   0.000000     +/-    0.000000     %    0.000000     +/-    0.000000     % 
   0.000000     +/-    0.000000     %    0.000000     +/-    0.000000     % 

  Flux (Part/deg/GeV/cmq/pr):

  1.0441045E-07 +/-    1.105422     %    0.000000     +/-    0.000000     % 
   0.000000     +/-    0.000000     %    0.000000     +/-    0.000000     % 
   0.000000     +/-    0.000000     %    0.000000     +/-    0.000000     % 
   0.000000     +/-    0.000000     %    0.000000     +/-    0.000000     % 
   0.000000     +/-    0.000000     %    0.000000     +/-    0.000000     % 

  Energy interval (GeV):   11.40334       6.967113    

  Flux (Part/sr/GeV/cmq/pr):

  1.3906061E-05 +/-   0.7243655     %    0.000000     +/-    0.000000     % 
   0.000000     +/-    0.000000     %    0.000000     +/-    0.000000     % 
   0.000000     +/-    0.000000     %    0.000000     +/-    0.000000     % 
   0.000000     +/-    0.000000     %    0.000000     +/-    0.000000     % 
   0.000000     +/-    0.000000     %    0.000000     +/-    0.000000     % 

  Flux (Part/deg/GeV/cmq/pr):

  3.3811079E-07 +/-   0.7243655     %    0.000000     +/-    0.000000     % 
   0.000000     +/-    0.000000     %    0.000000     +/-    0.000000     % 
   0.000000     +/-    0.000000     %    0.000000     +/-    0.000000     % 
   0.000000     +/-    0.000000     %    0.000000     +/-    0.000000     % 
   0.000000     +/-    0.000000     %    0.000000     +/-    0.000000     % 

  Energy interval (GeV):   6.967113       4.256703    

  Flux (Part/sr/GeV/cmq/pr):

  3.3984175E-05 +/-   0.7834488     %   7.3399953E-10 +/-    99.00000     % 
   0.000000     +/-    0.000000     %    0.000000     +/-    0.000000     % 
   0.000000     +/-    0.000000     %    0.000000     +/-    0.000000     % 
   0.000000     +/-    0.000000     %    0.000000     +/-    0.000000     % 
   0.000000     +/-    0.000000     %    0.000000     +/-    0.000000     % 

  Flux (Part/deg/GeV/cmq/pr):

  8.2628839E-07 +/-   0.7834488     %   4.1819641E-11 +/-    99.00000     % 
   0.000000     +/-    0.000000     %    0.000000     +/-    0.000000     % 
   0.000000     +/-    0.000000     %    0.000000     +/-    0.000000     % 
   0.000000     +/-    0.000000     %    0.000000     +/-    0.000000     % 
   0.000000     +/-    0.000000     %    0.000000     +/-    0.000000     % 

  Energy interval (GeV):   4.256703       2.600722    

  Flux (Part/sr/GeV/cmq/pr):

  6.9221482E-05 +/-   0.7672827     %   1.0812290E-07 +/-    9.781565     % 
  2.4027309E-09 +/-    99.00000     %   1.2013655E-09 +/-    99.00000     % 
   0.000000     +/-    0.000000     %    0.000000     +/-    0.000000     % 
   0.000000     +/-    0.000000     %    0.000000     +/-    0.000000     % 
   0.000000     +/-    0.000000     %    0.000000     +/-    0.000000     % 

  Flux (Part/deg/GeV/cmq/pr):

  1.6830452E-06 +/-   0.7672827     %   6.1603047E-09 +/-    9.781565     % 
  1.7346470E-10 +/-    99.00000     %   9.9884830E-11 +/-    99.00000     % 
   0.000000     +/-    0.000000     %    0.000000     +/-    0.000000     % 
   0.000000     +/-    0.000000     %    0.000000     +/-    0.000000     % 
   0.000000     +/-    0.000000     %    0.000000     +/-    0.000000     % 

  Energy interval (GeV):   2.600722       1.588966    

  Flux (Part/sr/GeV/cmq/pr):

  1.2449766E-04 +/-   0.5390140     %   2.4834642E-06 +/-    3.256362     % 
  2.3005964E-07 +/-    11.82765     %   1.1797931E-08 +/-    48.59127     % 
  1.9663218E-09 +/-    99.00000     %    0.000000     +/-    0.000000     % 
  1.9663218E-09 +/-    99.00000     %    0.000000     +/-    0.000000     % 
   0.000000     +/-    0.000000     %    0.000000     +/-    0.000000     % 

  Flux (Part/deg/GeV/cmq/pr):

  3.0270255E-06 +/-   0.5390140     %   1.4149543E-07 +/-    3.256362     % 
  1.6609112E-08 +/-    11.82765     %   9.8091235E-10 +/-    48.59127     % 
  1.7983914E-10 +/-    99.00000     %    0.000000     +/-    0.000000     % 
  2.0185625E-10 +/-    99.00000     %    0.000000     +/-    0.000000     % 
   0.000000     +/-    0.000000     %    0.000000     +/-    0.000000     % 

  Energy interval (GeV):   1.588966      0.9708120    

  Flux (Part/sr/GeV/cmq/pr):

  1.9090962E-04 +/-   0.4279187     %   1.8518416E-05 +/-    1.272189     % 
  3.8234057E-06 +/-    1.164844     %   1.0684939E-06 +/-    4.168178     % 
  3.3792730E-07 +/-    7.221787     %   7.0803814E-08 +/-    18.46372     % 
  3.8620261E-08 +/-    28.25971     %   9.6550652E-09 +/-    40.82483     % 
   0.000000     +/-    0.000000     %    0.000000     +/-    0.000000     % 

  Flux (Part/deg/GeV/cmq/pr):

  4.6417599E-06 +/-   0.4279187     %   1.0550872E-06 +/-    1.272189     % 
  2.7603005E-07 +/-    1.164844     %   8.8837524E-08 +/-    4.168178     % 
  3.0906723E-08 +/-    7.221787     %   6.9275266E-09 +/-    18.46372     % 
  3.9646317E-09 +/-    28.25971     %   1.0246279E-09 +/-    40.82483     % 
   0.000000     +/-    0.000000     %    0.000000     +/-    0.000000     % 

  Energy interval (GeV):  0.9708120      0.5931380    

  Flux (Part/sr/GeV/cmq/pr):

  2.3411353E-04 +/-   0.8085880     %   6.1004157E-05 +/-   0.4420653     % 
  2.1871105E-05 +/-    1.241359     %   9.7766788E-06 +/-    1.121804     % 
  4.4774661E-06 +/-    2.676309     %   2.1702542E-06 +/-    2.591525     % 
  1.3590426E-06 +/-    7.717948     %   5.0042269E-07 +/-    9.561001     % 
  1.8436624E-07 +/-    16.28822     %   3.6873249E-08 +/-    36.42157     % 

  Flux (Part/deg/GeV/cmq/pr):

  5.6922163E-06 +/-   0.8085880     %   3.4757134E-06 +/-   0.4420653     % 
  1.5789802E-06 +/-    1.241359     %   8.1285992E-07 +/-    1.121804     % 
  4.0950758E-07 +/-    2.676309     %   2.1234017E-07 +/-    2.591525     % 
  1.3951494E-07 +/-    7.717948     %   5.3106536E-08 +/-    9.561001     % 
  1.9980162E-08 +/-    16.28822     %   4.0368460E-09 +/-    36.42157     % 

  Energy interval (GeV):  0.5931380      0.3623901    

  Flux (Part/sr/GeV/cmq/pr):

  2.3194090E-04 +/-   0.1871195     %   1.1271144E-04 +/-   0.4532855     % 
  5.6791119E-05 +/-    1.165267     %   3.2676231E-05 +/-    1.223433     % 
  2.0010959E-05 +/-   0.8654587     %   1.2915302E-05 +/-    2.177504     % 
  8.0612872E-06 +/-    3.369408     %   5.0178278E-06 +/-    1.709600     % 
  2.4485621E-06 +/-    6.381891     %   5.6041034E-07 +/-    15.57574     % 

  Flux (Part/deg/GeV/cmq/pr):

  5.6393915E-06 +/-   0.1871195     %   6.4217375E-06 +/-   0.4532855     % 
  4.1000239E-06 +/-    1.165267     %   2.7167919E-06 +/-    1.223433     % 
  1.8301959E-06 +/-   0.8654587     %   1.2636481E-06 +/-    2.177504     % 
  8.2754576E-07 +/-    3.369408     %   5.3250875E-07 +/-    1.709600     % 
  2.6535588E-07 +/-    6.381891     %   6.1353155E-08 +/-    15.57574     % 

  Energy interval (GeV):  0.3623901      0.2214098    

  Flux (Part/sr/GeV/cmq/pr):

  1.8725917E-04 +/-   0.9468603     %   1.2602951E-04 +/-   0.7642285     % 
  8.3737446E-05 +/-   0.9634455     %   5.6953882E-05 +/-    2.996737     % 
  3.9483886E-05 +/-    1.441383     %   2.7898370E-05 +/-    1.738642     % 
  2.1294203E-05 +/-    1.791717     %   1.3885684E-05 +/-    3.605217     % 
  6.6323896E-06 +/-    3.191490     %   1.8203792E-06 +/-    7.495768     % 

  Flux (Part/deg/GeV/cmq/pr):

  4.5530032E-06 +/-   0.9468603     %   7.1805343E-06 +/-   0.7642285     % 
  6.0454090E-06 +/-   0.9634455     %   4.7353024E-06 +/-    2.996737     % 
  3.6111833E-06 +/-    1.441383     %   2.7296087E-06 +/-    1.738642     % 
  2.1859944E-06 +/-    1.791717     %   1.4735955E-06 +/-    3.605217     % 
  7.1876616E-07 +/-    3.191490     %   1.9929327E-07 +/-    7.495768     % 

  Energy interval (GeV):  0.2214098      0.1352750    

  Flux (Part/sr/GeV/cmq/pr):

  1.3063542E-04 +/-    1.115545     %   1.0645310E-04 +/-    1.144179     % 
  8.4303276E-05 +/-   0.5564402     %   6.5872038E-05 +/-    1.713795     % 
  5.0327897E-05 +/-    1.182124     %   4.2960022E-05 +/-    2.702916     % 
  3.2751243E-05 +/-    3.639912     %   2.0879495E-05 +/-    5.490449     % 
  1.2772523E-05 +/-    5.071358     %   3.4414213E-06 +/-    7.305887     % 

  Flux (Part/deg/GeV/cmq/pr):

  3.1762586E-06 +/-    1.115545     %   6.0651673E-06 +/-    1.144179     % 
  6.0862585E-06 +/-   0.5564402     %   5.4767825E-06 +/-    1.713795     % 
  4.6029731E-06 +/-    1.182124     %   4.2032584E-06 +/-    2.702916     % 
  3.3621372E-06 +/-    3.639912     %   2.2158022E-06 +/-    5.490449     % 
  1.3841855E-06 +/-    5.071358     %   3.7676330E-07 +/-    7.305887     % 

  Energy interval (GeV):  0.1352750      8.2649104E-02

  Flux (Part/sr/GeV/cmq/pr):

  9.0879395E-05 +/-    1.640856     %   8.4263796E-05 +/-    2.036709     % 
  7.3300813E-05 +/-    2.646604     %   6.6118162E-05 +/-    3.113835     % 
  5.6327081E-05 +/-    3.500243     %   4.7934722E-05 +/-    3.136284     % 
  3.8521674E-05 +/-    3.515797     %   3.1339026E-05 +/-    3.403313     % 
  1.8901705E-05 +/-    5.805170     %   6.4643832E-06 +/-    6.161201     % 

  Flux (Part/deg/GeV/cmq/pr):

  2.2096340E-06 +/-    1.640856     %   4.8009319E-06 +/-    2.036709     % 
  5.2919381E-06 +/-    2.646604     %   5.4972461E-06 +/-    3.113835     % 
  5.1516563E-06 +/-    3.500243     %   4.6899886E-06 +/-    3.136284     % 
  3.9545112E-06 +/-    3.515797     %   3.3258029E-06 +/-    3.403313     % 
  2.0484179E-06 +/-    5.805170     %   7.0771409E-07 +/-    6.161201     % 

  Energy interval (GeV):  8.2649104E-02  5.0496202E-02

  Flux (Part/sr/GeV/cmq/pr):

  7.0598588E-05 +/-    3.403980     %   6.9670474E-05 +/-    3.141162     % 
  6.3483043E-05 +/-    5.484136     %   5.7728732E-05 +/-    2.735744     % 
  5.6119999E-05 +/-    4.779210     %   5.0118189E-05 +/-    1.309457     % 
  4.7457597E-05 +/-    5.160239     %   3.7186459E-05 +/-    2.776758     % 
  2.1841632E-05 +/-    5.079440     %   7.2392945E-06 +/-    13.55449     % 

  Flux (Part/deg/GeV/cmq/pr):

  1.7165281E-06 +/-    3.403980     %   3.9694769E-06 +/-    3.141162     % 
  4.5831462E-06 +/-    5.484136     %   4.7997255E-06 +/-    2.735744     % 
  5.1327170E-06 +/-    4.779210     %   4.9036216E-06 +/-    1.309457     % 
  4.8718439E-06 +/-    5.160239     %   3.9463521E-06 +/-    2.776758     % 
  2.3670241E-06 +/-    5.079440     %   7.9255057E-07 +/-    13.55449     % 

  Energy interval (GeV):  5.0496202E-02  3.0851712E-02

  Flux (Part/sr/GeV/cmq/pr):

  5.7320001E-05 +/-    2.504850     %   4.9015693E-05 +/-    3.952712     % 
  5.3066575E-05 +/-    4.271571     %   4.8813148E-05 +/-    6.124727     % 
  4.5977529E-05 +/-    2.072124     %   4.1319014E-05 +/-    8.335135     % 
  4.1217740E-05 +/-    5.502260     %   3.2204523E-05 +/-    6.020185     % 
  2.0862049E-05 +/-    5.865556     %   6.8865020E-06 +/-    4.987007     % 

  Flux (Part/deg/GeV/cmq/pr):

  1.3936736E-06 +/-    2.504850     %   2.7926701E-06 +/-    3.952712     % 
  3.8311309E-06 +/-    4.271571     %   4.0584591E-06 +/-    6.124727     % 
  4.2050897E-06 +/-    2.072124     %   4.0426999E-06 +/-    8.335135     % 
  4.2312804E-06 +/-    5.502260     %   3.4176524E-06 +/-    6.020185     % 
  2.2608647E-06 +/-    5.865556     %   7.5392722E-07 +/-    4.987007     % 

  Energy interval (GeV):  3.0851712E-02  1.8849501E-02

  Flux (Part/sr/GeV/cmq/pr):

  4.0112944E-05 +/-    5.567023     %   3.7295093E-05 +/-    3.718488     % 
  3.5637535E-05 +/-    2.848243     %   3.6134799E-05 +/-    6.050875     % 
  3.2653927E-05 +/-    8.402511     %   2.8841538E-05 +/-    4.300756     % 
  2.7349734E-05 +/-    5.160420     %   2.0056472E-05 +/-    9.900123     % 
  1.7238621E-05 +/-    17.82092     %   6.4644828E-06 +/-    8.504167     % 

  Flux (Part/deg/GeV/cmq/pr):

  9.7530267E-07 +/-    5.567023     %   2.1248889E-06 +/-    3.718488     % 
  2.5728450E-06 +/-    2.848243     %   3.0043468E-06 +/-    6.050875     % 
  2.9865173E-06 +/-    8.402511     %   2.8218894E-06 +/-    4.300756     % 
  2.8076356E-06 +/-    5.160420     %   2.1284602E-06 +/-    9.900123     % 
  1.8681859E-06 +/-    17.82092     %   7.0772501E-07 +/-    8.504167     % 

  Energy interval (GeV):  1.8849501E-02  1.1516498E-02

  Flux (Part/sr/GeV/cmq/pr):

  2.7943821E-05 +/-    9.286954     %   3.1199412E-05 +/-    11.66644     % 
  2.0890042E-05 +/-    8.366298     %   2.3060435E-05 +/-    6.169464     % 
  2.1703940E-05 +/-    7.395100     %   2.7401224E-05 +/-    5.285683     % 
  1.8177048E-05 +/-    7.683306     %   1.8448349E-05 +/-    15.52846     % 
  1.2208466E-05 +/-    14.48712     %   2.1703941E-06 +/-    42.38956     % 

  Flux (Part/deg/GeV/cmq/pr):

  6.7942369E-07 +/-    9.286954     %   1.7775873E-06 +/-    11.66644     % 
  1.5081525E-06 +/-    8.366298     %   1.9173081E-06 +/-    6.169464     % 
  1.9850352E-06 +/-    7.395100     %   2.6809673E-06 +/-    5.285683     % 
  1.8659973E-06 +/-    7.683306     %   1.9578008E-06 +/-    15.52846     % 
  1.3230573E-06 +/-    14.48712     %   2.3761253E-07 +/-    42.38956     % 

  Energy interval (GeV):  1.1516498E-02  7.0362468E-03

  Flux (Part/sr/GeV/cmq/pr):

  1.5985655E-05 +/-    20.78699     %   1.3321380E-05 +/-    24.72066     % 
  1.3321381E-05 +/-    11.78511     %   1.5097565E-05 +/-    12.65048     % 
  1.0213058E-05 +/-    20.16004     %   1.5541611E-05 +/-    26.34156     % 
  1.1989242E-05 +/-    9.442629     %   1.0213058E-05 +/-    22.38181     % 
  7.5487819E-06 +/-    25.64058     %   2.6642761E-06 +/-    16.66667     % 

  Flux (Part/deg/GeV/cmq/pr):

  3.8867390E-07 +/-    20.78699     %   7.5898595E-07 +/-    24.72066     % 
  9.6173449E-07 +/-    11.78511     %   1.2552530E-06 +/-    12.65048     % 
  9.3408300E-07 +/-    20.16004     %   1.5206091E-06 +/-    26.34156     % 
  1.2307770E-06 +/-    9.442629     %   1.0838440E-06 +/-    22.38181     % 
  8.1807752E-07 +/-    25.64058     %   2.9168223E-07 +/-    16.66667     % 

  Energy interval (GeV):  7.0362468E-03  4.2989431E-03

  Flux (Part/sr/GeV/cmq/pr):

  7.2678736E-06 +/-    22.36068     %   1.2355385E-05 +/-    28.81753     % 
  1.0175023E-05 +/-    26.24453     %   8.7214485E-06 +/-    38.64008     % 
  1.3808960E-05 +/-    15.34461     %   1.3082173E-05 +/-    25.76005     % 
  6.5410863E-06 +/-    11.11111     %   8.7214485E-06 +/-    40.82483     % 
  9.4482357E-06 +/-    52.45454     %   1.4535747E-06 +/-    99.00000     % 

  Flux (Part/deg/GeV/cmq/pr):

  1.7671046E-07 +/-    22.36068     %   7.0394833E-07 +/-    28.81753     % 
  7.3458381E-07 +/-    26.24453     %   7.2512523E-07 +/-    38.64008     % 
  1.2629630E-06 +/-    15.34461     %   1.2799749E-06 +/-    25.76005     % 
  6.7148682E-07 +/-    11.11111     %   9.2554939E-07 +/-    40.82483     % 
  1.0239254E-06 +/-    52.45454     %   1.5913588E-07 +/-    99.00000     % 

  Energy interval (GeV):  4.2989431E-03  2.6265297E-03

  Flux (Part/sr/GeV/cmq/pr):

  1.3085172E-05 +/-    22.26809     %   1.0706050E-05 +/-    32.39418     % 
  9.5164887E-06 +/-    42.38956     %   9.5164887E-06 +/-    37.50000     % 
  1.1895611E-05 +/-    15.81139     %   7.1373670E-06 +/-    16.66667     % 
  8.3269279E-06 +/-    28.57143     %   1.3085172E-05 +/-    22.26809     % 
  3.5686835E-06 +/-    66.66666     %   4.7582444E-06 +/-    25.00000     % 

  Flux (Part/deg/GeV/cmq/pr):

  3.1815176E-07 +/-    22.26809     %   6.0997746E-07 +/-    32.39418     % 
  6.8704111E-07 +/-    42.38956     %   7.9122708E-07 +/-    37.50000     % 
  1.0879687E-06 +/-    15.81139     %   6.9832822E-07 +/-    16.66667     % 
  8.5481560E-07 +/-    28.57143     %   1.3886425E-06 +/-    22.26809     % 
  3.8674580E-07 +/-    66.66666     %   5.2092776E-07 +/-    25.00000     % 

  Energy interval (GeV):  2.6265297E-03  1.6047333E-03

  Flux (Part/sr/GeV/cmq/pr):

  9.7350048E-06 +/-    44.72136     %   9.7350048E-06 +/-    44.72136     % 
  5.8410028E-06 +/-    66.66666     %   9.7350048E-06 +/-    31.62278     % 
  1.9470010E-06 +/-    99.00000     %   1.1682006E-05 +/-    40.82483     % 
  9.7350048E-06 +/-    0.000000     %   9.7350048E-06 +/-    31.62278     % 
  1.9470010E-06 +/-    99.00000     %   1.9470010E-06 +/-    99.00000     % 

  Flux (Part/deg/GeV/cmq/pr):

  2.3669608E-07 +/-    44.72136     %   5.5465210E-07 +/-    44.72136     % 
  4.2169009E-07 +/-    66.66666     %   8.0939509E-07 +/-    31.62278     % 
  1.7807207E-07 +/-    99.00000     %   1.1429810E-06 +/-    40.82483     % 
  9.9936426E-07 +/-    0.000000     %   1.0331114E-06 +/-    31.62278     % 
  2.1100062E-07 +/-    99.00000     %   2.1315569E-07 +/-    99.00000     % 

  Energy interval (GeV):  1.6047333E-03  9.8044542E-04

  Flux (Part/sr/GeV/cmq/pr):

  1.2746929E-05 +/-    46.77072     %   6.3734647E-06 +/-    61.23724     % 
  1.2746929E-05 +/-    25.00000     %   1.9120394E-05 +/-    31.18048     % 
   0.000000     +/-    0.000000     %   1.2746929E-05 +/-    46.77072     % 
  9.5601972E-06 +/-    66.66666     %   6.3734647E-06 +/-    61.23724     % 
  3.1867323E-06 +/-    99.00000     %   3.1867323E-06 +/-    99.00000     % 

  Flux (Part/deg/GeV/cmq/pr):

  3.0992774E-07 +/-    46.77072     %   3.6312829E-07 +/-    61.23724     % 
  9.2026210E-07 +/-    25.00000     %   1.5897222E-06 +/-    31.18048     % 
   0.000000     +/-    0.000000     %   1.2471743E-06 +/-    46.77072     % 
  9.8141902E-07 +/-    66.66666     %   6.7637347E-07 +/-    61.23724     % 
  3.4535293E-07 +/-    99.00000     %   3.4888021E-07 +/-    99.00000     % 

  Energy interval (GeV):  9.8044542E-04  5.9902371E-04

  Flux (Part/sr/GeV/cmq/pr):

  5.2158484E-06 +/-    99.00000     %   1.5647545E-05 +/-    99.00000     % 
   0.000000     +/-    0.000000     %    0.000000     +/-    0.000000     % 
  5.2158484E-06 +/-    99.00000     %   2.0863394E-05 +/-    46.77072     % 
  1.0431697E-05 +/-    61.23724     %   1.5647545E-05 +/-    40.82483     % 
   0.000000     +/-    0.000000     %    0.000000     +/-    0.000000     % 

  Flux (Part/deg/GeV/cmq/pr):

  1.2681770E-07 +/-    99.00000     %   8.9151922E-07 +/-    99.00000     % 
   0.000000     +/-    0.000000     %    0.000000     +/-    0.000000     % 
  4.7703980E-07 +/-    99.00000     %   2.0412986E-06 +/-    46.77072     % 
  1.0708844E-06 +/-    61.23724     %   1.6605701E-06 +/-    40.82483     % 
   0.000000     +/-    0.000000     %    0.000000     +/-    0.000000     % 

  Energy interval (GeV):  5.9902371E-04  3.6598611E-04

  Flux (Part/sr/GeV/cmq/pr):

  1.7073964E-05 +/-    61.23724     %    0.000000     +/-    0.000000     % 
   0.000000     +/-    0.000000     %    0.000000     +/-    0.000000     % 
   0.000000     +/-    0.000000     %    0.000000     +/-    0.000000     % 
  2.5610947E-05 +/-    66.66666     %   1.7073964E-05 +/-    61.23724     % 
   0.000000     +/-    0.000000     %    0.000000     +/-    0.000000     % 

  Flux (Part/deg/GeV/cmq/pr):

  4.1513493E-07 +/-    61.23724     %    0.000000     +/-    0.000000     % 
   0.000000     +/-    0.000000     %    0.000000     +/-    0.000000     % 
   0.000000     +/-    0.000000     %    0.000000     +/-    0.000000     % 
  2.6291373E-06 +/-    66.66666     %   1.8119465E-06 +/-    61.23724     % 
   0.000000     +/-    0.000000     %    0.000000     +/-    0.000000     % 

  Energy interval (GeV):  3.6598611E-04  2.2360691E-04

  Flux (Part/sr/GeV/cmq/pr):

  1.3972810E-05 +/-    99.00000     %   1.3972810E-05 +/-    99.00000     % 
   0.000000     +/-    0.000000     %   4.1918429E-05 +/-    66.66666     % 
   0.000000     +/-    0.000000     %    0.000000     +/-    0.000000     % 
   0.000000     +/-    0.000000     %   1.3972810E-05 +/-    99.00000     % 
   0.000000     +/-    0.000000     %   1.3972810E-05 +/-    99.00000     % 

  Flux (Part/deg/GeV/cmq/pr):

  3.3973373E-07 +/-    99.00000     %   7.9610118E-07 +/-    99.00000     % 
   0.000000     +/-    0.000000     %   3.4852137E-06 +/-    66.66666     % 
   0.000000     +/-    0.000000     %    0.000000     +/-    0.000000     % 
   0.000000     +/-    0.000000     %   1.4828415E-06 +/-    99.00000     % 
   0.000000     +/-    0.000000     %   1.5297290E-06 +/-    99.00000     % 

  Energy interval (GeV):  2.2360691E-04  1.3661734E-04

  Flux (Part/sr/GeV/cmq/pr):

   0.000000     +/-    0.000000     %   2.2869843E-05 +/-    99.00000     % 
   0.000000     +/-    0.000000     %   2.2869843E-05 +/-    99.00000     % 
   0.000000     +/-    0.000000     %    0.000000     +/-    0.000000     % 
   0.000000     +/-    0.000000     %    0.000000     +/-    0.000000     % 
   0.000000     +/-    0.000000     %    0.000000     +/-    0.000000     % 

  Flux (Part/deg/GeV/cmq/pr):

   0.000000     +/-    0.000000     %   1.3030099E-06 +/-    99.00000     % 
   0.000000     +/-    0.000000     %   1.9014616E-06 +/-    99.00000     % 
   0.000000     +/-    0.000000     %    0.000000     +/-    0.000000     % 
   0.000000     +/-    0.000000     %    0.000000     +/-    0.000000     % 
   0.000000     +/-    0.000000     %    0.000000     +/-    0.000000     % 

  Energy interval (GeV):  1.3661734E-04  8.3469226E-05

  Flux (Part/sr/GeV/cmq/pr):

   0.000000     +/-    0.000000     %    0.000000     +/-    0.000000     % 
   0.000000     +/-    0.000000     %    0.000000     +/-    0.000000     % 
   0.000000     +/-    0.000000     %    0.000000     +/-    0.000000     % 
   0.000000     +/-    0.000000     %    0.000000     +/-    0.000000     % 
   0.000000     +/-    0.000000     %    0.000000     +/-    0.000000     % 

  Flux (Part/deg/GeV/cmq/pr):

   0.000000     +/-    0.000000     %    0.000000     +/-    0.000000     % 
   0.000000     +/-    0.000000     %    0.000000     +/-    0.000000     % 
   0.000000     +/-    0.000000     %    0.000000     +/-    0.000000     % 
   0.000000     +/-    0.000000     %    0.000000     +/-    0.000000     % 
   0.000000     +/-    0.000000     %    0.000000     +/-    0.000000     % 

  Energy interval (GeV):  8.3469226E-05  5.0997282E-05

  Flux (Part/sr/GeV/cmq/pr):

   0.000000     +/-    0.000000     %    0.000000     +/-    0.000000     % 
   0.000000     +/-    0.000000     %    0.000000     +/-    0.000000     % 
   0.000000     +/-    0.000000     %    0.000000     +/-    0.000000     % 
   0.000000     +/-    0.000000     %    0.000000     +/-    0.000000     % 
   0.000000     +/-    0.000000     %    0.000000     +/-    0.000000     % 

  Flux (Part/deg/GeV/cmq/pr):

   0.000000     +/-    0.000000     %    0.000000     +/-    0.000000     % 
   0.000000     +/-    0.000000     %    0.000000     +/-    0.000000     % 
   0.000000     +/-    0.000000     %    0.000000     +/-    0.000000     % 
   0.000000     +/-    0.000000     %    0.000000     +/-    0.000000     % 
   0.000000     +/-    0.000000     %    0.000000     +/-    0.000000     % 

  Energy interval (GeV):  5.0997282E-05  3.1157859E-05

  Flux (Part/sr/GeV/cmq/pr):

   0.000000     +/-    0.000000     %    0.000000     +/-    0.000000     % 
   0.000000     +/-    0.000000     %    0.000000     +/-    0.000000     % 
   0.000000     +/-    0.000000     %    0.000000     +/-    0.000000     % 
   0.000000     +/-    0.000000     %    0.000000     +/-    0.000000     % 
   0.000000     +/-    0.000000     %   1.0027700E-04 +/-    99.00000     % 

  Flux (Part/deg/GeV/cmq/pr):

   0.000000     +/-    0.000000     %    0.000000     +/-    0.000000     % 
   0.000000     +/-    0.000000     %    0.000000     +/-    0.000000     % 
   0.000000     +/-    0.000000     %    0.000000     +/-    0.000000     % 
   0.000000     +/-    0.000000     %    0.000000     +/-    0.000000     % 
   0.000000     +/-    0.000000     %   1.0978224E-05 +/-    99.00000     % 

  Energy interval (GeV):  3.1157859E-05  1.9036546E-05

  Flux (Part/sr/GeV/cmq/pr):

   0.000000     +/-    0.000000     %    0.000000     +/-    0.000000     % 
   0.000000     +/-    0.000000     %    0.000000     +/-    0.000000     % 
   0.000000     +/-    0.000000     %   1.6412728E-04 +/-    99.00000     % 
   0.000000     +/-    0.000000     %    0.000000     +/-    0.000000     % 
   0.000000     +/-    0.000000     %    0.000000     +/-    0.000000     % 

  Flux (Part/deg/GeV/cmq/pr):

   0.000000     +/-    0.000000     %    0.000000     +/-    0.000000     % 
   0.000000     +/-    0.000000     %    0.000000     +/-    0.000000     % 
   0.000000     +/-    0.000000     %   1.6058402E-05 +/-    99.00000     % 
   0.000000     +/-    0.000000     %    0.000000     +/-    0.000000     % 
   0.000000     +/-    0.000000     %    0.000000     +/-    0.000000     % 

  Energy interval (GeV):  1.9036546E-05  1.1630777E-05

  Flux (Part/sr/GeV/cmq/pr):

   0.000000     +/-    0.000000     %    0.000000     +/-    0.000000     % 
  2.6863351E-04 +/-    99.00000     %    0.000000     +/-    0.000000     % 
   0.000000     +/-    0.000000     %    0.000000     +/-    0.000000     % 
   0.000000     +/-    0.000000     %    0.000000     +/-    0.000000     % 
   0.000000     +/-    0.000000     %    0.000000     +/-    0.000000     % 

  Flux (Part/deg/GeV/cmq/pr):

   0.000000     +/-    0.000000     %    0.000000     +/-    0.000000     % 
  1.9393945E-05 +/-    99.00000     %    0.000000     +/-    0.000000     % 
   0.000000     +/-    0.000000     %    0.000000     +/-    0.000000     % 
   0.000000     +/-    0.000000     %    0.000000     +/-    0.000000     % 
   0.000000     +/-    0.000000     %    0.000000     +/-    0.000000     % 

  Energy interval (GeV):  1.1630777E-05  7.1060676E-06

  Flux (Part/sr/GeV/cmq/pr):

   0.000000     +/-    0.000000     %    0.000000     +/-    0.000000     % 
   0.000000     +/-    0.000000     %    0.000000     +/-    0.000000     % 
   0.000000     +/-    0.000000     %    0.000000     +/-    0.000000     % 
   0.000000     +/-    0.000000     %    0.000000     +/-    0.000000     % 
   0.000000     +/-    0.000000     %   4.3968289E-04 +/-    99.00000     % 

  Flux (Part/deg/GeV/cmq/pr):

   0.000000     +/-    0.000000     %    0.000000     +/-    0.000000     % 
   0.000000     +/-    0.000000     %    0.000000     +/-    0.000000     % 
   0.000000     +/-    0.000000     %    0.000000     +/-    0.000000     % 
   0.000000     +/-    0.000000     %    0.000000     +/-    0.000000     % 
   0.000000     +/-    0.000000     %   4.8136037E-05 +/-    99.00000     % 

  Energy interval (GeV):  7.1060676E-06  4.3416017E-06

  Flux (Part/sr/GeV/cmq/pr):

   0.000000     +/-    0.000000     %    0.000000     +/-    0.000000     % 
   0.000000     +/-    0.000000     %    0.000000     +/-    0.000000     % 
   0.000000     +/-    0.000000     %    0.000000     +/-    0.000000     % 
   0.000000     +/-    0.000000     %    0.000000     +/-    0.000000     % 
   0.000000     +/-    0.000000     %    0.000000     +/-    0.000000     % 

  Flux (Part/deg/GeV/cmq/pr):

   0.000000     +/-    0.000000     %    0.000000     +/-    0.000000     % 
   0.000000     +/-    0.000000     %    0.000000     +/-    0.000000     % 
   0.000000     +/-    0.000000     %    0.000000     +/-    0.000000     % 
   0.000000     +/-    0.000000     %    0.000000     +/-    0.000000     % 
   0.000000     +/-    0.000000     %    0.000000     +/-    0.000000     % 

  Energy interval (GeV):  4.3416017E-06  2.6525925E-06

  Flux (Part/sr/GeV/cmq/pr):

   0.000000     +/-    0.000000     %    0.000000     +/-    0.000000     % 
   0.000000     +/-    0.000000     %    0.000000     +/-    0.000000     % 
   0.000000     +/-    0.000000     %    0.000000     +/-    0.000000     % 
   0.000000     +/-    0.000000     %    0.000000     +/-    0.000000     % 
   0.000000     +/-    0.000000     %    0.000000     +/-    0.000000     % 

  Flux (Part/deg/GeV/cmq/pr):

   0.000000     +/-    0.000000     %    0.000000     +/-    0.000000     % 
   0.000000     +/-    0.000000     %    0.000000     +/-    0.000000     % 
   0.000000     +/-    0.000000     %    0.000000     +/-    0.000000     % 
   0.000000     +/-    0.000000     %    0.000000     +/-    0.000000     % 
   0.000000     +/-    0.000000     %    0.000000     +/-    0.000000     % 

  Energy interval (GeV):  2.6525925E-06  1.6206570E-06

  Flux (Part/sr/GeV/cmq/pr):

   0.000000     +/-    0.000000     %    0.000000     +/-    0.000000     % 
   0.000000     +/-    0.000000     %    0.000000     +/-    0.000000     % 
   0.000000     +/-    0.000000     %    0.000000     +/-    0.000000     % 
   0.000000     +/-    0.000000     %    0.000000     +/-    0.000000     % 
   0.000000     +/-    0.000000     %    0.000000     +/-    0.000000     % 

  Flux (Part/deg/GeV/cmq/pr):

   0.000000     +/-    0.000000     %    0.000000     +/-    0.000000     % 
   0.000000     +/-    0.000000     %    0.000000     +/-    0.000000     % 
   0.000000     +/-    0.000000     %    0.000000     +/-    0.000000     % 
   0.000000     +/-    0.000000     %    0.000000     +/-    0.000000     % 
   0.000000     +/-    0.000000     %    0.000000     +/-    0.000000     % 

  Energy interval (GeV):  1.6206570E-06  9.9017450E-07

  Flux (Part/sr/GeV/cmq/pr):

   0.000000     +/-    0.000000     %    0.000000     +/-    0.000000     % 
   0.000000     +/-    0.000000     %    0.000000     +/-    0.000000     % 
   0.000000     +/-    0.000000     %    0.000000     +/-    0.000000     % 
   0.000000     +/-    0.000000     %    0.000000     +/-    0.000000     % 
   0.000000     +/-    0.000000     %    0.000000     +/-    0.000000     % 

  Flux (Part/deg/GeV/cmq/pr):

   0.000000     +/-    0.000000     %    0.000000     +/-    0.000000     % 
   0.000000     +/-    0.000000     %    0.000000     +/-    0.000000     % 
   0.000000     +/-    0.000000     %    0.000000     +/-    0.000000     % 
   0.000000     +/-    0.000000     %    0.000000     +/-    0.000000     % 
   0.000000     +/-    0.000000     %    0.000000     +/-    0.000000     % 

  Energy interval (GeV):  9.9017450E-07  6.0496785E-07

  Flux (Part/sr/GeV/cmq/pr):

   0.000000     +/-    0.000000     %    0.000000     +/-    0.000000     % 
   0.000000     +/-    0.000000     %    0.000000     +/-    0.000000     % 
   0.000000     +/-    0.000000     %    0.000000     +/-    0.000000     % 
   0.000000     +/-    0.000000     %    0.000000     +/-    0.000000     % 
   0.000000     +/-    0.000000     %    0.000000     +/-    0.000000     % 

  Flux (Part/deg/GeV/cmq/pr):

   0.000000     +/-    0.000000     %    0.000000     +/-    0.000000     % 
   0.000000     +/-    0.000000     %    0.000000     +/-    0.000000     % 
   0.000000     +/-    0.000000     %    0.000000     +/-    0.000000     % 
   0.000000     +/-    0.000000     %    0.000000     +/-    0.000000     % 
   0.000000     +/-    0.000000     %    0.000000     +/-    0.000000     % 

  Energy interval (GeV):  6.0496785E-07  3.6961782E-07

  Flux (Part/sr/GeV/cmq/pr):

   0.000000     +/-    0.000000     %    0.000000     +/-    0.000000     % 
   0.000000     +/-    0.000000     %    0.000000     +/-    0.000000     % 
   0.000000     +/-    0.000000     %    0.000000     +/-    0.000000     % 
   0.000000     +/-    0.000000     %    0.000000     +/-    0.000000     % 
   0.000000     +/-    0.000000     %    0.000000     +/-    0.000000     % 

  Flux (Part/deg/GeV/cmq/pr):

   0.000000     +/-    0.000000     %    0.000000     +/-    0.000000     % 
   0.000000     +/-    0.000000     %    0.000000     +/-    0.000000     % 
   0.000000     +/-    0.000000     %    0.000000     +/-    0.000000     % 
   0.000000     +/-    0.000000     %    0.000000     +/-    0.000000     % 
   0.000000     +/-    0.000000     %    0.000000     +/-    0.000000     % 

  Energy interval (GeV):  3.6961782E-07  2.2582576E-07

  Flux (Part/sr/GeV/cmq/pr):

   0.000000     +/-    0.000000     %    0.000000     +/-    0.000000     % 
   0.000000     +/-    0.000000     %    0.000000     +/-    0.000000     % 
   0.000000     +/-    0.000000     %    0.000000     +/-    0.000000     % 
   0.000000     +/-    0.000000     %    0.000000     +/-    0.000000     % 
   0.000000     +/-    0.000000     %    0.000000     +/-    0.000000     % 

  Flux (Part/deg/GeV/cmq/pr):

   0.000000     +/-    0.000000     %    0.000000     +/-    0.000000     % 
   0.000000     +/-    0.000000     %    0.000000     +/-    0.000000     % 
   0.000000     +/-    0.000000     %    0.000000     +/-    0.000000     % 
   0.000000     +/-    0.000000     %    0.000000     +/-    0.000000     % 
   0.000000     +/-    0.000000     %    0.000000     +/-    0.000000     % 

  Energy interval (GeV):  2.2582576E-07  1.3797299E-07

  Flux (Part/sr/GeV/cmq/pr):

   0.000000     +/-    0.000000     %    0.000000     +/-    0.000000     % 
   0.000000     +/-    0.000000     %    0.000000     +/-    0.000000     % 
   0.000000     +/-    0.000000     %    0.000000     +/-    0.000000     % 
   0.000000     +/-    0.000000     %    0.000000     +/-    0.000000     % 
   0.000000     +/-    0.000000     %    0.000000     +/-    0.000000     % 

  Flux (Part/deg/GeV/cmq/pr):

   0.000000     +/-    0.000000     %    0.000000     +/-    0.000000     % 
   0.000000     +/-    0.000000     %    0.000000     +/-    0.000000     % 
   0.000000     +/-    0.000000     %    0.000000     +/-    0.000000     % 
   0.000000     +/-    0.000000     %    0.000000     +/-    0.000000     % 
   0.000000     +/-    0.000000     %    0.000000     +/-    0.000000     % 

  Energy interval (GeV):  1.3797299E-07  8.4297497E-08

  Flux (Part/sr/GeV/cmq/pr):

   0.000000     +/-    0.000000     %    0.000000     +/-    0.000000     % 
   0.000000     +/-    0.000000     %    0.000000     +/-    0.000000     % 
   0.000000     +/-    0.000000     %    0.000000     +/-    0.000000     % 
   0.000000     +/-    0.000000     %    0.000000     +/-    0.000000     % 
   0.000000     +/-    0.000000     %    0.000000     +/-    0.000000     % 

  Flux (Part/deg/GeV/cmq/pr):

   0.000000     +/-    0.000000     %    0.000000     +/-    0.000000     % 
   0.000000     +/-    0.000000     %    0.000000     +/-    0.000000     % 
   0.000000     +/-    0.000000     %    0.000000     +/-    0.000000     % 
   0.000000     +/-    0.000000     %    0.000000     +/-    0.000000     % 
   0.000000     +/-    0.000000     %    0.000000     +/-    0.000000     % 

  Energy interval (GeV):  8.4297497E-08  5.1503324E-08

  Flux (Part/sr/GeV/cmq/pr):

   0.000000     +/-    0.000000     %    0.000000     +/-    0.000000     % 
   0.000000     +/-    0.000000     %    0.000000     +/-    0.000000     % 
   0.000000     +/-    0.000000     %    0.000000     +/-    0.000000     % 
   0.000000     +/-    0.000000     %    0.000000     +/-    0.000000     % 
   0.000000     +/-    0.000000     %    0.000000     +/-    0.000000     % 

  Flux (Part/deg/GeV/cmq/pr):

   0.000000     +/-    0.000000     %    0.000000     +/-    0.000000     % 
   0.000000     +/-    0.000000     %    0.000000     +/-    0.000000     % 
   0.000000     +/-    0.000000     %    0.000000     +/-    0.000000     % 
   0.000000     +/-    0.000000     %    0.000000     +/-    0.000000     % 
   0.000000     +/-    0.000000     %    0.000000     +/-    0.000000     % 

  Energy interval (GeV):  5.1503324E-08  3.1467035E-08

  Flux (Part/sr/GeV/cmq/pr):

   0.000000     +/-    0.000000     %    0.000000     +/-    0.000000     % 
   0.000000     +/-    0.000000     %    0.000000     +/-    0.000000     % 
   0.000000     +/-    0.000000     %    0.000000     +/-    0.000000     % 
   0.000000     +/-    0.000000     %    0.000000     +/-    0.000000     % 
   0.000000     +/-    0.000000     %    0.000000     +/-    0.000000     % 

  Flux (Part/deg/GeV/cmq/pr):

   0.000000     +/-    0.000000     %    0.000000     +/-    0.000000     % 
   0.000000     +/-    0.000000     %    0.000000     +/-    0.000000     % 
   0.000000     +/-    0.000000     %    0.000000     +/-    0.000000     % 
   0.000000     +/-    0.000000     %    0.000000     +/-    0.000000     % 
   0.000000     +/-    0.000000     %    0.000000     +/-    0.000000     % 

  Energy interval (GeV):  3.1467035E-08  1.9225448E-08

  Flux (Part/sr/GeV/cmq/pr):

   0.000000     +/-    0.000000     %    0.000000     +/-    0.000000     % 
   0.000000     +/-    0.000000     %    0.000000     +/-    0.000000     % 
   0.000000     +/-    0.000000     %    0.000000     +/-    0.000000     % 
   0.000000     +/-    0.000000     %    0.000000     +/-    0.000000     % 
   0.000000     +/-    0.000000     %    0.000000     +/-    0.000000     % 

  Flux (Part/deg/GeV/cmq/pr):

   0.000000     +/-    0.000000     %    0.000000     +/-    0.000000     % 
   0.000000     +/-    0.000000     %    0.000000     +/-    0.000000     % 
   0.000000     +/-    0.000000     %    0.000000     +/-    0.000000     % 
   0.000000     +/-    0.000000     %    0.000000     +/-    0.000000     % 
   0.000000     +/-    0.000000     %    0.000000     +/-    0.000000     % 

  Energy interval (GeV):  1.9225448E-08  1.1746191E-08

  Flux (Part/sr/GeV/cmq/pr):

   0.000000     +/-    0.000000     %    0.000000     +/-    0.000000     % 
   0.000000     +/-    0.000000     %    0.000000     +/-    0.000000     % 
   0.000000     +/-    0.000000     %    0.000000     +/-    0.000000     % 
   0.000000     +/-    0.000000     %    0.000000     +/-    0.000000     % 
   0.000000     +/-    0.000000     %    0.000000     +/-    0.000000     % 

  Flux (Part/deg/GeV/cmq/pr):

   0.000000     +/-    0.000000     %    0.000000     +/-    0.000000     % 
   0.000000     +/-    0.000000     %    0.000000     +/-    0.000000     % 
   0.000000     +/-    0.000000     %    0.000000     +/-    0.000000     % 
   0.000000     +/-    0.000000     %    0.000000     +/-    0.000000     % 
   0.000000     +/-    0.000000     %    0.000000     +/-    0.000000     % 

  Energy interval (GeV):  1.1746191E-08  7.1765816E-09

  Flux (Part/sr/GeV/cmq/pr):

   0.000000     +/-    0.000000     %    0.000000     +/-    0.000000     % 
   0.000000     +/-    0.000000     %    0.000000     +/-    0.000000     % 
   0.000000     +/-    0.000000     %    0.000000     +/-    0.000000     % 
   0.000000     +/-    0.000000     %    0.000000     +/-    0.000000     % 
   0.000000     +/-    0.000000     %    0.000000     +/-    0.000000     % 

  Flux (Part/deg/GeV/cmq/pr):

   0.000000     +/-    0.000000     %    0.000000     +/-    0.000000     % 
   0.000000     +/-    0.000000     %    0.000000     +/-    0.000000     % 
   0.000000     +/-    0.000000     %    0.000000     +/-    0.000000     % 
   0.000000     +/-    0.000000     %    0.000000     +/-    0.000000     % 
   0.000000     +/-    0.000000     %    0.000000     +/-    0.000000     % 

  Energy interval (GeV):  7.1765816E-09  4.3846828E-09

  Flux (Part/sr/GeV/cmq/pr):

   0.000000     +/-    0.000000     %    0.000000     +/-    0.000000     % 
   0.000000     +/-    0.000000     %    0.000000     +/-    0.000000     % 
   0.000000     +/-    0.000000     %    0.000000     +/-    0.000000     % 
   0.000000     +/-    0.000000     %    0.000000     +/-    0.000000     % 
   0.000000     +/-    0.000000     %    0.000000     +/-    0.000000     % 

  Flux (Part/deg/GeV/cmq/pr):

   0.000000     +/-    0.000000     %    0.000000     +/-    0.000000     % 
   0.000000     +/-    0.000000     %    0.000000     +/-    0.000000     % 
   0.000000     +/-    0.000000     %    0.000000     +/-    0.000000     % 
   0.000000     +/-    0.000000     %    0.000000     +/-    0.000000     % 
   0.000000     +/-    0.000000     %    0.000000     +/-    0.000000     % 

  Energy interval (GeV):  4.3846828E-09  2.6789142E-09

  Flux (Part/sr/GeV/cmq/pr):

   0.000000     +/-    0.000000     %    0.000000     +/-    0.000000     % 
   0.000000     +/-    0.000000     %    0.000000     +/-    0.000000     % 
   0.000000     +/-    0.000000     %    0.000000     +/-    0.000000     % 
   0.000000     +/-    0.000000     %    0.000000     +/-    0.000000     % 
   0.000000     +/-    0.000000     %    0.000000     +/-    0.000000     % 

  Flux (Part/deg/GeV/cmq/pr):

   0.000000     +/-    0.000000     %    0.000000     +/-    0.000000     % 
   0.000000     +/-    0.000000     %    0.000000     +/-    0.000000     % 
   0.000000     +/-    0.000000     %    0.000000     +/-    0.000000     % 
   0.000000     +/-    0.000000     %    0.000000     +/-    0.000000     % 
   0.000000     +/-    0.000000     %    0.000000     +/-    0.000000     % 

  Energy interval (GeV):  2.6789142E-09  1.6367389E-09

  Flux (Part/sr/GeV/cmq/pr):

   0.000000     +/-    0.000000     %    0.000000     +/-    0.000000     % 
   0.000000     +/-    0.000000     %    0.000000     +/-    0.000000     % 
   0.000000     +/-    0.000000     %    0.000000     +/-    0.000000     % 
   0.000000     +/-    0.000000     %    0.000000     +/-    0.000000     % 
   0.000000     +/-    0.000000     %    0.000000     +/-    0.000000     % 

  Flux (Part/deg/GeV/cmq/pr):

   0.000000     +/-    0.000000     %    0.000000     +/-    0.000000     % 
   0.000000     +/-    0.000000     %    0.000000     +/-    0.000000     % 
   0.000000     +/-    0.000000     %    0.000000     +/-    0.000000     % 
   0.000000     +/-    0.000000     %    0.000000     +/-    0.000000     % 
   0.000000     +/-    0.000000     %    0.000000     +/-    0.000000     % 

  Energy interval (GeV):  1.6367389E-09  9.9999997E-10

  Flux (Part/sr/GeV/cmq/pr):

   0.000000     +/-    0.000000     %    0.000000     +/-    0.000000     % 
   0.000000     +/-    0.000000     %    0.000000     +/-    0.000000     % 
   0.000000     +/-    0.000000     %    0.000000     +/-    0.000000     % 
   0.000000     +/-    0.000000     %    0.000000     +/-    0.000000     % 
   0.000000     +/-    0.000000     %    0.000000     +/-    0.000000     % 

  Flux (Part/deg/GeV/cmq/pr):

   0.000000     +/-    0.000000     %    0.000000     +/-    0.000000     % 
   0.000000     +/-    0.000000     %    0.000000     +/-    0.000000     % 
   0.000000     +/-    0.000000     %    0.000000     +/-    0.000000     % 
   0.000000     +/-    0.000000     %    0.000000     +/-    0.000000     % 
   0.000000     +/-    0.000000     %    0.000000     +/-    0.000000     % 
