  **** 46.bnx ****

  Charged pion fluence inside and around a proton-irradiated Be target            

  Total primaries run:         2000000
   Total weight of the primaries run:   2000000.00    


  Detector n:            1 (           1 )  piFluenUD 
     (Area:            400.000000      cmq,
      distr. scored:         209    ,
      from reg.           3  to            4 ,
      one way scoring,
      fluence scoring scoring)

     Tot. resp. (Part/cmq/pr)  1.4611606E-03  +/-  0.2155670     %
     ( -->      (Part/pr)      0.5844643      +/-  0.2155670     % )

  **** Different. Fluxes as a function of energy **** ****      (integrated over solid angle)        ****


  Energy boundaries (GeV):

   50.00005       30.54858       18.66430       11.40334       6.967113    
   4.256703       2.600722       1.588966      0.9708120      0.5931380    
  0.3623901      0.2214098      0.1352750      8.2649104E-02  5.0496202E-02
  3.0851712E-02  1.8849501E-02  1.1516498E-02  7.0362468E-03  4.2989431E-03
  2.6265297E-03  1.6047333E-03  9.8044542E-04  5.9902371E-04  3.6598611E-04
  2.2360691E-04  1.3661734E-04  8.3469226E-05  5.0997282E-05  3.1157859E-05
  1.9036546E-05  1.1630777E-05  7.1060676E-06  4.3416017E-06  2.6525925E-06
  1.6206570E-06  9.9017450E-07  6.0496785E-07  3.6961782E-07  2.2582576E-07
  1.3797299E-07  8.4297497E-08  5.1503324E-08  3.1467035E-08  1.9225448E-08
  1.1746191E-08  7.1765816E-09  4.3846828E-09  2.6789142E-09  1.6367389E-09
  Lowest boundary   (GeV):  9.9999997E-10

  Flux (Part/GeV/cmq/pr):

  5.6174080E-08 +/-    2.135337     %   1.0488787E-06 +/-    1.536090     % 
  5.2621008E-06 +/-   0.5027062     %   1.7133814E-05 +/-   0.3344997     % 
  4.2321655E-05 +/-   0.4491077     %   8.8063069E-05 +/-   0.5029425     % 
  1.6549839E-04 +/-   0.3510749     %   2.8839835E-04 +/-   0.2894475     % 
  4.8373151E-04 +/-   0.5188534     %   7.7788957E-04 +/-   0.3410275     % 
  1.0223257E-03 +/-   0.4407129     %   1.0798689E-03 +/-   0.4875369     % 
  1.1097274E-03 +/-   0.5216903     %   1.0994964E-03 +/-   0.7166471     % 
  9.5952512E-04 +/-    1.770413     %   7.3002803E-04 +/-    1.391215     % 
  4.9757783E-04 +/-    2.214936     %   3.2170612E-04 +/-    7.425206     % 
  2.2085072E-04 +/-    10.68217     %   1.6943370E-04 +/-    7.988943     % 
  1.2831626E-04 +/-    21.87379     %   2.5457889E-04 +/-    24.25131     % 
  1.8569559E-04 +/-    19.09774     %   2.2260245E-04 +/-    27.56578     % 
  6.2028033E-05 +/-    50.48593     %   1.2877749E-04 +/-    42.17070     % 
  2.4595304E-04 +/-    27.26661     %   1.8083816E-04 +/-    43.65531     % 
   0.000000     +/-    0.000000     %    0.000000     +/-    0.000000     % 
   0.000000     +/-    0.000000     %    0.000000     +/-    0.000000     % 
  8.1675657E-04 +/-    99.00000     %    0.000000     +/-    0.000000     % 
   0.000000     +/-    0.000000     %    0.000000     +/-    0.000000     % 
   0.000000     +/-    0.000000     %    0.000000     +/-    0.000000     % 
   0.000000     +/-    0.000000     %    0.000000     +/-    0.000000     % 
   0.000000     +/-    0.000000     %    0.000000     +/-    0.000000     % 
   0.000000     +/-    0.000000     %    0.000000     +/-    0.000000     % 
   0.000000     +/-    0.000000     %    0.000000     +/-    0.000000     % 
   0.000000     +/-    0.000000     %    0.000000     +/-    0.000000     % 
   0.000000     +/-    0.000000     %    0.000000     +/-    0.000000     % 


  **** Cumulative Fluxes as a function of energy **** ****      (integrated over solid angle)        ****


  Energy boundaries (GeV):

   50.00005       30.54858       18.66430       11.40334       6.967113    
   4.256703       2.600722       1.588966      0.9708120      0.5931380    
  0.3623901      0.2214098      0.1352750      8.2649104E-02  5.0496202E-02
  3.0851712E-02  1.8849501E-02  1.1516498E-02  7.0362468E-03  4.2989431E-03
  2.6265297E-03  1.6047333E-03  9.8044542E-04  5.9902371E-04  3.6598611E-04
  2.2360691E-04  1.3661734E-04  8.3469226E-05  5.0997282E-05  3.1157859E-05
  1.9036546E-05  1.1630777E-05  7.1060676E-06  4.3416017E-06  2.6525925E-06
  1.6206570E-06  9.9017450E-07  6.0496785E-07  3.6961782E-07  2.2582576E-07
  1.3797299E-07  8.4297497E-08  5.1503324E-08  3.1467035E-08  1.9225448E-08
  1.1746191E-08  7.1765816E-09  4.3846828E-09  2.6789142E-09  1.6367389E-09
  Lowest boundary   (GeV):  9.9999997E-10

  Cumul. Flux (Part/cmq/pr):

  1.0926682E-06 +/-    2.135337     %   1.3557842E-05 +/-    1.489791     % 
  5.1765703E-05 +/-   0.2172703     %   1.2777525E-04 +/-   0.1336729     % 
  2.4248425E-04 +/-   0.2175256     %   3.8831503E-04 +/-   0.2781745     % 
  5.5575906E-04 +/-   0.2872178     %   7.3403365E-04 +/-   0.2782452     % 
  9.1672642E-04 +/-   0.3110026     %   1.0962229E-03 +/-   0.3132747     % 
  1.2403507E-03 +/-   0.3266702     %   1.3333649E-03 +/-   0.2784095     % 
  1.3917653E-03 +/-   0.2491249     %   1.4271174E-03 +/-   0.2423531     % 
  1.4459667E-03 +/-   0.2204271     %   1.4547287E-03 +/-   0.2130491     % 
  1.4583773E-03 +/-   0.2112964     %   1.4598187E-03 +/-   0.2088477     % 
  1.4604232E-03 +/-   0.2124752     %   1.4607066E-03 +/-   0.2133576     % 
  1.4608378E-03 +/-   0.2151124     %   1.4609967E-03 +/-   0.2142224     % 
  1.4610675E-03 +/-   0.2148342     %   1.4611194E-03 +/-   0.2152539     % 
  1.4611282E-03 +/-   0.2154553     %   1.4611394E-03 +/-   0.2153096     % 
  1.4611525E-03 +/-   0.2153781     %   1.4611584E-03 +/-   0.2154221     % 
  1.4611584E-03 +/-   0.2154221     %   1.4611584E-03 +/-   0.2154221     % 
  1.4611584E-03 +/-   0.2154221     %   1.4611584E-03 +/-   0.2154221     % 
  1.4611606E-03 +/-   0.2155670     %   1.4611606E-03 +/-   0.2155670     % 
  1.4611606E-03 +/-   0.2155670     %   1.4611606E-03 +/-   0.2155670     % 
  1.4611606E-03 +/-   0.2155670     %   1.4611606E-03 +/-   0.2155670     % 
  1.4611606E-03 +/-   0.2155670     %   1.4611606E-03 +/-   0.2155670     % 
  1.4611606E-03 +/-   0.2155670     %   1.4611606E-03 +/-   0.2155670     % 
  1.4611606E-03 +/-   0.2155670     %   1.4611606E-03 +/-   0.2155670     % 
  1.4611606E-03 +/-   0.2155670     %   1.4611606E-03 +/-   0.2155670     % 
  1.4611606E-03 +/-   0.2155670     %   1.4611606E-03 +/-   0.2155670     % 
  1.4611606E-03 +/-   0.2155670     %   1.4611606E-03 +/-   0.2155670     % 

  **** Double diff. Fluxes as a function of energy ****


  Solid angle minimum value (sr):   0.000000    

  Solid angle upper boundaries (sr):

  0.6283185       1.256637       1.884956       2.513274       3.141593    
   3.769911       4.398230       5.026548       5.654867       6.283185    

  Angular minimum value (deg.):   0.000000    

  Angular upper boundaries (deg.):

   25.84193       36.86990       45.57299       53.13010       60.00000    
   66.42182       72.54240       78.46304       84.26083       90.00000    


  Energy interval (GeV):   50.00005       30.54858    

  Flux (Part/sr/GeV/cmq/pr):

  8.9403819E-08 +/-    2.135337     %    0.000000     +/-    0.000000     % 
   0.000000     +/-    0.000000     %    0.000000     +/-    0.000000     % 
   0.000000     +/-    0.000000     %    0.000000     +/-    0.000000     % 
   0.000000     +/-    0.000000     %    0.000000     +/-    0.000000     % 
   0.000000     +/-    0.000000     %    0.000000     +/-    0.000000     % 

  Flux (Part/deg/GeV/cmq/pr):

  2.1737570E-09 +/-    2.135337     %    0.000000     +/-    0.000000     % 
   0.000000     +/-    0.000000     %    0.000000     +/-    0.000000     % 
   0.000000     +/-    0.000000     %    0.000000     +/-    0.000000     % 
   0.000000     +/-    0.000000     %    0.000000     +/-    0.000000     % 
   0.000000     +/-    0.000000     %    0.000000     +/-    0.000000     % 

  Energy interval (GeV):   30.54858       18.66430    

  Flux (Part/sr/GeV/cmq/pr):

  1.6693424E-06 +/-    1.536090     %    0.000000     +/-    0.000000     % 
   0.000000     +/-    0.000000     %    0.000000     +/-    0.000000     % 
   0.000000     +/-    0.000000     %    0.000000     +/-    0.000000     % 
   0.000000     +/-    0.000000     %    0.000000     +/-    0.000000     % 
   0.000000     +/-    0.000000     %    0.000000     +/-    0.000000     % 

  Flux (Part/deg/GeV/cmq/pr):

  4.0588247E-08 +/-    1.536090     %    0.000000     +/-    0.000000     % 
   0.000000     +/-    0.000000     %    0.000000     +/-    0.000000     % 
   0.000000     +/-    0.000000     %    0.000000     +/-    0.000000     % 
   0.000000     +/-    0.000000     %    0.000000     +/-    0.000000     % 
   0.000000     +/-    0.000000     %    0.000000     +/-    0.000000     % 

  Energy interval (GeV):   18.66430       11.40334    

  Flux (Part/sr/GeV/cmq/pr):

  8.3748937E-06 +/-   0.5027062     %    0.000000     +/-    0.000000     % 
   0.000000     +/-    0.000000     %    0.000000     +/-    0.000000     % 
   0.000000     +/-    0.000000     %    0.000000     +/-    0.000000     % 
   0.000000     +/-    0.000000     %    0.000000     +/-    0.000000     % 
   0.000000     +/-    0.000000     %    0.000000     +/-    0.000000     % 

  Flux (Part/deg/GeV/cmq/pr):

  2.0362644E-07 +/-   0.5027062     %    0.000000     +/-    0.000000     % 
   0.000000     +/-    0.000000     %    0.000000     +/-    0.000000     % 
   0.000000     +/-    0.000000     %    0.000000     +/-    0.000000     % 
   0.000000     +/-    0.000000     %    0.000000     +/-    0.000000     % 
   0.000000     +/-    0.000000     %    0.000000     +/-    0.000000     % 

  Energy interval (GeV):   11.40334       6.967113    

  Flux (Part/sr/GeV/cmq/pr):

  2.7269311E-05 +/-   0.3344997     %    0.000000     +/-    0.000000     % 
   0.000000     +/-    0.000000     %    0.000000     +/-    0.000000     % 
   0.000000     +/-    0.000000     %    0.000000     +/-    0.000000     % 
   0.000000     +/-    0.000000     %    0.000000     +/-    0.000000     % 
   0.000000     +/-    0.000000     %    0.000000     +/-    0.000000     % 

  Flux (Part/deg/GeV/cmq/pr):

  6.6302368E-07 +/-   0.3344997     %    0.000000     +/-    0.000000     % 
   0.000000     +/-    0.000000     %    0.000000     +/-    0.000000     % 
   0.000000     +/-    0.000000     %    0.000000     +/-    0.000000     % 
   0.000000     +/-    0.000000     %    0.000000     +/-    0.000000     % 
   0.000000     +/-    0.000000     %    0.000000     +/-    0.000000     % 

  Energy interval (GeV):   6.967113       4.256703    

  Flux (Part/sr/GeV/cmq/pr):

  6.7354493E-05 +/-   0.4489819     %   2.5128462E-09 +/-    40.83138     % 
   0.000000     +/-    0.000000     %    0.000000     +/-    0.000000     % 
   0.000000     +/-    0.000000     %    0.000000     +/-    0.000000     % 
   0.000000     +/-    0.000000     %    0.000000     +/-    0.000000     % 
   0.000000     +/-    0.000000     %    0.000000     +/-    0.000000     % 

  Flux (Part/deg/GeV/cmq/pr):

  1.6376514E-06 +/-   0.4489819     %   1.4316946E-10 +/-    40.83138     % 
   0.000000     +/-    0.000000     %    0.000000     +/-    0.000000     % 
   0.000000     +/-    0.000000     %    0.000000     +/-    0.000000     % 
   0.000000     +/-    0.000000     %    0.000000     +/-    0.000000     % 
   0.000000     +/-    0.000000     %    0.000000     +/-    0.000000     % 

  Energy interval (GeV):   4.256703       2.600722    

  Flux (Part/sr/GeV/cmq/pr):

  1.3993103E-04 +/-   0.4955878     %   2.1960521E-07 +/-    7.615078     % 
  6.0927414E-09 +/-    46.71984     %    0.000000     +/-    0.000000     % 
   0.000000     +/-    0.000000     %    0.000000     +/-    0.000000     % 
   0.000000     +/-    0.000000     %    0.000000     +/-    0.000000     % 
   0.000000     +/-    0.000000     %    0.000000     +/-    0.000000     % 

  Flux (Part/deg/GeV/cmq/pr):

  3.4022712E-06 +/-   0.4955878     %   1.2512012E-08 +/-    7.615078     % 
  4.3986431E-10 +/-    46.71984     %    0.000000     +/-    0.000000     % 
   0.000000     +/-    0.000000     %    0.000000     +/-    0.000000     % 
   0.000000     +/-    0.000000     %    0.000000     +/-    0.000000     % 
   0.000000     +/-    0.000000     %    0.000000     +/-    0.000000     % 

  Energy interval (GeV):   2.600722       1.588966    

  Flux (Part/sr/GeV/cmq/pr):

  2.5705091E-04 +/-   0.3486329     %   5.6809440E-06 +/-    1.372712     % 
  5.7267670E-07 +/-    4.968720     %   7.6929979E-08 +/-    7.130959     % 
  1.7397914E-08 +/-    44.67768     %    0.000000     +/-    0.000000     % 
   0.000000     +/-    0.000000     %    0.000000     +/-    0.000000     % 
   0.000000     +/-    0.000000     %    0.000000     +/-    0.000000     % 

  Flux (Part/deg/GeV/cmq/pr):

  6.2499139E-06 +/-   0.3486329     %   3.2367194E-07 +/-    1.372712     % 
  4.1344283E-08 +/-    4.968720     %   6.3961698E-09 +/-    7.130959     % 
  1.5912076E-09 +/-    44.67768     %    0.000000     +/-    0.000000     % 
   0.000000     +/-    0.000000     %    0.000000     +/-    0.000000     % 
   0.000000     +/-    0.000000     %    0.000000     +/-    0.000000     % 

  Energy interval (GeV):   1.588966      0.9708120    

  Flux (Part/sr/GeV/cmq/pr):

  3.9936535E-04 +/-   0.2513708     %   4.4040116E-05 +/-   0.9530725     % 
  1.0816678E-05 +/-   0.9262255     %   3.2447281E-06 +/-    4.926913     % 
  1.0799578E-06 +/-    6.214397     %   2.8527478E-07 +/-    16.60879     % 
  1.2999394E-07 +/-    17.06295     %   3.8101408E-08 +/-    70.17359     % 
   0.000000     +/-    0.000000     %    0.000000     +/-    0.000000     % 

  Flux (Part/deg/GeV/cmq/pr):

  9.7101356E-06 +/-   0.2513708     %   2.5091867E-06 +/-   0.9530725     % 
  7.8090795E-07 +/-   0.9262255     %   2.6977563E-07 +/-    4.926913     % 
  9.8772588E-08 +/-    6.214397     %   2.7911613E-08 +/-    16.60879     % 
  1.3344758E-08 +/-    17.06295     %   4.0434496E-09 +/-    70.17359     % 
   0.000000     +/-    0.000000     %    0.000000     +/-    0.000000     % 

  Energy interval (GeV):  0.9708120      0.5931380    

  Flux (Part/sr/GeV/cmq/pr):

  4.9619493E-04 +/-   0.5222729     %   1.4791962E-04 +/-    1.042676     % 
  6.1715487E-05 +/-   0.9454076     %   3.0349682E-05 +/-    1.074363     % 
  1.6986878E-05 +/-    1.388377     %   8.4722242E-06 +/-    2.672645     % 
  4.3838668E-06 +/-    3.450941     %   2.3547934E-06 +/-    8.423698     % 
  1.0900762E-06 +/-    6.377023     %   4.1502682E-07 +/-    57.82658     % 

  Flux (Part/deg/GeV/cmq/pr):

  1.2064441E-05 +/-   0.5222729     %   8.4277244E-06 +/-    1.042676     % 
  4.4555377E-06 +/-   0.9454076     %   2.5233560E-06 +/-    1.074363     % 
  1.5536144E-06 +/-    1.388377     %   8.2893223E-07 +/-    2.672645     % 
  4.5003364E-07 +/-    3.450941     %   2.4989859E-07 +/-    8.423698     % 
  1.1813388E-07 +/-    6.377023     %   4.5436714E-08 +/-    57.82658     % 

  Energy interval (GeV):  0.5931380      0.3623901    

  Flux (Part/sr/GeV/cmq/pr):

  5.0249934E-04 +/-   0.5450506     %   2.7176720E-04 +/-   0.7468743     % 
  1.5945766E-04 +/-   0.6678098     %   1.0413280E-04 +/-    1.294060     % 
  7.0682079E-05 +/-   0.8195050     %   4.9945611E-05 +/-    1.946978     % 
  3.2429241E-05 +/-   0.7398464     %   2.3093458E-05 +/-    2.823726     % 
  1.6191319E-05 +/-    5.112839     %   7.8509747E-06 +/-    16.58378     % 

  Flux (Part/deg/GeV/cmq/pr):

  1.2217726E-05 +/-   0.5450506     %   1.5483942E-05 +/-   0.7468743     % 
  1.1512016E-05 +/-   0.6678098     %   8.6578875E-06 +/-    1.294060     % 
  6.4645596E-06 +/-   0.8195050     %   4.8867360E-06 +/-    1.946978     % 
  3.3290814E-06 +/-   0.7398464     %   2.4507553E-06 +/-    2.823726     % 
  1.7546877E-06 +/-    5.112839     %   8.5951677E-07 +/-    16.58378     % 

  Energy interval (GeV):  0.3623901      0.2214098    

  Flux (Part/sr/GeV/cmq/pr):

  4.0657030E-04 +/-   0.7680508     %   3.0603615E-04 +/-   0.7405871     % 
  2.3538712E-04 +/-    1.202713     %   1.8391633E-04 +/-    1.172728     % 
  1.4519412E-04 +/-   0.6191092     %   1.1270153E-04 +/-    2.299120     % 
  8.3677623E-05 +/-    3.846111     %   6.5140710E-05 +/-    2.545578     % 
  5.1219053E-05 +/-    4.268866     %   3.7238889E-05 +/-    15.37053     % 

  Flux (Part/deg/GeV/cmq/pr):

  9.8853161E-06 +/-   0.7680508     %   1.7436416E-05 +/-   0.7405871     % 
  1.6993728E-05 +/-    1.202713     %   1.5291311E-05 +/-    1.172728     % 
  1.3279407E-05 +/-   0.6191092     %   1.1026848E-05 +/-    2.299120     % 
  8.5900756E-06 +/-    3.846111     %   6.9129510E-06 +/-    2.545578     % 
  5.5507176E-06 +/-    4.268866     %   4.0768759E-06 +/-    15.37053     % 

  Energy interval (GeV):  0.2214098      0.1352750    

  Flux (Part/sr/GeV/cmq/pr):

  2.8616510E-04 +/-    1.014971     %   2.5429550E-04 +/-    1.158993     % 
  2.3369756E-04 +/-    1.026735     %   2.0737707E-04 +/-    1.481408     % 
  1.8541131E-04 +/-   0.9857522     %   1.5565488E-04 +/-    2.202927     % 
  1.2170585E-04 +/-    1.616039     %   1.0629707E-04 +/-    2.674681     % 
  8.3521118E-05 +/-    2.808583     %   8.4539111E-05 +/-    8.291607     % 

  Flux (Part/deg/GeV/cmq/pr):

  6.9577936E-06 +/-    1.014971     %   1.4488492E-05 +/-    1.158993     % 
  1.6871751E-05 +/-    1.026735     %   1.7241900E-05 +/-    1.481408     % 
  1.6957658E-05 +/-   0.9857522     %   1.5229453E-05 +/-    2.202927     % 
  1.2493932E-05 +/-    1.616039     %   1.1280602E-05 +/-    2.674681     % 
  9.0513613E-06 +/-    2.808583     %   9.2552564E-06 +/-    8.291607     % 

  Energy interval (GeV):  0.1352750      8.2649104E-02

  Flux (Part/sr/GeV/cmq/pr):

  2.0016334E-04 +/-   0.5429388     %   2.0402850E-04 +/-   0.7479123     % 
  1.9993009E-04 +/-   0.9828270     %   2.0462101E-04 +/-    1.744877     % 
  1.9418860E-04 +/-    2.172058     %   1.8075256E-04 +/-    2.234823     % 
  1.5786865E-04 +/-    1.396137     %   1.5866957E-04 +/-    3.104455     % 
  1.3262930E-04 +/-    3.762973     %   1.3333437E-04 +/-    11.11512     % 

  Flux (Part/deg/GeV/cmq/pr):

  4.8667544E-06 +/-   0.5429388     %   1.1624529E-05 +/-   0.7479123     % 
  1.4433915E-05 +/-   0.9828270     %   1.7012753E-05 +/-    1.744877     % 
  1.7760427E-05 +/-    2.172058     %   1.7685039E-05 +/-    2.234823     % 
  1.6206288E-05 +/-    1.396137     %   1.6838549E-05 +/-    3.104455     % 
  1.4373320E-05 +/-    3.762973     %   1.4597311E-05 +/-    11.11512     % 

  Energy interval (GeV):  8.2649104E-02  5.0496202E-02

  Flux (Part/sr/GeV/cmq/pr):

  1.6277528E-04 +/-    1.588405     %   1.7353917E-04 +/-    1.162380     % 
  1.7624002E-04 +/-    1.862072     %   1.8358220E-04 +/-    2.621094     % 
  2.0449504E-04 +/-    3.369179     %   1.9614262E-04 +/-    1.856964     % 
  1.7707587E-04 +/-    2.435187     %   1.7606490E-04 +/-    2.643481     % 
  1.7339527E-04 +/-    2.763788     %   1.2659242E-04 +/-    14.60275     % 

  Flux (Part/deg/GeV/cmq/pr):

  3.9577044E-06 +/-    1.588405     %   9.8873979E-06 +/-    1.162380     % 
  1.2723614E-05 +/-    1.862072     %   1.5263529E-05 +/-    2.621094     % 
  1.8703049E-05 +/-    3.369179     %   1.9190818E-05 +/-    1.856964     % 
  1.8178038E-05 +/-    2.435187     %   1.8684599E-05 +/-    2.643481     % 
  1.8791214E-05 +/-    2.763788     %   1.3859210E-05 +/-    14.60275     % 

  Energy interval (GeV):  5.0496202E-02  3.0851712E-02

  Flux (Part/sr/GeV/cmq/pr):

  1.2555919E-04 +/-    2.723184     %   1.3344258E-04 +/-    2.847989     % 
  1.4260515E-04 +/-    1.856178     %   1.6375302E-04 +/-    3.155169     % 
  1.6867576E-04 +/-    2.884499     %   1.7569526E-04 +/-    2.979685     % 
  1.5674326E-04 +/-    4.541208     %   1.5575984E-04 +/-    3.332134     % 
  1.5428738E-04 +/-    5.726209     %   1.5061014E-04 +/-    10.58414     % 

  Flux (Part/deg/GeV/cmq/pr):

  3.0528354E-06 +/-    2.723184     %   7.6028937E-06 +/-    2.847989     % 
  1.0295352E-05 +/-    1.856178     %   1.3614876E-05 +/-    3.155169     % 
  1.5427031E-05 +/-    2.884499     %   1.7190227E-05 +/-    2.979685     % 
  1.6090758E-05 +/-    4.541208     %   1.6529759E-05 +/-    3.332134     % 
  1.6720451E-05 +/-    5.726209     %   1.6488646E-05 +/-    10.58414     % 

  Energy interval (GeV):  3.0851712E-02  1.8849501E-02

  Flux (Part/sr/GeV/cmq/pr):

  9.5319425E-05 +/-    4.338479     %   1.0180582E-04 +/-    5.299116     % 
  1.0711100E-04 +/-    2.402718     %   1.1482581E-04 +/-    4.011953     % 
  1.2821321E-04 +/-    4.129047     %   1.3563459E-04 +/-    4.617361     % 
  1.2429556E-04 +/-    4.262426     %   1.2731159E-04 +/-    5.827601     % 
  1.2554886E-04 +/-    6.694480     %   1.0180983E-04 +/-    16.14352     % 

  Flux (Part/deg/GeV/cmq/pr):

  2.3175883E-06 +/-    4.338479     %   5.8003893E-06 +/-    5.299116     % 
  7.7328577E-06 +/-    2.402718     %   9.5469331E-06 +/-    4.011953     % 
  1.1726339E-05 +/-    4.129047     %   1.3270644E-05 +/-    4.617361     % 
  1.2759781E-05 +/-    4.262426     %   1.3510734E-05 +/-    5.827601     % 
  1.3605996E-05 +/-    6.694480     %   1.1146036E-05 +/-    16.14352     % 

  Energy interval (GeV):  1.8849501E-02  1.1516498E-02

  Flux (Part/sr/GeV/cmq/pr):

  6.0527203E-05 +/-    9.578702     %   6.6808738E-05 +/-    2.923537     % 
  6.2583655E-05 +/-    7.500851     %   9.5195508E-05 +/-    6.085858     % 
  8.5511630E-05 +/-    6.271491     %   8.9864021E-05 +/-    7.683364     % 
  9.1508678E-05 +/-    5.036628     %   9.1135778E-05 +/-    17.29849     % 
  8.1916529E-05 +/-    9.671535     %   6.6867957E-05 +/-    32.93388     % 

  Flux (Part/deg/GeV/cmq/pr):

  1.4716533E-06 +/-    9.578702     %   3.8064295E-06 +/-    2.923537     % 
  4.5182151E-06 +/-    7.500851     %   7.9148167E-06 +/-    6.085858     % 
  7.8208659E-06 +/-    6.271491     %   8.7923991E-06 +/-    7.683364     % 
  9.3939861E-06 +/-    5.036628     %   9.6716358E-06 +/-    17.29849     % 
  8.8774677E-06 +/-    9.671535     %   7.3206356E-06 +/-    32.93388     % 

  Energy interval (GeV):  1.1516498E-02  7.0362468E-03

  Flux (Part/sr/GeV/cmq/pr):

  3.7381593E-05 +/-    8.049350     %   3.3481279E-05 +/-    7.690828     % 
  3.2705568E-05 +/-    13.33968     %   3.7623697E-05 +/-    18.88798     % 
  5.2234380E-05 +/-    9.085405     %   4.8383743E-05 +/-    12.24304     % 
  5.4334741E-05 +/-    22.53692     %   3.8347069E-05 +/-    17.46032     % 
  6.4121268E-05 +/-    21.71935     %   1.1339782E-04 +/-    33.37501     % 

  Flux (Part/deg/GeV/cmq/pr):

  9.0889290E-07 +/-    8.049350     %   1.9075967E-06 +/-    7.690828     % 
  2.3611722E-06 +/-    13.33968     %   3.1281377E-06 +/-    18.88798     % 
  4.7773397E-06 +/-    9.085405     %   4.7339208E-06 +/-    12.24304     % 
  5.5778296E-06 +/-    22.53692     %   4.0695199E-06 +/-    17.46032     % 
  6.9489583E-06 +/-    21.71935     %   1.2414678E-05 +/-    33.37501     % 

  Energy interval (GeV):  7.0362468E-03  4.2989431E-03

  Flux (Part/sr/GeV/cmq/pr):

  2.0705043E-05 +/-    24.13111     %   2.4858780E-05 +/-    30.26788     % 
  3.3695575E-05 +/-    21.54403     %   4.1495721E-05 +/-    29.56724     % 
  4.2258263E-05 +/-    14.20324     %   2.7548411E-05 +/-    18.64568     % 
  4.0821113E-05 +/-    10.48938     %   4.9913739E-05 +/-    16.41029     % 
  3.0942596E-05 +/-    42.81636     %   3.9255578E-05 +/-    99.00000     % 

  Flux (Part/deg/GeV/cmq/pr):

  5.0342067E-07 +/-    24.13111     %   1.4163296E-06 +/-    30.26788     % 
  2.4326455E-06 +/-    21.54403     %   3.4500683E-06 +/-    29.56724     % 
  3.8649268E-06 +/-    14.20324     %   2.6953683E-06 +/-    18.64568     % 
  4.1905641E-06 +/-    10.48938     %   5.2970136E-06 +/-    16.41029     % 
  3.3533149E-06 +/-    42.81636     %   4.2976608E-06 +/-    99.00000     % 

  Energy interval (GeV):  4.2989431E-03  2.6265297E-03

  Flux (Part/sr/GeV/cmq/pr):

  1.9059727E-05 +/-    43.56208     %   3.3199354E-05 +/-    24.44877     % 
  3.0662726E-05 +/-    30.71684     %   2.7510820E-05 +/-    15.16695     % 
  2.4536168E-05 +/-    34.12907     %   4.7056008E-05 +/-    33.67402     % 
  2.0409534E-05 +/-    37.73853     %   1.0796126E-05 +/-    61.26234     % 
  3.4946643E-05 +/-    65.01819     %   2.1484990E-05 +/-    99.00000     % 

  Flux (Part/deg/GeV/cmq/pr):

  4.6341660E-07 +/-    43.56208     %   1.8915340E-06 +/-    24.44877     % 
  2.2136896E-06 +/-    30.71684     %   2.2873253E-06 +/-    15.16695     % 
  2.2440699E-06 +/-    34.12907     %   4.6040141E-06 +/-    33.67402     % 
  2.0951770E-06 +/-    37.73853     %   1.1457212E-06 +/-    61.26234     % 
  3.7872417E-06 +/-    65.01819     %   2.3521548E-06 +/-    99.00000     % 

  Energy interval (GeV):  2.6265297E-03  1.6047333E-03

  Flux (Part/sr/GeV/cmq/pr):

  1.8761733E-05 +/-    36.67409     %   1.6006043E-05 +/-    65.25800     % 
  2.0714182E-05 +/-    32.33002     %   8.5815345E-06 +/-    66.12064     % 
  4.2288695E-05 +/-    28.80986     %   1.2929961E-05 +/-    67.22633     % 
  1.6362526E-05 +/-    40.92662     %   2.9581257E-05 +/-    46.39960     % 
  9.8415385E-06 +/-    99.00000     %   2.9154195E-05 +/-    99.00000     % 

  Flux (Part/deg/GeV/cmq/pr):

  4.5617122E-07 +/-    36.67409     %   9.1194465E-07 +/-    65.25800     % 
  1.4954563E-06 +/-    32.33002     %   7.1349240E-07 +/-    66.12064     % 
  3.8677103E-06 +/-    28.80986     %   1.2650822E-06 +/-    67.22633     % 
  1.6797243E-06 +/-    40.92662     %   3.1392624E-06 +/-    46.39960     % 
  1.0665484E-06 +/-    99.00000     %   3.1917716E-06 +/-    99.00000     % 

  Energy interval (GeV):  1.6047333E-03  9.8044542E-04

  Flux (Part/sr/GeV/cmq/pr):

  2.0172945E-05 +/-    30.98748     %   1.8168752E-05 +/-    31.46520     % 
  3.4283261E-05 +/-    15.07409     %   3.9732855E-05 +/-    57.09819     % 
  2.3798450E-05 +/-    46.66528     %   3.5775556E-05 +/-    29.78383     % 
  3.6496687E-05 +/-    45.96114     %   8.2395876E-05 +/-    29.92050     % 
  3.4433164E-05 +/-    61.32443     %   7.9917343E-05 +/-    99.00000     % 

  Flux (Part/deg/GeV/cmq/pr):

  4.9048327E-07 +/-    30.98748     %   1.0351652E-06 +/-    31.46520     % 
  2.4750734E-06 +/-    15.07409     %   3.3034987E-06 +/-    57.09819     % 
  2.1765984E-06 +/-    46.66528     %   3.5003218E-06 +/-    29.78383     % 
  3.7466323E-06 +/-    45.96114     %   8.7441276E-06 +/-    29.92050     % 
  3.7315951E-06 +/-    61.32443     %   8.7492699E-06 +/-    99.00000     % 

  Energy interval (GeV):  9.8044542E-04  5.9902371E-04

  Flux (Part/sr/GeV/cmq/pr):

  2.1774125E-05 +/-    46.93184     %   1.8740762E-05 +/-    40.84954     % 
  3.4562287E-05 +/-    45.26448     %   3.2069896E-05 +/-    25.08122     % 
  9.8439305E-05 +/-    40.91238     %   3.4733024E-05 +/-    67.41300     % 
  1.4106545E-05 +/-    99.00000     %   4.1117775E-05 +/-    61.24277     % 
   0.000000     +/-    0.000000     %    0.000000     +/-    0.000000     % 

  Flux (Part/deg/GeV/cmq/pr):

  5.2941425E-07 +/-    46.93184     %   1.0677554E-06 +/-    40.84954     % 
  2.4952176E-06 +/-    45.26448     %   2.6663793E-06 +/-    25.08122     % 
  9.0032263E-06 +/-    40.91238     %   3.3983192E-06 +/-    67.41300     % 
  1.4481325E-06 +/-    99.00000     %   4.3635564E-06 +/-    61.24277     % 
   0.000000     +/-    0.000000     %    0.000000     +/-    0.000000     % 

  Energy interval (GeV):  5.9902371E-04  3.6598611E-04

  Flux (Part/sr/GeV/cmq/pr):

  2.6890086E-05 +/-    40.83304     %   3.8628292E-05 +/-    47.30228     % 
  1.1243121E-05 +/-    99.00000     %   4.1339525E-05 +/-    40.83281     % 
   0.000000     +/-    0.000000     %   3.6974790E-05 +/-    99.00000     % 
  5.0200841E-05 +/-    61.59589     %    0.000000     +/-    0.000000     % 
  5.8226717E-05 +/-    99.00000     %   9.0779424E-05 +/-    99.00000     % 

  Flux (Part/deg/GeV/cmq/pr):

  6.5380328E-07 +/-    40.83304     %   2.2008478E-06 +/-    47.30228     % 
  8.1169497E-07 +/-    99.00000     %   3.4370819E-06 +/-    40.83281     % 
   0.000000     +/-    0.000000     %   3.6176561E-06 +/-    99.00000     % 
  5.1534566E-06 +/-    61.59589     %    0.000000     +/-    0.000000     % 
  6.3101529E-06 +/-    99.00000     %   9.9384388E-06 +/-    99.00000     % 

  Energy interval (GeV):  3.6598611E-04  2.2360691E-04

  Flux (Part/sr/GeV/cmq/pr):

  4.4025917E-05 +/-    40.90793     %   3.2582928E-05 +/-    61.23750     % 
   0.000000     +/-    0.000000     %   2.2111830E-05 +/-    99.00000     % 
   0.000000     +/-    0.000000     %    0.000000     +/-    0.000000     % 
   0.000000     +/-    0.000000     %    0.000000     +/-    0.000000     % 
   0.000000     +/-    0.000000     %    0.000000     +/-    0.000000     % 

  Flux (Part/deg/GeV/cmq/pr):

  1.0704424E-06 +/-    40.90793     %   1.8564132E-06 +/-    61.23750     % 
   0.000000     +/-    0.000000     %   1.8384384E-06 +/-    99.00000     % 
   0.000000     +/-    0.000000     %    0.000000     +/-    0.000000     % 
   0.000000     +/-    0.000000     %    0.000000     +/-    0.000000     % 
   0.000000     +/-    0.000000     %    0.000000     +/-    0.000000     % 

  Energy interval (GeV):  2.2360691E-04  1.3661734E-04

  Flux (Part/sr/GeV/cmq/pr):

  2.4269728E-05 +/-    99.00000     %   5.5523938E-05 +/-    61.26194     % 
   0.000000     +/-    0.000000     %   3.4954650E-05 +/-    99.00000     % 
  4.0356448E-05 +/-    99.00000     %   4.9850973E-05 +/-    99.00000     % 
   0.000000     +/-    0.000000     %    0.000000     +/-    0.000000     % 
   0.000000     +/-    0.000000     %    0.000000     +/-    0.000000     % 

  Flux (Part/deg/GeV/cmq/pr):

  5.9009210E-07 +/-    99.00000     %   3.1634777E-06 +/-    61.26194     % 
   0.000000     +/-    0.000000     %   2.9062257E-06 +/-    99.00000     % 
  3.6909876E-06 +/-    99.00000     %   4.8774768E-06 +/-    99.00000     % 
   0.000000     +/-    0.000000     %    0.000000     +/-    0.000000     % 
   0.000000     +/-    0.000000     %    0.000000     +/-    0.000000     % 

  Energy interval (GeV):  1.3661734E-04  8.3469226E-05

  Flux (Part/sr/GeV/cmq/pr):

  7.8034587E-05 +/-    61.26535     %    0.000000     +/-    0.000000     % 
   0.000000     +/-    0.000000     %    0.000000     +/-    0.000000     % 
  1.3837086E-04 +/-    61.31581     %   7.6210534E-05 +/-    99.00000     % 
  9.8830416E-05 +/-    99.00000     %    0.000000     +/-    0.000000     % 
   0.000000     +/-    0.000000     %    0.000000     +/-    0.000000     % 

  Flux (Part/deg/GeV/cmq/pr):

  1.8973262E-06 +/-    61.26535     %    0.000000     +/-    0.000000     % 
   0.000000     +/-    0.000000     %    0.000000     +/-    0.000000     % 
  1.2655354E-05 +/-    61.31581     %   7.4565264E-06 +/-    99.00000     % 
  1.0145612E-05 +/-    99.00000     %    0.000000     +/-    0.000000     % 
   0.000000     +/-    0.000000     %    0.000000     +/-    0.000000     % 

  Energy interval (GeV):  8.3469226E-05  5.0997282E-05

  Flux (Part/sr/GeV/cmq/pr):

   0.000000     +/-    0.000000     %    0.000000     +/-    0.000000     % 
  1.5938540E-04 +/-    61.24221     %    0.000000     +/-    0.000000     % 
   0.000000     +/-    0.000000     %   1.2842749E-04 +/-    99.00000     % 
   0.000000     +/-    0.000000     %    0.000000     +/-    0.000000     % 
   0.000000     +/-    0.000000     %    0.000000     +/-    0.000000     % 

  Flux (Part/deg/GeV/cmq/pr):

   0.000000     +/-    0.000000     %    0.000000     +/-    0.000000     % 
  1.1506798E-05 +/-    61.24221     %    0.000000     +/-    0.000000     % 
   0.000000     +/-    0.000000     %   1.2565493E-05 +/-    99.00000     % 
   0.000000     +/-    0.000000     %    0.000000     +/-    0.000000     % 
   0.000000     +/-    0.000000     %    0.000000     +/-    0.000000     % 

  Energy interval (GeV):  5.0997282E-05  3.1157859E-05

  Flux (Part/sr/GeV/cmq/pr):

   0.000000     +/-    0.000000     %    0.000000     +/-    0.000000     % 
   0.000000     +/-    0.000000     %    0.000000     +/-    0.000000     % 
   0.000000     +/-    0.000000     %    0.000000     +/-    0.000000     % 
   0.000000     +/-    0.000000     %    0.000000     +/-    0.000000     % 
   0.000000     +/-    0.000000     %    0.000000     +/-    0.000000     % 

  Flux (Part/deg/GeV/cmq/pr):

   0.000000     +/-    0.000000     %    0.000000     +/-    0.000000     % 
   0.000000     +/-    0.000000     %    0.000000     +/-    0.000000     % 
   0.000000     +/-    0.000000     %    0.000000     +/-    0.000000     % 
   0.000000     +/-    0.000000     %    0.000000     +/-    0.000000     % 
   0.000000     +/-    0.000000     %    0.000000     +/-    0.000000     % 

  Energy interval (GeV):  3.1157859E-05  1.9036546E-05

  Flux (Part/sr/GeV/cmq/pr):

   0.000000     +/-    0.000000     %    0.000000     +/-    0.000000     % 
   0.000000     +/-    0.000000     %    0.000000     +/-    0.000000     % 
   0.000000     +/-    0.000000     %    0.000000     +/-    0.000000     % 
   0.000000     +/-    0.000000     %    0.000000     +/-    0.000000     % 
   0.000000     +/-    0.000000     %    0.000000     +/-    0.000000     % 

  Flux (Part/deg/GeV/cmq/pr):

   0.000000     +/-    0.000000     %    0.000000     +/-    0.000000     % 
   0.000000     +/-    0.000000     %    0.000000     +/-    0.000000     % 
   0.000000     +/-    0.000000     %    0.000000     +/-    0.000000     % 
   0.000000     +/-    0.000000     %    0.000000     +/-    0.000000     % 
   0.000000     +/-    0.000000     %    0.000000     +/-    0.000000     % 

  Energy interval (GeV):  1.9036546E-05  1.1630777E-05

  Flux (Part/sr/GeV/cmq/pr):

   0.000000     +/-    0.000000     %    0.000000     +/-    0.000000     % 
   0.000000     +/-    0.000000     %    0.000000     +/-    0.000000     % 
   0.000000     +/-    0.000000     %    0.000000     +/-    0.000000     % 
   0.000000     +/-    0.000000     %    0.000000     +/-    0.000000     % 
   0.000000     +/-    0.000000     %    0.000000     +/-    0.000000     % 

  Flux (Part/deg/GeV/cmq/pr):

   0.000000     +/-    0.000000     %    0.000000     +/-    0.000000     % 
   0.000000     +/-    0.000000     %    0.000000     +/-    0.000000     % 
   0.000000     +/-    0.000000     %    0.000000     +/-    0.000000     % 
   0.000000     +/-    0.000000     %    0.000000     +/-    0.000000     % 
   0.000000     +/-    0.000000     %    0.000000     +/-    0.000000     % 

  Energy interval (GeV):  1.1630777E-05  7.1060676E-06

  Flux (Part/sr/GeV/cmq/pr):

   0.000000     +/-    0.000000     %    0.000000     +/-    0.000000     % 
   0.000000     +/-    0.000000     %    0.000000     +/-    0.000000     % 
   0.000000     +/-    0.000000     %    0.000000     +/-    0.000000     % 
   0.000000     +/-    0.000000     %    0.000000     +/-    0.000000     % 
   0.000000     +/-    0.000000     %    0.000000     +/-    0.000000     % 

  Flux (Part/deg/GeV/cmq/pr):

   0.000000     +/-    0.000000     %    0.000000     +/-    0.000000     % 
   0.000000     +/-    0.000000     %    0.000000     +/-    0.000000     % 
   0.000000     +/-    0.000000     %    0.000000     +/-    0.000000     % 
   0.000000     +/-    0.000000     %    0.000000     +/-    0.000000     % 
   0.000000     +/-    0.000000     %    0.000000     +/-    0.000000     % 

  Energy interval (GeV):  7.1060676E-06  4.3416017E-06

  Flux (Part/sr/GeV/cmq/pr):

   0.000000     +/-    0.000000     %    0.000000     +/-    0.000000     % 
   0.000000     +/-    0.000000     %    0.000000     +/-    0.000000     % 
  1.2999084E-03 +/-    99.00000     %    0.000000     +/-    0.000000     % 
   0.000000     +/-    0.000000     %    0.000000     +/-    0.000000     % 
   0.000000     +/-    0.000000     %    0.000000     +/-    0.000000     % 

  Flux (Part/deg/GeV/cmq/pr):

   0.000000     +/-    0.000000     %    0.000000     +/-    0.000000     % 
   0.000000     +/-    0.000000     %    0.000000     +/-    0.000000     % 
  1.1888920E-04 +/-    99.00000     %    0.000000     +/-    0.000000     % 
   0.000000     +/-    0.000000     %    0.000000     +/-    0.000000     % 
   0.000000     +/-    0.000000     %    0.000000     +/-    0.000000     % 

  Energy interval (GeV):  4.3416017E-06  2.6525925E-06

  Flux (Part/sr/GeV/cmq/pr):

   0.000000     +/-    0.000000     %    0.000000     +/-    0.000000     % 
   0.000000     +/-    0.000000     %    0.000000     +/-    0.000000     % 
   0.000000     +/-    0.000000     %    0.000000     +/-    0.000000     % 
   0.000000     +/-    0.000000     %    0.000000     +/-    0.000000     % 
   0.000000     +/-    0.000000     %    0.000000     +/-    0.000000     % 

  Flux (Part/deg/GeV/cmq/pr):

   0.000000     +/-    0.000000     %    0.000000     +/-    0.000000     % 
   0.000000     +/-    0.000000     %    0.000000     +/-    0.000000     % 
   0.000000     +/-    0.000000     %    0.000000     +/-    0.000000     % 
   0.000000     +/-    0.000000     %    0.000000     +/-    0.000000     % 
   0.000000     +/-    0.000000     %    0.000000     +/-    0.000000     % 

  Energy interval (GeV):  2.6525925E-06  1.6206570E-06

  Flux (Part/sr/GeV/cmq/pr):

   0.000000     +/-    0.000000     %    0.000000     +/-    0.000000     % 
   0.000000     +/-    0.000000     %    0.000000     +/-    0.000000     % 
   0.000000     +/-    0.000000     %    0.000000     +/-    0.000000     % 
   0.000000     +/-    0.000000     %    0.000000     +/-    0.000000     % 
   0.000000     +/-    0.000000     %    0.000000     +/-    0.000000     % 

  Flux (Part/deg/GeV/cmq/pr):

   0.000000     +/-    0.000000     %    0.000000     +/-    0.000000     % 
   0.000000     +/-    0.000000     %    0.000000     +/-    0.000000     % 
   0.000000     +/-    0.000000     %    0.000000     +/-    0.000000     % 
   0.000000     +/-    0.000000     %    0.000000     +/-    0.000000     % 
   0.000000     +/-    0.000000     %    0.000000     +/-    0.000000     % 

  Energy interval (GeV):  1.6206570E-06  9.9017450E-07

  Flux (Part/sr/GeV/cmq/pr):

   0.000000     +/-    0.000000     %    0.000000     +/-    0.000000     % 
   0.000000     +/-    0.000000     %    0.000000     +/-    0.000000     % 
   0.000000     +/-    0.000000     %    0.000000     +/-    0.000000     % 
   0.000000     +/-    0.000000     %    0.000000     +/-    0.000000     % 
   0.000000     +/-    0.000000     %    0.000000     +/-    0.000000     % 

  Flux (Part/deg/GeV/cmq/pr):

   0.000000     +/-    0.000000     %    0.000000     +/-    0.000000     % 
   0.000000     +/-    0.000000     %    0.000000     +/-    0.000000     % 
   0.000000     +/-    0.000000     %    0.000000     +/-    0.000000     % 
   0.000000     +/-    0.000000     %    0.000000     +/-    0.000000     % 
   0.000000     +/-    0.000000     %    0.000000     +/-    0.000000     % 

  Energy interval (GeV):  9.9017450E-07  6.0496785E-07

  Flux (Part/sr/GeV/cmq/pr):

   0.000000     +/-    0.000000     %    0.000000     +/-    0.000000     % 
   0.000000     +/-    0.000000     %    0.000000     +/-    0.000000     % 
   0.000000     +/-    0.000000     %    0.000000     +/-    0.000000     % 
   0.000000     +/-    0.000000     %    0.000000     +/-    0.000000     % 
   0.000000     +/-    0.000000     %    0.000000     +/-    0.000000     % 

  Flux (Part/deg/GeV/cmq/pr):

   0.000000     +/-    0.000000     %    0.000000     +/-    0.000000     % 
   0.000000     +/-    0.000000     %    0.000000     +/-    0.000000     % 
   0.000000     +/-    0.000000     %    0.000000     +/-    0.000000     % 
   0.000000     +/-    0.000000     %    0.000000     +/-    0.000000     % 
   0.000000     +/-    0.000000     %    0.000000     +/-    0.000000     % 

  Energy interval (GeV):  6.0496785E-07  3.6961782E-07

  Flux (Part/sr/GeV/cmq/pr):

   0.000000     +/-    0.000000     %    0.000000     +/-    0.000000     % 
   0.000000     +/-    0.000000     %    0.000000     +/-    0.000000     % 
   0.000000     +/-    0.000000     %    0.000000     +/-    0.000000     % 
   0.000000     +/-    0.000000     %    0.000000     +/-    0.000000     % 
   0.000000     +/-    0.000000     %    0.000000     +/-    0.000000     % 

  Flux (Part/deg/GeV/cmq/pr):

   0.000000     +/-    0.000000     %    0.000000     +/-    0.000000     % 
   0.000000     +/-    0.000000     %    0.000000     +/-    0.000000     % 
   0.000000     +/-    0.000000     %    0.000000     +/-    0.000000     % 
   0.000000     +/-    0.000000     %    0.000000     +/-    0.000000     % 
   0.000000     +/-    0.000000     %    0.000000     +/-    0.000000     % 

  Energy interval (GeV):  3.6961782E-07  2.2582576E-07

  Flux (Part/sr/GeV/cmq/pr):

   0.000000     +/-    0.000000     %    0.000000     +/-    0.000000     % 
   0.000000     +/-    0.000000     %    0.000000     +/-    0.000000     % 
   0.000000     +/-    0.000000     %    0.000000     +/-    0.000000     % 
   0.000000     +/-    0.000000     %    0.000000     +/-    0.000000     % 
   0.000000     +/-    0.000000     %    0.000000     +/-    0.000000     % 

  Flux (Part/deg/GeV/cmq/pr):

   0.000000     +/-    0.000000     %    0.000000     +/-    0.000000     % 
   0.000000     +/-    0.000000     %    0.000000     +/-    0.000000     % 
   0.000000     +/-    0.000000     %    0.000000     +/-    0.000000     % 
   0.000000     +/-    0.000000     %    0.000000     +/-    0.000000     % 
   0.000000     +/-    0.000000     %    0.000000     +/-    0.000000     % 

  Energy interval (GeV):  2.2582576E-07  1.3797299E-07

  Flux (Part/sr/GeV/cmq/pr):

   0.000000     +/-    0.000000     %    0.000000     +/-    0.000000     % 
   0.000000     +/-    0.000000     %    0.000000     +/-    0.000000     % 
   0.000000     +/-    0.000000     %    0.000000     +/-    0.000000     % 
   0.000000     +/-    0.000000     %    0.000000     +/-    0.000000     % 
   0.000000     +/-    0.000000     %    0.000000     +/-    0.000000     % 

  Flux (Part/deg/GeV/cmq/pr):

   0.000000     +/-    0.000000     %    0.000000     +/-    0.000000     % 
   0.000000     +/-    0.000000     %    0.000000     +/-    0.000000     % 
   0.000000     +/-    0.000000     %    0.000000     +/-    0.000000     % 
   0.000000     +/-    0.000000     %    0.000000     +/-    0.000000     % 
   0.000000     +/-    0.000000     %    0.000000     +/-    0.000000     % 

  Energy interval (GeV):  1.3797299E-07  8.4297497E-08

  Flux (Part/sr/GeV/cmq/pr):

   0.000000     +/-    0.000000     %    0.000000     +/-    0.000000     % 
   0.000000     +/-    0.000000     %    0.000000     +/-    0.000000     % 
   0.000000     +/-    0.000000     %    0.000000     +/-    0.000000     % 
   0.000000     +/-    0.000000     %    0.000000     +/-    0.000000     % 
   0.000000     +/-    0.000000     %    0.000000     +/-    0.000000     % 

  Flux (Part/deg/GeV/cmq/pr):

   0.000000     +/-    0.000000     %    0.000000     +/-    0.000000     % 
   0.000000     +/-    0.000000     %    0.000000     +/-    0.000000     % 
   0.000000     +/-    0.000000     %    0.000000     +/-    0.000000     % 
   0.000000     +/-    0.000000     %    0.000000     +/-    0.000000     % 
   0.000000     +/-    0.000000     %    0.000000     +/-    0.000000     % 

  Energy interval (GeV):  8.4297497E-08  5.1503324E-08

  Flux (Part/sr/GeV/cmq/pr):

   0.000000     +/-    0.000000     %    0.000000     +/-    0.000000     % 
   0.000000     +/-    0.000000     %    0.000000     +/-    0.000000     % 
   0.000000     +/-    0.000000     %    0.000000     +/-    0.000000     % 
   0.000000     +/-    0.000000     %    0.000000     +/-    0.000000     % 
   0.000000     +/-    0.000000     %    0.000000     +/-    0.000000     % 

  Flux (Part/deg/GeV/cmq/pr):

   0.000000     +/-    0.000000     %    0.000000     +/-    0.000000     % 
   0.000000     +/-    0.000000     %    0.000000     +/-    0.000000     % 
   0.000000     +/-    0.000000     %    0.000000     +/-    0.000000     % 
   0.000000     +/-    0.000000     %    0.000000     +/-    0.000000     % 
   0.000000     +/-    0.000000     %    0.000000     +/-    0.000000     % 

  Energy interval (GeV):  5.1503324E-08  3.1467035E-08

  Flux (Part/sr/GeV/cmq/pr):

   0.000000     +/-    0.000000     %    0.000000     +/-    0.000000     % 
   0.000000     +/-    0.000000     %    0.000000     +/-    0.000000     % 
   0.000000     +/-    0.000000     %    0.000000     +/-    0.000000     % 
   0.000000     +/-    0.000000     %    0.000000     +/-    0.000000     % 
   0.000000     +/-    0.000000     %    0.000000     +/-    0.000000     % 

  Flux (Part/deg/GeV/cmq/pr):

   0.000000     +/-    0.000000     %    0.000000     +/-    0.000000     % 
   0.000000     +/-    0.000000     %    0.000000     +/-    0.000000     % 
   0.000000     +/-    0.000000     %    0.000000     +/-    0.000000     % 
   0.000000     +/-    0.000000     %    0.000000     +/-    0.000000     % 
   0.000000     +/-    0.000000     %    0.000000     +/-    0.000000     % 

  Energy interval (GeV):  3.1467035E-08  1.9225448E-08

  Flux (Part/sr/GeV/cmq/pr):

   0.000000     +/-    0.000000     %    0.000000     +/-    0.000000     % 
   0.000000     +/-    0.000000     %    0.000000     +/-    0.000000     % 
   0.000000     +/-    0.000000     %    0.000000     +/-    0.000000     % 
   0.000000     +/-    0.000000     %    0.000000     +/-    0.000000     % 
   0.000000     +/-    0.000000     %    0.000000     +/-    0.000000     % 

  Flux (Part/deg/GeV/cmq/pr):

   0.000000     +/-    0.000000     %    0.000000     +/-    0.000000     % 
   0.000000     +/-    0.000000     %    0.000000     +/-    0.000000     % 
   0.000000     +/-    0.000000     %    0.000000     +/-    0.000000     % 
   0.000000     +/-    0.000000     %    0.000000     +/-    0.000000     % 
   0.000000     +/-    0.000000     %    0.000000     +/-    0.000000     % 

  Energy interval (GeV):  1.9225448E-08  1.1746191E-08

  Flux (Part/sr/GeV/cmq/pr):

   0.000000     +/-    0.000000     %    0.000000     +/-    0.000000     % 
   0.000000     +/-    0.000000     %    0.000000     +/-    0.000000     % 
   0.000000     +/-    0.000000     %    0.000000     +/-    0.000000     % 
   0.000000     +/-    0.000000     %    0.000000     +/-    0.000000     % 
   0.000000     +/-    0.000000     %    0.000000     +/-    0.000000     % 

  Flux (Part/deg/GeV/cmq/pr):

   0.000000     +/-    0.000000     %    0.000000     +/-    0.000000     % 
   0.000000     +/-    0.000000     %    0.000000     +/-    0.000000     % 
   0.000000     +/-    0.000000     %    0.000000     +/-    0.000000     % 
   0.000000     +/-    0.000000     %    0.000000     +/-    0.000000     % 
   0.000000     +/-    0.000000     %    0.000000     +/-    0.000000     % 

  Energy interval (GeV):  1.1746191E-08  7.1765816E-09

  Flux (Part/sr/GeV/cmq/pr):

   0.000000     +/-    0.000000     %    0.000000     +/-    0.000000     % 
   0.000000     +/-    0.000000     %    0.000000     +/-    0.000000     % 
   0.000000     +/-    0.000000     %    0.000000     +/-    0.000000     % 
   0.000000     +/-    0.000000     %    0.000000     +/-    0.000000     % 
   0.000000     +/-    0.000000     %    0.000000     +/-    0.000000     % 

  Flux (Part/deg/GeV/cmq/pr):

   0.000000     +/-    0.000000     %    0.000000     +/-    0.000000     % 
   0.000000     +/-    0.000000     %    0.000000     +/-    0.000000     % 
   0.000000     +/-    0.000000     %    0.000000     +/-    0.000000     % 
   0.000000     +/-    0.000000     %    0.000000     +/-    0.000000     % 
   0.000000     +/-    0.000000     %    0.000000     +/-    0.000000     % 

  Energy interval (GeV):  7.1765816E-09  4.3846828E-09

  Flux (Part/sr/GeV/cmq/pr):

   0.000000     +/-    0.000000     %    0.000000     +/-    0.000000     % 
   0.000000     +/-    0.000000     %    0.000000     +/-    0.000000     % 
   0.000000     +/-    0.000000     %    0.000000     +/-    0.000000     % 
   0.000000     +/-    0.000000     %    0.000000     +/-    0.000000     % 
   0.000000     +/-    0.000000     %    0.000000     +/-    0.000000     % 

  Flux (Part/deg/GeV/cmq/pr):

   0.000000     +/-    0.000000     %    0.000000     +/-    0.000000     % 
   0.000000     +/-    0.000000     %    0.000000     +/-    0.000000     % 
   0.000000     +/-    0.000000     %    0.000000     +/-    0.000000     % 
   0.000000     +/-    0.000000     %    0.000000     +/-    0.000000     % 
   0.000000     +/-    0.000000     %    0.000000     +/-    0.000000     % 

  Energy interval (GeV):  4.3846828E-09  2.6789142E-09

  Flux (Part/sr/GeV/cmq/pr):

   0.000000     +/-    0.000000     %    0.000000     +/-    0.000000     % 
   0.000000     +/-    0.000000     %    0.000000     +/-    0.000000     % 
   0.000000     +/-    0.000000     %    0.000000     +/-    0.000000     % 
   0.000000     +/-    0.000000     %    0.000000     +/-    0.000000     % 
   0.000000     +/-    0.000000     %    0.000000     +/-    0.000000     % 

  Flux (Part/deg/GeV/cmq/pr):

   0.000000     +/-    0.000000     %    0.000000     +/-    0.000000     % 
   0.000000     +/-    0.000000     %    0.000000     +/-    0.000000     % 
   0.000000     +/-    0.000000     %    0.000000     +/-    0.000000     % 
   0.000000     +/-    0.000000     %    0.000000     +/-    0.000000     % 
   0.000000     +/-    0.000000     %    0.000000     +/-    0.000000     % 

  Energy interval (GeV):  2.6789142E-09  1.6367389E-09

  Flux (Part/sr/GeV/cmq/pr):

   0.000000     +/-    0.000000     %    0.000000     +/-    0.000000     % 
   0.000000     +/-    0.000000     %    0.000000     +/-    0.000000     % 
   0.000000     +/-    0.000000     %    0.000000     +/-    0.000000     % 
   0.000000     +/-    0.000000     %    0.000000     +/-    0.000000     % 
   0.000000     +/-    0.000000     %    0.000000     +/-    0.000000     % 

  Flux (Part/deg/GeV/cmq/pr):

   0.000000     +/-    0.000000     %    0.000000     +/-    0.000000     % 
   0.000000     +/-    0.000000     %    0.000000     +/-    0.000000     % 
   0.000000     +/-    0.000000     %    0.000000     +/-    0.000000     % 
   0.000000     +/-    0.000000     %    0.000000     +/-    0.000000     % 
   0.000000     +/-    0.000000     %    0.000000     +/-    0.000000     % 

  Energy interval (GeV):  1.6367389E-09  9.9999997E-10

  Flux (Part/sr/GeV/cmq/pr):

   0.000000     +/-    0.000000     %    0.000000     +/-    0.000000     % 
   0.000000     +/-    0.000000     %    0.000000     +/-    0.000000     % 
   0.000000     +/-    0.000000     %    0.000000     +/-    0.000000     % 
   0.000000     +/-    0.000000     %    0.000000     +/-    0.000000     % 
   0.000000     +/-    0.000000     %    0.000000     +/-    0.000000     % 

  Flux (Part/deg/GeV/cmq/pr):

   0.000000     +/-    0.000000     %    0.000000     +/-    0.000000     % 
   0.000000     +/-    0.000000     %    0.000000     +/-    0.000000     % 
   0.000000     +/-    0.000000     %    0.000000     +/-    0.000000     % 
   0.000000     +/-    0.000000     %    0.000000     +/-    0.000000     % 
   0.000000     +/-    0.000000     %    0.000000     +/-    0.000000     % 
