  **** 46.bnx ****

  Charged pion fluence inside and around a proton-irradiated Be target            

  Total primaries run:         2000000
   Total weight of the primaries run:   2000000.00    


  Detector n:            1 (           1 )  piFluenUD 
     (Area:            400.000000      cmq,
      distr. scored:         209    ,
      from reg.           3  to            4 ,
      one way scoring,
      fluence scoring scoring)

     Tot. resp. (Part/cmq/pr)  7.5829035E-04  +/-  0.3189410     %
     ( -->      (Part/pr)      0.3033161      +/-  0.3189410     % )

  **** Different. Fluxes as a function of energy **** ****      (integrated over solid angle)        ****


  Energy boundaries (GeV):

   50.00005       30.54858       18.66430       11.40334       6.967113    
   4.256703       2.600722       1.588966      0.9708120      0.5931380    
  0.3623901      0.2214098      0.1352750      8.2649104E-02  5.0496202E-02
  3.0851712E-02  1.8849501E-02  1.1516498E-02  7.0362468E-03  4.2989431E-03
  2.6265297E-03  1.6047333E-03  9.8044542E-04  5.9902371E-04  3.6598611E-04
  2.2360691E-04  1.3661734E-04  8.3469226E-05  5.0997282E-05  3.1157859E-05
  1.9036546E-05  1.1630777E-05  7.1060676E-06  4.3416017E-06  2.6525925E-06
  1.6206570E-06  9.9017450E-07  6.0496785E-07  3.6961782E-07  2.2582576E-07
  1.3797299E-07  8.4297497E-08  5.1503324E-08  3.1467035E-08  1.9225448E-08
  1.1746191E-08  7.1765816E-09  4.3846828E-09  2.6789142E-09  1.6367389E-09
  Lowest boundary   (GeV):  9.9999997E-10

  Flux (Part/GeV/cmq/pr):

  2.9307952E-08 +/-    5.387590     %   5.2786356E-07 +/-   0.7964626     % 
  2.7000483E-06 +/-    1.105420     %   8.7512190E-06 +/-   0.7252091     % 
  2.1432439E-05 +/-   0.7826947     %   4.3957214E-05 +/-   0.7767706     % 
  8.1652717E-05 +/-   0.5817795     %   1.4184280E-04 +/-   0.3151197     % 
  2.3830374E-04 +/-   0.6530666     %   4.0030331E-04 +/-   0.7928887     % 
  5.4562144E-04 +/-   0.8395750     %   6.1633601E-04 +/-   0.7377243     % 
  6.8349822E-04 +/-    2.290270     %   6.9434359E-04 +/-    3.180215     % 
  5.8923248E-04 +/-    2.891981     %   4.4412754E-04 +/-    4.830060     % 
  3.1036473E-04 +/-    3.260947     %   1.9616482E-04 +/-    11.10861     % 
  1.5289753E-04 +/-    31.89280     %   1.6802584E-04 +/-    12.29035     % 
  1.2593585E-04 +/-    33.83866     %   1.3275527E-04 +/-    23.38979     % 
  1.0970177E-04 +/-    25.13707     %   9.8478355E-05 +/-    40.04037     % 
  2.9005611E-04 +/-    85.23082     %   3.9211714E-05 +/-    99.00000     % 
   0.000000     +/-    0.000000     %    0.000000     +/-    0.000000     % 
  1.3030370E-03 +/-    99.00000     %   2.2161451E-04 +/-    99.00000     % 
  2.2576394E-04 +/-    99.00000     %   1.2599670E-02 +/-    99.00000     % 
   0.000000     +/-    0.000000     %    0.000000     +/-    0.000000     % 
   0.000000     +/-    0.000000     %    0.000000     +/-    0.000000     % 
   0.000000     +/-    0.000000     %    0.000000     +/-    0.000000     % 
   0.000000     +/-    0.000000     %    0.000000     +/-    0.000000     % 
   0.000000     +/-    0.000000     %    0.000000     +/-    0.000000     % 
   0.000000     +/-    0.000000     %    0.000000     +/-    0.000000     % 
   0.000000     +/-    0.000000     %    0.000000     +/-    0.000000     % 
   0.000000     +/-    0.000000     %    0.000000     +/-    0.000000     % 
   0.000000     +/-    0.000000     %    0.000000     +/-    0.000000     % 


  **** Cumulative Fluxes as a function of energy **** ****      (integrated over solid angle)        ****


  Energy boundaries (GeV):

   50.00005       30.54858       18.66430       11.40334       6.967113    
   4.256703       2.600722       1.588966      0.9708120      0.5931380    
  0.3623901      0.2214098      0.1352750      8.2649104E-02  5.0496202E-02
  3.0851712E-02  1.8849501E-02  1.1516498E-02  7.0362468E-03  4.2989431E-03
  2.6265297E-03  1.6047333E-03  9.8044542E-04  5.9902371E-04  3.6598611E-04
  2.2360691E-04  1.3661734E-04  8.3469226E-05  5.0997282E-05  3.1157859E-05
  1.9036546E-05  1.1630777E-05  7.1060676E-06  4.3416017E-06  2.6525925E-06
  1.6206570E-06  9.9017450E-07  6.0496785E-07  3.6961782E-07  2.2582576E-07
  1.3797299E-07  8.4297497E-08  5.1503324E-08  3.1467035E-08  1.9225448E-08
  1.1746191E-08  7.1765816E-09  4.3846828E-09  2.6789142E-09  1.6367389E-09
  Lowest boundary   (GeV):  9.9999997E-10

  Cumul. Flux (Part/cmq/pr):

  5.7008265E-07 +/-    5.387590     %   6.8433637E-06 +/-    1.059759     % 
  2.6448284E-05 +/-   0.7156783     %   6.5270709E-05 +/-   0.6247941     % 
  1.2336139E-04 +/-   0.5802380     %   1.9615371E-04 +/-   0.5252208     % 
  2.7876635E-04 +/-   0.3610739     %   3.6644706E-04 +/-   0.3060471     % 
  4.5644818E-04 +/-   0.3519765     %   5.4881733E-04 +/-   0.3049769     % 
  6.2573917E-04 +/-   0.3300238     %   6.7882717E-04 +/-   0.3257706     % 
  7.1479689E-04 +/-   0.3663604     %   7.3712209E-04 +/-   0.3334567     % 
  7.4869720E-04 +/-   0.3097253     %   7.5402774E-04 +/-   0.3132818     % 
  7.5630366E-04 +/-   0.3175950     %   7.5718254E-04 +/-   0.3157475     % 
  7.5760105E-04 +/-   0.3161171     %   7.5788202E-04 +/-   0.3186677     % 
  7.5801072E-04 +/-   0.3185438     %   7.5809361E-04 +/-   0.3174377     % 
  7.5813546E-04 +/-   0.3180380     %   7.5815839E-04 +/-   0.3175330     % 
  7.5819972E-04 +/-   0.3219683     %   7.5820310E-04 +/-   0.3219147     % 
  7.5820310E-04 +/-   0.3219147     %   7.5820310E-04 +/-   0.3219147     % 
  7.5822894E-04 +/-   0.3218621     %   7.5823162E-04 +/-   0.3218587     % 
  7.5823331E-04 +/-   0.3220669     %   7.5829035E-04 +/-   0.3189410     % 
  7.5829035E-04 +/-   0.3189410     %   7.5829035E-04 +/-   0.3189410     % 
  7.5829035E-04 +/-   0.3189410     %   7.5829035E-04 +/-   0.3189410     % 
  7.5829035E-04 +/-   0.3189410     %   7.5829035E-04 +/-   0.3189410     % 
  7.5829035E-04 +/-   0.3189410     %   7.5829035E-04 +/-   0.3189410     % 
  7.5829035E-04 +/-   0.3189410     %   7.5829035E-04 +/-   0.3189410     % 
  7.5829035E-04 +/-   0.3189410     %   7.5829035E-04 +/-   0.3189410     % 
  7.5829035E-04 +/-   0.3189410     %   7.5829035E-04 +/-   0.3189410     % 
  7.5829035E-04 +/-   0.3189410     %   7.5829035E-04 +/-   0.3189410     % 
  7.5829035E-04 +/-   0.3189410     %   7.5829035E-04 +/-   0.3189410     % 

  **** Double diff. Fluxes as a function of energy ****


  Solid angle minimum value (sr):   0.000000    

  Solid angle upper boundaries (sr):

  0.6283185       1.256637       1.884956       2.513274       3.141593    
   3.769911       4.398230       5.026548       5.654867       6.283185    

  Angular minimum value (deg.):   0.000000    

  Angular upper boundaries (deg.):

   25.84193       36.86990       45.57299       53.13010       60.00000    
   66.42182       72.54240       78.46304       84.26083       90.00000    


  Energy interval (GeV):   50.00005       30.54858    

  Flux (Part/sr/GeV/cmq/pr):

  4.6645052E-08 +/-    5.387590     %    0.000000     +/-    0.000000     % 
   0.000000     +/-    0.000000     %    0.000000     +/-    0.000000     % 
   0.000000     +/-    0.000000     %    0.000000     +/-    0.000000     % 
   0.000000     +/-    0.000000     %    0.000000     +/-    0.000000     % 
   0.000000     +/-    0.000000     %    0.000000     +/-    0.000000     % 

  Flux (Part/deg/GeV/cmq/pr):

  1.1341239E-09 +/-    5.387590     %    0.000000     +/-    0.000000     % 
   0.000000     +/-    0.000000     %    0.000000     +/-    0.000000     % 
   0.000000     +/-    0.000000     %    0.000000     +/-    0.000000     % 
   0.000000     +/-    0.000000     %    0.000000     +/-    0.000000     % 
   0.000000     +/-    0.000000     %    0.000000     +/-    0.000000     % 

  Energy interval (GeV):   30.54858       18.66430    

  Flux (Part/sr/GeV/cmq/pr):

  8.4012095E-07 +/-   0.7964626     %    0.000000     +/-    0.000000     % 
   0.000000     +/-    0.000000     %    0.000000     +/-    0.000000     % 
   0.000000     +/-    0.000000     %    0.000000     +/-    0.000000     % 
   0.000000     +/-    0.000000     %    0.000000     +/-    0.000000     % 
   0.000000     +/-    0.000000     %    0.000000     +/-    0.000000     % 

  Flux (Part/deg/GeV/cmq/pr):

  2.0426629E-08 +/-   0.7964626     %    0.000000     +/-    0.000000     % 
   0.000000     +/-    0.000000     %    0.000000     +/-    0.000000     % 
   0.000000     +/-    0.000000     %    0.000000     +/-    0.000000     % 
   0.000000     +/-    0.000000     %    0.000000     +/-    0.000000     % 
   0.000000     +/-    0.000000     %    0.000000     +/-    0.000000     % 

  Energy interval (GeV):   18.66430       11.40334    

  Flux (Part/sr/GeV/cmq/pr):

  4.2972601E-06 +/-    1.105420     %    0.000000     +/-    0.000000     % 
   0.000000     +/-    0.000000     %    0.000000     +/-    0.000000     % 
   0.000000     +/-    0.000000     %    0.000000     +/-    0.000000     % 
   0.000000     +/-    0.000000     %    0.000000     +/-    0.000000     % 
   0.000000     +/-    0.000000     %    0.000000     +/-    0.000000     % 

  Flux (Part/deg/GeV/cmq/pr):

  1.0448322E-07 +/-    1.105420     %    0.000000     +/-    0.000000     % 
   0.000000     +/-    0.000000     %    0.000000     +/-    0.000000     % 
   0.000000     +/-    0.000000     %    0.000000     +/-    0.000000     % 
   0.000000     +/-    0.000000     %    0.000000     +/-    0.000000     % 
   0.000000     +/-    0.000000     %    0.000000     +/-    0.000000     % 

  Energy interval (GeV):   11.40334       6.967113    

  Flux (Part/sr/GeV/cmq/pr):

  1.3927997E-05 +/-   0.7252091     %    0.000000     +/-    0.000000     % 
   0.000000     +/-    0.000000     %    0.000000     +/-    0.000000     % 
   0.000000     +/-    0.000000     %    0.000000     +/-    0.000000     % 
   0.000000     +/-    0.000000     %    0.000000     +/-    0.000000     % 
   0.000000     +/-    0.000000     %    0.000000     +/-    0.000000     % 

  Flux (Part/deg/GeV/cmq/pr):

  3.3864416E-07 +/-   0.7252091     %    0.000000     +/-    0.000000     % 
   0.000000     +/-    0.000000     %    0.000000     +/-    0.000000     % 
   0.000000     +/-    0.000000     %    0.000000     +/-    0.000000     % 
   0.000000     +/-    0.000000     %    0.000000     +/-    0.000000     % 
   0.000000     +/-    0.000000     %    0.000000     +/-    0.000000     % 

  Energy interval (GeV):   6.967113       4.256703    

  Flux (Part/sr/GeV/cmq/pr):

  3.4109962E-05 +/-   0.7843403     %   8.2205542E-10 +/-    99.00000     % 
   0.000000     +/-    0.000000     %    0.000000     +/-    0.000000     % 
   0.000000     +/-    0.000000     %    0.000000     +/-    0.000000     % 
   0.000000     +/-    0.000000     %    0.000000     +/-    0.000000     % 
   0.000000     +/-    0.000000     %    0.000000     +/-    0.000000     % 

  Flux (Part/deg/GeV/cmq/pr):

  8.2934679E-07 +/-   0.7843403     %   4.6836625E-11 +/-    99.00000     % 
   0.000000     +/-    0.000000     %    0.000000     +/-    0.000000     % 
   0.000000     +/-    0.000000     %    0.000000     +/-    0.000000     % 
   0.000000     +/-    0.000000     %    0.000000     +/-    0.000000     % 
   0.000000     +/-    0.000000     %    0.000000     +/-    0.000000     % 

  Energy interval (GeV):   4.256703       2.600722    

  Flux (Part/sr/GeV/cmq/pr):

  6.9831811E-05 +/-   0.7662703     %   1.2352181E-07 +/-    9.748550     % 
  3.0126848E-09 +/-    99.00000     %   1.7328702E-09 +/-    99.00000     % 
   0.000000     +/-    0.000000     %    0.000000     +/-    0.000000     % 
   0.000000     +/-    0.000000     %    0.000000     +/-    0.000000     % 
   0.000000     +/-    0.000000     %    0.000000     +/-    0.000000     % 

  Flux (Part/deg/GeV/cmq/pr):

  1.6978847E-06 +/-   0.7662703     %   7.0376585E-09 +/-    9.748550     % 
  2.1750021E-10 +/-    99.00000     %   1.4407560E-10 +/-    99.00000     % 
   0.000000     +/-    0.000000     %    0.000000     +/-    0.000000     % 
   0.000000     +/-    0.000000     %    0.000000     +/-    0.000000     % 
   0.000000     +/-    0.000000     %    0.000000     +/-    0.000000     % 

  Energy interval (GeV):   2.600722       1.588966    

  Flux (Part/sr/GeV/cmq/pr):

  1.2676914E-04 +/-   0.5479842     %   2.8579102E-06 +/-    3.259923     % 
  3.0037629E-07 +/-    11.66235     %   1.7626913E-08 +/-    48.90723     % 
  3.4266534E-09 +/-    99.00000     %    0.000000     +/-    0.000000     % 
  5.8499987E-09 +/-    99.00000     %    0.000000     +/-    0.000000     % 
   0.000000     +/-    0.000000     %    0.000000     +/-    0.000000     % 

  Flux (Part/deg/GeV/cmq/pr):

  3.0822541E-06 +/-   0.5479842     %   1.6282951E-07 +/-    3.259923     % 
  2.1685610E-08 +/-    11.66235     %   1.4655500E-09 +/-    48.90723     % 
  3.1340061E-10 +/-    99.00000     %    0.000000     +/-    0.000000     % 
  6.0054201E-10 +/-    99.00000     %    0.000000     +/-    0.000000     % 
   0.000000     +/-    0.000000     %    0.000000     +/-    0.000000     % 

  Energy interval (GeV):   1.588966      0.9708120    

  Flux (Part/sr/GeV/cmq/pr):

  1.9671496E-04 +/-   0.4320438     %   2.1471735E-05 +/-    1.243162     % 
  5.0366243E-06 +/-    1.173678     %   1.6236584E-06 +/-    4.273329     % 
  6.0574786E-07 +/-    7.160206     %   1.5446730E-07 +/-    18.41395     % 
  1.0796609E-07 +/-    28.64843     %   3.4669796E-08 +/-    41.12782     % 
   0.000000     +/-    0.000000     %    0.000000     +/-    0.000000     % 

  Flux (Part/deg/GeV/cmq/pr):

  4.7829108E-06 +/-   0.4320438     %   1.2233526E-06 +/-    1.243162     % 
  3.6361811E-07 +/-    1.173678     %   1.3499542E-07 +/-    4.273329     % 
  5.5401500E-08 +/-    7.160206     %   1.5113258E-08 +/-    18.41395     % 
  1.1083451E-08 +/-    28.64843     %   3.6792753E-09 +/-    41.12782     % 
   0.000000     +/-    0.000000     %    0.000000     +/-    0.000000     % 

  Energy interval (GeV):  0.9708120      0.5931380    

  Flux (Part/sr/GeV/cmq/pr):

  2.4358103E-04 +/-   0.7999191     %   7.1032024E-05 +/-   0.4224409     % 
  2.8938728E-05 +/-    1.305722     %   1.4919461E-05 +/-    1.083432     % 
  8.0919390E-06 +/-    2.692837     %   4.7753229E-06 +/-    2.948201     % 
  3.8118644E-06 +/-    7.983588     %   1.9706329E-06 +/-    8.956922     % 
  1.1595675E-06 +/-    15.82591     %   9.9160354E-07 +/-    54.35566     % 

  Flux (Part/deg/GeV/cmq/pr):

  5.9224085E-06 +/-   0.7999191     %   4.0470513E-06 +/-   0.4224409     % 
  2.0892260E-06 +/-    1.305722     %   1.2404450E-06 +/-    1.083432     % 
  7.4008614E-07 +/-    2.692837     %   4.6722306E-07 +/-    2.948201     % 
  3.9131373E-07 +/-    7.983588     %   2.0913019E-07 +/-    8.956922     % 
  1.2566480E-07 +/-    15.82591     %   1.0855975E-07 +/-    54.35566     % 

  Energy interval (GeV):  0.5931380      0.3623901    

  Flux (Part/sr/GeV/cmq/pr):

  2.4283573E-04 +/-   0.1919959     %   1.3187231E-04 +/-   0.4658760     % 
  7.5370619E-05 +/-    1.154383     %   4.9992945E-05 +/-    1.201561     % 
  3.6147634E-05 +/-   0.8913343     %   2.8523755E-05 +/-    2.200475     % 
  2.3010249E-05 +/-    3.322861     %   1.9836805E-05 +/-    2.122364     % 
  1.5934385E-05 +/-    6.305968     %   1.3578077E-05 +/-    28.16490     % 

  Flux (Part/deg/GeV/cmq/pr):

  5.9042873E-06 +/-   0.1919959     %   7.5134280E-06 +/-   0.4658760     % 
  5.4413672E-06 +/-    1.154383     %   4.1565509E-06 +/-    1.201561     % 
  3.3060508E-06 +/-   0.8913343     %   2.7907970E-06 +/-    2.200475     % 
  2.3621581E-06 +/-    3.322861     %   2.1051485E-06 +/-    2.122364     % 
  1.7268432E-06 +/-    6.305968     %   1.4865141E-06 +/-    28.16490     % 

  Energy interval (GeV):  0.3623901      0.2214098    

  Flux (Part/sr/GeV/cmq/pr):

  1.9663117E-04 +/-   0.9547518     %   1.4781352E-04 +/-   0.7844732     % 
  1.1125858E-04 +/-   0.9723142     %   8.7345521E-05 +/-    2.941477     % 
  7.1629722E-05 +/-    1.402380     %   6.1970619E-05 +/-    1.764225     % 
  6.0603066E-05 +/-    1.954490     %   5.5267799E-05 +/-    3.404147     % 
  4.3822500E-05 +/-    3.290022     %   3.2040927E-05 +/-    3.699574     % 

  Flux (Part/deg/GeV/cmq/pr):

  4.7808735E-06 +/-   0.9547518     %   8.4216790E-06 +/-   0.7844732     % 
  8.0322916E-06 +/-   0.9723142     %   7.2621469E-06 +/-    2.941477     % 
  6.5512309E-06 +/-    1.402380     %   6.0632769E-06 +/-    1.764225     % 
  6.2213157E-06 +/-    1.954490     %   5.8652045E-06 +/-    3.404147     % 
  4.7491371E-06 +/-    3.290022     %   3.5078081E-06 +/-    3.699574     % 

  Energy interval (GeV):  0.2214098      0.1352750    

  Flux (Part/sr/GeV/cmq/pr):

  1.3742095E-04 +/-    1.158996     %   1.2513278E-04 +/-    1.166984     % 
  1.1228452E-04 +/-   0.5671177     %   1.0116155E-04 +/-    1.728909     % 
  9.1267539E-05 +/-    1.140676     %   9.5242307E-05 +/-    2.714516     % 
  9.3789757E-05 +/-    3.474835     %   8.3179271E-05 +/-    5.421897     % 
  8.6050095E-05 +/-    5.798778     %   5.5400440E-05 +/-    7.727870     % 

  Flux (Part/deg/GeV/cmq/pr):

  3.3412416E-06 +/-    1.158996     %   7.1294430E-06 +/-    1.166984     % 
  8.1063590E-06 +/-   0.5671177     %   8.4108497E-06 +/-    1.728909     % 
  8.3472987E-06 +/-    1.140676     %   9.3186172E-06 +/-    2.714516     % 
  9.6281547E-06 +/-    3.474835     %   8.8272636E-06 +/-    5.421897     % 
  9.3254312E-06 +/-    5.798778     %   6.0651837E-06 +/-    7.727870     % 

  Energy interval (GeV):  0.1352750      8.2649104E-02

  Flux (Part/sr/GeV/cmq/pr):

  9.5687661E-05 +/-    1.649318     %   9.9126650E-05 +/-    2.100176     % 
  9.7797609E-05 +/-    2.604473     %   1.0185735E-04 +/-    2.969992     % 
  1.0260628E-04 +/-    3.632667     %   1.0659631E-04 +/-    2.926715     % 
  1.1069341E-04 +/-    3.461252     %   1.2577052E-04 +/-    3.671517     % 
  1.2594290E-04 +/-    5.473809     %   1.2174252E-04 +/-    12.69729     % 

  Flux (Part/deg/GeV/cmq/pr):

  2.3265418E-06 +/-    1.649318     %   5.6477434E-06 +/-    2.100176     % 
  7.0604797E-06 +/-    2.604473     %   8.4687008E-06 +/-    2.969992     % 
  9.3843373E-06 +/-    3.632667     %   1.0429505E-05 +/-    2.926715     % 
  1.1363429E-05 +/-    3.461252     %   1.3347189E-05 +/-    3.671517     % 
  1.3648699E-05 +/-    5.473809     %   1.3328246E-05 +/-    12.69729     % 

  Energy interval (GeV):  8.2649104E-02  5.0496202E-02

  Flux (Part/sr/GeV/cmq/pr):

  7.4298310E-05 +/-    3.479456     %   8.2061873E-05 +/-    3.085252     % 
  8.4546977E-05 +/-    5.510869     %   8.9059547E-05 +/-    2.764714     % 
  1.0228952E-04 +/-    4.868343     %   1.1167074E-04 +/-    1.239269     % 
  1.3574277E-04 +/-    5.207761     %   1.4835701E-04 +/-    2.774086     % 
  1.4593333E-04 +/-    5.639464     %   1.3112203E-04 +/-    15.76958     % 

  Flux (Part/deg/GeV/cmq/pr):

  1.8064827E-06 +/-    3.479456     %   4.6754772E-06 +/-    3.085252     % 
  6.1038527E-06 +/-    5.510869     %   7.4046557E-06 +/-    2.764714     % 
  9.3553672E-06 +/-    4.868343     %   1.0925994E-05 +/-    1.239269     % 
  1.3934915E-05 +/-    5.207761     %   1.5744145E-05 +/-    2.774086     % 
  1.5815105E-05 +/-    5.639464     %   1.4355106E-05 +/-    15.76958     % 

  Energy interval (GeV):  5.0496202E-02  3.0851712E-02

  Flux (Part/sr/GeV/cmq/pr):

  6.0471266E-05 +/-    2.617712     %   5.7605084E-05 +/-    3.920951     % 
  7.0942384E-05 +/-    4.371171     %   7.5311356E-05 +/-    6.026582     % 
  8.4077685E-05 +/-    2.089719     %   9.1879869E-05 +/-    8.366878     % 
  1.1841875E-04 +/-    5.421000     %   1.3017446E-04 +/-    6.561646     % 
  1.3600122E-04 +/-    5.569876     %   1.1291052E-04 +/-    6.183500     % 

  Flux (Part/deg/GeV/cmq/pr):

  1.4702932E-06 +/-    2.617712     %   3.2820510E-06 +/-    3.920951     % 
  5.1216716E-06 +/-    4.371171     %   6.2615936E-06 +/-    6.026582     % 
  7.6897177E-06 +/-    2.089719     %   8.9896321E-06 +/-    8.366878     % 
  1.2156487E-05 +/-    5.421000     %   1.3814551E-05 +/-    6.561646     % 
  1.4738742E-05 +/-    5.569876     %   1.2361329E-05 +/-    6.183500     % 

  Energy interval (GeV):  3.0851712E-02  1.8849501E-02

  Flux (Part/sr/GeV/cmq/pr):

  4.2230156E-05 +/-    5.544939     %   4.3789572E-05 +/-    3.598029     % 
  4.7504705E-05 +/-    2.777551     %   5.5924935E-05 +/-    5.962603     % 
  5.9275033E-05 +/-    8.496596     %   6.3861778E-05 +/-    4.119621     % 
  7.8369856E-05 +/-    5.295346     %   8.0086596E-05 +/-    9.308778     % 
  1.1497182E-04 +/-    18.56764     %   1.2083644E-04 +/-    14.20774     % 

  Flux (Part/deg/GeV/cmq/pr):

  1.0267805E-06 +/-    5.544939     %   2.4949120E-06 +/-    3.598029     % 
  3.4295931E-06 +/-    2.777551     %   4.6497530E-06 +/-    5.962603     % 
  5.4212751E-06 +/-    8.496596     %   6.2483100E-06 +/-    4.119621     % 
  8.0451973E-06 +/-    5.295346     %   8.4990588E-06 +/-    9.308778     % 
  1.2459740E-05 +/-    18.56764     %   1.3229052E-05 +/-    14.20774     % 

  Energy interval (GeV):  1.8849501E-02  1.1516498E-02

  Flux (Part/sr/GeV/cmq/pr):

  2.9481882E-05 +/-    9.168322     %   3.6642610E-05 +/-    11.66922     % 
  2.7956767E-05 +/-    8.311563     %   3.5614972E-05 +/-    5.891674     % 
  3.9629464E-05 +/-    7.177171     %   6.0675407E-05 +/-    5.517262     % 
  5.2613424E-05 +/-    7.030904     %   7.3913390E-05 +/-    14.43803     % 
  8.1682228E-05 +/-    15.46873     %   5.5750657E-05 +/-    34.71245     % 

  Flux (Part/deg/GeV/cmq/pr):

  7.1681995E-07 +/-    9.168322     %   2.0877137E-06 +/-    11.66922     % 
  2.0183334E-06 +/-    8.311563     %   2.9611267E-06 +/-    5.891674     % 
  3.6244978E-06 +/-    7.177171     %   5.9365516E-06 +/-    5.517262     % 
  5.4011248E-06 +/-    7.030904     %   7.8439380E-06 +/-    14.43803     % 
  8.8520765E-06 +/-    15.46873     %   6.1035253E-06 +/-    34.71245     % 

  Energy interval (GeV):  1.1516498E-02  7.0362468E-03

  Flux (Part/sr/GeV/cmq/pr):

  1.6915976E-05 +/-    21.38242     %   1.5622345E-05 +/-    24.67938     % 
  1.7985003E-05 +/-    12.09242     %   2.3300448E-05 +/-    12.32192     % 
  1.8897659E-05 +/-    20.00338     %   3.4898312E-05 +/-    26.29867     % 
  3.4762219E-05 +/-    9.306044     %   4.0124683E-05 +/-    22.78604     % 
  4.7685029E-05 +/-    27.60292     %   6.2014340E-05 +/-    37.12579     % 

  Flux (Part/deg/GeV/cmq/pr):

  4.1129363E-07 +/-    21.38242     %   8.9008347E-07 +/-    24.67938     % 
  1.2984237E-06 +/-    12.09242     %   1.9372635E-06 +/-    12.32192     % 
  1.7283738E-06 +/-    20.00338     %   3.4144912E-06 +/-    26.29867     % 
  3.5685773E-06 +/-    9.306044     %   4.2581660E-06 +/-    22.78604     % 
  5.1677275E-06 +/-    27.60292     %   6.7892670E-06 +/-    37.12579     % 

  Energy interval (GeV):  7.0362468E-03  4.2989431E-03

  Flux (Part/sr/GeV/cmq/pr):

  7.6706365E-06 +/-    22.19999     %   1.4642619E-05 +/-    29.32723     % 
  1.3598002E-05 +/-    26.18285     %   1.3446628E-05 +/-    39.11795     % 
  2.4979294E-05 +/-    15.82555     %   2.8955279E-05 +/-    25.38302     % 
  1.9238303E-05 +/-    10.18477     %   3.4045359E-05 +/-    40.65318     % 
  5.8515256E-05 +/-    52.06927     %   2.8252576E-05 +/-    99.00000     % 

  Flux (Part/deg/GeV/cmq/pr):

  1.8650320E-07 +/-    22.19999     %   8.3426357E-07 +/-    29.32723     % 
  9.8170517E-07 +/-    26.18285     %   1.1179897E-06 +/-    39.11795     % 
  2.2845982E-06 +/-    15.82555     %   2.8330180E-06 +/-    25.38302     % 
  1.9749423E-06 +/-    10.18477     %   3.6130079E-06 +/-    40.65318     % 
  6.3414227E-06 +/-    52.06927     %   3.0930632E-06 +/-    99.00000     % 

  Energy interval (GeV):  4.2989431E-03  2.6265297E-03

  Flux (Part/sr/GeV/cmq/pr):

  1.4087771E-05 +/-    22.60241     %   1.2475012E-05 +/-    32.25629     % 
  1.2697162E-05 +/-    43.24677     %   1.4504296E-05 +/-    37.67929     % 
  2.1315080E-05 +/-    15.55546     %   1.5957790E-05 +/-    13.27488     % 
  2.3950286E-05 +/-    28.72765     %   5.3270371E-05 +/-    19.98533     % 
  2.3081036E-05 +/-    63.04181     %   7.6082622E-05 +/-    27.60706     % 

  Flux (Part/deg/GeV/cmq/pr):

  3.4252886E-07 +/-    22.60241     %   7.1076414E-07 +/-    32.25629     % 
  9.1666914E-07 +/-    43.24677     %   1.2059270E-06 +/-    37.67929     % 
  1.9494703E-06 +/-    15.55546     %   1.5613286E-06 +/-    13.27488     % 
  2.4586591E-06 +/-    28.72765     %   5.6532308E-06 +/-    19.98533     % 
  2.5013408E-06 +/-    63.04181     %   8.3294481E-06 +/-    27.60706     % 

  Energy interval (GeV):  2.6265297E-03  1.6047333E-03

  Flux (Part/sr/GeV/cmq/pr):

  1.0182789E-05 +/-    44.48225     %   1.1878603E-05 +/-    44.59407     % 
  7.8204430E-06 +/-    67.89466     %   1.4822498E-05 +/-    32.38365     % 
  3.6165461E-06 +/-    99.00000     %   2.6169431E-05 +/-    42.82390     % 
  2.6957723E-05 +/-    3.977406     %   3.5396373E-05 +/-    31.78681     % 
  1.3792592E-05 +/-    99.00000     %   4.9796141E-05 +/-    99.00000     % 

  Flux (Part/deg/GeV/cmq/pr):

  2.4758347E-07 +/-    44.48225     %   6.7678366E-07 +/-    44.59407     % 
  5.6459538E-07 +/-    67.89466     %   1.2323833E-06 +/-    32.38365     % 
  3.3076813E-07 +/-    99.00000     %   2.5604475E-06 +/-    42.82390     % 
  2.7673930E-06 +/-    3.977406     %   3.7563821E-06 +/-    31.78681     % 
  1.4947325E-06 +/-    99.00000     %   5.4516308E-06 +/-    99.00000     % 

  Energy interval (GeV):  1.6047333E-03  9.8044542E-04

  Flux (Part/sr/GeV/cmq/pr):

  1.3335884E-05 +/-    46.31160     %   7.2837920E-06 +/-    61.26707     % 
  1.7146533E-05 +/-    25.06587     %   2.9542607E-05 +/-    30.11102     % 
   0.000000     +/-    0.000000     %   2.9048568E-05 +/-    47.60817     % 
  2.7038763E-05 +/-    65.11272     %   2.9397606E-05 +/-    61.29311     % 
  2.0132053E-05 +/-    99.00000     %   3.8360766E-05 +/-    99.00000     % 

  Flux (Part/deg/GeV/cmq/pr):

  3.2424757E-07 +/-    46.31160     %   4.1499422E-07 +/-    61.26707     % 
  1.2378906E-06 +/-    25.06587     %   2.4562537E-06 +/-    30.11102     % 
   0.000000     +/-    0.000000     %   2.8421452E-06 +/-    47.60817     % 
  2.7757123E-06 +/-    65.11272     %   3.1197728E-06 +/-    61.29311     % 
  2.1817532E-06 +/-    99.00000     %   4.1996977E-06 +/-    99.00000     % 

  Energy interval (GeV):  9.8044542E-04  5.9902371E-04

  Flux (Part/sr/GeV/cmq/pr):

  5.4151706E-06 +/-    99.00000     %   1.8096976E-05 +/-    99.00000     % 
   0.000000     +/-    0.000000     %    0.000000     +/-    0.000000     % 
  1.0097487E-05 +/-    99.00000     %   4.6929788E-05 +/-    44.76116     % 
  3.2565975E-05 +/-    61.45624     %   6.1490391E-05 +/-    41.51453     % 
   0.000000     +/-    0.000000     %    0.000000     +/-    0.000000     % 

  Flux (Part/deg/GeV/cmq/pr):

  1.3166400E-07 +/-    99.00000     %   1.0310756E-06 +/-    99.00000     % 
   0.000000     +/-    0.000000     %    0.000000     +/-    0.000000     % 
  9.2351286E-07 +/-    99.00000     %   4.5916649E-06 +/-    44.76116     % 
  3.3431181E-06 +/-    61.45624     %   6.5255667E-06 +/-    41.51453     % 
   0.000000     +/-    0.000000     %    0.000000     +/-    0.000000     % 

  Energy interval (GeV):  5.9902371E-04  3.6598611E-04

  Flux (Part/sr/GeV/cmq/pr):

  1.8022482E-05 +/-    61.28791     %    0.000000     +/-    0.000000     % 
   0.000000     +/-    0.000000     %    0.000000     +/-    0.000000     % 
   0.000000     +/-    0.000000     %    0.000000     +/-    0.000000     % 
  6.8602683E-05 +/-    66.24406     %   7.0108006E-05 +/-    61.38068     % 
   0.000000     +/-    0.000000     %    0.000000     +/-    0.000000     % 

  Flux (Part/deg/GeV/cmq/pr):

  4.3819708E-07 +/-    61.28791     %    0.000000     +/-    0.000000     % 
   0.000000     +/-    0.000000     %    0.000000     +/-    0.000000     % 
   0.000000     +/-    0.000000     %    0.000000     +/-    0.000000     % 
  7.0425303E-06 +/-    66.24406     %   7.4400973E-06 +/-    61.38068     % 
   0.000000     +/-    0.000000     %    0.000000     +/-    0.000000     % 

  Energy interval (GeV):  3.6598611E-04  2.2360691E-04

  Flux (Part/sr/GeV/cmq/pr):

  1.4708469E-05 +/-    99.00000     %   1.7160924E-05 +/-    99.00000     % 
   0.000000     +/-    0.000000     %   6.5302855E-05 +/-    65.50925     % 
   0.000000     +/-    0.000000     %    0.000000     +/-    0.000000     % 
   0.000000     +/-    0.000000     %   5.2964268E-05 +/-    99.00000     % 
   0.000000     +/-    0.000000     %   3.1150211E-04 +/-    99.00000     % 

  Flux (Part/deg/GeV/cmq/pr):

  3.5762048E-07 +/-    99.00000     %   9.7774409E-07 +/-    99.00000     % 
   0.000000     +/-    0.000000     %   5.4294592E-06 +/-    65.50925     % 
   0.000000     +/-    0.000000     %    0.000000     +/-    0.000000     % 
   0.000000     +/-    0.000000     %   5.6207464E-06 +/-    99.00000     % 
   0.000000     +/-    0.000000     %   3.4102934E-05 +/-    99.00000     % 

  Energy interval (GeV):  2.2360691E-04  1.3661734E-04

  Flux (Part/sr/GeV/cmq/pr):

   0.000000     +/-    0.000000     %   2.5784049E-05 +/-    99.00000     % 
   0.000000     +/-    0.000000     %   3.6623333E-05 +/-    99.00000     % 
   0.000000     +/-    0.000000     %    0.000000     +/-    0.000000     % 
   0.000000     +/-    0.000000     %    0.000000     +/-    0.000000     % 
   0.000000     +/-    0.000000     %    0.000000     +/-    0.000000     % 

  Flux (Part/deg/GeV/cmq/pr):

   0.000000     +/-    0.000000     %   1.4690469E-06 +/-    99.00000     % 
   0.000000     +/-    0.000000     %   3.0449646E-06 +/-    99.00000     % 
   0.000000     +/-    0.000000     %    0.000000     +/-    0.000000     % 
   0.000000     +/-    0.000000     %    0.000000     +/-    0.000000     % 
   0.000000     +/-    0.000000     %    0.000000     +/-    0.000000     % 

  Energy interval (GeV):  1.3661734E-04  8.3469226E-05

  Flux (Part/sr/GeV/cmq/pr):

   0.000000     +/-    0.000000     %    0.000000     +/-    0.000000     % 
   0.000000     +/-    0.000000     %    0.000000     +/-    0.000000     % 
   0.000000     +/-    0.000000     %    0.000000     +/-    0.000000     % 
   0.000000     +/-    0.000000     %    0.000000     +/-    0.000000     % 
   0.000000     +/-    0.000000     %    0.000000     +/-    0.000000     % 

  Flux (Part/deg/GeV/cmq/pr):

   0.000000     +/-    0.000000     %    0.000000     +/-    0.000000     % 
   0.000000     +/-    0.000000     %    0.000000     +/-    0.000000     % 
   0.000000     +/-    0.000000     %    0.000000     +/-    0.000000     % 
   0.000000     +/-    0.000000     %    0.000000     +/-    0.000000     % 
   0.000000     +/-    0.000000     %    0.000000     +/-    0.000000     % 

  Energy interval (GeV):  8.3469226E-05  5.0997282E-05

  Flux (Part/sr/GeV/cmq/pr):

   0.000000     +/-    0.000000     %    0.000000     +/-    0.000000     % 
   0.000000     +/-    0.000000     %    0.000000     +/-    0.000000     % 
   0.000000     +/-    0.000000     %    0.000000     +/-    0.000000     % 
   0.000000     +/-    0.000000     %    0.000000     +/-    0.000000     % 
   0.000000     +/-    0.000000     %    0.000000     +/-    0.000000     % 

  Flux (Part/deg/GeV/cmq/pr):

   0.000000     +/-    0.000000     %    0.000000     +/-    0.000000     % 
   0.000000     +/-    0.000000     %    0.000000     +/-    0.000000     % 
   0.000000     +/-    0.000000     %    0.000000     +/-    0.000000     % 
   0.000000     +/-    0.000000     %    0.000000     +/-    0.000000     % 
   0.000000     +/-    0.000000     %    0.000000     +/-    0.000000     % 

  Energy interval (GeV):  5.0997282E-05  3.1157859E-05

  Flux (Part/sr/GeV/cmq/pr):

   0.000000     +/-    0.000000     %    0.000000     +/-    0.000000     % 
   0.000000     +/-    0.000000     %    0.000000     +/-    0.000000     % 
   0.000000     +/-    0.000000     %    0.000000     +/-    0.000000     % 
   0.000000     +/-    0.000000     %    0.000000     +/-    0.000000     % 
   0.000000     +/-    0.000000     %   2.0738479E-03 +/-    99.00000     % 

  Flux (Part/deg/GeV/cmq/pr):

   0.000000     +/-    0.000000     %    0.000000     +/-    0.000000     % 
   0.000000     +/-    0.000000     %    0.000000     +/-    0.000000     % 
   0.000000     +/-    0.000000     %    0.000000     +/-    0.000000     % 
   0.000000     +/-    0.000000     %    0.000000     +/-    0.000000     % 
   0.000000     +/-    0.000000     %   2.2704276E-04 +/-    99.00000     % 

  Energy interval (GeV):  3.1157859E-05  1.9036546E-05

  Flux (Part/sr/GeV/cmq/pr):

   0.000000     +/-    0.000000     %    0.000000     +/-    0.000000     % 
   0.000000     +/-    0.000000     %    0.000000     +/-    0.000000     % 
   0.000000     +/-    0.000000     %   3.5271043E-04 +/-    99.00000     % 
   0.000000     +/-    0.000000     %    0.000000     +/-    0.000000     % 
   0.000000     +/-    0.000000     %    0.000000     +/-    0.000000     % 

  Flux (Part/deg/GeV/cmq/pr):

   0.000000     +/-    0.000000     %    0.000000     +/-    0.000000     % 
   0.000000     +/-    0.000000     %    0.000000     +/-    0.000000     % 
   0.000000     +/-    0.000000     %   3.4509594E-05 +/-    99.00000     % 
   0.000000     +/-    0.000000     %    0.000000     +/-    0.000000     % 
   0.000000     +/-    0.000000     %    0.000000     +/-    0.000000     % 

  Energy interval (GeV):  1.9036546E-05  1.1630777E-05

  Flux (Part/sr/GeV/cmq/pr):

   0.000000     +/-    0.000000     %    0.000000     +/-    0.000000     % 
  3.5931446E-04 +/-    99.00000     %    0.000000     +/-    0.000000     % 
   0.000000     +/-    0.000000     %    0.000000     +/-    0.000000     % 
   0.000000     +/-    0.000000     %    0.000000     +/-    0.000000     % 
   0.000000     +/-    0.000000     %    0.000000     +/-    0.000000     % 

  Flux (Part/deg/GeV/cmq/pr):

   0.000000     +/-    0.000000     %    0.000000     +/-    0.000000     % 
  2.5940639E-05 +/-    99.00000     %    0.000000     +/-    0.000000     % 
   0.000000     +/-    0.000000     %    0.000000     +/-    0.000000     % 
   0.000000     +/-    0.000000     %    0.000000     +/-    0.000000     % 
   0.000000     +/-    0.000000     %    0.000000     +/-    0.000000     % 

  Energy interval (GeV):  1.1630777E-05  7.1060676E-06

  Flux (Part/sr/GeV/cmq/pr):

   0.000000     +/-    0.000000     %    0.000000     +/-    0.000000     % 
   0.000000     +/-    0.000000     %    0.000000     +/-    0.000000     % 
   0.000000     +/-    0.000000     %    0.000000     +/-    0.000000     % 
   0.000000     +/-    0.000000     %    0.000000     +/-    0.000000     % 
   0.000000     +/-    0.000000     %   2.0052997E-02 +/-    99.00000     % 

  Flux (Part/deg/GeV/cmq/pr):

   0.000000     +/-    0.000000     %    0.000000     +/-    0.000000     % 
   0.000000     +/-    0.000000     %    0.000000     +/-    0.000000     % 
   0.000000     +/-    0.000000     %    0.000000     +/-    0.000000     % 
   0.000000     +/-    0.000000     %    0.000000     +/-    0.000000     % 
   0.000000     +/-    0.000000     %   2.1953818E-03 +/-    99.00000     % 

  Energy interval (GeV):  7.1060676E-06  4.3416017E-06

  Flux (Part/sr/GeV/cmq/pr):

   0.000000     +/-    0.000000     %    0.000000     +/-    0.000000     % 
   0.000000     +/-    0.000000     %    0.000000     +/-    0.000000     % 
   0.000000     +/-    0.000000     %    0.000000     +/-    0.000000     % 
   0.000000     +/-    0.000000     %    0.000000     +/-    0.000000     % 
   0.000000     +/-    0.000000     %    0.000000     +/-    0.000000     % 

  Flux (Part/deg/GeV/cmq/pr):

   0.000000     +/-    0.000000     %    0.000000     +/-    0.000000     % 
   0.000000     +/-    0.000000     %    0.000000     +/-    0.000000     % 
   0.000000     +/-    0.000000     %    0.000000     +/-    0.000000     % 
   0.000000     +/-    0.000000     %    0.000000     +/-    0.000000     % 
   0.000000     +/-    0.000000     %    0.000000     +/-    0.000000     % 

  Energy interval (GeV):  4.3416017E-06  2.6525925E-06

  Flux (Part/sr/GeV/cmq/pr):

   0.000000     +/-    0.000000     %    0.000000     +/-    0.000000     % 
   0.000000     +/-    0.000000     %    0.000000     +/-    0.000000     % 
   0.000000     +/-    0.000000     %    0.000000     +/-    0.000000     % 
   0.000000     +/-    0.000000     %    0.000000     +/-    0.000000     % 
   0.000000     +/-    0.000000     %    0.000000     +/-    0.000000     % 

  Flux (Part/deg/GeV/cmq/pr):

   0.000000     +/-    0.000000     %    0.000000     +/-    0.000000     % 
   0.000000     +/-    0.000000     %    0.000000     +/-    0.000000     % 
   0.000000     +/-    0.000000     %    0.000000     +/-    0.000000     % 
   0.000000     +/-    0.000000     %    0.000000     +/-    0.000000     % 
   0.000000     +/-    0.000000     %    0.000000     +/-    0.000000     % 

  Energy interval (GeV):  2.6525925E-06  1.6206570E-06

  Flux (Part/sr/GeV/cmq/pr):

   0.000000     +/-    0.000000     %    0.000000     +/-    0.000000     % 
   0.000000     +/-    0.000000     %    0.000000     +/-    0.000000     % 
   0.000000     +/-    0.000000     %    0.000000     +/-    0.000000     % 
   0.000000     +/-    0.000000     %    0.000000     +/-    0.000000     % 
   0.000000     +/-    0.000000     %    0.000000     +/-    0.000000     % 

  Flux (Part/deg/GeV/cmq/pr):

   0.000000     +/-    0.000000     %    0.000000     +/-    0.000000     % 
   0.000000     +/-    0.000000     %    0.000000     +/-    0.000000     % 
   0.000000     +/-    0.000000     %    0.000000     +/-    0.000000     % 
   0.000000     +/-    0.000000     %    0.000000     +/-    0.000000     % 
   0.000000     +/-    0.000000     %    0.000000     +/-    0.000000     % 

  Energy interval (GeV):  1.6206570E-06  9.9017450E-07

  Flux (Part/sr/GeV/cmq/pr):

   0.000000     +/-    0.000000     %    0.000000     +/-    0.000000     % 
   0.000000     +/-    0.000000     %    0.000000     +/-    0.000000     % 
   0.000000     +/-    0.000000     %    0.000000     +/-    0.000000     % 
   0.000000     +/-    0.000000     %    0.000000     +/-    0.000000     % 
   0.000000     +/-    0.000000     %    0.000000     +/-    0.000000     % 

  Flux (Part/deg/GeV/cmq/pr):

   0.000000     +/-    0.000000     %    0.000000     +/-    0.000000     % 
   0.000000     +/-    0.000000     %    0.000000     +/-    0.000000     % 
   0.000000     +/-    0.000000     %    0.000000     +/-    0.000000     % 
   0.000000     +/-    0.000000     %    0.000000     +/-    0.000000     % 
   0.000000     +/-    0.000000     %    0.000000     +/-    0.000000     % 

  Energy interval (GeV):  9.9017450E-07  6.0496785E-07

  Flux (Part/sr/GeV/cmq/pr):

   0.000000     +/-    0.000000     %    0.000000     +/-    0.000000     % 
   0.000000     +/-    0.000000     %    0.000000     +/-    0.000000     % 
   0.000000     +/-    0.000000     %    0.000000     +/-    0.000000     % 
   0.000000     +/-    0.000000     %    0.000000     +/-    0.000000     % 
   0.000000     +/-    0.000000     %    0.000000     +/-    0.000000     % 

  Flux (Part/deg/GeV/cmq/pr):

   0.000000     +/-    0.000000     %    0.000000     +/-    0.000000     % 
   0.000000     +/-    0.000000     %    0.000000     +/-    0.000000     % 
   0.000000     +/-    0.000000     %    0.000000     +/-    0.000000     % 
   0.000000     +/-    0.000000     %    0.000000     +/-    0.000000     % 
   0.000000     +/-    0.000000     %    0.000000     +/-    0.000000     % 

  Energy interval (GeV):  6.0496785E-07  3.6961782E-07

  Flux (Part/sr/GeV/cmq/pr):

   0.000000     +/-    0.000000     %    0.000000     +/-    0.000000     % 
   0.000000     +/-    0.000000     %    0.000000     +/-    0.000000     % 
   0.000000     +/-    0.000000     %    0.000000     +/-    0.000000     % 
   0.000000     +/-    0.000000     %    0.000000     +/-    0.000000     % 
   0.000000     +/-    0.000000     %    0.000000     +/-    0.000000     % 

  Flux (Part/deg/GeV/cmq/pr):

   0.000000     +/-    0.000000     %    0.000000     +/-    0.000000     % 
   0.000000     +/-    0.000000     %    0.000000     +/-    0.000000     % 
   0.000000     +/-    0.000000     %    0.000000     +/-    0.000000     % 
   0.000000     +/-    0.000000     %    0.000000     +/-    0.000000     % 
   0.000000     +/-    0.000000     %    0.000000     +/-    0.000000     % 

  Energy interval (GeV):  3.6961782E-07  2.2582576E-07

  Flux (Part/sr/GeV/cmq/pr):

   0.000000     +/-    0.000000     %    0.000000     +/-    0.000000     % 
   0.000000     +/-    0.000000     %    0.000000     +/-    0.000000     % 
   0.000000     +/-    0.000000     %    0.000000     +/-    0.000000     % 
   0.000000     +/-    0.000000     %    0.000000     +/-    0.000000     % 
   0.000000     +/-    0.000000     %    0.000000     +/-    0.000000     % 

  Flux (Part/deg/GeV/cmq/pr):

   0.000000     +/-    0.000000     %    0.000000     +/-    0.000000     % 
   0.000000     +/-    0.000000     %    0.000000     +/-    0.000000     % 
   0.000000     +/-    0.000000     %    0.000000     +/-    0.000000     % 
   0.000000     +/-    0.000000     %    0.000000     +/-    0.000000     % 
   0.000000     +/-    0.000000     %    0.000000     +/-    0.000000     % 

  Energy interval (GeV):  2.2582576E-07  1.3797299E-07

  Flux (Part/sr/GeV/cmq/pr):

   0.000000     +/-    0.000000     %    0.000000     +/-    0.000000     % 
   0.000000     +/-    0.000000     %    0.000000     +/-    0.000000     % 
   0.000000     +/-    0.000000     %    0.000000     +/-    0.000000     % 
   0.000000     +/-    0.000000     %    0.000000     +/-    0.000000     % 
   0.000000     +/-    0.000000     %    0.000000     +/-    0.000000     % 

  Flux (Part/deg/GeV/cmq/pr):

   0.000000     +/-    0.000000     %    0.000000     +/-    0.000000     % 
   0.000000     +/-    0.000000     %    0.000000     +/-    0.000000     % 
   0.000000     +/-    0.000000     %    0.000000     +/-    0.000000     % 
   0.000000     +/-    0.000000     %    0.000000     +/-    0.000000     % 
   0.000000     +/-    0.000000     %    0.000000     +/-    0.000000     % 

  Energy interval (GeV):  1.3797299E-07  8.4297497E-08

  Flux (Part/sr/GeV/cmq/pr):

   0.000000     +/-    0.000000     %    0.000000     +/-    0.000000     % 
   0.000000     +/-    0.000000     %    0.000000     +/-    0.000000     % 
   0.000000     +/-    0.000000     %    0.000000     +/-    0.000000     % 
   0.000000     +/-    0.000000     %    0.000000     +/-    0.000000     % 
   0.000000     +/-    0.000000     %    0.000000     +/-    0.000000     % 

  Flux (Part/deg/GeV/cmq/pr):

   0.000000     +/-    0.000000     %    0.000000     +/-    0.000000     % 
   0.000000     +/-    0.000000     %    0.000000     +/-    0.000000     % 
   0.000000     +/-    0.000000     %    0.000000     +/-    0.000000     % 
   0.000000     +/-    0.000000     %    0.000000     +/-    0.000000     % 
   0.000000     +/-    0.000000     %    0.000000     +/-    0.000000     % 

  Energy interval (GeV):  8.4297497E-08  5.1503324E-08

  Flux (Part/sr/GeV/cmq/pr):

   0.000000     +/-    0.000000     %    0.000000     +/-    0.000000     % 
   0.000000     +/-    0.000000     %    0.000000     +/-    0.000000     % 
   0.000000     +/-    0.000000     %    0.000000     +/-    0.000000     % 
   0.000000     +/-    0.000000     %    0.000000     +/-    0.000000     % 
   0.000000     +/-    0.000000     %    0.000000     +/-    0.000000     % 

  Flux (Part/deg/GeV/cmq/pr):

   0.000000     +/-    0.000000     %    0.000000     +/-    0.000000     % 
   0.000000     +/-    0.000000     %    0.000000     +/-    0.000000     % 
   0.000000     +/-    0.000000     %    0.000000     +/-    0.000000     % 
   0.000000     +/-    0.000000     %    0.000000     +/-    0.000000     % 
   0.000000     +/-    0.000000     %    0.000000     +/-    0.000000     % 

  Energy interval (GeV):  5.1503324E-08  3.1467035E-08

  Flux (Part/sr/GeV/cmq/pr):

   0.000000     +/-    0.000000     %    0.000000     +/-    0.000000     % 
   0.000000     +/-    0.000000     %    0.000000     +/-    0.000000     % 
   0.000000     +/-    0.000000     %    0.000000     +/-    0.000000     % 
   0.000000     +/-    0.000000     %    0.000000     +/-    0.000000     % 
   0.000000     +/-    0.000000     %    0.000000     +/-    0.000000     % 

  Flux (Part/deg/GeV/cmq/pr):

   0.000000     +/-    0.000000     %    0.000000     +/-    0.000000     % 
   0.000000     +/-    0.000000     %    0.000000     +/-    0.000000     % 
   0.000000     +/-    0.000000     %    0.000000     +/-    0.000000     % 
   0.000000     +/-    0.000000     %    0.000000     +/-    0.000000     % 
   0.000000     +/-    0.000000     %    0.000000     +/-    0.000000     % 

  Energy interval (GeV):  3.1467035E-08  1.9225448E-08

  Flux (Part/sr/GeV/cmq/pr):

   0.000000     +/-    0.000000     %    0.000000     +/-    0.000000     % 
   0.000000     +/-    0.000000     %    0.000000     +/-    0.000000     % 
   0.000000     +/-    0.000000     %    0.000000     +/-    0.000000     % 
   0.000000     +/-    0.000000     %    0.000000     +/-    0.000000     % 
   0.000000     +/-    0.000000     %    0.000000     +/-    0.000000     % 

  Flux (Part/deg/GeV/cmq/pr):

   0.000000     +/-    0.000000     %    0.000000     +/-    0.000000     % 
   0.000000     +/-    0.000000     %    0.000000     +/-    0.000000     % 
   0.000000     +/-    0.000000     %    0.000000     +/-    0.000000     % 
   0.000000     +/-    0.000000     %    0.000000     +/-    0.000000     % 
   0.000000     +/-    0.000000     %    0.000000     +/-    0.000000     % 

  Energy interval (GeV):  1.9225448E-08  1.1746191E-08

  Flux (Part/sr/GeV/cmq/pr):

   0.000000     +/-    0.000000     %    0.000000     +/-    0.000000     % 
   0.000000     +/-    0.000000     %    0.000000     +/-    0.000000     % 
   0.000000     +/-    0.000000     %    0.000000     +/-    0.000000     % 
   0.000000     +/-    0.000000     %    0.000000     +/-    0.000000     % 
   0.000000     +/-    0.000000     %    0.000000     +/-    0.000000     % 

  Flux (Part/deg/GeV/cmq/pr):

   0.000000     +/-    0.000000     %    0.000000     +/-    0.000000     % 
   0.000000     +/-    0.000000     %    0.000000     +/-    0.000000     % 
   0.000000     +/-    0.000000     %    0.000000     +/-    0.000000     % 
   0.000000     +/-    0.000000     %    0.000000     +/-    0.000000     % 
   0.000000     +/-    0.000000     %    0.000000     +/-    0.000000     % 

  Energy interval (GeV):  1.1746191E-08  7.1765816E-09

  Flux (Part/sr/GeV/cmq/pr):

   0.000000     +/-    0.000000     %    0.000000     +/-    0.000000     % 
   0.000000     +/-    0.000000     %    0.000000     +/-    0.000000     % 
   0.000000     +/-    0.000000     %    0.000000     +/-    0.000000     % 
   0.000000     +/-    0.000000     %    0.000000     +/-    0.000000     % 
   0.000000     +/-    0.000000     %    0.000000     +/-    0.000000     % 

  Flux (Part/deg/GeV/cmq/pr):

   0.000000     +/-    0.000000     %    0.000000     +/-    0.000000     % 
   0.000000     +/-    0.000000     %    0.000000     +/-    0.000000     % 
   0.000000     +/-    0.000000     %    0.000000     +/-    0.000000     % 
   0.000000     +/-    0.000000     %    0.000000     +/-    0.000000     % 
   0.000000     +/-    0.000000     %    0.000000     +/-    0.000000     % 

  Energy interval (GeV):  7.1765816E-09  4.3846828E-09

  Flux (Part/sr/GeV/cmq/pr):

   0.000000     +/-    0.000000     %    0.000000     +/-    0.000000     % 
   0.000000     +/-    0.000000     %    0.000000     +/-    0.000000     % 
   0.000000     +/-    0.000000     %    0.000000     +/-    0.000000     % 
   0.000000     +/-    0.000000     %    0.000000     +/-    0.000000     % 
   0.000000     +/-    0.000000     %    0.000000     +/-    0.000000     % 

  Flux (Part/deg/GeV/cmq/pr):

   0.000000     +/-    0.000000     %    0.000000     +/-    0.000000     % 
   0.000000     +/-    0.000000     %    0.000000     +/-    0.000000     % 
   0.000000     +/-    0.000000     %    0.000000     +/-    0.000000     % 
   0.000000     +/-    0.000000     %    0.000000     +/-    0.000000     % 
   0.000000     +/-    0.000000     %    0.000000     +/-    0.000000     % 

  Energy interval (GeV):  4.3846828E-09  2.6789142E-09

  Flux (Part/sr/GeV/cmq/pr):

   0.000000     +/-    0.000000     %    0.000000     +/-    0.000000     % 
   0.000000     +/-    0.000000     %    0.000000     +/-    0.000000     % 
   0.000000     +/-    0.000000     %    0.000000     +/-    0.000000     % 
   0.000000     +/-    0.000000     %    0.000000     +/-    0.000000     % 
   0.000000     +/-    0.000000     %    0.000000     +/-    0.000000     % 

  Flux (Part/deg/GeV/cmq/pr):

   0.000000     +/-    0.000000     %    0.000000     +/-    0.000000     % 
   0.000000     +/-    0.000000     %    0.000000     +/-    0.000000     % 
   0.000000     +/-    0.000000     %    0.000000     +/-    0.000000     % 
   0.000000     +/-    0.000000     %    0.000000     +/-    0.000000     % 
   0.000000     +/-    0.000000     %    0.000000     +/-    0.000000     % 

  Energy interval (GeV):  2.6789142E-09  1.6367389E-09

  Flux (Part/sr/GeV/cmq/pr):

   0.000000     +/-    0.000000     %    0.000000     +/-    0.000000     % 
   0.000000     +/-    0.000000     %    0.000000     +/-    0.000000     % 
   0.000000     +/-    0.000000     %    0.000000     +/-    0.000000     % 
   0.000000     +/-    0.000000     %    0.000000     +/-    0.000000     % 
   0.000000     +/-    0.000000     %    0.000000     +/-    0.000000     % 

  Flux (Part/deg/GeV/cmq/pr):

   0.000000     +/-    0.000000     %    0.000000     +/-    0.000000     % 
   0.000000     +/-    0.000000     %    0.000000     +/-    0.000000     % 
   0.000000     +/-    0.000000     %    0.000000     +/-    0.000000     % 
   0.000000     +/-    0.000000     %    0.000000     +/-    0.000000     % 
   0.000000     +/-    0.000000     %    0.000000     +/-    0.000000     % 

  Energy interval (GeV):  1.6367389E-09  9.9999997E-10

  Flux (Part/sr/GeV/cmq/pr):

   0.000000     +/-    0.000000     %    0.000000     +/-    0.000000     % 
   0.000000     +/-    0.000000     %    0.000000     +/-    0.000000     % 
   0.000000     +/-    0.000000     %    0.000000     +/-    0.000000     % 
   0.000000     +/-    0.000000     %    0.000000     +/-    0.000000     % 
   0.000000     +/-    0.000000     %    0.000000     +/-    0.000000     % 

  Flux (Part/deg/GeV/cmq/pr):

   0.000000     +/-    0.000000     %    0.000000     +/-    0.000000     % 
   0.000000     +/-    0.000000     %    0.000000     +/-    0.000000     % 
   0.000000     +/-    0.000000     %    0.000000     +/-    0.000000     % 
   0.000000     +/-    0.000000     %    0.000000     +/-    0.000000     % 
   0.000000     +/-    0.000000     %    0.000000     +/-    0.000000     % 
