2026-05-07 10:42:35,372 - INFO - ABLATION DQL training started 
2026-05-07 10:43:22,590 - INFO - FLUKA OK: abl_dql_ep1_step1.inp (47.2s)
2026-05-07 10:43:22,593 - INFO - ustsuw OK â†?/home/marina/caseI/20run_caseI/run5/abl_dql_ep1_step1_out_tab.lis (5 cycles, unit 24)
2026-05-07 10:43:22,597 - INFO - Ep1 Step1: HCNO: N=40.0%  H=6.6%  C=18.5%  O=35.0%
2026-05-07 10:43:22,597 - INFO - Ep1 Step1: Reward=18.25
2026-05-07 10:43:22,598 - INFO - Ep 1 Step 1: Action=12 (DecGap), Layers=[2.5, 7.5, 7.5, 6.5, 2.5, 3.5], Gap=5.5, Reward=18.25
2026-05-07 10:43:22,598 - INFO - New Best: 18.25 at Ep1, Step1
2026-05-07 10:44:08,264 - INFO - FLUKA OK: abl_dql_ep1_step2.inp (45.6s)
2026-05-07 10:44:08,268 - INFO - ustsuw OK â†?/home/marina/caseI/20run_caseI/run5/abl_dql_ep1_step2_out_tab.lis (5 cycles, unit 24)
2026-05-07 10:44:08,269 - INFO - Ep1 Step2: HCNO: N=35.7%  H=8.1%  C=25.0%  O=31.2%
2026-05-07 10:44:08,269 - INFO - Ep1 Step2: Reward=18.42
2026-05-07 10:44:08,269 - INFO - Ep 1 Step 2: Action=3 (DecL4), Layers=[2.5, 7.5, 7.5, 6.0, 2.5, 3.5], Gap=5.5, Reward=18.42
2026-05-07 10:44:08,269 - INFO - New Best: 18.42 at Ep1, Step2
2026-05-07 10:44:55,331 - INFO - FLUKA OK: abl_dql_ep1_step3.inp (47.1s)
2026-05-07 10:44:55,338 - INFO - ustsuw OK â†?/home/marina/caseI/20run_caseI/run5/abl_dql_ep1_step3_out_tab.lis (5 cycles, unit 24)
2026-05-07 10:44:55,340 - INFO - Ep1 Step3: HCNO: N=25.8%  H=3.9%  C=26.8%  O=43.4%
2026-05-07 10:44:55,340 - INFO - Ep1 Step3: Reward=13.60
2026-05-07 10:44:55,340 - INFO - Ep 1 Step 3: Action=2 (DecL3), Layers=[2.5, 7.5, 7.0, 6.0, 2.5, 3.5], Gap=5.5, Reward=13.60
2026-05-07 10:45:43,069 - INFO - FLUKA OK: abl_dql_ep1_step4.inp (47.7s)
2026-05-07 10:45:43,072 - INFO - ustsuw OK â†?/home/marina/caseI/20run_caseI/run5/abl_dql_ep1_step4_out_tab.lis (5 cycles, unit 24)
2026-05-07 10:45:43,073 - INFO - Ep1 Step4: HCNO: N=39.3%  H=2.4%  C=23.4%  O=34.9%
2026-05-07 10:45:43,073 - INFO - Ep1 Step4: Reward=15.59
2026-05-07 10:45:43,073 - INFO - Ep 1 Step 4: Action=10 (IncL5), Layers=[2.5, 7.5, 7.0, 6.0, 3.0, 3.5], Gap=5.5, Reward=15.59
2026-05-07 10:46:24,164 - INFO - FLUKA OK: abl_dql_ep1_step5.inp (41.1s)
2026-05-07 10:46:24,168 - INFO - ustsuw OK â†?/home/marina/caseI/20run_caseI/run5/abl_dql_ep1_step5_out_tab.lis (5 cycles, unit 24)
2026-05-07 10:46:24,168 - INFO - Ep1 Step5: HCNO: N=25.8%  H=3.9%  C=26.8%  O=43.4%
2026-05-07 10:46:24,168 - INFO - Ep1 Step5: Reward=13.60
2026-05-07 10:46:24,168 - INFO - Ep 1 Step 5: Action=4 (DecL5), Layers=[2.5, 7.5, 7.0, 6.0, 2.5, 3.5], Gap=5.5, Reward=13.60
2026-05-07 10:47:05,618 - INFO - FLUKA OK: abl_dql_ep1_step6.inp (41.4s)
2026-05-07 10:47:05,622 - INFO - ustsuw OK â†?/home/marina/caseI/20run_caseI/run5/abl_dql_ep1_step6_out_tab.lis (5 cycles, unit 24)
2026-05-07 10:47:05,622 - INFO - Ep1 Step6: HCNO: N=23.5%  H=11.9%  C=21.7%  O=42.8%
2026-05-07 10:47:05,622 - INFO - Ep1 Step6: Reward=13.37
2026-05-07 10:47:05,623 - INFO - Ep 1 Step 6: Action=3 (DecL4), Layers=[2.5, 7.5, 7.0, 5.5, 2.5, 3.5], Gap=5.5, Reward=13.37
2026-05-07 10:47:44,443 - INFO - FLUKA OK: abl_dql_ep1_step7.inp (38.8s)
2026-05-07 10:47:44,445 - INFO - ustsuw OK â†?/home/marina/caseI/20run_caseI/run5/abl_dql_ep1_step7_out_tab.lis (5 cycles, unit 24)
2026-05-07 10:47:44,450 - INFO - Ep1 Step7: HCNO: N=31.0%  H=8.0%  C=30.7%  O=30.3%
2026-05-07 10:47:44,450 - INFO - Ep1 Step7: Reward=11.85
2026-05-07 10:47:44,450 - INFO - Ep 1 Step 7: Action=8 (IncL3), Layers=[2.5, 7.5, 7.5, 5.5, 2.5, 3.5], Gap=5.5, Reward=11.85
2026-05-07 10:48:33,952 - INFO - FLUKA OK: abl_dql_ep1_step8.inp (49.5s)
2026-05-07 10:48:33,958 - INFO - ustsuw OK â†?/home/marina/caseI/20run_caseI/run5/abl_dql_ep1_step8_out_tab.lis (5 cycles, unit 24)
2026-05-07 10:48:33,959 - INFO - Ep1 Step8: HCNO: N=23.9%  H=11.6%  C=26.0%  O=38.5%
2026-05-07 10:48:33,959 - INFO - Ep1 Step8: Reward=13.26
2026-05-07 10:48:33,961 - INFO - Ep 1 Step 8: Action=4 (DecL5), Layers=[2.5, 7.5, 7.5, 5.5, 2.0, 3.5], Gap=5.5, Reward=13.26
2026-05-07 10:49:20,759 - INFO - FLUKA OK: abl_dql_ep1_step9.inp (46.8s)
2026-05-07 10:49:20,826 - INFO - ustsuw OK â†?/home/marina/caseI/20run_caseI/run5/abl_dql_ep1_step9_out_tab.lis (5 cycles, unit 24)
2026-05-07 10:49:20,827 - INFO - Ep1 Step9: HCNO: N=41.6%  H=7.1%  C=19.4%  O=31.9%
2026-05-07 10:49:20,827 - INFO - Ep1 Step9: Reward=23.17
2026-05-07 10:49:20,827 - INFO - Ep 1 Step 9: Action=8 (IncL3), Layers=[2.5, 7.5, 8.0, 5.5, 2.0, 3.5], Gap=5.5, Reward=23.17
2026-05-07 10:49:20,827 - INFO - New Best: 23.17 at Ep1, Step9
2026-05-07 10:50:05,887 - INFO - FLUKA OK: abl_dql_ep1_step10.inp (45.1s)
2026-05-07 10:50:06,025 - WARNING - prefix 'abl_dql_ep1_step10' unit 24: expected 5 cycle files, found 10: ['abl_dql_ep1_step10001_fort.24', 'abl_dql_ep1_step10002_fort.24', 'abl_dql_ep1_step10003_fort.24', 'abl_dql_ep1_step10004_fort.24', 'abl_dql_ep1_step10005_fort.24', 'abl_dql_ep1_step1001_fort.24', 'abl_dql_ep1_step1002_fort.24', 'abl_dql_ep1_step1003_fort.24', 'abl_dql_ep1_step1004_fort.24', 'abl_dql_ep1_step1005_fort.24']
2026-05-07 10:50:06,341 - INFO - ustsuw OK â†?/home/marina/caseI/20run_caseI/run5/abl_dql_ep1_step10_out_tab.lis (10 cycles, unit 24)
2026-05-07 10:50:06,356 - INFO - Ep1 Step10: HCNO: N=40.0%  H=9.2%  C=21.3%  O=29.4%
2026-05-07 10:50:06,356 - INFO - Ep1 Step10: Reward=24.49
2026-05-07 10:50:06,357 - INFO - Ep 1 Step 10: Action=0 (DecL1), Layers=[2.0, 7.5, 8.0, 5.5, 2.0, 3.5], Gap=5.5, Reward=24.49
2026-05-07 10:50:06,357 - INFO - New Best: 24.49 at Ep1, Step10
2026-05-07 10:50:06,357 - INFO - Episode 1: Return=165.61, Best=24.49, Loss=0.0000
2026-05-07 10:50:56,706 - INFO - FLUKA OK: abl_dql_ep2_step1.inp (50.1s)
2026-05-07 10:51:03,673 - INFO - ustsuw OK â†?/home/marina/caseI/20run_caseI/run5/abl_dql_ep2_step1_out_tab.lis (5 cycles, unit 24)
2026-05-07 10:51:05,243 - INFO - Ep2 Step1: HCNO: N=43.6%  H=4.6%  C=29.1%  O=22.7%
2026-05-07 10:51:05,243 - INFO - Ep2 Step1: Reward=13.14
2026-05-07 10:51:05,414 - INFO - Ep 2 Step 1: Action=11 (IncL6), Layers=[6.0, 5.0, 7.5, 7.5, 4.0, 6.5], Gap=7.5, Reward=13.14
2026-05-07 10:52:09,135 - INFO - FLUKA OK: abl_dql_ep2_step2.inp (62.5s)
2026-05-07 10:52:15,656 - INFO - ustsuw OK â†?/home/marina/caseI/20run_caseI/run5/abl_dql_ep2_step2_out_tab.lis (5 cycles, unit 24)
2026-05-07 10:52:17,089 - INFO - Ep2 Step2: HCNO: N=46.1%  H=8.2%  C=27.2%  O=18.5%
2026-05-07 10:52:17,089 - INFO - Ep2 Step2: Reward=10.31
2026-05-07 10:52:17,089 - INFO - Ep 2 Step 2: Action=1 (DecL2), Layers=[6.0, 4.5, 7.5, 7.5, 4.0, 6.5], Gap=7.5, Reward=10.31
2026-05-07 10:52:56,845 - INFO - FLUKA OK: abl_dql_ep2_step3.inp (38.3s)
2026-05-07 10:52:57,000 - INFO - ustsuw OK â†?/home/marina/caseI/20run_caseI/run5/abl_dql_ep2_step3_out_tab.lis (5 cycles, unit 24)
2026-05-07 10:52:57,120 - INFO - Ep2 Step3: HCNO: N=45.5%  H=8.3%  C=24.8%  O=21.5%
2026-05-07 10:52:57,121 - INFO - Ep2 Step3: Reward=9.29
2026-05-07 10:52:57,121 - INFO - Ep 2 Step 3: Action=3 (DecL4), Layers=[6.0, 4.5, 7.5, 7.0, 4.0, 6.5], Gap=7.5, Reward=9.29
2026-05-07 10:53:34,919 - INFO - FLUKA OK: abl_dql_ep2_step4.inp (37.6s)
2026-05-07 10:53:35,039 - INFO - ustsuw OK â†?/home/marina/caseI/20run_caseI/run5/abl_dql_ep2_step4_out_tab.lis (5 cycles, unit 24)
2026-05-07 10:53:35,098 - INFO - Ep2 Step4: HCNO: N=32.7%  H=10.7%  C=26.3%  O=30.3%
2026-05-07 10:53:35,098 - INFO - Ep2 Step4: Reward=19.33
2026-05-07 10:53:35,098 - INFO - Ep 2 Step 4: Action=6 (IncL1), Layers=[6.5, 4.5, 7.5, 7.0, 4.0, 6.5], Gap=7.5, Reward=19.33
2026-05-07 10:54:13,399 - INFO - FLUKA OK: abl_dql_ep2_step5.inp (38.3s)
2026-05-07 10:54:13,751 - INFO - ustsuw OK â†?/home/marina/caseI/20run_caseI/run5/abl_dql_ep2_step5_out_tab.lis (5 cycles, unit 24)
2026-05-07 10:54:13,809 - INFO - Ep2 Step5: HCNO: N=33.5%  H=13.4%  C=25.1%  O=28.0%
2026-05-07 10:54:13,809 - INFO - Ep2 Step5: Reward=13.53
2026-05-07 10:54:13,809 - INFO - Ep 2 Step 5: Action=5 (DecL6), Layers=[6.5, 4.5, 7.5, 7.0, 4.0, 6.0], Gap=7.5, Reward=13.53
2026-05-07 10:54:49,610 - INFO - FLUKA OK: abl_dql_ep2_step6.inp (35.8s)
2026-05-07 10:54:49,738 - INFO - ustsuw OK â†?/home/marina/caseI/20run_caseI/run5/abl_dql_ep2_step6_out_tab.lis (5 cycles, unit 24)
2026-05-07 10:54:49,772 - INFO - Ep2 Step6: HCNO: N=41.6%  H=10.2%  C=18.6%  O=29.6%
2026-05-07 10:54:49,772 - INFO - Ep2 Step6: Reward=13.20
2026-05-07 10:54:49,772 - INFO - Ep 2 Step 6: Action=6 (IncL1), Layers=[7.0, 4.5, 7.5, 7.0, 4.0, 6.0], Gap=7.5, Reward=13.20
2026-05-07 10:55:27,191 - INFO - FLUKA OK: abl_dql_ep2_step7.inp (37.3s)
2026-05-07 10:55:27,395 - INFO - ustsuw OK â†?/home/marina/caseI/20run_caseI/run5/abl_dql_ep2_step7_out_tab.lis (5 cycles, unit 24)
2026-05-07 10:55:27,396 - INFO - Ep2 Step7: HCNO: N=38.3%  H=7.8%  C=14.7%  O=39.1%
2026-05-07 10:55:27,396 - INFO - Ep2 Step7: Reward=15.34
2026-05-07 10:55:27,396 - INFO - Ep 2 Step 7: Action=8 (IncL3), Layers=[7.0, 4.5, 8.0, 7.0, 4.0, 6.0], Gap=7.5, Reward=15.34
2026-05-07 10:56:02,026 - INFO - FLUKA OK: abl_dql_ep2_step8.inp (34.6s)
2026-05-07 10:56:02,069 - INFO - ustsuw OK â†?/home/marina/caseI/20run_caseI/run5/abl_dql_ep2_step8_out_tab.lis (5 cycles, unit 24)
2026-05-07 10:56:02,125 - INFO - Ep2 Step8: HCNO: N=47.2%  H=4.9%  C=10.7%  O=37.2%
2026-05-07 10:56:02,125 - INFO - Ep2 Step8: Reward=6.85
2026-05-07 10:56:02,125 - INFO - Ep 2 Step 8: Action=10 (IncL5), Layers=[7.0, 4.5, 8.0, 7.0, 4.5, 6.0], Gap=7.5, Reward=6.85
2026-05-07 10:56:37,766 - INFO - FLUKA OK: abl_dql_ep2_step9.inp (35.6s)
2026-05-07 10:56:38,089 - INFO - ustsuw OK â†?/home/marina/caseI/20run_caseI/run5/abl_dql_ep2_step9_out_tab.lis (5 cycles, unit 24)
2026-05-07 10:56:38,174 - INFO - Ep2 Step9: HCNO: N=45.0%  H=4.1%  C=13.4%  O=37.5%
2026-05-07 10:56:38,174 - INFO - Ep2 Step9: Reward=10.57
2026-05-07 10:56:38,174 - INFO - Ep 2 Step 9: Action=12 (DecGap), Layers=[7.0, 4.5, 8.0, 7.0, 4.5, 6.0], Gap=7.0, Reward=10.57
2026-05-07 10:57:14,374 - INFO - FLUKA OK: abl_dql_ep2_step10.inp (36.2s)
2026-05-07 10:57:14,498 - WARNING - prefix 'abl_dql_ep2_step10' unit 24: expected 5 cycle files, found 10: ['abl_dql_ep2_step10001_fort.24', 'abl_dql_ep2_step10002_fort.24', 'abl_dql_ep2_step10003_fort.24', 'abl_dql_ep2_step10004_fort.24', 'abl_dql_ep2_step10005_fort.24', 'abl_dql_ep2_step1001_fort.24', 'abl_dql_ep2_step1002_fort.24', 'abl_dql_ep2_step1003_fort.24', 'abl_dql_ep2_step1004_fort.24', 'abl_dql_ep2_step1005_fort.24']
2026-05-07 10:57:14,640 - INFO - ustsuw OK â†?/home/marina/caseI/20run_caseI/run5/abl_dql_ep2_step10_out_tab.lis (10 cycles, unit 24)
2026-05-07 10:57:14,641 - INFO - Ep2 Step10: HCNO: N=40.0%  H=4.5%  C=27.5%  O=28.0%
2026-05-07 10:57:14,641 - INFO - Ep2 Step10: Reward=27.78
2026-05-07 10:57:14,654 - INFO - Ep 2 Step 10: Action=7 (IncL2), Layers=[7.0, 5.0, 8.0, 7.0, 4.5, 6.0], Gap=7.0, Reward=27.78
2026-05-07 10:57:14,654 - INFO - New Best: 27.78 at Ep2, Step10
2026-05-07 10:57:14,798 - INFO - Episode 2: Return=139.33, Best=27.78, Loss=0.0000
2026-05-07 10:57:52,112 - INFO - FLUKA OK: abl_dql_ep3_step1.inp (37.2s)
2026-05-07 10:57:52,240 - INFO - ustsuw OK â†?/home/marina/caseI/20run_caseI/run5/abl_dql_ep3_step1_out_tab.lis (5 cycles, unit 24)
2026-05-07 10:57:52,241 - INFO - Ep3 Step1: HCNO: N=25.4%  H=12.1%  C=30.6%  O=31.8%
2026-05-07 10:57:52,241 - INFO - Ep3 Step1: Reward=14.49
2026-05-07 10:57:52,241 - INFO - Ep 3 Step 1: Action=11 (IncL6), Layers=[7.0, 2.5, 7.5, 7.5, 7.0, 3.5], Gap=5.5, Reward=14.49
2026-05-07 10:58:28,704 - INFO - FLUKA OK: abl_dql_ep3_step2.inp (36.5s)
2026-05-07 10:58:28,876 - INFO - ustsuw OK â†?/home/marina/caseI/20run_caseI/run5/abl_dql_ep3_step2_out_tab.lis (5 cycles, unit 24)
2026-05-07 10:58:28,876 - INFO - Ep3 Step2: HCNO: N=38.7%  H=12.4%  C=18.1%  O=30.8%
2026-05-07 10:58:28,876 - INFO - Ep3 Step2: Reward=13.24
2026-05-07 10:58:28,877 - INFO - Ep 3 Step 2: Action=2 (DecL3), Layers=[7.0, 2.5, 7.0, 7.5, 7.0, 3.5], Gap=5.5, Reward=13.24
2026-05-07 10:59:09,725 - INFO - FLUKA OK: abl_dql_ep3_step3.inp (40.8s)
2026-05-07 10:59:10,083 - INFO - ustsuw OK â†?/home/marina/caseI/20run_caseI/run5/abl_dql_ep3_step3_out_tab.lis (5 cycles, unit 24)
2026-05-07 10:59:10,084 - INFO - Ep3 Step3: HCNO: N=28.9%  H=10.5%  C=29.2%  O=31.4%
2026-05-07 10:59:10,084 - INFO - Ep3 Step3: Reward=14.77
2026-05-07 10:59:10,084 - INFO - Ep 3 Step 3: Action=9 (IncL4), Layers=[7.0, 2.5, 7.0, 8.0, 7.0, 3.5], Gap=5.5, Reward=14.77
2026-05-07 10:59:47,092 - INFO - FLUKA OK: abl_dql_ep3_step4.inp (37.0s)
2026-05-07 10:59:47,235 - INFO - ustsuw OK â†?/home/marina/caseI/20run_caseI/run5/abl_dql_ep3_step4_out_tab.lis (5 cycles, unit 24)
2026-05-07 10:59:47,257 - INFO - Ep3 Step4: HCNO: N=33.7%  H=7.6%  C=31.8%  O=27.0%
2026-05-07 10:59:47,257 - INFO - Ep3 Step4: Reward=17.52
2026-05-07 10:59:47,257 - INFO - Ep 3 Step 4: Action=11 (IncL6), Layers=[7.0, 2.5, 7.0, 8.0, 7.0, 4.0], Gap=5.5, Reward=17.52
2026-05-07 11:00:24,126 - INFO - FLUKA OK: abl_dql_ep3_step5.inp (36.9s)
2026-05-07 11:00:24,214 - INFO - ustsuw OK â†?/home/marina/caseI/20run_caseI/run5/abl_dql_ep3_step5_out_tab.lis (5 cycles, unit 24)
2026-05-07 11:00:24,232 - INFO - Ep3 Step5: HCNO: N=35.2%  H=12.2%  C=18.4%  O=34.2%
2026-05-07 11:00:24,232 - INFO - Ep3 Step5: Reward=21.99
2026-05-07 11:00:24,232 - INFO - Ep 3 Step 5: Action=0 (DecL1), Layers=[6.5, 2.5, 7.0, 8.0, 7.0, 4.0], Gap=5.5, Reward=21.99
2026-05-07 11:01:01,419 - INFO - FLUKA OK: abl_dql_ep3_step6.inp (37.2s)
2026-05-07 11:01:01,536 - INFO - ustsuw OK â†?/home/marina/caseI/20run_caseI/run5/abl_dql_ep3_step6_out_tab.lis (5 cycles, unit 24)
2026-05-07 11:01:01,556 - INFO - Ep3 Step6: HCNO: N=40.7%  H=11.2%  C=18.7%  O=29.4%
2026-05-07 11:01:01,556 - INFO - Ep3 Step6: Reward=7.38
2026-05-07 11:01:01,556 - INFO - Ep 3 Step 6: Action=7 (IncL2), Layers=[6.5, 3.0, 7.0, 8.0, 7.0, 4.0], Gap=5.5, Reward=7.38
2026-05-07 11:01:38,098 - INFO - FLUKA OK: abl_dql_ep3_step7.inp (36.5s)
2026-05-07 11:01:38,208 - INFO - ustsuw OK â†?/home/marina/caseI/20run_caseI/run5/abl_dql_ep3_step7_out_tab.lis (5 cycles, unit 24)
2026-05-07 11:01:38,261 - INFO - Ep3 Step7: HCNO: N=45.2%  H=7.8%  C=17.9%  O=29.1%
2026-05-07 11:01:38,261 - INFO - Ep3 Step7: Reward=14.65
2026-05-07 11:01:38,261 - INFO - Ep 3 Step 7: Action=3 (DecL4), Layers=[6.5, 3.0, 7.0, 7.5, 7.0, 4.0], Gap=5.5, Reward=14.65
2026-05-07 11:02:18,467 - INFO - FLUKA OK: abl_dql_ep3_step8.inp (40.2s)
2026-05-07 11:02:18,635 - INFO - ustsuw OK â†?/home/marina/caseI/20run_caseI/run5/abl_dql_ep3_step8_out_tab.lis (5 cycles, unit 24)
2026-05-07 11:02:18,666 - INFO - Ep3 Step8: HCNO: N=42.1%  H=8.1%  C=27.5%  O=22.3%
2026-05-07 11:02:18,666 - INFO - Ep3 Step8: Reward=8.16
2026-05-07 11:02:18,668 - INFO - Ep 3 Step 8: Action=8 (IncL3), Layers=[6.5, 3.0, 7.5, 7.5, 7.0, 4.0], Gap=5.5, Reward=8.16
2026-05-07 11:03:04,714 - INFO - FLUKA OK: abl_dql_ep3_step9.inp (46.0s)
2026-05-07 11:03:04,993 - INFO - ustsuw OK â†?/home/marina/caseI/20run_caseI/run5/abl_dql_ep3_step9_out_tab.lis (5 cycles, unit 24)
2026-05-07 11:03:05,026 - INFO - Ep3 Step9: HCNO: N=35.7%  H=4.7%  C=25.7%  O=34.0%
2026-05-07 11:03:05,026 - INFO - Ep3 Step9: Reward=17.18
2026-05-07 11:03:05,027 - INFO - Ep 3 Step 9: Action=5 (DecL6), Layers=[6.5, 3.0, 7.5, 7.5, 7.0, 3.5], Gap=5.5, Reward=17.18
2026-05-07 11:03:50,083 - INFO - FLUKA OK: abl_dql_ep3_step10.inp (44.9s)
2026-05-07 11:03:50,155 - WARNING - prefix 'abl_dql_ep3_step10' unit 24: expected 5 cycle files, found 10: ['abl_dql_ep3_step10001_fort.24', 'abl_dql_ep3_step10002_fort.24', 'abl_dql_ep3_step10003_fort.24', 'abl_dql_ep3_step10004_fort.24', 'abl_dql_ep3_step10005_fort.24', 'abl_dql_ep3_step1001_fort.24', 'abl_dql_ep3_step1002_fort.24', 'abl_dql_ep3_step1003_fort.24', 'abl_dql_ep3_step1004_fort.24', 'abl_dql_ep3_step1005_fort.24']
2026-05-07 11:03:50,518 - INFO - ustsuw OK â†?/home/marina/caseI/20run_caseI/run5/abl_dql_ep3_step10_out_tab.lis (10 cycles, unit 24)
2026-05-07 11:03:50,599 - INFO - Ep3 Step10: HCNO: N=34.3%  H=11.0%  C=29.5%  O=25.3%
2026-05-07 11:03:50,599 - INFO - Ep3 Step10: Reward=15.98
2026-05-07 11:03:50,599 - INFO - Ep 3 Step 10: Action=10 (IncL5), Layers=[6.5, 3.0, 7.5, 7.5, 7.5, 3.5], Gap=5.5, Reward=15.98
2026-05-07 11:03:50,599 - INFO - Episode 3: Return=145.35, Best=27.78, Loss=0.0000
2026-05-07 11:04:31,328 - INFO - FLUKA OK: abl_dql_ep4_step1.inp (40.7s)
2026-05-07 11:04:31,599 - INFO - ustsuw OK â†?/home/marina/caseI/20run_caseI/run5/abl_dql_ep4_step1_out_tab.lis (5 cycles, unit 24)
2026-05-07 11:04:31,600 - INFO - Ep4 Step1: HCNO: N=35.5%  H=14.6%  C=23.2%  O=26.7%
2026-05-07 11:04:31,600 - INFO - Ep4 Step1: Reward=27.04
2026-05-07 11:04:31,600 - INFO - Ep 4 Step 1: Action=10 (IncL5), Layers=[2.0, 6.0, 5.0, 3.0, 5.0, 3.0], Gap=6.0, Reward=27.04
2026-05-07 11:05:18,224 - INFO - FLUKA OK: abl_dql_ep4_step2.inp (46.6s)
2026-05-07 11:05:18,533 - INFO - ustsuw OK â†?/home/marina/caseI/20run_caseI/run5/abl_dql_ep4_step2_out_tab.lis (5 cycles, unit 24)
2026-05-07 11:05:18,534 - INFO - Ep4 Step2: HCNO: N=36.6%  H=11.4%  C=25.9%  O=26.1%
2026-05-07 11:05:18,534 - INFO - Ep4 Step2: Reward=35.45
2026-05-07 11:05:18,534 - INFO - Ep 4 Step 2: Action=9 (IncL4), Layers=[2.0, 6.0, 5.0, 3.5, 5.0, 3.0], Gap=6.0, Reward=35.45
2026-05-07 11:05:18,534 - INFO - New Best: 35.45 at Ep4, Step2
2026-05-07 11:06:00,612 - INFO - FLUKA OK: abl_dql_ep4_step3.inp (42.0s)
2026-05-07 11:06:01,010 - INFO - ustsuw OK â†?/home/marina/caseI/20run_caseI/run5/abl_dql_ep4_step3_out_tab.lis (5 cycles, unit 24)
2026-05-07 11:06:01,037 - INFO - Ep4 Step3: HCNO: N=39.6%  H=13.6%  C=22.7%  O=24.1%
2026-05-07 11:06:01,037 - INFO - Ep4 Step3: Reward=22.42
2026-05-07 11:06:01,037 - INFO - Ep 4 Step 3: Action=4 (DecL5), Layers=[2.0, 6.0, 5.0, 3.5, 4.5, 3.0], Gap=6.0, Reward=22.42
2026-05-07 11:06:44,535 - INFO - FLUKA OK: abl_dql_ep4_step4.inp (43.4s)
2026-05-07 11:06:44,707 - INFO - ustsuw OK â†?/home/marina/caseI/20run_caseI/run5/abl_dql_ep4_step4_out_tab.lis (5 cycles, unit 24)
2026-05-07 11:06:44,733 - INFO - Ep4 Step4: HCNO: N=43.5%  H=4.2%  C=23.4%  O=28.9%
2026-05-07 11:06:44,733 - INFO - Ep4 Step4: Reward=22.57
2026-05-07 11:06:44,733 - INFO - Ep 4 Step 4: Action=9 (IncL4), Layers=[2.0, 6.0, 5.0, 4.0, 4.5, 3.0], Gap=6.0, Reward=22.57
2026-05-07 11:07:25,147 - INFO - FLUKA OK: abl_dql_ep4_step5.inp (40.4s)
2026-05-07 11:07:25,357 - INFO - ustsuw OK â†?/home/marina/caseI/20run_caseI/run5/abl_dql_ep4_step5_out_tab.lis (5 cycles, unit 24)
2026-05-07 11:07:25,360 - INFO - Ep4 Step5: HCNO: N=39.2%  H=4.9%  C=24.8%  O=31.2%
2026-05-07 11:07:25,360 - INFO - Ep4 Step5: Reward=22.16
2026-05-07 11:07:25,360 - INFO - Ep 4 Step 5: Action=12 (DecGap), Layers=[2.0, 6.0, 5.0, 4.0, 4.5, 3.0], Gap=5.5, Reward=22.16
2026-05-07 11:08:06,153 - INFO - FLUKA OK: abl_dql_ep4_step6.inp (40.8s)
2026-05-07 11:08:06,287 - INFO - ustsuw OK â†?/home/marina/caseI/20run_caseI/run5/abl_dql_ep4_step6_out_tab.lis (5 cycles, unit 24)
2026-05-07 11:08:06,290 - INFO - Ep4 Step6: HCNO: N=39.8%  H=9.0%  C=17.7%  O=33.6%
2026-05-07 11:08:06,290 - INFO - Ep4 Step6: Reward=20.32
2026-05-07 11:08:06,290 - INFO - Ep 4 Step 6: Action=11 (IncL6), Layers=[2.0, 6.0, 5.0, 4.0, 4.5, 3.5], Gap=5.5, Reward=20.32
2026-05-07 11:08:46,276 - INFO - FLUKA OK: abl_dql_ep4_step7.inp (40.0s)
2026-05-07 11:08:46,557 - INFO - ustsuw OK â†?/home/marina/caseI/20run_caseI/run5/abl_dql_ep4_step7_out_tab.lis (5 cycles, unit 24)
2026-05-07 11:08:46,558 - INFO - Ep4 Step7: HCNO: N=49.4%  H=10.4%  C=18.6%  O=21.6%
2026-05-07 11:08:46,558 - INFO - Ep4 Step7: Reward=26.96
2026-05-07 11:08:46,558 - INFO - Ep 4 Step 7: Action=6 (IncL1), Layers=[2.5, 6.0, 5.0, 4.0, 4.5, 3.5], Gap=5.5, Reward=26.96
2026-05-07 11:09:26,706 - INFO - FLUKA OK: abl_dql_ep4_step8.inp (40.1s)
2026-05-07 11:09:27,537 - INFO - ustsuw OK â†?/home/marina/caseI/20run_caseI/run5/abl_dql_ep4_step8_out_tab.lis (5 cycles, unit 24)
2026-05-07 11:09:27,559 - INFO - Ep4 Step8: HCNO: N=53.1%  H=7.3%  C=19.7%  O=19.9%
2026-05-07 11:09:27,559 - INFO - Ep4 Step8: Reward=31.18
2026-05-07 11:09:27,559 - INFO - Ep 4 Step 8: Action=12 (DecGap), Layers=[2.5, 6.0, 5.0, 4.0, 4.5, 3.5], Gap=5.0, Reward=31.18
2026-05-07 11:10:07,598 - INFO - FLUKA OK: abl_dql_ep4_step9.inp (40.0s)
2026-05-07 11:10:08,177 - INFO - ustsuw OK â†?/home/marina/caseI/20run_caseI/run5/abl_dql_ep4_step9_out_tab.lis (5 cycles, unit 24)
2026-05-07 11:10:08,205 - INFO - Ep4 Step9: HCNO: N=35.8%  H=6.4%  C=28.1%  O=29.7%
2026-05-07 11:10:08,205 - INFO - Ep4 Step9: Reward=19.33
2026-05-07 11:10:08,205 - INFO - Ep 4 Step 9: Action=3 (DecL4), Layers=[2.5, 6.0, 5.0, 3.5, 4.5, 3.5], Gap=5.0, Reward=19.33
2026-05-07 11:10:45,839 - INFO - FLUKA OK: abl_dql_ep4_step10.inp (37.6s)
2026-05-07 11:10:46,017 - WARNING - prefix 'abl_dql_ep4_step10' unit 24: expected 5 cycle files, found 10: ['abl_dql_ep4_step10001_fort.24', 'abl_dql_ep4_step10002_fort.24', 'abl_dql_ep4_step10003_fort.24', 'abl_dql_ep4_step10004_fort.24', 'abl_dql_ep4_step10005_fort.24', 'abl_dql_ep4_step1001_fort.24', 'abl_dql_ep4_step1002_fort.24', 'abl_dql_ep4_step1003_fort.24', 'abl_dql_ep4_step1004_fort.24', 'abl_dql_ep4_step1005_fort.24']
2026-05-07 11:10:46,020 - INFO - ustsuw OK â†?/home/marina/caseI/20run_caseI/run5/abl_dql_ep4_step10_out_tab.lis (10 cycles, unit 24)
2026-05-07 11:10:46,020 - INFO - Ep4 Step10: HCNO: N=37.4%  H=11.7%  C=23.9%  O=26.9%
2026-05-07 11:10:46,020 - INFO - Ep4 Step10: Reward=30.84
2026-05-07 11:10:46,021 - INFO - Ep 4 Step 10: Action=6 (IncL1), Layers=[3.0, 6.0, 5.0, 3.5, 4.5, 3.5], Gap=5.0, Reward=30.84
2026-05-07 11:10:46,021 - INFO - Episode 4: Return=258.26, Best=35.45, Loss=0.0000
2026-05-07 11:11:25,420 - INFO - FLUKA OK: abl_dql_ep5_step1.inp (39.4s)
2026-05-07 11:11:25,548 - INFO - ustsuw OK â†?/home/marina/caseI/20run_caseI/run5/abl_dql_ep5_step1_out_tab.lis (5 cycles, unit 24)
2026-05-07 11:11:25,570 - INFO - Ep5 Step1: HCNO: N=32.1%  H=15.2%  C=14.8%  O=37.9%
2026-05-07 11:11:25,570 - INFO - Ep5 Step1: Reward=20.61
2026-05-07 11:11:25,571 - INFO - Ep 5 Step 1: Action=9 (IncL4), Layers=[2.0, 4.5, 3.0, 7.0, 5.5, 2.5], Gap=4.5, Reward=20.61
2026-05-07 11:12:10,194 - INFO - FLUKA OK: abl_dql_ep5_step2.inp (44.6s)
2026-05-07 11:12:10,227 - INFO - ustsuw OK â†?/home/marina/caseI/20run_caseI/run5/abl_dql_ep5_step2_out_tab.lis (5 cycles, unit 24)
2026-05-07 11:12:10,228 - INFO - Ep5 Step2: HCNO: N=32.1%  H=15.2%  C=14.8%  O=37.9%
2026-05-07 11:12:10,228 - INFO - Ep5 Step2: Reward=20.61
2026-05-07 11:12:10,228 - INFO - Ep 5 Step 2: Action=0 (DecL1), Layers=[2.0, 4.5, 3.0, 7.0, 5.5, 2.5], Gap=4.5, Reward=20.61
2026-05-07 11:12:58,722 - INFO - FLUKA OK: abl_dql_ep5_step3.inp (48.5s)
2026-05-07 11:12:59,336 - INFO - ustsuw OK â†?/home/marina/caseI/20run_caseI/run5/abl_dql_ep5_step3_out_tab.lis (5 cycles, unit 24)
2026-05-07 11:12:59,450 - INFO - Ep5 Step3: HCNO: N=31.4%  H=16.1%  C=15.2%  O=37.3%
2026-05-07 11:12:59,450 - INFO - Ep5 Step3: Reward=24.04
2026-05-07 11:12:59,450 - INFO - Ep 5 Step 3: Action=13 (IncGap), Layers=[2.0, 4.5, 3.0, 7.0, 5.5, 2.5], Gap=5.0, Reward=24.04
2026-05-07 11:14:10,307 - INFO - FLUKA OK: abl_dql_ep5_step4.inp (70.9s)
2026-05-07 11:14:10,427 - INFO - ustsuw OK â†?/home/marina/caseI/20run_caseI/run5/abl_dql_ep5_step4_out_tab.lis (5 cycles, unit 24)
2026-05-07 11:14:10,467 - INFO - Ep5 Step4: HCNO: N=39.9%  H=14.8%  C=16.7%  O=28.6%
2026-05-07 11:14:10,467 - INFO - Ep5 Step4: Reward=29.17
2026-05-07 11:14:10,467 - INFO - Ep 5 Step 4: Action=10 (IncL5), Layers=[2.0, 4.5, 3.0, 7.0, 6.0, 2.5], Gap=5.0, Reward=29.17
2026-05-07 11:14:52,949 - INFO - FLUKA OK: abl_dql_ep5_step5.inp (42.5s)
2026-05-07 11:14:53,062 - INFO - ustsuw OK â†?/home/marina/caseI/20run_caseI/run5/abl_dql_ep5_step5_out_tab.lis (5 cycles, unit 24)
2026-05-07 11:14:53,063 - INFO - Ep5 Step5: HCNO: N=47.3%  H=14.3%  C=9.8%  O=28.6%
2026-05-07 11:14:53,063 - INFO - Ep5 Step5: Reward=18.92
2026-05-07 11:14:53,063 - INFO - Ep 5 Step 5: Action=9 (IncL4), Layers=[2.0, 4.5, 3.0, 7.5, 6.0, 2.5], Gap=5.0, Reward=18.92
2026-05-07 11:15:35,563 - INFO - FLUKA OK: abl_dql_ep5_step6.inp (42.5s)
2026-05-07 11:15:39,582 - INFO - ustsuw OK â†?/home/marina/caseI/20run_caseI/run5/abl_dql_ep5_step6_out_tab.lis (5 cycles, unit 24)
2026-05-07 11:15:39,633 - INFO - Ep5 Step6: HCNO: N=34.0%  H=13.0%  C=18.4%  O=34.6%
2026-05-07 11:15:39,633 - INFO - Ep5 Step6: Reward=34.97
2026-05-07 11:15:39,633 - INFO - Ep 5 Step 6: Action=2 (DecL3), Layers=[2.0, 4.5, 2.5, 7.5, 6.0, 2.5], Gap=5.0, Reward=34.97
2026-05-07 11:16:22,058 - INFO - FLUKA OK: abl_dql_ep5_step7.inp (42.4s)
2026-05-07 11:16:25,798 - INFO - ustsuw OK â†?/home/marina/caseI/20run_caseI/run5/abl_dql_ep5_step7_out_tab.lis (5 cycles, unit 24)
2026-05-07 11:16:25,818 - INFO - Ep5 Step7: HCNO: N=44.6%  H=15.9%  C=16.1%  O=23.4%
2026-05-07 11:16:25,818 - INFO - Ep5 Step7: Reward=22.79
2026-05-07 11:16:25,818 - INFO - Ep 5 Step 7: Action=5 (DecL6), Layers=[2.0, 4.5, 2.5, 7.5, 6.0, 2.0], Gap=5.0, Reward=22.79
2026-05-07 11:17:15,645 - INFO - FLUKA OK: abl_dql_ep5_step8.inp (49.8s)
2026-05-07 11:17:15,833 - INFO - ustsuw OK â†?/home/marina/caseI/20run_caseI/run5/abl_dql_ep5_step8_out_tab.lis (5 cycles, unit 24)
2026-05-07 11:17:15,861 - INFO - Ep5 Step8: HCNO: N=44.6%  H=15.9%  C=16.1%  O=23.4%
2026-05-07 11:17:15,861 - INFO - Ep5 Step8: Reward=22.79
2026-05-07 11:17:15,861 - INFO - Ep 5 Step 8: Action=0 (DecL1), Layers=[2.0, 4.5, 2.5, 7.5, 6.0, 2.0], Gap=5.0, Reward=22.79
2026-05-07 11:17:57,121 - INFO - FLUKA OK: abl_dql_ep5_step9.inp (41.2s)
2026-05-07 11:18:01,732 - INFO - ustsuw OK â†?/home/marina/caseI/20run_caseI/run5/abl_dql_ep5_step9_out_tab.lis (5 cycles, unit 24)
2026-05-07 11:18:01,734 - INFO - Ep5 Step9: HCNO: N=38.8%  H=7.3%  C=24.1%  O=29.9%
2026-05-07 11:18:01,734 - INFO - Ep5 Step9: Reward=23.38
2026-05-07 11:18:01,734 - INFO - Ep 5 Step 9: Action=6 (IncL1), Layers=[2.5, 4.5, 2.5, 7.5, 6.0, 2.0], Gap=5.0, Reward=23.38
2026-05-07 11:18:45,233 - INFO - FLUKA OK: abl_dql_ep5_step10.inp (43.5s)
2026-05-07 11:18:45,579 - WARNING - prefix 'abl_dql_ep5_step10' unit 24: expected 5 cycle files, found 10: ['abl_dql_ep5_step10001_fort.24', 'abl_dql_ep5_step10002_fort.24', 'abl_dql_ep5_step10003_fort.24', 'abl_dql_ep5_step10004_fort.24', 'abl_dql_ep5_step10005_fort.24', 'abl_dql_ep5_step1001_fort.24', 'abl_dql_ep5_step1002_fort.24', 'abl_dql_ep5_step1003_fort.24', 'abl_dql_ep5_step1004_fort.24', 'abl_dql_ep5_step1005_fort.24']
2026-05-07 11:18:45,912 - INFO - ustsuw OK â†?/home/marina/caseI/20run_caseI/run5/abl_dql_ep5_step10_out_tab.lis (10 cycles, unit 24)
2026-05-07 11:18:45,913 - INFO - Ep5 Step10: HCNO: N=35.6%  H=11.1%  C=19.6%  O=33.7%
2026-05-07 11:18:45,913 - INFO - Ep5 Step10: Reward=27.37
2026-05-07 11:18:45,913 - INFO - Ep 5 Step 10: Action=5 (DecL6), Layers=[2.5, 4.5, 2.5, 7.5, 6.0, 2.0], Gap=5.0, Reward=27.37
2026-05-07 11:19:45,704 - INFO - Target network updated at episode 5
2026-05-07 11:19:45,742 - INFO - Episode 5: Return=244.66, Best=35.45, Loss=0.0000
2026-05-07 11:20:52,416 - INFO - FLUKA OK: abl_dql_ep6_step1.inp (66.6s)
2026-05-07 11:20:52,552 - INFO - ustsuw OK â†?/home/marina/caseI/20run_caseI/run5/abl_dql_ep6_step1_out_tab.lis (5 cycles, unit 24)
2026-05-07 11:20:52,554 - INFO - Ep6 Step1: HCNO: N=48.2%  H=9.6%  C=12.8%  O=29.5%
2026-05-07 11:20:52,555 - INFO - Ep6 Step1: Reward=26.89
2026-05-07 11:20:52,555 - INFO - Ep 6 Step 1: Action=5 (DecL6), Layers=[6.5, 7.0, 2.5, 2.0, 4.0, 6.0], Gap=2.0, Reward=26.89
2026-05-07 11:21:31,131 - INFO - FLUKA OK: abl_dql_ep6_step2.inp (38.5s)
2026-05-07 11:21:31,299 - INFO - ustsuw OK â†?/home/marina/caseI/20run_caseI/run5/abl_dql_ep6_step2_out_tab.lis (5 cycles, unit 24)
2026-05-07 11:21:31,300 - INFO - Ep6 Step2: HCNO: N=35.3%  H=14.5%  C=21.0%  O=29.3%
2026-05-07 11:21:31,300 - INFO - Ep6 Step2: Reward=32.16
2026-05-07 11:21:31,300 - INFO - Ep 6 Step 2: Action=1 (DecL2), Layers=[6.5, 6.5, 2.5, 2.0, 4.0, 6.0], Gap=2.0, Reward=32.16
2026-05-07 11:22:11,654 - INFO - FLUKA OK: abl_dql_ep6_step3.inp (40.4s)
2026-05-07 11:22:11,790 - INFO - ustsuw OK â†?/home/marina/caseI/20run_caseI/run5/abl_dql_ep6_step3_out_tab.lis (5 cycles, unit 24)
2026-05-07 11:22:11,791 - INFO - Ep6 Step3: HCNO: N=48.2%  H=9.6%  C=12.8%  O=29.5%
2026-05-07 11:22:11,791 - INFO - Ep6 Step3: Reward=26.89
2026-05-07 11:22:11,791 - INFO - Ep 6 Step 3: Action=7 (IncL2), Layers=[6.5, 7.0, 2.5, 2.0, 4.0, 6.0], Gap=2.0, Reward=26.89
2026-05-07 11:22:54,994 - INFO - FLUKA OK: abl_dql_ep6_step4.inp (43.2s)
2026-05-07 11:22:55,064 - INFO - ustsuw OK â†?/home/marina/caseI/20run_caseI/run5/abl_dql_ep6_step4_out_tab.lis (5 cycles, unit 24)
2026-05-07 11:22:55,065 - INFO - Ep6 Step4: HCNO: N=40.4%  H=9.0%  C=18.8%  O=31.9%
2026-05-07 11:22:55,065 - INFO - Ep6 Step4: Reward=23.37
2026-05-07 11:22:55,068 - INFO - Ep 6 Step 4: Action=5 (DecL6), Layers=[6.5, 7.0, 2.5, 2.0, 4.0, 5.5], Gap=2.0, Reward=23.37
2026-05-07 11:23:34,359 - INFO - FLUKA OK: abl_dql_ep6_step5.inp (39.3s)
2026-05-07 11:23:34,450 - INFO - ustsuw OK â†?/home/marina/caseI/20run_caseI/run5/abl_dql_ep6_step5_out_tab.lis (5 cycles, unit 24)
2026-05-07 11:23:34,453 - INFO - Ep6 Step5: HCNO: N=40.7%  H=6.4%  C=22.2%  O=30.6%
2026-05-07 11:23:34,453 - INFO - Ep6 Step5: Reward=20.65
2026-05-07 11:23:34,453 - INFO - Ep 6 Step 5: Action=1 (DecL2), Layers=[6.5, 6.5, 2.5, 2.0, 4.0, 5.5], Gap=2.0, Reward=20.65
2026-05-07 11:24:14,513 - INFO - FLUKA OK: abl_dql_ep6_step6.inp (40.0s)
2026-05-07 11:24:14,702 - INFO - ustsuw OK â†?/home/marina/caseI/20run_caseI/run5/abl_dql_ep6_step6_out_tab.lis (5 cycles, unit 24)
2026-05-07 11:24:14,702 - INFO - Ep6 Step6: HCNO: N=40.0%  H=8.8%  C=21.9%  O=29.2%
2026-05-07 11:24:14,702 - INFO - Ep6 Step6: Reward=26.85
2026-05-07 11:24:14,703 - INFO - Ep 6 Step 6: Action=6 (IncL1), Layers=[7.0, 6.5, 2.5, 2.0, 4.0, 5.5], Gap=2.0, Reward=26.85
2026-05-07 11:24:56,771 - INFO - FLUKA OK: abl_dql_ep6_step7.inp (42.1s)
2026-05-07 11:24:56,808 - INFO - ustsuw OK â†?/home/marina/caseI/20run_caseI/run5/abl_dql_ep6_step7_out_tab.lis (5 cycles, unit 24)
2026-05-07 11:24:56,809 - INFO - Ep6 Step7: HCNO: N=41.6%  H=6.7%  C=19.3%  O=32.4%
2026-05-07 11:24:56,809 - INFO - Ep6 Step7: Reward=22.84
2026-05-07 11:24:56,809 - INFO - Ep 6 Step 7: Action=4 (DecL5), Layers=[7.0, 6.5, 2.5, 2.0, 3.5, 5.5], Gap=2.0, Reward=22.84
2026-05-07 11:25:39,427 - INFO - FLUKA OK: abl_dql_ep6_step8.inp (42.6s)
2026-05-07 11:25:39,510 - INFO - ustsuw OK â†?/home/marina/caseI/20run_caseI/run5/abl_dql_ep6_step8_out_tab.lis (5 cycles, unit 24)
2026-05-07 11:25:39,511 - INFO - Ep6 Step8: HCNO: N=38.5%  H=7.9%  C=24.3%  O=29.3%
2026-05-07 11:25:39,511 - INFO - Ep6 Step8: Reward=26.85
2026-05-07 11:25:39,511 - INFO - Ep 6 Step 8: Action=8 (IncL3), Layers=[7.0, 6.5, 3.0, 2.0, 3.5, 5.5], Gap=2.0, Reward=26.85
2026-05-07 11:26:18,823 - INFO - FLUKA OK: abl_dql_ep6_step9.inp (39.3s)
2026-05-07 11:26:18,886 - INFO - ustsuw OK â†?/home/marina/caseI/20run_caseI/run5/abl_dql_ep6_step9_out_tab.lis (5 cycles, unit 24)
2026-05-07 11:26:18,887 - INFO - Ep6 Step9: HCNO: N=39.0%  H=11.2%  C=19.2%  O=30.5%
2026-05-07 11:26:18,887 - INFO - Ep6 Step9: Reward=23.65
2026-05-07 11:26:18,887 - INFO - Ep 6 Step 9: Action=1 (DecL2), Layers=[7.0, 6.0, 3.0, 2.0, 3.5, 5.5], Gap=2.0, Reward=23.65
2026-05-07 11:26:59,807 - INFO - FLUKA OK: abl_dql_ep6_step10.inp (40.9s)
2026-05-07 11:26:59,979 - WARNING - prefix 'abl_dql_ep6_step10' unit 24: expected 5 cycle files, found 10: ['abl_dql_ep6_step10001_fort.24', 'abl_dql_ep6_step10002_fort.24', 'abl_dql_ep6_step10003_fort.24', 'abl_dql_ep6_step10004_fort.24', 'abl_dql_ep6_step10005_fort.24', 'abl_dql_ep6_step1001_fort.24', 'abl_dql_ep6_step1002_fort.24', 'abl_dql_ep6_step1003_fort.24', 'abl_dql_ep6_step1004_fort.24', 'abl_dql_ep6_step1005_fort.24']
2026-05-07 11:27:00,077 - INFO - ustsuw OK â†?/home/marina/caseI/20run_caseI/run5/abl_dql_ep6_step10_out_tab.lis (10 cycles, unit 24)
2026-05-07 11:27:00,077 - INFO - Ep6 Step10: HCNO: N=42.8%  H=10.8%  C=15.8%  O=30.6%
2026-05-07 11:27:00,077 - INFO - Ep6 Step10: Reward=33.67
2026-05-07 11:27:00,078 - INFO - Ep 6 Step 10: Action=8 (IncL3), Layers=[7.0, 6.0, 3.5, 2.0, 3.5, 5.5], Gap=2.0, Reward=33.67
2026-05-07 11:27:00,078 - INFO - Episode 6: Return=263.81, Best=35.45, Loss=0.0000
2026-05-07 11:27:45,042 - INFO - FLUKA OK: abl_dql_ep7_step1.inp (44.9s)
2026-05-07 11:27:45,079 - INFO - ustsuw OK â†?/home/marina/caseI/20run_caseI/run5/abl_dql_ep7_step1_out_tab.lis (5 cycles, unit 24)
2026-05-07 11:27:45,080 - INFO - Ep7 Step1: HCNO: N=33.8%  H=10.3%  C=28.3%  O=27.6%
2026-05-07 11:27:45,080 - INFO - Ep7 Step1: Reward=11.05
2026-05-07 11:27:45,080 - INFO - Ep 7 Step 1: Action=10 (IncL5), Layers=[7.5, 3.5, 8.0, 5.5, 7.5, 7.0], Gap=3.5, Reward=11.05
2026-05-07 11:28:35,335 - INFO - FLUKA OK: abl_dql_ep7_step2.inp (50.3s)
2026-05-07 11:28:35,759 - INFO - ustsuw OK â†?/home/marina/caseI/20run_caseI/run5/abl_dql_ep7_step2_out_tab.lis (5 cycles, unit 24)
2026-05-07 11:28:35,765 - INFO - Ep7 Step2: HCNO: N=13.6%  H=10.1%  C=39.8%  O=36.6%
2026-05-07 11:28:35,765 - INFO - Ep7 Step2: Reward=15.01
2026-05-07 11:28:35,765 - INFO - Ep 7 Step 2: Action=9 (IncL4), Layers=[7.5, 3.5, 8.0, 6.0, 7.5, 7.0], Gap=3.5, Reward=15.01
2026-05-07 11:29:20,669 - INFO - FLUKA OK: abl_dql_ep7_step3.inp (44.9s)
2026-05-07 11:29:21,508 - INFO - ustsuw OK â†?/home/marina/caseI/20run_caseI/run5/abl_dql_ep7_step3_out_tab.lis (5 cycles, unit 24)
2026-05-07 11:29:21,509 - INFO - Ep7 Step3: HCNO: N=16.9%  H=12.4%  C=36.9%  O=33.8%
2026-05-07 11:29:21,509 - INFO - Ep7 Step3: Reward=18.05
2026-05-07 11:29:21,509 - INFO - Ep 7 Step 3: Action=12 (DecGap), Layers=[7.5, 3.5, 8.0, 6.0, 7.5, 7.0], Gap=3.0, Reward=18.05
2026-05-07 11:30:00,162 - INFO - FLUKA OK: abl_dql_ep7_step4.inp (38.7s)
2026-05-07 11:30:00,552 - INFO - ustsuw OK â†?/home/marina/caseI/20run_caseI/run5/abl_dql_ep7_step4_out_tab.lis (5 cycles, unit 24)
2026-05-07 11:30:00,624 - INFO - Ep7 Step4: HCNO: N=37.6%  H=9.8%  C=25.8%  O=26.8%
2026-05-07 11:30:00,624 - INFO - Ep7 Step4: Reward=15.23
2026-05-07 11:30:00,624 - INFO - Ep 7 Step 4: Action=3 (DecL4), Layers=[7.5, 3.5, 8.0, 5.5, 7.5, 7.0], Gap=3.0, Reward=15.23
2026-05-07 12:04:33,302 - INFO - FLUKA OK: abl_dql_ep7_step5.inp (33.2s)
2026-05-07 12:04:33,306 - INFO - ustsuw OK â†?/home/marina/caseI/20run_caseI/run5/abl_dql_ep7_step5_out_tab.lis (5 cycles, unit 24)
2026-05-07 12:04:33,307 - INFO - Ep7 Step5: HCNO: N=36.5%  H=9.7%  C=27.0%  O=26.8%
2026-05-07 12:04:33,307 - INFO - Ep7 Step5: Reward=8.59
2026-05-07 12:04:33,307 - INFO - Ep 7 Step 5: Action=3 (DecL4), Layers=[7.5, 3.5, 8.0, 5.0, 7.5, 7.0], Gap=3.0, Reward=8.59
2026-05-07 12:05:13,913 - INFO - FLUKA OK: abl_dql_ep7_step6.inp (34.0s)
2026-05-07 12:05:13,917 - INFO - ustsuw OK â†?/home/marina/caseI/20run_caseI/run5/abl_dql_ep7_step6_out_tab.lis (5 cycles, unit 24)
2026-05-07 12:05:13,918 - INFO - Ep7 Step6: HCNO: N=29.7%  H=12.4%  C=30.0%  O=28.0%
2026-05-07 12:05:13,918 - INFO - Ep7 Step6: Reward=15.01
2026-05-07 12:05:13,918 - INFO - Ep 7 Step 6: Action=4 (DecL5), Layers=[7.5, 3.5, 8.0, 5.0, 7.0, 7.0], Gap=3.0, Reward=15.01
2026-05-07 12:05:56,255 - INFO - FLUKA OK: abl_dql_ep7_step7.inp (34.9s)
2026-05-07 12:05:56,260 - INFO - ustsuw OK â†?/home/marina/caseI/20run_caseI/run5/abl_dql_ep7_step7_out_tab.lis (5 cycles, unit 24)
2026-05-07 12:05:56,261 - INFO - Ep7 Step7: HCNO: N=26.2%  H=8.9%  C=26.2%  O=38.8%
2026-05-07 12:05:56,261 - INFO - Ep7 Step7: Reward=16.99
2026-05-07 12:05:56,261 - INFO - Ep 7 Step 7: Action=7 (IncL2), Layers=[7.5, 4.0, 8.0, 5.0, 7.0, 7.0], Gap=3.0, Reward=16.99
2026-05-07 12:10:27,104 - INFO - FLUKA OK: abl_dql_ep7_step8.inp (261.0s)
2026-05-07 12:10:27,213 - INFO - ustsuw OK â†?/home/marina/caseI/20run_caseI/run5/abl_dql_ep7_step8_out_tab.lis (5 cycles, unit 24)
2026-05-07 12:10:27,214 - INFO - Ep7 Step8: HCNO: N=33.8%  H=7.5%  C=34.8%  O=23.9%
2026-05-07 12:10:27,214 - INFO - Ep7 Step8: Reward=8.81
2026-05-07 12:10:27,214 - INFO - Ep 7 Step 8: Action=10 (IncL5), Layers=[7.5, 4.0, 8.0, 5.0, 7.5, 7.0], Gap=3.0, Reward=8.81
2026-05-07 12:11:50,096 - INFO - FLUKA OK: abl_dql_ep7_step9.inp (73.7s)
2026-05-07 12:11:50,259 - INFO - ustsuw OK â†?/home/marina/caseI/20run_caseI/run5/abl_dql_ep7_step9_out_tab.lis (5 cycles, unit 24)
2026-05-07 12:11:50,260 - INFO - Ep7 Step9: HCNO: N=41.1%  H=9.3%  C=24.0%  O=25.7%
2026-05-07 12:11:50,260 - INFO - Ep7 Step9: Reward=17.53
2026-05-07 12:11:50,260 - INFO - Ep 7 Step 9: Action=2 (DecL3), Layers=[7.5, 4.0, 7.5, 5.0, 7.5, 7.0], Gap=3.0, Reward=17.53
2026-05-07 12:12:36,747 - INFO - FLUKA OK: abl_dql_ep7_step10.inp (38.0s)
2026-05-07 12:12:36,749 - WARNING - prefix 'abl_dql_ep7_step10' unit 24: expected 5 cycle files, found 10: ['abl_dql_ep7_step10001_fort.24', 'abl_dql_ep7_step10002_fort.24', 'abl_dql_ep7_step10003_fort.24', 'abl_dql_ep7_step10004_fort.24', 'abl_dql_ep7_step10005_fort.24', 'abl_dql_ep7_step1001_fort.24', 'abl_dql_ep7_step1002_fort.24', 'abl_dql_ep7_step1003_fort.24', 'abl_dql_ep7_step1004_fort.24', 'abl_dql_ep7_step1005_fort.24']
2026-05-07 12:12:36,872 - INFO - ustsuw OK â†?/home/marina/caseI/20run_caseI/run5/abl_dql_ep7_step10_out_tab.lis (10 cycles, unit 24)
2026-05-07 12:12:36,873 - INFO - Ep7 Step10: HCNO: N=31.7%  H=11.6%  C=26.2%  O=30.5%
2026-05-07 12:12:36,873 - INFO - Ep7 Step10: Reward=26.76
2026-05-07 12:12:36,873 - INFO - Ep 7 Step 10: Action=4 (DecL5), Layers=[7.5, 4.0, 7.5, 5.0, 7.0, 7.0], Gap=3.0, Reward=26.76
2026-05-07 12:12:45,697 - INFO - Episode 7: Return=153.03, Best=35.45, Loss=226.6218
2026-05-07 12:13:23,753 - INFO - FLUKA OK: abl_dql_ep8_step1.inp (38.1s)
2026-05-07 12:13:23,759 - INFO - ustsuw OK â†?/home/marina/caseI/20run_caseI/run5/abl_dql_ep8_step1_out_tab.lis (5 cycles, unit 24)
2026-05-07 12:13:23,760 - INFO - Ep8 Step1: HCNO: N=46.7%  H=4.4%  C=19.9%  O=29.0%
2026-05-07 12:13:23,760 - INFO - Ep8 Step1: Reward=10.36
2026-05-07 12:13:23,760 - INFO - Ep 8 Step 1: Action=9 (IncL4), Layers=[7.5, 6.0, 7.0, 7.5, 4.5, 4.0], Gap=9.5, Reward=10.36
2026-05-07 12:14:09,962 - INFO - FLUKA OK: abl_dql_ep8_step2.inp (37.4s)
2026-05-07 12:14:09,969 - INFO - ustsuw OK â†?/home/marina/caseI/20run_caseI/run5/abl_dql_ep8_step2_out_tab.lis (5 cycles, unit 24)
2026-05-07 12:14:09,969 - INFO - Ep8 Step2: HCNO: N=38.5%  H=6.5%  C=18.5%  O=36.5%
2026-05-07 12:14:09,969 - INFO - Ep8 Step2: Reward=6.15
2026-05-07 12:14:09,970 - INFO - Ep 8 Step 2: Action=7 (IncL2), Layers=[7.5, 6.5, 7.0, 7.5, 4.5, 4.0], Gap=9.5, Reward=6.15
2026-05-07 12:14:57,384 - INFO - FLUKA OK: abl_dql_ep8_step3.inp (36.9s)
2026-05-07 12:14:57,389 - INFO - ustsuw OK â†?/home/marina/caseI/20run_caseI/run5/abl_dql_ep8_step3_out_tab.lis (5 cycles, unit 24)
2026-05-07 12:14:57,390 - INFO - Ep8 Step3: HCNO: N=32.3%  H=4.8%  C=19.9%  O=43.1%
2026-05-07 12:14:57,390 - INFO - Ep8 Step3: Reward=16.43
2026-05-07 12:14:57,390 - INFO - Ep 8 Step 3: Action=9 (IncL4), Layers=[7.5, 6.5, 7.0, 8.0, 4.5, 4.0], Gap=9.5, Reward=16.43
2026-05-07 12:15:46,099 - INFO - FLUKA OK: abl_dql_ep8_step4.inp (37.9s)
2026-05-07 12:15:46,105 - INFO - ustsuw OK â†?/home/marina/caseI/20run_caseI/run5/abl_dql_ep8_step4_out_tab.lis (5 cycles, unit 24)
2026-05-07 12:15:46,106 - INFO - Ep8 Step4: HCNO: N=31.5%  H=8.6%  C=20.3%  O=39.5%
2026-05-07 12:15:46,106 - INFO - Ep8 Step4: Reward=15.53
2026-05-07 12:15:46,106 - INFO - Ep 8 Step 4: Action=5 (DecL6), Layers=[7.5, 6.5, 7.0, 8.0, 4.5, 3.5], Gap=9.5, Reward=15.53
2026-05-07 12:16:33,993 - INFO - FLUKA OK: abl_dql_ep8_step5.inp (38.4s)
2026-05-07 12:16:34,000 - INFO - ustsuw OK â†?/home/marina/caseI/20run_caseI/run5/abl_dql_ep8_step5_out_tab.lis (5 cycles, unit 24)
2026-05-07 12:16:34,000 - INFO - Ep8 Step5: HCNO: N=35.8%  H=4.9%  C=18.4%  O=40.9%
2026-05-07 12:16:34,001 - INFO - Ep8 Step5: Reward=13.70
2026-05-07 12:16:34,001 - INFO - Ep 8 Step 5: Action=10 (IncL5), Layers=[7.5, 6.5, 7.0, 8.0, 5.0, 3.5], Gap=9.5, Reward=13.70
2026-05-07 12:17:21,947 - INFO - FLUKA OK: abl_dql_ep8_step6.inp (37.3s)
2026-05-07 12:17:21,953 - INFO - ustsuw OK â†?/home/marina/caseI/20run_caseI/run5/abl_dql_ep8_step6_out_tab.lis (5 cycles, unit 24)
2026-05-07 12:17:21,954 - INFO - Ep8 Step6: HCNO: N=39.4%  H=8.2%  C=16.7%  O=35.8%
2026-05-07 12:17:21,954 - INFO - Ep8 Step6: Reward=11.11
2026-05-07 12:17:21,954 - INFO - Ep 8 Step 6: Action=7 (IncL2), Layers=[7.5, 7.0, 7.0, 8.0, 5.0, 3.5], Gap=9.5, Reward=11.11
2026-05-07 12:18:08,454 - INFO - FLUKA OK: abl_dql_ep8_step7.inp (37.7s)
2026-05-07 12:18:08,459 - INFO - ustsuw OK â†?/home/marina/caseI/20run_caseI/run5/abl_dql_ep8_step7_out_tab.lis (5 cycles, unit 24)
2026-05-07 12:18:08,460 - INFO - Ep8 Step7: HCNO: N=41.0%  H=5.3%  C=23.9%  O=29.8%
2026-05-07 12:18:08,460 - INFO - Ep8 Step7: Reward=17.88
2026-05-07 12:18:08,460 - INFO - Ep 8 Step 7: Action=2 (DecL3), Layers=[7.5, 7.0, 6.5, 8.0, 5.0, 3.5], Gap=9.5, Reward=17.88
2026-05-07 12:18:54,227 - INFO - FLUKA OK: abl_dql_ep8_step8.inp (37.2s)
2026-05-07 12:18:54,235 - INFO - ustsuw OK â†?/home/marina/caseI/20run_caseI/run5/abl_dql_ep8_step8_out_tab.lis (5 cycles, unit 24)
2026-05-07 12:18:54,238 - INFO - Ep8 Step8: HCNO: N=41.0%  H=5.3%  C=23.9%  O=29.8%
2026-05-07 12:18:54,238 - INFO - Ep8 Step8: Reward=17.88
2026-05-07 12:18:54,238 - INFO - Ep 8 Step 8: Action=9 (IncL4), Layers=[7.5, 7.0, 6.5, 8.0, 5.0, 3.5], Gap=9.5, Reward=17.88
2026-05-07 12:19:39,356 - INFO - FLUKA OK: abl_dql_ep8_step9.inp (36.8s)
2026-05-07 12:19:39,361 - INFO - ustsuw OK â†?/home/marina/caseI/20run_caseI/run5/abl_dql_ep8_step9_out_tab.lis (5 cycles, unit 24)
2026-05-07 12:19:39,361 - INFO - Ep8 Step9: HCNO: N=44.4%  H=6.4%  C=17.6%  O=31.6%
2026-05-07 12:19:39,362 - INFO - Ep8 Step9: Reward=12.75
2026-05-07 12:19:39,362 - INFO - Ep 8 Step 9: Action=5 (DecL6), Layers=[7.5, 7.0, 6.5, 8.0, 5.0, 3.0], Gap=9.5, Reward=12.75
2026-05-07 12:20:25,726 - INFO - FLUKA OK: abl_dql_ep8_step10.inp (37.9s)
2026-05-07 12:20:25,729 - WARNING - prefix 'abl_dql_ep8_step10' unit 24: expected 5 cycle files, found 10: ['abl_dql_ep8_step10001_fort.24', 'abl_dql_ep8_step10002_fort.24', 'abl_dql_ep8_step10003_fort.24', 'abl_dql_ep8_step10004_fort.24', 'abl_dql_ep8_step10005_fort.24', 'abl_dql_ep8_step1001_fort.24', 'abl_dql_ep8_step1002_fort.24', 'abl_dql_ep8_step1003_fort.24', 'abl_dql_ep8_step1004_fort.24', 'abl_dql_ep8_step1005_fort.24']
2026-05-07 12:20:25,732 - INFO - ustsuw OK â†?/home/marina/caseI/20run_caseI/run5/abl_dql_ep8_step10_out_tab.lis (10 cycles, unit 24)
2026-05-07 12:20:25,733 - INFO - Ep8 Step10: HCNO: N=43.4%  H=5.1%  C=21.6%  O=29.9%
2026-05-07 12:20:25,733 - INFO - Ep8 Step10: Reward=18.01
2026-05-07 12:20:25,733 - INFO - Ep 8 Step 10: Action=2 (DecL3), Layers=[7.5, 7.0, 6.0, 8.0, 5.0, 3.0], Gap=9.5, Reward=18.01
2026-05-07 12:20:34,935 - INFO - Episode 8: Return=139.81, Best=35.45, Loss=204.9352
2026-05-07 12:21:14,480 - INFO - FLUKA OK: abl_dql_ep9_step1.inp (39.5s)
2026-05-07 12:21:14,488 - INFO - ustsuw OK â†?/home/marina/caseI/20run_caseI/run5/abl_dql_ep9_step1_out_tab.lis (5 cycles, unit 24)
2026-05-07 12:21:14,489 - INFO - Ep9 Step1: HCNO: N=39.5%  H=8.5%  C=19.9%  O=32.1%
2026-05-07 12:21:14,489 - INFO - Ep9 Step1: Reward=16.30
2026-05-07 12:21:14,489 - INFO - Ep 9 Step 1: Action=11 (IncL6), Layers=[2.5, 6.0, 2.5, 3.5, 5.5, 7.0], Gap=9.0, Reward=16.30
2026-05-07 12:22:03,957 - INFO - FLUKA OK: abl_dql_ep9_step2.inp (40.0s)
2026-05-07 12:22:03,965 - INFO - ustsuw OK â†?/home/marina/caseI/20run_caseI/run5/abl_dql_ep9_step2_out_tab.lis (5 cycles, unit 24)
2026-05-07 12:22:03,966 - INFO - Ep9 Step2: HCNO: N=44.6%  H=6.7%  C=24.0%  O=24.7%
2026-05-07 12:22:03,966 - INFO - Ep9 Step2: Reward=25.65
2026-05-07 12:22:03,966 - INFO - Ep 9 Step 2: Action=5 (DecL6), Layers=[2.5, 6.0, 2.5, 3.5, 5.5, 6.5], Gap=9.0, Reward=25.65
2026-05-07 12:22:54,689 - INFO - FLUKA OK: abl_dql_ep9_step3.inp (40.7s)
2026-05-07 12:22:54,696 - INFO - ustsuw OK â†?/home/marina/caseI/20run_caseI/run5/abl_dql_ep9_step3_out_tab.lis (5 cycles, unit 24)
2026-05-07 12:22:54,696 - INFO - Ep9 Step3: HCNO: N=39.5%  H=8.5%  C=19.9%  O=32.1%
2026-05-07 12:22:54,696 - INFO - Ep9 Step3: Reward=16.30
2026-05-07 12:22:54,697 - INFO - Ep 9 Step 3: Action=11 (IncL6), Layers=[2.5, 6.0, 2.5, 3.5, 5.5, 7.0], Gap=9.0, Reward=16.30
2026-05-07 12:23:44,886 - INFO - FLUKA OK: abl_dql_ep9_step4.inp (40.8s)
2026-05-07 12:23:44,893 - INFO - ustsuw OK â†?/home/marina/caseI/20run_caseI/run5/abl_dql_ep9_step4_out_tab.lis (5 cycles, unit 24)
2026-05-07 12:23:44,894 - INFO - Ep9 Step4: HCNO: N=40.7%  H=8.1%  C=19.0%  O=32.1%
2026-05-07 12:23:44,894 - INFO - Ep9 Step4: Reward=16.33
2026-05-07 12:23:44,894 - INFO - Ep 9 Step 4: Action=12 (DecGap), Layers=[2.5, 6.0, 2.5, 3.5, 5.5, 7.0], Gap=8.5, Reward=16.33
2026-05-07 12:24:35,112 - INFO - FLUKA OK: abl_dql_ep9_step5.inp (40.6s)
2026-05-07 12:24:35,119 - INFO - ustsuw OK â†?/home/marina/caseI/20run_caseI/run5/abl_dql_ep9_step5_out_tab.lis (5 cycles, unit 24)
2026-05-07 12:24:35,120 - INFO - Ep9 Step5: HCNO: N=34.1%  H=10.4%  C=26.5%  O=29.1%
2026-05-07 12:24:35,120 - INFO - Ep9 Step5: Reward=19.89
2026-05-07 12:24:35,120 - INFO - Ep 9 Step 5: Action=3 (DecL4), Layers=[2.5, 6.0, 2.5, 3.0, 5.5, 7.0], Gap=8.5, Reward=19.89
2026-05-07 12:25:25,620 - INFO - FLUKA OK: abl_dql_ep9_step6.inp (41.5s)
2026-05-07 12:25:25,627 - INFO - ustsuw OK â†?/home/marina/caseI/20run_caseI/run5/abl_dql_ep9_step6_out_tab.lis (5 cycles, unit 24)
2026-05-07 12:25:25,628 - INFO - Ep9 Step6: HCNO: N=32.9%  H=14.4%  C=23.6%  O=29.0%
2026-05-07 12:25:25,628 - INFO - Ep9 Step6: Reward=23.63
2026-05-07 12:25:25,628 - INFO - Ep 9 Step 6: Action=0 (DecL1), Layers=[2.0, 6.0, 2.5, 3.0, 5.5, 7.0], Gap=8.5, Reward=23.63
2026-05-07 12:26:15,211 - INFO - FLUKA OK: abl_dql_ep9_step7.inp (40.9s)
2026-05-07 12:26:15,217 - INFO - ustsuw OK â†?/home/marina/caseI/20run_caseI/run5/abl_dql_ep9_step7_out_tab.lis (5 cycles, unit 24)
2026-05-07 12:26:15,218 - INFO - Ep9 Step7: HCNO: N=43.1%  H=16.6%  C=19.3%  O=21.1%
2026-05-07 12:26:15,219 - INFO - Ep9 Step7: Reward=22.22
2026-05-07 12:26:15,219 - INFO - Ep 9 Step 7: Action=5 (DecL6), Layers=[2.0, 6.0, 2.5, 3.0, 5.5, 6.5], Gap=8.5, Reward=22.22
2026-05-07 12:27:05,131 - INFO - FLUKA OK: abl_dql_ep9_step8.inp (41.2s)
2026-05-07 12:27:05,138 - INFO - ustsuw OK â†?/home/marina/caseI/20run_caseI/run5/abl_dql_ep9_step8_out_tab.lis (5 cycles, unit 24)
2026-05-07 12:27:05,138 - INFO - Ep9 Step8: HCNO: N=32.4%  H=11.6%  C=24.7%  O=31.2%
2026-05-07 12:27:05,139 - INFO - Ep9 Step8: Reward=25.04
2026-05-07 12:27:05,139 - INFO - Ep 9 Step 8: Action=10 (IncL5), Layers=[2.0, 6.0, 2.5, 3.0, 6.0, 6.5], Gap=8.5, Reward=25.04
2026-05-07 12:27:55,992 - INFO - FLUKA OK: abl_dql_ep9_step9.inp (40.9s)
2026-05-07 12:27:56,000 - INFO - ustsuw OK â†?/home/marina/caseI/20run_caseI/run5/abl_dql_ep9_step9_out_tab.lis (5 cycles, unit 24)
2026-05-07 12:27:56,001 - INFO - Ep9 Step9: HCNO: N=33.3%  H=12.2%  C=24.4%  O=30.0%
2026-05-07 12:27:56,001 - INFO - Ep9 Step9: Reward=27.94
2026-05-07 12:27:56,001 - INFO - Ep 9 Step 9: Action=13 (IncGap), Layers=[2.0, 6.0, 2.5, 3.0, 6.0, 6.5], Gap=9.0, Reward=27.94
2026-05-07 12:28:46,076 - INFO - FLUKA OK: abl_dql_ep9_step10.inp (41.8s)
2026-05-07 12:28:46,079 - WARNING - prefix 'abl_dql_ep9_step10' unit 24: expected 5 cycle files, found 10: ['abl_dql_ep9_step10001_fort.24', 'abl_dql_ep9_step10002_fort.24', 'abl_dql_ep9_step10003_fort.24', 'abl_dql_ep9_step10004_fort.24', 'abl_dql_ep9_step10005_fort.24', 'abl_dql_ep9_step1001_fort.24', 'abl_dql_ep9_step1002_fort.24', 'abl_dql_ep9_step1003_fort.24', 'abl_dql_ep9_step1004_fort.24', 'abl_dql_ep9_step1005_fort.24']
2026-05-07 12:28:46,084 - INFO - ustsuw OK â†?/home/marina/caseI/20run_caseI/run5/abl_dql_ep9_step10_out_tab.lis (10 cycles, unit 24)
2026-05-07 12:28:46,084 - INFO - Ep9 Step10: HCNO: N=38.1%  H=11.6%  C=23.6%  O=26.7%
2026-05-07 12:28:46,084 - INFO - Ep9 Step10: Reward=28.53
2026-05-07 12:28:46,085 - INFO - Ep 9 Step 10: Action=8 (IncL3), Layers=[2.0, 6.0, 3.0, 3.0, 6.0, 6.5], Gap=9.0, Reward=28.53
2026-05-07 12:28:54,566 - INFO - Episode 9: Return=221.84, Best=35.45, Loss=134.1322
2026-05-07 12:29:32,749 - INFO - FLUKA OK: abl_dql_ep10_step1.inp (38.2s)
2026-05-07 12:29:32,756 - INFO - ustsuw OK â†?/home/marina/caseI/20run_caseI/run5/abl_dql_ep10_step1_out_tab.lis (5 cycles, unit 24)
2026-05-07 12:29:32,757 - INFO - Ep10 Step1: HCNO: N=41.8%  H=3.2%  C=20.5%  O=34.5%
2026-05-07 12:29:32,757 - INFO - Ep10 Step1: Reward=12.54
2026-05-07 12:29:32,757 - INFO - Ep 10 Step 1: Action=8 (IncL3), Layers=[8.0, 6.5, 8.0, 5.5, 4.5, 3.5], Gap=9.5, Reward=12.54
2026-05-07 12:30:17,467 - INFO - FLUKA OK: abl_dql_ep10_step2.inp (36.1s)
2026-05-07 12:30:17,474 - INFO - ustsuw OK â†?/home/marina/caseI/20run_caseI/run5/abl_dql_ep10_step2_out_tab.lis (5 cycles, unit 24)
2026-05-07 12:30:17,476 - INFO - Ep10 Step2: HCNO: N=37.3%  H=6.0%  C=23.0%  O=33.7%
2026-05-07 12:30:17,476 - INFO - Ep10 Step2: Reward=12.42
2026-05-07 12:30:17,476 - INFO - Ep 10 Step 2: Action=4 (DecL5), Layers=[8.0, 6.5, 8.0, 5.5, 4.0, 3.5], Gap=9.5, Reward=12.42
2026-05-07 12:31:00,069 - INFO - FLUKA OK: abl_dql_ep10_step3.inp (34.6s)
2026-05-07 12:31:00,074 - INFO - ustsuw OK â†?/home/marina/caseI/20run_caseI/run5/abl_dql_ep10_step3_out_tab.lis (5 cycles, unit 24)
2026-05-07 12:31:00,075 - INFO - Ep10 Step3: HCNO: N=39.2%  H=6.3%  C=22.3%  O=32.2%
2026-05-07 12:31:00,075 - INFO - Ep10 Step3: Reward=12.48
2026-05-07 12:31:00,075 - INFO - Ep 10 Step 3: Action=12 (DecGap), Layers=[8.0, 6.5, 8.0, 5.5, 4.0, 3.5], Gap=9.0, Reward=12.48
2026-05-07 12:31:42,328 - INFO - FLUKA OK: abl_dql_ep10_step4.inp (34.5s)
2026-05-07 12:31:42,335 - INFO - ustsuw OK â†?/home/marina/caseI/20run_caseI/run5/abl_dql_ep10_step4_out_tab.lis (5 cycles, unit 24)
2026-05-07 12:31:42,336 - INFO - Ep10 Step4: HCNO: N=44.8%  H=1.4%  C=26.7%  O=27.0%
2026-05-07 12:31:42,336 - INFO - Ep10 Step4: Reward=10.25
2026-05-07 12:31:42,337 - INFO - Ep 10 Step 4: Action=9 (IncL4), Layers=[8.0, 6.5, 8.0, 6.0, 4.0, 3.5], Gap=9.0, Reward=10.25
2026-05-07 12:32:24,676 - INFO - FLUKA OK: abl_dql_ep10_step5.inp (34.4s)
2026-05-07 12:32:24,681 - INFO - ustsuw OK â†?/home/marina/caseI/20run_caseI/run5/abl_dql_ep10_step5_out_tab.lis (5 cycles, unit 24)
2026-05-07 12:32:24,681 - INFO - Ep10 Step5: HCNO: N=37.0%  H=5.9%  C=26.2%  O=30.9%
2026-05-07 12:32:24,682 - INFO - Ep10 Step5: Reward=12.93
2026-05-07 12:32:24,682 - INFO - Ep 10 Step 5: Action=1 (DecL2), Layers=[8.0, 6.0, 8.0, 6.0, 4.0, 3.5], Gap=9.0, Reward=12.93
2026-05-07 12:33:06,985 - INFO - FLUKA OK: abl_dql_ep10_step6.inp (34.6s)
2026-05-07 12:33:06,990 - INFO - ustsuw OK â†?/home/marina/caseI/20run_caseI/run5/abl_dql_ep10_step6_out_tab.lis (5 cycles, unit 24)
2026-05-07 12:33:06,991 - INFO - Ep10 Step6: HCNO: N=41.5%  H=7.8%  C=25.1%  O=25.5%
2026-05-07 12:33:06,991 - INFO - Ep10 Step6: Reward=10.85
2026-05-07 12:33:06,992 - INFO - Ep 10 Step 6: Action=4 (DecL5), Layers=[8.0, 6.0, 8.0, 6.0, 3.5, 3.5], Gap=9.0, Reward=10.85
2026-05-07 12:33:49,284 - INFO - FLUKA OK: abl_dql_ep10_step7.inp (34.4s)
2026-05-07 12:33:49,291 - INFO - ustsuw OK â†?/home/marina/caseI/20run_caseI/run5/abl_dql_ep10_step7_out_tab.lis (5 cycles, unit 24)
2026-05-07 12:33:49,292 - INFO - Ep10 Step7: HCNO: N=37.8%  H=11.2%  C=22.3%  O=28.6%
2026-05-07 12:33:49,292 - INFO - Ep10 Step7: Reward=10.46
2026-05-07 12:33:49,292 - INFO - Ep 10 Step 7: Action=2 (DecL3), Layers=[8.0, 6.0, 7.5, 6.0, 3.5, 3.5], Gap=9.0, Reward=10.46
2026-05-07 12:34:31,705 - INFO - FLUKA OK: abl_dql_ep10_step8.inp (34.5s)
2026-05-07 12:34:31,710 - INFO - ustsuw OK â†?/home/marina/caseI/20run_caseI/run5/abl_dql_ep10_step8_out_tab.lis (5 cycles, unit 24)
2026-05-07 12:34:31,711 - INFO - Ep10 Step8: HCNO: N=27.6%  H=11.2%  C=20.1%  O=41.2%
2026-05-07 12:34:31,711 - INFO - Ep10 Step8: Reward=17.49
2026-05-07 12:34:31,711 - INFO - Ep 10 Step 8: Action=1 (DecL2), Layers=[8.0, 5.5, 7.5, 6.0, 3.5, 3.5], Gap=9.0, Reward=17.49
2026-05-07 12:35:14,404 - INFO - FLUKA OK: abl_dql_ep10_step9.inp (34.5s)
2026-05-07 12:35:14,410 - INFO - ustsuw OK â†?/home/marina/caseI/20run_caseI/run5/abl_dql_ep10_step9_out_tab.lis (5 cycles, unit 24)
2026-05-07 12:35:14,411 - INFO - Ep10 Step9: HCNO: N=29.0%  H=6.3%  C=20.1%  O=44.7%
2026-05-07 12:35:14,411 - INFO - Ep10 Step9: Reward=10.29
2026-05-07 12:35:14,411 - INFO - Ep 10 Step 9: Action=8 (IncL3), Layers=[8.0, 5.5, 8.0, 6.0, 3.5, 3.5], Gap=9.0, Reward=10.29
2026-05-07 12:35:57,502 - INFO - FLUKA OK: abl_dql_ep10_step10.inp (34.5s)
2026-05-07 12:35:57,507 - WARNING - prefix 'abl_dql_ep10_step10' unit 24: expected 5 cycle files, found 10: ['abl_dql_ep10_step10001_fort.24', 'abl_dql_ep10_step10002_fort.24', 'abl_dql_ep10_step10003_fort.24', 'abl_dql_ep10_step10004_fort.24', 'abl_dql_ep10_step10005_fort.24', 'abl_dql_ep10_step1001_fort.24', 'abl_dql_ep10_step1002_fort.24', 'abl_dql_ep10_step1003_fort.24', 'abl_dql_ep10_step1004_fort.24', 'abl_dql_ep10_step1005_fort.24']
2026-05-07 12:35:57,576 - INFO - ustsuw OK â†?/home/marina/caseI/20run_caseI/run5/abl_dql_ep10_step10_out_tab.lis (10 cycles, unit 24)
2026-05-07 12:35:57,577 - INFO - Ep10 Step10: HCNO: N=35.4%  H=4.8%  C=20.3%  O=39.5%
2026-05-07 12:35:57,577 - INFO - Ep10 Step10: Reward=20.44
2026-05-07 12:35:57,577 - INFO - Ep 10 Step 10: Action=8 (IncL3), Layers=[8.0, 5.5, 8.0, 6.0, 3.5, 3.5], Gap=9.0, Reward=20.44
2026-05-07 12:36:05,806 - INFO - Target network updated at episode 10
2026-05-07 12:36:05,806 - INFO - Episode 10: Return=130.15, Best=35.45, Loss=104.4433


