 # Detector n:            1   piFluenUD (integrated over solid angle)
 # N. of energy intervals          50
  1.000E-09  1.637E-09  0.000E+00  0.000E+00
  1.637E-09  2.679E-09  0.000E+00  0.000E+00
  2.679E-09  4.385E-09  0.000E+00  0.000E+00
  4.385E-09  7.177E-09  0.000E+00  0.000E+00
  7.177E-09  1.175E-08  0.000E+00  0.000E+00
  1.175E-08  1.923E-08  0.000E+00  0.000E+00
  1.923E-08  3.147E-08  0.000E+00  0.000E+00
  3.147E-08  5.150E-08  0.000E+00  0.000E+00
  5.150E-08  8.430E-08  0.000E+00  0.000E+00
  8.430E-08  1.380E-07  0.000E+00  0.000E+00
  1.380E-07  2.258E-07  0.000E+00  0.000E+00
  2.258E-07  3.696E-07  0.000E+00  0.000E+00
  3.696E-07  6.050E-07  0.000E+00  0.000E+00
  6.050E-07  9.902E-07  0.000E+00  0.000E+00
  9.902E-07  1.621E-06  0.000E+00  0.000E+00
  1.621E-06  2.653E-06  0.000E+00  0.000E+00
  2.653E-06  4.342E-06  0.000E+00  0.000E+00
  4.342E-06  7.106E-06  0.000E+00  0.000E+00
  7.106E-06  1.163E-05  0.000E+00  0.000E+00
  1.163E-05  1.904E-05  5.283E-04  6.230E+01
  1.904E-05  3.116E-05  8.828E-04  7.584E+01
  3.116E-05  5.100E-05  2.317E-04  9.900E+01
  5.100E-05  8.347E-05  1.190E-04  6.204E+01
  8.347E-05  1.366E-04  1.129E-04  9.900E+01
  1.366E-04  2.236E-04  2.278E-04  4.423E+01
  2.236E-04  3.660E-04  2.515E-04  1.538E+01
  3.660E-04  5.990E-04  3.335E-04  5.783E+01
  5.990E-04  9.804E-04  2.451E-04  2.484E+01
  9.804E-04  1.605E-03  2.439E-04  3.568E+01
  1.605E-03  2.627E-03  1.832E-04  1.885E+01
  2.627E-03  4.299E-03  2.050E-04  6.934E+00
  4.299E-03  7.036E-03  1.945E-04  1.339E+01
  7.036E-03  1.152E-02  2.220E-04  1.054E+01
  1.152E-02  1.885E-02  4.374E-04  3.909E+00
  1.885E-02  3.085E-02  6.842E-04  3.733E+00
  3.085E-02  5.050E-02  9.053E-04  1.386E+00
  5.050E-02  8.265E-02  1.095E-03  4.173E+00
  8.265E-02  1.353E-01  1.038E-03  1.079E+00
  1.353E-01  2.214E-01  1.019E-03  1.306E+00
  2.214E-01  3.624E-01  9.970E-04  7.107E-01
  3.624E-01  5.931E-01  7.633E-04  5.727E-01
  5.931E-01  9.708E-01  4.853E-04  4.411E-01
  9.708E-01  1.589E+00  2.907E-04  3.769E-01
  1.589E+00  2.601E+00  1.663E-04  1.831E-01
  2.601E+00  4.257E+00  8.870E-05  4.280E-01
  4.257E+00  6.967E+00  4.262E-05  3.529E-01
  6.967E+00  1.140E+01  1.732E-05  6.203E-01
  1.140E+01  1.866E+01  5.245E-06  8.639E-01
  1.866E+01  3.055E+01  1.043E-06  1.230E+00
  3.055E+01  5.000E+01  5.562E-08  4.381E+00


 # double differential distributions
 # number of solid angle intervals          10
 # Block n:            1     0.00000000      :  0.628318548    
  1.000E-09  1.637E-09  0.000E+00  0.000E+00  0.000E+00  6.283E-01
  1.637E-09  2.679E-09  0.000E+00  0.000E+00  0.000E+00  6.283E-01
  2.679E-09  4.385E-09  0.000E+00  0.000E+00  0.000E+00  6.283E-01
  4.385E-09  7.177E-09  0.000E+00  0.000E+00  0.000E+00  6.283E-01
  7.177E-09  1.175E-08  0.000E+00  0.000E+00  0.000E+00  6.283E-01
  1.175E-08  1.923E-08  0.000E+00  0.000E+00  0.000E+00  6.283E-01
  1.923E-08  3.147E-08  0.000E+00  0.000E+00  0.000E+00  6.283E-01
  3.147E-08  5.150E-08  0.000E+00  0.000E+00  0.000E+00  6.283E-01
  5.150E-08  8.430E-08  0.000E+00  0.000E+00  0.000E+00  6.283E-01
  8.430E-08  1.380E-07  0.000E+00  0.000E+00  0.000E+00  6.283E-01
  1.380E-07  2.258E-07  0.000E+00  0.000E+00  0.000E+00  6.283E-01
  2.258E-07  3.696E-07  0.000E+00  0.000E+00  0.000E+00  6.283E-01
  3.696E-07  6.050E-07  0.000E+00  0.000E+00  0.000E+00  6.283E-01
  6.050E-07  9.902E-07  0.000E+00  0.000E+00  0.000E+00  6.283E-01
  9.902E-07  1.621E-06  0.000E+00  0.000E+00  0.000E+00  6.283E-01
  1.621E-06  2.653E-06  0.000E+00  0.000E+00  0.000E+00  6.283E-01
  2.653E-06  4.342E-06  0.000E+00  0.000E+00  0.000E+00  6.283E-01
  4.342E-06  7.106E-06  0.000E+00  0.000E+00  0.000E+00  6.283E-01
  7.106E-06  1.163E-05  0.000E+00  0.000E+00  0.000E+00  6.283E-01
  1.163E-05  1.904E-05  3.595E-04  9.900E+01  0.000E+00  6.283E-01
  1.904E-05  3.116E-05  0.000E+00  0.000E+00  0.000E+00  6.283E-01
  3.116E-05  5.100E-05  0.000E+00  0.000E+00  0.000E+00  6.283E-01
  5.100E-05  8.347E-05  8.282E-05  9.900E+01  0.000E+00  6.283E-01
  8.347E-05  1.366E-04  5.125E-05  9.900E+01  0.000E+00  6.283E-01
  1.366E-04  2.236E-04  0.000E+00  0.000E+00  0.000E+00  6.283E-01
  2.236E-04  3.660E-04  1.972E-05  9.900E+01  0.000E+00  6.283E-01
  3.660E-04  5.990E-04  7.376E-05  4.126E+01  0.000E+00  6.283E-01
  5.990E-04  9.804E-04  4.493E-05  3.085E+01  0.000E+00  6.283E-01
  9.804E-04  1.605E-03  4.057E-05  3.715E+01  0.000E+00  6.283E-01
  1.605E-03  2.627E-03  2.222E-05  4.682E+01  0.000E+00  6.283E-01
  2.627E-03  4.299E-03  1.501E-05  2.002E+01  0.000E+00  6.283E-01
  4.299E-03  7.036E-03  3.558E-05  1.876E+01  0.000E+00  6.283E-01
  7.036E-03  1.152E-02  3.841E-05  1.393E+01  0.000E+00  6.283E-01
  1.152E-02  1.885E-02  7.042E-05  6.719E+00  0.000E+00  6.283E-01
  1.885E-02  3.085E-02  9.071E-05  6.715E+00  0.000E+00  6.283E-01
  3.085E-02  5.050E-02  1.199E-04  2.326E+00  0.000E+00  6.283E-01
  5.050E-02  8.265E-02  1.598E-04  9.191E-01  0.000E+00  6.283E-01
  8.265E-02  1.353E-01  2.100E-04  1.911E+00  0.000E+00  6.283E-01
  1.353E-01  2.214E-01  2.821E-04  1.140E+00  0.000E+00  6.283E-01
  2.214E-01  3.624E-01  4.123E-04  9.343E-01  0.000E+00  6.283E-01
  3.624E-01  5.931E-01  5.003E-04  9.728E-01  0.000E+00  6.283E-01
  5.931E-01  9.708E-01  5.022E-04  4.802E-01  0.000E+00  6.283E-01
  9.708E-01  1.589E+00  4.018E-04  4.449E-01  0.000E+00  6.283E-01
  1.589E+00  2.601E+00  2.584E-04  2.037E-01  0.000E+00  6.283E-01
  2.601E+00  4.257E+00  1.410E-04  4.123E-01  0.000E+00  6.283E-01
  4.257E+00  6.967E+00  6.784E-05  3.529E-01  0.000E+00  6.283E-01
  6.967E+00  1.140E+01  2.757E-05  6.203E-01  0.000E+00  6.283E-01
  1.140E+01  1.866E+01  8.348E-06  8.639E-01  0.000E+00  6.283E-01
  1.866E+01  3.055E+01  1.660E-06  1.230E+00  0.000E+00  6.283E-01
  3.055E+01  5.000E+01  8.852E-08  4.381E+00  0.000E+00  6.283E-01
  5.000E+01  5.000E+01  0.000E+00  0.000E+00  0.000E+00  6.283E-01

 # Block n:            2    0.628318548      :   1.25663710    
  1.000E-09  1.637E-09  0.000E+00  0.000E+00  6.283E-01  1.257E+00
  1.637E-09  2.679E-09  0.000E+00  0.000E+00  6.283E-01  1.257E+00
  2.679E-09  4.385E-09  0.000E+00  0.000E+00  6.283E-01  1.257E+00
  4.385E-09  7.177E-09  0.000E+00  0.000E+00  6.283E-01  1.257E+00
  7.177E-09  1.175E-08  0.000E+00  0.000E+00  6.283E-01  1.257E+00
  1.175E-08  1.923E-08  0.000E+00  0.000E+00  6.283E-01  1.257E+00
  1.923E-08  3.147E-08  0.000E+00  0.000E+00  6.283E-01  1.257E+00
  3.147E-08  5.150E-08  0.000E+00  0.000E+00  6.283E-01  1.257E+00
  5.150E-08  8.430E-08  0.000E+00  0.000E+00  6.283E-01  1.257E+00
  8.430E-08  1.380E-07  0.000E+00  0.000E+00  6.283E-01  1.257E+00
  1.380E-07  2.258E-07  0.000E+00  0.000E+00  6.283E-01  1.257E+00
  2.258E-07  3.696E-07  0.000E+00  0.000E+00  6.283E-01  1.257E+00
  3.696E-07  6.050E-07  0.000E+00  0.000E+00  6.283E-01  1.257E+00
  6.050E-07  9.902E-07  0.000E+00  0.000E+00  6.283E-01  1.257E+00
  9.902E-07  1.621E-06  0.000E+00  0.000E+00  6.283E-01  1.257E+00
  1.621E-06  2.653E-06  0.000E+00  0.000E+00  6.283E-01  1.257E+00
  2.653E-06  4.342E-06  0.000E+00  0.000E+00  6.283E-01  1.257E+00
  4.342E-06  7.106E-06  0.000E+00  0.000E+00  6.283E-01  1.257E+00
  7.106E-06  1.163E-05  0.000E+00  0.000E+00  6.283E-01  1.257E+00
  1.163E-05  1.904E-05  0.000E+00  0.000E+00  6.283E-01  1.257E+00
  1.904E-05  3.116E-05  0.000E+00  0.000E+00  6.283E-01  1.257E+00
  3.116E-05  5.100E-05  0.000E+00  0.000E+00  6.283E-01  1.257E+00
  5.100E-05  8.347E-05  0.000E+00  0.000E+00  6.283E-01  1.257E+00
  8.347E-05  1.366E-04  5.668E-05  9.900E+01  6.283E-01  1.257E+00
  1.366E-04  2.236E-04  3.524E-05  9.900E+01  6.283E-01  1.257E+00
  2.236E-04  3.660E-04  4.513E-05  6.124E+01  6.283E-01  1.257E+00
  3.660E-04  5.990E-04  1.343E-05  9.900E+01  6.283E-01  1.257E+00
  5.990E-04  9.804E-04  1.636E-05  6.132E+01  6.283E-01  1.257E+00
  9.804E-04  1.605E-03  1.046E-05  9.900E+01  6.283E-01  1.257E+00
  1.605E-03  2.627E-03  3.014E-05  2.731E+01  6.283E-01  1.257E+00
  2.627E-03  4.299E-03  4.102E-05  2.527E+01  6.283E-01  1.257E+00
  4.299E-03  7.036E-03  3.649E-05  1.195E+01  6.283E-01  1.257E+00
  7.036E-03  1.152E-02  3.984E-05  7.729E+00  6.283E-01  1.257E+00
  1.152E-02  1.885E-02  7.274E-05  4.987E+00  6.283E-01  1.257E+00
  1.885E-02  3.085E-02  9.990E-05  5.710E+00  6.283E-01  1.257E+00
  3.085E-02  5.050E-02  1.408E-04  3.126E+00  6.283E-01  1.257E+00
  5.050E-02  8.265E-02  1.744E-04  1.554E+00  6.283E-01  1.257E+00
  8.265E-02  1.353E-01  2.066E-04  8.915E-01  6.283E-01  1.257E+00
  1.353E-01  2.214E-01  2.538E-04  1.608E+00  6.283E-01  1.257E+00
  2.214E-01  3.624E-01  3.096E-04  1.038E+00  6.283E-01  1.257E+00
  3.624E-01  5.931E-01  2.715E-04  6.652E-01  6.283E-01  1.257E+00
  5.931E-01  9.708E-01  1.485E-04  9.272E-01  6.283E-01  1.257E+00
  9.708E-01  1.589E+00  4.497E-05  1.612E+00  6.283E-01  1.257E+00
  1.589E+00  2.601E+00  5.637E-06  2.848E+00  6.283E-01  1.257E+00
  2.601E+00  4.257E+00  1.917E-07  1.234E+01  6.283E-01  1.257E+00
  4.257E+00  6.967E+00  0.000E+00  0.000E+00  6.283E-01  1.257E+00
  6.967E+00  1.140E+01  0.000E+00  0.000E+00  6.283E-01  1.257E+00
  1.140E+01  1.866E+01  0.000E+00  0.000E+00  6.283E-01  1.257E+00
  1.866E+01  3.055E+01  0.000E+00  0.000E+00  6.283E-01  1.257E+00
  3.055E+01  5.000E+01  0.000E+00  0.000E+00  6.283E-01  1.257E+00
  5.000E+01  5.000E+01  0.000E+00  0.000E+00  6.283E-01  1.257E+00

 # Block n:            3     1.25663710      :   1.88495564    
  1.000E-09  1.637E-09  0.000E+00  0.000E+00  1.257E+00  1.885E+00
  1.637E-09  2.679E-09  0.000E+00  0.000E+00  1.257E+00  1.885E+00
  2.679E-09  4.385E-09  0.000E+00  0.000E+00  1.257E+00  1.885E+00
  4.385E-09  7.177E-09  0.000E+00  0.000E+00  1.257E+00  1.885E+00
  7.177E-09  1.175E-08  0.000E+00  0.000E+00  1.257E+00  1.885E+00
  1.175E-08  1.923E-08  0.000E+00  0.000E+00  1.257E+00  1.885E+00
  1.923E-08  3.147E-08  0.000E+00  0.000E+00  1.257E+00  1.885E+00
  3.147E-08  5.150E-08  0.000E+00  0.000E+00  1.257E+00  1.885E+00
  5.150E-08  8.430E-08  0.000E+00  0.000E+00  1.257E+00  1.885E+00
  8.430E-08  1.380E-07  0.000E+00  0.000E+00  1.257E+00  1.885E+00
  1.380E-07  2.258E-07  0.000E+00  0.000E+00  1.257E+00  1.885E+00
  2.258E-07  3.696E-07  0.000E+00  0.000E+00  1.257E+00  1.885E+00
  3.696E-07  6.050E-07  0.000E+00  0.000E+00  1.257E+00  1.885E+00
  6.050E-07  9.902E-07  0.000E+00  0.000E+00  1.257E+00  1.885E+00
  9.902E-07  1.621E-06  0.000E+00  0.000E+00  1.257E+00  1.885E+00
  1.621E-06  2.653E-06  0.000E+00  0.000E+00  1.257E+00  1.885E+00
  2.653E-06  4.342E-06  0.000E+00  0.000E+00  1.257E+00  1.885E+00
  4.342E-06  7.106E-06  0.000E+00  0.000E+00  1.257E+00  1.885E+00
  7.106E-06  1.163E-05  0.000E+00  0.000E+00  1.257E+00  1.885E+00
  1.163E-05  1.904E-05  4.814E-04  9.900E+01  1.257E+00  1.885E+00
  1.904E-05  3.116E-05  5.868E-04  6.132E+01  1.257E+00  1.885E+00
  3.116E-05  5.100E-05  1.750E-04  9.900E+01  1.257E+00  1.885E+00
  5.100E-05  8.347E-05  1.066E-04  9.900E+01  1.257E+00  1.885E+00
  8.347E-05  1.366E-04  0.000E+00  0.000E+00  1.257E+00  1.885E+00
  1.366E-04  2.236E-04  4.140E-05  9.900E+01  1.257E+00  1.885E+00
  2.236E-04  3.660E-04  2.344E-05  9.900E+01  1.257E+00  1.885E+00
  3.660E-04  5.990E-04  2.890E-05  6.124E+01  1.257E+00  1.885E+00
  5.990E-04  9.804E-04  7.349E-05  5.062E+01  1.257E+00  1.885E+00
  9.804E-04  1.605E-03  3.419E-05  4.083E+01  1.257E+00  1.885E+00
  1.605E-03  2.627E-03  3.078E-05  3.740E+01  1.257E+00  1.885E+00
  2.627E-03  4.299E-03  2.965E-05  2.365E+01  1.257E+00  1.885E+00
  4.299E-03  7.036E-03  2.452E-05  1.318E+01  1.257E+00  1.885E+00
  7.036E-03  1.152E-02  4.528E-05  1.079E+01  1.257E+00  1.885E+00
  1.152E-02  1.885E-02  7.430E-05  6.544E+00  1.257E+00  1.885E+00
  1.885E-02  3.085E-02  1.032E-04  6.115E+00  1.257E+00  1.885E+00
  3.085E-02  5.050E-02  1.461E-04  2.746E+00  1.257E+00  1.885E+00
  5.050E-02  8.265E-02  1.792E-04  3.430E+00  1.257E+00  1.885E+00
  8.265E-02  1.353E-01  2.059E-04  1.248E+00  1.257E+00  1.885E+00
  1.353E-01  2.214E-01  2.321E-04  1.311E+00  1.257E+00  1.885E+00
  2.214E-01  3.624E-01  2.364E-04  9.369E-01  1.257E+00  1.885E+00
  3.624E-01  5.931E-01  1.586E-04  4.293E-01  1.257E+00  1.885E+00
  5.931E-01  9.708E-01  6.141E-05  7.353E-01  1.257E+00  1.885E+00
  9.708E-01  1.589E+00  1.084E-05  1.610E+00  1.257E+00  1.885E+00
  1.589E+00  2.601E+00  5.672E-07  8.051E+00  1.257E+00  1.885E+00
  2.601E+00  4.257E+00  6.149E-09  6.634E+01  1.257E+00  1.885E+00
  4.257E+00  6.967E+00  0.000E+00  0.000E+00  1.257E+00  1.885E+00
  6.967E+00  1.140E+01  0.000E+00  0.000E+00  1.257E+00  1.885E+00
  1.140E+01  1.866E+01  0.000E+00  0.000E+00  1.257E+00  1.885E+00
  1.866E+01  3.055E+01  0.000E+00  0.000E+00  1.257E+00  1.885E+00
  3.055E+01  5.000E+01  0.000E+00  0.000E+00  1.257E+00  1.885E+00
  5.000E+01  5.000E+01  0.000E+00  0.000E+00  1.257E+00  1.885E+00

 # Block n:            4     1.88495564      :   2.51327419    
  1.000E-09  1.637E-09  0.000E+00  0.000E+00  1.885E+00  2.513E+00
  1.637E-09  2.679E-09  0.000E+00  0.000E+00  1.885E+00  2.513E+00
  2.679E-09  4.385E-09  0.000E+00  0.000E+00  1.885E+00  2.513E+00
  4.385E-09  7.177E-09  0.000E+00  0.000E+00  1.885E+00  2.513E+00
  7.177E-09  1.175E-08  0.000E+00  0.000E+00  1.885E+00  2.513E+00
  1.175E-08  1.923E-08  0.000E+00  0.000E+00  1.885E+00  2.513E+00
  1.923E-08  3.147E-08  0.000E+00  0.000E+00  1.885E+00  2.513E+00
  3.147E-08  5.150E-08  0.000E+00  0.000E+00  1.885E+00  2.513E+00
  5.150E-08  8.430E-08  0.000E+00  0.000E+00  1.885E+00  2.513E+00
  8.430E-08  1.380E-07  0.000E+00  0.000E+00  1.885E+00  2.513E+00
  1.380E-07  2.258E-07  0.000E+00  0.000E+00  1.885E+00  2.513E+00
  2.258E-07  3.696E-07  0.000E+00  0.000E+00  1.885E+00  2.513E+00
  3.696E-07  6.050E-07  0.000E+00  0.000E+00  1.885E+00  2.513E+00
  6.050E-07  9.902E-07  0.000E+00  0.000E+00  1.885E+00  2.513E+00
  9.902E-07  1.621E-06  0.000E+00  0.000E+00  1.885E+00  2.513E+00
  1.621E-06  2.653E-06  0.000E+00  0.000E+00  1.885E+00  2.513E+00
  2.653E-06  4.342E-06  0.000E+00  0.000E+00  1.885E+00  2.513E+00
  4.342E-06  7.106E-06  0.000E+00  0.000E+00  1.885E+00  2.513E+00
  7.106E-06  1.163E-05  0.000E+00  0.000E+00  1.885E+00  2.513E+00
  1.163E-05  1.904E-05  0.000E+00  0.000E+00  1.885E+00  2.513E+00
  1.904E-05  3.116E-05  0.000E+00  0.000E+00  1.885E+00  2.513E+00
  3.116E-05  5.100E-05  1.937E-04  9.900E+01  1.885E+00  2.513E+00
  5.100E-05  8.347E-05  0.000E+00  0.000E+00  1.885E+00  2.513E+00
  8.347E-05  1.366E-04  7.181E-05  9.900E+01  1.885E+00  2.513E+00
  1.366E-04  2.236E-04  9.649E-05  6.124E+01  1.885E+00  2.513E+00
  2.236E-04  3.660E-04  5.896E-05  6.124E+01  1.885E+00  2.513E+00
  3.660E-04  5.990E-04  0.000E+00  0.000E+00  1.885E+00  2.513E+00
  5.990E-04  9.804E-04  5.382E-05  4.495E+01  1.885E+00  2.513E+00
  9.804E-04  1.605E-03  2.014E-05  4.083E+01  1.885E+00  2.513E+00
  1.605E-03  2.627E-03  2.334E-05  3.200E+01  1.885E+00  2.513E+00
  2.627E-03  4.299E-03  4.402E-05  2.478E+01  1.885E+00  2.513E+00
  4.299E-03  7.036E-03  3.749E-05  1.781E+01  1.885E+00  2.513E+00
  7.036E-03  1.152E-02  4.694E-05  1.341E+01  1.885E+00  2.513E+00
  1.152E-02  1.885E-02  9.003E-05  1.128E+01  1.885E+00  2.513E+00
  1.885E-02  3.085E-02  1.193E-04  5.728E+00  1.885E+00  2.513E+00
  3.085E-02  5.050E-02  1.564E-04  2.615E+00  1.885E+00  2.513E+00
  5.050E-02  8.265E-02  2.061E-04  2.377E+00  1.885E+00  2.513E+00
  8.265E-02  1.353E-01  1.970E-04  9.355E-01  1.885E+00  2.513E+00
  1.353E-01  2.214E-01  2.030E-04  1.351E+00  1.885E+00  2.513E+00
  2.214E-01  3.624E-01  1.814E-04  1.809E+00  1.885E+00  2.513E+00
  3.624E-01  5.931E-01  1.005E-04  9.373E-01  1.885E+00  2.513E+00
  5.931E-01  9.708E-01  2.954E-05  2.481E+00  1.885E+00  2.513E+00
  9.708E-01  1.589E+00  3.500E-06  1.427E+00  1.885E+00  2.513E+00
  1.589E+00  2.601E+00  9.786E-08  9.182E+00  1.885E+00  2.513E+00
  2.601E+00  4.257E+00  0.000E+00  0.000E+00  1.885E+00  2.513E+00
  4.257E+00  6.967E+00  0.000E+00  0.000E+00  1.885E+00  2.513E+00
  6.967E+00  1.140E+01  0.000E+00  0.000E+00  1.885E+00  2.513E+00
  1.140E+01  1.866E+01  0.000E+00  0.000E+00  1.885E+00  2.513E+00
  1.866E+01  3.055E+01  0.000E+00  0.000E+00  1.885E+00  2.513E+00
  3.055E+01  5.000E+01  0.000E+00  0.000E+00  1.885E+00  2.513E+00
  5.000E+01  5.000E+01  0.000E+00  0.000E+00  1.885E+00  2.513E+00

 # Block n:            5     2.51327419      :   3.14159274    
  1.000E-09  1.637E-09  0.000E+00  0.000E+00  2.513E+00  3.142E+00
  1.637E-09  2.679E-09  0.000E+00  0.000E+00  2.513E+00  3.142E+00
  2.679E-09  4.385E-09  0.000E+00  0.000E+00  2.513E+00  3.142E+00
  4.385E-09  7.177E-09  0.000E+00  0.000E+00  2.513E+00  3.142E+00
  7.177E-09  1.175E-08  0.000E+00  0.000E+00  2.513E+00  3.142E+00
  1.175E-08  1.923E-08  0.000E+00  0.000E+00  2.513E+00  3.142E+00
  1.923E-08  3.147E-08  0.000E+00  0.000E+00  2.513E+00  3.142E+00
  3.147E-08  5.150E-08  0.000E+00  0.000E+00  2.513E+00  3.142E+00
  5.150E-08  8.430E-08  0.000E+00  0.000E+00  2.513E+00  3.142E+00
  8.430E-08  1.380E-07  0.000E+00  0.000E+00  2.513E+00  3.142E+00
  1.380E-07  2.258E-07  0.000E+00  0.000E+00  2.513E+00  3.142E+00
  2.258E-07  3.696E-07  0.000E+00  0.000E+00  2.513E+00  3.142E+00
  3.696E-07  6.050E-07  0.000E+00  0.000E+00  2.513E+00  3.142E+00
  6.050E-07  9.902E-07  0.000E+00  0.000E+00  2.513E+00  3.142E+00
  9.902E-07  1.621E-06  0.000E+00  0.000E+00  2.513E+00  3.142E+00
  1.621E-06  2.653E-06  0.000E+00  0.000E+00  2.513E+00  3.142E+00
  2.653E-06  4.342E-06  0.000E+00  0.000E+00  2.513E+00  3.142E+00
  4.342E-06  7.106E-06  0.000E+00  0.000E+00  2.513E+00  3.142E+00
  7.106E-06  1.163E-05  0.000E+00  0.000E+00  2.513E+00  3.142E+00
  1.163E-05  1.904E-05  0.000E+00  0.000E+00  2.513E+00  3.142E+00
  1.904E-05  3.116E-05  0.000E+00  0.000E+00  2.513E+00  3.142E+00
  3.116E-05  5.100E-05  0.000E+00  0.000E+00  2.513E+00  3.142E+00
  5.100E-05  8.347E-05  0.000E+00  0.000E+00  2.513E+00  3.142E+00
  8.347E-05  1.366E-04  0.000E+00  0.000E+00  2.513E+00  3.142E+00
  1.366E-04  2.236E-04  5.959E-05  9.900E+01  2.513E+00  3.142E+00
  2.236E-04  3.660E-04  9.815E-05  6.699E+01  2.513E+00  3.142E+00
  3.660E-04  5.990E-04  0.000E+00  0.000E+00  2.513E+00  3.142E+00
  5.990E-04  9.804E-04  6.273E-05  5.564E+01  2.513E+00  3.142E+00
  9.804E-04  1.605E-03  3.022E-05  4.578E+01  2.513E+00  3.142E+00
  1.605E-03  2.627E-03  1.414E-05  4.090E+01  2.513E+00  3.142E+00
  2.627E-03  4.299E-03  3.145E-05  2.672E+01  2.513E+00  3.142E+00
  4.299E-03  7.036E-03  4.280E-05  1.294E+01  2.513E+00  3.142E+00
  7.036E-03  1.152E-02  3.511E-05  2.382E+01  2.513E+00  3.142E+00
  1.152E-02  1.885E-02  6.306E-05  1.018E+01  2.513E+00  3.142E+00
  1.885E-02  3.085E-02  1.128E-04  2.052E+00  2.513E+00  3.142E+00
  3.085E-02  5.050E-02  1.579E-04  2.640E+00  2.513E+00  3.142E+00
  5.050E-02  8.265E-02  1.856E-04  2.006E+00  2.513E+00  3.142E+00
  8.265E-02  1.353E-01  1.863E-04  3.262E+00  2.513E+00  3.142E+00
  1.353E-01  2.214E-01  1.719E-04  1.230E+00  2.513E+00  3.142E+00
  2.214E-01  3.624E-01  1.346E-04  2.670E+00  2.513E+00  3.142E+00
  3.624E-01  5.931E-01  6.925E-05  2.096E+00  2.513E+00  3.142E+00
  5.931E-01  9.708E-01  1.516E-05  3.698E+00  2.513E+00  3.142E+00
  9.708E-01  1.589E+00  1.181E-06  2.617E+00  2.513E+00  3.142E+00
  1.589E+00  2.601E+00  1.840E-08  4.626E+01  2.513E+00  3.142E+00
  2.601E+00  4.257E+00  0.000E+00  0.000E+00  2.513E+00  3.142E+00
  4.257E+00  6.967E+00  0.000E+00  0.000E+00  2.513E+00  3.142E+00
  6.967E+00  1.140E+01  0.000E+00  0.000E+00  2.513E+00  3.142E+00
  1.140E+01  1.866E+01  0.000E+00  0.000E+00  2.513E+00  3.142E+00
  1.866E+01  3.055E+01  0.000E+00  0.000E+00  2.513E+00  3.142E+00
  3.055E+01  5.000E+01  0.000E+00  0.000E+00  2.513E+00  3.142E+00
  5.000E+01  5.000E+01  0.000E+00  0.000E+00  2.513E+00  3.142E+00

 # Block n:            6     3.14159274      :   3.76991129    
  1.000E-09  1.637E-09  0.000E+00  0.000E+00  3.142E+00  3.770E+00
  1.637E-09  2.679E-09  0.000E+00  0.000E+00  3.142E+00  3.770E+00
  2.679E-09  4.385E-09  0.000E+00  0.000E+00  3.142E+00  3.770E+00
  4.385E-09  7.177E-09  0.000E+00  0.000E+00  3.142E+00  3.770E+00
  7.177E-09  1.175E-08  0.000E+00  0.000E+00  3.142E+00  3.770E+00
  1.175E-08  1.923E-08  0.000E+00  0.000E+00  3.142E+00  3.770E+00
  1.923E-08  3.147E-08  0.000E+00  0.000E+00  3.142E+00  3.770E+00
  3.147E-08  5.150E-08  0.000E+00  0.000E+00  3.142E+00  3.770E+00
  5.150E-08  8.430E-08  0.000E+00  0.000E+00  3.142E+00  3.770E+00
  8.430E-08  1.380E-07  0.000E+00  0.000E+00  3.142E+00  3.770E+00
  1.380E-07  2.258E-07  0.000E+00  0.000E+00  3.142E+00  3.770E+00
  2.258E-07  3.696E-07  0.000E+00  0.000E+00  3.142E+00  3.770E+00
  3.696E-07  6.050E-07  0.000E+00  0.000E+00  3.142E+00  3.770E+00
  6.050E-07  9.902E-07  0.000E+00  0.000E+00  3.142E+00  3.770E+00
  9.902E-07  1.621E-06  0.000E+00  0.000E+00  3.142E+00  3.770E+00
  1.621E-06  2.653E-06  0.000E+00  0.000E+00  3.142E+00  3.770E+00
  2.653E-06  4.342E-06  0.000E+00  0.000E+00  3.142E+00  3.770E+00
  4.342E-06  7.106E-06  0.000E+00  0.000E+00  3.142E+00  3.770E+00
  7.106E-06  1.163E-05  0.000E+00  0.000E+00  3.142E+00  3.770E+00
  1.163E-05  1.904E-05  0.000E+00  0.000E+00  3.142E+00  3.770E+00
  1.904E-05  3.116E-05  0.000E+00  0.000E+00  3.142E+00  3.770E+00
  3.116E-05  5.100E-05  0.000E+00  0.000E+00  3.142E+00  3.770E+00
  5.100E-05  8.347E-05  0.000E+00  0.000E+00  3.142E+00  3.770E+00
  8.347E-05  1.366E-04  0.000E+00  0.000E+00  3.142E+00  3.770E+00
  1.366E-04  2.236E-04  1.298E-04  9.900E+01  3.142E+00  3.770E+00
  2.236E-04  3.660E-04  0.000E+00  0.000E+00  3.142E+00  3.770E+00
  3.660E-04  5.990E-04  0.000E+00  0.000E+00  3.142E+00  3.770E+00
  5.990E-04  9.804E-04  3.077E-05  9.900E+01  3.142E+00  3.770E+00
  9.804E-04  1.605E-03  4.740E-05  6.210E+01  3.142E+00  3.770E+00
  1.605E-03  2.627E-03  3.299E-05  4.030E+01  3.142E+00  3.770E+00
  2.627E-03  4.299E-03  1.436E-05  4.580E+01  3.142E+00  3.770E+00
  4.299E-03  7.036E-03  3.055E-05  7.483E+00  3.142E+00  3.770E+00
  7.036E-03  1.152E-02  5.320E-05  2.393E+01  3.142E+00  3.770E+00
  1.152E-02  1.885E-02  8.597E-05  1.019E+01  3.142E+00  3.770E+00
  1.885E-02  3.085E-02  1.073E-04  6.803E+00  3.142E+00  3.770E+00
  3.085E-02  5.050E-02  1.536E-04  1.328E+00  3.142E+00  3.770E+00
  5.050E-02  8.265E-02  1.764E-04  3.203E+00  3.142E+00  3.770E+00
  8.265E-02  1.353E-01  1.644E-04  2.552E+00  3.142E+00  3.770E+00
  1.353E-01  2.214E-01  1.387E-04  3.634E+00  3.142E+00  3.770E+00
  2.214E-01  3.624E-01  1.025E-04  1.169E+00  3.142E+00  3.770E+00
  3.624E-01  5.931E-01  4.302E-05  3.246E+00  3.142E+00  3.770E+00
  5.931E-01  9.708E-01  7.912E-06  3.029E+00  3.142E+00  3.770E+00
  9.708E-01  1.589E+00  2.773E-07  1.112E+01  3.142E+00  3.770E+00
  1.589E+00  2.601E+00  0.000E+00  0.000E+00  3.142E+00  3.770E+00
  2.601E+00  4.257E+00  0.000E+00  0.000E+00  3.142E+00  3.770E+00
  4.257E+00  6.967E+00  0.000E+00  0.000E+00  3.142E+00  3.770E+00
  6.967E+00  1.140E+01  0.000E+00  0.000E+00  3.142E+00  3.770E+00
  1.140E+01  1.866E+01  0.000E+00  0.000E+00  3.142E+00  3.770E+00
  1.866E+01  3.055E+01  0.000E+00  0.000E+00  3.142E+00  3.770E+00
  3.055E+01  5.000E+01  0.000E+00  0.000E+00  3.142E+00  3.770E+00
  5.000E+01  5.000E+01  0.000E+00  0.000E+00  3.142E+00  3.770E+00

 # Block n:            7     3.76991129      :   4.39822960    
  1.000E-09  1.637E-09  0.000E+00  0.000E+00  3.770E+00  4.398E+00
  1.637E-09  2.679E-09  0.000E+00  0.000E+00  3.770E+00  4.398E+00
  2.679E-09  4.385E-09  0.000E+00  0.000E+00  3.770E+00  4.398E+00
  4.385E-09  7.177E-09  0.000E+00  0.000E+00  3.770E+00  4.398E+00
  7.177E-09  1.175E-08  0.000E+00  0.000E+00  3.770E+00  4.398E+00
  1.175E-08  1.923E-08  0.000E+00  0.000E+00  3.770E+00  4.398E+00
  1.923E-08  3.147E-08  0.000E+00  0.000E+00  3.770E+00  4.398E+00
  3.147E-08  5.150E-08  0.000E+00  0.000E+00  3.770E+00  4.398E+00
  5.150E-08  8.430E-08  0.000E+00  0.000E+00  3.770E+00  4.398E+00
  8.430E-08  1.380E-07  0.000E+00  0.000E+00  3.770E+00  4.398E+00
  1.380E-07  2.258E-07  0.000E+00  0.000E+00  3.770E+00  4.398E+00
  2.258E-07  3.696E-07  0.000E+00  0.000E+00  3.770E+00  4.398E+00
  3.696E-07  6.050E-07  0.000E+00  0.000E+00  3.770E+00  4.398E+00
  6.050E-07  9.902E-07  0.000E+00  0.000E+00  3.770E+00  4.398E+00
  9.902E-07  1.621E-06  0.000E+00  0.000E+00  3.770E+00  4.398E+00
  1.621E-06  2.653E-06  0.000E+00  0.000E+00  3.770E+00  4.398E+00
  2.653E-06  4.342E-06  0.000E+00  0.000E+00  3.770E+00  4.398E+00
  4.342E-06  7.106E-06  0.000E+00  0.000E+00  3.770E+00  4.398E+00
  7.106E-06  1.163E-05  0.000E+00  0.000E+00  3.770E+00  4.398E+00
  1.163E-05  1.904E-05  0.000E+00  0.000E+00  3.770E+00  4.398E+00
  1.904E-05  3.116E-05  0.000E+00  0.000E+00  3.770E+00  4.398E+00
  3.116E-05  5.100E-05  0.000E+00  0.000E+00  3.770E+00  4.398E+00
  5.100E-05  8.347E-05  0.000E+00  0.000E+00  3.770E+00  4.398E+00
  8.347E-05  1.366E-04  0.000E+00  0.000E+00  3.770E+00  4.398E+00
  1.366E-04  2.236E-04  0.000E+00  0.000E+00  3.770E+00  4.398E+00
  2.236E-04  3.660E-04  0.000E+00  0.000E+00  3.770E+00  4.398E+00
  3.660E-04  5.990E-04  2.999E-05  9.900E+01  3.770E+00  4.398E+00
  5.990E-04  9.804E-04  8.283E-05  2.553E+01  3.770E+00  4.398E+00
  9.804E-04  1.605E-03  2.292E-05  6.140E+01  3.770E+00  4.398E+00
  1.605E-03  2.627E-03  7.252E-06  9.900E+01  3.770E+00  4.398E+00
  2.627E-03  4.299E-03  1.714E-05  4.793E+01  3.770E+00  4.398E+00
  4.299E-03  7.036E-03  1.363E-05  3.362E+01  3.770E+00  4.398E+00
  7.036E-03  1.152E-02  2.532E-05  1.140E+01  3.770E+00  4.398E+00
  1.152E-02  1.885E-02  7.314E-05  5.544E+00  3.770E+00  4.398E+00
  1.885E-02  3.085E-02  9.728E-05  6.729E+00  3.770E+00  4.398E+00
  3.085E-02  5.050E-02  1.591E-04  2.399E+00  3.770E+00  4.398E+00
  5.050E-02  8.265E-02  1.533E-04  4.523E+00  3.770E+00  4.398E+00
  8.265E-02  1.353E-01  1.455E-04  3.241E-01  3.770E+00  4.398E+00
  1.353E-01  2.214E-01  1.139E-04  1.308E+00  3.770E+00  4.398E+00
  2.214E-01  3.624E-01  7.427E-05  2.361E+00  3.770E+00  4.398E+00
  3.624E-01  5.931E-01  2.801E-05  1.153E+00  3.770E+00  4.398E+00
  5.931E-01  9.708E-01  4.372E-06  9.336E+00  3.770E+00  4.398E+00
  9.708E-01  1.589E+00  5.593E-08  4.460E+01  3.770E+00  4.398E+00
  1.589E+00  2.601E+00  0.000E+00  0.000E+00  3.770E+00  4.398E+00
  2.601E+00  4.257E+00  0.000E+00  0.000E+00  3.770E+00  4.398E+00
  4.257E+00  6.967E+00  0.000E+00  0.000E+00  3.770E+00  4.398E+00
  6.967E+00  1.140E+01  0.000E+00  0.000E+00  3.770E+00  4.398E+00
  1.140E+01  1.866E+01  0.000E+00  0.000E+00  3.770E+00  4.398E+00
  1.866E+01  3.055E+01  0.000E+00  0.000E+00  3.770E+00  4.398E+00
  3.055E+01  5.000E+01  0.000E+00  0.000E+00  3.770E+00  4.398E+00
  5.000E+01  5.000E+01  0.000E+00  0.000E+00  3.770E+00  4.398E+00

 # Block n:            8     4.39822960      :   5.02654839    
  1.000E-09  1.637E-09  0.000E+00  0.000E+00  4.398E+00  5.027E+00
  1.637E-09  2.679E-09  0.000E+00  0.000E+00  4.398E+00  5.027E+00
  2.679E-09  4.385E-09  0.000E+00  0.000E+00  4.398E+00  5.027E+00
  4.385E-09  7.177E-09  0.000E+00  0.000E+00  4.398E+00  5.027E+00
  7.177E-09  1.175E-08  0.000E+00  0.000E+00  4.398E+00  5.027E+00
  1.175E-08  1.923E-08  0.000E+00  0.000E+00  4.398E+00  5.027E+00
  1.923E-08  3.147E-08  0.000E+00  0.000E+00  4.398E+00  5.027E+00
  3.147E-08  5.150E-08  0.000E+00  0.000E+00  4.398E+00  5.027E+00
  5.150E-08  8.430E-08  0.000E+00  0.000E+00  4.398E+00  5.027E+00
  8.430E-08  1.380E-07  0.000E+00  0.000E+00  4.398E+00  5.027E+00
  1.380E-07  2.258E-07  0.000E+00  0.000E+00  4.398E+00  5.027E+00
  2.258E-07  3.696E-07  0.000E+00  0.000E+00  4.398E+00  5.027E+00
  3.696E-07  6.050E-07  0.000E+00  0.000E+00  4.398E+00  5.027E+00
  6.050E-07  9.902E-07  0.000E+00  0.000E+00  4.398E+00  5.027E+00
  9.902E-07  1.621E-06  0.000E+00  0.000E+00  4.398E+00  5.027E+00
  1.621E-06  2.653E-06  0.000E+00  0.000E+00  4.398E+00  5.027E+00
  2.653E-06  4.342E-06  0.000E+00  0.000E+00  4.398E+00  5.027E+00
  4.342E-06  7.106E-06  0.000E+00  0.000E+00  4.398E+00  5.027E+00
  7.106E-06  1.163E-05  0.000E+00  0.000E+00  4.398E+00  5.027E+00
  1.163E-05  1.904E-05  0.000E+00  0.000E+00  4.398E+00  5.027E+00
  1.904E-05  3.116E-05  8.183E-04  9.900E+01  4.398E+00  5.027E+00
  3.116E-05  5.100E-05  0.000E+00  0.000E+00  4.398E+00  5.027E+00
  5.100E-05  8.347E-05  0.000E+00  0.000E+00  4.398E+00  5.027E+00
  8.347E-05  1.366E-04  0.000E+00  0.000E+00  4.398E+00  5.027E+00
  1.366E-04  2.236E-04  0.000E+00  0.000E+00  4.398E+00  5.027E+00
  2.236E-04  3.660E-04  1.550E-04  6.260E+01  4.398E+00  5.027E+00
  3.660E-04  5.990E-04  8.488E-05  9.900E+01  4.398E+00  5.027E+00
  5.990E-04  9.804E-04  2.522E-05  9.900E+01  4.398E+00  5.027E+00
  9.804E-04  1.605E-03  1.518E-05  9.900E+01  4.398E+00  5.027E+00
  1.605E-03  2.627E-03  3.010E-05  4.115E+01  4.398E+00  5.027E+00
  2.627E-03  4.299E-03  1.815E-05  6.452E+01  4.398E+00  5.027E+00
  4.299E-03  7.036E-03  1.658E-05  4.300E+01  4.398E+00  5.027E+00
  7.036E-03  1.152E-02  3.039E-05  3.797E+01  4.398E+00  5.027E+00
  1.152E-02  1.885E-02  6.616E-05  1.676E+01  4.398E+00  5.027E+00
  1.885E-02  3.085E-02  1.100E-04  1.395E+01  4.398E+00  5.027E+00
  3.085E-02  5.050E-02  1.377E-04  3.103E+00  4.398E+00  5.027E+00
  5.050E-02  8.265E-02  1.564E-04  3.366E+00  4.398E+00  5.027E+00
  8.265E-02  1.353E-01  1.251E-04  4.203E+00  4.398E+00  5.027E+00
  1.353E-01  2.214E-01  9.612E-05  2.663E+00  4.398E+00  5.027E+00
  2.214E-01  3.624E-01  5.660E-05  3.174E+00  4.398E+00  5.027E+00
  3.624E-01  5.931E-01  2.090E-05  3.084E+00  4.398E+00  5.027E+00
  5.931E-01  9.708E-01  2.012E-06  1.941E+01  4.398E+00  5.027E+00
  9.708E-01  1.589E+00  4.953E-08  4.138E+01  4.398E+00  5.027E+00
  1.589E+00  2.601E+00  0.000E+00  0.000E+00  4.398E+00  5.027E+00
  2.601E+00  4.257E+00  0.000E+00  0.000E+00  4.398E+00  5.027E+00
  4.257E+00  6.967E+00  0.000E+00  0.000E+00  4.398E+00  5.027E+00
  6.967E+00  1.140E+01  0.000E+00  0.000E+00  4.398E+00  5.027E+00
  1.140E+01  1.866E+01  0.000E+00  0.000E+00  4.398E+00  5.027E+00
  1.866E+01  3.055E+01  0.000E+00  0.000E+00  4.398E+00  5.027E+00
  3.055E+01  5.000E+01  0.000E+00  0.000E+00  4.398E+00  5.027E+00
  5.000E+01  5.000E+01  0.000E+00  0.000E+00  4.398E+00  5.027E+00

 # Block n:            9     5.02654839      :   5.65486717    
  1.000E-09  1.637E-09  0.000E+00  0.000E+00  5.027E+00  5.655E+00
  1.637E-09  2.679E-09  0.000E+00  0.000E+00  5.027E+00  5.655E+00
  2.679E-09  4.385E-09  0.000E+00  0.000E+00  5.027E+00  5.655E+00
  4.385E-09  7.177E-09  0.000E+00  0.000E+00  5.027E+00  5.655E+00
  7.177E-09  1.175E-08  0.000E+00  0.000E+00  5.027E+00  5.655E+00
  1.175E-08  1.923E-08  0.000E+00  0.000E+00  5.027E+00  5.655E+00
  1.923E-08  3.147E-08  0.000E+00  0.000E+00  5.027E+00  5.655E+00
  3.147E-08  5.150E-08  0.000E+00  0.000E+00  5.027E+00  5.655E+00
  5.150E-08  8.430E-08  0.000E+00  0.000E+00  5.027E+00  5.655E+00
  8.430E-08  1.380E-07  0.000E+00  0.000E+00  5.027E+00  5.655E+00
  1.380E-07  2.258E-07  0.000E+00  0.000E+00  5.027E+00  5.655E+00
  2.258E-07  3.696E-07  0.000E+00  0.000E+00  5.027E+00  5.655E+00
  3.696E-07  6.050E-07  0.000E+00  0.000E+00  5.027E+00  5.655E+00
  6.050E-07  9.902E-07  0.000E+00  0.000E+00  5.027E+00  5.655E+00
  9.902E-07  1.621E-06  0.000E+00  0.000E+00  5.027E+00  5.655E+00
  1.621E-06  2.653E-06  0.000E+00  0.000E+00  5.027E+00  5.655E+00
  2.653E-06  4.342E-06  0.000E+00  0.000E+00  5.027E+00  5.655E+00
  4.342E-06  7.106E-06  0.000E+00  0.000E+00  5.027E+00  5.655E+00
  7.106E-06  1.163E-05  0.000E+00  0.000E+00  5.027E+00  5.655E+00
  1.163E-05  1.904E-05  0.000E+00  0.000E+00  5.027E+00  5.655E+00
  1.904E-05  3.116E-05  0.000E+00  0.000E+00  5.027E+00  5.655E+00
  3.116E-05  5.100E-05  0.000E+00  0.000E+00  5.027E+00  5.655E+00
  5.100E-05  8.347E-05  0.000E+00  0.000E+00  5.027E+00  5.655E+00
  8.347E-05  1.366E-04  0.000E+00  0.000E+00  5.027E+00  5.655E+00
  1.366E-04  2.236E-04  0.000E+00  0.000E+00  5.027E+00  5.655E+00
  2.236E-04  3.660E-04  0.000E+00  0.000E+00  5.027E+00  5.655E+00
  3.660E-04  5.990E-04  9.312E-05  9.900E+01  5.027E+00  5.655E+00
  5.990E-04  9.804E-04  0.000E+00  0.000E+00  5.027E+00  5.655E+00
  9.804E-04  1.605E-03  1.125E-04  6.128E+01  5.027E+00  5.655E+00
  1.605E-03  2.627E-03  1.317E-05  9.900E+01  5.027E+00  5.655E+00
  2.627E-03  4.299E-03  6.905E-05  3.010E+01  5.027E+00  5.655E+00
  4.299E-03  7.036E-03  3.890E-05  3.639E+01  5.027E+00  5.655E+00
  7.036E-03  1.152E-02  3.887E-05  4.118E+01  5.027E+00  5.655E+00
  1.152E-02  1.885E-02  5.908E-05  1.852E+01  5.027E+00  5.655E+00
  1.885E-02  3.085E-02  1.128E-04  6.458E+00  5.027E+00  5.655E+00
  3.085E-02  5.050E-02  1.379E-04  7.193E+00  5.027E+00  5.655E+00
  5.050E-02  8.265E-02  1.438E-04  4.372E+00  5.027E+00  5.655E+00
  8.265E-02  1.353E-01  1.225E-04  6.437E+00  5.027E+00  5.655E+00
  1.353E-01  2.214E-01  7.664E-05  6.889E+00  5.027E+00  5.655E+00
  2.214E-01  3.624E-01  4.888E-05  5.698E+00  5.027E+00  5.655E+00
  3.624E-01  5.931E-01  1.356E-05  3.459E+00  5.027E+00  5.655E+00
  5.931E-01  9.708E-01  9.070E-07  1.843E+01  5.027E+00  5.655E+00
  9.708E-01  1.589E+00  0.000E+00  0.000E+00  5.027E+00  5.655E+00
  1.589E+00  2.601E+00  0.000E+00  0.000E+00  5.027E+00  5.655E+00
  2.601E+00  4.257E+00  0.000E+00  0.000E+00  5.027E+00  5.655E+00
  4.257E+00  6.967E+00  0.000E+00  0.000E+00  5.027E+00  5.655E+00
  6.967E+00  1.140E+01  0.000E+00  0.000E+00  5.027E+00  5.655E+00
  1.140E+01  1.866E+01  0.000E+00  0.000E+00  5.027E+00  5.655E+00
  1.866E+01  3.055E+01  0.000E+00  0.000E+00  5.027E+00  5.655E+00
  3.055E+01  5.000E+01  0.000E+00  0.000E+00  5.027E+00  5.655E+00
  5.000E+01  5.000E+01  0.000E+00  0.000E+00  5.027E+00  5.655E+00

 # Block n:           10     5.65486717      :   6.28318548    
  1.000E-09  1.637E-09  0.000E+00  0.000E+00  5.655E+00  6.283E+00
  1.637E-09  2.679E-09  0.000E+00  0.000E+00  5.655E+00  6.283E+00
  2.679E-09  4.385E-09  0.000E+00  0.000E+00  5.655E+00  6.283E+00
  4.385E-09  7.177E-09  0.000E+00  0.000E+00  5.655E+00  6.283E+00
  7.177E-09  1.175E-08  0.000E+00  0.000E+00  5.655E+00  6.283E+00
  1.175E-08  1.923E-08  0.000E+00  0.000E+00  5.655E+00  6.283E+00
  1.923E-08  3.147E-08  0.000E+00  0.000E+00  5.655E+00  6.283E+00
  3.147E-08  5.150E-08  0.000E+00  0.000E+00  5.655E+00  6.283E+00
  5.150E-08  8.430E-08  0.000E+00  0.000E+00  5.655E+00  6.283E+00
  8.430E-08  1.380E-07  0.000E+00  0.000E+00  5.655E+00  6.283E+00
  1.380E-07  2.258E-07  0.000E+00  0.000E+00  5.655E+00  6.283E+00
  2.258E-07  3.696E-07  0.000E+00  0.000E+00  5.655E+00  6.283E+00
  3.696E-07  6.050E-07  0.000E+00  0.000E+00  5.655E+00  6.283E+00
  6.050E-07  9.902E-07  0.000E+00  0.000E+00  5.655E+00  6.283E+00
  9.902E-07  1.621E-06  0.000E+00  0.000E+00  5.655E+00  6.283E+00
  1.621E-06  2.653E-06  0.000E+00  0.000E+00  5.655E+00  6.283E+00
  2.653E-06  4.342E-06  0.000E+00  0.000E+00  5.655E+00  6.283E+00
  4.342E-06  7.106E-06  0.000E+00  0.000E+00  5.655E+00  6.283E+00
  7.106E-06  1.163E-05  0.000E+00  0.000E+00  5.655E+00  6.283E+00
  1.163E-05  1.904E-05  0.000E+00  0.000E+00  5.655E+00  6.283E+00
  1.904E-05  3.116E-05  0.000E+00  0.000E+00  5.655E+00  6.283E+00
  3.116E-05  5.100E-05  0.000E+00  0.000E+00  5.655E+00  6.283E+00
  5.100E-05  8.347E-05  0.000E+00  0.000E+00  5.655E+00  6.283E+00
  8.347E-05  1.366E-04  0.000E+00  0.000E+00  5.655E+00  6.283E+00
  1.366E-04  2.236E-04  0.000E+00  0.000E+00  5.655E+00  6.283E+00
  2.236E-04  3.660E-04  0.000E+00  0.000E+00  5.655E+00  6.283E+00
  3.660E-04  5.990E-04  2.068E-04  9.900E+01  5.655E+00  6.283E+00
  5.990E-04  9.804E-04  0.000E+00  0.000E+00  5.655E+00  6.283E+00
  9.804E-04  1.605E-03  5.458E-05  9.900E+01  5.655E+00  6.283E+00
  1.605E-03  2.627E-03  8.736E-05  6.163E+01  5.655E+00  6.283E+00
  2.627E-03  4.299E-03  4.637E-05  6.563E+01  5.655E+00  6.283E+00
  4.299E-03  7.036E-03  3.310E-05  6.642E+01  5.655E+00  6.283E+00
  7.036E-03  1.152E-02  0.000E+00  0.000E+00  5.655E+00  6.283E+00
  1.152E-02  1.885E-02  4.125E-05  1.998E+01  5.655E+00  6.283E+00
  1.885E-02  3.085E-02  1.356E-04  3.091E+01  5.655E+00  6.283E+00
  3.085E-02  5.050E-02  1.314E-04  1.842E+01  5.655E+00  6.283E+00
  5.050E-02  8.265E-02  2.070E-04  3.267E+01  5.655E+00  6.283E+00
  8.265E-02  1.353E-01  8.875E-05  6.826E+00  5.655E+00  6.283E+00
  1.353E-01  2.214E-01  5.431E-05  1.248E+01  5.655E+00  6.283E+00
  2.214E-01  3.624E-01  3.014E-05  5.426E+00  5.655E+00  6.283E+00
  3.624E-01  5.931E-01  9.207E-06  9.365E+00  5.655E+00  6.283E+00
  5.931E-01  9.708E-01  3.181E-07  4.379E+01  5.655E+00  6.283E+00
  9.708E-01  1.589E+00  0.000E+00  0.000E+00  5.655E+00  6.283E+00
  1.589E+00  2.601E+00  0.000E+00  0.000E+00  5.655E+00  6.283E+00
  2.601E+00  4.257E+00  0.000E+00  0.000E+00  5.655E+00  6.283E+00
  4.257E+00  6.967E+00  0.000E+00  0.000E+00  5.655E+00  6.283E+00
  6.967E+00  1.140E+01  0.000E+00  0.000E+00  5.655E+00  6.283E+00
  1.140E+01  1.866E+01  0.000E+00  0.000E+00  5.655E+00  6.283E+00
  1.866E+01  3.055E+01  0.000E+00  0.000E+00  5.655E+00  6.283E+00
  3.055E+01  5.000E+01  0.000E+00  0.000E+00  5.655E+00  6.283E+00
  5.000E+01  5.000E+01  0.000E+00  0.000E+00  5.655E+00  6.283E+00

  1.000E-09  1.000E-09  0.000E+00  0.000E+00  6.283E+00  6.283E+00
  1.637E-09  1.637E-09  0.000E+00  0.000E+00  6.283E+00  6.283E+00
  2.679E-09  2.679E-09  0.000E+00  0.000E+00  6.283E+00  6.283E+00
  4.385E-09  4.385E-09  0.000E+00  0.000E+00  6.283E+00  6.283E+00
  7.177E-09  7.177E-09  0.000E+00  0.000E+00  6.283E+00  6.283E+00
  1.175E-08  1.175E-08  0.000E+00  0.000E+00  6.283E+00  6.283E+00
  1.923E-08  1.923E-08  0.000E+00  0.000E+00  6.283E+00  6.283E+00
  3.147E-08  3.147E-08  0.000E+00  0.000E+00  6.283E+00  6.283E+00
  5.150E-08  5.150E-08  0.000E+00  0.000E+00  6.283E+00  6.283E+00
  8.430E-08  8.430E-08  0.000E+00  0.000E+00  6.283E+00  6.283E+00
  1.380E-07  1.380E-07  0.000E+00  0.000E+00  6.283E+00  6.283E+00
  2.258E-07  2.258E-07  0.000E+00  0.000E+00  6.283E+00  6.283E+00
  3.696E-07  3.696E-07  0.000E+00  0.000E+00  6.283E+00  6.283E+00
  6.050E-07  6.050E-07  0.000E+00  0.000E+00  6.283E+00  6.283E+00
  9.902E-07  9.902E-07  0.000E+00  0.000E+00  6.283E+00  6.283E+00
  1.621E-06  1.621E-06  0.000E+00  0.000E+00  6.283E+00  6.283E+00
  2.653E-06  2.653E-06  0.000E+00  0.000E+00  6.283E+00  6.283E+00
  4.342E-06  4.342E-06  0.000E+00  0.000E+00  6.283E+00  6.283E+00
  7.106E-06  7.106E-06  0.000E+00  0.000E+00  6.283E+00  6.283E+00
  1.163E-05  1.163E-05  0.000E+00  0.000E+00  6.283E+00  6.283E+00
  1.904E-05  1.904E-05  0.000E+00  0.000E+00  6.283E+00  6.283E+00
  3.116E-05  3.116E-05  0.000E+00  0.000E+00  6.283E+00  6.283E+00
  5.100E-05  5.100E-05  0.000E+00  0.000E+00  6.283E+00  6.283E+00
  8.347E-05  8.347E-05  0.000E+00  0.000E+00  6.283E+00  6.283E+00
  1.366E-04  1.366E-04  0.000E+00  0.000E+00  6.283E+00  6.283E+00
  2.236E-04  2.236E-04  0.000E+00  0.000E+00  6.283E+00  6.283E+00
  3.660E-04  3.660E-04  0.000E+00  0.000E+00  6.283E+00  6.283E+00
  5.990E-04  5.990E-04  0.000E+00  0.000E+00  6.283E+00  6.283E+00
  9.804E-04  9.804E-04  0.000E+00  0.000E+00  6.283E+00  6.283E+00
  1.605E-03  1.605E-03  0.000E+00  0.000E+00  6.283E+00  6.283E+00
  2.627E-03  2.627E-03  0.000E+00  0.000E+00  6.283E+00  6.283E+00
  4.299E-03  4.299E-03  0.000E+00  0.000E+00  6.283E+00  6.283E+00
  7.036E-03  7.036E-03  0.000E+00  0.000E+00  6.283E+00  6.283E+00
  1.152E-02  1.152E-02  0.000E+00  0.000E+00  6.283E+00  6.283E+00
  1.885E-02  1.885E-02  0.000E+00  0.000E+00  6.283E+00  6.283E+00
  3.085E-02  3.085E-02  0.000E+00  0.000E+00  6.283E+00  6.283E+00
  5.050E-02  5.050E-02  0.000E+00  0.000E+00  6.283E+00  6.283E+00
  8.265E-02  8.265E-02  0.000E+00  0.000E+00  6.283E+00  6.283E+00
  1.353E-01  1.353E-01  0.000E+00  0.000E+00  6.283E+00  6.283E+00
  2.214E-01  2.214E-01  0.000E+00  0.000E+00  6.283E+00  6.283E+00
  3.624E-01  3.624E-01  0.000E+00  0.000E+00  6.283E+00  6.283E+00
  5.931E-01  5.931E-01  0.000E+00  0.000E+00  6.283E+00  6.283E+00
  9.708E-01  9.708E-01  0.000E+00  0.000E+00  6.283E+00  6.283E+00
  1.589E+00  1.589E+00  0.000E+00  0.000E+00  6.283E+00  6.283E+00
  2.601E+00  2.601E+00  0.000E+00  0.000E+00  6.283E+00  6.283E+00
  4.257E+00  4.257E+00  0.000E+00  0.000E+00  6.283E+00  6.283E+00
  6.967E+00  6.967E+00  0.000E+00  0.000E+00  6.283E+00  6.283E+00
  1.140E+01  1.140E+01  0.000E+00  0.000E+00  6.283E+00  6.283E+00
  1.866E+01  1.866E+01  0.000E+00  0.000E+00  6.283E+00  6.283E+00
  3.055E+01  3.055E+01  0.000E+00  0.000E+00  6.283E+00  6.283E+00
  5.000E+01  5.000E+01  0.000E+00  0.000E+00  6.283E+00  6.283E+00
