 # Detector n:            1   piCurrUD  (integrated over solid angle)
 # N. of energy intervals          50
  1.000E-09  1.637E-09  0.000E+00  0.000E+00
  1.637E-09  2.679E-09  0.000E+00  0.000E+00
  2.679E-09  4.385E-09  0.000E+00  0.000E+00
  4.385E-09  7.177E-09  0.000E+00  0.000E+00
  7.177E-09  1.175E-08  0.000E+00  0.000E+00
  1.175E-08  1.923E-08  0.000E+00  0.000E+00
  1.923E-08  3.147E-08  0.000E+00  0.000E+00
  3.147E-08  5.150E-08  0.000E+00  0.000E+00
  5.150E-08  8.430E-08  0.000E+00  0.000E+00
  8.430E-08  1.380E-07  0.000E+00  0.000E+00
  1.380E-07  2.258E-07  0.000E+00  0.000E+00
  2.258E-07  3.696E-07  0.000E+00  0.000E+00
  3.696E-07  6.050E-07  0.000E+00  0.000E+00
  6.050E-07  9.902E-07  0.000E+00  0.000E+00
  9.902E-07  1.621E-06  0.000E+00  0.000E+00
  1.621E-06  2.653E-06  0.000E+00  0.000E+00
  2.653E-06  4.342E-06  0.000E+00  0.000E+00
  4.342E-06  7.106E-06  0.000E+00  0.000E+00
  7.106E-06  1.163E-05  0.000E+00  0.000E+00
  1.163E-05  1.904E-05  4.501E-04  6.124E+01
  1.904E-05  3.116E-05  4.125E-04  6.667E+01
  3.116E-05  5.100E-05  1.680E-04  9.900E+01
  5.100E-05  8.347E-05  1.027E-04  6.124E+01
  8.347E-05  1.366E-04  9.408E-05  9.900E+01
  1.366E-04  2.236E-04  1.341E-04  3.642E+01
  2.236E-04  3.660E-04  1.288E-04  1.701E+01
  3.660E-04  5.990E-04  1.001E-04  4.286E+01
  5.990E-04  9.804E-04  1.442E-04  2.607E+01
  9.804E-04  1.605E-03  9.878E-05  2.204E+01
  1.605E-03  2.627E-03  7.992E-05  1.136E+01
  2.627E-03  4.299E-03  9.268E-05  5.790E+00
  4.299E-03  7.036E-03  1.017E-04  7.955E+00
  7.036E-03  1.152E-02  1.254E-04  6.288E+00
  1.152E-02  1.885E-02  2.336E-04  2.797E+00
  1.885E-02  3.085E-02  3.265E-04  1.198E+00
  3.085E-02  5.050E-02  4.520E-04  4.477E-01
  5.050E-02  8.265E-02  5.478E-04  9.554E-01
  8.265E-02  1.353E-01  5.908E-04  5.233E-01
  1.353E-01  2.214E-01  6.450E-04  8.440E-01
  2.214E-01  3.624E-01  7.056E-04  7.868E-01
  3.624E-01  5.931E-01  6.102E-04  5.826E-01
  5.931E-01  9.708E-01  4.336E-04  4.429E-01
  9.708E-01  1.589E+00  2.765E-04  3.864E-01
  1.589E+00  2.601E+00  1.628E-04  1.889E-01
  2.601E+00  4.257E+00  8.790E-05  4.272E-01
  4.257E+00  6.967E+00  4.246E-05  3.520E-01
  6.967E+00  1.140E+01  1.730E-05  6.201E-01
  1.140E+01  1.866E+01  5.242E-06  8.639E-01
  1.866E+01  3.055E+01  1.043E-06  1.229E+00
  3.055E+01  5.000E+01  5.561E-08  4.381E+00


 # double differential distributions
 # number of solid angle intervals          10
 # Block n:            1     0.00000000      :  0.628318548    
  1.000E-09  1.637E-09  0.000E+00  0.000E+00  0.000E+00  6.283E-01
  1.637E-09  2.679E-09  0.000E+00  0.000E+00  0.000E+00  6.283E-01
  2.679E-09  4.385E-09  0.000E+00  0.000E+00  0.000E+00  6.283E-01
  4.385E-09  7.177E-09  0.000E+00  0.000E+00  0.000E+00  6.283E-01
  7.177E-09  1.175E-08  0.000E+00  0.000E+00  0.000E+00  6.283E-01
  1.175E-08  1.923E-08  0.000E+00  0.000E+00  0.000E+00  6.283E-01
  1.923E-08  3.147E-08  0.000E+00  0.000E+00  0.000E+00  6.283E-01
  3.147E-08  5.150E-08  0.000E+00  0.000E+00  0.000E+00  6.283E-01
  5.150E-08  8.430E-08  0.000E+00  0.000E+00  0.000E+00  6.283E-01
  8.430E-08  1.380E-07  0.000E+00  0.000E+00  0.000E+00  6.283E-01
  1.380E-07  2.258E-07  0.000E+00  0.000E+00  0.000E+00  6.283E-01
  2.258E-07  3.696E-07  0.000E+00  0.000E+00  0.000E+00  6.283E-01
  3.696E-07  6.050E-07  0.000E+00  0.000E+00  0.000E+00  6.283E-01
  6.050E-07  9.902E-07  0.000E+00  0.000E+00  0.000E+00  6.283E-01
  9.902E-07  1.621E-06  0.000E+00  0.000E+00  0.000E+00  6.283E-01
  1.621E-06  2.653E-06  0.000E+00  0.000E+00  0.000E+00  6.283E-01
  2.653E-06  4.342E-06  0.000E+00  0.000E+00  0.000E+00  6.283E-01
  4.342E-06  7.106E-06  0.000E+00  0.000E+00  0.000E+00  6.283E-01
  7.106E-06  1.163E-05  0.000E+00  0.000E+00  0.000E+00  6.283E-01
  1.163E-05  1.904E-05  3.582E-04  9.900E+01  0.000E+00  6.283E-01
  1.904E-05  3.116E-05  0.000E+00  0.000E+00  0.000E+00  6.283E-01
  3.116E-05  5.100E-05  0.000E+00  0.000E+00  0.000E+00  6.283E-01
  5.100E-05  8.347E-05  8.169E-05  9.900E+01  0.000E+00  6.283E-01
  8.347E-05  1.366E-04  4.991E-05  9.900E+01  0.000E+00  6.283E-01
  1.366E-04  2.236E-04  0.000E+00  0.000E+00  0.000E+00  6.283E-01
  2.236E-04  3.660E-04  1.863E-05  9.900E+01  0.000E+00  6.283E-01
  3.660E-04  5.990E-04  6.830E-05  4.082E+01  0.000E+00  6.283E-01
  5.990E-04  9.804E-04  4.173E-05  3.118E+01  0.000E+00  6.283E-01
  9.804E-04  1.605E-03  3.824E-05  3.685E+01  0.000E+00  6.283E-01
  1.605E-03  2.627E-03  2.077E-05  4.677E+01  0.000E+00  6.283E-01
  2.627E-03  4.299E-03  1.427E-05  2.079E+01  0.000E+00  6.283E-01
  4.299E-03  7.036E-03  3.392E-05  1.863E+01  0.000E+00  6.283E-01
  7.036E-03  1.152E-02  3.671E-05  1.364E+01  0.000E+00  6.283E-01
  1.152E-02  1.885E-02  6.692E-05  6.837E+00  0.000E+00  6.283E-01
  1.885E-02  3.085E-02  8.597E-05  6.659E+00  0.000E+00  6.283E-01
  3.085E-02  5.050E-02  1.141E-04  2.345E+00  0.000E+00  6.283E-01
  5.050E-02  8.265E-02  1.517E-04  8.485E-01  0.000E+00  6.283E-01
  8.265E-02  1.353E-01  1.995E-04  1.944E+00  0.000E+00  6.283E-01
  1.353E-01  2.214E-01  2.681E-04  1.151E+00  0.000E+00  6.283E-01
  2.214E-01  3.624E-01  3.925E-04  9.477E-01  0.000E+00  6.283E-01
  3.624E-01  5.931E-01  4.781E-04  9.696E-01  0.000E+00  6.283E-01
  5.931E-01  9.708E-01  4.826E-04  4.914E-01  0.000E+00  6.283E-01
  9.708E-01  1.589E+00  3.899E-04  4.466E-01  0.000E+00  6.283E-01
  1.589E+00  2.601E+00  2.537E-04  2.059E-01  0.000E+00  6.283E-01
  2.601E+00  4.257E+00  1.397E-04  4.133E-01  0.000E+00  6.283E-01
  4.257E+00  6.967E+00  6.758E-05  3.520E-01  0.000E+00  6.283E-01
  6.967E+00  1.140E+01  2.753E-05  6.201E-01  0.000E+00  6.283E-01
  1.140E+01  1.866E+01  8.342E-06  8.639E-01  0.000E+00  6.283E-01
  1.866E+01  3.055E+01  1.660E-06  1.229E+00  0.000E+00  6.283E-01
  3.055E+01  5.000E+01  8.850E-08  4.381E+00  0.000E+00  6.283E-01
  5.000E+01  5.000E+01  0.000E+00  0.000E+00  0.000E+00  6.283E-01

 # Block n:            2    0.628318548      :   1.25663710    
  1.000E-09  1.637E-09  0.000E+00  0.000E+00  6.283E-01  1.257E+00
  1.637E-09  2.679E-09  0.000E+00  0.000E+00  6.283E-01  1.257E+00
  2.679E-09  4.385E-09  0.000E+00  0.000E+00  6.283E-01  1.257E+00
  4.385E-09  7.177E-09  0.000E+00  0.000E+00  6.283E-01  1.257E+00
  7.177E-09  1.175E-08  0.000E+00  0.000E+00  6.283E-01  1.257E+00
  1.175E-08  1.923E-08  0.000E+00  0.000E+00  6.283E-01  1.257E+00
  1.923E-08  3.147E-08  0.000E+00  0.000E+00  6.283E-01  1.257E+00
  3.147E-08  5.150E-08  0.000E+00  0.000E+00  6.283E-01  1.257E+00
  5.150E-08  8.430E-08  0.000E+00  0.000E+00  6.283E-01  1.257E+00
  8.430E-08  1.380E-07  0.000E+00  0.000E+00  6.283E-01  1.257E+00
  1.380E-07  2.258E-07  0.000E+00  0.000E+00  6.283E-01  1.257E+00
  2.258E-07  3.696E-07  0.000E+00  0.000E+00  6.283E-01  1.257E+00
  3.696E-07  6.050E-07  0.000E+00  0.000E+00  6.283E-01  1.257E+00
  6.050E-07  9.902E-07  0.000E+00  0.000E+00  6.283E-01  1.257E+00
  9.902E-07  1.621E-06  0.000E+00  0.000E+00  6.283E-01  1.257E+00
  1.621E-06  2.653E-06  0.000E+00  0.000E+00  6.283E-01  1.257E+00
  2.653E-06  4.342E-06  0.000E+00  0.000E+00  6.283E-01  1.257E+00
  4.342E-06  7.106E-06  0.000E+00  0.000E+00  6.283E-01  1.257E+00
  7.106E-06  1.163E-05  0.000E+00  0.000E+00  6.283E-01  1.257E+00
  1.163E-05  1.904E-05  0.000E+00  0.000E+00  6.283E-01  1.257E+00
  1.904E-05  3.116E-05  0.000E+00  0.000E+00  6.283E-01  1.257E+00
  3.116E-05  5.100E-05  0.000E+00  0.000E+00  6.283E-01  1.257E+00
  5.100E-05  8.347E-05  0.000E+00  0.000E+00  6.283E-01  1.257E+00
  8.347E-05  1.366E-04  4.991E-05  9.900E+01  6.283E-01  1.257E+00
  1.366E-04  2.236E-04  3.049E-05  9.900E+01  6.283E-01  1.257E+00
  2.236E-04  3.660E-04  3.726E-05  6.124E+01  6.283E-01  1.257E+00
  3.660E-04  5.990E-04  1.138E-05  9.900E+01  6.283E-01  1.257E+00
  5.990E-04  9.804E-04  1.391E-05  6.124E+01  6.283E-01  1.257E+00
  9.804E-04  1.605E-03  8.498E-06  9.900E+01  6.283E-01  1.257E+00
  1.605E-03  2.627E-03  2.596E-05  2.739E+01  6.283E-01  1.257E+00
  2.627E-03  4.299E-03  3.489E-05  2.551E+01  6.283E-01  1.257E+00
  4.299E-03  7.036E-03  3.101E-05  1.169E+01  6.283E-01  1.257E+00
  7.036E-03  1.152E-02  3.375E-05  7.647E+00  6.283E-01  1.257E+00
  1.152E-02  1.885E-02  6.222E-05  4.916E+00  6.283E-01  1.257E+00
  1.885E-02  3.085E-02  8.465E-05  5.624E+00  6.283E-01  1.257E+00
  3.085E-02  5.050E-02  1.196E-04  3.164E+00  6.283E-01  1.257E+00
  5.050E-02  8.265E-02  1.483E-04  1.575E+00  6.283E-01  1.257E+00
  8.265E-02  1.353E-01  1.754E-04  8.834E-01  6.283E-01  1.257E+00
  1.353E-01  2.214E-01  2.158E-04  1.600E+00  6.283E-01  1.257E+00
  2.214E-01  3.624E-01  2.638E-04  1.035E+00  6.283E-01  1.257E+00
  3.624E-01  5.931E-01  2.320E-04  6.423E-01  6.283E-01  1.257E+00
  5.931E-01  9.708E-01  1.274E-04  9.305E-01  6.283E-01  1.257E+00
  9.708E-01  1.589E+00  3.878E-05  1.627E+00  6.283E-01  1.257E+00
  1.589E+00  2.601E+00  4.897E-06  2.879E+00  6.283E-01  1.257E+00
  2.601E+00  4.257E+00  1.682E-07  1.233E+01  6.283E-01  1.257E+00
  4.257E+00  6.967E+00  0.000E+00  0.000E+00  6.283E-01  1.257E+00
  6.967E+00  1.140E+01  0.000E+00  0.000E+00  6.283E-01  1.257E+00
  1.140E+01  1.866E+01  0.000E+00  0.000E+00  6.283E-01  1.257E+00
  1.866E+01  3.055E+01  0.000E+00  0.000E+00  6.283E-01  1.257E+00
  3.055E+01  5.000E+01  0.000E+00  0.000E+00  6.283E-01  1.257E+00
  5.000E+01  5.000E+01  0.000E+00  0.000E+00  6.283E-01  1.257E+00

 # Block n:            3     1.25663710      :   1.88495564    
  1.000E-09  1.637E-09  0.000E+00  0.000E+00  1.257E+00  1.885E+00
  1.637E-09  2.679E-09  0.000E+00  0.000E+00  1.257E+00  1.885E+00
  2.679E-09  4.385E-09  0.000E+00  0.000E+00  1.257E+00  1.885E+00
  4.385E-09  7.177E-09  0.000E+00  0.000E+00  1.257E+00  1.885E+00
  7.177E-09  1.175E-08  0.000E+00  0.000E+00  1.257E+00  1.885E+00
  1.175E-08  1.923E-08  0.000E+00  0.000E+00  1.257E+00  1.885E+00
  1.923E-08  3.147E-08  0.000E+00  0.000E+00  1.257E+00  1.885E+00
  3.147E-08  5.150E-08  0.000E+00  0.000E+00  1.257E+00  1.885E+00
  5.150E-08  8.430E-08  0.000E+00  0.000E+00  1.257E+00  1.885E+00
  8.430E-08  1.380E-07  0.000E+00  0.000E+00  1.257E+00  1.885E+00
  1.380E-07  2.258E-07  0.000E+00  0.000E+00  1.257E+00  1.885E+00
  2.258E-07  3.696E-07  0.000E+00  0.000E+00  1.257E+00  1.885E+00
  3.696E-07  6.050E-07  0.000E+00  0.000E+00  1.257E+00  1.885E+00
  6.050E-07  9.902E-07  0.000E+00  0.000E+00  1.257E+00  1.885E+00
  9.902E-07  1.621E-06  0.000E+00  0.000E+00  1.257E+00  1.885E+00
  1.621E-06  2.653E-06  0.000E+00  0.000E+00  1.257E+00  1.885E+00
  2.653E-06  4.342E-06  0.000E+00  0.000E+00  1.257E+00  1.885E+00
  4.342E-06  7.106E-06  0.000E+00  0.000E+00  1.257E+00  1.885E+00
  7.106E-06  1.163E-05  0.000E+00  0.000E+00  1.257E+00  1.885E+00
  1.163E-05  1.904E-05  3.582E-04  9.900E+01  1.257E+00  1.885E+00
  1.904E-05  3.116E-05  4.377E-04  6.124E+01  1.257E+00  1.885E+00
  3.116E-05  5.100E-05  1.337E-04  9.900E+01  1.257E+00  1.885E+00
  5.100E-05  8.347E-05  8.169E-05  9.900E+01  1.257E+00  1.885E+00
  8.347E-05  1.366E-04  0.000E+00  0.000E+00  1.257E+00  1.885E+00
  1.366E-04  2.236E-04  3.049E-05  9.900E+01  1.257E+00  1.885E+00
  2.236E-04  3.660E-04  1.863E-05  9.900E+01  1.257E+00  1.885E+00
  3.660E-04  5.990E-04  2.277E-05  6.124E+01  1.257E+00  1.885E+00
  5.990E-04  9.804E-04  5.564E-05  5.078E+01  1.257E+00  1.885E+00
  9.804E-04  1.605E-03  2.549E-05  4.082E+01  1.257E+00  1.885E+00
  1.605E-03  2.627E-03  2.336E-05  3.685E+01  1.257E+00  1.885E+00
  2.627E-03  4.299E-03  2.221E-05  2.369E+01  1.257E+00  1.885E+00
  4.299E-03  7.036E-03  1.841E-05  1.289E+01  1.257E+00  1.885E+00
  7.036E-03  1.152E-02  3.375E-05  1.060E+01  1.257E+00  1.885E+00
  1.152E-02  1.885E-02  5.571E-05  6.445E+00  1.257E+00  1.885E+00
  1.885E-02  3.085E-02  7.735E-05  6.078E+00  1.257E+00  1.885E+00
  3.085E-02  5.050E-02  1.092E-04  2.697E+00  1.257E+00  1.885E+00
  5.050E-02  8.265E-02  1.345E-04  3.378E+00  1.257E+00  1.885E+00
  8.265E-02  1.353E-01  1.544E-04  1.218E+00  1.257E+00  1.885E+00
  1.353E-01  2.214E-01  1.743E-04  1.338E+00  1.257E+00  1.885E+00
  2.214E-01  3.624E-01  1.777E-04  9.370E-01  1.257E+00  1.885E+00
  3.624E-01  5.931E-01  1.196E-04  4.346E-01  1.257E+00  1.885E+00
  5.931E-01  9.708E-01  4.642E-05  7.107E-01  1.257E+00  1.885E+00
  9.708E-01  1.589E+00  8.235E-06  1.603E+00  1.257E+00  1.885E+00
  1.589E+00  2.601E+00  4.352E-07  7.992E+00  1.257E+00  1.885E+00
  2.601E+00  4.257E+00  4.805E-09  6.667E+01  1.257E+00  1.885E+00
  4.257E+00  6.967E+00  0.000E+00  0.000E+00  1.257E+00  1.885E+00
  6.967E+00  1.140E+01  0.000E+00  0.000E+00  1.257E+00  1.885E+00
  1.140E+01  1.866E+01  0.000E+00  0.000E+00  1.257E+00  1.885E+00
  1.866E+01  3.055E+01  0.000E+00  0.000E+00  1.257E+00  1.885E+00
  3.055E+01  5.000E+01  0.000E+00  0.000E+00  1.257E+00  1.885E+00
  5.000E+01  5.000E+01  0.000E+00  0.000E+00  1.257E+00  1.885E+00

 # Block n:            4     1.88495564      :   2.51327419    
  1.000E-09  1.637E-09  0.000E+00  0.000E+00  1.885E+00  2.513E+00
  1.637E-09  2.679E-09  0.000E+00  0.000E+00  1.885E+00  2.513E+00
  2.679E-09  4.385E-09  0.000E+00  0.000E+00  1.885E+00  2.513E+00
  4.385E-09  7.177E-09  0.000E+00  0.000E+00  1.885E+00  2.513E+00
  7.177E-09  1.175E-08  0.000E+00  0.000E+00  1.885E+00  2.513E+00
  1.175E-08  1.923E-08  0.000E+00  0.000E+00  1.885E+00  2.513E+00
  1.923E-08  3.147E-08  0.000E+00  0.000E+00  1.885E+00  2.513E+00
  3.147E-08  5.150E-08  0.000E+00  0.000E+00  1.885E+00  2.513E+00
  5.150E-08  8.430E-08  0.000E+00  0.000E+00  1.885E+00  2.513E+00
  8.430E-08  1.380E-07  0.000E+00  0.000E+00  1.885E+00  2.513E+00
  1.380E-07  2.258E-07  0.000E+00  0.000E+00  1.885E+00  2.513E+00
  2.258E-07  3.696E-07  0.000E+00  0.000E+00  1.885E+00  2.513E+00
  3.696E-07  6.050E-07  0.000E+00  0.000E+00  1.885E+00  2.513E+00
  6.050E-07  9.902E-07  0.000E+00  0.000E+00  1.885E+00  2.513E+00
  9.902E-07  1.621E-06  0.000E+00  0.000E+00  1.885E+00  2.513E+00
  1.621E-06  2.653E-06  0.000E+00  0.000E+00  1.885E+00  2.513E+00
  2.653E-06  4.342E-06  0.000E+00  0.000E+00  1.885E+00  2.513E+00
  4.342E-06  7.106E-06  0.000E+00  0.000E+00  1.885E+00  2.513E+00
  7.106E-06  1.163E-05  0.000E+00  0.000E+00  1.885E+00  2.513E+00
  1.163E-05  1.904E-05  0.000E+00  0.000E+00  1.885E+00  2.513E+00
  1.904E-05  3.116E-05  0.000E+00  0.000E+00  1.885E+00  2.513E+00
  3.116E-05  5.100E-05  1.337E-04  9.900E+01  1.885E+00  2.513E+00
  5.100E-05  8.347E-05  0.000E+00  0.000E+00  1.885E+00  2.513E+00
  8.347E-05  1.366E-04  4.991E-05  9.900E+01  1.885E+00  2.513E+00
  1.366E-04  2.236E-04  6.099E-05  6.124E+01  1.885E+00  2.513E+00
  2.236E-04  3.660E-04  3.726E-05  6.124E+01  1.885E+00  2.513E+00
  3.660E-04  5.990E-04  0.000E+00  0.000E+00  1.885E+00  2.513E+00
  5.990E-04  9.804E-04  3.477E-05  4.472E+01  1.885E+00  2.513E+00
  9.804E-04  1.605E-03  1.275E-05  4.082E+01  1.885E+00  2.513E+00
  1.605E-03  2.627E-03  1.558E-05  3.118E+01  1.885E+00  2.513E+00
  2.627E-03  4.299E-03  2.855E-05  2.422E+01  1.885E+00  2.513E+00
  4.299E-03  7.036E-03  2.423E-05  1.789E+01  1.885E+00  2.513E+00
  7.036E-03  1.152E-02  3.020E-05  1.293E+01  1.885E+00  2.513E+00
  1.152E-02  1.885E-02  5.896E-05  1.146E+01  1.885E+00  2.513E+00
  1.885E-02  3.085E-02  7.757E-05  5.687E+00  1.885E+00  2.513E+00
  3.085E-02  5.050E-02  1.017E-04  2.686E+00  1.885E+00  2.513E+00
  5.050E-02  8.265E-02  1.340E-04  2.360E+00  1.885E+00  2.513E+00
  8.265E-02  1.353E-01  1.282E-04  9.604E-01  1.885E+00  2.513E+00
  1.353E-01  2.214E-01  1.323E-04  1.304E+00  1.885E+00  2.513E+00
  2.214E-01  3.624E-01  1.184E-04  1.829E+00  1.885E+00  2.513E+00
  3.624E-01  5.931E-01  6.569E-05  9.390E-01  1.885E+00  2.513E+00
  5.931E-01  9.708E-01  1.936E-05  2.521E+00  1.885E+00  2.513E+00
  9.708E-01  1.589E+00  2.309E-06  1.544E+00  1.885E+00  2.513E+00
  1.589E+00  2.601E+00  6.554E-08  8.944E+00  1.885E+00  2.513E+00
  2.601E+00  4.257E+00  0.000E+00  0.000E+00  1.885E+00  2.513E+00
  4.257E+00  6.967E+00  0.000E+00  0.000E+00  1.885E+00  2.513E+00
  6.967E+00  1.140E+01  0.000E+00  0.000E+00  1.885E+00  2.513E+00
  1.140E+01  1.866E+01  0.000E+00  0.000E+00  1.885E+00  2.513E+00
  1.866E+01  3.055E+01  0.000E+00  0.000E+00  1.885E+00  2.513E+00
  3.055E+01  5.000E+01  0.000E+00  0.000E+00  1.885E+00  2.513E+00
  5.000E+01  5.000E+01  0.000E+00  0.000E+00  1.885E+00  2.513E+00

 # Block n:            5     2.51327419      :   3.14159274    
  1.000E-09  1.637E-09  0.000E+00  0.000E+00  2.513E+00  3.142E+00
  1.637E-09  2.679E-09  0.000E+00  0.000E+00  2.513E+00  3.142E+00
  2.679E-09  4.385E-09  0.000E+00  0.000E+00  2.513E+00  3.142E+00
  4.385E-09  7.177E-09  0.000E+00  0.000E+00  2.513E+00  3.142E+00
  7.177E-09  1.175E-08  0.000E+00  0.000E+00  2.513E+00  3.142E+00
  1.175E-08  1.923E-08  0.000E+00  0.000E+00  2.513E+00  3.142E+00
  1.923E-08  3.147E-08  0.000E+00  0.000E+00  2.513E+00  3.142E+00
  3.147E-08  5.150E-08  0.000E+00  0.000E+00  2.513E+00  3.142E+00
  5.150E-08  8.430E-08  0.000E+00  0.000E+00  2.513E+00  3.142E+00
  8.430E-08  1.380E-07  0.000E+00  0.000E+00  2.513E+00  3.142E+00
  1.380E-07  2.258E-07  0.000E+00  0.000E+00  2.513E+00  3.142E+00
  2.258E-07  3.696E-07  0.000E+00  0.000E+00  2.513E+00  3.142E+00
  3.696E-07  6.050E-07  0.000E+00  0.000E+00  2.513E+00  3.142E+00
  6.050E-07  9.902E-07  0.000E+00  0.000E+00  2.513E+00  3.142E+00
  9.902E-07  1.621E-06  0.000E+00  0.000E+00  2.513E+00  3.142E+00
  1.621E-06  2.653E-06  0.000E+00  0.000E+00  2.513E+00  3.142E+00
  2.653E-06  4.342E-06  0.000E+00  0.000E+00  2.513E+00  3.142E+00
  4.342E-06  7.106E-06  0.000E+00  0.000E+00  2.513E+00  3.142E+00
  7.106E-06  1.163E-05  0.000E+00  0.000E+00  2.513E+00  3.142E+00
  1.163E-05  1.904E-05  0.000E+00  0.000E+00  2.513E+00  3.142E+00
  1.904E-05  3.116E-05  0.000E+00  0.000E+00  2.513E+00  3.142E+00
  3.116E-05  5.100E-05  0.000E+00  0.000E+00  2.513E+00  3.142E+00
  5.100E-05  8.347E-05  0.000E+00  0.000E+00  2.513E+00  3.142E+00
  8.347E-05  1.366E-04  0.000E+00  0.000E+00  2.513E+00  3.142E+00
  1.366E-04  2.236E-04  3.049E-05  9.900E+01  2.513E+00  3.142E+00
  2.236E-04  3.660E-04  5.589E-05  6.667E+01  2.513E+00  3.142E+00
  3.660E-04  5.990E-04  0.000E+00  0.000E+00  2.513E+00  3.142E+00
  5.990E-04  9.804E-04  3.477E-05  5.477E+01  2.513E+00  3.142E+00
  9.804E-04  1.605E-03  1.700E-05  4.677E+01  2.513E+00  3.142E+00
  1.605E-03  2.627E-03  7.788E-06  4.082E+01  2.513E+00  3.142E+00
  2.627E-03  4.299E-03  1.745E-05  2.650E+01  2.513E+00  3.142E+00
  4.299E-03  7.036E-03  2.326E-05  1.215E+01  2.513E+00  3.142E+00
  7.036E-03  1.152E-02  1.954E-05  2.376E+01  2.513E+00  3.142E+00
  1.152E-02  1.885E-02  3.473E-05  9.660E+00  2.513E+00  3.142E+00
  1.885E-02  3.085E-02  6.210E-05  1.981E+00  2.513E+00  3.142E+00
  3.085E-02  5.050E-02  8.682E-05  2.655E+00  2.513E+00  3.142E+00
  5.050E-02  8.265E-02  1.021E-04  1.983E+00  2.513E+00  3.142E+00
  8.265E-02  1.353E-01  1.025E-04  3.236E+00  2.513E+00  3.142E+00
  1.353E-01  2.214E-01  9.476E-05  1.227E+00  2.513E+00  3.142E+00
  2.214E-01  3.624E-01  7.438E-05  2.564E+00  2.513E+00  3.142E+00
  3.624E-01  5.931E-01  3.830E-05  2.031E+00  2.513E+00  3.142E+00
  5.931E-01  9.708E-01  8.428E-06  3.682E+00  2.513E+00  3.142E+00
  9.708E-01  1.589E+00  6.608E-07  2.597E+00  2.513E+00  3.142E+00
  1.589E+00  2.601E+00  1.049E-08  4.677E+01  2.513E+00  3.142E+00
  2.601E+00  4.257E+00  0.000E+00  0.000E+00  2.513E+00  3.142E+00
  4.257E+00  6.967E+00  0.000E+00  0.000E+00  2.513E+00  3.142E+00
  6.967E+00  1.140E+01  0.000E+00  0.000E+00  2.513E+00  3.142E+00
  1.140E+01  1.866E+01  0.000E+00  0.000E+00  2.513E+00  3.142E+00
  1.866E+01  3.055E+01  0.000E+00  0.000E+00  2.513E+00  3.142E+00
  3.055E+01  5.000E+01  0.000E+00  0.000E+00  2.513E+00  3.142E+00
  5.000E+01  5.000E+01  0.000E+00  0.000E+00  2.513E+00  3.142E+00

 # Block n:            6     3.14159274      :   3.76991129    
  1.000E-09  1.637E-09  0.000E+00  0.000E+00  3.142E+00  3.770E+00
  1.637E-09  2.679E-09  0.000E+00  0.000E+00  3.142E+00  3.770E+00
  2.679E-09  4.385E-09  0.000E+00  0.000E+00  3.142E+00  3.770E+00
  4.385E-09  7.177E-09  0.000E+00  0.000E+00  3.142E+00  3.770E+00
  7.177E-09  1.175E-08  0.000E+00  0.000E+00  3.142E+00  3.770E+00
  1.175E-08  1.923E-08  0.000E+00  0.000E+00  3.142E+00  3.770E+00
  1.923E-08  3.147E-08  0.000E+00  0.000E+00  3.142E+00  3.770E+00
  3.147E-08  5.150E-08  0.000E+00  0.000E+00  3.142E+00  3.770E+00
  5.150E-08  8.430E-08  0.000E+00  0.000E+00  3.142E+00  3.770E+00
  8.430E-08  1.380E-07  0.000E+00  0.000E+00  3.142E+00  3.770E+00
  1.380E-07  2.258E-07  0.000E+00  0.000E+00  3.142E+00  3.770E+00
  2.258E-07  3.696E-07  0.000E+00  0.000E+00  3.142E+00  3.770E+00
  3.696E-07  6.050E-07  0.000E+00  0.000E+00  3.142E+00  3.770E+00
  6.050E-07  9.902E-07  0.000E+00  0.000E+00  3.142E+00  3.770E+00
  9.902E-07  1.621E-06  0.000E+00  0.000E+00  3.142E+00  3.770E+00
  1.621E-06  2.653E-06  0.000E+00  0.000E+00  3.142E+00  3.770E+00
  2.653E-06  4.342E-06  0.000E+00  0.000E+00  3.142E+00  3.770E+00
  4.342E-06  7.106E-06  0.000E+00  0.000E+00  3.142E+00  3.770E+00
  7.106E-06  1.163E-05  0.000E+00  0.000E+00  3.142E+00  3.770E+00
  1.163E-05  1.904E-05  0.000E+00  0.000E+00  3.142E+00  3.770E+00
  1.904E-05  3.116E-05  0.000E+00  0.000E+00  3.142E+00  3.770E+00
  3.116E-05  5.100E-05  0.000E+00  0.000E+00  3.142E+00  3.770E+00
  5.100E-05  8.347E-05  0.000E+00  0.000E+00  3.142E+00  3.770E+00
  8.347E-05  1.366E-04  0.000E+00  0.000E+00  3.142E+00  3.770E+00
  1.366E-04  2.236E-04  6.099E-05  9.900E+01  3.142E+00  3.770E+00
  2.236E-04  3.660E-04  0.000E+00  0.000E+00  3.142E+00  3.770E+00
  3.660E-04  5.990E-04  0.000E+00  0.000E+00  3.142E+00  3.770E+00
  5.990E-04  9.804E-04  1.391E-05  9.900E+01  3.142E+00  3.770E+00
  9.804E-04  1.605E-03  2.124E-05  6.325E+01  3.142E+00  3.770E+00
  1.605E-03  2.627E-03  1.558E-05  4.082E+01  3.142E+00  3.770E+00
  2.627E-03  4.299E-03  6.344E-06  4.677E+01  3.142E+00  3.770E+00
  4.299E-03  7.036E-03  1.357E-05  7.143E+00  3.142E+00  3.770E+00
  7.036E-03  1.152E-02  2.368E-05  2.271E+01  3.142E+00  3.770E+00
  1.152E-02  1.885E-02  3.871E-05  9.416E+00  3.142E+00  3.770E+00
  1.885E-02  3.085E-02  4.840E-05  6.474E+00  3.142E+00  3.770E+00
  3.085E-02  5.050E-02  6.941E-05  1.320E+00  3.142E+00  3.770E+00
  5.050E-02  8.265E-02  7.928E-05  3.325E+00  3.142E+00  3.770E+00
  8.265E-02  1.353E-01  7.399E-05  2.595E+00  3.142E+00  3.770E+00
  1.353E-01  2.214E-01  6.267E-05  3.699E+00  3.142E+00  3.770E+00
  2.214E-01  3.624E-01  4.645E-05  1.173E+00  3.142E+00  3.770E+00
  3.624E-01  5.931E-01  1.961E-05  3.060E+00  3.142E+00  3.770E+00
  5.931E-01  9.708E-01  3.603E-06  2.901E+00  3.142E+00  3.770E+00
  9.708E-01  1.589E+00  1.287E-07  1.179E+01  3.142E+00  3.770E+00
  1.589E+00  2.601E+00  0.000E+00  0.000E+00  3.142E+00  3.770E+00
  2.601E+00  4.257E+00  0.000E+00  0.000E+00  3.142E+00  3.770E+00
  4.257E+00  6.967E+00  0.000E+00  0.000E+00  3.142E+00  3.770E+00
  6.967E+00  1.140E+01  0.000E+00  0.000E+00  3.142E+00  3.770E+00
  1.140E+01  1.866E+01  0.000E+00  0.000E+00  3.142E+00  3.770E+00
  1.866E+01  3.055E+01  0.000E+00  0.000E+00  3.142E+00  3.770E+00
  3.055E+01  5.000E+01  0.000E+00  0.000E+00  3.142E+00  3.770E+00
  5.000E+01  5.000E+01  0.000E+00  0.000E+00  3.142E+00  3.770E+00

 # Block n:            7     3.76991129      :   4.39822960    
  1.000E-09  1.637E-09  0.000E+00  0.000E+00  3.770E+00  4.398E+00
  1.637E-09  2.679E-09  0.000E+00  0.000E+00  3.770E+00  4.398E+00
  2.679E-09  4.385E-09  0.000E+00  0.000E+00  3.770E+00  4.398E+00
  4.385E-09  7.177E-09  0.000E+00  0.000E+00  3.770E+00  4.398E+00
  7.177E-09  1.175E-08  0.000E+00  0.000E+00  3.770E+00  4.398E+00
  1.175E-08  1.923E-08  0.000E+00  0.000E+00  3.770E+00  4.398E+00
  1.923E-08  3.147E-08  0.000E+00  0.000E+00  3.770E+00  4.398E+00
  3.147E-08  5.150E-08  0.000E+00  0.000E+00  3.770E+00  4.398E+00
  5.150E-08  8.430E-08  0.000E+00  0.000E+00  3.770E+00  4.398E+00
  8.430E-08  1.380E-07  0.000E+00  0.000E+00  3.770E+00  4.398E+00
  1.380E-07  2.258E-07  0.000E+00  0.000E+00  3.770E+00  4.398E+00
  2.258E-07  3.696E-07  0.000E+00  0.000E+00  3.770E+00  4.398E+00
  3.696E-07  6.050E-07  0.000E+00  0.000E+00  3.770E+00  4.398E+00
  6.050E-07  9.902E-07  0.000E+00  0.000E+00  3.770E+00  4.398E+00
  9.902E-07  1.621E-06  0.000E+00  0.000E+00  3.770E+00  4.398E+00
  1.621E-06  2.653E-06  0.000E+00  0.000E+00  3.770E+00  4.398E+00
  2.653E-06  4.342E-06  0.000E+00  0.000E+00  3.770E+00  4.398E+00
  4.342E-06  7.106E-06  0.000E+00  0.000E+00  3.770E+00  4.398E+00
  7.106E-06  1.163E-05  0.000E+00  0.000E+00  3.770E+00  4.398E+00
  1.163E-05  1.904E-05  0.000E+00  0.000E+00  3.770E+00  4.398E+00
  1.904E-05  3.116E-05  0.000E+00  0.000E+00  3.770E+00  4.398E+00
  3.116E-05  5.100E-05  0.000E+00  0.000E+00  3.770E+00  4.398E+00
  5.100E-05  8.347E-05  0.000E+00  0.000E+00  3.770E+00  4.398E+00
  8.347E-05  1.366E-04  0.000E+00  0.000E+00  3.770E+00  4.398E+00
  1.366E-04  2.236E-04  0.000E+00  0.000E+00  3.770E+00  4.398E+00
  2.236E-04  3.660E-04  0.000E+00  0.000E+00  3.770E+00  4.398E+00
  3.660E-04  5.990E-04  1.138E-05  9.900E+01  3.770E+00  4.398E+00
  5.990E-04  9.804E-04  2.782E-05  2.500E+01  3.770E+00  4.398E+00
  9.804E-04  1.605E-03  8.498E-06  6.124E+01  3.770E+00  4.398E+00
  1.605E-03  2.627E-03  2.596E-06  9.900E+01  3.770E+00  4.398E+00
  2.627E-03  4.299E-03  6.344E-06  4.677E+01  3.770E+00  4.398E+00
  4.299E-03  7.036E-03  4.845E-06  3.162E+01  3.770E+00  4.398E+00
  7.036E-03  1.152E-02  8.881E-06  1.054E+01  3.770E+00  4.398E+00
  1.152E-02  1.885E-02  2.532E-05  5.051E+00  3.770E+00  4.398E+00
  1.885E-02  3.085E-02  3.404E-05  6.445E+00  3.770E+00  4.398E+00
  3.085E-02  5.050E-02  5.577E-05  2.777E+00  3.770E+00  4.398E+00
  5.050E-02  8.265E-02  5.354E-05  4.468E+00  3.770E+00  4.398E+00
  8.265E-02  1.353E-01  5.126E-05  2.950E-01  3.770E+00  4.398E+00
  1.353E-01  2.214E-01  3.997E-05  1.293E+00  3.770E+00  4.398E+00
  2.214E-01  3.624E-01  2.612E-05  2.263E+00  3.770E+00  4.398E+00
  3.624E-01  5.931E-01  9.886E-06  1.300E+00  3.770E+00  4.398E+00
  5.931E-01  9.708E-01  1.552E-06  9.339E+00  3.770E+00  4.398E+00
  9.708E-01  1.589E+00  2.146E-08  4.472E+01  3.770E+00  4.398E+00
  1.589E+00  2.601E+00  0.000E+00  0.000E+00  3.770E+00  4.398E+00
  2.601E+00  4.257E+00  0.000E+00  0.000E+00  3.770E+00  4.398E+00
  4.257E+00  6.967E+00  0.000E+00  0.000E+00  3.770E+00  4.398E+00
  6.967E+00  1.140E+01  0.000E+00  0.000E+00  3.770E+00  4.398E+00
  1.140E+01  1.866E+01  0.000E+00  0.000E+00  3.770E+00  4.398E+00
  1.866E+01  3.055E+01  0.000E+00  0.000E+00  3.770E+00  4.398E+00
  3.055E+01  5.000E+01  0.000E+00  0.000E+00  3.770E+00  4.398E+00
  5.000E+01  5.000E+01  0.000E+00  0.000E+00  3.770E+00  4.398E+00

 # Block n:            8     4.39822960      :   5.02654839    
  1.000E-09  1.637E-09  0.000E+00  0.000E+00  4.398E+00  5.027E+00
  1.637E-09  2.679E-09  0.000E+00  0.000E+00  4.398E+00  5.027E+00
  2.679E-09  4.385E-09  0.000E+00  0.000E+00  4.398E+00  5.027E+00
  4.385E-09  7.177E-09  0.000E+00  0.000E+00  4.398E+00  5.027E+00
  7.177E-09  1.175E-08  0.000E+00  0.000E+00  4.398E+00  5.027E+00
  1.175E-08  1.923E-08  0.000E+00  0.000E+00  4.398E+00  5.027E+00
  1.923E-08  3.147E-08  0.000E+00  0.000E+00  4.398E+00  5.027E+00
  3.147E-08  5.150E-08  0.000E+00  0.000E+00  4.398E+00  5.027E+00
  5.150E-08  8.430E-08  0.000E+00  0.000E+00  4.398E+00  5.027E+00
  8.430E-08  1.380E-07  0.000E+00  0.000E+00  4.398E+00  5.027E+00
  1.380E-07  2.258E-07  0.000E+00  0.000E+00  4.398E+00  5.027E+00
  2.258E-07  3.696E-07  0.000E+00  0.000E+00  4.398E+00  5.027E+00
  3.696E-07  6.050E-07  0.000E+00  0.000E+00  4.398E+00  5.027E+00
  6.050E-07  9.902E-07  0.000E+00  0.000E+00  4.398E+00  5.027E+00
  9.902E-07  1.621E-06  0.000E+00  0.000E+00  4.398E+00  5.027E+00
  1.621E-06  2.653E-06  0.000E+00  0.000E+00  4.398E+00  5.027E+00
  2.653E-06  4.342E-06  0.000E+00  0.000E+00  4.398E+00  5.027E+00
  4.342E-06  7.106E-06  0.000E+00  0.000E+00  4.398E+00  5.027E+00
  7.106E-06  1.163E-05  0.000E+00  0.000E+00  4.398E+00  5.027E+00
  1.163E-05  1.904E-05  0.000E+00  0.000E+00  4.398E+00  5.027E+00
  1.904E-05  3.116E-05  2.188E-04  9.900E+01  4.398E+00  5.027E+00
  3.116E-05  5.100E-05  0.000E+00  0.000E+00  4.398E+00  5.027E+00
  5.100E-05  8.347E-05  0.000E+00  0.000E+00  4.398E+00  5.027E+00
  8.347E-05  1.366E-04  0.000E+00  0.000E+00  4.398E+00  5.027E+00
  1.366E-04  2.236E-04  0.000E+00  0.000E+00  4.398E+00  5.027E+00
  2.236E-04  3.660E-04  3.726E-05  6.124E+01  4.398E+00  5.027E+00
  3.660E-04  5.990E-04  2.277E-05  9.900E+01  4.398E+00  5.027E+00
  5.990E-04  9.804E-04  6.954E-06  9.900E+01  4.398E+00  5.027E+00
  9.804E-04  1.605E-03  4.249E-06  9.900E+01  4.398E+00  5.027E+00
  1.605E-03  2.627E-03  7.788E-06  4.082E+01  4.398E+00  5.027E+00
  2.627E-03  4.299E-03  4.758E-06  6.667E+01  4.398E+00  5.027E+00
  4.299E-03  7.036E-03  3.876E-06  4.677E+01  4.398E+00  5.027E+00
  7.036E-03  1.152E-02  7.697E-06  3.768E+01  4.398E+00  5.027E+00
  1.152E-02  1.885E-02  1.700E-05  1.564E+01  4.398E+00  5.027E+00
  1.885E-02  3.085E-02  2.807E-05  1.401E+01  4.398E+00  5.027E+00
  3.085E-02  5.050E-02  3.470E-05  3.403E+00  4.398E+00  5.027E+00
  5.050E-02  8.265E-02  3.943E-05  3.200E+00  4.398E+00  5.027E+00
  8.265E-02  1.353E-01  3.145E-05  4.258E+00  4.398E+00  5.027E+00
  1.353E-01  2.214E-01  2.417E-05  2.540E+00  4.398E+00  5.027E+00
  2.214E-01  3.624E-01  1.424E-05  3.240E+00  4.398E+00  5.027E+00
  3.624E-01  5.931E-01  5.299E-06  2.938E+00  4.398E+00  5.027E+00
  5.931E-01  9.708E-01  5.127E-07  1.858E+01  4.398E+00  5.027E+00
  9.708E-01  1.589E+00  1.287E-08  4.082E+01  4.398E+00  5.027E+00
  1.589E+00  2.601E+00  0.000E+00  0.000E+00  4.398E+00  5.027E+00
  2.601E+00  4.257E+00  0.000E+00  0.000E+00  4.398E+00  5.027E+00
  4.257E+00  6.967E+00  0.000E+00  0.000E+00  4.398E+00  5.027E+00
  6.967E+00  1.140E+01  0.000E+00  0.000E+00  4.398E+00  5.027E+00
  1.140E+01  1.866E+01  0.000E+00  0.000E+00  4.398E+00  5.027E+00
  1.866E+01  3.055E+01  0.000E+00  0.000E+00  4.398E+00  5.027E+00
  3.055E+01  5.000E+01  0.000E+00  0.000E+00  4.398E+00  5.027E+00
  5.000E+01  5.000E+01  0.000E+00  0.000E+00  4.398E+00  5.027E+00

 # Block n:            9     5.02654839      :   5.65486717    
  1.000E-09  1.637E-09  0.000E+00  0.000E+00  5.027E+00  5.655E+00
  1.637E-09  2.679E-09  0.000E+00  0.000E+00  5.027E+00  5.655E+00
  2.679E-09  4.385E-09  0.000E+00  0.000E+00  5.027E+00  5.655E+00
  4.385E-09  7.177E-09  0.000E+00  0.000E+00  5.027E+00  5.655E+00
  7.177E-09  1.175E-08  0.000E+00  0.000E+00  5.027E+00  5.655E+00
  1.175E-08  1.923E-08  0.000E+00  0.000E+00  5.027E+00  5.655E+00
  1.923E-08  3.147E-08  0.000E+00  0.000E+00  5.027E+00  5.655E+00
  3.147E-08  5.150E-08  0.000E+00  0.000E+00  5.027E+00  5.655E+00
  5.150E-08  8.430E-08  0.000E+00  0.000E+00  5.027E+00  5.655E+00
  8.430E-08  1.380E-07  0.000E+00  0.000E+00  5.027E+00  5.655E+00
  1.380E-07  2.258E-07  0.000E+00  0.000E+00  5.027E+00  5.655E+00
  2.258E-07  3.696E-07  0.000E+00  0.000E+00  5.027E+00  5.655E+00
  3.696E-07  6.050E-07  0.000E+00  0.000E+00  5.027E+00  5.655E+00
  6.050E-07  9.902E-07  0.000E+00  0.000E+00  5.027E+00  5.655E+00
  9.902E-07  1.621E-06  0.000E+00  0.000E+00  5.027E+00  5.655E+00
  1.621E-06  2.653E-06  0.000E+00  0.000E+00  5.027E+00  5.655E+00
  2.653E-06  4.342E-06  0.000E+00  0.000E+00  5.027E+00  5.655E+00
  4.342E-06  7.106E-06  0.000E+00  0.000E+00  5.027E+00  5.655E+00
  7.106E-06  1.163E-05  0.000E+00  0.000E+00  5.027E+00  5.655E+00
  1.163E-05  1.904E-05  0.000E+00  0.000E+00  5.027E+00  5.655E+00
  1.904E-05  3.116E-05  0.000E+00  0.000E+00  5.027E+00  5.655E+00
  3.116E-05  5.100E-05  0.000E+00  0.000E+00  5.027E+00  5.655E+00
  5.100E-05  8.347E-05  0.000E+00  0.000E+00  5.027E+00  5.655E+00
  8.347E-05  1.366E-04  0.000E+00  0.000E+00  5.027E+00  5.655E+00
  1.366E-04  2.236E-04  0.000E+00  0.000E+00  5.027E+00  5.655E+00
  2.236E-04  3.660E-04  0.000E+00  0.000E+00  5.027E+00  5.655E+00
  3.660E-04  5.990E-04  1.138E-05  9.900E+01  5.027E+00  5.655E+00
  5.990E-04  9.804E-04  0.000E+00  0.000E+00  5.027E+00  5.655E+00
  9.804E-04  1.605E-03  1.700E-05  6.124E+01  5.027E+00  5.655E+00
  1.605E-03  2.627E-03  2.596E-06  9.900E+01  5.027E+00  5.655E+00
  2.627E-03  4.299E-03  9.516E-06  3.118E+01  5.027E+00  5.655E+00
  4.299E-03  7.036E-03  5.814E-06  3.118E+01  5.027E+00  5.655E+00
  7.036E-03  1.152E-02  5.329E-06  4.082E+01  5.027E+00  5.655E+00
  1.152E-02  1.885E-02  9.405E-06  1.763E+01  5.027E+00  5.655E+00
  1.885E-02  3.085E-02  1.591E-05  7.795E+00  5.027E+00  5.655E+00
  3.085E-02  5.050E-02  2.066E-05  7.566E+00  5.027E+00  5.655E+00
  5.050E-02  8.265E-02  2.178E-05  2.498E+00  5.027E+00  5.655E+00
  8.265E-02  1.353E-01  1.830E-05  7.602E+00  5.027E+00  5.655E+00
  1.353E-01  2.214E-01  1.143E-05  6.284E+00  5.027E+00  5.655E+00
  2.214E-01  3.624E-01  7.394E-06  5.554E+00  5.027E+00  5.655E+00
  3.624E-01  5.931E-01  2.058E-06  2.849E+00  5.027E+00  5.655E+00
  5.931E-01  9.708E-01  1.405E-07  1.768E+01  5.027E+00  5.655E+00
  9.708E-01  1.589E+00  0.000E+00  0.000E+00  5.027E+00  5.655E+00
  1.589E+00  2.601E+00  0.000E+00  0.000E+00  5.027E+00  5.655E+00
  2.601E+00  4.257E+00  0.000E+00  0.000E+00  5.027E+00  5.655E+00
  4.257E+00  6.967E+00  0.000E+00  0.000E+00  5.027E+00  5.655E+00
  6.967E+00  1.140E+01  0.000E+00  0.000E+00  5.027E+00  5.655E+00
  1.140E+01  1.866E+01  0.000E+00  0.000E+00  5.027E+00  5.655E+00
  1.866E+01  3.055E+01  0.000E+00  0.000E+00  5.027E+00  5.655E+00
  3.055E+01  5.000E+01  0.000E+00  0.000E+00  5.027E+00  5.655E+00
  5.000E+01  5.000E+01  0.000E+00  0.000E+00  5.027E+00  5.655E+00

 # Block n:           10     5.65486717      :   6.28318548    
  1.000E-09  1.637E-09  0.000E+00  0.000E+00  5.655E+00  6.283E+00
  1.637E-09  2.679E-09  0.000E+00  0.000E+00  5.655E+00  6.283E+00
  2.679E-09  4.385E-09  0.000E+00  0.000E+00  5.655E+00  6.283E+00
  4.385E-09  7.177E-09  0.000E+00  0.000E+00  5.655E+00  6.283E+00
  7.177E-09  1.175E-08  0.000E+00  0.000E+00  5.655E+00  6.283E+00
  1.175E-08  1.923E-08  0.000E+00  0.000E+00  5.655E+00  6.283E+00
  1.923E-08  3.147E-08  0.000E+00  0.000E+00  5.655E+00  6.283E+00
  3.147E-08  5.150E-08  0.000E+00  0.000E+00  5.655E+00  6.283E+00
  5.150E-08  8.430E-08  0.000E+00  0.000E+00  5.655E+00  6.283E+00
  8.430E-08  1.380E-07  0.000E+00  0.000E+00  5.655E+00  6.283E+00
  1.380E-07  2.258E-07  0.000E+00  0.000E+00  5.655E+00  6.283E+00
  2.258E-07  3.696E-07  0.000E+00  0.000E+00  5.655E+00  6.283E+00
  3.696E-07  6.050E-07  0.000E+00  0.000E+00  5.655E+00  6.283E+00
  6.050E-07  9.902E-07  0.000E+00  0.000E+00  5.655E+00  6.283E+00
  9.902E-07  1.621E-06  0.000E+00  0.000E+00  5.655E+00  6.283E+00
  1.621E-06  2.653E-06  0.000E+00  0.000E+00  5.655E+00  6.283E+00
  2.653E-06  4.342E-06  0.000E+00  0.000E+00  5.655E+00  6.283E+00
  4.342E-06  7.106E-06  0.000E+00  0.000E+00  5.655E+00  6.283E+00
  7.106E-06  1.163E-05  0.000E+00  0.000E+00  5.655E+00  6.283E+00
  1.163E-05  1.904E-05  0.000E+00  0.000E+00  5.655E+00  6.283E+00
  1.904E-05  3.116E-05  0.000E+00  0.000E+00  5.655E+00  6.283E+00
  3.116E-05  5.100E-05  0.000E+00  0.000E+00  5.655E+00  6.283E+00
  5.100E-05  8.347E-05  0.000E+00  0.000E+00  5.655E+00  6.283E+00
  8.347E-05  1.366E-04  0.000E+00  0.000E+00  5.655E+00  6.283E+00
  1.366E-04  2.236E-04  0.000E+00  0.000E+00  5.655E+00  6.283E+00
  2.236E-04  3.660E-04  0.000E+00  0.000E+00  5.655E+00  6.283E+00
  3.660E-04  5.990E-04  1.138E-05  9.900E+01  5.655E+00  6.283E+00
  5.990E-04  9.804E-04  0.000E+00  0.000E+00  5.655E+00  6.283E+00
  9.804E-04  1.605E-03  4.249E-06  9.900E+01  5.655E+00  6.283E+00
  1.605E-03  2.627E-03  5.192E-06  6.124E+01  5.655E+00  6.283E+00
  2.627E-03  4.299E-03  3.172E-06  6.124E+01  5.655E+00  6.283E+00
  4.299E-03  7.036E-03  2.907E-06  6.667E+01  5.655E+00  6.283E+00
  7.036E-03  1.152E-02  0.000E+00  0.000E+00  5.655E+00  6.283E+00
  1.152E-02  1.885E-02  2.894E-06  2.500E+01  5.655E+00  6.283E+00
  1.885E-02  3.085E-02  5.525E-06  2.191E+01  5.655E+00  6.283E+00
  3.085E-02  5.050E-02  7.427E-06  1.317E+01  5.655E+00  6.283E+00
  5.050E-02  8.265E-02  7.342E-06  2.285E+01  5.655E+00  6.283E+00
  8.265E-02  1.353E-01  5.242E-06  4.136E+00  5.655E+00  6.283E+00
  1.353E-01  2.214E-01  2.987E-06  6.011E+00  5.655E+00  6.283E+00
  2.214E-01  3.624E-01  1.863E-06  5.392E+00  5.655E+00  6.283E+00
  3.624E-01  5.931E-01  5.978E-07  8.917E+00  5.655E+00  6.283E+00
  5.931E-01  9.708E-01  2.107E-08  4.082E+01  5.655E+00  6.283E+00
  9.708E-01  1.589E+00  0.000E+00  0.000E+00  5.655E+00  6.283E+00
  1.589E+00  2.601E+00  0.000E+00  0.000E+00  5.655E+00  6.283E+00
  2.601E+00  4.257E+00  0.000E+00  0.000E+00  5.655E+00  6.283E+00
  4.257E+00  6.967E+00  0.000E+00  0.000E+00  5.655E+00  6.283E+00
  6.967E+00  1.140E+01  0.000E+00  0.000E+00  5.655E+00  6.283E+00
  1.140E+01  1.866E+01  0.000E+00  0.000E+00  5.655E+00  6.283E+00
  1.866E+01  3.055E+01  0.000E+00  0.000E+00  5.655E+00  6.283E+00
  3.055E+01  5.000E+01  0.000E+00  0.000E+00  5.655E+00  6.283E+00
  5.000E+01  5.000E+01  0.000E+00  0.000E+00  5.655E+00  6.283E+00

  1.000E-09  1.000E-09  0.000E+00  0.000E+00  6.283E+00  6.283E+00
  1.637E-09  1.637E-09  0.000E+00  0.000E+00  6.283E+00  6.283E+00
  2.679E-09  2.679E-09  0.000E+00  0.000E+00  6.283E+00  6.283E+00
  4.385E-09  4.385E-09  0.000E+00  0.000E+00  6.283E+00  6.283E+00
  7.177E-09  7.177E-09  0.000E+00  0.000E+00  6.283E+00  6.283E+00
  1.175E-08  1.175E-08  0.000E+00  0.000E+00  6.283E+00  6.283E+00
  1.923E-08  1.923E-08  0.000E+00  0.000E+00  6.283E+00  6.283E+00
  3.147E-08  3.147E-08  0.000E+00  0.000E+00  6.283E+00  6.283E+00
  5.150E-08  5.150E-08  0.000E+00  0.000E+00  6.283E+00  6.283E+00
  8.430E-08  8.430E-08  0.000E+00  0.000E+00  6.283E+00  6.283E+00
  1.380E-07  1.380E-07  0.000E+00  0.000E+00  6.283E+00  6.283E+00
  2.258E-07  2.258E-07  0.000E+00  0.000E+00  6.283E+00  6.283E+00
  3.696E-07  3.696E-07  0.000E+00  0.000E+00  6.283E+00  6.283E+00
  6.050E-07  6.050E-07  0.000E+00  0.000E+00  6.283E+00  6.283E+00
  9.902E-07  9.902E-07  0.000E+00  0.000E+00  6.283E+00  6.283E+00
  1.621E-06  1.621E-06  0.000E+00  0.000E+00  6.283E+00  6.283E+00
  2.653E-06  2.653E-06  0.000E+00  0.000E+00  6.283E+00  6.283E+00
  4.342E-06  4.342E-06  0.000E+00  0.000E+00  6.283E+00  6.283E+00
  7.106E-06  7.106E-06  0.000E+00  0.000E+00  6.283E+00  6.283E+00
  1.163E-05  1.163E-05  0.000E+00  0.000E+00  6.283E+00  6.283E+00
  1.904E-05  1.904E-05  0.000E+00  0.000E+00  6.283E+00  6.283E+00
  3.116E-05  3.116E-05  0.000E+00  0.000E+00  6.283E+00  6.283E+00
  5.100E-05  5.100E-05  0.000E+00  0.000E+00  6.283E+00  6.283E+00
  8.347E-05  8.347E-05  0.000E+00  0.000E+00  6.283E+00  6.283E+00
  1.366E-04  1.366E-04  0.000E+00  0.000E+00  6.283E+00  6.283E+00
  2.236E-04  2.236E-04  0.000E+00  0.000E+00  6.283E+00  6.283E+00
  3.660E-04  3.660E-04  0.000E+00  0.000E+00  6.283E+00  6.283E+00
  5.990E-04  5.990E-04  0.000E+00  0.000E+00  6.283E+00  6.283E+00
  9.804E-04  9.804E-04  0.000E+00  0.000E+00  6.283E+00  6.283E+00
  1.605E-03  1.605E-03  0.000E+00  0.000E+00  6.283E+00  6.283E+00
  2.627E-03  2.627E-03  0.000E+00  0.000E+00  6.283E+00  6.283E+00
  4.299E-03  4.299E-03  0.000E+00  0.000E+00  6.283E+00  6.283E+00
  7.036E-03  7.036E-03  0.000E+00  0.000E+00  6.283E+00  6.283E+00
  1.152E-02  1.152E-02  0.000E+00  0.000E+00  6.283E+00  6.283E+00
  1.885E-02  1.885E-02  0.000E+00  0.000E+00  6.283E+00  6.283E+00
  3.085E-02  3.085E-02  0.000E+00  0.000E+00  6.283E+00  6.283E+00
  5.050E-02  5.050E-02  0.000E+00  0.000E+00  6.283E+00  6.283E+00
  8.265E-02  8.265E-02  0.000E+00  0.000E+00  6.283E+00  6.283E+00
  1.353E-01  1.353E-01  0.000E+00  0.000E+00  6.283E+00  6.283E+00
  2.214E-01  2.214E-01  0.000E+00  0.000E+00  6.283E+00  6.283E+00
  3.624E-01  3.624E-01  0.000E+00  0.000E+00  6.283E+00  6.283E+00
  5.931E-01  5.931E-01  0.000E+00  0.000E+00  6.283E+00  6.283E+00
  9.708E-01  9.708E-01  0.000E+00  0.000E+00  6.283E+00  6.283E+00
  1.589E+00  1.589E+00  0.000E+00  0.000E+00  6.283E+00  6.283E+00
  2.601E+00  2.601E+00  0.000E+00  0.000E+00  6.283E+00  6.283E+00
  4.257E+00  4.257E+00  0.000E+00  0.000E+00  6.283E+00  6.283E+00
  6.967E+00  6.967E+00  0.000E+00  0.000E+00  6.283E+00  6.283E+00
  1.140E+01  1.140E+01  0.000E+00  0.000E+00  6.283E+00  6.283E+00
  1.866E+01  1.866E+01  0.000E+00  0.000E+00  6.283E+00  6.283E+00
  3.055E+01  3.055E+01  0.000E+00  0.000E+00  6.283E+00  6.283E+00
  5.000E+01  5.000E+01  0.000E+00  0.000E+00  6.283E+00  6.283E+00
