2026-04-30 23:17:16,912 - INFO - Generated: rs2_ep-1_step1.inp | T=6.0, W=17.0x5.0, NPS=600000, BEAMPOS=-30.0
2026-04-30 23:26:10,734 - INFO - FLUKA OK: rs2_ep-1_step1.inp (531.4s)
2026-04-30 23:26:29,069 - INFO - Ep-1 Step1: Reward=31.3051 | Success=True
2026-04-30 23:26:29,436 - INFO - Eval 1: Reward=31.3051  State=[6.0, 17.0, 5.0, 600000.0, -30.0]
2026-04-30 23:26:29,462 - INFO - New Best: 31.3051 at eval 1
2026-04-30 23:26:30,240 - INFO - Generated: rs2_ep-1_step2.inp | T=3.0, W=7.0x11.0, NPS=600000, BEAMPOS=-45.0
2026-04-30 23:29:31,375 - INFO - FLUKA OK: rs2_ep-1_step2.inp (180.4s)
2026-04-30 23:29:31,448 - INFO - Ep-1 Step2: Reward=28.1851 | Success=True
2026-04-30 23:29:31,448 - INFO - Eval 2: Reward=28.1851  State=[3.0, 7.0, 11.0, 600000.0, -45.0]
2026-04-30 23:29:31,503 - INFO - Generated: rs2_ep-1_step3.inp | T=8.5, W=11.0x13.0, NPS=900000, BEAMPOS=-20.0
2026-04-30 23:39:31,820 - ERROR - FLUKA failed: Command '['rfluka', '-M', '5', 'rs2_ep-1_step3.inp']' timed out after 600 seconds
2026-04-30 23:39:31,829 - WARNING - Eval 3 failed (total failed=1)
2026-04-30 23:39:31,841 - INFO - Generated: rs2_ep-1_step4.inp | T=4.0, W=5.0x16.0, NPS=200000, BEAMPOS=-40.0
2026-04-30 23:44:13,470 - INFO - FLUKA OK: rs2_ep-1_step4.inp (281.5s)
2026-04-30 23:44:15,882 - INFO - Ep-1 Step4: Reward=22.6621 | Success=True
2026-04-30 23:44:15,941 - INFO - Eval 3: Reward=22.6621  State=[4.0, 5.0, 16.0, 200000.0, -40.0]
2026-04-30 23:44:16,042 - INFO - Generated: rs2_ep-1_step5.inp | T=4.5, W=18.0x8.0, NPS=500000, BEAMPOS=-40.0
2026-04-30 23:48:13,331 - INFO - FLUKA OK: rs2_ep-1_step5.inp (237.2s)
2026-04-30 23:48:13,405 - INFO - Ep-1 Step5: Reward=21.9262 | Success=True
2026-04-30 23:48:13,405 - INFO - Eval 4: Reward=21.9262  State=[4.5, 18.0, 8.0, 500000.0, -40.0]
2026-04-30 23:48:13,441 - INFO - Generated: rs2_ep-1_step6.inp | T=8.0, W=12.0x10.0, NPS=500000, BEAMPOS=-45.0
2026-04-30 23:57:20,838 - INFO - FLUKA OK: rs2_ep-1_step6.inp (547.4s)
2026-04-30 23:57:22,726 - INFO - Ep-1 Step6: Reward=35.0786 | Success=True
2026-04-30 23:57:22,727 - INFO - Eval 5: Reward=35.0786  State=[8.0, 12.0, 10.0, 500000.0, -45.0]
2026-04-30 23:57:22,830 - INFO - New Best: 35.0786 at eval 5
2026-04-30 23:57:23,537 - INFO - Generated: rs2_ep-1_step7.inp | T=6.0, W=12.0x18.0, NPS=200000, BEAMPOS=-35.0
2026-04-30 23:59:55,808 - INFO - FLUKA OK: rs2_ep-1_step7.inp (152.3s)
2026-04-30 23:59:56,532 - INFO - Ep-1 Step7: Reward=21.4691 | Success=True
2026-04-30 23:59:56,533 - INFO - Eval 6: Reward=21.4691  State=[6.0, 12.0, 18.0, 200000.0, -35.0]
2026-04-30 23:59:56,586 - INFO - Generated: rs2_ep-1_step8.inp | T=5.0, W=14.0x18.0, NPS=1000000, BEAMPOS=-10.0
2026-04-30 23:59:58,179 - ERROR - FLUKA failed: Command '['rfluka', '-M', '5', 'rs2_ep-1_step8.inp']' returned non-zero exit status 12.
2026-04-30 23:59:58,179 - WARNING - Eval 8 failed (total failed=2)
2026-04-30 23:59:58,179 - INFO - Generated: rs2_ep-1_step9.inp | T=3.0, W=16.0x18.0, NPS=800000, BEAMPOS=-35.0
2026-05-01 00:04:34,025 - INFO - FLUKA OK: rs2_ep-1_step9.inp (275.8s)
2026-05-01 00:04:34,071 - INFO - Ep-1 Step9: Reward=18.0527 | Success=True
2026-05-01 00:04:34,104 - INFO - Eval 7: Reward=18.0527  State=[3.0, 16.0, 18.0, 800000.0, -35.0]
2026-05-01 00:04:34,120 - INFO - Generated: rs2_ep-1_step10.inp | T=9.0, W=6.0x9.0, NPS=100000, BEAMPOS=-30.0
2026-05-01 00:06:28,926 - INFO - FLUKA OK: rs2_ep-1_step10.inp (114.7s)
2026-05-01 00:06:29,920 - INFO - Ep-1 Step10: Reward=-0.4327 | Success=True
2026-05-01 00:06:29,920 - INFO - Eval 8: Reward=-0.4327  State=[9.0, 6.0, 9.0, 100000.0, -30.0]
2026-05-01 00:06:29,920 - INFO - Generated: rs2_ep-1_step11.inp | T=3.0, W=15.0x11.0, NPS=900000, BEAMPOS=-30.0
2026-05-01 00:11:36,647 - INFO - FLUKA OK: rs2_ep-1_step11.inp (306.7s)
2026-05-01 00:11:37,092 - INFO - Ep-1 Step11: Reward=15.4355 | Success=True
2026-05-01 00:11:37,093 - INFO - Eval 9: Reward=15.4355  State=[3.0, 15.0, 11.0, 900000.0, -30.0]
2026-05-01 00:11:37,184 - INFO - Generated: rs2_ep-1_step12.inp | T=4.0, W=11.0x17.0, NPS=200000, BEAMPOS=-15.0
2026-05-01 00:13:17,164 - INFO - FLUKA OK: rs2_ep-1_step12.inp (100.0s)
2026-05-01 00:13:17,236 - INFO - Ep-1 Step12: Reward=24.4771 | Success=True
2026-05-01 00:13:17,236 - INFO - Eval 10: Reward=24.4771  State=[4.0, 11.0, 17.0, 200000.0, -15.0]
2026-05-01 00:13:17,392 - INFO - Generated: rs2_ep-1_step13.inp | T=4.0, W=19.0x17.0, NPS=200000, BEAMPOS=-15.0
2026-05-01 00:14:57,708 - INFO - FLUKA OK: rs2_ep-1_step13.inp (100.3s)
2026-05-01 00:14:57,851 - INFO - Ep-1 Step13: Reward=19.5763 | Success=True
2026-05-01 00:14:57,852 - INFO - Eval 11: Reward=19.5763  State=[4.0, 19.0, 17.0, 200000.0, -15.0]
2026-05-01 00:14:57,852 - INFO - Generated: rs2_ep-1_step14.inp | T=6.5, W=16.0x15.0, NPS=300000, BEAMPOS=-20.0
2026-05-01 00:18:49,305 - INFO - FLUKA OK: rs2_ep-1_step14.inp (231.5s)
2026-05-01 00:18:49,574 - INFO - Ep-1 Step14: Reward=24.0011 | Success=True
2026-05-01 00:18:49,575 - INFO - Eval 12: Reward=24.0011  State=[6.5, 16.0, 15.0, 300000.0, -20.0]
2026-05-01 00:18:49,587 - INFO - Generated: rs2_ep-1_step15.inp | T=9.0, W=12.0x15.0, NPS=300000, BEAMPOS=-10.0
2026-05-01 00:24:27,071 - INFO - FLUKA OK: rs2_ep-1_step15.inp (337.5s)
2026-05-01 00:24:27,812 - INFO - Ep-1 Step15: Reward=35.2734 | Success=True
2026-05-01 00:24:27,812 - INFO - Eval 13: Reward=35.2734  State=[9.0, 12.0, 15.0, 300000.0, -10.0]
2026-05-01 00:24:27,906 - INFO - New Best: 35.2734 at eval 13
2026-05-01 00:24:28,003 - INFO - Generated: rs2_ep-1_step16.inp | T=8.0, W=17.0x12.0, NPS=300000, BEAMPOS=-45.0
2026-05-01 00:29:25,029 - INFO - FLUKA OK: rs2_ep-1_step16.inp (297.0s)
2026-05-01 00:29:25,354 - INFO - Ep-1 Step16: Reward=29.2978 | Success=True
2026-05-01 00:29:25,354 - INFO - Eval 14: Reward=29.2978  State=[8.0, 17.0, 12.0, 300000.0, -45.0]
2026-05-01 00:29:25,355 - INFO - Generated: rs2_ep-1_step17.inp | T=7.0, W=14.0x10.0, NPS=700000, BEAMPOS=-45.0
2026-05-01 00:38:59,432 - INFO - FLUKA OK: rs2_ep-1_step17.inp (574.1s)
2026-05-01 00:38:59,792 - INFO - Ep-1 Step17: Reward=40.5478 | Success=True
2026-05-01 00:38:59,793 - INFO - Eval 15: Reward=40.5478  State=[7.0, 14.0, 10.0, 700000.0, -45.0]
2026-05-01 00:38:59,793 - INFO - New Best: 40.5478 at eval 15
2026-05-01 00:38:59,793 - INFO - Generated: rs2_ep-1_step18.inp | T=3.5, W=7.0x15.0, NPS=1000000, BEAMPOS=-15.0
2026-05-01 00:39:00,517 - ERROR - FLUKA failed: Command '['rfluka', '-M', '5', 'rs2_ep-1_step18.inp']' returned non-zero exit status 12.
2026-05-01 00:39:00,517 - WARNING - Eval 18 failed (total failed=3)
2026-05-01 00:39:00,518 - INFO - Generated: rs2_ep-1_step19.inp | T=7.5, W=10.0x10.0, NPS=900000, BEAMPOS=-30.0
2026-05-01 00:49:00,700 - ERROR - FLUKA failed: Command '['rfluka', '-M', '5', 'rs2_ep-1_step19.inp']' timed out after 600 seconds
2026-05-01 00:49:00,728 - WARNING - Eval 19 failed (total failed=4)
2026-05-01 00:49:00,767 - INFO - Generated: rs2_ep-1_step20.inp | T=10.0, W=8.0x17.0, NPS=500000, BEAMPOS=-45.0
2026-05-01 00:59:00,892 - ERROR - FLUKA failed: Command '['rfluka', '-M', '5', 'rs2_ep-1_step20.inp']' timed out after 600 seconds
2026-05-01 00:59:00,918 - WARNING - Eval 20 failed (total failed=5)
2026-05-01 00:59:00,945 - INFO - Generated: rs2_ep-1_step21.inp | T=3.0, W=8.0x6.0, NPS=1000000, BEAMPOS=-10.0
2026-05-01 00:59:01,819 - ERROR - FLUKA failed: Command '['rfluka', '-M', '5', 'rs2_ep-1_step21.inp']' returned non-zero exit status 12.
2026-05-01 00:59:01,819 - WARNING - Eval 21 failed (total failed=6)
2026-05-01 00:59:01,819 - INFO - Generated: rs2_ep-1_step22.inp | T=7.0, W=7.0x16.0, NPS=500000, BEAMPOS=-10.0
2026-05-01 01:06:02,719 - INFO - FLUKA OK: rs2_ep-1_step22.inp (420.9s)
2026-05-01 01:06:02,850 - INFO - Ep-1 Step22: Reward=30.9636 | Success=True
2026-05-01 01:06:02,850 - INFO - Eval 16: Reward=30.9636  State=[7.0, 7.0, 16.0, 500000.0, -10.0]
2026-05-01 01:06:02,863 - INFO - Generated: rs2_ep-1_step23.inp | T=4.0, W=13.0x10.0, NPS=100000, BEAMPOS=-40.0
2026-05-01 01:07:01,780 - INFO - FLUKA OK: rs2_ep-1_step23.inp (58.9s)
2026-05-01 01:07:01,873 - INFO - Ep-1 Step23: Reward=20.3003 | Success=True
2026-05-01 01:07:01,874 - INFO - Eval 17: Reward=20.3003  State=[4.0, 13.0, 10.0, 100000.0, -40.0]
2026-05-01 01:07:01,874 - INFO - Generated: rs2_ep-1_step24.inp | T=2.0, W=6.0x14.0, NPS=200000, BEAMPOS=-25.0
2026-05-01 01:08:01,253 - INFO - FLUKA OK: rs2_ep-1_step24.inp (59.4s)
2026-05-01 01:08:01,404 - INFO - Ep-1 Step24: Reward=16.4058 | Success=True
2026-05-01 01:08:01,407 - INFO - Eval 18: Reward=16.4058  State=[2.0, 6.0, 14.0, 200000.0, -25.0]
2026-05-01 01:08:01,407 - INFO - Generated: rs2_ep-1_step25.inp | T=10.0, W=7.0x12.0, NPS=800000, BEAMPOS=-35.0
2026-05-01 01:18:01,445 - ERROR - FLUKA failed: Command '['rfluka', '-M', '5', 'rs2_ep-1_step25.inp']' timed out after 600 seconds
2026-05-01 01:18:01,456 - WARNING - Eval 25 failed (total failed=7)
2026-05-01 01:18:01,456 - INFO - Generated: rs2_ep-1_step26.inp | T=4.0, W=8.0x20.0, NPS=700000, BEAMPOS=-25.0
2026-05-01 01:23:35,489 - INFO - FLUKA OK: rs2_ep-1_step26.inp (334.0s)
2026-05-01 01:23:35,899 - INFO - Ep-1 Step26: Reward=21.5987 | Success=True
2026-05-01 01:23:35,901 - INFO - Eval 19: Reward=21.5987  State=[4.0, 8.0, 20.0, 700000.0, -25.0]
2026-05-01 01:23:35,924 - INFO - Generated: rs2_ep-1_step27.inp | T=5.5, W=15.0x16.0, NPS=500000, BEAMPOS=-20.0
2026-05-01 01:29:13,120 - INFO - FLUKA OK: rs2_ep-1_step27.inp (337.2s)
2026-05-01 01:29:13,263 - INFO - Ep-1 Step27: Reward=29.0246 | Success=True
2026-05-01 01:29:13,263 - INFO - Eval 20: Reward=29.0246  State=[5.5, 15.0, 16.0, 500000.0, -20.0]
2026-05-01 01:29:13,263 - INFO - Generated: rs2_ep-1_step28.inp | T=6.5, W=11.0x8.0, NPS=900000, BEAMPOS=-10.0
2026-05-01 01:39:13,346 - ERROR - FLUKA failed: Command '['rfluka', '-M', '5', 'rs2_ep-1_step28.inp']' timed out after 600 seconds
2026-05-01 01:39:13,374 - WARNING - Eval 28 failed (total failed=8)
2026-05-01 01:39:13,390 - INFO - Generated: rs2_ep-1_step29.inp | T=5.5, W=14.0x8.0, NPS=200000, BEAMPOS=-10.0
2026-05-01 01:41:36,205 - INFO - FLUKA OK: rs2_ep-1_step29.inp (142.8s)
2026-05-01 01:41:36,817 - INFO - Ep-1 Step29: Reward=22.1166 | Success=True
2026-05-01 01:41:36,817 - INFO - Eval 21: Reward=22.1166  State=[5.5, 14.0, 8.0, 200000.0, -10.0]
2026-05-01 01:41:36,817 - INFO - Generated: rs2_ep-1_step30.inp | T=3.0, W=15.0x17.0, NPS=700000, BEAMPOS=-20.0
2026-05-01 01:45:35,160 - INFO - FLUKA OK: rs2_ep-1_step30.inp (238.3s)
2026-05-01 01:45:35,457 - INFO - Ep-1 Step30: Reward=-1.7383 | Success=True
2026-05-01 01:45:35,458 - INFO - Eval 22: Reward=-1.7383  State=[3.0, 15.0, 17.0, 700000.0, -20.0]
2026-05-01 01:45:35,466 - INFO - Generated: rs2_ep-1_step31.inp | T=5.0, W=12.0x7.0, NPS=800000, BEAMPOS=-15.0
2026-05-01 01:53:10,542 - INFO - FLUKA OK: rs2_ep-1_step31.inp (455.1s)
2026-05-01 01:53:10,644 - INFO - Ep-1 Step31: Reward=26.7282 | Success=True
2026-05-01 01:53:10,644 - INFO - Eval 23: Reward=26.7282  State=[5.0, 12.0, 7.0, 800000.0, -15.0]
2026-05-01 01:53:10,646 - INFO - Generated: rs2_ep-1_step32.inp | T=10.0, W=16.0x7.0, NPS=400000, BEAMPOS=-45.0
2026-05-01 02:01:19,281 - INFO - FLUKA OK: rs2_ep-1_step32.inp (488.6s)
2026-05-01 02:01:19,870 - INFO - Ep-1 Step32: Reward=34.3127 | Success=True
2026-05-01 02:01:19,873 - INFO - Eval 24: Reward=34.3127  State=[10.0, 16.0, 7.0, 400000.0, -45.0]
2026-05-01 02:01:19,873 - INFO - Generated: rs2_ep-1_step33.inp | T=2.5, W=19.0x18.0, NPS=400000, BEAMPOS=-50.0
2026-05-01 02:03:21,744 - INFO - FLUKA OK: rs2_ep-1_step33.inp (121.9s)
2026-05-01 02:03:21,809 - INFO - Ep-1 Step33: Reward=20.6162 | Success=True
2026-05-01 02:03:21,810 - INFO - Eval 25: Reward=20.6162  State=[2.5, 19.0, 18.0, 400000.0, -50.0]
2026-05-01 02:03:21,811 - INFO - Generated: rs2_ep-1_step34.inp | T=6.0, W=9.0x17.0, NPS=600000, BEAMPOS=-35.0
2026-05-01 02:10:13,650 - INFO - FLUKA OK: rs2_ep-1_step34.inp (411.8s)
2026-05-01 02:10:14,357 - INFO - Ep-1 Step34: Reward=27.7201 | Success=True
2026-05-01 02:10:14,360 - INFO - Eval 26: Reward=27.7201  State=[6.0, 9.0, 17.0, 600000.0, -35.0]
2026-05-01 02:10:14,360 - INFO - Generated: rs2_ep-1_step35.inp | T=5.5, W=16.0x10.0, NPS=300000, BEAMPOS=-25.0
2026-05-01 02:13:30,689 - INFO - FLUKA OK: rs2_ep-1_step35.inp (196.3s)
2026-05-01 02:13:30,783 - INFO - Ep-1 Step35: Reward=22.9742 | Success=True
2026-05-01 02:13:30,783 - INFO - Eval 27: Reward=22.9742  State=[5.5, 16.0, 10.0, 300000.0, -25.0]
2026-05-01 02:13:30,783 - INFO - Generated: rs2_ep-1_step36.inp | T=8.0, W=11.0x7.0, NPS=700000, BEAMPOS=-20.0
2026-05-01 02:23:30,874 - ERROR - FLUKA failed: Command '['rfluka', '-M', '5', 'rs2_ep-1_step36.inp']' timed out after 600 seconds
2026-05-01 02:23:30,874 - WARNING - Eval 36 failed (total failed=9)
2026-05-01 02:23:30,922 - INFO - Generated: rs2_ep-1_step37.inp | T=7.0, W=7.0x6.0, NPS=100000, BEAMPOS=-25.0
2026-05-01 02:25:02,961 - INFO - FLUKA OK: rs2_ep-1_step37.inp (92.0s)
2026-05-01 02:25:03,510 - INFO - Ep-1 Step37: Reward=23.7405 | Success=True
2026-05-01 02:25:03,513 - INFO - Eval 28: Reward=23.7405  State=[7.0, 7.0, 6.0, 100000.0, -25.0]
2026-05-01 02:25:03,513 - INFO - Generated: rs2_ep-1_step38.inp | T=2.5, W=19.0x13.0, NPS=200000, BEAMPOS=-15.0
2026-05-01 02:26:14,456 - INFO - FLUKA OK: rs2_ep-1_step38.inp (70.9s)
2026-05-01 02:26:14,508 - INFO - Ep-1 Step38: Reward=16.1665 | Success=True
2026-05-01 02:26:14,509 - INFO - Eval 29: Reward=16.1665  State=[2.5, 19.0, 13.0, 200000.0, -15.0]
2026-05-01 02:26:14,509 - INFO - Generated: rs2_ep-1_step39.inp | T=6.5, W=7.0x14.0, NPS=200000, BEAMPOS=-35.0
2026-05-01 02:28:50,893 - INFO - FLUKA OK: rs2_ep-1_step39.inp (156.4s)
2026-05-01 02:28:51,362 - INFO - Ep-1 Step39: Reward=20.2065 | Success=True
2026-05-01 02:28:51,363 - INFO - Eval 30: Reward=20.2065  State=[6.5, 7.0, 14.0, 200000.0, -35.0]
2026-05-01 02:28:51,437 - INFO - Generated: rs2_ep-1_step40.inp | T=2.5, W=20.0x17.0, NPS=200000, BEAMPOS=-50.0
2026-05-01 02:30:03,525 - INFO - FLUKA OK: rs2_ep-1_step40.inp (72.1s)
2026-05-01 02:30:03,597 - INFO - Ep-1 Step40: Reward=-6.0434 | Success=True
2026-05-01 02:30:03,597 - INFO - Eval 31: Reward=-6.0434  State=[2.5, 20.0, 17.0, 200000.0, -50.0]
2026-05-01 02:30:03,597 - INFO - Generated: rs2_ep-1_step41.inp | T=5.0, W=15.0x18.0, NPS=1000000, BEAMPOS=-45.0
2026-05-01 02:30:04,095 - ERROR - FLUKA failed: Command '['rfluka', '-M', '5', 'rs2_ep-1_step41.inp']' returned non-zero exit status 12.
2026-05-01 02:30:04,095 - WARNING - Eval 41 failed (total failed=10)
2026-05-01 02:30:04,095 - INFO - Generated: rs2_ep-1_step42.inp | T=4.5, W=6.0x18.0, NPS=100000, BEAMPOS=-15.0
2026-05-01 02:31:08,455 - INFO - FLUKA OK: rs2_ep-1_step42.inp (64.4s)
2026-05-01 02:31:09,065 - INFO - Ep-1 Step42: Reward=20.5292 | Success=True
2026-05-01 02:31:09,066 - INFO - Eval 32: Reward=20.5292  State=[4.5, 6.0, 18.0, 100000.0, -15.0]
2026-05-01 02:31:09,066 - INFO - Generated: rs2_ep-1_step43.inp | T=6.5, W=9.0x10.0, NPS=1000000, BEAMPOS=-30.0
2026-05-01 02:31:09,681 - ERROR - FLUKA failed: Command '['rfluka', '-M', '5', 'rs2_ep-1_step43.inp']' returned non-zero exit status 12.
2026-05-01 02:31:09,681 - WARNING - Eval 43 failed (total failed=11)
2026-05-01 02:31:09,683 - INFO - Generated: rs2_ep-1_step44.inp | T=6.0, W=11.0x16.0, NPS=100000, BEAMPOS=-40.0
2026-05-01 02:32:36,502 - INFO - FLUKA OK: rs2_ep-1_step44.inp (86.8s)
2026-05-01 02:32:36,545 - INFO - Ep-1 Step44: Reward=28.7891 | Success=True
2026-05-01 02:32:36,545 - INFO - Eval 33: Reward=28.7891  State=[6.0, 11.0, 16.0, 100000.0, -40.0]
2026-05-01 02:32:36,545 - INFO - Generated: rs2_ep-1_step45.inp | T=2.0, W=19.0x17.0, NPS=300000, BEAMPOS=-25.0
2026-05-01 02:34:07,489 - INFO - FLUKA OK: rs2_ep-1_step45.inp (90.9s)
2026-05-01 02:34:07,584 - INFO - Ep-1 Step45: Reward=18.0929 | Success=True
2026-05-01 02:34:07,584 - INFO - Eval 34: Reward=18.0929  State=[2.0, 19.0, 17.0, 300000.0, -25.0]
2026-05-01 02:34:07,584 - INFO - Generated: rs2_ep-1_step46.inp | T=5.5, W=6.0x11.0, NPS=300000, BEAMPOS=-35.0
2026-05-01 02:37:19,048 - INFO - FLUKA OK: rs2_ep-1_step46.inp (191.5s)
2026-05-01 02:37:19,305 - INFO - Ep-1 Step46: Reward=24.6093 | Success=True
2026-05-01 02:37:19,305 - INFO - Eval 35: Reward=24.6093  State=[5.5, 6.0, 11.0, 300000.0, -35.0]
2026-05-01 02:37:19,305 - INFO - Generated: rs2_ep-1_step47.inp | T=8.5, W=8.0x20.0, NPS=800000, BEAMPOS=-15.0
2026-05-01 02:47:19,408 - ERROR - FLUKA failed: Command '['rfluka', '-M', '5', 'rs2_ep-1_step47.inp']' timed out after 600 seconds
2026-05-01 02:47:19,408 - WARNING - Eval 47 failed (total failed=12)
2026-05-01 02:47:19,408 - INFO - Generated: rs2_ep-1_step48.inp | T=3.5, W=20.0x8.0, NPS=800000, BEAMPOS=-40.0
2026-05-01 02:52:33,934 - INFO - FLUKA OK: rs2_ep-1_step48.inp (314.5s)
2026-05-01 02:52:34,293 - INFO - Ep-1 Step48: Reward=19.0799 | Success=True
2026-05-01 02:52:34,294 - INFO - Eval 36: Reward=19.0799  State=[3.5, 20.0, 8.0, 800000.0, -40.0]
2026-05-01 02:52:34,294 - INFO - Generated: rs2_ep-1_step49.inp | T=6.0, W=20.0x7.0, NPS=300000, BEAMPOS=-30.0
2026-05-01 02:56:06,509 - INFO - FLUKA OK: rs2_ep-1_step49.inp (212.2s)
2026-05-01 02:56:06,565 - INFO - Ep-1 Step49: Reward=26.2491 | Success=True
2026-05-01 02:56:06,565 - INFO - Eval 37: Reward=26.2491  State=[6.0, 20.0, 7.0, 300000.0, -30.0]
2026-05-01 02:56:06,565 - INFO - Generated: rs2_ep-1_step50.inp | T=2.5, W=15.0x11.0, NPS=700000, BEAMPOS=-50.0
2026-05-01 02:59:42,780 - INFO - FLUKA OK: rs2_ep-1_step50.inp (216.2s)
2026-05-01 02:59:42,892 - INFO - Ep-1 Step50: Reward=-5.9070 | Success=True
2026-05-01 02:59:42,892 - INFO - Eval 38: Reward=-5.9070  State=[2.5, 15.0, 11.0, 700000.0, -50.0]
2026-05-01 02:59:42,892 - INFO - Generated: rs2_ep-1_step51.inp | T=5.5, W=11.0x12.0, NPS=500000, BEAMPOS=-40.0
2026-05-01 03:04:56,386 - INFO - FLUKA OK: rs2_ep-1_step51.inp (313.5s)
2026-05-01 03:04:56,758 - INFO - Ep-1 Step51: Reward=28.5193 | Success=True
2026-05-01 03:04:56,759 - INFO - Eval 39: Reward=28.5193  State=[5.5, 11.0, 12.0, 500000.0, -40.0]
2026-05-01 03:04:56,759 - INFO - Generated: rs2_ep-1_step52.inp | T=10.0, W=19.0x13.0, NPS=500000, BEAMPOS=-30.0
2026-05-01 03:14:56,832 - ERROR - FLUKA failed: Command '['rfluka', '-M', '5', 'rs2_ep-1_step52.inp']' timed out after 600 seconds
2026-05-01 03:14:56,947 - WARNING - Eval 52 failed (total failed=13)
2026-05-01 03:14:56,947 - INFO - Generated: rs2_ep-1_step53.inp | T=10.0, W=6.0x13.0, NPS=300000, BEAMPOS=-25.0
2026-05-01 03:21:12,785 - INFO - FLUKA OK: rs2_ep-1_step53.inp (375.8s)
2026-05-01 03:21:12,857 - INFO - Ep-1 Step53: Reward=30.8858 | Success=True
2026-05-01 03:21:12,859 - INFO - Eval 40: Reward=30.8858  State=[10.0, 6.0, 13.0, 300000.0, -25.0]
2026-05-01 03:21:12,859 - INFO - Generated: rs2_ep-1_step54.inp | T=5.5, W=15.0x11.0, NPS=800000, BEAMPOS=-15.0
2026-05-01 03:29:29,027 - INFO - FLUKA OK: rs2_ep-1_step54.inp (496.2s)
2026-05-01 03:29:29,066 - INFO - Ep-1 Step54: Reward=31.4495 | Success=True
2026-05-01 03:29:29,066 - INFO - Eval 41: Reward=31.4495  State=[5.5, 15.0, 11.0, 800000.0, -15.0]
2026-05-01 03:29:29,066 - INFO - Generated: rs2_ep-1_step55.inp | T=5.0, W=15.0x8.0, NPS=200000, BEAMPOS=-30.0
2026-05-01 03:31:33,841 - INFO - FLUKA OK: rs2_ep-1_step55.inp (124.8s)
2026-05-01 03:31:34,266 - INFO - Ep-1 Step55: Reward=21.3251 | Success=True
2026-05-01 03:31:34,266 - INFO - Eval 42: Reward=21.3251  State=[5.0, 15.0, 8.0, 200000.0, -30.0]
2026-05-01 03:31:34,266 - INFO - Generated: rs2_ep-1_step56.inp | T=6.0, W=16.0x14.0, NPS=200000, BEAMPOS=-30.0
2026-05-01 03:34:00,141 - INFO - FLUKA OK: rs2_ep-1_step56.inp (145.9s)
2026-05-01 03:34:01,143 - INFO - Ep-1 Step56: Reward=21.2793 | Success=True
2026-05-01 03:34:01,144 - INFO - Eval 43: Reward=21.2793  State=[6.0, 16.0, 14.0, 200000.0, -30.0]
2026-05-01 03:34:01,144 - INFO - Generated: rs2_ep-1_step57.inp | T=3.5, W=18.0x12.0, NPS=300000, BEAMPOS=-45.0
2026-05-01 03:36:10,664 - INFO - FLUKA OK: rs2_ep-1_step57.inp (129.5s)
2026-05-01 03:36:10,892 - INFO - Ep-1 Step57: Reward=19.5171 | Success=True
2026-05-01 03:36:10,892 - INFO - Eval 44: Reward=19.5171  State=[3.5, 18.0, 12.0, 300000.0, -45.0]
2026-05-01 03:36:10,892 - INFO - Generated: rs2_ep-1_step58.inp | T=7.0, W=18.0x18.0, NPS=900000, BEAMPOS=-25.0
2026-05-01 03:46:10,901 - ERROR - FLUKA failed: Command '['rfluka', '-M', '5', 'rs2_ep-1_step58.inp']' timed out after 600 seconds
2026-05-01 03:46:10,953 - WARNING - Eval 58 failed (total failed=14)
2026-05-01 03:46:10,953 - INFO - Generated: rs2_ep-1_step59.inp | T=10.0, W=9.0x13.0, NPS=300000, BEAMPOS=-35.0
2026-05-01 03:53:04,884 - INFO - FLUKA OK: rs2_ep-1_step59.inp (413.9s)
2026-05-01 03:53:05,051 - INFO - Ep-1 Step59: Reward=34.1976 | Success=True
2026-05-01 03:53:05,052 - INFO - Eval 45: Reward=34.1976  State=[10.0, 9.0, 13.0, 300000.0, -35.0]
2026-05-01 03:53:05,062 - INFO - Generated: rs2_ep-1_step60.inp | T=4.0, W=8.0x13.0, NPS=300000, BEAMPOS=-20.0
2026-05-01 03:55:28,413 - INFO - FLUKA OK: rs2_ep-1_step60.inp (143.4s)
2026-05-01 03:55:28,488 - INFO - Ep-1 Step60: Reward=-0.1768 | Success=True
2026-05-01 03:55:28,489 - INFO - Eval 46: Reward=-0.1768  State=[4.0, 8.0, 13.0, 300000.0, -20.0]
2026-05-01 03:55:28,489 - INFO - Generated: rs2_ep-1_step61.inp | T=4.0, W=15.0x11.0, NPS=300000, BEAMPOS=-15.0
2026-05-01 03:57:51,387 - INFO - FLUKA OK: rs2_ep-1_step61.inp (142.9s)
2026-05-01 03:57:51,495 - INFO - Ep-1 Step61: Reward=25.2889 | Success=True
2026-05-01 03:57:51,496 - INFO - Eval 47: Reward=25.2889  State=[4.0, 15.0, 11.0, 300000.0, -15.0]
2026-05-01 03:57:51,496 - INFO - Generated: rs2_ep-1_step62.inp | T=4.0, W=19.0x16.0, NPS=900000, BEAMPOS=-50.0
2026-05-01 04:04:38,332 - INFO - FLUKA OK: rs2_ep-1_step62.inp (406.8s)
2026-05-01 04:04:38,402 - INFO - Ep-1 Step62: Reward=21.7857 | Success=True
2026-05-01 04:04:38,402 - INFO - Eval 48: Reward=21.7857  State=[4.0, 19.0, 16.0, 900000.0, -50.0]
2026-05-01 04:04:38,402 - INFO - Generated: rs2_ep-1_step63.inp | T=7.5, W=12.0x14.0, NPS=100000, BEAMPOS=-30.0
2026-05-01 04:06:22,746 - INFO - FLUKA OK: rs2_ep-1_step63.inp (104.3s)
2026-05-01 04:06:22,793 - INFO - Ep-1 Step63: Reward=26.2468 | Success=True
2026-05-01 04:06:22,793 - INFO - Eval 49: Reward=26.2468  State=[7.5, 12.0, 14.0, 100000.0, -30.0]
2026-05-01 04:06:22,793 - INFO - Generated: rs2_ep-1_step64.inp | T=5.0, W=18.0x13.0, NPS=500000, BEAMPOS=-40.0
2026-05-01 04:11:05,649 - INFO - FLUKA OK: rs2_ep-1_step64.inp (282.9s)
2026-05-01 04:11:05,945 - INFO - Ep-1 Step64: Reward=19.5400 | Success=True
2026-05-01 04:11:05,945 - INFO - Eval 50: Reward=19.5400  State=[5.0, 18.0, 13.0, 500000.0, -40.0]
2026-05-01 04:11:05,945 - INFO - Generated: rs2_ep-1_step65.inp | T=6.5, W=20.0x14.0, NPS=100000, BEAMPOS=-25.0
2026-05-01 04:12:34,879 - INFO - FLUKA OK: rs2_ep-1_step65.inp (88.9s)
2026-05-01 04:12:34,967 - INFO - Ep-1 Step65: Reward=27.1909 | Success=True
2026-05-01 04:12:34,968 - INFO - Eval 51: Reward=27.1909  State=[6.5, 20.0, 14.0, 100000.0, -25.0]
2026-05-01 04:12:34,968 - INFO - Generated: rs2_ep-1_step66.inp | T=5.0, W=17.0x13.0, NPS=100000, BEAMPOS=-25.0
2026-05-01 04:13:45,195 - INFO - FLUKA OK: rs2_ep-1_step66.inp (70.1s)
2026-05-01 04:13:45,273 - INFO - Ep-1 Step66: Reward=28.2326 | Success=True
2026-05-01 04:13:45,274 - INFO - Eval 52: Reward=28.2326  State=[5.0, 17.0, 13.0, 100000.0, -25.0]
2026-05-01 04:13:45,274 - INFO - Generated: rs2_ep-1_step67.inp | T=3.0, W=18.0x18.0, NPS=1000000, BEAMPOS=-25.0
2026-05-01 04:13:45,892 - ERROR - FLUKA failed: Command '['rfluka', '-M', '5', 'rs2_ep-1_step67.inp']' returned non-zero exit status 12.
2026-05-01 04:13:45,892 - WARNING - Eval 67 failed (total failed=15)
2026-05-01 04:13:45,892 - INFO - Generated: rs2_ep-1_step68.inp | T=9.0, W=7.0x11.0, NPS=1000000, BEAMPOS=-20.0
2026-05-01 04:13:46,397 - ERROR - FLUKA failed: Command '['rfluka', '-M', '5', 'rs2_ep-1_step68.inp']' returned non-zero exit status 12.
2026-05-01 04:13:46,398 - WARNING - Eval 68 failed (total failed=16)
2026-05-01 04:13:46,398 - INFO - Generated: rs2_ep-1_step69.inp | T=7.0, W=16.0x7.0, NPS=100000, BEAMPOS=-25.0
2026-05-01 04:15:40,926 - INFO - FLUKA OK: rs2_ep-1_step69.inp (114.5s)
2026-05-01 04:15:42,186 - INFO - Ep-1 Step69: Reward=20.8010 | Success=True
2026-05-01 04:15:42,199 - INFO - Eval 53: Reward=20.8010  State=[7.0, 16.0, 7.0, 100000.0, -25.0]
2026-05-01 04:15:42,237 - INFO - Generated: rs2_ep-1_step70.inp | T=4.0, W=6.0x19.0, NPS=800000, BEAMPOS=-40.0
2026-05-01 04:21:57,160 - INFO - FLUKA OK: rs2_ep-1_step70.inp (374.9s)
2026-05-01 04:21:57,771 - INFO - Ep-1 Step70: Reward=-3.4059 | Success=True
2026-05-01 04:21:57,772 - INFO - Eval 54: Reward=-3.4059  State=[4.0, 6.0, 19.0, 800000.0, -40.0]
2026-05-01 04:21:57,772 - INFO - Generated: rs2_ep-1_step71.inp | T=6.0, W=16.0x8.0, NPS=100000, BEAMPOS=-10.0
2026-05-01 04:23:19,690 - INFO - FLUKA OK: rs2_ep-1_step71.inp (81.9s)
2026-05-01 04:23:20,413 - INFO - Ep-1 Step71: Reward=27.8417 | Success=True
2026-05-01 04:23:20,413 - INFO - Eval 55: Reward=27.8417  State=[6.0, 16.0, 8.0, 100000.0, -10.0]
2026-05-01 04:23:20,414 - INFO - Generated: rs2_ep-1_step72.inp | T=4.0, W=17.0x16.0, NPS=1000000, BEAMPOS=-30.0
2026-05-01 04:23:21,096 - ERROR - FLUKA failed: Command '['rfluka', '-M', '5', 'rs2_ep-1_step72.inp']' returned non-zero exit status 12.
2026-05-01 04:23:21,096 - WARNING - Eval 72 failed (total failed=17)
2026-05-01 04:23:21,097 - INFO - Generated: rs2_ep-1_step73.inp | T=7.5, W=6.0x19.0, NPS=900000, BEAMPOS=-40.0
2026-05-01 04:33:21,526 - ERROR - FLUKA failed: Command '['rfluka', '-M', '5', 'rs2_ep-1_step73.inp']' timed out after 600 seconds
2026-05-01 04:33:21,526 - WARNING - Eval 73 failed (total failed=18)
2026-05-01 04:33:21,526 - INFO - Generated: rs2_ep-1_step74.inp | T=8.5, W=6.0x16.0, NPS=100000, BEAMPOS=-40.0
2026-05-01 04:35:20,340 - INFO - FLUKA OK: rs2_ep-1_step74.inp (118.8s)
2026-05-01 04:35:20,711 - INFO - Ep-1 Step74: Reward=30.4106 | Success=True
2026-05-01 04:35:20,711 - INFO - Eval 56: Reward=30.4106  State=[8.5, 6.0, 16.0, 100000.0, -40.0]
2026-05-01 04:35:20,714 - INFO - Generated: rs2_ep-1_step75.inp | T=5.0, W=13.0x10.0, NPS=100000, BEAMPOS=-20.0
2026-05-01 04:36:29,182 - INFO - FLUKA OK: rs2_ep-1_step75.inp (68.5s)
2026-05-01 04:36:29,216 - INFO - Ep-1 Step75: Reward=22.5240 | Success=True
2026-05-01 04:36:29,216 - INFO - Eval 57: Reward=22.5240  State=[5.0, 13.0, 10.0, 100000.0, -20.0]
2026-05-01 04:36:29,217 - INFO - Generated: rs2_ep-1_step76.inp | T=6.5, W=15.0x16.0, NPS=600000, BEAMPOS=-40.0
2026-05-01 04:44:08,712 - INFO - FLUKA OK: rs2_ep-1_step76.inp (459.5s)
2026-05-01 04:44:09,522 - INFO - Ep-1 Step76: Reward=29.1078 | Success=True
2026-05-01 04:44:09,524 - INFO - Eval 58: Reward=29.1078  State=[6.5, 15.0, 16.0, 600000.0, -40.0]
2026-05-01 04:44:09,626 - INFO - Generated: rs2_ep-1_step77.inp | T=8.0, W=12.0x14.0, NPS=1000000, BEAMPOS=-10.0
2026-05-01 04:44:10,292 - ERROR - FLUKA failed: Command '['rfluka', '-M', '5', 'rs2_ep-1_step77.inp']' returned non-zero exit status 12.
2026-05-01 04:44:10,293 - WARNING - Eval 77 failed (total failed=19)
2026-05-01 04:44:10,448 - INFO - Generated: rs2_ep-1_step78.inp | T=8.0, W=10.0x8.0, NPS=400000, BEAMPOS=-45.0
2026-05-01 04:50:23,310 - INFO - FLUKA OK: rs2_ep-1_step78.inp (372.9s)
2026-05-01 04:50:23,612 - INFO - Ep-1 Step78: Reward=32.2243 | Success=True
2026-05-01 04:50:23,612 - INFO - Eval 59: Reward=32.2243  State=[8.0, 10.0, 8.0, 400000.0, -45.0]
2026-05-01 04:50:23,613 - INFO - Generated: rs2_ep-1_step79.inp | T=3.0, W=19.0x15.0, NPS=300000, BEAMPOS=-15.0
2026-05-01 04:52:14,248 - INFO - FLUKA OK: rs2_ep-1_step79.inp (110.6s)
2026-05-01 04:52:14,382 - INFO - Ep-1 Step79: Reward=21.3433 | Success=True
2026-05-01 04:52:14,382 - INFO - Eval 60: Reward=21.3433  State=[3.0, 19.0, 15.0, 300000.0, -15.0]
2026-05-01 04:52:14,382 - INFO - Generated: rs2_ep-1_step80.inp | T=4.0, W=9.0x14.0, NPS=500000, BEAMPOS=-45.0
2026-05-01 04:56:03,634 - INFO - FLUKA OK: rs2_ep-1_step80.inp (229.3s)
2026-05-01 04:56:04,074 - INFO - Ep-1 Step80: Reward=24.2385 | Success=True
2026-05-01 04:56:04,074 - INFO - Eval 61: Reward=24.2385  State=[4.0, 9.0, 14.0, 500000.0, -45.0]
2026-05-01 04:56:04,074 - INFO - Generated: rs2_ep-1_step81.inp | T=5.5, W=17.0x14.0, NPS=200000, BEAMPOS=-45.0
2026-05-01 04:58:23,495 - INFO - FLUKA OK: rs2_ep-1_step81.inp (139.4s)
2026-05-01 04:58:23,541 - INFO - Ep-1 Step81: Reward=20.9356 | Success=True
2026-05-01 04:58:23,541 - INFO - Eval 62: Reward=20.9356  State=[5.5, 17.0, 14.0, 200000.0, -45.0]
2026-05-01 04:58:23,541 - INFO - Generated: rs2_ep-1_step82.inp | T=8.0, W=7.0x19.0, NPS=900000, BEAMPOS=-40.0
2026-05-01 05:08:23,658 - ERROR - FLUKA failed: Command '['rfluka', '-M', '5', 'rs2_ep-1_step82.inp']' timed out after 600 seconds
2026-05-01 05:08:23,658 - WARNING - Eval 82 failed (total failed=20)
2026-05-01 05:08:23,658 - INFO - Generated: rs2_ep-1_step83.inp | T=7.5, W=14.0x9.0, NPS=800000, BEAMPOS=-35.0
2026-05-01 05:18:23,748 - ERROR - FLUKA failed: Command '['rfluka', '-M', '5', 'rs2_ep-1_step83.inp']' timed out after 600 seconds
2026-05-01 05:18:23,748 - WARNING - Eval 83 failed (total failed=21)
2026-05-01 05:18:23,937 - INFO - Generated: rs2_ep-1_step84.inp | T=5.5, W=16.0x12.0, NPS=200000, BEAMPOS=-40.0
2026-05-01 05:20:58,193 - INFO - FLUKA OK: rs2_ep-1_step84.inp (154.3s)
2026-05-01 05:20:58,559 - INFO - Ep-1 Step84: Reward=20.3787 | Success=True
2026-05-01 05:20:58,559 - INFO - Eval 63: Reward=20.3787  State=[5.5, 16.0, 12.0, 200000.0, -40.0]
2026-05-01 05:20:58,576 - INFO - Generated: rs2_ep-1_step85.inp | T=3.0, W=12.0x6.0, NPS=900000, BEAMPOS=-10.0
2026-05-01 05:25:54,245 - INFO - FLUKA OK: rs2_ep-1_step85.inp (295.7s)
2026-05-01 05:25:54,283 - INFO - Ep-1 Step85: Reward=26.1256 | Success=True
2026-05-01 05:25:54,284 - INFO - Eval 64: Reward=26.1256  State=[3.0, 12.0, 6.0, 900000.0, -10.0]
2026-05-01 05:25:54,284 - INFO - Generated: rs2_ep-1_step86.inp | T=4.0, W=10.0x6.0, NPS=500000, BEAMPOS=-35.0
2026-05-01 05:29:39,297 - INFO - FLUKA OK: rs2_ep-1_step86.inp (225.0s)
2026-05-01 05:29:39,340 - INFO - Ep-1 Step86: Reward=27.9789 | Success=True
2026-05-01 05:29:39,340 - INFO - Eval 65: Reward=27.9789  State=[4.0, 10.0, 6.0, 500000.0, -35.0]
2026-05-01 05:29:39,340 - INFO - Generated: rs2_ep-1_step87.inp | T=9.5, W=10.0x13.0, NPS=500000, BEAMPOS=-25.0
2026-05-01 05:39:35,645 - INFO - FLUKA OK: rs2_ep-1_step87.inp (596.3s)
2026-05-01 05:39:35,817 - INFO - Ep-1 Step87: Reward=32.2820 | Success=True
2026-05-01 05:39:35,817 - INFO - Eval 66: Reward=32.2820  State=[9.5, 10.0, 13.0, 500000.0, -25.0]
2026-05-01 05:39:35,818 - INFO - Generated: rs2_ep-1_step88.inp | T=6.0, W=18.0x18.0, NPS=500000, BEAMPOS=-45.0
2026-05-01 05:45:29,156 - INFO - FLUKA OK: rs2_ep-1_step88.inp (353.3s)
2026-05-01 05:45:29,184 - INFO - Ep-1 Step88: Reward=24.7686 | Success=True
2026-05-01 05:45:29,186 - INFO - Eval 67: Reward=24.7686  State=[6.0, 18.0, 18.0, 500000.0, -45.0]
2026-05-01 05:45:29,187 - INFO - Generated: rs2_ep-1_step89.inp | T=2.5, W=11.0x12.0, NPS=900000, BEAMPOS=-40.0
2026-05-01 05:49:48,055 - INFO - FLUKA OK: rs2_ep-1_step89.inp (258.9s)
2026-05-01 05:49:48,167 - INFO - Ep-1 Step89: Reward=15.6017 | Success=True
2026-05-01 05:49:48,168 - INFO - Eval 68: Reward=15.6017  State=[2.5, 11.0, 12.0, 900000.0, -40.0]
2026-05-01 05:49:48,168 - INFO - Generated: rs2_ep-1_step90.inp | T=8.0, W=18.0x15.0, NPS=100000, BEAMPOS=-10.0
2026-05-01 05:51:37,483 - INFO - FLUKA OK: rs2_ep-1_step90.inp (109.3s)
2026-05-01 05:51:37,764 - INFO - Ep-1 Step90: Reward=-5.0408 | Success=True
2026-05-01 05:51:37,765 - INFO - Eval 69: Reward=-5.0408  State=[8.0, 18.0, 15.0, 100000.0, -10.0]
2026-05-01 05:51:37,766 - INFO - Generated: rs2_ep-1_step91.inp | T=6.5, W=9.0x11.0, NPS=400000, BEAMPOS=-15.0
2026-05-01 05:56:38,767 - INFO - FLUKA OK: rs2_ep-1_step91.inp (301.0s)
2026-05-01 05:56:38,979 - INFO - Ep-1 Step91: Reward=30.8495 | Success=True
2026-05-01 05:56:38,980 - INFO - Eval 70: Reward=30.8495  State=[6.5, 9.0, 11.0, 400000.0, -15.0]
2026-05-01 05:56:38,980 - INFO - Generated: rs2_ep-1_step92.inp | T=4.0, W=20.0x13.0, NPS=100000, BEAMPOS=-20.0
2026-05-01 05:57:37,987 - INFO - FLUKA OK: rs2_ep-1_step92.inp (59.0s)
2026-05-01 05:57:38,054 - INFO - Ep-1 Step92: Reward=16.9693 | Success=True
2026-05-01 05:57:38,057 - INFO - Eval 71: Reward=16.9693  State=[4.0, 20.0, 13.0, 100000.0, -20.0]
2026-05-01 05:57:38,057 - INFO - Generated: rs2_ep-1_step93.inp | T=7.5, W=12.0x10.0, NPS=1000000, BEAMPOS=-20.0
2026-05-01 05:57:38,677 - ERROR - FLUKA failed: Command '['rfluka', '-M', '5', 'rs2_ep-1_step93.inp']' returned non-zero exit status 12.
2026-05-01 05:57:38,677 - WARNING - Eval 93 failed (total failed=22)
2026-05-01 05:57:38,677 - INFO - Generated: rs2_ep-1_step94.inp | T=9.5, W=5.0x20.0, NPS=800000, BEAMPOS=-50.0
2026-05-01 06:07:38,741 - ERROR - FLUKA failed: Command '['rfluka', '-M', '5', 'rs2_ep-1_step94.inp']' timed out after 600 seconds
2026-05-01 06:07:38,741 - WARNING - Eval 94 failed (total failed=23)
2026-05-01 06:07:38,742 - INFO - Generated: rs2_ep-1_step95.inp | T=5.0, W=16.0x15.0, NPS=500000, BEAMPOS=-45.0
2026-05-01 06:12:55,742 - INFO - FLUKA OK: rs2_ep-1_step95.inp (317.0s)
2026-05-01 06:12:56,197 - INFO - Ep-1 Step95: Reward=24.4754 | Success=True
2026-05-01 06:12:56,198 - INFO - Eval 72: Reward=24.4754  State=[5.0, 16.0, 15.0, 500000.0, -45.0]
2026-05-01 06:12:56,216 - INFO - Generated: rs2_ep-1_step96.inp | T=4.0, W=14.0x13.0, NPS=100000, BEAMPOS=-35.0
2026-05-01 06:13:53,083 - INFO - FLUKA OK: rs2_ep-1_step96.inp (56.9s)
2026-05-01 06:13:53,126 - INFO - Ep-1 Step96: Reward=21.2364 | Success=True
2026-05-01 06:13:53,126 - INFO - Eval 73: Reward=21.2364  State=[4.0, 14.0, 13.0, 100000.0, -35.0]
2026-05-01 06:13:53,133 - INFO - Generated: rs2_ep-1_step97.inp | T=2.5, W=13.0x8.0, NPS=700000, BEAMPOS=-20.0
2026-05-01 06:17:13,920 - INFO - FLUKA OK: rs2_ep-1_step97.inp (200.8s)
2026-05-01 06:17:14,264 - INFO - Ep-1 Step97: Reward=20.1191 | Success=True
2026-05-01 06:17:14,266 - INFO - Eval 74: Reward=20.1191  State=[2.5, 13.0, 8.0, 700000.0, -20.0]
2026-05-01 06:17:14,266 - INFO - Generated: rs2_ep-1_step98.inp | T=6.0, W=10.0x15.0, NPS=800000, BEAMPOS=-15.0
2026-05-01 06:26:56,700 - INFO - FLUKA OK: rs2_ep-1_step98.inp (582.1s)
2026-05-01 06:26:59,419 - INFO - Ep-1 Step98: Reward=31.9172 | Success=True
2026-05-01 06:26:59,497 - INFO - Eval 75: Reward=31.9172  State=[6.0, 10.0, 15.0, 800000.0, -15.0]
2026-05-01 06:26:59,701 - INFO - Generated: rs2_ep-1_step99.inp | T=2.5, W=10.0x13.0, NPS=900000, BEAMPOS=-40.0
2026-05-01 06:31:20,406 - INFO - FLUKA OK: rs2_ep-1_step99.inp (260.6s)
2026-05-01 06:31:20,659 - INFO - Ep-1 Step99: Reward=21.2640 | Success=True
2026-05-01 06:31:20,659 - INFO - Eval 76: Reward=21.2640  State=[2.5, 10.0, 13.0, 900000.0, -40.0]
2026-05-01 06:31:20,659 - INFO - Generated: rs2_ep-1_step100.inp | T=9.0, W=15.0x18.0, NPS=900000, BEAMPOS=-15.0
2026-05-01 06:41:20,959 - ERROR - FLUKA failed: Command '['rfluka', '-M', '5', 'rs2_ep-1_step100.inp']' timed out after 600 seconds
2026-05-01 06:41:20,959 - WARNING - Eval 100 failed (total failed=24)
2026-05-01 06:41:21,144 - INFO - Generated: rs2_ep-1_step101.inp | T=8.0, W=18.0x13.0, NPS=100000, BEAMPOS=-15.0
2026-05-01 06:43:09,074 - INFO - FLUKA OK: rs2_ep-1_step101.inp (107.9s)
2026-05-01 06:43:09,462 - INFO - Ep-1 Step101: Reward=35.6690 | Success=True
2026-05-01 06:43:09,462 - INFO - Eval 77: Reward=35.6690  State=[8.0, 18.0, 13.0, 100000.0, -15.0]
2026-05-01 06:43:09,463 - INFO - Generated: rs2_ep-1_step102.inp | T=8.5, W=5.0x10.0, NPS=100000, BEAMPOS=-40.0
2026-05-01 06:44:41,446 - INFO - FLUKA OK: rs2_ep-1_step102.inp (92.0s)
2026-05-01 06:44:41,825 - INFO - Ep-1 Step102: Reward=31.1495 | Success=True
2026-05-01 06:44:41,826 - INFO - Eval 78: Reward=31.1495  State=[8.5, 5.0, 10.0, 100000.0, -40.0]
2026-05-01 06:44:41,826 - INFO - Generated: rs2_ep-1_step103.inp | T=8.5, W=17.0x17.0, NPS=1000000, BEAMPOS=-35.0
2026-05-01 06:44:42,530 - ERROR - FLUKA failed: Command '['rfluka', '-M', '5', 'rs2_ep-1_step103.inp']' returned non-zero exit status 12.
2026-05-01 06:44:42,530 - WARNING - Eval 103 failed (total failed=25)
2026-05-01 06:44:42,530 - INFO - Generated: rs2_ep-1_step104.inp | T=4.0, W=10.0x5.0, NPS=1000000, BEAMPOS=-40.0
2026-05-01 06:44:42,921 - ERROR - FLUKA failed: Command '['rfluka', '-M', '5', 'rs2_ep-1_step104.inp']' returned non-zero exit status 12.
2026-05-01 06:44:42,921 - WARNING - Eval 104 failed (total failed=26)
2026-05-01 06:44:42,922 - INFO - Generated: rs2_ep-1_step105.inp | T=4.5, W=18.0x17.0, NPS=400000, BEAMPOS=-45.0
2026-05-01 06:47:41,382 - INFO - FLUKA OK: rs2_ep-1_step105.inp (178.5s)
2026-05-01 06:47:41,466 - INFO - Ep-1 Step105: Reward=23.9349 | Success=True
2026-05-01 06:47:41,466 - INFO - Eval 79: Reward=23.9349  State=[4.5, 18.0, 17.0, 400000.0, -45.0]
2026-05-01 06:47:41,466 - INFO - Generated: rs2_ep-1_step106.inp | T=3.0, W=6.0x12.0, NPS=600000, BEAMPOS=-45.0
2026-05-01 06:50:32,220 - INFO - FLUKA OK: rs2_ep-1_step106.inp (170.8s)
2026-05-01 06:50:32,282 - INFO - Ep-1 Step106: Reward=18.4717 | Success=True
2026-05-01 06:50:32,282 - INFO - Eval 80: Reward=18.4717  State=[3.0, 6.0, 12.0, 600000.0, -45.0]
2026-05-01 06:50:32,282 - INFO - Generated: rs2_ep-1_step107.inp | T=3.0, W=17.0x7.0, NPS=300000, BEAMPOS=-40.0
2026-05-01 06:52:05,636 - INFO - FLUKA OK: rs2_ep-1_step107.inp (93.4s)
2026-05-01 06:52:05,814 - INFO - Ep-1 Step107: Reward=21.4201 | Success=True
2026-05-01 06:52:05,814 - INFO - Eval 81: Reward=21.4201  State=[3.0, 17.0, 7.0, 300000.0, -40.0]
2026-05-01 06:52:05,814 - INFO - Generated: rs2_ep-1_step108.inp | T=9.5, W=9.0x12.0, NPS=700000, BEAMPOS=-15.0
2026-05-01 07:02:06,188 - ERROR - FLUKA failed: Command '['rfluka', '-M', '5', 'rs2_ep-1_step108.inp']' timed out after 600 seconds
2026-05-01 07:02:06,188 - WARNING - Eval 108 failed (total failed=27)
2026-05-01 07:02:06,188 - INFO - Generated: rs2_ep-1_step109.inp | T=8.0, W=19.0x7.0, NPS=1000000, BEAMPOS=-15.0
2026-05-01 07:02:07,046 - ERROR - FLUKA failed: Command '['rfluka', '-M', '5', 'rs2_ep-1_step109.inp']' returned non-zero exit status 12.
2026-05-01 07:02:07,047 - WARNING - Eval 109 failed (total failed=28)
2026-05-01 07:02:07,226 - INFO - Generated: rs2_ep-1_step110.inp | T=7.5, W=17.0x9.0, NPS=200000, BEAMPOS=-10.0
2026-05-01 07:05:11,569 - INFO - FLUKA OK: rs2_ep-1_step110.inp (184.3s)
2026-05-01 07:05:11,972 - INFO - Ep-1 Step110: Reward=-4.5153 | Success=True
2026-05-01 07:05:11,972 - INFO - Eval 82: Reward=-4.5153  State=[7.5, 17.0, 9.0, 200000.0, -10.0]
2026-05-01 07:05:11,972 - INFO - Generated: rs2_ep-1_step111.inp | T=8.0, W=17.0x12.0, NPS=900000, BEAMPOS=-45.0
2026-05-01 07:15:11,993 - ERROR - FLUKA failed: Command '['rfluka', '-M', '5', 'rs2_ep-1_step111.inp']' timed out after 600 seconds
2026-05-01 07:15:12,150 - WARNING - Eval 111 failed (total failed=29)
2026-05-01 07:15:12,150 - INFO - Generated: rs2_ep-1_step112.inp | T=10.0, W=11.0x10.0, NPS=800000, BEAMPOS=-15.0
2026-05-01 07:25:12,230 - ERROR - FLUKA failed: Command '['rfluka', '-M', '5', 'rs2_ep-1_step112.inp']' timed out after 600 seconds
2026-05-01 07:25:12,230 - WARNING - Eval 112 failed (total failed=30)
2026-05-01 07:25:12,230 - INFO - Generated: rs2_ep-1_step113.inp | T=6.5, W=13.0x14.0, NPS=800000, BEAMPOS=-30.0
2026-05-01 07:33:56,681 - INFO - FLUKA OK: rs2_ep-1_step113.inp (524.5s)
2026-05-01 07:33:57,292 - INFO - Ep-1 Step113: Reward=29.0103 | Success=True
2026-05-01 07:33:57,292 - INFO - Eval 83: Reward=29.0103  State=[6.5, 13.0, 14.0, 800000.0, -30.0]
2026-05-01 07:33:57,294 - INFO - Generated: rs2_ep-1_step114.inp | T=3.0, W=11.0x16.0, NPS=700000, BEAMPOS=-45.0
2026-05-01 07:37:21,476 - INFO - FLUKA OK: rs2_ep-1_step114.inp (204.2s)
2026-05-01 07:37:21,802 - INFO - Ep-1 Step114: Reward=24.4890 | Success=True
2026-05-01 07:37:21,802 - INFO - Eval 84: Reward=24.4890  State=[3.0, 11.0, 16.0, 700000.0, -45.0]
2026-05-01 07:37:21,802 - INFO - Generated: rs2_ep-1_step115.inp | T=5.5, W=12.0x20.0, NPS=300000, BEAMPOS=-45.0
2026-05-01 07:40:07,435 - INFO - FLUKA OK: rs2_ep-1_step115.inp (165.6s)
2026-05-01 07:40:07,704 - INFO - Ep-1 Step115: Reward=22.1114 | Success=True
2026-05-01 07:40:07,704 - INFO - Eval 85: Reward=22.1114  State=[5.5, 12.0, 20.0, 300000.0, -45.0]
2026-05-01 07:40:07,704 - INFO - Generated: rs2_ep-1_step116.inp | T=5.0, W=16.0x14.0, NPS=800000, BEAMPOS=-40.0
2026-05-01 07:46:32,431 - INFO - FLUKA OK: rs2_ep-1_step116.inp (384.7s)
2026-05-01 07:46:32,676 - INFO - Ep-1 Step116: Reward=30.2508 | Success=True
2026-05-01 07:46:32,766 - INFO - Eval 86: Reward=30.2508  State=[5.0, 16.0, 14.0, 800000.0, -40.0]
2026-05-01 07:46:32,766 - INFO - Generated: rs2_ep-1_step117.inp | T=8.5, W=17.0x19.0, NPS=800000, BEAMPOS=-45.0
2026-05-01 07:56:32,823 - ERROR - FLUKA failed: Command '['rfluka', '-M', '5', 'rs2_ep-1_step117.inp']' timed out after 600 seconds
2026-05-01 07:56:32,823 - WARNING - Eval 117 failed (total failed=31)
2026-05-01 07:56:32,823 - INFO - Generated: rs2_ep-1_step118.inp | T=8.0, W=8.0x6.0, NPS=600000, BEAMPOS=-40.0
2026-05-01 08:03:53,217 - INFO - FLUKA OK: rs2_ep-1_step118.inp (440.4s)
2026-05-01 08:03:53,491 - INFO - Ep-1 Step118: Reward=32.0491 | Success=True
2026-05-01 08:03:53,491 - INFO - Eval 87: Reward=32.0491  State=[8.0, 8.0, 6.0, 600000.0, -40.0]
2026-05-01 08:03:53,491 - INFO - Generated: rs2_ep-1_step119.inp | T=4.0, W=12.0x11.0, NPS=1000000, BEAMPOS=-20.0
2026-05-01 08:03:53,888 - ERROR - FLUKA failed: Command '['rfluka', '-M', '5', 'rs2_ep-1_step119.inp']' returned non-zero exit status 12.
2026-05-01 08:03:53,888 - WARNING - Eval 119 failed (total failed=32)
2026-05-01 08:03:53,888 - INFO - Generated: rs2_ep-1_step120.inp | T=8.5, W=18.0x8.0, NPS=500000, BEAMPOS=-25.0
2026-05-01 08:10:39,933 - INFO - FLUKA OK: rs2_ep-1_step120.inp (406.0s)
2026-05-01 08:10:40,033 - INFO - Ep-1 Step120: Reward=0.6074 | Success=True
2026-05-01 08:10:40,034 - INFO - Eval 88: Reward=0.6074  State=[8.5, 18.0, 8.0, 500000.0, -25.0]
2026-05-01 08:10:40,034 - INFO - Generated: rs2_ep-1_step121.inp | T=6.0, W=8.0x17.0, NPS=300000, BEAMPOS=-45.0
2026-05-01 08:13:29,912 - INFO - FLUKA OK: rs2_ep-1_step121.inp (169.9s)
2026-05-01 08:13:30,268 - INFO - Ep-1 Step121: Reward=29.2189 | Success=True
2026-05-01 08:13:30,268 - INFO - Eval 89: Reward=29.2189  State=[6.0, 8.0, 17.0, 300000.0, -45.0]
2026-05-01 08:13:30,268 - INFO - Generated: rs2_ep-1_step122.inp | T=4.5, W=5.0x19.0, NPS=700000, BEAMPOS=-15.0
2026-05-01 08:18:09,191 - INFO - FLUKA OK: rs2_ep-1_step122.inp (278.9s)
2026-05-01 08:18:09,504 - INFO - Ep-1 Step122: Reward=26.9024 | Success=True
2026-05-01 08:18:09,504 - INFO - Eval 90: Reward=26.9024  State=[4.5, 5.0, 19.0, 700000.0, -15.0]
2026-05-01 08:18:09,504 - INFO - Generated: rs2_ep-1_step123.inp | T=4.5, W=19.0x6.0, NPS=900000, BEAMPOS=-35.0
2026-05-01 08:24:10,636 - INFO - FLUKA OK: rs2_ep-1_step123.inp (361.1s)
2026-05-01 08:24:10,824 - INFO - Ep-1 Step123: Reward=25.6140 | Success=True
2026-05-01 08:24:10,824 - INFO - Eval 91: Reward=25.6140  State=[4.5, 19.0, 6.0, 900000.0, -35.0]
2026-05-01 08:24:10,824 - INFO - Generated: rs2_ep-1_step124.inp | T=9.0, W=7.0x14.0, NPS=900000, BEAMPOS=-30.0
2026-05-01 08:34:10,926 - ERROR - FLUKA failed: Command '['rfluka', '-M', '5', 'rs2_ep-1_step124.inp']' timed out after 600 seconds
2026-05-01 08:34:10,926 - WARNING - Eval 124 failed (total failed=33)
2026-05-01 08:34:10,926 - INFO - Generated: rs2_ep-1_step125.inp | T=3.0, W=17.0x5.0, NPS=300000, BEAMPOS=-50.0
2026-05-01 08:35:38,992 - INFO - FLUKA OK: rs2_ep-1_step125.inp (88.1s)
2026-05-01 08:35:40,343 - INFO - Ep-1 Step125: Reward=15.6300 | Success=True
2026-05-01 08:35:40,343 - INFO - Eval 92: Reward=15.6300  State=[3.0, 17.0, 5.0, 300000.0, -50.0]
2026-05-01 08:35:40,343 - INFO - Generated: rs2_ep-1_step126.inp | T=3.5, W=18.0x11.0, NPS=900000, BEAMPOS=-10.0
2026-05-01 08:40:29,838 - INFO - FLUKA OK: rs2_ep-1_step126.inp (289.5s)
2026-05-01 08:40:29,986 - INFO - Ep-1 Step126: Reward=25.3326 | Success=True
2026-05-01 08:40:29,986 - INFO - Eval 93: Reward=25.3326  State=[3.5, 18.0, 11.0, 900000.0, -10.0]
2026-05-01 08:40:29,987 - INFO - Generated: rs2_ep-1_step127.inp | T=2.5, W=10.0x11.0, NPS=600000, BEAMPOS=-45.0
2026-05-01 08:43:00,393 - INFO - FLUKA OK: rs2_ep-1_step127.inp (150.4s)
2026-05-01 08:43:00,966 - INFO - Ep-1 Step127: Reward=23.0500 | Success=True
2026-05-01 08:43:00,966 - INFO - Eval 94: Reward=23.0500  State=[2.5, 10.0, 11.0, 600000.0, -45.0]
2026-05-01 08:43:00,966 - INFO - Generated: rs2_ep-1_step128.inp | T=4.0, W=9.0x15.0, NPS=500000, BEAMPOS=-45.0
2026-05-01 08:46:04,572 - INFO - FLUKA OK: rs2_ep-1_step128.inp (183.6s)
2026-05-01 08:46:04,983 - INFO - Ep-1 Step128: Reward=24.6364 | Success=True
2026-05-01 08:46:04,984 - INFO - Eval 95: Reward=24.6364  State=[4.0, 9.0, 15.0, 500000.0, -45.0]
2026-05-01 08:46:04,984 - INFO - Generated: rs2_ep-1_step129.inp | T=6.0, W=11.0x15.0, NPS=700000, BEAMPOS=-10.0
2026-05-01 08:52:30,885 - INFO - FLUKA OK: rs2_ep-1_step129.inp (385.9s)
2026-05-01 08:52:31,640 - INFO - Ep-1 Step129: Reward=33.6904 | Success=True
2026-05-01 08:52:31,640 - INFO - Eval 96: Reward=33.6904  State=[6.0, 11.0, 15.0, 700000.0, -10.0]
2026-05-01 08:52:31,640 - INFO - Generated: rs2_ep-1_step130.inp | T=3.5, W=14.0x19.0, NPS=100000, BEAMPOS=-15.0
2026-05-01 08:53:14,770 - INFO - FLUKA OK: rs2_ep-1_step130.inp (43.1s)
2026-05-01 08:53:14,897 - INFO - Ep-1 Step130: Reward=17.0856 | Success=True
2026-05-01 08:53:14,897 - INFO - Eval 97: Reward=17.0856  State=[3.5, 14.0, 19.0, 100000.0, -15.0]
2026-05-01 08:53:14,897 - INFO - Generated: rs2_ep-1_step131.inp | T=5.0, W=13.0x7.0, NPS=500000, BEAMPOS=-35.0
2026-05-01 08:57:03,174 - INFO - FLUKA OK: rs2_ep-1_step131.inp (228.3s)
2026-05-01 08:57:03,898 - INFO - Ep-1 Step131: Reward=23.2533 | Success=True
2026-05-01 08:57:03,898 - INFO - Eval 98: Reward=23.2533  State=[5.0, 13.0, 7.0, 500000.0, -35.0]
2026-05-01 08:57:03,899 - INFO - Generated: rs2_ep-1_step132.inp | T=5.5, W=17.0x17.0, NPS=500000, BEAMPOS=-15.0
2026-05-01 09:01:26,442 - INFO - FLUKA OK: rs2_ep-1_step132.inp (262.5s)
2026-05-01 09:01:26,738 - INFO - Ep-1 Step132: Reward=23.4059 | Success=True
2026-05-01 09:01:26,739 - INFO - Eval 99: Reward=23.4059  State=[5.5, 17.0, 17.0, 500000.0, -15.0]
2026-05-01 09:01:26,739 - INFO - Generated: rs2_ep-1_step133.inp | T=9.0, W=9.0x14.0, NPS=300000, BEAMPOS=-15.0
2026-05-01 09:05:53,383 - INFO - FLUKA OK: rs2_ep-1_step133.inp (266.6s)
2026-05-01 09:05:53,399 - INFO - Ep-1 Step133: Reward=30.1299 | Success=True
2026-05-01 09:05:53,399 - INFO - Eval 100: Reward=30.1299  State=[9.0, 9.0, 14.0, 300000.0, -15.0]
