2026-05-07 19:08:09,030 - INFO - FLUKA OK: abl_rs_ep-1_step1.inp (38.4s)
2026-05-07 19:08:09,033 - INFO - ustsuw OK â†?/home/marina/caseI/5runrs/run4/abl_rs_ep-1_step1_out_tab.lis (5 cycles, unit 24)
2026-05-07 19:08:09,034 - INFO - Ep-1 Step1: HCNO: N=29.0%  H=10.4%  C=16.2%  O=44.5%
2026-05-07 19:08:09,034 - INFO - Ep-1 Step1: Reward=15.6713
2026-05-07 19:08:09,034 - INFO - Eval 1: Reward=15.6713  State=[4.0, 6.0, 8.0, 6.5, 2.0, 7.5, 8.5]
2026-05-07 19:08:09,039 - INFO - New Best: 15.6713 at eval 1
2026-05-07 19:08:46,426 - INFO - FLUKA OK: abl_rs_ep-1_step2.inp (37.4s)
2026-05-07 19:08:46,430 - INFO - ustsuw OK â†?/home/marina/caseI/5runrs/run4/abl_rs_ep-1_step2_out_tab.lis (5 cycles, unit 24)
2026-05-07 19:08:46,430 - INFO - Ep-1 Step2: HCNO: N=30.5%  H=11.1%  C=32.8%  O=25.5%
2026-05-07 19:08:46,430 - INFO - Ep-1 Step2: Reward=11.9542
2026-05-07 19:08:46,430 - INFO - Eval 2: Reward=11.9542  State=[7.5, 6.5, 6.5, 4.5, 8.0, 4.0, 3.0]
2026-05-07 19:09:34,575 - INFO - FLUKA OK: abl_rs_ep-1_step3.inp (48.1s)
2026-05-07 19:09:34,680 - INFO - ustsuw OK â†?/home/marina/caseI/5runrs/run4/abl_rs_ep-1_step3_out_tab.lis (5 cycles, unit 24)
2026-05-07 19:09:34,702 - INFO - Ep-1 Step3: HCNO: N=44.3%  H=12.4%  C=10.2%  O=33.2%
2026-05-07 19:09:34,702 - INFO - Ep-1 Step3: Reward=19.6462
2026-05-07 19:09:34,703 - INFO - Eval 3: Reward=19.6462  State=[4.0, 2.5, 8.0, 3.0, 5.0, 3.5, 2.5]
2026-05-07 19:09:34,703 - INFO - New Best: 19.6462 at eval 3
2026-05-07 19:10:36,692 - INFO - FLUKA OK: abl_rs_ep-1_step4.inp (62.0s)
2026-05-07 19:10:36,762 - INFO - ustsuw OK â†?/home/marina/caseI/5runrs/run4/abl_rs_ep-1_step4_out_tab.lis (5 cycles, unit 24)
2026-05-07 19:10:36,783 - INFO - Ep-1 Step4: HCNO: N=35.9%  H=6.2%  C=19.2%  O=38.7%
2026-05-07 19:10:36,783 - INFO - Ep-1 Step4: Reward=18.6599
2026-05-07 19:10:36,783 - INFO - Eval 4: Reward=18.6599  State=[4.0, 4.5, 4.5, 3.5, 7.0, 3.0, 9.0]
2026-05-07 19:11:36,233 - INFO - FLUKA OK: abl_rs_ep-1_step5.inp (59.4s)
2026-05-07 19:11:36,235 - INFO - ustsuw OK â†?/home/marina/caseI/5runrs/run4/abl_rs_ep-1_step5_out_tab.lis (5 cycles, unit 24)
2026-05-07 19:11:36,257 - INFO - Ep-1 Step5: HCNO: N=35.8%  H=7.0%  C=31.4%  O=25.8%
2026-05-07 19:11:36,257 - INFO - Ep-1 Step5: Reward=11.7879
2026-05-07 19:11:36,257 - INFO - Eval 5: Reward=11.7879  State=[4.5, 6.5, 6.0, 5.0, 3.0, 2.0, 8.0]
2026-05-07 19:12:32,005 - INFO - FLUKA OK: abl_rs_ep-1_step6.inp (55.6s)
2026-05-07 19:12:32,036 - INFO - ustsuw OK â†?/home/marina/caseI/5runrs/run4/abl_rs_ep-1_step6_out_tab.lis (5 cycles, unit 24)
2026-05-07 19:12:32,039 - INFO - Ep-1 Step6: HCNO: N=37.4%  H=19.7%  C=17.8%  O=25.1%
2026-05-07 19:12:32,039 - INFO - Ep-1 Step6: Reward=25.7484
2026-05-07 19:12:32,039 - INFO - Eval 6: Reward=25.7484  State=[5.0, 8.0, 4.0, 7.5, 4.0, 4.0, 2.0]
2026-05-07 19:12:32,039 - INFO - New Best: 25.7484 at eval 6
2026-05-07 19:13:35,479 - INFO - FLUKA OK: abl_rs_ep-1_step7.inp (63.4s)
2026-05-07 19:13:35,484 - INFO - ustsuw OK â†?/home/marina/caseI/5runrs/run4/abl_rs_ep-1_step7_out_tab.lis (5 cycles, unit 24)
2026-05-07 19:13:35,497 - INFO - Ep-1 Step7: HCNO: N=38.1%  H=10.6%  C=17.0%  O=34.3%
2026-05-07 19:13:35,497 - INFO - Ep-1 Step7: Reward=28.6366
2026-05-07 19:13:35,497 - INFO - Eval 7: Reward=28.6366  State=[5.0, 3.0, 2.5, 3.0, 7.5, 3.5, 5.5]
2026-05-07 19:13:35,497 - INFO - New Best: 28.6366 at eval 7
2026-05-07 19:14:37,913 - INFO - FLUKA OK: abl_rs_ep-1_step8.inp (62.4s)
2026-05-07 19:14:37,919 - INFO - ustsuw OK â†?/home/marina/caseI/5runrs/run4/abl_rs_ep-1_step8_out_tab.lis (5 cycles, unit 24)
2026-05-07 19:14:37,948 - INFO - Ep-1 Step8: HCNO: N=37.0%  H=8.8%  C=23.2%  O=31.0%
2026-05-07 19:14:37,948 - INFO - Ep-1 Step8: Reward=11.2652
2026-05-07 19:14:37,949 - INFO - Eval 8: Reward=11.2652  State=[7.0, 3.0, 6.5, 7.5, 7.0, 6.0, 5.0]
2026-05-07 19:15:42,348 - INFO - FLUKA OK: abl_rs_ep-1_step9.inp (64.4s)
2026-05-07 19:15:42,428 - INFO - ustsuw OK â†?/home/marina/caseI/5runrs/run4/abl_rs_ep-1_step9_out_tab.lis (5 cycles, unit 24)
2026-05-07 19:15:42,636 - INFO - Ep-1 Step9: HCNO: N=36.5%  H=16.7%  C=25.2%  O=21.7%
2026-05-07 19:15:42,636 - INFO - Ep-1 Step9: Reward=28.2528
2026-05-07 19:15:42,636 - INFO - Eval 9: Reward=28.2528  State=[8.0, 2.0, 4.0, 7.0, 7.0, 7.0, 4.5]
2026-05-07 19:16:39,952 - INFO - FLUKA OK: abl_rs_ep-1_step10.inp (57.3s)
2026-05-07 19:16:40,002 - WARNING - prefix 'abl_rs_ep-1_step10' unit 24: expected 5 cycle files, found 10: ['abl_rs_ep-1_step10001_fort.24', 'abl_rs_ep-1_step10002_fort.24', 'abl_rs_ep-1_step10003_fort.24', 'abl_rs_ep-1_step10004_fort.24', 'abl_rs_ep-1_step10005_fort.24', 'abl_rs_ep-1_step1001_fort.24', 'abl_rs_ep-1_step1002_fort.24', 'abl_rs_ep-1_step1003_fort.24', 'abl_rs_ep-1_step1004_fort.24', 'abl_rs_ep-1_step1005_fort.24']
2026-05-07 19:16:40,079 - INFO - ustsuw OK â†?/home/marina/caseI/5runrs/run4/abl_rs_ep-1_step10_out_tab.lis (10 cycles, unit 24)
2026-05-07 19:16:40,082 - INFO - Ep-1 Step10: HCNO: N=34.0%  H=5.3%  C=18.7%  O=41.9%
2026-05-07 19:16:40,082 - INFO - Ep-1 Step10: Reward=24.9102
2026-05-07 19:16:40,082 - INFO - Eval 10: Reward=24.9102  State=[3.0, 3.5, 8.0, 5.0, 6.0, 4.5, 1.5]
2026-05-07 19:17:32,843 - INFO - FLUKA OK: abl_rs_ep-1_step11.inp (52.7s)
2026-05-07 19:17:33,103 - INFO - ustsuw OK â†?/home/marina/caseI/5runrs/run4/abl_rs_ep-1_step11_out_tab.lis (5 cycles, unit 24)
2026-05-07 19:17:33,184 - INFO - Ep-1 Step11: HCNO: N=44.7%  H=6.1%  C=21.3%  O=27.9%
2026-05-07 19:17:33,184 - INFO - Ep-1 Step11: Reward=25.2795
2026-05-07 19:17:33,187 - INFO - Eval 11: Reward=25.2795  State=[5.5, 3.0, 6.5, 4.0, 4.5, 3.0, 8.0]
2026-05-07 19:18:21,134 - INFO - FLUKA OK: abl_rs_ep-1_step12.inp (47.9s)
2026-05-07 19:18:21,138 - INFO - ustsuw OK â†?/home/marina/caseI/5runrs/run4/abl_rs_ep-1_step12_out_tab.lis (5 cycles, unit 24)
2026-05-07 19:18:21,139 - INFO - Ep-1 Step12: HCNO: N=30.5%  H=10.7%  C=29.2%  O=29.5%
2026-05-07 19:18:21,139 - INFO - Ep-1 Step12: Reward=11.2374
2026-05-07 19:18:21,139 - INFO - Eval 12: Reward=11.2374  State=[5.0, 5.5, 5.5, 6.5, 8.0, 5.5, 4.0]
2026-05-07 19:19:07,102 - INFO - FLUKA OK: abl_rs_ep-1_step13.inp (46.0s)
2026-05-07 19:19:07,148 - INFO - ustsuw OK â†?/home/marina/caseI/5runrs/run4/abl_rs_ep-1_step13_out_tab.lis (5 cycles, unit 24)
2026-05-07 19:19:07,162 - INFO - Ep-1 Step13: HCNO: N=43.4%  H=10.4%  C=28.6%  O=17.7%
2026-05-07 19:19:07,162 - INFO - Ep-1 Step13: Reward=20.0720
2026-05-07 19:19:07,164 - INFO - Eval 13: Reward=20.0720  State=[4.5, 5.0, 6.0, 5.0, 4.0, 5.0, 2.0]
2026-05-07 19:19:52,412 - INFO - FLUKA OK: abl_rs_ep-1_step14.inp (45.2s)
2026-05-07 19:19:52,425 - INFO - ustsuw OK â†?/home/marina/caseI/5runrs/run4/abl_rs_ep-1_step14_out_tab.lis (5 cycles, unit 24)
2026-05-07 19:19:52,434 - INFO - Ep-1 Step14: HCNO: N=36.3%  H=9.7%  C=28.0%  O=25.9%
2026-05-07 19:19:52,434 - INFO - Ep-1 Step14: Reward=19.0690
2026-05-07 19:19:52,434 - INFO - Eval 14: Reward=19.0690  State=[6.0, 2.0, 8.0, 3.5, 3.5, 3.0, 4.5]
2026-05-07 19:20:39,921 - INFO - FLUKA OK: abl_rs_ep-1_step15.inp (47.5s)
2026-05-07 19:20:39,988 - INFO - ustsuw OK â†?/home/marina/caseI/5runrs/run4/abl_rs_ep-1_step15_out_tab.lis (5 cycles, unit 24)
2026-05-07 19:20:39,998 - INFO - Ep-1 Step15: HCNO: N=24.1%  H=4.6%  C=34.5%  O=36.8%
2026-05-07 19:20:39,998 - INFO - Ep-1 Step15: Reward=11.4098
2026-05-07 19:20:39,998 - INFO - Eval 15: Reward=11.4098  State=[3.0, 7.0, 5.5, 4.0, 7.0, 2.5, 5.5]
2026-05-07 19:21:15,627 - INFO - FLUKA OK: abl_rs_ep-1_step16.inp (35.6s)
2026-05-07 19:21:15,638 - INFO - ustsuw OK â†?/home/marina/caseI/5runrs/run4/abl_rs_ep-1_step16_out_tab.lis (5 cycles, unit 24)
2026-05-07 19:21:15,662 - INFO - Ep-1 Step16: HCNO: N=47.1%  H=11.8%  C=16.3%  O=24.8%
2026-05-07 19:21:15,662 - INFO - Ep-1 Step16: Reward=17.0851
2026-05-07 19:21:15,662 - INFO - Eval 16: Reward=17.0851  State=[4.0, 6.5, 5.5, 2.0, 5.5, 2.0, 4.5]
2026-05-07 19:21:49,759 - INFO - FLUKA OK: abl_rs_ep-1_step17.inp (34.1s)
2026-05-07 19:21:49,798 - INFO - ustsuw OK â†?/home/marina/caseI/5runrs/run4/abl_rs_ep-1_step17_out_tab.lis (5 cycles, unit 24)
2026-05-07 19:21:49,848 - INFO - Ep-1 Step17: HCNO: N=37.2%  H=6.9%  C=33.2%  O=22.6%
2026-05-07 19:21:49,848 - INFO - Ep-1 Step17: Reward=26.3705
2026-05-07 19:21:49,848 - INFO - Eval 17: Reward=26.3705  State=[7.0, 8.0, 3.0, 3.0, 6.0, 2.0, 6.0]
2026-05-07 19:22:27,046 - INFO - FLUKA OK: abl_rs_ep-1_step18.inp (37.1s)
2026-05-07 19:22:27,099 - INFO - ustsuw OK â†?/home/marina/caseI/5runrs/run4/abl_rs_ep-1_step18_out_tab.lis (5 cycles, unit 24)
2026-05-07 19:22:27,100 - INFO - Ep-1 Step18: HCNO: N=33.6%  H=11.9%  C=19.9%  O=34.5%
2026-05-07 19:22:27,100 - INFO - Ep-1 Step18: Reward=12.0049
2026-05-07 19:22:27,100 - INFO - Eval 18: Reward=12.0049  State=[2.5, 8.0, 5.0, 3.5, 5.5, 4.0, 7.5]
2026-05-07 19:23:04,553 - INFO - FLUKA OK: abl_rs_ep-1_step19.inp (37.5s)
2026-05-07 19:23:04,608 - INFO - ustsuw OK â†?/home/marina/caseI/5runrs/run4/abl_rs_ep-1_step19_out_tab.lis (5 cycles, unit 24)
2026-05-07 19:23:04,609 - INFO - Ep-1 Step19: HCNO: N=38.1%  H=13.8%  C=21.1%  O=27.0%
2026-05-07 19:23:04,609 - INFO - Ep-1 Step19: Reward=21.0266
2026-05-07 19:23:04,609 - INFO - Eval 19: Reward=21.0266  State=[5.0, 3.5, 3.0, 4.5, 5.5, 5.5, 1.5]
2026-05-07 19:23:40,310 - INFO - FLUKA OK: abl_rs_ep-1_step20.inp (35.6s)
2026-05-07 19:23:40,311 - WARNING - prefix 'abl_rs_ep-1_step20' unit 24: expected 5 cycle files, found 10: ['abl_rs_ep-1_step20001_fort.24', 'abl_rs_ep-1_step20002_fort.24', 'abl_rs_ep-1_step20003_fort.24', 'abl_rs_ep-1_step20004_fort.24', 'abl_rs_ep-1_step20005_fort.24', 'abl_rs_ep-1_step2001_fort.24', 'abl_rs_ep-1_step2002_fort.24', 'abl_rs_ep-1_step2003_fort.24', 'abl_rs_ep-1_step2004_fort.24', 'abl_rs_ep-1_step2005_fort.24']
2026-05-07 19:23:40,380 - INFO - ustsuw OK â†?/home/marina/caseI/5runrs/run4/abl_rs_ep-1_step20_out_tab.lis (10 cycles, unit 24)
2026-05-07 19:23:40,381 - INFO - Ep-1 Step20: HCNO: N=33.7%  H=11.5%  C=26.7%  O=28.1%
2026-05-07 19:23:40,381 - INFO - Ep-1 Step20: Reward=28.1322
2026-05-07 19:23:40,381 - INFO - Eval 20: Reward=28.1322  State=[4.5, 7.0, 6.5, 2.5, 3.5, 7.0, 1.5]
2026-05-07 19:24:20,981 - INFO - FLUKA OK: abl_rs_ep-1_step21.inp (40.6s)
2026-05-07 19:24:21,070 - INFO - ustsuw OK â†?/home/marina/caseI/5runrs/run4/abl_rs_ep-1_step21_out_tab.lis (5 cycles, unit 24)
2026-05-07 19:24:21,074 - INFO - Ep-1 Step21: HCNO: N=33.9%  H=12.1%  C=31.8%  O=22.2%
2026-05-07 19:24:21,074 - INFO - Ep-1 Step21: Reward=15.5660
2026-05-07 19:24:21,074 - INFO - Eval 21: Reward=15.5660  State=[6.0, 2.0, 6.0, 6.5, 7.0, 7.5, 5.5]
2026-05-07 19:25:14,142 - INFO - FLUKA OK: abl_rs_ep-1_step22.inp (53.1s)
2026-05-07 19:25:14,183 - INFO - ustsuw OK â†?/home/marina/caseI/5runrs/run4/abl_rs_ep-1_step22_out_tab.lis (5 cycles, unit 24)
2026-05-07 19:25:14,193 - INFO - Ep-1 Step22: HCNO: N=38.4%  H=6.4%  C=23.1%  O=32.0%
2026-05-07 19:25:14,193 - INFO - Ep-1 Step22: Reward=16.7389
2026-05-07 19:25:14,194 - INFO - Eval 22: Reward=16.7389  State=[5.5, 3.5, 6.5, 4.0, 7.5, 2.0, 9.5]
2026-05-07 19:26:06,554 - INFO - FLUKA OK: abl_rs_ep-1_step23.inp (52.3s)
2026-05-07 19:26:06,565 - INFO - ustsuw OK â†?/home/marina/caseI/5runrs/run4/abl_rs_ep-1_step23_out_tab.lis (5 cycles, unit 24)
2026-05-07 19:26:06,567 - INFO - Ep-1 Step23: HCNO: N=36.3%  H=13.3%  C=22.6%  O=27.8%
2026-05-07 19:26:06,567 - INFO - Ep-1 Step23: Reward=24.5486
2026-05-07 19:26:06,567 - INFO - Eval 23: Reward=24.5486  State=[4.0, 7.5, 6.0, 5.0, 5.5, 2.5, 3.0]
2026-05-07 19:27:06,349 - INFO - FLUKA OK: abl_rs_ep-1_step24.inp (59.8s)
2026-05-07 19:27:06,355 - INFO - ustsuw OK â†?/home/marina/caseI/5runrs/run4/abl_rs_ep-1_step24_out_tab.lis (5 cycles, unit 24)
2026-05-07 19:27:06,358 - INFO - Ep-1 Step24: HCNO: N=44.1%  H=7.5%  C=17.7%  O=30.8%
2026-05-07 19:27:06,358 - INFO - Ep-1 Step24: Reward=20.5130
2026-05-07 19:27:06,358 - INFO - Eval 24: Reward=20.5130  State=[3.5, 5.0, 2.5, 2.0, 5.5, 3.5, 7.5]
2026-05-07 19:28:01,892 - INFO - FLUKA OK: abl_rs_ep-1_step25.inp (55.5s)
2026-05-07 19:28:01,922 - INFO - ustsuw OK â†?/home/marina/caseI/5runrs/run4/abl_rs_ep-1_step25_out_tab.lis (5 cycles, unit 24)
2026-05-07 19:28:01,944 - INFO - Ep-1 Step25: HCNO: N=22.3%  H=11.3%  C=33.1%  O=33.2%
2026-05-07 19:28:01,944 - INFO - Ep-1 Step25: Reward=25.9202
2026-05-07 19:28:01,944 - INFO - Eval 25: Reward=25.9202  State=[6.5, 8.0, 2.0, 4.0, 6.5, 2.5, 3.0]
2026-05-07 19:29:00,991 - INFO - FLUKA OK: abl_rs_ep-1_step26.inp (59.0s)
2026-05-07 19:29:01,050 - INFO - ustsuw OK â†?/home/marina/caseI/5runrs/run4/abl_rs_ep-1_step26_out_tab.lis (5 cycles, unit 24)
2026-05-07 19:29:01,064 - INFO - Ep-1 Step26: HCNO: N=34.1%  H=9.9%  C=26.6%  O=29.4%
2026-05-07 19:29:01,064 - INFO - Ep-1 Step26: Reward=22.3770
2026-05-07 19:29:01,064 - INFO - Eval 26: Reward=22.3770  State=[6.0, 5.5, 4.5, 2.5, 3.5, 8.0, 2.5]
2026-05-07 19:29:53,033 - INFO - FLUKA OK: abl_rs_ep-1_step27.inp (52.0s)
2026-05-07 19:29:53,069 - INFO - ustsuw OK â†?/home/marina/caseI/5runrs/run4/abl_rs_ep-1_step27_out_tab.lis (5 cycles, unit 24)
2026-05-07 19:29:53,081 - INFO - Ep-1 Step27: HCNO: N=38.8%  H=13.7%  C=25.6%  O=22.0%
2026-05-07 19:29:53,081 - INFO - Ep-1 Step27: Reward=21.7753
2026-05-07 19:29:53,081 - INFO - Eval 27: Reward=21.7753  State=[3.5, 5.5, 5.0, 2.5, 3.5, 3.5, 9.5]
2026-05-07 19:30:52,286 - INFO - FLUKA OK: abl_rs_ep-1_step28.inp (59.2s)
2026-05-07 19:30:52,441 - INFO - ustsuw OK â†?/home/marina/caseI/5runrs/run4/abl_rs_ep-1_step28_out_tab.lis (5 cycles, unit 24)
2026-05-07 19:30:52,486 - INFO - Ep-1 Step28: HCNO: N=44.4%  H=6.9%  C=25.0%  O=23.7%
2026-05-07 19:30:52,486 - INFO - Ep-1 Step28: Reward=27.4945
2026-05-07 19:30:52,486 - INFO - Eval 28: Reward=27.4945  State=[2.5, 5.0, 2.0, 2.0, 4.0, 3.5, 5.5]
2026-05-07 19:31:46,250 - INFO - FLUKA OK: abl_rs_ep-1_step29.inp (53.8s)
2026-05-07 19:31:46,274 - INFO - ustsuw OK â†?/home/marina/caseI/5runrs/run4/abl_rs_ep-1_step29_out_tab.lis (5 cycles, unit 24)
2026-05-07 19:31:46,274 - INFO - Ep-1 Step29: HCNO: N=43.3%  H=3.5%  C=28.5%  O=24.7%
2026-05-07 19:31:46,275 - INFO - Ep-1 Step29: Reward=17.4806
2026-05-07 19:31:46,275 - INFO - Eval 29: Reward=17.4806  State=[4.5, 3.0, 3.0, 6.5, 5.5, 2.5, 8.5]
2026-05-07 19:32:39,532 - INFO - FLUKA OK: abl_rs_ep-1_step30.inp (53.2s)
2026-05-07 19:32:39,569 - WARNING - prefix 'abl_rs_ep-1_step30' unit 24: expected 5 cycle files, found 10: ['abl_rs_ep-1_step30001_fort.24', 'abl_rs_ep-1_step30002_fort.24', 'abl_rs_ep-1_step30003_fort.24', 'abl_rs_ep-1_step30004_fort.24', 'abl_rs_ep-1_step30005_fort.24', 'abl_rs_ep-1_step3001_fort.24', 'abl_rs_ep-1_step3002_fort.24', 'abl_rs_ep-1_step3003_fort.24', 'abl_rs_ep-1_step3004_fort.24', 'abl_rs_ep-1_step3005_fort.24']
2026-05-07 19:32:39,790 - INFO - ustsuw OK â†?/home/marina/caseI/5runrs/run4/abl_rs_ep-1_step30_out_tab.lis (10 cycles, unit 24)
2026-05-07 19:32:39,791 - INFO - Ep-1 Step30: HCNO: N=41.1%  H=10.3%  C=13.5%  O=35.1%
2026-05-07 19:32:39,793 - INFO - Ep-1 Step30: Reward=30.6637
2026-05-07 19:32:39,794 - INFO - Eval 30: Reward=30.6637  State=[3.0, 6.5, 5.0, 6.0, 3.0, 3.5, 5.0]
2026-05-07 19:32:39,794 - INFO - New Best: 30.6637 at eval 30
2026-05-07 19:33:15,854 - INFO - FLUKA OK: abl_rs_ep-1_step31.inp (36.1s)
2026-05-07 19:33:15,928 - INFO - ustsuw OK â†?/home/marina/caseI/5runrs/run4/abl_rs_ep-1_step31_out_tab.lis (5 cycles, unit 24)
2026-05-07 19:33:15,939 - INFO - Ep-1 Step31: HCNO: N=32.7%  H=8.8%  C=25.3%  O=33.2%
2026-05-07 19:33:15,940 - INFO - Ep-1 Step31: Reward=18.3014
2026-05-07 19:33:15,940 - INFO - Eval 31: Reward=18.3014  State=[6.0, 5.5, 7.5, 3.0, 2.0, 5.5, 7.5]
2026-05-07 19:33:54,632 - INFO - FLUKA OK: abl_rs_ep-1_step32.inp (38.7s)
2026-05-07 19:33:54,637 - INFO - ustsuw OK â†?/home/marina/caseI/5runrs/run4/abl_rs_ep-1_step32_out_tab.lis (5 cycles, unit 24)
2026-05-07 19:33:54,639 - INFO - Ep-1 Step32: HCNO: N=44.1%  H=5.5%  C=26.9%  O=23.5%
2026-05-07 19:33:54,639 - INFO - Ep-1 Step32: Reward=19.9761
2026-05-07 19:33:54,640 - INFO - Eval 32: Reward=19.9761  State=[2.0, 5.5, 7.0, 7.0, 3.0, 7.0, 1.5]
2026-05-07 19:34:46,180 - INFO - FLUKA OK: abl_rs_ep-1_step33.inp (51.5s)
2026-05-07 19:34:46,187 - INFO - ustsuw OK â†?/home/marina/caseI/5runrs/run4/abl_rs_ep-1_step33_out_tab.lis (5 cycles, unit 24)
2026-05-07 19:34:46,187 - INFO - Ep-1 Step33: HCNO: N=32.7%  H=10.4%  C=29.8%  O=27.2%
2026-05-07 19:34:46,188 - INFO - Ep-1 Step33: Reward=12.9464
2026-05-07 19:34:46,188 - INFO - Eval 33: Reward=12.9464  State=[3.0, 7.5, 5.5, 7.0, 4.5, 5.5, 8.5]
2026-05-07 19:35:37,644 - INFO - FLUKA OK: abl_rs_ep-1_step34.inp (51.4s)
2026-05-07 19:35:37,691 - INFO - ustsuw OK â†?/home/marina/caseI/5runrs/run4/abl_rs_ep-1_step34_out_tab.lis (5 cycles, unit 24)
2026-05-07 19:35:37,692 - INFO - Ep-1 Step34: HCNO: N=43.8%  H=6.0%  C=23.7%  O=26.5%
2026-05-07 19:35:37,692 - INFO - Ep-1 Step34: Reward=16.1296
2026-05-07 19:35:37,692 - INFO - Eval 34: Reward=16.1296  State=[2.5, 6.5, 8.0, 6.0, 7.0, 6.0, 3.0]
2026-05-07 19:36:30,629 - INFO - FLUKA OK: abl_rs_ep-1_step35.inp (52.9s)
2026-05-07 19:36:30,724 - INFO - ustsuw OK â†?/home/marina/caseI/5runrs/run4/abl_rs_ep-1_step35_out_tab.lis (5 cycles, unit 24)
2026-05-07 19:36:30,815 - INFO - Ep-1 Step35: HCNO: N=33.4%  H=8.9%  C=27.0%  O=30.7%
2026-05-07 19:36:30,815 - INFO - Ep-1 Step35: Reward=16.6956
2026-05-07 19:36:30,816 - INFO - Eval 35: Reward=16.6956  State=[3.5, 3.5, 5.0, 5.5, 2.5, 7.5, 9.5]
2026-05-07 19:37:22,992 - INFO - FLUKA OK: abl_rs_ep-1_step36.inp (52.2s)
2026-05-07 19:37:23,020 - INFO - ustsuw OK â†?/home/marina/caseI/5runrs/run4/abl_rs_ep-1_step36_out_tab.lis (5 cycles, unit 24)
2026-05-07 19:37:23,021 - INFO - Ep-1 Step36: HCNO: N=38.7%  H=7.3%  C=20.9%  O=33.1%
2026-05-07 19:37:23,021 - INFO - Ep-1 Step36: Reward=18.6573
2026-05-07 19:37:23,021 - INFO - Eval 36: Reward=18.6573  State=[4.5, 8.0, 7.0, 4.0, 3.0, 7.5, 2.0]
2026-05-07 19:38:16,736 - INFO - FLUKA OK: abl_rs_ep-1_step37.inp (53.7s)
2026-05-07 19:38:16,862 - INFO - ustsuw OK â†?/home/marina/caseI/5runrs/run4/abl_rs_ep-1_step37_out_tab.lis (5 cycles, unit 24)
2026-05-07 19:38:16,865 - INFO - Ep-1 Step37: HCNO: N=42.0%  H=9.7%  C=22.7%  O=25.6%
2026-05-07 19:38:16,865 - INFO - Ep-1 Step37: Reward=29.7981
2026-05-07 19:38:16,865 - INFO - Eval 37: Reward=29.7981  State=[2.5, 7.5, 3.0, 4.5, 5.5, 2.0, 1.0]
2026-05-07 19:39:09,053 - INFO - FLUKA OK: abl_rs_ep-1_step38.inp (52.2s)
2026-05-07 19:39:09,395 - INFO - ustsuw OK â†?/home/marina/caseI/5runrs/run4/abl_rs_ep-1_step38_out_tab.lis (5 cycles, unit 24)
2026-05-07 19:39:09,396 - INFO - Ep-1 Step38: HCNO: N=43.8%  H=7.1%  C=21.7%  O=27.3%
2026-05-07 19:39:09,396 - INFO - Ep-1 Step38: Reward=23.7235
2026-05-07 19:39:09,396 - INFO - Eval 38: Reward=23.7235  State=[8.0, 3.5, 2.0, 3.5, 6.5, 5.0, 1.5]
2026-05-07 19:39:57,228 - INFO - FLUKA OK: abl_rs_ep-1_step39.inp (47.8s)
2026-05-07 19:39:57,346 - INFO - ustsuw OK â†?/home/marina/caseI/5runrs/run4/abl_rs_ep-1_step39_out_tab.lis (5 cycles, unit 24)
2026-05-07 19:39:57,347 - INFO - Ep-1 Step39: HCNO: N=28.7%  H=7.3%  C=32.8%  O=31.2%
2026-05-07 19:39:57,347 - INFO - Ep-1 Step39: Reward=13.3174
2026-05-07 19:39:57,347 - INFO - Eval 39: Reward=13.3174  State=[5.5, 8.0, 7.5, 2.5, 7.0, 6.0, 3.0]
2026-05-07 19:40:52,230 - INFO - FLUKA OK: abl_rs_ep-1_step40.inp (54.9s)
2026-05-07 19:40:52,315 - WARNING - prefix 'abl_rs_ep-1_step40' unit 24: expected 5 cycle files, found 10: ['abl_rs_ep-1_step40001_fort.24', 'abl_rs_ep-1_step40002_fort.24', 'abl_rs_ep-1_step40003_fort.24', 'abl_rs_ep-1_step40004_fort.24', 'abl_rs_ep-1_step40005_fort.24', 'abl_rs_ep-1_step4001_fort.24', 'abl_rs_ep-1_step4002_fort.24', 'abl_rs_ep-1_step4003_fort.24', 'abl_rs_ep-1_step4004_fort.24', 'abl_rs_ep-1_step4005_fort.24']
2026-05-07 19:40:52,364 - INFO - ustsuw OK â†?/home/marina/caseI/5runrs/run4/abl_rs_ep-1_step40_out_tab.lis (10 cycles, unit 24)
2026-05-07 19:40:52,380 - INFO - Ep-1 Step40: HCNO: N=35.5%  H=9.8%  C=23.6%  O=31.2%
2026-05-07 19:40:52,380 - INFO - Ep-1 Step40: Reward=25.8171
2026-05-07 19:40:52,380 - INFO - Eval 40: Reward=25.8171  State=[5.0, 4.5, 4.5, 5.5, 8.0, 3.5, 3.0]
2026-05-07 19:41:39,596 - INFO - FLUKA OK: abl_rs_ep-1_step41.inp (47.2s)
2026-05-07 19:41:39,818 - INFO - ustsuw OK â†?/home/marina/caseI/5runrs/run4/abl_rs_ep-1_step41_out_tab.lis (5 cycles, unit 24)
2026-05-07 19:41:39,820 - INFO - Ep-1 Step41: HCNO: N=37.0%  H=4.1%  C=29.8%  O=29.1%
2026-05-07 19:41:39,820 - INFO - Ep-1 Step41: Reward=15.3488
2026-05-07 19:41:39,820 - INFO - Eval 41: Reward=15.3488  State=[7.5, 4.5, 7.0, 2.0, 4.5, 6.5, 8.0]
2026-05-07 19:42:33,251 - INFO - FLUKA OK: abl_rs_ep-1_step42.inp (53.4s)
2026-05-07 19:42:33,277 - INFO - ustsuw OK â†?/home/marina/caseI/5runrs/run4/abl_rs_ep-1_step42_out_tab.lis (5 cycles, unit 24)
2026-05-07 19:42:33,277 - INFO - Ep-1 Step42: HCNO: N=47.0%  H=6.7%  C=21.8%  O=24.5%
2026-05-07 19:42:33,278 - INFO - Ep-1 Step42: Reward=17.2745
2026-05-07 19:42:33,279 - INFO - Eval 42: Reward=17.2745  State=[7.0, 2.5, 3.5, 3.5, 2.5, 3.5, 7.0]
2026-05-07 19:43:31,618 - INFO - FLUKA OK: abl_rs_ep-1_step43.inp (58.3s)
2026-05-07 19:43:31,708 - INFO - ustsuw OK â†?/home/marina/caseI/5runrs/run4/abl_rs_ep-1_step43_out_tab.lis (5 cycles, unit 24)
2026-05-07 19:43:31,720 - INFO - Ep-1 Step43: HCNO: N=30.5%  H=20.7%  C=27.5%  O=21.3%
2026-05-07 19:43:31,720 - INFO - Ep-1 Step43: Reward=23.4810
2026-05-07 19:43:31,720 - INFO - Eval 43: Reward=23.4810  State=[5.0, 6.5, 3.5, 7.5, 5.5, 4.5, 4.5]
2026-05-07 19:44:20,559 - INFO - FLUKA OK: abl_rs_ep-1_step44.inp (48.8s)
2026-05-07 19:44:20,586 - INFO - ustsuw OK â†?/home/marina/caseI/5runrs/run4/abl_rs_ep-1_step44_out_tab.lis (5 cycles, unit 24)
2026-05-07 19:44:20,587 - INFO - Ep-1 Step44: HCNO: N=43.2%  H=13.9%  C=17.4%  O=25.5%
2026-05-07 19:44:20,587 - INFO - Ep-1 Step44: Reward=11.4762
2026-05-07 19:44:20,587 - INFO - Eval 44: Reward=11.4762  State=[6.5, 3.0, 2.5, 7.0, 5.5, 4.5, 5.0]
2026-05-07 19:45:18,499 - INFO - FLUKA OK: abl_rs_ep-1_step45.inp (57.9s)
2026-05-07 19:45:18,545 - INFO - ustsuw OK â†?/home/marina/caseI/5runrs/run4/abl_rs_ep-1_step45_out_tab.lis (5 cycles, unit 24)
2026-05-07 19:45:18,547 - INFO - Ep-1 Step45: HCNO: N=44.5%  H=9.3%  C=21.4%  O=24.8%
2026-05-07 19:45:18,547 - INFO - Ep-1 Step45: Reward=21.7512
2026-05-07 19:45:18,547 - INFO - Eval 45: Reward=21.7512  State=[7.5, 2.5, 2.0, 5.0, 4.0, 6.0, 6.5]
2026-05-07 19:46:13,580 - INFO - FLUKA OK: abl_rs_ep-1_step46.inp (55.0s)
2026-05-07 19:46:13,629 - INFO - ustsuw OK â†?/home/marina/caseI/5runrs/run4/abl_rs_ep-1_step46_out_tab.lis (5 cycles, unit 24)
2026-05-07 19:46:13,641 - INFO - Ep-1 Step46: HCNO: N=45.0%  H=18.0%  C=9.9%  O=27.0%
2026-05-07 19:46:13,641 - INFO - Ep-1 Step46: Reward=26.7822
2026-05-07 19:46:13,641 - INFO - Eval 46: Reward=26.7822  State=[6.0, 3.0, 3.0, 4.5, 2.0, 7.0, 6.5]
2026-05-07 19:47:06,402 - INFO - FLUKA OK: abl_rs_ep-1_step47.inp (52.8s)
2026-05-07 19:47:06,422 - INFO - ustsuw OK â†?/home/marina/caseI/5runrs/run4/abl_rs_ep-1_step47_out_tab.lis (5 cycles, unit 24)
2026-05-07 19:47:06,425 - INFO - Ep-1 Step47: HCNO: N=43.4%  H=7.3%  C=28.6%  O=20.7%
2026-05-07 19:47:06,425 - INFO - Ep-1 Step47: Reward=22.3541
2026-05-07 19:47:06,425 - INFO - Eval 47: Reward=22.3541  State=[6.0, 7.5, 7.0, 5.5, 2.0, 6.5, 8.5]
2026-05-07 19:47:57,568 - INFO - FLUKA OK: abl_rs_ep-1_step48.inp (51.1s)
2026-05-07 19:47:57,845 - INFO - ustsuw OK â†?/home/marina/caseI/5runrs/run4/abl_rs_ep-1_step48_out_tab.lis (5 cycles, unit 24)
2026-05-07 19:47:57,846 - INFO - Ep-1 Step48: HCNO: N=38.7%  H=7.1%  C=28.8%  O=25.4%
2026-05-07 19:47:57,846 - INFO - Ep-1 Step48: Reward=6.4077
2026-05-07 19:47:57,846 - INFO - Eval 48: Reward=6.4077  State=[8.0, 3.5, 6.0, 5.5, 4.5, 4.0, 8.5]
2026-05-07 19:48:52,820 - INFO - FLUKA OK: abl_rs_ep-1_step49.inp (55.0s)
2026-05-07 19:48:52,919 - INFO - ustsuw OK â†?/home/marina/caseI/5runrs/run4/abl_rs_ep-1_step49_out_tab.lis (5 cycles, unit 24)
2026-05-07 19:48:52,922 - INFO - Ep-1 Step49: HCNO: N=36.1%  H=5.2%  C=29.0%  O=29.7%
2026-05-07 19:48:52,922 - INFO - Ep-1 Step49: Reward=10.2694
2026-05-07 19:48:52,922 - INFO - Eval 49: Reward=10.2694  State=[5.0, 5.0, 7.5, 5.5, 5.0, 8.0, 7.0]
2026-05-07 19:49:46,417 - INFO - FLUKA OK: abl_rs_ep-1_step50.inp (53.5s)
2026-05-07 19:49:46,564 - WARNING - prefix 'abl_rs_ep-1_step50' unit 24: expected 5 cycle files, found 10: ['abl_rs_ep-1_step50001_fort.24', 'abl_rs_ep-1_step50002_fort.24', 'abl_rs_ep-1_step50003_fort.24', 'abl_rs_ep-1_step50004_fort.24', 'abl_rs_ep-1_step50005_fort.24', 'abl_rs_ep-1_step5001_fort.24', 'abl_rs_ep-1_step5002_fort.24', 'abl_rs_ep-1_step5003_fort.24', 'abl_rs_ep-1_step5004_fort.24', 'abl_rs_ep-1_step5005_fort.24']
2026-05-07 19:49:46,696 - INFO - ustsuw OK â†?/home/marina/caseI/5runrs/run4/abl_rs_ep-1_step50_out_tab.lis (10 cycles, unit 24)
2026-05-07 19:49:46,704 - INFO - Ep-1 Step50: HCNO: N=34.0%  H=8.6%  C=28.7%  O=28.6%
2026-05-07 19:49:46,704 - INFO - Ep-1 Step50: Reward=27.7712
2026-05-07 19:49:46,704 - INFO - Eval 50: Reward=27.7712  State=[2.5, 5.5, 5.0, 5.0, 5.5, 7.5, 4.0]
2026-05-07 19:50:41,699 - INFO - FLUKA OK: abl_rs_ep-1_step51.inp (55.0s)
2026-05-07 19:50:41,754 - INFO - ustsuw OK â†?/home/marina/caseI/5runrs/run4/abl_rs_ep-1_step51_out_tab.lis (5 cycles, unit 24)
2026-05-07 19:50:41,755 - INFO - Ep-1 Step51: HCNO: N=49.1%  H=5.8%  C=22.9%  O=22.2%
2026-05-07 19:50:41,755 - INFO - Ep-1 Step51: Reward=28.8209
2026-05-07 19:50:41,755 - INFO - Eval 51: Reward=28.8209  State=[5.5, 4.5, 6.0, 4.0, 2.5, 6.5, 4.5]
2026-05-07 19:51:39,886 - INFO - FLUKA OK: abl_rs_ep-1_step52.inp (58.1s)
2026-05-07 19:51:40,063 - INFO - ustsuw OK â†?/home/marina/caseI/5runrs/run4/abl_rs_ep-1_step52_out_tab.lis (5 cycles, unit 24)
2026-05-07 19:51:40,065 - INFO - Ep-1 Step52: HCNO: N=41.8%  H=8.5%  C=23.1%  O=26.6%
2026-05-07 19:51:40,065 - INFO - Ep-1 Step52: Reward=18.8490
2026-05-07 19:51:40,065 - INFO - Eval 52: Reward=18.8490  State=[5.5, 2.5, 5.5, 3.0, 6.5, 2.0, 10.0]
2026-05-07 19:52:35,019 - INFO - FLUKA OK: abl_rs_ep-1_step53.inp (55.0s)
2026-05-07 19:52:35,025 - INFO - ustsuw OK â†?/home/marina/caseI/5runrs/run4/abl_rs_ep-1_step53_out_tab.lis (5 cycles, unit 24)
2026-05-07 19:52:35,028 - INFO - Ep-1 Step53: HCNO: N=41.3%  H=11.8%  C=23.7%  O=23.1%
2026-05-07 19:52:35,028 - INFO - Ep-1 Step53: Reward=14.7631
2026-05-07 19:52:35,028 - INFO - Eval 53: Reward=14.7631  State=[5.0, 4.0, 5.5, 6.5, 7.0, 5.5, 3.5]
2026-05-07 19:53:30,801 - INFO - FLUKA OK: abl_rs_ep-1_step54.inp (55.8s)
2026-05-07 19:53:30,857 - INFO - ustsuw OK â†?/home/marina/caseI/5runrs/run4/abl_rs_ep-1_step54_out_tab.lis (5 cycles, unit 24)
2026-05-07 19:53:30,857 - INFO - Ep-1 Step54: HCNO: N=45.6%  H=10.3%  C=21.0%  O=23.1%
2026-05-07 19:53:30,857 - INFO - Ep-1 Step54: Reward=13.2038
2026-05-07 19:53:30,858 - INFO - Eval 54: Reward=13.2038  State=[4.5, 5.0, 5.5, 4.0, 4.0, 7.5, 7.0]
2026-05-07 19:54:19,769 - INFO - FLUKA OK: abl_rs_ep-1_step55.inp (48.9s)
2026-05-07 19:54:19,880 - INFO - ustsuw OK â†?/home/marina/caseI/5runrs/run4/abl_rs_ep-1_step55_out_tab.lis (5 cycles, unit 24)
2026-05-07 19:54:19,881 - INFO - Ep-1 Step55: HCNO: N=40.6%  H=7.9%  C=23.8%  O=27.7%
2026-05-07 19:54:19,881 - INFO - Ep-1 Step55: Reward=14.6598
2026-05-07 19:54:19,881 - INFO - Eval 55: Reward=14.6598  State=[4.5, 4.5, 6.5, 6.5, 5.0, 3.0, 3.0]
2026-05-07 19:55:10,259 - INFO - FLUKA OK: abl_rs_ep-1_step56.inp (50.2s)
2026-05-07 19:55:10,504 - INFO - ustsuw OK â†?/home/marina/caseI/5runrs/run4/abl_rs_ep-1_step56_out_tab.lis (5 cycles, unit 24)
2026-05-07 19:55:10,740 - INFO - Ep-1 Step56: HCNO: N=34.9%  H=9.4%  C=29.2%  O=26.5%
2026-05-07 19:55:10,740 - INFO - Ep-1 Step56: Reward=16.3780
2026-05-07 19:55:10,743 - INFO - Eval 56: Reward=16.3780  State=[5.0, 4.0, 7.5, 6.0, 5.0, 3.0, 6.5]
2026-05-07 19:56:03,391 - INFO - FLUKA OK: abl_rs_ep-1_step57.inp (52.6s)
2026-05-07 19:56:03,733 - INFO - ustsuw OK â†?/home/marina/caseI/5runrs/run4/abl_rs_ep-1_step57_out_tab.lis (5 cycles, unit 24)
2026-05-07 19:56:03,733 - INFO - Ep-1 Step57: HCNO: N=45.1%  H=10.1%  C=21.0%  O=23.7%
2026-05-07 19:56:03,733 - INFO - Ep-1 Step57: Reward=29.1960
2026-05-07 19:56:03,733 - INFO - Eval 57: Reward=29.1960  State=[2.5, 6.0, 7.0, 2.0, 6.0, 3.0, 2.0]
2026-05-07 19:56:59,770 - INFO - FLUKA OK: abl_rs_ep-1_step58.inp (56.0s)
2026-05-07 19:56:59,795 - INFO - ustsuw OK â†?/home/marina/caseI/5runrs/run4/abl_rs_ep-1_step58_out_tab.lis (5 cycles, unit 24)
2026-05-07 19:56:59,799 - INFO - Ep-1 Step58: HCNO: N=36.4%  H=7.3%  C=27.0%  O=29.4%
2026-05-07 19:56:59,799 - INFO - Ep-1 Step58: Reward=26.7397
2026-05-07 19:56:59,799 - INFO - Eval 58: Reward=26.7397  State=[3.0, 4.0, 4.0, 2.0, 4.0, 7.0, 2.5]
2026-05-07 19:57:46,940 - INFO - FLUKA OK: abl_rs_ep-1_step59.inp (47.1s)
2026-05-07 19:57:46,964 - INFO - ustsuw OK â†?/home/marina/caseI/5runrs/run4/abl_rs_ep-1_step59_out_tab.lis (5 cycles, unit 24)
2026-05-07 19:57:46,965 - INFO - Ep-1 Step59: HCNO: N=37.2%  H=7.2%  C=14.3%  O=41.3%
2026-05-07 19:57:46,965 - INFO - Ep-1 Step59: Reward=20.0589
2026-05-07 19:57:46,966 - INFO - Eval 59: Reward=20.0589  State=[8.0, 8.0, 6.5, 4.0, 3.5, 4.0, 6.0]
2026-05-07 19:58:45,691 - INFO - FLUKA OK: abl_rs_ep-1_step60.inp (58.7s)
2026-05-07 19:58:45,718 - WARNING - prefix 'abl_rs_ep-1_step60' unit 24: expected 5 cycle files, found 10: ['abl_rs_ep-1_step60001_fort.24', 'abl_rs_ep-1_step60002_fort.24', 'abl_rs_ep-1_step60003_fort.24', 'abl_rs_ep-1_step60004_fort.24', 'abl_rs_ep-1_step60005_fort.24', 'abl_rs_ep-1_step6001_fort.24', 'abl_rs_ep-1_step6002_fort.24', 'abl_rs_ep-1_step6003_fort.24', 'abl_rs_ep-1_step6004_fort.24', 'abl_rs_ep-1_step6005_fort.24']
2026-05-07 19:58:45,746 - INFO - ustsuw OK â†?/home/marina/caseI/5runrs/run4/abl_rs_ep-1_step60_out_tab.lis (10 cycles, unit 24)
2026-05-07 19:58:45,768 - INFO - Ep-1 Step60: HCNO: N=38.9%  H=15.4%  C=21.0%  O=24.7%
2026-05-07 19:58:45,768 - INFO - Ep-1 Step60: Reward=32.4190
2026-05-07 19:58:45,770 - INFO - Eval 60: Reward=32.4190  State=[2.0, 6.5, 2.5, 5.5, 5.5, 4.0, 4.0]
2026-05-07 19:58:45,770 - INFO - New Best: 32.4190 at eval 60
2026-05-07 19:59:36,921 - INFO - FLUKA OK: abl_rs_ep-1_step61.inp (51.2s)
2026-05-07 19:59:36,969 - INFO - ustsuw OK â†?/home/marina/caseI/5runrs/run4/abl_rs_ep-1_step61_out_tab.lis (5 cycles, unit 24)
2026-05-07 19:59:36,969 - INFO - Ep-1 Step61: HCNO: N=33.6%  H=12.6%  C=27.3%  O=26.4%
2026-05-07 19:59:36,969 - INFO - Ep-1 Step61: Reward=17.3476
2026-05-07 19:59:36,969 - INFO - Eval 61: Reward=17.3476  State=[5.0, 2.5, 7.5, 7.0, 2.5, 2.0, 5.5]
2026-05-07 20:00:25,388 - INFO - FLUKA OK: abl_rs_ep-1_step62.inp (48.4s)
2026-05-07 20:00:25,425 - INFO - ustsuw OK â†?/home/marina/caseI/5runrs/run4/abl_rs_ep-1_step62_out_tab.lis (5 cycles, unit 24)
2026-05-07 20:00:25,426 - INFO - Ep-1 Step62: HCNO: N=35.2%  H=11.9%  C=19.4%  O=33.5%
2026-05-07 20:00:25,426 - INFO - Ep-1 Step62: Reward=15.2688
2026-05-07 20:00:25,426 - INFO - Eval 62: Reward=15.2688  State=[7.5, 7.5, 7.0, 4.5, 5.5, 3.5, 7.0]
2026-05-07 20:01:18,954 - INFO - FLUKA OK: abl_rs_ep-1_step63.inp (53.5s)
2026-05-07 20:01:19,048 - INFO - ustsuw OK â†?/home/marina/caseI/5runrs/run4/abl_rs_ep-1_step63_out_tab.lis (5 cycles, unit 24)
2026-05-07 20:01:19,050 - INFO - Ep-1 Step63: HCNO: N=35.2%  H=6.6%  C=24.1%  O=34.1%
2026-05-07 20:01:19,050 - INFO - Ep-1 Step63: Reward=19.3444
2026-05-07 20:01:19,050 - INFO - Eval 63: Reward=19.3444  State=[7.5, 4.5, 2.5, 5.0, 8.0, 4.0, 6.5]
2026-05-07 20:02:07,976 - INFO - FLUKA OK: abl_rs_ep-1_step64.inp (48.9s)
2026-05-07 20:02:08,014 - INFO - ustsuw OK â†?/home/marina/caseI/5runrs/run4/abl_rs_ep-1_step64_out_tab.lis (5 cycles, unit 24)
2026-05-07 20:02:08,017 - INFO - Ep-1 Step64: HCNO: N=39.2%  H=16.0%  C=20.6%  O=24.2%
2026-05-07 20:02:08,017 - INFO - Ep-1 Step64: Reward=11.2537
2026-05-07 20:02:08,017 - INFO - Eval 64: Reward=11.2537  State=[5.0, 3.0, 7.0, 7.5, 7.5, 8.0, 2.5]
2026-05-07 20:03:00,053 - INFO - FLUKA OK: abl_rs_ep-1_step65.inp (52.0s)
2026-05-07 20:03:00,101 - INFO - ustsuw OK â†?/home/marina/caseI/5runrs/run4/abl_rs_ep-1_step65_out_tab.lis (5 cycles, unit 24)
2026-05-07 20:03:00,102 - INFO - Ep-1 Step65: HCNO: N=39.7%  H=7.8%  C=17.2%  O=35.3%
2026-05-07 20:03:00,102 - INFO - Ep-1 Step65: Reward=19.7534
2026-05-07 20:03:00,103 - INFO - Eval 65: Reward=19.7534  State=[3.5, 4.0, 5.5, 7.0, 5.5, 2.0, 5.0]
2026-05-07 20:03:54,270 - INFO - FLUKA OK: abl_rs_ep-1_step66.inp (54.2s)
2026-05-07 20:03:54,283 - INFO - ustsuw OK â†?/home/marina/caseI/5runrs/run4/abl_rs_ep-1_step66_out_tab.lis (5 cycles, unit 24)
2026-05-07 20:03:54,286 - INFO - Ep-1 Step66: HCNO: N=30.4%  H=4.0%  C=23.8%  O=41.7%
2026-05-07 20:03:54,286 - INFO - Ep-1 Step66: Reward=13.3642
2026-05-07 20:03:54,286 - INFO - Eval 66: Reward=13.3642  State=[4.0, 6.0, 6.0, 7.5, 6.0, 2.0, 4.5]
2026-05-07 20:04:49,119 - INFO - FLUKA OK: abl_rs_ep-1_step67.inp (54.8s)
2026-05-07 20:04:49,142 - INFO - ustsuw OK â†?/home/marina/caseI/5runrs/run4/abl_rs_ep-1_step67_out_tab.lis (5 cycles, unit 24)
2026-05-07 20:04:49,143 - INFO - Ep-1 Step67: HCNO: N=41.2%  H=8.9%  C=21.6%  O=28.4%
2026-05-07 20:04:49,143 - INFO - Ep-1 Step67: Reward=19.8717
2026-05-07 20:04:49,143 - INFO - Eval 67: Reward=19.8717  State=[5.0, 3.5, 5.5, 3.0, 3.5, 7.0, 6.5]
2026-05-07 20:05:40,718 - INFO - FLUKA OK: abl_rs_ep-1_step68.inp (51.6s)
2026-05-07 20:05:40,746 - INFO - ustsuw OK â†?/home/marina/caseI/5runrs/run4/abl_rs_ep-1_step68_out_tab.lis (5 cycles, unit 24)
2026-05-07 20:05:40,755 - INFO - Ep-1 Step68: HCNO: N=34.0%  H=13.8%  C=19.4%  O=32.8%
2026-05-07 20:05:40,755 - INFO - Ep-1 Step68: Reward=19.3924
2026-05-07 20:05:40,755 - INFO - Eval 68: Reward=19.3924  State=[7.0, 2.5, 2.5, 6.0, 4.5, 5.5, 7.0]
2026-05-07 20:06:35,923 - INFO - FLUKA OK: abl_rs_ep-1_step69.inp (55.2s)
2026-05-07 20:06:35,981 - INFO - ustsuw OK â†?/home/marina/caseI/5runrs/run4/abl_rs_ep-1_step69_out_tab.lis (5 cycles, unit 24)
2026-05-07 20:06:35,983 - INFO - Ep-1 Step69: HCNO: N=36.2%  H=9.2%  C=20.6%  O=34.0%
2026-05-07 20:06:35,983 - INFO - Ep-1 Step69: Reward=29.6531
2026-05-07 20:06:35,983 - INFO - Eval 69: Reward=29.6531  State=[3.5, 2.5, 5.0, 6.0, 6.5, 3.5, 1.0]
2026-05-07 20:07:30,083 - INFO - FLUKA OK: abl_rs_ep-1_step70.inp (54.1s)
2026-05-07 20:07:30,098 - WARNING - prefix 'abl_rs_ep-1_step70' unit 24: expected 5 cycle files, found 10: ['abl_rs_ep-1_step70001_fort.24', 'abl_rs_ep-1_step70002_fort.24', 'abl_rs_ep-1_step70003_fort.24', 'abl_rs_ep-1_step70004_fort.24', 'abl_rs_ep-1_step70005_fort.24', 'abl_rs_ep-1_step7001_fort.24', 'abl_rs_ep-1_step7002_fort.24', 'abl_rs_ep-1_step7003_fort.24', 'abl_rs_ep-1_step7004_fort.24', 'abl_rs_ep-1_step7005_fort.24']
2026-05-07 20:07:30,121 - INFO - ustsuw OK â†?/home/marina/caseI/5runrs/run4/abl_rs_ep-1_step70_out_tab.lis (10 cycles, unit 24)
2026-05-07 20:07:30,122 - INFO - Ep-1 Step70: HCNO: N=39.0%  H=8.4%  C=18.3%  O=34.3%
2026-05-07 20:07:30,122 - INFO - Ep-1 Step70: Reward=26.5786
2026-05-07 20:07:30,122 - INFO - Eval 70: Reward=26.5786  State=[7.5, 8.0, 8.0, 6.5, 4.0, 4.5, 2.0]
2026-05-07 20:08:22,149 - INFO - FLUKA OK: abl_rs_ep-1_step71.inp (52.0s)
2026-05-07 20:08:22,285 - INFO - ustsuw OK â†?/home/marina/caseI/5runrs/run4/abl_rs_ep-1_step71_out_tab.lis (5 cycles, unit 24)
2026-05-07 20:08:22,356 - INFO - Ep-1 Step71: HCNO: N=34.2%  H=10.2%  C=27.0%  O=28.6%
2026-05-07 20:08:22,356 - INFO - Ep-1 Step71: Reward=25.1337
2026-05-07 20:08:22,359 - INFO - Eval 71: Reward=25.1337  State=[3.0, 7.0, 2.0, 4.5, 3.5, 8.0, 6.0]
2026-05-07 20:09:15,956 - INFO - FLUKA OK: abl_rs_ep-1_step72.inp (53.6s)
2026-05-07 20:09:15,995 - INFO - ustsuw OK â†?/home/marina/caseI/5runrs/run4/abl_rs_ep-1_step72_out_tab.lis (5 cycles, unit 24)
2026-05-07 20:09:15,995 - INFO - Ep-1 Step72: HCNO: N=37.1%  H=7.1%  C=30.1%  O=25.8%
2026-05-07 20:09:15,996 - INFO - Ep-1 Step72: Reward=14.2058
2026-05-07 20:09:15,996 - INFO - Eval 72: Reward=14.2058  State=[7.0, 6.5, 4.5, 3.0, 5.0, 2.5, 9.0]
2026-05-07 20:10:15,246 - INFO - FLUKA OK: abl_rs_ep-1_step73.inp (59.2s)
2026-05-07 20:10:15,288 - INFO - ustsuw OK â†?/home/marina/caseI/5runrs/run4/abl_rs_ep-1_step73_out_tab.lis (5 cycles, unit 24)
2026-05-07 20:10:15,306 - INFO - Ep-1 Step73: HCNO: N=42.0%  H=9.1%  C=30.5%  O=18.5%
2026-05-07 20:10:15,306 - INFO - Ep-1 Step73: Reward=26.9115
2026-05-07 20:10:15,306 - INFO - Eval 73: Reward=26.9115  State=[2.5, 3.0, 7.0, 5.0, 2.5, 7.0, 3.5]
2026-05-07 20:11:10,302 - INFO - FLUKA OK: abl_rs_ep-1_step74.inp (55.0s)
2026-05-07 20:11:10,338 - INFO - ustsuw OK â†?/home/marina/caseI/5runrs/run4/abl_rs_ep-1_step74_out_tab.lis (5 cycles, unit 24)
2026-05-07 20:11:10,339 - INFO - Ep-1 Step74: HCNO: N=39.1%  H=9.9%  C=26.6%  O=24.4%
2026-05-07 20:11:10,339 - INFO - Ep-1 Step74: Reward=22.0563
2026-05-07 20:11:10,339 - INFO - Eval 74: Reward=22.0563  State=[6.0, 7.0, 4.5, 3.5, 2.0, 6.0, 9.5]
2026-05-07 20:12:03,375 - INFO - FLUKA OK: abl_rs_ep-1_step75.inp (53.0s)
2026-05-07 20:12:03,520 - INFO - ustsuw OK â†?/home/marina/caseI/5runrs/run4/abl_rs_ep-1_step75_out_tab.lis (5 cycles, unit 24)
2026-05-07 20:12:03,521 - INFO - Ep-1 Step75: HCNO: N=37.2%  H=6.7%  C=31.2%  O=24.9%
2026-05-07 20:12:03,521 - INFO - Ep-1 Step75: Reward=17.7976
2026-05-07 20:12:03,521 - INFO - Eval 75: Reward=17.7976  State=[8.0, 3.0, 6.5, 5.5, 4.0, 4.5, 2.5]
2026-05-07 20:13:00,139 - INFO - FLUKA OK: abl_rs_ep-1_step76.inp (56.6s)
2026-05-07 20:13:00,245 - INFO - ustsuw OK â†?/home/marina/caseI/5runrs/run4/abl_rs_ep-1_step76_out_tab.lis (5 cycles, unit 24)
2026-05-07 20:13:00,246 - INFO - Ep-1 Step76: HCNO: N=31.9%  H=5.6%  C=35.8%  O=26.7%
2026-05-07 20:13:00,246 - INFO - Ep-1 Step76: Reward=24.5382
2026-05-07 20:13:00,246 - INFO - Eval 76: Reward=24.5382  State=[7.0, 7.0, 4.5, 3.0, 5.0, 6.0, 5.5]
2026-05-07 20:13:56,131 - INFO - FLUKA OK: abl_rs_ep-1_step77.inp (55.9s)
2026-05-07 20:13:56,228 - INFO - ustsuw OK â†?/home/marina/caseI/5runrs/run4/abl_rs_ep-1_step77_out_tab.lis (5 cycles, unit 24)
2026-05-07 20:13:56,229 - INFO - Ep-1 Step77: HCNO: N=31.0%  H=7.4%  C=24.3%  O=37.3%
2026-05-07 20:13:56,229 - INFO - Ep-1 Step77: Reward=22.3513
2026-05-07 20:13:56,229 - INFO - Eval 77: Reward=22.3513  State=[7.5, 8.0, 8.0, 3.0, 5.0, 4.5, 4.0]
2026-05-07 20:14:50,922 - INFO - FLUKA OK: abl_rs_ep-1_step78.inp (54.7s)
2026-05-07 20:14:51,311 - INFO - ustsuw OK â†?/home/marina/caseI/5runrs/run4/abl_rs_ep-1_step78_out_tab.lis (5 cycles, unit 24)
2026-05-07 20:14:51,314 - INFO - Ep-1 Step78: HCNO: N=32.0%  H=7.9%  C=27.4%  O=32.6%
2026-05-07 20:14:51,314 - INFO - Ep-1 Step78: Reward=23.9814
2026-05-07 20:14:51,315 - INFO - Eval 78: Reward=23.9814  State=[2.5, 5.5, 2.5, 5.5, 3.5, 8.0, 2.5]
2026-05-07 20:15:43,347 - INFO - FLUKA OK: abl_rs_ep-1_step79.inp (52.0s)
2026-05-07 20:15:43,377 - INFO - ustsuw OK â†?/home/marina/caseI/5runrs/run4/abl_rs_ep-1_step79_out_tab.lis (5 cycles, unit 24)
2026-05-07 20:15:43,385 - INFO - Ep-1 Step79: HCNO: N=32.7%  H=15.4%  C=23.3%  O=28.6%
2026-05-07 20:15:43,385 - INFO - Ep-1 Step79: Reward=16.0636
2026-05-07 20:15:43,385 - INFO - Eval 79: Reward=16.0636  State=[5.5, 3.0, 4.5, 2.5, 7.5, 7.5, 10.0]
2026-05-07 20:16:40,679 - INFO - FLUKA OK: abl_rs_ep-1_step80.inp (57.3s)
2026-05-07 20:16:40,693 - WARNING - prefix 'abl_rs_ep-1_step80' unit 24: expected 5 cycle files, found 10: ['abl_rs_ep-1_step80001_fort.24', 'abl_rs_ep-1_step80002_fort.24', 'abl_rs_ep-1_step80003_fort.24', 'abl_rs_ep-1_step80004_fort.24', 'abl_rs_ep-1_step80005_fort.24', 'abl_rs_ep-1_step8001_fort.24', 'abl_rs_ep-1_step8002_fort.24', 'abl_rs_ep-1_step8003_fort.24', 'abl_rs_ep-1_step8004_fort.24', 'abl_rs_ep-1_step8005_fort.24']
2026-05-07 20:16:40,743 - INFO - ustsuw OK â†?/home/marina/caseI/5runrs/run4/abl_rs_ep-1_step80_out_tab.lis (10 cycles, unit 24)
2026-05-07 20:16:40,746 - INFO - Ep-1 Step80: HCNO: N=37.7%  H=7.3%  C=30.8%  O=24.2%
2026-05-07 20:16:40,746 - INFO - Ep-1 Step80: Reward=21.8414
2026-05-07 20:16:40,747 - INFO - Eval 80: Reward=21.8414  State=[7.0, 2.5, 2.0, 7.0, 4.5, 6.5, 6.5]
2026-05-07 20:17:36,339 - INFO - FLUKA OK: abl_rs_ep-1_step81.inp (55.6s)
2026-05-07 20:17:36,348 - INFO - ustsuw OK â†?/home/marina/caseI/5runrs/run4/abl_rs_ep-1_step81_out_tab.lis (5 cycles, unit 24)
2026-05-07 20:17:36,348 - INFO - Ep-1 Step81: HCNO: N=41.6%  H=7.7%  C=20.9%  O=29.8%
2026-05-07 20:17:36,349 - INFO - Ep-1 Step81: Reward=21.9623
2026-05-07 20:17:36,349 - INFO - Eval 81: Reward=21.9623  State=[2.5, 4.5, 8.0, 4.0, 6.0, 3.5, 4.5]
2026-05-07 20:18:33,960 - INFO - FLUKA OK: abl_rs_ep-1_step82.inp (57.6s)
2026-05-07 20:18:34,060 - INFO - ustsuw OK â†?/home/marina/caseI/5runrs/run4/abl_rs_ep-1_step82_out_tab.lis (5 cycles, unit 24)
2026-05-07 20:18:34,064 - INFO - Ep-1 Step82: HCNO: N=49.5%  H=8.4%  C=19.0%  O=23.1%
2026-05-07 20:18:34,064 - INFO - Ep-1 Step82: Reward=15.4674
2026-05-07 20:18:34,064 - INFO - Eval 82: Reward=15.4674  State=[5.5, 4.0, 5.5, 3.0, 6.5, 3.5, 2.5]
2026-05-07 20:19:33,181 - INFO - FLUKA OK: abl_rs_ep-1_step83.inp (59.1s)
2026-05-07 20:19:33,206 - INFO - ustsuw OK â†?/home/marina/caseI/5runrs/run4/abl_rs_ep-1_step83_out_tab.lis (5 cycles, unit 24)
2026-05-07 20:19:33,208 - INFO - Ep-1 Step83: HCNO: N=45.1%  H=7.9%  C=19.5%  O=27.4%
2026-05-07 20:19:33,208 - INFO - Ep-1 Step83: Reward=23.0673
2026-05-07 20:19:33,208 - INFO - Eval 83: Reward=23.0673  State=[5.0, 7.0, 3.5, 4.0, 6.5, 2.5, 1.5]
2026-05-07 20:20:31,880 - INFO - FLUKA OK: abl_rs_ep-1_step84.inp (58.7s)
2026-05-07 20:20:31,931 - INFO - ustsuw OK â†?/home/marina/caseI/5runrs/run4/abl_rs_ep-1_step84_out_tab.lis (5 cycles, unit 24)
2026-05-07 20:20:31,932 - INFO - Ep-1 Step84: HCNO: N=33.0%  H=7.0%  C=17.6%  O=42.4%
2026-05-07 20:20:31,932 - INFO - Ep-1 Step84: Reward=19.7591
2026-05-07 20:20:31,932 - INFO - Eval 84: Reward=19.7591  State=[4.0, 5.0, 7.0, 7.5, 6.5, 6.0, 8.5]
2026-05-07 20:21:27,815 - INFO - FLUKA OK: abl_rs_ep-1_step85.inp (55.7s)
2026-05-07 20:21:27,940 - INFO - ustsuw OK â†?/home/marina/caseI/5runrs/run4/abl_rs_ep-1_step85_out_tab.lis (5 cycles, unit 24)
2026-05-07 20:21:27,947 - INFO - Ep-1 Step85: HCNO: N=37.1%  H=8.3%  C=22.9%  O=31.8%
2026-05-07 20:21:27,947 - INFO - Ep-1 Step85: Reward=19.0536
2026-05-07 20:21:27,948 - INFO - Eval 85: Reward=19.0536  State=[6.0, 5.0, 6.0, 8.0, 2.0, 7.5, 1.0]
2026-05-07 20:22:22,672 - INFO - FLUKA OK: abl_rs_ep-1_step86.inp (54.7s)
2026-05-07 20:22:22,764 - INFO - ustsuw OK â†?/home/marina/caseI/5runrs/run4/abl_rs_ep-1_step86_out_tab.lis (5 cycles, unit 24)
2026-05-07 20:22:22,767 - INFO - Ep-1 Step86: HCNO: N=32.9%  H=7.6%  C=29.8%  O=29.7%
2026-05-07 20:22:22,767 - INFO - Ep-1 Step86: Reward=25.2169
2026-05-07 20:22:22,767 - INFO - Eval 86: Reward=25.2169  State=[8.0, 4.0, 2.5, 3.0, 4.0, 3.0, 5.0]
2026-05-07 20:23:20,330 - INFO - FLUKA OK: abl_rs_ep-1_step87.inp (57.6s)
2026-05-07 20:23:20,351 - INFO - ustsuw OK â†?/home/marina/caseI/5runrs/run4/abl_rs_ep-1_step87_out_tab.lis (5 cycles, unit 24)
2026-05-07 20:23:20,352 - INFO - Ep-1 Step87: HCNO: N=45.9%  H=7.2%  C=22.9%  O=24.1%
2026-05-07 20:23:20,352 - INFO - Ep-1 Step87: Reward=20.4783
2026-05-07 20:23:20,352 - INFO - Eval 87: Reward=20.4783  State=[2.5, 3.5, 6.0, 3.5, 8.0, 3.5, 6.0]
2026-05-07 20:24:17,403 - INFO - FLUKA OK: abl_rs_ep-1_step88.inp (57.0s)
2026-05-07 20:24:17,411 - INFO - ustsuw OK â†?/home/marina/caseI/5runrs/run4/abl_rs_ep-1_step88_out_tab.lis (5 cycles, unit 24)
2026-05-07 20:24:17,413 - INFO - Ep-1 Step88: HCNO: N=40.7%  H=6.8%  C=15.2%  O=37.3%
2026-05-07 20:24:17,413 - INFO - Ep-1 Step88: Reward=18.3103
2026-05-07 20:24:17,413 - INFO - Eval 88: Reward=18.3103  State=[2.5, 7.5, 6.0, 5.5, 6.0, 5.0, 3.5]
2026-05-07 20:25:11,999 - INFO - FLUKA OK: abl_rs_ep-1_step89.inp (54.6s)
2026-05-07 20:25:12,042 - INFO - ustsuw OK â†?/home/marina/caseI/5runrs/run4/abl_rs_ep-1_step89_out_tab.lis (5 cycles, unit 24)
2026-05-07 20:25:12,047 - INFO - Ep-1 Step89: HCNO: N=31.5%  H=13.0%  C=24.4%  O=31.2%
2026-05-07 20:25:12,047 - INFO - Ep-1 Step89: Reward=26.1472
2026-05-07 20:25:12,047 - INFO - Eval 89: Reward=26.1472  State=[5.0, 2.5, 5.5, 3.5, 6.5, 4.5, 1.0]
2026-05-07 20:26:12,062 - INFO - FLUKA OK: abl_rs_ep-1_step90.inp (60.0s)
2026-05-07 20:26:12,099 - WARNING - prefix 'abl_rs_ep-1_step90' unit 24: expected 5 cycle files, found 10: ['abl_rs_ep-1_step90001_fort.24', 'abl_rs_ep-1_step90002_fort.24', 'abl_rs_ep-1_step90003_fort.24', 'abl_rs_ep-1_step90004_fort.24', 'abl_rs_ep-1_step90005_fort.24', 'abl_rs_ep-1_step9001_fort.24', 'abl_rs_ep-1_step9002_fort.24', 'abl_rs_ep-1_step9003_fort.24', 'abl_rs_ep-1_step9004_fort.24', 'abl_rs_ep-1_step9005_fort.24']
2026-05-07 20:26:12,119 - INFO - ustsuw OK â†?/home/marina/caseI/5runrs/run4/abl_rs_ep-1_step90_out_tab.lis (10 cycles, unit 24)
2026-05-07 20:26:12,135 - INFO - Ep-1 Step90: HCNO: N=31.9%  H=13.4%  C=25.3%  O=29.3%
2026-05-07 20:26:12,135 - INFO - Ep-1 Step90: Reward=28.3850
2026-05-07 20:26:12,135 - INFO - Eval 90: Reward=28.3850  State=[7.0, 3.0, 8.0, 6.0, 6.5, 3.5, 4.0]
2026-05-07 20:27:02,153 - INFO - FLUKA OK: abl_rs_ep-1_step91.inp (50.0s)
2026-05-07 20:27:02,167 - INFO - ustsuw OK â†?/home/marina/caseI/5runrs/run4/abl_rs_ep-1_step91_out_tab.lis (5 cycles, unit 24)
2026-05-07 20:27:02,168 - INFO - Ep-1 Step91: HCNO: N=53.1%  H=9.9%  C=17.9%  O=19.1%
2026-05-07 20:27:02,168 - INFO - Ep-1 Step91: Reward=11.7754
2026-05-07 20:27:02,168 - INFO - Eval 91: Reward=11.7754  State=[7.0, 8.0, 4.0, 6.0, 4.5, 5.0, 8.5]
2026-05-07 20:27:54,759 - INFO - FLUKA OK: abl_rs_ep-1_step92.inp (52.6s)
2026-05-07 20:27:54,782 - INFO - ustsuw OK â†?/home/marina/caseI/5runrs/run4/abl_rs_ep-1_step92_out_tab.lis (5 cycles, unit 24)
2026-05-07 20:27:54,783 - INFO - Ep-1 Step92: HCNO: N=28.8%  H=5.4%  C=30.2%  O=35.6%
2026-05-07 20:27:54,783 - INFO - Ep-1 Step92: Reward=13.5008
2026-05-07 20:27:54,783 - INFO - Eval 92: Reward=13.5008  State=[5.0, 6.0, 2.0, 3.5, 8.0, 6.5, 6.5]
2026-05-07 20:28:46,010 - INFO - FLUKA OK: abl_rs_ep-1_step93.inp (51.2s)
2026-05-07 20:28:46,023 - INFO - ustsuw OK â†?/home/marina/caseI/5runrs/run4/abl_rs_ep-1_step93_out_tab.lis (5 cycles, unit 24)
2026-05-07 20:28:46,024 - INFO - Ep-1 Step93: HCNO: N=41.4%  H=9.3%  C=24.3%  O=25.1%
2026-05-07 20:28:46,024 - INFO - Ep-1 Step93: Reward=12.7474
2026-05-07 20:28:46,024 - INFO - Eval 93: Reward=12.7474  State=[6.5, 7.0, 5.5, 4.0, 3.5, 3.0, 4.0]
2026-05-07 20:29:38,425 - INFO - FLUKA OK: abl_rs_ep-1_step94.inp (52.4s)
2026-05-07 20:29:38,448 - INFO - ustsuw OK â†?/home/marina/caseI/5runrs/run4/abl_rs_ep-1_step94_out_tab.lis (5 cycles, unit 24)
2026-05-07 20:29:38,450 - INFO - Ep-1 Step94: HCNO: N=32.5%  H=17.1%  C=28.1%  O=22.3%
2026-05-07 20:29:38,450 - INFO - Ep-1 Step94: Reward=18.3180
2026-05-07 20:29:38,450 - INFO - Eval 94: Reward=18.3180  State=[3.5, 7.0, 5.0, 3.5, 3.5, 5.5, 7.0]
2026-05-07 20:30:44,686 - INFO - FLUKA OK: abl_rs_ep-1_step95.inp (66.2s)
2026-05-07 20:30:44,697 - INFO - ustsuw OK â†?/home/marina/caseI/5runrs/run4/abl_rs_ep-1_step95_out_tab.lis (5 cycles, unit 24)
2026-05-07 20:30:44,734 - INFO - Ep-1 Step95: HCNO: N=39.6%  H=12.2%  C=19.4%  O=28.7%
2026-05-07 20:30:44,735 - INFO - Ep-1 Step95: Reward=22.2719
2026-05-07 20:30:44,735 - INFO - Eval 95: Reward=22.2719  State=[2.5, 4.5, 2.5, 4.0, 4.0, 8.0, 4.0]
2026-05-07 20:31:44,191 - INFO - FLUKA OK: abl_rs_ep-1_step96.inp (59.5s)
2026-05-07 20:31:44,200 - INFO - ustsuw OK â†?/home/marina/caseI/5runrs/run4/abl_rs_ep-1_step96_out_tab.lis (5 cycles, unit 24)
2026-05-07 20:31:44,238 - INFO - Ep-1 Step96: HCNO: N=41.8%  H=5.4%  C=22.3%  O=30.4%
2026-05-07 20:31:44,238 - INFO - Ep-1 Step96: Reward=16.6661
2026-05-07 20:31:44,238 - INFO - Eval 96: Reward=16.6661  State=[3.5, 5.0, 6.0, 7.0, 7.5, 2.0, 2.5]
2026-05-07 20:32:39,262 - INFO - FLUKA OK: abl_rs_ep-1_step97.inp (55.0s)
2026-05-07 20:32:39,273 - INFO - ustsuw OK â†?/home/marina/caseI/5runrs/run4/abl_rs_ep-1_step97_out_tab.lis (5 cycles, unit 24)
2026-05-07 20:32:39,276 - INFO - Ep-1 Step97: HCNO: N=28.9%  H=9.5%  C=36.6%  O=25.0%
2026-05-07 20:32:39,276 - INFO - Ep-1 Step97: Reward=16.6156
2026-05-07 20:32:39,276 - INFO - Eval 97: Reward=16.6156  State=[3.5, 5.5, 6.5, 2.5, 2.5, 3.0, 9.5]
2026-05-07 20:33:33,424 - INFO - FLUKA OK: abl_rs_ep-1_step98.inp (54.1s)
2026-05-07 20:33:33,431 - INFO - ustsuw OK â†?/home/marina/caseI/5runrs/run4/abl_rs_ep-1_step98_out_tab.lis (5 cycles, unit 24)
2026-05-07 20:33:33,431 - INFO - Ep-1 Step98: HCNO: N=47.2%  H=11.4%  C=19.3%  O=22.1%
2026-05-07 20:33:33,432 - INFO - Ep-1 Step98: Reward=33.2950
2026-05-07 20:33:33,432 - INFO - Eval 98: Reward=33.2950  State=[2.5, 2.5, 2.0, 7.0, 5.5, 2.0, 6.5]
2026-05-07 20:33:33,432 - INFO - New Best: 33.2950 at eval 98
2026-05-07 20:34:15,433 - INFO - FLUKA OK: abl_rs_ep-1_step99.inp (42.0s)
2026-05-07 20:34:15,439 - INFO - ustsuw OK â†?/home/marina/caseI/5runrs/run4/abl_rs_ep-1_step99_out_tab.lis (5 cycles, unit 24)
2026-05-07 20:34:15,439 - INFO - Ep-1 Step99: HCNO: N=35.3%  H=10.4%  C=22.8%  O=31.5%
2026-05-07 20:34:15,439 - INFO - Ep-1 Step99: Reward=25.1645
2026-05-07 20:34:15,440 - INFO - Eval 99: Reward=25.1645  State=[5.5, 3.5, 5.5, 7.5, 4.5, 6.0, 2.5]
2026-05-07 20:34:54,413 - INFO - FLUKA OK: abl_rs_ep-1_step100.inp (39.0s)
2026-05-07 20:34:54,555 - WARNING - prefix 'abl_rs_ep-1_step100' unit 24: expected 5 cycle files, found 15: ['abl_rs_ep-1_step100001_fort.24', 'abl_rs_ep-1_step100002_fort.24', 'abl_rs_ep-1_step100003_fort.24', 'abl_rs_ep-1_step100004_fort.24', 'abl_rs_ep-1_step100005_fort.24', 'abl_rs_ep-1_step10001_fort.24', 'abl_rs_ep-1_step10002_fort.24', 'abl_rs_ep-1_step10003_fort.24', 'abl_rs_ep-1_step10004_fort.24', 'abl_rs_ep-1_step10005_fort.24', 'abl_rs_ep-1_step1001_fort.24', 'abl_rs_ep-1_step1002_fort.24', 'abl_rs_ep-1_step1003_fort.24', 'abl_rs_ep-1_step1004_fort.24', 'abl_rs_ep-1_step1005_fort.24']
2026-05-07 20:34:55,126 - INFO - ustsuw OK â†?/home/marina/caseI/5runrs/run4/abl_rs_ep-1_step100_out_tab.lis (15 cycles, unit 24)
2026-05-07 20:34:55,127 - INFO - Ep-1 Step100: HCNO: N=30.0%  H=7.6%  C=22.8%  O=39.6%
2026-05-07 20:34:55,127 - INFO - Ep-1 Step100: Reward=28.0976
2026-05-07 20:34:55,127 - INFO - Eval 100: Reward=28.0976  State=[5.5, 4.5, 3.5, 4.5, 8.0, 7.0, 6.0]

