2026-05-07 19:06:41,199 - INFO - FLUKA OK: abl_rs_ep-1_step1.inp (52.1s)
2026-05-07 19:06:41,202 - WARNING - prefix 'abl_rs_ep-1_step1' unit 24: expected 5 cycle files, found 60: ['abl_rs_ep-1_step100001_fort.24', 'abl_rs_ep-1_step100002_fort.24', 'abl_rs_ep-1_step100003_fort.24', 'abl_rs_ep-1_step100004_fort.24', 'abl_rs_ep-1_step100005_fort.24', 'abl_rs_ep-1_step10001_fort.24', 'abl_rs_ep-1_step10002_fort.24', 'abl_rs_ep-1_step10003_fort.24', 'abl_rs_ep-1_step10004_fort.24', 'abl_rs_ep-1_step10005_fort.24', 'abl_rs_ep-1_step1001_fort.24', 'abl_rs_ep-1_step1002_fort.24', 'abl_rs_ep-1_step1003_fort.24', 'abl_rs_ep-1_step1004_fort.24', 'abl_rs_ep-1_step1005_fort.24', 'abl_rs_ep-1_step11001_fort.24', 'abl_rs_ep-1_step11002_fort.24', 'abl_rs_ep-1_step11003_fort.24', 'abl_rs_ep-1_step11004_fort.24', 'abl_rs_ep-1_step11005_fort.24', 'abl_rs_ep-1_step12001_fort.24', 'abl_rs_ep-1_step12002_fort.24', 'abl_rs_ep-1_step12003_fort.24', 'abl_rs_ep-1_step12004_fort.24', 'abl_rs_ep-1_step12005_fort.24', 'abl_rs_ep-1_step13001_fort.24', 'abl_rs_ep-1_step13002_fort.24', 'abl_rs_ep-1_step13003_fort.24', 'abl_rs_ep-1_step13004_fort.24', 'abl_rs_ep-1_step13005_fort.24', 'abl_rs_ep-1_step14001_fort.24', 'abl_rs_ep-1_step14002_fort.24', 'abl_rs_ep-1_step14003_fort.24', 'abl_rs_ep-1_step14004_fort.24', 'abl_rs_ep-1_step14005_fort.24', 'abl_rs_ep-1_step15001_fort.24', 'abl_rs_ep-1_step15002_fort.24', 'abl_rs_ep-1_step15003_fort.24', 'abl_rs_ep-1_step15004_fort.24', 'abl_rs_ep-1_step15005_fort.24', 'abl_rs_ep-1_step16001_fort.24', 'abl_rs_ep-1_step16002_fort.24', 'abl_rs_ep-1_step16003_fort.24', 'abl_rs_ep-1_step16004_fort.24', 'abl_rs_ep-1_step16005_fort.24', 'abl_rs_ep-1_step17001_fort.24', 'abl_rs_ep-1_step17002_fort.24', 'abl_rs_ep-1_step17003_fort.24', 'abl_rs_ep-1_step17004_fort.24', 'abl_rs_ep-1_step17005_fort.24', 'abl_rs_ep-1_step18001_fort.24', 'abl_rs_ep-1_step18002_fort.24', 'abl_rs_ep-1_step18003_fort.24', 'abl_rs_ep-1_step18004_fort.24', 'abl_rs_ep-1_step18005_fort.24', 'abl_rs_ep-1_step19001_fort.24', 'abl_rs_ep-1_step19002_fort.24', 'abl_rs_ep-1_step19003_fort.24', 'abl_rs_ep-1_step19004_fort.24', 'abl_rs_ep-1_step19005_fort.24']
2026-05-07 19:06:41,310 - INFO - ustsuw OK â†?/home/marina/caseI/5runrs/run1/abl_rs_ep-1_step1_out_tab.lis (60 cycles, unit 24)
2026-05-07 19:06:41,312 - INFO - Ep-1 Step1: HCNO: N=40.2%  H=9.7%  C=24.0%  O=26.0%
2026-05-07 19:06:41,312 - INFO - Ep-1 Step1: Reward=40.6903
2026-05-07 19:06:41,312 - INFO - Eval 1: Reward=40.6903  State=[4.5, 4.5, 7.0, 5.5, 6.5, 5.5, 6.5]
2026-05-07 19:06:41,312 - INFO - New Best: 40.6903 at eval 1
2026-05-07 19:07:17,794 - INFO - FLUKA OK: abl_rs_ep-1_step2.inp (36.5s)
2026-05-07 19:07:17,797 - WARNING - prefix 'abl_rs_ep-1_step2' unit 24: expected 5 cycle files, found 55: ['abl_rs_ep-1_step20001_fort.24', 'abl_rs_ep-1_step20002_fort.24', 'abl_rs_ep-1_step20003_fort.24', 'abl_rs_ep-1_step20004_fort.24', 'abl_rs_ep-1_step20005_fort.24', 'abl_rs_ep-1_step2001_fort.24', 'abl_rs_ep-1_step2002_fort.24', 'abl_rs_ep-1_step2003_fort.24', 'abl_rs_ep-1_step2004_fort.24', 'abl_rs_ep-1_step2005_fort.24', 'abl_rs_ep-1_step21001_fort.24', 'abl_rs_ep-1_step21002_fort.24', 'abl_rs_ep-1_step21003_fort.24', 'abl_rs_ep-1_step21004_fort.24', 'abl_rs_ep-1_step21005_fort.24', 'abl_rs_ep-1_step22001_fort.24', 'abl_rs_ep-1_step22002_fort.24', 'abl_rs_ep-1_step22003_fort.24', 'abl_rs_ep-1_step22004_fort.24', 'abl_rs_ep-1_step22005_fort.24', 'abl_rs_ep-1_step23001_fort.24', 'abl_rs_ep-1_step23002_fort.24', 'abl_rs_ep-1_step23003_fort.24', 'abl_rs_ep-1_step23004_fort.24', 'abl_rs_ep-1_step23005_fort.24', 'abl_rs_ep-1_step24001_fort.24', 'abl_rs_ep-1_step24002_fort.24', 'abl_rs_ep-1_step24003_fort.24', 'abl_rs_ep-1_step24004_fort.24', 'abl_rs_ep-1_step24005_fort.24', 'abl_rs_ep-1_step25001_fort.24', 'abl_rs_ep-1_step25002_fort.24', 'abl_rs_ep-1_step25003_fort.24', 'abl_rs_ep-1_step25004_fort.24', 'abl_rs_ep-1_step25005_fort.24', 'abl_rs_ep-1_step26001_fort.24', 'abl_rs_ep-1_step26002_fort.24', 'abl_rs_ep-1_step26003_fort.24', 'abl_rs_ep-1_step26004_fort.24', 'abl_rs_ep-1_step26005_fort.24', 'abl_rs_ep-1_step27001_fort.24', 'abl_rs_ep-1_step27002_fort.24', 'abl_rs_ep-1_step27003_fort.24', 'abl_rs_ep-1_step27004_fort.24', 'abl_rs_ep-1_step27005_fort.24', 'abl_rs_ep-1_step28001_fort.24', 'abl_rs_ep-1_step28002_fort.24', 'abl_rs_ep-1_step28003_fort.24', 'abl_rs_ep-1_step28004_fort.24', 'abl_rs_ep-1_step28005_fort.24', 'abl_rs_ep-1_step29001_fort.24', 'abl_rs_ep-1_step29002_fort.24', 'abl_rs_ep-1_step29003_fort.24', 'abl_rs_ep-1_step29004_fort.24', 'abl_rs_ep-1_step29005_fort.24']
2026-05-07 19:07:17,800 - INFO - ustsuw OK â†?/home/marina/caseI/5runrs/run1/abl_rs_ep-1_step2_out_tab.lis (55 cycles, unit 24)
2026-05-07 19:07:17,801 - INFO - Ep-1 Step2: HCNO: N=37.4%  H=11.4%  C=21.6%  O=29.7%
2026-05-07 19:07:17,801 - INFO - Ep-1 Step2: Reward=39.8300
2026-05-07 19:07:17,801 - INFO - Eval 2: Reward=39.8300  State=[7.5, 7.0, 5.0, 3.5, 3.5, 6.0, 2.0]
2026-05-07 19:07:57,222 - INFO - FLUKA OK: abl_rs_ep-1_step3.inp (39.4s)
2026-05-07 19:07:57,227 - WARNING - prefix 'abl_rs_ep-1_step3' unit 24: expected 5 cycle files, found 55: ['abl_rs_ep-1_step30001_fort.24', 'abl_rs_ep-1_step30002_fort.24', 'abl_rs_ep-1_step30003_fort.24', 'abl_rs_ep-1_step30004_fort.24', 'abl_rs_ep-1_step30005_fort.24', 'abl_rs_ep-1_step3001_fort.24', 'abl_rs_ep-1_step3002_fort.24', 'abl_rs_ep-1_step3003_fort.24', 'abl_rs_ep-1_step3004_fort.24', 'abl_rs_ep-1_step3005_fort.24', 'abl_rs_ep-1_step31001_fort.24', 'abl_rs_ep-1_step31002_fort.24', 'abl_rs_ep-1_step31003_fort.24', 'abl_rs_ep-1_step31004_fort.24', 'abl_rs_ep-1_step31005_fort.24', 'abl_rs_ep-1_step32001_fort.24', 'abl_rs_ep-1_step32002_fort.24', 'abl_rs_ep-1_step32003_fort.24', 'abl_rs_ep-1_step32004_fort.24', 'abl_rs_ep-1_step32005_fort.24', 'abl_rs_ep-1_step33001_fort.24', 'abl_rs_ep-1_step33002_fort.24', 'abl_rs_ep-1_step33003_fort.24', 'abl_rs_ep-1_step33004_fort.24', 'abl_rs_ep-1_step33005_fort.24', 'abl_rs_ep-1_step34001_fort.24', 'abl_rs_ep-1_step34002_fort.24', 'abl_rs_ep-1_step34003_fort.24', 'abl_rs_ep-1_step34004_fort.24', 'abl_rs_ep-1_step34005_fort.24', 'abl_rs_ep-1_step35001_fort.24', 'abl_rs_ep-1_step35002_fort.24', 'abl_rs_ep-1_step35003_fort.24', 'abl_rs_ep-1_step35004_fort.24', 'abl_rs_ep-1_step35005_fort.24', 'abl_rs_ep-1_step36001_fort.24', 'abl_rs_ep-1_step36002_fort.24', 'abl_rs_ep-1_step36003_fort.24', 'abl_rs_ep-1_step36004_fort.24', 'abl_rs_ep-1_step36005_fort.24', 'abl_rs_ep-1_step37001_fort.24', 'abl_rs_ep-1_step37002_fort.24', 'abl_rs_ep-1_step37003_fort.24', 'abl_rs_ep-1_step37004_fort.24', 'abl_rs_ep-1_step37005_fort.24', 'abl_rs_ep-1_step38001_fort.24', 'abl_rs_ep-1_step38002_fort.24', 'abl_rs_ep-1_step38003_fort.24', 'abl_rs_ep-1_step38004_fort.24', 'abl_rs_ep-1_step38005_fort.24', 'abl_rs_ep-1_step39001_fort.24', 'abl_rs_ep-1_step39002_fort.24', 'abl_rs_ep-1_step39003_fort.24', 'abl_rs_ep-1_step39004_fort.24', 'abl_rs_ep-1_step39005_fort.24']
2026-05-07 19:07:57,245 - INFO - ustsuw OK â†?/home/marina/caseI/5runrs/run1/abl_rs_ep-1_step3_out_tab.lis (55 cycles, unit 24)
2026-05-07 19:07:57,247 - INFO - Ep-1 Step3: HCNO: N=37.2%  H=10.6%  C=22.8%  O=29.4%
2026-05-07 19:07:57,247 - INFO - Ep-1 Step3: Reward=40.2450
2026-05-07 19:07:57,247 - INFO - Eval 3: Reward=40.2450  State=[2.0, 3.5, 6.5, 7.0, 6.0, 8.0, 9.5]
2026-05-07 19:08:38,391 - INFO - FLUKA OK: abl_rs_ep-1_step4.inp (41.1s)
2026-05-07 19:08:38,394 - WARNING - prefix 'abl_rs_ep-1_step4' unit 24: expected 5 cycle files, found 55: ['abl_rs_ep-1_step40001_fort.24', 'abl_rs_ep-1_step40002_fort.24', 'abl_rs_ep-1_step40003_fort.24', 'abl_rs_ep-1_step40004_fort.24', 'abl_rs_ep-1_step40005_fort.24', 'abl_rs_ep-1_step4001_fort.24', 'abl_rs_ep-1_step4002_fort.24', 'abl_rs_ep-1_step4003_fort.24', 'abl_rs_ep-1_step4004_fort.24', 'abl_rs_ep-1_step4005_fort.24', 'abl_rs_ep-1_step41001_fort.24', 'abl_rs_ep-1_step41002_fort.24', 'abl_rs_ep-1_step41003_fort.24', 'abl_rs_ep-1_step41004_fort.24', 'abl_rs_ep-1_step41005_fort.24', 'abl_rs_ep-1_step42001_fort.24', 'abl_rs_ep-1_step42002_fort.24', 'abl_rs_ep-1_step42003_fort.24', 'abl_rs_ep-1_step42004_fort.24', 'abl_rs_ep-1_step42005_fort.24', 'abl_rs_ep-1_step43001_fort.24', 'abl_rs_ep-1_step43002_fort.24', 'abl_rs_ep-1_step43003_fort.24', 'abl_rs_ep-1_step43004_fort.24', 'abl_rs_ep-1_step43005_fort.24', 'abl_rs_ep-1_step44001_fort.24', 'abl_rs_ep-1_step44002_fort.24', 'abl_rs_ep-1_step44003_fort.24', 'abl_rs_ep-1_step44004_fort.24', 'abl_rs_ep-1_step44005_fort.24', 'abl_rs_ep-1_step45001_fort.24', 'abl_rs_ep-1_step45002_fort.24', 'abl_rs_ep-1_step45003_fort.24', 'abl_rs_ep-1_step45004_fort.24', 'abl_rs_ep-1_step45005_fort.24', 'abl_rs_ep-1_step46001_fort.24', 'abl_rs_ep-1_step46002_fort.24', 'abl_rs_ep-1_step46003_fort.24', 'abl_rs_ep-1_step46004_fort.24', 'abl_rs_ep-1_step46005_fort.24', 'abl_rs_ep-1_step47001_fort.24', 'abl_rs_ep-1_step47002_fort.24', 'abl_rs_ep-1_step47003_fort.24', 'abl_rs_ep-1_step47004_fort.24', 'abl_rs_ep-1_step47005_fort.24', 'abl_rs_ep-1_step48001_fort.24', 'abl_rs_ep-1_step48002_fort.24', 'abl_rs_ep-1_step48003_fort.24', 'abl_rs_ep-1_step48004_fort.24', 'abl_rs_ep-1_step48005_fort.24', 'abl_rs_ep-1_step49001_fort.24', 'abl_rs_ep-1_step49002_fort.24', 'abl_rs_ep-1_step49003_fort.24', 'abl_rs_ep-1_step49004_fort.24', 'abl_rs_ep-1_step49005_fort.24']
2026-05-07 19:08:38,407 - INFO - ustsuw OK â†?/home/marina/caseI/5runrs/run1/abl_rs_ep-1_step4_out_tab.lis (55 cycles, unit 24)
2026-05-07 19:08:38,419 - INFO - Ep-1 Step4: HCNO: N=39.4%  H=9.9%  C=23.6%  O=27.1%
2026-05-07 19:08:38,419 - INFO - Ep-1 Step4: Reward=40.7463
2026-05-07 19:08:38,419 - INFO - Eval 4: Reward=40.7463  State=[3.0, 2.5, 4.5, 2.5, 4.0, 5.5, 1.0]
2026-05-07 19:08:38,419 - INFO - New Best: 40.7463 at eval 4
2026-05-07 19:09:19,953 - INFO - FLUKA OK: abl_rs_ep-1_step5.inp (41.5s)
2026-05-07 19:09:20,616 - WARNING - prefix 'abl_rs_ep-1_step5' unit 24: expected 5 cycle files, found 55: ['abl_rs_ep-1_step50001_fort.24', 'abl_rs_ep-1_step50002_fort.24', 'abl_rs_ep-1_step50003_fort.24', 'abl_rs_ep-1_step50004_fort.24', 'abl_rs_ep-1_step50005_fort.24', 'abl_rs_ep-1_step5001_fort.24', 'abl_rs_ep-1_step5002_fort.24', 'abl_rs_ep-1_step5003_fort.24', 'abl_rs_ep-1_step5004_fort.24', 'abl_rs_ep-1_step5005_fort.24', 'abl_rs_ep-1_step51001_fort.24', 'abl_rs_ep-1_step51002_fort.24', 'abl_rs_ep-1_step51003_fort.24', 'abl_rs_ep-1_step51004_fort.24', 'abl_rs_ep-1_step51005_fort.24', 'abl_rs_ep-1_step52001_fort.24', 'abl_rs_ep-1_step52002_fort.24', 'abl_rs_ep-1_step52003_fort.24', 'abl_rs_ep-1_step52004_fort.24', 'abl_rs_ep-1_step52005_fort.24', 'abl_rs_ep-1_step53001_fort.24', 'abl_rs_ep-1_step53002_fort.24', 'abl_rs_ep-1_step53003_fort.24', 'abl_rs_ep-1_step53004_fort.24', 'abl_rs_ep-1_step53005_fort.24', 'abl_rs_ep-1_step54001_fort.24', 'abl_rs_ep-1_step54002_fort.24', 'abl_rs_ep-1_step54003_fort.24', 'abl_rs_ep-1_step54004_fort.24', 'abl_rs_ep-1_step54005_fort.24', 'abl_rs_ep-1_step55001_fort.24', 'abl_rs_ep-1_step55002_fort.24', 'abl_rs_ep-1_step55003_fort.24', 'abl_rs_ep-1_step55004_fort.24', 'abl_rs_ep-1_step55005_fort.24', 'abl_rs_ep-1_step56001_fort.24', 'abl_rs_ep-1_step56002_fort.24', 'abl_rs_ep-1_step56003_fort.24', 'abl_rs_ep-1_step56004_fort.24', 'abl_rs_ep-1_step56005_fort.24', 'abl_rs_ep-1_step57001_fort.24', 'abl_rs_ep-1_step57002_fort.24', 'abl_rs_ep-1_step57003_fort.24', 'abl_rs_ep-1_step57004_fort.24', 'abl_rs_ep-1_step57005_fort.24', 'abl_rs_ep-1_step58001_fort.24', 'abl_rs_ep-1_step58002_fort.24', 'abl_rs_ep-1_step58003_fort.24', 'abl_rs_ep-1_step58004_fort.24', 'abl_rs_ep-1_step58005_fort.24', 'abl_rs_ep-1_step59001_fort.24', 'abl_rs_ep-1_step59002_fort.24', 'abl_rs_ep-1_step59003_fort.24', 'abl_rs_ep-1_step59004_fort.24', 'abl_rs_ep-1_step59005_fort.24']
2026-05-07 19:09:22,275 - INFO - ustsuw OK â†?/home/marina/caseI/5runrs/run1/abl_rs_ep-1_step5_out_tab.lis (55 cycles, unit 24)
2026-05-07 19:09:22,278 - INFO - Ep-1 Step5: HCNO: N=36.3%  H=8.8%  C=25.5%  O=29.4%
2026-05-07 19:09:22,278 - INFO - Ep-1 Step5: Reward=40.2223
2026-05-07 19:09:22,278 - INFO - Eval 5: Reward=40.2223  State=[6.0, 8.0, 7.5, 4.0, 4.0, 2.0, 8.0]
2026-05-07 19:10:16,804 - INFO - FLUKA OK: abl_rs_ep-1_step6.inp (54.5s)
2026-05-07 19:10:16,884 - WARNING - prefix 'abl_rs_ep-1_step6' unit 24: expected 5 cycle files, found 55: ['abl_rs_ep-1_step60001_fort.24', 'abl_rs_ep-1_step60002_fort.24', 'abl_rs_ep-1_step60003_fort.24', 'abl_rs_ep-1_step60004_fort.24', 'abl_rs_ep-1_step60005_fort.24', 'abl_rs_ep-1_step6001_fort.24', 'abl_rs_ep-1_step6002_fort.24', 'abl_rs_ep-1_step6003_fort.24', 'abl_rs_ep-1_step6004_fort.24', 'abl_rs_ep-1_step6005_fort.24', 'abl_rs_ep-1_step61001_fort.24', 'abl_rs_ep-1_step61002_fort.24', 'abl_rs_ep-1_step61003_fort.24', 'abl_rs_ep-1_step61004_fort.24', 'abl_rs_ep-1_step61005_fort.24', 'abl_rs_ep-1_step62001_fort.24', 'abl_rs_ep-1_step62002_fort.24', 'abl_rs_ep-1_step62003_fort.24', 'abl_rs_ep-1_step62004_fort.24', 'abl_rs_ep-1_step62005_fort.24', 'abl_rs_ep-1_step63001_fort.24', 'abl_rs_ep-1_step63002_fort.24', 'abl_rs_ep-1_step63003_fort.24', 'abl_rs_ep-1_step63004_fort.24', 'abl_rs_ep-1_step63005_fort.24', 'abl_rs_ep-1_step64001_fort.24', 'abl_rs_ep-1_step64002_fort.24', 'abl_rs_ep-1_step64003_fort.24', 'abl_rs_ep-1_step64004_fort.24', 'abl_rs_ep-1_step64005_fort.24', 'abl_rs_ep-1_step65001_fort.24', 'abl_rs_ep-1_step65002_fort.24', 'abl_rs_ep-1_step65003_fort.24', 'abl_rs_ep-1_step65004_fort.24', 'abl_rs_ep-1_step65005_fort.24', 'abl_rs_ep-1_step66001_fort.24', 'abl_rs_ep-1_step66002_fort.24', 'abl_rs_ep-1_step66003_fort.24', 'abl_rs_ep-1_step66004_fort.24', 'abl_rs_ep-1_step66005_fort.24', 'abl_rs_ep-1_step67001_fort.24', 'abl_rs_ep-1_step67002_fort.24', 'abl_rs_ep-1_step67003_fort.24', 'abl_rs_ep-1_step67004_fort.24', 'abl_rs_ep-1_step67005_fort.24', 'abl_rs_ep-1_step68001_fort.24', 'abl_rs_ep-1_step68002_fort.24', 'abl_rs_ep-1_step68003_fort.24', 'abl_rs_ep-1_step68004_fort.24', 'abl_rs_ep-1_step68005_fort.24', 'abl_rs_ep-1_step69001_fort.24', 'abl_rs_ep-1_step69002_fort.24', 'abl_rs_ep-1_step69003_fort.24', 'abl_rs_ep-1_step69004_fort.24', 'abl_rs_ep-1_step69005_fort.24']
2026-05-07 19:10:17,243 - INFO - ustsuw OK â†?/home/marina/caseI/5runrs/run1/abl_rs_ep-1_step6_out_tab.lis (55 cycles, unit 24)
2026-05-07 19:10:17,281 - INFO - Ep-1 Step6: HCNO: N=36.4%  H=8.5%  C=24.9%  O=30.2%
2026-05-07 19:10:17,281 - INFO - Ep-1 Step6: Reward=40.2581
2026-05-07 19:10:17,281 - INFO - Eval 6: Reward=40.2581  State=[4.0, 6.0, 2.5, 2.0, 4.0, 5.0, 3.5]
2026-05-07 19:11:24,412 - INFO - FLUKA OK: abl_rs_ep-1_step7.inp (67.1s)
2026-05-07 19:11:24,548 - WARNING - prefix 'abl_rs_ep-1_step7' unit 24: expected 5 cycle files, found 55: ['abl_rs_ep-1_step70001_fort.24', 'abl_rs_ep-1_step70002_fort.24', 'abl_rs_ep-1_step70003_fort.24', 'abl_rs_ep-1_step70004_fort.24', 'abl_rs_ep-1_step70005_fort.24', 'abl_rs_ep-1_step7001_fort.24', 'abl_rs_ep-1_step7002_fort.24', 'abl_rs_ep-1_step7003_fort.24', 'abl_rs_ep-1_step7004_fort.24', 'abl_rs_ep-1_step7005_fort.24', 'abl_rs_ep-1_step71001_fort.24', 'abl_rs_ep-1_step71002_fort.24', 'abl_rs_ep-1_step71003_fort.24', 'abl_rs_ep-1_step71004_fort.24', 'abl_rs_ep-1_step71005_fort.24', 'abl_rs_ep-1_step72001_fort.24', 'abl_rs_ep-1_step72002_fort.24', 'abl_rs_ep-1_step72003_fort.24', 'abl_rs_ep-1_step72004_fort.24', 'abl_rs_ep-1_step72005_fort.24', 'abl_rs_ep-1_step73001_fort.24', 'abl_rs_ep-1_step73002_fort.24', 'abl_rs_ep-1_step73003_fort.24', 'abl_rs_ep-1_step73004_fort.24', 'abl_rs_ep-1_step73005_fort.24', 'abl_rs_ep-1_step74001_fort.24', 'abl_rs_ep-1_step74002_fort.24', 'abl_rs_ep-1_step74003_fort.24', 'abl_rs_ep-1_step74004_fort.24', 'abl_rs_ep-1_step74005_fort.24', 'abl_rs_ep-1_step75001_fort.24', 'abl_rs_ep-1_step75002_fort.24', 'abl_rs_ep-1_step75003_fort.24', 'abl_rs_ep-1_step75004_fort.24', 'abl_rs_ep-1_step75005_fort.24', 'abl_rs_ep-1_step76001_fort.24', 'abl_rs_ep-1_step76002_fort.24', 'abl_rs_ep-1_step76003_fort.24', 'abl_rs_ep-1_step76004_fort.24', 'abl_rs_ep-1_step76005_fort.24', 'abl_rs_ep-1_step77001_fort.24', 'abl_rs_ep-1_step77002_fort.24', 'abl_rs_ep-1_step77003_fort.24', 'abl_rs_ep-1_step77004_fort.24', 'abl_rs_ep-1_step77005_fort.24', 'abl_rs_ep-1_step78001_fort.24', 'abl_rs_ep-1_step78002_fort.24', 'abl_rs_ep-1_step78003_fort.24', 'abl_rs_ep-1_step78004_fort.24', 'abl_rs_ep-1_step78005_fort.24', 'abl_rs_ep-1_step79001_fort.24', 'abl_rs_ep-1_step79002_fort.24', 'abl_rs_ep-1_step79003_fort.24', 'abl_rs_ep-1_step79004_fort.24', 'abl_rs_ep-1_step79005_fort.24']
2026-05-07 19:11:24,847 - INFO - ustsuw OK â†?/home/marina/caseI/5runrs/run1/abl_rs_ep-1_step7_out_tab.lis (55 cycles, unit 24)
2026-05-07 19:11:24,874 - INFO - Ep-1 Step7: HCNO: N=37.4%  H=7.5%  C=24.0%  O=31.1%
2026-05-07 19:11:24,874 - INFO - Ep-1 Step7: Reward=40.6932
2026-05-07 19:11:24,874 - INFO - Eval 7: Reward=40.6932  State=[7.5, 5.0, 6.5, 6.5, 4.5, 4.0, 9.5]
2026-05-07 19:12:21,976 - INFO - FLUKA OK: abl_rs_ep-1_step8.inp (57.1s)
2026-05-07 19:12:21,979 - WARNING - prefix 'abl_rs_ep-1_step8' unit 24: expected 5 cycle files, found 55: ['abl_rs_ep-1_step80001_fort.24', 'abl_rs_ep-1_step80002_fort.24', 'abl_rs_ep-1_step80003_fort.24', 'abl_rs_ep-1_step80004_fort.24', 'abl_rs_ep-1_step80005_fort.24', 'abl_rs_ep-1_step8001_fort.24', 'abl_rs_ep-1_step8002_fort.24', 'abl_rs_ep-1_step8003_fort.24', 'abl_rs_ep-1_step8004_fort.24', 'abl_rs_ep-1_step8005_fort.24', 'abl_rs_ep-1_step81001_fort.24', 'abl_rs_ep-1_step81002_fort.24', 'abl_rs_ep-1_step81003_fort.24', 'abl_rs_ep-1_step81004_fort.24', 'abl_rs_ep-1_step81005_fort.24', 'abl_rs_ep-1_step82001_fort.24', 'abl_rs_ep-1_step82002_fort.24', 'abl_rs_ep-1_step82003_fort.24', 'abl_rs_ep-1_step82004_fort.24', 'abl_rs_ep-1_step82005_fort.24', 'abl_rs_ep-1_step83001_fort.24', 'abl_rs_ep-1_step83002_fort.24', 'abl_rs_ep-1_step83003_fort.24', 'abl_rs_ep-1_step83004_fort.24', 'abl_rs_ep-1_step83005_fort.24', 'abl_rs_ep-1_step84001_fort.24', 'abl_rs_ep-1_step84002_fort.24', 'abl_rs_ep-1_step84003_fort.24', 'abl_rs_ep-1_step84004_fort.24', 'abl_rs_ep-1_step84005_fort.24', 'abl_rs_ep-1_step85001_fort.24', 'abl_rs_ep-1_step85002_fort.24', 'abl_rs_ep-1_step85003_fort.24', 'abl_rs_ep-1_step85004_fort.24', 'abl_rs_ep-1_step85005_fort.24', 'abl_rs_ep-1_step86001_fort.24', 'abl_rs_ep-1_step86002_fort.24', 'abl_rs_ep-1_step86003_fort.24', 'abl_rs_ep-1_step86004_fort.24', 'abl_rs_ep-1_step86005_fort.24', 'abl_rs_ep-1_step87001_fort.24', 'abl_rs_ep-1_step87002_fort.24', 'abl_rs_ep-1_step87003_fort.24', 'abl_rs_ep-1_step87004_fort.24', 'abl_rs_ep-1_step87005_fort.24', 'abl_rs_ep-1_step88001_fort.24', 'abl_rs_ep-1_step88002_fort.24', 'abl_rs_ep-1_step88003_fort.24', 'abl_rs_ep-1_step88004_fort.24', 'abl_rs_ep-1_step88005_fort.24', 'abl_rs_ep-1_step89001_fort.24', 'abl_rs_ep-1_step89002_fort.24', 'abl_rs_ep-1_step89003_fort.24', 'abl_rs_ep-1_step89004_fort.24', 'abl_rs_ep-1_step89005_fort.24']
2026-05-07 19:12:22,550 - INFO - ustsuw OK â†?/home/marina/caseI/5runrs/run1/abl_rs_ep-1_step8_out_tab.lis (55 cycles, unit 24)
2026-05-07 19:12:22,573 - INFO - Ep-1 Step8: HCNO: N=40.0%  H=10.0%  C=22.1%  O=27.8%
2026-05-07 19:12:22,573 - INFO - Ep-1 Step8: Reward=42.5507
2026-05-07 19:12:22,573 - INFO - Eval 8: Reward=42.5507  State=[6.5, 5.5, 5.0, 8.0, 3.0, 5.5, 7.5]
2026-05-07 19:12:22,681 - INFO - New Best: 42.5507 at eval 8
2026-05-07 19:13:26,361 - INFO - FLUKA OK: abl_rs_ep-1_step9.inp (63.6s)
2026-05-07 19:13:26,369 - WARNING - prefix 'abl_rs_ep-1_step9' unit 24: expected 5 cycle files, found 55: ['abl_rs_ep-1_step90001_fort.24', 'abl_rs_ep-1_step90002_fort.24', 'abl_rs_ep-1_step90003_fort.24', 'abl_rs_ep-1_step90004_fort.24', 'abl_rs_ep-1_step90005_fort.24', 'abl_rs_ep-1_step9001_fort.24', 'abl_rs_ep-1_step9002_fort.24', 'abl_rs_ep-1_step9003_fort.24', 'abl_rs_ep-1_step9004_fort.24', 'abl_rs_ep-1_step9005_fort.24', 'abl_rs_ep-1_step91001_fort.24', 'abl_rs_ep-1_step91002_fort.24', 'abl_rs_ep-1_step91003_fort.24', 'abl_rs_ep-1_step91004_fort.24', 'abl_rs_ep-1_step91005_fort.24', 'abl_rs_ep-1_step92001_fort.24', 'abl_rs_ep-1_step92002_fort.24', 'abl_rs_ep-1_step92003_fort.24', 'abl_rs_ep-1_step92004_fort.24', 'abl_rs_ep-1_step92005_fort.24', 'abl_rs_ep-1_step93001_fort.24', 'abl_rs_ep-1_step93002_fort.24', 'abl_rs_ep-1_step93003_fort.24', 'abl_rs_ep-1_step93004_fort.24', 'abl_rs_ep-1_step93005_fort.24', 'abl_rs_ep-1_step94001_fort.24', 'abl_rs_ep-1_step94002_fort.24', 'abl_rs_ep-1_step94003_fort.24', 'abl_rs_ep-1_step94004_fort.24', 'abl_rs_ep-1_step94005_fort.24', 'abl_rs_ep-1_step95001_fort.24', 'abl_rs_ep-1_step95002_fort.24', 'abl_rs_ep-1_step95003_fort.24', 'abl_rs_ep-1_step95004_fort.24', 'abl_rs_ep-1_step95005_fort.24', 'abl_rs_ep-1_step96001_fort.24', 'abl_rs_ep-1_step96002_fort.24', 'abl_rs_ep-1_step96003_fort.24', 'abl_rs_ep-1_step96004_fort.24', 'abl_rs_ep-1_step96005_fort.24', 'abl_rs_ep-1_step97001_fort.24', 'abl_rs_ep-1_step97002_fort.24', 'abl_rs_ep-1_step97003_fort.24', 'abl_rs_ep-1_step97004_fort.24', 'abl_rs_ep-1_step97005_fort.24', 'abl_rs_ep-1_step98001_fort.24', 'abl_rs_ep-1_step98002_fort.24', 'abl_rs_ep-1_step98003_fort.24', 'abl_rs_ep-1_step98004_fort.24', 'abl_rs_ep-1_step98005_fort.24', 'abl_rs_ep-1_step99001_fort.24', 'abl_rs_ep-1_step99002_fort.24', 'abl_rs_ep-1_step99003_fort.24', 'abl_rs_ep-1_step99004_fort.24', 'abl_rs_ep-1_step99005_fort.24']
2026-05-07 19:13:26,470 - INFO - ustsuw OK â†?/home/marina/caseI/5runrs/run1/abl_rs_ep-1_step9_out_tab.lis (55 cycles, unit 24)
2026-05-07 19:13:26,493 - INFO - Ep-1 Step9: HCNO: N=36.9%  H=11.0%  C=26.1%  O=26.0%
2026-05-07 19:13:26,493 - INFO - Ep-1 Step9: Reward=40.3407
2026-05-07 19:13:26,494 - INFO - Eval 9: Reward=40.3407  State=[2.0, 7.0, 2.5, 3.5, 6.0, 5.5, 7.0]
2026-05-07 19:14:29,917 - INFO - FLUKA OK: abl_rs_ep-1_step10.inp (63.4s)
2026-05-07 19:14:29,980 - WARNING - prefix 'abl_rs_ep-1_step10' unit 24: expected 5 cycle files, found 15: ['abl_rs_ep-1_step100001_fort.24', 'abl_rs_ep-1_step100002_fort.24', 'abl_rs_ep-1_step100003_fort.24', 'abl_rs_ep-1_step100004_fort.24', 'abl_rs_ep-1_step100005_fort.24', 'abl_rs_ep-1_step10001_fort.24', 'abl_rs_ep-1_step10002_fort.24', 'abl_rs_ep-1_step10003_fort.24', 'abl_rs_ep-1_step10004_fort.24', 'abl_rs_ep-1_step10005_fort.24', 'abl_rs_ep-1_step1001_fort.24', 'abl_rs_ep-1_step1002_fort.24', 'abl_rs_ep-1_step1003_fort.24', 'abl_rs_ep-1_step1004_fort.24', 'abl_rs_ep-1_step1005_fort.24']
2026-05-07 19:14:30,614 - INFO - ustsuw OK â†?/home/marina/caseI/5runrs/run1/abl_rs_ep-1_step10_out_tab.lis (15 cycles, unit 24)
2026-05-07 19:14:30,617 - INFO - Ep-1 Step10: HCNO: N=40.2%  H=7.3%  C=26.2%  O=26.3%
2026-05-07 19:14:30,617 - INFO - Ep-1 Step10: Reward=29.2565
2026-05-07 19:14:30,617 - INFO - Eval 10: Reward=29.2565  State=[3.5, 3.0, 6.0, 4.0, 4.0, 6.5, 9.5]
2026-05-07 19:15:32,580 - INFO - FLUKA OK: abl_rs_ep-1_step11.inp (61.9s)
2026-05-07 19:15:32,706 - INFO - ustsuw OK â†?/home/marina/caseI/5runrs/run1/abl_rs_ep-1_step11_out_tab.lis (5 cycles, unit 24)
2026-05-07 19:15:32,727 - INFO - Ep-1 Step11: HCNO: N=39.6%  H=13.9%  C=26.5%  O=20.0%
2026-05-07 19:15:32,727 - INFO - Ep-1 Step11: Reward=25.0532
2026-05-07 19:15:32,727 - INFO - Eval 11: Reward=25.0532  State=[5.0, 5.0, 5.0, 7.0, 4.0, 5.5, 3.0]
2026-05-07 19:16:33,161 - INFO - FLUKA OK: abl_rs_ep-1_step12.inp (60.4s)
2026-05-07 19:16:33,197 - INFO - ustsuw OK â†?/home/marina/caseI/5runrs/run1/abl_rs_ep-1_step12_out_tab.lis (5 cycles, unit 24)
2026-05-07 19:16:33,215 - INFO - Ep-1 Step12: HCNO: N=34.4%  H=6.0%  C=38.5%  O=21.1%
2026-05-07 19:16:33,215 - INFO - Ep-1 Step12: Reward=11.6592
2026-05-07 19:16:33,215 - INFO - Eval 12: Reward=11.6592  State=[5.0, 4.0, 7.5, 7.0, 7.5, 6.0, 9.5]
2026-05-07 19:17:27,536 - INFO - FLUKA OK: abl_rs_ep-1_step13.inp (54.3s)
2026-05-07 19:17:28,017 - INFO - ustsuw OK â†?/home/marina/caseI/5runrs/run1/abl_rs_ep-1_step13_out_tab.lis (5 cycles, unit 24)
2026-05-07 19:17:28,061 - INFO - Ep-1 Step13: HCNO: N=49.2%  H=9.1%  C=20.1%  O=21.6%
2026-05-07 19:17:28,061 - INFO - Ep-1 Step13: Reward=19.6842
2026-05-07 19:17:28,061 - INFO - Eval 13: Reward=19.6842  State=[4.0, 3.5, 4.0, 7.5, 2.5, 7.0, 4.5]
2026-05-07 19:18:21,362 - INFO - FLUKA OK: abl_rs_ep-1_step14.inp (53.3s)
2026-05-07 19:18:21,414 - INFO - ustsuw OK â†?/home/marina/caseI/5runrs/run1/abl_rs_ep-1_step14_out_tab.lis (5 cycles, unit 24)
2026-05-07 19:18:21,438 - INFO - Ep-1 Step14: HCNO: N=36.7%  H=9.3%  C=18.7%  O=35.3%
2026-05-07 19:18:21,438 - INFO - Ep-1 Step14: Reward=19.6637
2026-05-07 19:18:21,438 - INFO - Eval 14: Reward=19.6637  State=[5.0, 7.5, 3.0, 3.5, 7.0, 2.5, 9.5]
2026-05-07 19:19:12,763 - INFO - FLUKA OK: abl_rs_ep-1_step15.inp (51.3s)
2026-05-07 19:19:13,474 - INFO - ustsuw OK â†?/home/marina/caseI/5runrs/run1/abl_rs_ep-1_step15_out_tab.lis (5 cycles, unit 24)
2026-05-07 19:19:13,555 - INFO - Ep-1 Step15: HCNO: N=41.3%  H=12.4%  C=21.6%  O=24.7%
2026-05-07 19:19:13,555 - INFO - Ep-1 Step15: Reward=27.0258
2026-05-07 19:19:13,555 - INFO - Eval 15: Reward=27.0258  State=[3.0, 4.5, 4.5, 2.5, 5.5, 4.0, 1.5]
2026-05-07 19:19:58,431 - INFO - FLUKA OK: abl_rs_ep-1_step16.inp (44.8s)
2026-05-07 19:19:58,493 - INFO - ustsuw OK â†?/home/marina/caseI/5runrs/run1/abl_rs_ep-1_step16_out_tab.lis (5 cycles, unit 24)
2026-05-07 19:19:58,522 - INFO - Ep-1 Step16: HCNO: N=36.3%  H=9.0%  C=25.8%  O=28.9%
2026-05-07 19:19:58,522 - INFO - Ep-1 Step16: Reward=13.3710
2026-05-07 19:19:58,522 - INFO - Eval 16: Reward=13.3710  State=[7.0, 2.0, 5.0, 4.5, 5.5, 6.5, 5.5]
2026-05-07 19:20:48,002 - INFO - FLUKA OK: abl_rs_ep-1_step17.inp (49.5s)
2026-05-07 19:20:48,106 - INFO - ustsuw OK â†?/home/marina/caseI/5runrs/run1/abl_rs_ep-1_step17_out_tab.lis (5 cycles, unit 24)
2026-05-07 19:20:48,140 - INFO - Ep-1 Step17: HCNO: N=36.1%  H=12.5%  C=26.3%  O=25.1%
2026-05-07 19:20:48,140 - INFO - Ep-1 Step17: Reward=31.6592
2026-05-07 19:20:48,140 - INFO - Eval 17: Reward=31.6592  State=[2.5, 4.0, 4.0, 3.5, 3.0, 6.0, 5.0]
2026-05-07 19:21:26,031 - INFO - FLUKA OK: abl_rs_ep-1_step18.inp (37.9s)
2026-05-07 19:21:26,243 - INFO - ustsuw OK â†?/home/marina/caseI/5runrs/run1/abl_rs_ep-1_step18_out_tab.lis (5 cycles, unit 24)
2026-05-07 19:21:26,267 - INFO - Ep-1 Step18: HCNO: N=44.7%  H=10.8%  C=18.5%  O=26.0%
2026-05-07 19:21:26,267 - INFO - Ep-1 Step18: Reward=22.3879
2026-05-07 19:21:26,267 - INFO - Eval 18: Reward=22.3879  State=[2.0, 5.0, 3.0, 6.5, 6.0, 3.0, 9.5]
2026-05-07 19:22:02,672 - INFO - FLUKA OK: abl_rs_ep-1_step19.inp (36.4s)
2026-05-07 19:22:02,789 - INFO - ustsuw OK â†?/home/marina/caseI/5runrs/run1/abl_rs_ep-1_step19_out_tab.lis (5 cycles, unit 24)
2026-05-07 19:22:02,790 - INFO - Ep-1 Step19: HCNO: N=40.9%  H=8.1%  C=20.7%  O=30.3%
2026-05-07 19:22:02,790 - INFO - Ep-1 Step19: Reward=21.4366
2026-05-07 19:22:02,790 - INFO - Eval 19: Reward=21.4366  State=[4.0, 2.5, 7.0, 5.5, 3.0, 5.5, 2.0]
2026-05-07 19:22:38,881 - INFO - FLUKA OK: abl_rs_ep-1_step20.inp (36.1s)
2026-05-07 19:22:38,919 - WARNING - prefix 'abl_rs_ep-1_step20' unit 24: expected 5 cycle files, found 10: ['abl_rs_ep-1_step20001_fort.24', 'abl_rs_ep-1_step20002_fort.24', 'abl_rs_ep-1_step20003_fort.24', 'abl_rs_ep-1_step20004_fort.24', 'abl_rs_ep-1_step20005_fort.24', 'abl_rs_ep-1_step2001_fort.24', 'abl_rs_ep-1_step2002_fort.24', 'abl_rs_ep-1_step2003_fort.24', 'abl_rs_ep-1_step2004_fort.24', 'abl_rs_ep-1_step2005_fort.24']
2026-05-07 19:22:39,186 - INFO - ustsuw OK â†?/home/marina/caseI/5runrs/run1/abl_rs_ep-1_step20_out_tab.lis (10 cycles, unit 24)
2026-05-07 19:22:39,242 - INFO - Ep-1 Step20: HCNO: N=37.1%  H=7.5%  C=25.4%  O=30.1%
2026-05-07 19:22:39,242 - INFO - Ep-1 Step20: Reward=19.1033
2026-05-07 19:22:39,242 - INFO - Eval 20: Reward=19.1033  State=[7.0, 8.0, 4.0, 5.5, 2.5, 8.0, 2.5]
2026-05-07 19:23:15,557 - INFO - FLUKA OK: abl_rs_ep-1_step21.inp (36.3s)
2026-05-07 19:23:15,716 - INFO - ustsuw OK â†?/home/marina/caseI/5runrs/run1/abl_rs_ep-1_step21_out_tab.lis (5 cycles, unit 24)
2026-05-07 19:23:15,792 - INFO - Ep-1 Step21: HCNO: N=48.4%  H=19.9%  C=10.0%  O=21.7%
2026-05-07 19:23:15,792 - INFO - Ep-1 Step21: Reward=19.6857
2026-05-07 19:23:15,792 - INFO - Eval 21: Reward=19.6857  State=[4.0, 7.5, 3.0, 3.0, 5.0, 2.5, 8.0]
2026-05-07 19:23:52,690 - INFO - FLUKA OK: abl_rs_ep-1_step22.inp (36.9s)
2026-05-07 19:23:52,821 - INFO - ustsuw OK â†?/home/marina/caseI/5runrs/run1/abl_rs_ep-1_step22_out_tab.lis (5 cycles, unit 24)
2026-05-07 19:23:52,843 - INFO - Ep-1 Step22: HCNO: N=31.9%  H=10.4%  C=27.1%  O=30.6%
2026-05-07 19:23:52,843 - INFO - Ep-1 Step22: Reward=28.6245
2026-05-07 19:23:52,843 - INFO - Eval 22: Reward=28.6245  State=[5.0, 2.5, 6.0, 6.0, 3.0, 6.5, 5.5]
2026-05-07 19:24:38,033 - INFO - FLUKA OK: abl_rs_ep-1_step23.inp (45.1s)
2026-05-07 19:24:38,229 - INFO - ustsuw OK â†?/home/marina/caseI/5runrs/run1/abl_rs_ep-1_step23_out_tab.lis (5 cycles, unit 24)
2026-05-07 19:24:38,232 - INFO - Ep-1 Step23: HCNO: N=34.6%  H=15.4%  C=19.9%  O=30.0%
2026-05-07 19:24:38,232 - INFO - Ep-1 Step23: Reward=9.9395
2026-05-07 19:24:38,232 - INFO - Eval 23: Reward=9.9395  State=[3.5, 6.5, 6.5, 6.5, 3.0, 4.5, 10.0]
2026-05-07 19:25:36,326 - INFO - FLUKA OK: abl_rs_ep-1_step24.inp (58.1s)
2026-05-07 19:25:36,389 - INFO - ustsuw OK â†?/home/marina/caseI/5runrs/run1/abl_rs_ep-1_step24_out_tab.lis (5 cycles, unit 24)
2026-05-07 19:25:36,399 - INFO - Ep-1 Step24: HCNO: N=38.1%  H=8.6%  C=25.0%  O=28.2%
2026-05-07 19:25:36,399 - INFO - Ep-1 Step24: Reward=31.8482
2026-05-07 19:25:36,400 - INFO - Eval 24: Reward=31.8482  State=[5.0, 3.5, 6.0, 2.0, 3.0, 6.5, 2.0]
2026-05-07 19:26:27,508 - INFO - FLUKA OK: abl_rs_ep-1_step25.inp (51.1s)
2026-05-07 19:26:27,694 - INFO - ustsuw OK â†?/home/marina/caseI/5runrs/run1/abl_rs_ep-1_step25_out_tab.lis (5 cycles, unit 24)
2026-05-07 19:26:27,721 - INFO - Ep-1 Step25: HCNO: N=31.2%  H=6.0%  C=21.2%  O=41.5%
2026-05-07 19:26:27,721 - INFO - Ep-1 Step25: Reward=8.0505
2026-05-07 19:26:27,721 - INFO - Eval 25: Reward=8.0505  State=[8.0, 4.0, 6.0, 6.5, 7.5, 6.0, 8.5]
2026-05-07 19:27:17,552 - INFO - FLUKA OK: abl_rs_ep-1_step26.inp (49.8s)
2026-05-07 19:27:17,673 - INFO - ustsuw OK â†?/home/marina/caseI/5runrs/run1/abl_rs_ep-1_step26_out_tab.lis (5 cycles, unit 24)
2026-05-07 19:27:17,698 - INFO - Ep-1 Step26: HCNO: N=38.3%  H=5.8%  C=15.4%  O=40.5%
2026-05-07 19:27:17,698 - INFO - Ep-1 Step26: Reward=14.3815
2026-05-07 19:27:17,700 - INFO - Eval 26: Reward=14.3815  State=[8.0, 3.5, 4.0, 7.5, 3.5, 6.0, 1.0]
2026-05-07 19:28:05,871 - INFO - FLUKA OK: abl_rs_ep-1_step27.inp (48.2s)
2026-05-07 19:28:05,938 - INFO - ustsuw OK â†?/home/marina/caseI/5runrs/run1/abl_rs_ep-1_step27_out_tab.lis (5 cycles, unit 24)
2026-05-07 19:28:05,974 - INFO - Ep-1 Step27: HCNO: N=36.5%  H=14.9%  C=28.8%  O=19.9%
2026-05-07 19:28:05,975 - INFO - Ep-1 Step27: Reward=12.9105
2026-05-07 19:28:05,975 - INFO - Eval 27: Reward=12.9105  State=[6.5, 8.0, 5.5, 6.0, 2.5, 7.5, 8.5]
2026-05-07 19:28:57,807 - INFO - FLUKA OK: abl_rs_ep-1_step28.inp (51.8s)
2026-05-07 19:28:57,886 - INFO - ustsuw OK â†?/home/marina/caseI/5runrs/run1/abl_rs_ep-1_step28_out_tab.lis (5 cycles, unit 24)
2026-05-07 19:28:57,923 - INFO - Ep-1 Step28: HCNO: N=41.2%  H=12.4%  C=20.8%  O=25.6%
2026-05-07 19:28:57,923 - INFO - Ep-1 Step28: Reward=19.0712
2026-05-07 19:28:57,923 - INFO - Eval 28: Reward=19.0712  State=[5.5, 5.0, 2.5, 5.0, 7.0, 7.5, 4.0]
2026-05-07 19:29:59,765 - INFO - FLUKA OK: abl_rs_ep-1_step29.inp (61.8s)
2026-05-07 19:29:59,833 - INFO - ustsuw OK â†?/home/marina/caseI/5runrs/run1/abl_rs_ep-1_step29_out_tab.lis (5 cycles, unit 24)
2026-05-07 19:29:59,834 - INFO - Ep-1 Step29: HCNO: N=31.8%  H=16.1%  C=20.5%  O=31.6%
2026-05-07 19:29:59,834 - INFO - Ep-1 Step29: Reward=19.6877
2026-05-07 19:29:59,835 - INFO - Eval 29: Reward=19.6877  State=[3.5, 4.5, 6.0, 7.0, 4.5, 4.5, 6.5]
2026-05-07 19:30:54,668 - INFO - FLUKA OK: abl_rs_ep-1_step30.inp (54.8s)
2026-05-07 19:30:54,698 - WARNING - prefix 'abl_rs_ep-1_step30' unit 24: expected 5 cycle files, found 10: ['abl_rs_ep-1_step30001_fort.24', 'abl_rs_ep-1_step30002_fort.24', 'abl_rs_ep-1_step30003_fort.24', 'abl_rs_ep-1_step30004_fort.24', 'abl_rs_ep-1_step30005_fort.24', 'abl_rs_ep-1_step3001_fort.24', 'abl_rs_ep-1_step3002_fort.24', 'abl_rs_ep-1_step3003_fort.24', 'abl_rs_ep-1_step3004_fort.24', 'abl_rs_ep-1_step3005_fort.24']
2026-05-07 19:30:54,876 - INFO - ustsuw OK â†?/home/marina/caseI/5runrs/run1/abl_rs_ep-1_step30_out_tab.lis (10 cycles, unit 24)
2026-05-07 19:30:54,878 - INFO - Ep-1 Step30: HCNO: N=33.3%  H=10.7%  C=22.2%  O=33.8%
2026-05-07 19:30:54,882 - INFO - Ep-1 Step30: Reward=25.3596
2026-05-07 19:30:54,882 - INFO - Eval 30: Reward=25.3596  State=[3.0, 3.5, 5.0, 6.5, 5.0, 2.0, 7.5]
2026-05-07 19:31:57,045 - INFO - FLUKA OK: abl_rs_ep-1_step31.inp (62.2s)
2026-05-07 19:31:57,179 - INFO - ustsuw OK â†?/home/marina/caseI/5runrs/run1/abl_rs_ep-1_step31_out_tab.lis (5 cycles, unit 24)
2026-05-07 19:31:57,182 - INFO - Ep-1 Step31: HCNO: N=40.3%  H=8.2%  C=21.5%  O=30.0%
2026-05-07 19:31:57,183 - INFO - Ep-1 Step31: Reward=20.3731
2026-05-07 19:31:57,183 - INFO - Eval 31: Reward=20.3731  State=[5.0, 2.5, 6.0, 4.5, 5.5, 4.5, 5.0]
2026-05-07 19:32:46,392 - INFO - FLUKA OK: abl_rs_ep-1_step32.inp (49.2s)
2026-05-07 19:32:47,218 - INFO - ustsuw OK â†?/home/marina/caseI/5runrs/run1/abl_rs_ep-1_step32_out_tab.lis (5 cycles, unit 24)
2026-05-07 19:32:47,219 - INFO - Ep-1 Step32: HCNO: N=35.7%  H=13.5%  C=23.4%  O=27.4%
2026-05-07 19:32:47,219 - INFO - Ep-1 Step32: Reward=10.7161
2026-05-07 19:32:47,219 - INFO - Eval 32: Reward=10.7161  State=[2.5, 7.0, 6.0, 2.5, 5.5, 6.0, 6.0]
2026-05-07 19:33:22,696 - INFO - FLUKA OK: abl_rs_ep-1_step33.inp (35.5s)
2026-05-07 19:33:22,812 - INFO - ustsuw OK â†?/home/marina/caseI/5runrs/run1/abl_rs_ep-1_step33_out_tab.lis (5 cycles, unit 24)
2026-05-07 19:33:22,891 - INFO - Ep-1 Step33: HCNO: N=45.1%  H=8.4%  C=29.7%  O=16.7%
2026-05-07 19:33:22,891 - INFO - Ep-1 Step33: Reward=12.9781
2026-05-07 19:33:22,891 - INFO - Eval 33: Reward=12.9781  State=[8.0, 6.0, 7.5, 6.5, 3.0, 4.5, 9.0]
2026-05-07 19:34:00,707 - INFO - FLUKA OK: abl_rs_ep-1_step34.inp (37.8s)
2026-05-07 19:34:00,785 - INFO - ustsuw OK â†?/home/marina/caseI/5runrs/run1/abl_rs_ep-1_step34_out_tab.lis (5 cycles, unit 24)
2026-05-07 19:34:00,909 - INFO - Ep-1 Step34: HCNO: N=38.6%  H=5.7%  C=29.6%  O=26.0%
2026-05-07 19:34:00,909 - INFO - Ep-1 Step34: Reward=16.8982
2026-05-07 19:34:00,910 - INFO - Eval 34: Reward=16.8982  State=[6.5, 5.0, 6.0, 2.0, 2.5, 2.0, 4.5]
2026-05-07 19:34:51,287 - INFO - FLUKA OK: abl_rs_ep-1_step35.inp (50.4s)
2026-05-07 19:34:51,397 - INFO - ustsuw OK â†?/home/marina/caseI/5runrs/run1/abl_rs_ep-1_step35_out_tab.lis (5 cycles, unit 24)
2026-05-07 19:34:51,436 - INFO - Ep-1 Step35: HCNO: N=39.2%  H=7.4%  C=23.5%  O=29.9%
2026-05-07 19:34:51,436 - INFO - Ep-1 Step35: Reward=20.1921
2026-05-07 19:34:51,436 - INFO - Eval 35: Reward=20.1921  State=[6.5, 6.0, 4.0, 5.0, 5.0, 2.0, 6.0]
2026-05-07 19:35:43,384 - INFO - FLUKA OK: abl_rs_ep-1_step36.inp (51.9s)
2026-05-07 19:35:43,761 - INFO - ustsuw OK â†?/home/marina/caseI/5runrs/run1/abl_rs_ep-1_step36_out_tab.lis (5 cycles, unit 24)
2026-05-07 19:35:43,864 - INFO - Ep-1 Step36: HCNO: N=34.0%  H=10.4%  C=17.6%  O=37.9%
2026-05-07 19:35:43,865 - INFO - Ep-1 Step36: Reward=15.5833
2026-05-07 19:35:43,865 - INFO - Eval 36: Reward=15.5833  State=[6.0, 6.0, 4.5, 7.0, 5.0, 5.0, 9.0]
2026-05-07 19:36:35,553 - INFO - FLUKA OK: abl_rs_ep-1_step37.inp (51.6s)
2026-05-07 19:36:35,715 - INFO - ustsuw OK â†?/home/marina/caseI/5runrs/run1/abl_rs_ep-1_step37_out_tab.lis (5 cycles, unit 24)
2026-05-07 19:36:35,901 - INFO - Ep-1 Step37: HCNO: N=32.3%  H=10.1%  C=24.3%  O=33.4%
2026-05-07 19:36:35,901 - INFO - Ep-1 Step37: Reward=19.3324
2026-05-07 19:36:35,901 - INFO - Eval 37: Reward=19.3324  State=[4.5, 8.0, 6.0, 5.5, 6.0, 2.5, 2.0]
2026-05-07 19:37:30,368 - INFO - FLUKA OK: abl_rs_ep-1_step38.inp (54.5s)
2026-05-07 19:37:30,717 - INFO - ustsuw OK â†?/home/marina/caseI/5runrs/run1/abl_rs_ep-1_step38_out_tab.lis (5 cycles, unit 24)
2026-05-07 19:37:30,720 - INFO - Ep-1 Step38: HCNO: N=39.5%  H=20.1%  C=15.4%  O=25.0%
2026-05-07 19:37:30,720 - INFO - Ep-1 Step38: Reward=21.3996
2026-05-07 19:37:30,720 - INFO - Eval 38: Reward=21.3996  State=[3.5, 6.0, 7.5, 3.5, 6.0, 4.0, 9.0]
2026-05-07 19:38:23,589 - INFO - FLUKA OK: abl_rs_ep-1_step39.inp (52.9s)
2026-05-07 19:38:24,179 - INFO - ustsuw OK â†?/home/marina/caseI/5runrs/run1/abl_rs_ep-1_step39_out_tab.lis (5 cycles, unit 24)
2026-05-07 19:38:24,183 - INFO - Ep-1 Step39: HCNO: N=38.1%  H=13.6%  C=20.6%  O=27.7%
2026-05-07 19:38:24,183 - INFO - Ep-1 Step39: Reward=26.1200
2026-05-07 19:38:24,183 - INFO - Eval 39: Reward=26.1200  State=[2.5, 7.0, 3.5, 2.5, 3.0, 7.5, 1.5]
2026-05-07 19:39:19,040 - INFO - FLUKA OK: abl_rs_ep-1_step40.inp (54.9s)
2026-05-07 19:39:19,087 - WARNING - prefix 'abl_rs_ep-1_step40' unit 24: expected 5 cycle files, found 10: ['abl_rs_ep-1_step40001_fort.24', 'abl_rs_ep-1_step40002_fort.24', 'abl_rs_ep-1_step40003_fort.24', 'abl_rs_ep-1_step40004_fort.24', 'abl_rs_ep-1_step40005_fort.24', 'abl_rs_ep-1_step4001_fort.24', 'abl_rs_ep-1_step4002_fort.24', 'abl_rs_ep-1_step4003_fort.24', 'abl_rs_ep-1_step4004_fort.24', 'abl_rs_ep-1_step4005_fort.24']
2026-05-07 19:39:19,176 - INFO - ustsuw OK â†?/home/marina/caseI/5runrs/run1/abl_rs_ep-1_step40_out_tab.lis (10 cycles, unit 24)
2026-05-07 19:39:19,189 - INFO - Ep-1 Step40: HCNO: N=45.4%  H=8.3%  C=23.3%  O=22.9%
2026-05-07 19:39:19,190 - INFO - Ep-1 Step40: Reward=33.7772
2026-05-07 19:39:19,190 - INFO - Eval 40: Reward=33.7772  State=[3.0, 2.5, 4.0, 8.0, 7.0, 4.5, 3.5]
2026-05-07 19:40:08,034 - INFO - FLUKA OK: abl_rs_ep-1_step41.inp (48.8s)
2026-05-07 19:40:08,965 - INFO - ustsuw OK â†?/home/marina/caseI/5runrs/run1/abl_rs_ep-1_step41_out_tab.lis (5 cycles, unit 24)
2026-05-07 19:40:09,132 - INFO - Ep-1 Step41: HCNO: N=27.5%  H=5.5%  C=38.2%  O=28.9%
2026-05-07 19:40:09,132 - INFO - Ep-1 Step41: Reward=14.9792
2026-05-07 19:40:09,132 - INFO - Eval 41: Reward=14.9792  State=[5.5, 5.5, 7.0, 7.5, 6.0, 5.5, 8.5]
2026-05-07 19:40:55,239 - INFO - FLUKA OK: abl_rs_ep-1_step42.inp (46.1s)
2026-05-07 19:40:55,325 - INFO - ustsuw OK â†?/home/marina/caseI/5runrs/run1/abl_rs_ep-1_step42_out_tab.lis (5 cycles, unit 24)
2026-05-07 19:40:55,343 - INFO - Ep-1 Step42: HCNO: N=30.3%  H=6.4%  C=24.9%  O=38.4%
2026-05-07 19:40:55,343 - INFO - Ep-1 Step42: Reward=16.1773
2026-05-07 19:40:55,343 - INFO - Eval 42: Reward=16.1773  State=[7.0, 5.5, 4.0, 6.5, 3.0, 3.0, 7.0]
2026-05-07 19:41:51,863 - INFO - FLUKA OK: abl_rs_ep-1_step43.inp (56.5s)
2026-05-07 19:41:52,201 - INFO - ustsuw OK â†?/home/marina/caseI/5runrs/run1/abl_rs_ep-1_step43_out_tab.lis (5 cycles, unit 24)
2026-05-07 19:41:52,224 - INFO - Ep-1 Step43: HCNO: N=38.1%  H=7.6%  C=21.0%  O=33.2%
2026-05-07 19:41:52,224 - INFO - Ep-1 Step43: Reward=18.3657
2026-05-07 19:41:52,224 - INFO - Eval 43: Reward=18.3657  State=[4.0, 5.5, 5.0, 7.0, 5.5, 5.5, 3.0]
2026-05-07 19:42:43,826 - INFO - FLUKA OK: abl_rs_ep-1_step44.inp (51.6s)
2026-05-07 19:42:43,935 - INFO - ustsuw OK â†?/home/marina/caseI/5runrs/run1/abl_rs_ep-1_step44_out_tab.lis (5 cycles, unit 24)
2026-05-07 19:42:43,997 - INFO - Ep-1 Step44: HCNO: N=40.9%  H=11.0%  C=21.1%  O=27.0%
2026-05-07 19:42:43,997 - INFO - Ep-1 Step44: Reward=27.0452
2026-05-07 19:42:43,997 - INFO - Eval 44: Reward=27.0452  State=[3.0, 3.5, 3.5, 6.0, 6.0, 4.5, 6.0]
2026-05-07 19:43:40,248 - INFO - FLUKA OK: abl_rs_ep-1_step45.inp (56.3s)
2026-05-07 19:43:40,590 - INFO - ustsuw OK â†?/home/marina/caseI/5runrs/run1/abl_rs_ep-1_step45_out_tab.lis (5 cycles, unit 24)
2026-05-07 19:43:40,630 - INFO - Ep-1 Step45: HCNO: N=37.0%  H=12.4%  C=20.9%  O=29.6%
2026-05-07 19:43:40,630 - INFO - Ep-1 Step45: Reward=22.3914
2026-05-07 19:43:40,630 - INFO - Eval 45: Reward=22.3914  State=[4.0, 2.5, 3.5, 5.5, 6.5, 4.0, 6.0]
2026-05-07 19:44:31,804 - INFO - FLUKA OK: abl_rs_ep-1_step46.inp (51.2s)
2026-05-07 19:44:32,357 - INFO - ustsuw OK â†?/home/marina/caseI/5runrs/run1/abl_rs_ep-1_step46_out_tab.lis (5 cycles, unit 24)
2026-05-07 19:44:32,383 - INFO - Ep-1 Step46: HCNO: N=26.5%  H=13.6%  C=35.7%  O=24.1%
2026-05-07 19:44:32,383 - INFO - Ep-1 Step46: Reward=15.1980
2026-05-07 19:44:32,383 - INFO - Eval 46: Reward=15.1980  State=[7.5, 7.0, 5.5, 5.5, 8.0, 3.0, 8.5]
2026-05-07 19:45:22,552 - INFO - FLUKA OK: abl_rs_ep-1_step47.inp (50.2s)
2026-05-07 19:45:22,762 - INFO - ustsuw OK â†?/home/marina/caseI/5runrs/run1/abl_rs_ep-1_step47_out_tab.lis (5 cycles, unit 24)
2026-05-07 19:45:22,764 - INFO - Ep-1 Step47: HCNO: N=37.6%  H=11.9%  C=17.4%  O=33.1%
2026-05-07 19:45:22,764 - INFO - Ep-1 Step47: Reward=15.0319
2026-05-07 19:45:22,765 - INFO - Eval 47: Reward=15.0319  State=[8.0, 4.5, 4.0, 5.5, 2.5, 4.5, 5.0]
2026-05-07 19:46:16,781 - INFO - FLUKA OK: abl_rs_ep-1_step48.inp (54.0s)
2026-05-07 19:46:16,829 - INFO - ustsuw OK â†?/home/marina/caseI/5runrs/run1/abl_rs_ep-1_step48_out_tab.lis (5 cycles, unit 24)
2026-05-07 19:46:16,830 - INFO - Ep-1 Step48: HCNO: N=47.2%  H=12.0%  C=19.2%  O=21.6%
2026-05-07 19:46:16,830 - INFO - Ep-1 Step48: Reward=21.9517
2026-05-07 19:46:16,831 - INFO - Eval 48: Reward=21.9517  State=[4.0, 2.5, 2.5, 7.0, 4.5, 7.0, 3.0]
2026-05-07 19:47:06,342 - INFO - FLUKA OK: abl_rs_ep-1_step49.inp (49.5s)
2026-05-07 19:47:06,415 - INFO - ustsuw OK â†?/home/marina/caseI/5runrs/run1/abl_rs_ep-1_step49_out_tab.lis (5 cycles, unit 24)
2026-05-07 19:47:06,416 - INFO - Ep-1 Step49: HCNO: N=37.5%  H=12.8%  C=25.5%  O=24.2%
2026-05-07 19:47:06,416 - INFO - Ep-1 Step49: Reward=18.7343
2026-05-07 19:47:06,418 - INFO - Eval 49: Reward=18.7343  State=[5.5, 7.5, 5.0, 6.5, 3.5, 7.0, 2.0]
2026-05-07 19:47:56,662 - INFO - FLUKA OK: abl_rs_ep-1_step50.inp (50.2s)
2026-05-07 19:47:56,666 - WARNING - prefix 'abl_rs_ep-1_step50' unit 24: expected 5 cycle files, found 10: ['abl_rs_ep-1_step50001_fort.24', 'abl_rs_ep-1_step50002_fort.24', 'abl_rs_ep-1_step50003_fort.24', 'abl_rs_ep-1_step50004_fort.24', 'abl_rs_ep-1_step50005_fort.24', 'abl_rs_ep-1_step5001_fort.24', 'abl_rs_ep-1_step5002_fort.24', 'abl_rs_ep-1_step5003_fort.24', 'abl_rs_ep-1_step5004_fort.24', 'abl_rs_ep-1_step5005_fort.24']
2026-05-07 19:47:56,846 - INFO - ustsuw OK â†?/home/marina/caseI/5runrs/run1/abl_rs_ep-1_step50_out_tab.lis (10 cycles, unit 24)
2026-05-07 19:47:56,938 - INFO - Ep-1 Step50: HCNO: N=35.5%  H=9.3%  C=29.6%  O=25.6%
2026-05-07 19:47:56,938 - INFO - Ep-1 Step50: Reward=25.2526
2026-05-07 19:47:56,938 - INFO - Eval 50: Reward=25.2526  State=[3.5, 5.5, 5.5, 4.0, 3.5, 2.0, 9.0]
2026-05-07 19:48:47,887 - INFO - FLUKA OK: abl_rs_ep-1_step51.inp (50.9s)
2026-05-07 19:48:48,040 - INFO - ustsuw OK â†?/home/marina/caseI/5runrs/run1/abl_rs_ep-1_step51_out_tab.lis (5 cycles, unit 24)
2026-05-07 19:48:48,063 - INFO - Ep-1 Step51: HCNO: N=36.9%  H=7.9%  C=24.8%  O=30.5%
2026-05-07 19:48:48,064 - INFO - Ep-1 Step51: Reward=8.0901
2026-05-07 19:48:48,064 - INFO - Eval 51: Reward=8.0901  State=[2.5, 5.5, 6.5, 2.5, 7.0, 5.0, 9.0]
2026-05-07 19:49:40,095 - INFO - FLUKA OK: abl_rs_ep-1_step52.inp (52.0s)
2026-05-07 19:49:40,253 - INFO - ustsuw OK â†?/home/marina/caseI/5runrs/run1/abl_rs_ep-1_step52_out_tab.lis (5 cycles, unit 24)
2026-05-07 19:49:40,255 - INFO - Ep-1 Step52: HCNO: N=47.3%  H=9.0%  C=25.1%  O=18.6%
2026-05-07 19:49:40,255 - INFO - Ep-1 Step52: Reward=19.7268
2026-05-07 19:49:40,255 - INFO - Eval 52: Reward=19.7268  State=[3.5, 6.0, 3.5, 6.5, 3.5, 3.0, 6.0]
2026-05-07 19:50:32,473 - INFO - FLUKA OK: abl_rs_ep-1_step53.inp (52.2s)
2026-05-07 19:50:32,774 - INFO - ustsuw OK â†?/home/marina/caseI/5runrs/run1/abl_rs_ep-1_step53_out_tab.lis (5 cycles, unit 24)
2026-05-07 19:50:32,775 - INFO - Ep-1 Step53: HCNO: N=23.0%  H=8.0%  C=24.3%  O=44.7%
2026-05-07 19:50:32,775 - INFO - Ep-1 Step53: Reward=14.4123
2026-05-07 19:50:32,775 - INFO - Eval 53: Reward=14.4123  State=[6.0, 6.0, 5.5, 4.5, 5.0, 7.0, 5.0]
2026-05-07 19:51:28,740 - INFO - FLUKA OK: abl_rs_ep-1_step54.inp (56.0s)
2026-05-07 19:51:28,847 - INFO - ustsuw OK â†?/home/marina/caseI/5runrs/run1/abl_rs_ep-1_step54_out_tab.lis (5 cycles, unit 24)
2026-05-07 19:51:28,849 - INFO - Ep-1 Step54: HCNO: N=44.2%  H=5.0%  C=21.6%  O=29.2%
2026-05-07 19:51:28,849 - INFO - Ep-1 Step54: Reward=26.6862
2026-05-07 19:51:28,850 - INFO - Eval 54: Reward=26.6862  State=[6.0, 6.5, 3.5, 7.0, 2.5, 3.5, 1.5]
2026-05-07 19:52:25,347 - INFO - FLUKA OK: abl_rs_ep-1_step55.inp (56.5s)
2026-05-07 19:52:26,472 - INFO - ustsuw OK â†?/home/marina/caseI/5runrs/run1/abl_rs_ep-1_step55_out_tab.lis (5 cycles, unit 24)
2026-05-07 19:52:26,476 - INFO - Ep-1 Step55: HCNO: N=29.9%  H=12.1%  C=24.2%  O=33.8%
2026-05-07 19:52:26,476 - INFO - Ep-1 Step55: Reward=16.8449
2026-05-07 19:52:26,476 - INFO - Eval 55: Reward=16.8449  State=[2.5, 4.0, 7.5, 6.0, 2.5, 3.0, 5.5]
2026-05-07 19:53:20,431 - INFO - FLUKA OK: abl_rs_ep-1_step56.inp (54.0s)
2026-05-07 19:53:20,585 - INFO - ustsuw OK â†?/home/marina/caseI/5runrs/run1/abl_rs_ep-1_step56_out_tab.lis (5 cycles, unit 24)
2026-05-07 19:53:20,613 - INFO - Ep-1 Step56: HCNO: N=35.2%  H=10.0%  C=27.5%  O=27.4%
2026-05-07 19:53:20,613 - INFO - Ep-1 Step56: Reward=26.0309
2026-05-07 19:53:20,613 - INFO - Eval 56: Reward=26.0309  State=[2.5, 8.0, 6.0, 5.0, 6.0, 4.0, 3.5]
2026-05-07 19:54:15,101 - INFO - FLUKA OK: abl_rs_ep-1_step57.inp (54.5s)
2026-05-07 19:54:15,147 - INFO - ustsuw OK â†?/home/marina/caseI/5runrs/run1/abl_rs_ep-1_step57_out_tab.lis (5 cycles, unit 24)
2026-05-07 19:54:15,148 - INFO - Ep-1 Step57: HCNO: N=39.3%  H=7.3%  C=24.2%  O=29.2%
2026-05-07 19:54:15,148 - INFO - Ep-1 Step57: Reward=19.5145
2026-05-07 19:54:15,151 - INFO - Eval 57: Reward=19.5145  State=[2.0, 5.5, 3.0, 4.0, 2.5, 8.0, 8.0]
2026-05-07 19:55:04,416 - INFO - FLUKA OK: abl_rs_ep-1_step58.inp (49.3s)
2026-05-07 19:55:04,621 - INFO - ustsuw OK â†?/home/marina/caseI/5runrs/run1/abl_rs_ep-1_step58_out_tab.lis (5 cycles, unit 24)
2026-05-07 19:55:04,681 - INFO - Ep-1 Step58: HCNO: N=30.3%  H=11.8%  C=26.8%  O=31.1%
2026-05-07 19:55:04,681 - INFO - Ep-1 Step58: Reward=19.5404
2026-05-07 19:55:04,682 - INFO - Eval 58: Reward=19.5404  State=[6.5, 4.0, 5.0, 6.0, 3.5, 4.5, 2.5]
2026-05-07 19:55:54,467 - INFO - FLUKA OK: abl_rs_ep-1_step59.inp (49.8s)
2026-05-07 19:55:54,544 - INFO - ustsuw OK â†?/home/marina/caseI/5runrs/run1/abl_rs_ep-1_step59_out_tab.lis (5 cycles, unit 24)
2026-05-07 19:55:54,545 - INFO - Ep-1 Step59: HCNO: N=37.3%  H=6.4%  C=24.4%  O=31.9%
2026-05-07 19:55:54,545 - INFO - Ep-1 Step59: Reward=13.1045
2026-05-07 19:55:54,545 - INFO - Eval 59: Reward=13.1045  State=[8.0, 6.5, 7.5, 8.0, 2.0, 6.0, 5.5]
2026-05-07 19:56:45,048 - INFO - FLUKA OK: abl_rs_ep-1_step60.inp (50.5s)
2026-05-07 19:56:45,073 - WARNING - prefix 'abl_rs_ep-1_step60' unit 24: expected 5 cycle files, found 10: ['abl_rs_ep-1_step60001_fort.24', 'abl_rs_ep-1_step60002_fort.24', 'abl_rs_ep-1_step60003_fort.24', 'abl_rs_ep-1_step60004_fort.24', 'abl_rs_ep-1_step60005_fort.24', 'abl_rs_ep-1_step6001_fort.24', 'abl_rs_ep-1_step6002_fort.24', 'abl_rs_ep-1_step6003_fort.24', 'abl_rs_ep-1_step6004_fort.24', 'abl_rs_ep-1_step6005_fort.24']
2026-05-07 19:56:45,228 - INFO - ustsuw OK â†?/home/marina/caseI/5runrs/run1/abl_rs_ep-1_step60_out_tab.lis (10 cycles, unit 24)
2026-05-07 19:56:45,229 - INFO - Ep-1 Step60: HCNO: N=38.8%  H=9.5%  C=21.0%  O=30.7%
2026-05-07 19:56:45,229 - INFO - Ep-1 Step60: Reward=30.0685
2026-05-07 19:56:45,229 - INFO - Eval 60: Reward=30.0685  State=[5.0, 3.5, 3.0, 6.0, 5.5, 6.0, 2.0]
2026-05-07 19:57:35,182 - INFO - FLUKA OK: abl_rs_ep-1_step61.inp (50.0s)
2026-05-07 19:57:35,194 - INFO - ustsuw OK â†?/home/marina/caseI/5runrs/run1/abl_rs_ep-1_step61_out_tab.lis (5 cycles, unit 24)
2026-05-07 19:57:35,197 - INFO - Ep-1 Step61: HCNO: N=41.4%  H=6.1%  C=28.7%  O=23.9%
2026-05-07 19:57:35,197 - INFO - Ep-1 Step61: Reward=25.4862
2026-05-07 19:57:35,197 - INFO - Eval 61: Reward=25.4862  State=[3.5, 8.0, 2.5, 5.5, 5.0, 7.5, 7.5]
2026-05-07 19:58:25,762 - INFO - FLUKA OK: abl_rs_ep-1_step62.inp (50.6s)
2026-05-07 19:58:26,461 - INFO - ustsuw OK â†?/home/marina/caseI/5runrs/run1/abl_rs_ep-1_step62_out_tab.lis (5 cycles, unit 24)
2026-05-07 19:58:26,560 - INFO - Ep-1 Step62: HCNO: N=35.2%  H=8.0%  C=27.3%  O=29.5%
2026-05-07 19:58:26,560 - INFO - Ep-1 Step62: Reward=16.4457
2026-05-07 19:58:26,560 - INFO - Eval 62: Reward=16.4457  State=[4.5, 6.5, 6.0, 4.5, 2.0, 4.0, 8.5]
2026-05-07 19:59:19,611 - INFO - FLUKA OK: abl_rs_ep-1_step63.inp (53.0s)
2026-05-07 19:59:20,660 - INFO - ustsuw OK â†?/home/marina/caseI/5runrs/run1/abl_rs_ep-1_step63_out_tab.lis (5 cycles, unit 24)
2026-05-07 19:59:20,661 - INFO - Ep-1 Step63: HCNO: N=39.9%  H=9.8%  C=25.5%  O=24.8%
2026-05-07 19:59:20,661 - INFO - Ep-1 Step63: Reward=14.3261
2026-05-07 19:59:20,661 - INFO - Eval 63: Reward=14.3261  State=[5.0, 6.5, 5.5, 4.5, 5.5, 6.0, 4.0]
2026-05-07 20:00:13,603 - INFO - FLUKA OK: abl_rs_ep-1_step64.inp (52.9s)
2026-05-07 20:00:13,933 - INFO - ustsuw OK â†?/home/marina/caseI/5runrs/run1/abl_rs_ep-1_step64_out_tab.lis (5 cycles, unit 24)
2026-05-07 20:00:13,935 - INFO - Ep-1 Step64: HCNO: N=41.5%  H=12.3%  C=25.9%  O=20.3%
2026-05-07 20:00:13,935 - INFO - Ep-1 Step64: Reward=31.8493
2026-05-07 20:00:13,935 - INFO - Eval 64: Reward=31.8493  State=[4.5, 5.0, 2.5, 2.5, 8.0, 5.0, 8.5]
2026-05-07 20:01:03,530 - INFO - FLUKA OK: abl_rs_ep-1_step65.inp (49.6s)
2026-05-07 20:01:03,565 - INFO - ustsuw OK â†?/home/marina/caseI/5runrs/run1/abl_rs_ep-1_step65_out_tab.lis (5 cycles, unit 24)
2026-05-07 20:01:03,567 - INFO - Ep-1 Step65: HCNO: N=34.3%  H=8.9%  C=18.9%  O=37.9%
2026-05-07 20:01:03,567 - INFO - Ep-1 Step65: Reward=15.8071
2026-05-07 20:01:03,567 - INFO - Eval 65: Reward=15.8071  State=[5.0, 4.5, 5.5, 7.0, 6.5, 6.5, 8.5]
2026-05-07 20:01:52,752 - INFO - FLUKA OK: abl_rs_ep-1_step66.inp (49.2s)
2026-05-07 20:01:52,912 - INFO - ustsuw OK â†?/home/marina/caseI/5runrs/run1/abl_rs_ep-1_step66_out_tab.lis (5 cycles, unit 24)
2026-05-07 20:01:52,916 - INFO - Ep-1 Step66: HCNO: N=38.1%  H=8.8%  C=27.1%  O=26.1%
2026-05-07 20:01:52,916 - INFO - Ep-1 Step66: Reward=19.3176
2026-05-07 20:01:52,916 - INFO - Eval 66: Reward=19.3176  State=[7.0, 7.5, 3.0, 5.5, 7.0, 4.0, 1.0]
2026-05-07 20:02:42,851 - INFO - FLUKA OK: abl_rs_ep-1_step67.inp (49.9s)
2026-05-07 20:02:42,942 - INFO - ustsuw OK â†?/home/marina/caseI/5runrs/run1/abl_rs_ep-1_step67_out_tab.lis (5 cycles, unit 24)
2026-05-07 20:02:42,945 - INFO - Ep-1 Step67: HCNO: N=26.1%  H=3.1%  C=20.5%  O=50.2%
2026-05-07 20:02:42,945 - INFO - Ep-1 Step67: Reward=11.2897
2026-05-07 20:02:42,945 - INFO - Eval 67: Reward=11.2897  State=[8.0, 5.0, 6.5, 8.0, 4.5, 6.0, 5.5]
2026-05-07 20:03:39,408 - INFO - FLUKA OK: abl_rs_ep-1_step68.inp (56.5s)
2026-05-07 20:03:39,443 - INFO - ustsuw OK â†?/home/marina/caseI/5runrs/run1/abl_rs_ep-1_step68_out_tab.lis (5 cycles, unit 24)
2026-05-07 20:03:39,460 - INFO - Ep-1 Step68: HCNO: N=30.0%  H=8.2%  C=27.9%  O=33.9%
2026-05-07 20:03:39,460 - INFO - Ep-1 Step68: Reward=13.0869
2026-05-07 20:03:39,460 - INFO - Eval 68: Reward=13.0869  State=[6.5, 7.5, 5.5, 5.0, 5.0, 6.5, 8.0]
2026-05-07 20:04:33,522 - INFO - FLUKA OK: abl_rs_ep-1_step69.inp (54.1s)
2026-05-07 20:04:33,634 - INFO - ustsuw OK â†?/home/marina/caseI/5runrs/run1/abl_rs_ep-1_step69_out_tab.lis (5 cycles, unit 24)
2026-05-07 20:04:33,635 - INFO - Ep-1 Step69: HCNO: N=29.5%  H=6.4%  C=33.5%  O=30.5%
2026-05-07 20:04:33,635 - INFO - Ep-1 Step69: Reward=14.2611
2026-05-07 20:04:33,635 - INFO - Eval 69: Reward=14.2611  State=[8.0, 5.0, 6.0, 7.5, 2.5, 4.5, 5.5]
2026-05-07 20:05:24,202 - INFO - FLUKA OK: abl_rs_ep-1_step70.inp (50.6s)
2026-05-07 20:05:24,225 - WARNING - prefix 'abl_rs_ep-1_step70' unit 24: expected 5 cycle files, found 10: ['abl_rs_ep-1_step70001_fort.24', 'abl_rs_ep-1_step70002_fort.24', 'abl_rs_ep-1_step70003_fort.24', 'abl_rs_ep-1_step70004_fort.24', 'abl_rs_ep-1_step70005_fort.24', 'abl_rs_ep-1_step7001_fort.24', 'abl_rs_ep-1_step7002_fort.24', 'abl_rs_ep-1_step7003_fort.24', 'abl_rs_ep-1_step7004_fort.24', 'abl_rs_ep-1_step7005_fort.24']
2026-05-07 20:05:24,423 - INFO - ustsuw OK â†?/home/marina/caseI/5runrs/run1/abl_rs_ep-1_step70_out_tab.lis (10 cycles, unit 24)
2026-05-07 20:05:24,446 - INFO - Ep-1 Step70: HCNO: N=35.2%  H=7.3%  C=27.1%  O=30.4%
2026-05-07 20:05:24,446 - INFO - Ep-1 Step70: Reward=26.3592
2026-05-07 20:05:24,446 - INFO - Eval 70: Reward=26.3592  State=[6.0, 6.5, 3.5, 2.5, 3.0, 5.0, 3.0]
2026-05-07 20:06:20,791 - INFO - FLUKA OK: abl_rs_ep-1_step71.inp (56.3s)
2026-05-07 20:06:20,860 - INFO - ustsuw OK â†?/home/marina/caseI/5runrs/run1/abl_rs_ep-1_step71_out_tab.lis (5 cycles, unit 24)
2026-05-07 20:06:20,870 - INFO - Ep-1 Step71: HCNO: N=48.9%  H=8.1%  C=13.8%  O=29.2%
2026-05-07 20:06:20,870 - INFO - Ep-1 Step71: Reward=14.4599
2026-05-07 20:06:20,870 - INFO - Eval 71: Reward=14.4599  State=[6.5, 2.5, 6.0, 5.0, 3.0, 6.5, 7.0]
2026-05-07 20:07:16,484 - INFO - FLUKA OK: abl_rs_ep-1_step72.inp (55.6s)
2026-05-07 20:07:16,570 - INFO - ustsuw OK â†?/home/marina/caseI/5runrs/run1/abl_rs_ep-1_step72_out_tab.lis (5 cycles, unit 24)
2026-05-07 20:07:16,573 - INFO - Ep-1 Step72: HCNO: N=35.2%  H=9.5%  C=23.9%  O=31.4%
2026-05-07 20:07:16,573 - INFO - Ep-1 Step72: Reward=26.4449
2026-05-07 20:07:16,573 - INFO - Eval 72: Reward=26.4449  State=[4.0, 4.5, 6.0, 6.0, 3.0, 3.0, 1.0]
2026-05-07 20:08:11,899 - INFO - FLUKA OK: abl_rs_ep-1_step73.inp (55.3s)
2026-05-07 20:08:11,972 - INFO - ustsuw OK â†?/home/marina/caseI/5runrs/run1/abl_rs_ep-1_step73_out_tab.lis (5 cycles, unit 24)
2026-05-07 20:08:11,985 - INFO - Ep-1 Step73: HCNO: N=31.5%  H=3.4%  C=35.4%  O=29.6%
2026-05-07 20:08:11,985 - INFO - Ep-1 Step73: Reward=14.1305
2026-05-07 20:08:11,985 - INFO - Eval 73: Reward=14.1305  State=[6.0, 7.0, 3.5, 5.5, 5.0, 5.5, 4.5]
2026-05-07 20:09:02,519 - INFO - FLUKA OK: abl_rs_ep-1_step74.inp (50.5s)
2026-05-07 20:09:02,823 - INFO - ustsuw OK â†?/home/marina/caseI/5runrs/run1/abl_rs_ep-1_step74_out_tab.lis (5 cycles, unit 24)
2026-05-07 20:09:02,823 - INFO - Ep-1 Step74: HCNO: N=33.7%  H=10.2%  C=28.5%  O=27.6%
2026-05-07 20:09:02,823 - INFO - Ep-1 Step74: Reward=18.5612
2026-05-07 20:09:02,823 - INFO - Eval 74: Reward=18.5612  State=[7.0, 6.0, 5.0, 5.0, 5.0, 4.0, 7.0]
2026-05-07 20:10:01,102 - INFO - FLUKA OK: abl_rs_ep-1_step75.inp (58.0s)
2026-05-07 20:10:01,161 - INFO - ustsuw OK â†?/home/marina/caseI/5runrs/run1/abl_rs_ep-1_step75_out_tab.lis (5 cycles, unit 24)
2026-05-07 20:10:01,165 - INFO - Ep-1 Step75: HCNO: N=42.1%  H=6.9%  C=25.4%  O=25.6%
2026-05-07 20:10:01,165 - INFO - Ep-1 Step75: Reward=22.1978
2026-05-07 20:10:01,165 - INFO - Eval 75: Reward=22.1978  State=[3.5, 6.0, 6.0, 4.5, 2.5, 4.5, 7.5]
2026-05-07 20:10:54,036 - INFO - FLUKA OK: abl_rs_ep-1_step76.inp (52.9s)
2026-05-07 20:10:54,089 - INFO - ustsuw OK â†?/home/marina/caseI/5runrs/run1/abl_rs_ep-1_step76_out_tab.lis (5 cycles, unit 24)
2026-05-07 20:10:54,091 - INFO - Ep-1 Step76: HCNO: N=37.3%  H=4.1%  C=25.2%  O=33.4%
2026-05-07 20:10:54,091 - INFO - Ep-1 Step76: Reward=10.5582
2026-05-07 20:10:54,091 - INFO - Eval 76: Reward=10.5582  State=[6.5, 6.5, 5.0, 5.5, 6.0, 7.0, 9.5]
2026-05-07 20:11:47,504 - INFO - FLUKA OK: abl_rs_ep-1_step77.inp (53.4s)
2026-05-07 20:11:47,733 - INFO - ustsuw OK â†?/home/marina/caseI/5runrs/run1/abl_rs_ep-1_step77_out_tab.lis (5 cycles, unit 24)
2026-05-07 20:11:47,736 - INFO - Ep-1 Step77: HCNO: N=37.9%  H=6.7%  C=21.5%  O=33.9%
2026-05-07 20:11:47,736 - INFO - Ep-1 Step77: Reward=29.1461
2026-05-07 20:11:47,736 - INFO - Eval 77: Reward=29.1461  State=[4.0, 6.0, 3.5, 6.0, 6.5, 6.0, 6.0]
2026-05-07 20:12:44,391 - INFO - FLUKA OK: abl_rs_ep-1_step78.inp (56.7s)
2026-05-07 20:12:45,857 - INFO - ustsuw OK â†?/home/marina/caseI/5runrs/run1/abl_rs_ep-1_step78_out_tab.lis (5 cycles, unit 24)
2026-05-07 20:12:45,918 - INFO - Ep-1 Step78: HCNO: N=29.1%  H=11.4%  C=16.6%  O=42.8%
2026-05-07 20:12:45,919 - INFO - Ep-1 Step78: Reward=22.8801
2026-05-07 20:12:45,919 - INFO - Eval 78: Reward=22.8801  State=[6.0, 4.5, 3.5, 6.5, 4.0, 3.5, 6.0]
2026-05-07 20:13:51,424 - INFO - FLUKA OK: abl_rs_ep-1_step79.inp (65.5s)
2026-05-07 20:13:51,545 - INFO - ustsuw OK â†?/home/marina/caseI/5runrs/run1/abl_rs_ep-1_step79_out_tab.lis (5 cycles, unit 24)
2026-05-07 20:13:51,578 - INFO - Ep-1 Step79: HCNO: N=42.5%  H=6.4%  C=22.3%  O=28.8%
2026-05-07 20:13:51,578 - INFO - Ep-1 Step79: Reward=17.7578
2026-05-07 20:13:51,578 - INFO - Eval 79: Reward=17.7578  State=[3.0, 2.0, 7.0, 3.0, 5.0, 6.0, 4.0]
2026-05-07 20:14:43,544 - INFO - FLUKA OK: abl_rs_ep-1_step80.inp (51.9s)
2026-05-07 20:14:43,559 - WARNING - prefix 'abl_rs_ep-1_step80' unit 24: expected 5 cycle files, found 10: ['abl_rs_ep-1_step80001_fort.24', 'abl_rs_ep-1_step80002_fort.24', 'abl_rs_ep-1_step80003_fort.24', 'abl_rs_ep-1_step80004_fort.24', 'abl_rs_ep-1_step80005_fort.24', 'abl_rs_ep-1_step8001_fort.24', 'abl_rs_ep-1_step8002_fort.24', 'abl_rs_ep-1_step8003_fort.24', 'abl_rs_ep-1_step8004_fort.24', 'abl_rs_ep-1_step8005_fort.24']
2026-05-07 20:14:43,730 - INFO - ustsuw OK â†?/home/marina/caseI/5runrs/run1/abl_rs_ep-1_step80_out_tab.lis (10 cycles, unit 24)
2026-05-07 20:14:43,769 - INFO - Ep-1 Step80: HCNO: N=40.2%  H=6.9%  C=22.4%  O=30.5%
2026-05-07 20:14:43,769 - INFO - Ep-1 Step80: Reward=33.5099
2026-05-07 20:14:43,769 - INFO - Eval 80: Reward=33.5099  State=[3.0, 4.5, 6.0, 3.0, 6.0, 6.5, 9.0]
2026-05-07 20:15:37,492 - INFO - FLUKA OK: abl_rs_ep-1_step81.inp (53.7s)
2026-05-07 20:15:37,536 - INFO - ustsuw OK â†?/home/marina/caseI/5runrs/run1/abl_rs_ep-1_step81_out_tab.lis (5 cycles, unit 24)
2026-05-07 20:15:37,537 - INFO - Ep-1 Step81: HCNO: N=31.7%  H=12.4%  C=20.4%  O=35.5%
2026-05-07 20:15:37,537 - INFO - Ep-1 Step81: Reward=21.6992
2026-05-07 20:15:37,537 - INFO - Eval 81: Reward=21.6992  State=[7.0, 3.0, 6.5, 7.0, 7.5, 4.0, 6.0]
2026-05-07 20:16:37,312 - INFO - FLUKA OK: abl_rs_ep-1_step82.inp (59.8s)
2026-05-07 20:16:37,516 - INFO - ustsuw OK â†?/home/marina/caseI/5runrs/run1/abl_rs_ep-1_step82_out_tab.lis (5 cycles, unit 24)
2026-05-07 20:16:37,519 - INFO - Ep-1 Step82: HCNO: N=51.3%  H=10.2%  C=17.8%  O=20.8%
2026-05-07 20:16:37,519 - INFO - Ep-1 Step82: Reward=17.3472
2026-05-07 20:16:37,519 - INFO - Eval 82: Reward=17.3472  State=[2.0, 2.0, 2.5, 5.0, 6.5, 6.5, 6.0]
2026-05-07 20:17:31,293 - INFO - FLUKA OK: abl_rs_ep-1_step83.inp (53.8s)
2026-05-07 20:17:31,357 - INFO - ustsuw OK â†?/home/marina/caseI/5runrs/run1/abl_rs_ep-1_step83_out_tab.lis (5 cycles, unit 24)
2026-05-07 20:17:31,360 - INFO - Ep-1 Step83: HCNO: N=30.5%  H=13.1%  C=19.6%  O=36.8%
2026-05-07 20:17:31,360 - INFO - Ep-1 Step83: Reward=21.9935
2026-05-07 20:17:31,360 - INFO - Eval 83: Reward=21.9935  State=[8.0, 6.0, 4.5, 5.5, 2.0, 3.0, 8.5]
2026-05-07 20:18:25,966 - INFO - FLUKA OK: abl_rs_ep-1_step84.inp (54.6s)
2026-05-07 20:18:26,013 - INFO - ustsuw OK â†?/home/marina/caseI/5runrs/run1/abl_rs_ep-1_step84_out_tab.lis (5 cycles, unit 24)
2026-05-07 20:18:26,014 - INFO - Ep-1 Step84: HCNO: N=37.1%  H=11.5%  C=24.3%  O=27.1%
2026-05-07 20:18:26,014 - INFO - Ep-1 Step84: Reward=22.7662
2026-05-07 20:18:26,014 - INFO - Eval 84: Reward=22.7662  State=[7.5, 3.0, 3.0, 7.5, 3.5, 5.0, 4.0]
2026-05-07 20:19:26,818 - INFO - FLUKA OK: abl_rs_ep-1_step85.inp (60.8s)
2026-05-07 20:19:26,871 - INFO - ustsuw OK â†?/home/marina/caseI/5runrs/run1/abl_rs_ep-1_step85_out_tab.lis (5 cycles, unit 24)
2026-05-07 20:19:26,901 - INFO - Ep-1 Step85: HCNO: N=36.1%  H=10.5%  C=26.3%  O=27.1%
2026-05-07 20:19:26,902 - INFO - Ep-1 Step85: Reward=15.7581
2026-05-07 20:19:26,902 - INFO - Eval 85: Reward=15.7581  State=[3.0, 8.0, 4.5, 2.0, 6.5, 7.5, 9.0]
2026-05-07 20:20:22,066 - INFO - FLUKA OK: abl_rs_ep-1_step86.inp (55.2s)
2026-05-07 20:20:22,366 - INFO - ustsuw OK â†?/home/marina/caseI/5runrs/run1/abl_rs_ep-1_step86_out_tab.lis (5 cycles, unit 24)
2026-05-07 20:20:22,380 - INFO - Ep-1 Step86: HCNO: N=38.9%  H=8.4%  C=19.3%  O=33.5%
2026-05-07 20:20:22,380 - INFO - Ep-1 Step86: Reward=12.6938
2026-05-07 20:20:22,380 - INFO - Eval 86: Reward=12.6938  State=[3.0, 5.5, 6.0, 4.5, 6.5, 6.0, 7.0]
2026-05-07 20:21:19,154 - INFO - FLUKA OK: abl_rs_ep-1_step87.inp (56.8s)
2026-05-07 20:21:19,311 - INFO - ustsuw OK â†?/home/marina/caseI/5runrs/run1/abl_rs_ep-1_step87_out_tab.lis (5 cycles, unit 24)
2026-05-07 20:21:19,312 - INFO - Ep-1 Step87: HCNO: N=37.9%  H=8.0%  C=26.8%  O=27.3%
2026-05-07 20:21:19,312 - INFO - Ep-1 Step87: Reward=24.1099
2026-05-07 20:21:19,313 - INFO - Eval 87: Reward=24.1099  State=[5.5, 3.5, 3.5, 4.0, 2.0, 3.0, 6.5]
2026-05-07 20:22:16,468 - INFO - FLUKA OK: abl_rs_ep-1_step88.inp (57.2s)
2026-05-07 20:22:16,529 - INFO - ustsuw OK â†?/home/marina/caseI/5runrs/run1/abl_rs_ep-1_step88_out_tab.lis (5 cycles, unit 24)
2026-05-07 20:22:16,555 - INFO - Ep-1 Step88: HCNO: N=44.7%  H=8.6%  C=21.3%  O=25.4%
2026-05-07 20:22:16,555 - INFO - Ep-1 Step88: Reward=26.9302
2026-05-07 20:22:16,555 - INFO - Eval 88: Reward=26.9302  State=[5.5, 2.5, 5.0, 2.5, 3.5, 5.5, 2.0]
2026-05-07 20:23:11,625 - INFO - FLUKA OK: abl_rs_ep-1_step89.inp (55.1s)
2026-05-07 20:23:11,728 - INFO - ustsuw OK â†?/home/marina/caseI/5runrs/run1/abl_rs_ep-1_step89_out_tab.lis (5 cycles, unit 24)
2026-05-07 20:23:11,729 - INFO - Ep-1 Step89: HCNO: N=40.2%  H=18.3%  C=21.3%  O=20.3%
2026-05-07 20:23:11,729 - INFO - Ep-1 Step89: Reward=19.7312
2026-05-07 20:23:11,729 - INFO - Eval 89: Reward=19.7312  State=[6.0, 6.5, 6.0, 4.5, 7.5, 4.5, 3.0]
2026-05-07 20:23:59,917 - INFO - FLUKA OK: abl_rs_ep-1_step90.inp (48.2s)
2026-05-07 20:23:59,934 - WARNING - prefix 'abl_rs_ep-1_step90' unit 24: expected 5 cycle files, found 10: ['abl_rs_ep-1_step90001_fort.24', 'abl_rs_ep-1_step90002_fort.24', 'abl_rs_ep-1_step90003_fort.24', 'abl_rs_ep-1_step90004_fort.24', 'abl_rs_ep-1_step90005_fort.24', 'abl_rs_ep-1_step9001_fort.24', 'abl_rs_ep-1_step9002_fort.24', 'abl_rs_ep-1_step9003_fort.24', 'abl_rs_ep-1_step9004_fort.24', 'abl_rs_ep-1_step9005_fort.24']
2026-05-07 20:24:00,029 - INFO - ustsuw OK â†?/home/marina/caseI/5runrs/run1/abl_rs_ep-1_step90_out_tab.lis (10 cycles, unit 24)
2026-05-07 20:24:00,050 - INFO - Ep-1 Step90: HCNO: N=34.5%  H=11.7%  C=25.1%  O=28.7%
2026-05-07 20:24:00,050 - INFO - Ep-1 Step90: Reward=29.3264
2026-05-07 20:24:00,050 - INFO - Eval 90: Reward=29.3264  State=[4.0, 7.5, 3.5, 4.5, 2.0, 6.0, 8.5]
2026-05-07 20:24:53,077 - INFO - FLUKA OK: abl_rs_ep-1_step91.inp (53.0s)
2026-05-07 20:24:53,216 - INFO - ustsuw OK â†?/home/marina/caseI/5runrs/run1/abl_rs_ep-1_step91_out_tab.lis (5 cycles, unit 24)
2026-05-07 20:24:53,217 - INFO - Ep-1 Step91: HCNO: N=37.7%  H=9.4%  C=30.9%  O=22.0%
2026-05-07 20:24:53,217 - INFO - Ep-1 Step91: Reward=13.4141
2026-05-07 20:24:53,218 - INFO - Eval 91: Reward=13.4141  State=[5.5, 2.5, 8.0, 7.0, 6.5, 2.5, 6.5]
2026-05-07 20:25:46,286 - INFO - FLUKA OK: abl_rs_ep-1_step92.inp (53.1s)
2026-05-07 20:25:46,375 - INFO - ustsuw OK â†?/home/marina/caseI/5runrs/run1/abl_rs_ep-1_step92_out_tab.lis (5 cycles, unit 24)
2026-05-07 20:25:46,376 - INFO - Ep-1 Step92: HCNO: N=41.0%  H=15.9%  C=20.4%  O=22.7%
2026-05-07 20:25:46,378 - INFO - Ep-1 Step92: Reward=18.6137
2026-05-07 20:25:46,378 - INFO - Eval 92: Reward=18.6137  State=[6.0, 4.5, 4.0, 5.0, 6.0, 6.0, 2.5]
2026-05-07 20:26:41,329 - INFO - FLUKA OK: abl_rs_ep-1_step93.inp (55.0s)
2026-05-07 20:26:41,361 - INFO - ustsuw OK â†?/home/marina/caseI/5runrs/run1/abl_rs_ep-1_step93_out_tab.lis (5 cycles, unit 24)
2026-05-07 20:26:41,363 - INFO - Ep-1 Step93: HCNO: N=32.2%  H=10.3%  C=34.0%  O=23.6%
2026-05-07 20:26:41,363 - INFO - Ep-1 Step93: Reward=13.4478
2026-05-07 20:26:41,365 - INFO - Eval 93: Reward=13.4478  State=[7.5, 4.0, 2.5, 6.5, 4.5, 6.0, 7.5]
2026-05-07 20:27:37,195 - INFO - FLUKA OK: abl_rs_ep-1_step94.inp (55.8s)
2026-05-07 20:27:37,275 - INFO - ustsuw OK â†?/home/marina/caseI/5runrs/run1/abl_rs_ep-1_step94_out_tab.lis (5 cycles, unit 24)
2026-05-07 20:27:37,276 - INFO - Ep-1 Step94: HCNO: N=40.9%  H=8.7%  C=23.9%  O=26.5%
2026-05-07 20:27:37,276 - INFO - Ep-1 Step94: Reward=21.2750
2026-05-07 20:27:37,279 - INFO - Eval 94: Reward=21.2750  State=[5.0, 7.0, 6.0, 4.0, 6.0, 6.0, 5.0]
2026-05-07 20:28:31,645 - INFO - FLUKA OK: abl_rs_ep-1_step95.inp (54.4s)
2026-05-07 20:28:31,817 - INFO - ustsuw OK â†?/home/marina/caseI/5runrs/run1/abl_rs_ep-1_step95_out_tab.lis (5 cycles, unit 24)
2026-05-07 20:28:31,820 - INFO - Ep-1 Step95: HCNO: N=45.3%  H=9.5%  C=18.8%  O=26.4%
2026-05-07 20:28:31,820 - INFO - Ep-1 Step95: Reward=23.3339
2026-05-07 20:28:31,820 - INFO - Eval 95: Reward=23.3339  State=[3.5, 6.0, 4.5, 7.0, 4.0, 3.5, 4.5]
2026-05-07 20:29:30,298 - INFO - FLUKA OK: abl_rs_ep-1_step96.inp (58.5s)
2026-05-07 20:29:30,470 - INFO - ustsuw OK â†?/home/marina/caseI/5runrs/run1/abl_rs_ep-1_step96_out_tab.lis (5 cycles, unit 24)
2026-05-07 20:29:30,752 - INFO - Ep-1 Step96: HCNO: N=25.1%  H=8.2%  C=31.5%  O=35.1%
2026-05-07 20:29:30,752 - INFO - Ep-1 Step96: Reward=10.4298
2026-05-07 20:29:30,752 - INFO - Eval 96: Reward=10.4298  State=[2.0, 5.0, 7.5, 6.0, 5.0, 7.5, 4.0]
2026-05-07 20:30:25,687 - INFO - FLUKA OK: abl_rs_ep-1_step97.inp (54.9s)
2026-05-07 20:30:25,863 - INFO - ustsuw OK â†?/home/marina/caseI/5runrs/run1/abl_rs_ep-1_step97_out_tab.lis (5 cycles, unit 24)
2026-05-07 20:30:25,864 - INFO - Ep-1 Step97: HCNO: N=45.0%  H=8.4%  C=26.8%  O=19.9%
2026-05-07 20:30:25,864 - INFO - Ep-1 Step97: Reward=19.8244
2026-05-07 20:30:25,864 - INFO - Eval 97: Reward=19.8244  State=[6.5, 7.5, 4.0, 3.0, 5.0, 6.0, 2.5]
2026-05-07 20:31:18,445 - INFO - FLUKA OK: abl_rs_ep-1_step98.inp (52.6s)
2026-05-07 20:31:18,608 - INFO - ustsuw OK â†?/home/marina/caseI/5runrs/run1/abl_rs_ep-1_step98_out_tab.lis (5 cycles, unit 24)
2026-05-07 20:31:18,612 - INFO - Ep-1 Step98: HCNO: N=30.0%  H=11.6%  C=28.8%  O=29.6%
2026-05-07 20:31:18,612 - INFO - Ep-1 Step98: Reward=31.3644
2026-05-07 20:31:18,612 - INFO - Eval 98: Reward=31.3644  State=[4.0, 3.5, 5.0, 5.0, 2.0, 4.0, 8.0]
2026-05-07 20:32:16,505 - INFO - FLUKA OK: abl_rs_ep-1_step99.inp (57.9s)
2026-05-07 20:32:16,566 - INFO - ustsuw OK â†?/home/marina/caseI/5runrs/run1/abl_rs_ep-1_step99_out_tab.lis (5 cycles, unit 24)
2026-05-07 20:32:16,594 - INFO - Ep-1 Step99: HCNO: N=34.0%  H=17.6%  C=25.5%  O=22.8%
2026-05-07 20:32:16,594 - INFO - Ep-1 Step99: Reward=17.6039
2026-05-07 20:32:16,594 - INFO - Eval 99: Reward=17.6039  State=[5.0, 3.5, 6.5, 7.0, 2.5, 6.0, 8.5]
2026-05-07 20:33:11,910 - INFO - FLUKA OK: abl_rs_ep-1_step100.inp (55.3s)
2026-05-07 20:33:12,015 - WARNING - prefix 'abl_rs_ep-1_step100' unit 24: expected 5 cycle files, found 15: ['abl_rs_ep-1_step100001_fort.24', 'abl_rs_ep-1_step100002_fort.24', 'abl_rs_ep-1_step100003_fort.24', 'abl_rs_ep-1_step100004_fort.24', 'abl_rs_ep-1_step100005_fort.24', 'abl_rs_ep-1_step10001_fort.24', 'abl_rs_ep-1_step10002_fort.24', 'abl_rs_ep-1_step10003_fort.24', 'abl_rs_ep-1_step10004_fort.24', 'abl_rs_ep-1_step10005_fort.24', 'abl_rs_ep-1_step1001_fort.24', 'abl_rs_ep-1_step1002_fort.24', 'abl_rs_ep-1_step1003_fort.24', 'abl_rs_ep-1_step1004_fort.24', 'abl_rs_ep-1_step1005_fort.24']
2026-05-07 20:33:12,403 - INFO - ustsuw OK â†?/home/marina/caseI/5runrs/run1/abl_rs_ep-1_step100_out_tab.lis (15 cycles, unit 24)
2026-05-07 20:33:12,427 - INFO - Ep-1 Step100: HCNO: N=40.2%  H=7.3%  C=26.2%  O=26.3%
2026-05-07 20:33:12,427 - INFO - Ep-1 Step100: Reward=29.2565
2026-05-07 20:33:12,427 - INFO - Eval 100: Reward=29.2565  State=[5.0, 6.5, 3.0, 4.5, 3.5, 3.5, 8.5]

