2026-05-07 19:08:23,240 - INFO - FLUKA OK: abl_rs_ep-1_step1.inp (38.2s)
2026-05-07 19:08:23,243 - INFO - ustsuw OK â†?/home/marina/caseI/5runrs/run5/abl_rs_ep-1_step1_out_tab.lis (5 cycles, unit 24)
2026-05-07 19:08:23,244 - INFO - Ep-1 Step1: HCNO: N=44.9%  H=5.1%  C=27.1%  O=22.8%
2026-05-07 19:08:23,244 - INFO - Ep-1 Step1: Reward=19.0186
2026-05-07 19:08:23,245 - INFO - Eval 1: Reward=19.0186  State=[4.5, 4.5, 8.0, 5.5, 6.0, 6.0, 4.0]
2026-05-07 19:08:23,245 - INFO - New Best: 19.0186 at eval 1
2026-05-07 19:09:00,654 - INFO - FLUKA OK: abl_rs_ep-1_step2.inp (37.4s)
2026-05-07 19:09:00,658 - INFO - ustsuw OK â†?/home/marina/caseI/5runrs/run5/abl_rs_ep-1_step2_out_tab.lis (5 cycles, unit 24)
2026-05-07 19:09:00,658 - INFO - Ep-1 Step2: HCNO: N=41.3%  H=7.6%  C=25.6%  O=25.5%
2026-05-07 19:09:00,658 - INFO - Ep-1 Step2: Reward=19.6508
2026-05-07 19:09:00,658 - INFO - Eval 2: Reward=19.6508  State=[7.0, 3.5, 2.5, 2.5, 7.0, 7.5, 2.5]
2026-05-07 19:09:00,658 - INFO - New Best: 19.6508 at eval 2
2026-05-07 19:09:48,498 - INFO - FLUKA OK: abl_rs_ep-1_step3.inp (47.8s)
2026-05-07 19:09:48,513 - INFO - ustsuw OK â†?/home/marina/caseI/5runrs/run5/abl_rs_ep-1_step3_out_tab.lis (5 cycles, unit 24)
2026-05-07 19:09:48,513 - INFO - Ep-1 Step3: HCNO: N=33.2%  H=8.2%  C=27.4%  O=31.2%
2026-05-07 19:09:48,513 - INFO - Ep-1 Step3: Reward=10.3277
2026-05-07 19:09:48,513 - INFO - Eval 3: Reward=10.3277  State=[8.0, 3.5, 7.5, 7.5, 5.0, 6.0, 5.5]
2026-05-07 19:10:48,585 - INFO - FLUKA OK: abl_rs_ep-1_step4.inp (60.0s)
2026-05-07 19:10:48,780 - INFO - ustsuw OK â†?/home/marina/caseI/5runrs/run5/abl_rs_ep-1_step4_out_tab.lis (5 cycles, unit 24)
2026-05-07 19:10:48,820 - INFO - Ep-1 Step4: HCNO: N=34.9%  H=2.4%  C=25.1%  O=37.6%
2026-05-07 19:10:48,820 - INFO - Ep-1 Step4: Reward=9.2934
2026-05-07 19:10:48,820 - INFO - Eval 4: Reward=9.2934  State=[7.5, 7.5, 4.0, 6.0, 6.5, 6.0, 3.0]
2026-05-07 19:11:45,646 - INFO - FLUKA OK: abl_rs_ep-1_step5.inp (56.7s)
2026-05-07 19:11:45,650 - INFO - ustsuw OK â†?/home/marina/caseI/5runrs/run5/abl_rs_ep-1_step5_out_tab.lis (5 cycles, unit 24)
2026-05-07 19:11:45,712 - INFO - Ep-1 Step5: HCNO: N=38.8%  H=5.7%  C=24.2%  O=31.3%
2026-05-07 19:11:45,712 - INFO - Ep-1 Step5: Reward=13.0527
2026-05-07 19:11:45,712 - INFO - Eval 5: Reward=13.0527  State=[7.5, 4.5, 5.0, 6.5, 7.0, 2.5, 9.5]
2026-05-07 19:12:41,681 - INFO - FLUKA OK: abl_rs_ep-1_step6.inp (55.8s)
2026-05-07 19:12:41,687 - INFO - ustsuw OK â†?/home/marina/caseI/5runrs/run5/abl_rs_ep-1_step6_out_tab.lis (5 cycles, unit 24)
2026-05-07 19:12:41,774 - INFO - Ep-1 Step6: HCNO: N=46.1%  H=9.4%  C=16.7%  O=27.8%
2026-05-07 19:12:41,774 - INFO - Ep-1 Step6: Reward=20.4351
2026-05-07 19:12:41,774 - INFO - Eval 6: Reward=20.4351  State=[7.5, 7.0, 3.0, 5.0, 6.5, 3.0, 7.5]
2026-05-07 19:12:41,916 - INFO - New Best: 20.4351 at eval 6
2026-05-07 19:13:49,071 - INFO - FLUKA OK: abl_rs_ep-1_step7.inp (67.0s)
2026-05-07 19:13:49,124 - INFO - ustsuw OK â†?/home/marina/caseI/5runrs/run5/abl_rs_ep-1_step7_out_tab.lis (5 cycles, unit 24)
2026-05-07 19:13:49,146 - INFO - Ep-1 Step7: HCNO: N=57.6%  H=8.4%  C=16.6%  O=17.4%
2026-05-07 19:13:49,146 - INFO - Ep-1 Step7: Reward=28.9741
2026-05-07 19:13:49,146 - INFO - Eval 7: Reward=28.9741  State=[5.0, 5.0, 4.0, 2.0, 6.0, 5.0, 3.0]
2026-05-07 19:13:49,146 - INFO - New Best: 28.9741 at eval 7
2026-05-07 19:14:53,793 - INFO - FLUKA OK: abl_rs_ep-1_step8.inp (64.6s)
2026-05-07 19:14:53,798 - INFO - ustsuw OK â†?/home/marina/caseI/5runrs/run5/abl_rs_ep-1_step8_out_tab.lis (5 cycles, unit 24)
2026-05-07 19:14:53,881 - INFO - Ep-1 Step8: HCNO: N=36.8%  H=14.8%  C=18.6%  O=29.8%
2026-05-07 19:14:53,881 - INFO - Ep-1 Step8: Reward=26.6095
2026-05-07 19:14:53,884 - INFO - Eval 8: Reward=26.6095  State=[4.5, 3.0, 5.0, 6.0, 3.5, 6.5, 4.5]
2026-05-07 19:15:59,963 - INFO - FLUKA OK: abl_rs_ep-1_step9.inp (66.0s)
2026-05-07 19:15:59,989 - INFO - ustsuw OK â†?/home/marina/caseI/5runrs/run5/abl_rs_ep-1_step9_out_tab.lis (5 cycles, unit 24)
2026-05-07 19:16:00,041 - INFO - Ep-1 Step9: HCNO: N=42.4%  H=9.8%  C=13.8%  O=34.0%
2026-05-07 19:16:00,041 - INFO - Ep-1 Step9: Reward=21.9302
2026-05-07 19:16:00,041 - INFO - Eval 9: Reward=21.9302  State=[3.0, 4.5, 4.0, 7.5, 6.0, 5.0, 6.0]
2026-05-07 19:16:53,950 - INFO - FLUKA OK: abl_rs_ep-1_step10.inp (53.9s)
2026-05-07 19:16:54,037 - WARNING - prefix 'abl_rs_ep-1_step10' unit 24: expected 5 cycle files, found 10: ['abl_rs_ep-1_step10001_fort.24', 'abl_rs_ep-1_step10002_fort.24', 'abl_rs_ep-1_step10003_fort.24', 'abl_rs_ep-1_step10004_fort.24', 'abl_rs_ep-1_step10005_fort.24', 'abl_rs_ep-1_step1001_fort.24', 'abl_rs_ep-1_step1002_fort.24', 'abl_rs_ep-1_step1003_fort.24', 'abl_rs_ep-1_step1004_fort.24', 'abl_rs_ep-1_step1005_fort.24']
2026-05-07 19:16:54,102 - INFO - ustsuw OK â†?/home/marina/caseI/5runrs/run5/abl_rs_ep-1_step10_out_tab.lis (10 cycles, unit 24)
2026-05-07 19:16:54,102 - INFO - Ep-1 Step10: HCNO: N=43.4%  H=8.4%  C=23.0%  O=25.2%
2026-05-07 19:16:54,102 - INFO - Ep-1 Step10: Reward=26.4186
2026-05-07 19:16:54,102 - INFO - Eval 10: Reward=26.4186  State=[7.0, 3.0, 2.5, 6.0, 3.0, 2.0, 4.0]
2026-05-07 19:17:45,600 - INFO - FLUKA OK: abl_rs_ep-1_step11.inp (51.5s)
2026-05-07 19:17:45,607 - INFO - ustsuw OK â†?/home/marina/caseI/5runrs/run5/abl_rs_ep-1_step11_out_tab.lis (5 cycles, unit 24)
2026-05-07 19:17:45,696 - INFO - Ep-1 Step11: HCNO: N=31.6%  H=8.8%  C=27.7%  O=31.9%
2026-05-07 19:17:45,696 - INFO - Ep-1 Step11: Reward=19.0863
2026-05-07 19:17:45,696 - INFO - Eval 11: Reward=19.0863  State=[7.5, 3.5, 4.0, 6.0, 3.5, 7.0, 7.5]
2026-05-07 19:18:40,009 - INFO - FLUKA OK: abl_rs_ep-1_step12.inp (54.3s)
2026-05-07 19:18:40,061 - INFO - ustsuw OK â†?/home/marina/caseI/5runrs/run5/abl_rs_ep-1_step12_out_tab.lis (5 cycles, unit 24)
2026-05-07 19:18:40,062 - INFO - Ep-1 Step12: HCNO: N=41.5%  H=9.6%  C=24.7%  O=24.1%
2026-05-07 19:18:40,062 - INFO - Ep-1 Step12: Reward=30.5180
2026-05-07 19:18:40,065 - INFO - Eval 12: Reward=30.5180  State=[2.5, 4.0, 4.5, 5.5, 5.0, 5.0, 8.5]
2026-05-07 19:18:40,065 - INFO - New Best: 30.5180 at eval 12
2026-05-07 19:19:25,338 - INFO - FLUKA OK: abl_rs_ep-1_step13.inp (45.2s)
2026-05-07 19:19:25,343 - INFO - ustsuw OK â†?/home/marina/caseI/5runrs/run5/abl_rs_ep-1_step13_out_tab.lis (5 cycles, unit 24)
2026-05-07 19:19:25,359 - INFO - Ep-1 Step13: HCNO: N=44.9%  H=11.5%  C=17.2%  O=26.3%
2026-05-07 19:19:25,359 - INFO - Ep-1 Step13: Reward=22.9639
2026-05-07 19:19:25,359 - INFO - Eval 13: Reward=22.9639  State=[3.0, 8.0, 3.5, 7.0, 5.5, 5.5, 3.0]
2026-05-07 19:20:13,684 - INFO - FLUKA OK: abl_rs_ep-1_step14.inp (48.3s)
2026-05-07 19:20:13,692 - INFO - ustsuw OK â†?/home/marina/caseI/5runrs/run5/abl_rs_ep-1_step14_out_tab.lis (5 cycles, unit 24)
2026-05-07 19:20:13,693 - INFO - Ep-1 Step14: HCNO: N=39.6%  H=14.7%  C=17.0%  O=28.7%
2026-05-07 19:20:13,693 - INFO - Ep-1 Step14: Reward=22.2652
2026-05-07 19:20:13,693 - INFO - Eval 14: Reward=22.2652  State=[7.5, 3.5, 5.5, 2.5, 5.0, 5.0, 4.5]
2026-05-07 19:20:56,055 - INFO - FLUKA OK: abl_rs_ep-1_step15.inp (42.3s)
2026-05-07 19:20:56,224 - INFO - ustsuw OK â†?/home/marina/caseI/5runrs/run5/abl_rs_ep-1_step15_out_tab.lis (5 cycles, unit 24)
2026-05-07 19:20:56,225 - INFO - Ep-1 Step15: HCNO: N=37.0%  H=12.9%  C=25.1%  O=25.0%
2026-05-07 19:20:56,225 - INFO - Ep-1 Step15: Reward=16.6220
2026-05-07 19:20:56,225 - INFO - Eval 15: Reward=16.6220  State=[2.0, 3.0, 5.0, 7.5, 8.0, 4.0, 2.5]
2026-05-07 19:21:32,227 - INFO - FLUKA OK: abl_rs_ep-1_step16.inp (36.0s)
2026-05-07 19:21:32,243 - INFO - ustsuw OK â†?/home/marina/caseI/5runrs/run5/abl_rs_ep-1_step16_out_tab.lis (5 cycles, unit 24)
2026-05-07 19:21:32,301 - INFO - Ep-1 Step16: HCNO: N=33.0%  H=10.1%  C=19.3%  O=37.6%
2026-05-07 19:21:32,301 - INFO - Ep-1 Step16: Reward=15.3697
2026-05-07 19:21:32,301 - INFO - Eval 16: Reward=15.3697  State=[4.0, 4.0, 5.5, 7.0, 7.0, 4.0, 9.5]
2026-05-07 19:22:08,774 - INFO - FLUKA OK: abl_rs_ep-1_step17.inp (36.5s)
2026-05-07 19:22:08,856 - INFO - ustsuw OK â†?/home/marina/caseI/5runrs/run5/abl_rs_ep-1_step17_out_tab.lis (5 cycles, unit 24)
2026-05-07 19:22:08,889 - INFO - Ep-1 Step17: HCNO: N=33.6%  H=10.1%  C=28.2%  O=28.0%
2026-05-07 19:22:08,889 - INFO - Ep-1 Step17: Reward=17.9213
2026-05-07 19:22:08,889 - INFO - Eval 17: Reward=17.9213  State=[2.5, 7.5, 4.5, 6.5, 2.0, 7.5, 4.5]
2026-05-07 19:22:44,875 - INFO - FLUKA OK: abl_rs_ep-1_step18.inp (36.0s)
2026-05-07 19:22:44,962 - INFO - ustsuw OK â†?/home/marina/caseI/5runrs/run5/abl_rs_ep-1_step18_out_tab.lis (5 cycles, unit 24)
2026-05-07 19:22:44,963 - INFO - Ep-1 Step18: HCNO: N=39.8%  H=8.7%  C=24.7%  O=26.8%
2026-05-07 19:22:44,963 - INFO - Ep-1 Step18: Reward=21.9837
2026-05-07 19:22:44,963 - INFO - Eval 18: Reward=21.9837  State=[8.0, 3.0, 4.0, 6.0, 5.5, 6.0, 2.5]
2026-05-07 19:23:20,488 - INFO - FLUKA OK: abl_rs_ep-1_step19.inp (35.5s)
2026-05-07 19:23:20,503 - INFO - ustsuw OK â†?/home/marina/caseI/5runrs/run5/abl_rs_ep-1_step19_out_tab.lis (5 cycles, unit 24)
2026-05-07 19:23:20,504 - INFO - Ep-1 Step19: HCNO: N=29.4%  H=7.2%  C=23.3%  O=40.1%
2026-05-07 19:23:20,504 - INFO - Ep-1 Step19: Reward=13.1586
2026-05-07 19:23:20,504 - INFO - Eval 19: Reward=13.1586  State=[7.5, 5.5, 7.5, 5.5, 6.5, 6.0, 1.0]
2026-05-07 19:23:56,579 - INFO - FLUKA OK: abl_rs_ep-1_step20.inp (36.1s)
2026-05-07 19:23:56,580 - WARNING - prefix 'abl_rs_ep-1_step20' unit 24: expected 5 cycle files, found 10: ['abl_rs_ep-1_step20001_fort.24', 'abl_rs_ep-1_step20002_fort.24', 'abl_rs_ep-1_step20003_fort.24', 'abl_rs_ep-1_step20004_fort.24', 'abl_rs_ep-1_step20005_fort.24', 'abl_rs_ep-1_step2001_fort.24', 'abl_rs_ep-1_step2002_fort.24', 'abl_rs_ep-1_step2003_fort.24', 'abl_rs_ep-1_step2004_fort.24', 'abl_rs_ep-1_step2005_fort.24']
2026-05-07 19:23:56,709 - INFO - ustsuw OK â†?/home/marina/caseI/5runrs/run5/abl_rs_ep-1_step20_out_tab.lis (10 cycles, unit 24)
2026-05-07 19:23:56,767 - INFO - Ep-1 Step20: HCNO: N=35.8%  H=7.6%  C=27.6%  O=29.1%
2026-05-07 19:23:56,767 - INFO - Ep-1 Step20: Reward=28.4748
2026-05-07 19:23:56,767 - INFO - Eval 20: Reward=28.4748  State=[6.5, 5.5, 4.5, 5.5, 6.0, 2.5, 8.0]
2026-05-07 19:24:42,489 - INFO - FLUKA OK: abl_rs_ep-1_step21.inp (45.7s)
2026-05-07 19:24:42,544 - INFO - ustsuw OK â†?/home/marina/caseI/5runrs/run5/abl_rs_ep-1_step21_out_tab.lis (5 cycles, unit 24)
2026-05-07 19:24:42,564 - INFO - Ep-1 Step21: HCNO: N=38.0%  H=7.3%  C=26.0%  O=28.7%
2026-05-07 19:24:42,564 - INFO - Ep-1 Step21: Reward=22.1095
2026-05-07 19:24:42,564 - INFO - Eval 21: Reward=22.1095  State=[5.0, 4.5, 2.5, 4.0, 2.5, 6.0, 9.0]
2026-05-07 19:25:30,452 - INFO - FLUKA OK: abl_rs_ep-1_step22.inp (47.9s)
2026-05-07 19:25:30,506 - INFO - ustsuw OK â†?/home/marina/caseI/5runrs/run5/abl_rs_ep-1_step22_out_tab.lis (5 cycles, unit 24)
2026-05-07 19:25:30,527 - INFO - Ep-1 Step22: HCNO: N=49.6%  H=2.9%  C=20.4%  O=27.1%
2026-05-07 19:25:30,527 - INFO - Ep-1 Step22: Reward=11.2856
2026-05-07 19:25:30,527 - INFO - Eval 22: Reward=11.2856  State=[7.5, 6.0, 4.5, 5.5, 8.0, 3.0, 7.0]
2026-05-07 19:26:30,304 - INFO - FLUKA OK: abl_rs_ep-1_step23.inp (59.8s)
2026-05-07 19:26:30,458 - INFO - ustsuw OK â†?/home/marina/caseI/5runrs/run5/abl_rs_ep-1_step23_out_tab.lis (5 cycles, unit 24)
2026-05-07 19:26:30,517 - INFO - Ep-1 Step23: HCNO: N=48.4%  H=10.9%  C=13.3%  O=27.4%
2026-05-07 19:26:30,517 - INFO - Ep-1 Step23: Reward=26.4372
2026-05-07 19:26:30,517 - INFO - Eval 23: Reward=26.4372  State=[4.5, 3.5, 7.5, 3.0, 5.5, 4.0, 5.5]
2026-05-07 19:27:18,942 - INFO - FLUKA OK: abl_rs_ep-1_step24.inp (48.4s)
2026-05-07 19:27:18,956 - INFO - ustsuw OK â†?/home/marina/caseI/5runrs/run5/abl_rs_ep-1_step24_out_tab.lis (5 cycles, unit 24)
2026-05-07 19:27:18,956 - INFO - Ep-1 Step24: HCNO: N=34.1%  H=4.4%  C=25.3%  O=36.2%
2026-05-07 19:27:18,956 - INFO - Ep-1 Step24: Reward=15.5674
2026-05-07 19:27:18,957 - INFO - Eval 24: Reward=15.5674  State=[8.0, 5.0, 4.5, 2.0, 3.5, 6.5, 5.5]
2026-05-07 19:28:08,644 - INFO - FLUKA OK: abl_rs_ep-1_step25.inp (49.7s)
2026-05-07 19:28:08,667 - INFO - ustsuw OK â†?/home/marina/caseI/5runrs/run5/abl_rs_ep-1_step25_out_tab.lis (5 cycles, unit 24)
2026-05-07 19:28:08,682 - INFO - Ep-1 Step25: HCNO: N=35.6%  H=10.5%  C=22.8%  O=31.1%
2026-05-07 19:28:08,682 - INFO - Ep-1 Step25: Reward=15.5977
2026-05-07 19:28:08,682 - INFO - Eval 25: Reward=15.5977  State=[4.5, 3.5, 6.0, 6.5, 4.0, 7.0, 7.5]
2026-05-07 19:28:59,726 - INFO - FLUKA OK: abl_rs_ep-1_step26.inp (51.0s)
2026-05-07 19:28:59,780 - INFO - ustsuw OK â†?/home/marina/caseI/5runrs/run5/abl_rs_ep-1_step26_out_tab.lis (5 cycles, unit 24)
2026-05-07 19:28:59,780 - INFO - Ep-1 Step26: HCNO: N=52.7%  H=8.6%  C=19.8%  O=19.0%
2026-05-07 19:28:59,780 - INFO - Ep-1 Step26: Reward=7.7947
2026-05-07 19:28:59,780 - INFO - Eval 26: Reward=7.7947  State=[4.0, 7.5, 3.0, 6.5, 2.5, 6.5, 4.0]
2026-05-07 19:29:53,882 - INFO - FLUKA OK: abl_rs_ep-1_step27.inp (54.1s)
2026-05-07 19:29:53,938 - INFO - ustsuw OK â†?/home/marina/caseI/5runrs/run5/abl_rs_ep-1_step27_out_tab.lis (5 cycles, unit 24)
2026-05-07 19:29:53,978 - INFO - Ep-1 Step27: HCNO: N=42.4%  H=2.5%  C=29.5%  O=25.6%
2026-05-07 19:29:53,978 - INFO - Ep-1 Step27: Reward=14.2974
2026-05-07 19:29:53,978 - INFO - Eval 27: Reward=14.2974  State=[3.0, 6.0, 2.5, 5.0, 4.0, 5.5, 5.0]
2026-05-07 19:30:44,255 - INFO - FLUKA OK: abl_rs_ep-1_step28.inp (50.3s)
2026-05-07 19:30:44,304 - INFO - ustsuw OK â†?/home/marina/caseI/5runrs/run5/abl_rs_ep-1_step28_out_tab.lis (5 cycles, unit 24)
2026-05-07 19:30:44,315 - INFO - Ep-1 Step28: HCNO: N=42.6%  H=8.6%  C=23.7%  O=25.1%
2026-05-07 19:30:44,316 - INFO - Ep-1 Step28: Reward=17.2733
2026-05-07 19:30:44,316 - INFO - Eval 28: Reward=17.2733  State=[6.5, 6.0, 6.0, 2.5, 2.5, 6.5, 6.5]
2026-05-07 19:31:35,391 - INFO - FLUKA OK: abl_rs_ep-1_step29.inp (51.1s)
2026-05-07 19:31:35,421 - INFO - ustsuw OK â†?/home/marina/caseI/5runrs/run5/abl_rs_ep-1_step29_out_tab.lis (5 cycles, unit 24)
2026-05-07 19:31:35,422 - INFO - Ep-1 Step29: HCNO: N=34.6%  H=7.8%  C=27.4%  O=30.2%
2026-05-07 19:31:35,422 - INFO - Ep-1 Step29: Reward=18.8425
2026-05-07 19:31:35,424 - INFO - Eval 29: Reward=18.8425  State=[7.0, 4.0, 6.5, 2.5, 7.0, 2.0, 2.0]
2026-05-07 19:32:27,094 - INFO - FLUKA OK: abl_rs_ep-1_step30.inp (51.7s)
2026-05-07 19:32:27,103 - WARNING - prefix 'abl_rs_ep-1_step30' unit 24: expected 5 cycle files, found 10: ['abl_rs_ep-1_step30001_fort.24', 'abl_rs_ep-1_step30002_fort.24', 'abl_rs_ep-1_step30003_fort.24', 'abl_rs_ep-1_step30004_fort.24', 'abl_rs_ep-1_step30005_fort.24', 'abl_rs_ep-1_step3001_fort.24', 'abl_rs_ep-1_step3002_fort.24', 'abl_rs_ep-1_step3003_fort.24', 'abl_rs_ep-1_step3004_fort.24', 'abl_rs_ep-1_step3005_fort.24']
2026-05-07 19:32:27,165 - INFO - ustsuw OK â†?/home/marina/caseI/5runrs/run5/abl_rs_ep-1_step30_out_tab.lis (10 cycles, unit 24)
2026-05-07 19:32:27,180 - INFO - Ep-1 Step30: HCNO: N=33.9%  H=9.2%  C=28.9%  O=28.0%
2026-05-07 19:32:27,180 - INFO - Ep-1 Step30: Reward=21.9285
2026-05-07 19:32:27,180 - INFO - Eval 30: Reward=21.9285  State=[6.5, 7.0, 2.5, 3.0, 3.0, 2.5, 7.0]
2026-05-07 19:33:05,451 - INFO - FLUKA OK: abl_rs_ep-1_step31.inp (38.3s)
2026-05-07 19:33:05,752 - INFO - ustsuw OK â†?/home/marina/caseI/5runrs/run5/abl_rs_ep-1_step31_out_tab.lis (5 cycles, unit 24)
2026-05-07 19:33:05,755 - INFO - Ep-1 Step31: HCNO: N=46.0%  H=9.3%  C=23.3%  O=21.3%
2026-05-07 19:33:05,755 - INFO - Ep-1 Step31: Reward=9.3737
2026-05-07 19:33:05,755 - INFO - Eval 31: Reward=9.3737  State=[7.0, 2.0, 4.5, 7.5, 7.5, 7.5, 4.5]
2026-05-07 19:33:40,925 - INFO - FLUKA OK: abl_rs_ep-1_step32.inp (35.2s)
2026-05-07 19:33:40,929 - INFO - ustsuw OK â†?/home/marina/caseI/5runrs/run5/abl_rs_ep-1_step32_out_tab.lis (5 cycles, unit 24)
2026-05-07 19:33:40,929 - INFO - Ep-1 Step32: HCNO: N=42.2%  H=5.9%  C=27.6%  O=24.3%
2026-05-07 19:33:40,929 - INFO - Ep-1 Step32: Reward=12.6354
2026-05-07 19:33:40,930 - INFO - Eval 32: Reward=12.6354  State=[8.0, 3.5, 7.5, 2.5, 7.5, 7.0, 4.0]
2026-05-07 19:34:27,625 - INFO - FLUKA OK: abl_rs_ep-1_step33.inp (46.7s)
2026-05-07 19:34:27,676 - INFO - ustsuw OK â†?/home/marina/caseI/5runrs/run5/abl_rs_ep-1_step33_out_tab.lis (5 cycles, unit 24)
2026-05-07 19:34:27,679 - INFO - Ep-1 Step33: HCNO: N=27.6%  H=14.4%  C=26.5%  O=31.6%
2026-05-07 19:34:27,679 - INFO - Ep-1 Step33: Reward=22.7892
2026-05-07 19:34:27,679 - INFO - Eval 33: Reward=22.7892  State=[7.0, 4.5, 4.5, 6.0, 7.5, 6.0, 1.5]
2026-05-07 19:35:25,374 - INFO - FLUKA OK: abl_rs_ep-1_step34.inp (57.7s)
2026-05-07 19:35:25,382 - INFO - ustsuw OK â†?/home/marina/caseI/5runrs/run5/abl_rs_ep-1_step34_out_tab.lis (5 cycles, unit 24)
2026-05-07 19:35:25,608 - INFO - Ep-1 Step34: HCNO: N=48.6%  H=10.2%  C=19.5%  O=21.7%
2026-05-07 19:35:25,608 - INFO - Ep-1 Step34: Reward=33.2376
2026-05-07 19:35:25,608 - INFO - Eval 34: Reward=33.2376  State=[4.0, 3.5, 2.5, 3.5, 5.5, 6.0, 3.0]
2026-05-07 19:35:25,672 - INFO - New Best: 33.2376 at eval 34
2026-05-07 19:36:16,419 - INFO - FLUKA OK: abl_rs_ep-1_step35.inp (50.7s)
2026-05-07 19:36:16,444 - INFO - ustsuw OK â†?/home/marina/caseI/5runrs/run5/abl_rs_ep-1_step35_out_tab.lis (5 cycles, unit 24)
2026-05-07 19:36:16,469 - INFO - Ep-1 Step35: HCNO: N=34.5%  H=8.1%  C=16.1%  O=41.4%
2026-05-07 19:36:16,469 - INFO - Ep-1 Step35: Reward=14.2059
2026-05-07 19:36:16,471 - INFO - Eval 35: Reward=14.2059  State=[7.0, 4.0, 2.5, 4.0, 3.0, 5.0, 9.0]
2026-05-07 19:37:07,232 - INFO - FLUKA OK: abl_rs_ep-1_step36.inp (50.8s)
2026-05-07 19:37:07,408 - INFO - ustsuw OK â†?/home/marina/caseI/5runrs/run5/abl_rs_ep-1_step36_out_tab.lis (5 cycles, unit 24)
2026-05-07 19:37:07,411 - INFO - Ep-1 Step36: HCNO: N=32.3%  H=15.4%  C=19.3%  O=33.0%
2026-05-07 19:37:07,411 - INFO - Ep-1 Step36: Reward=25.1579
2026-05-07 19:37:07,411 - INFO - Eval 36: Reward=25.1579  State=[6.5, 2.5, 3.0, 6.5, 8.0, 6.0, 2.5]
2026-05-07 19:37:56,336 - INFO - FLUKA OK: abl_rs_ep-1_step37.inp (48.9s)
2026-05-07 19:37:56,357 - INFO - ustsuw OK â†?/home/marina/caseI/5runrs/run5/abl_rs_ep-1_step37_out_tab.lis (5 cycles, unit 24)
2026-05-07 19:37:56,368 - INFO - Ep-1 Step37: HCNO: N=34.0%  H=4.8%  C=19.9%  O=41.3%
2026-05-07 19:37:56,368 - INFO - Ep-1 Step37: Reward=13.3227
2026-05-07 19:37:56,368 - INFO - Eval 37: Reward=13.3227  State=[6.5, 5.5, 6.5, 8.0, 3.0, 2.5, 8.0]
2026-05-07 19:38:46,765 - INFO - FLUKA OK: abl_rs_ep-1_step38.inp (50.4s)
2026-05-07 19:38:46,807 - INFO - ustsuw OK â†?/home/marina/caseI/5runrs/run5/abl_rs_ep-1_step38_out_tab.lis (5 cycles, unit 24)
2026-05-07 19:38:46,807 - INFO - Ep-1 Step38: HCNO: N=40.7%  H=11.8%  C=15.0%  O=32.4%
2026-05-07 19:38:46,807 - INFO - Ep-1 Step38: Reward=13.8517
2026-05-07 19:38:46,807 - INFO - Eval 38: Reward=13.8517  State=[6.0, 3.0, 5.0, 8.0, 4.5, 3.0, 7.0]
2026-05-07 19:39:41,732 - INFO - FLUKA OK: abl_rs_ep-1_step39.inp (54.9s)
2026-05-07 19:39:41,769 - INFO - ustsuw OK â†?/home/marina/caseI/5runrs/run5/abl_rs_ep-1_step39_out_tab.lis (5 cycles, unit 24)
2026-05-07 19:39:41,769 - INFO - Ep-1 Step39: HCNO: N=40.4%  H=11.9%  C=23.3%  O=24.4%
2026-05-07 19:39:41,769 - INFO - Ep-1 Step39: Reward=25.6324
2026-05-07 19:39:41,770 - INFO - Eval 39: Reward=25.6324  State=[2.5, 4.0, 4.0, 7.5, 3.0, 7.0, 4.5]
2026-05-07 19:40:29,312 - INFO - FLUKA OK: abl_rs_ep-1_step40.inp (47.5s)
2026-05-07 19:40:29,357 - WARNING - prefix 'abl_rs_ep-1_step40' unit 24: expected 5 cycle files, found 10: ['abl_rs_ep-1_step40001_fort.24', 'abl_rs_ep-1_step40002_fort.24', 'abl_rs_ep-1_step40003_fort.24', 'abl_rs_ep-1_step40004_fort.24', 'abl_rs_ep-1_step40005_fort.24', 'abl_rs_ep-1_step4001_fort.24', 'abl_rs_ep-1_step4002_fort.24', 'abl_rs_ep-1_step4003_fort.24', 'abl_rs_ep-1_step4004_fort.24', 'abl_rs_ep-1_step4005_fort.24']
2026-05-07 19:40:29,424 - INFO - ustsuw OK â†?/home/marina/caseI/5runrs/run5/abl_rs_ep-1_step40_out_tab.lis (10 cycles, unit 24)
2026-05-07 19:40:29,456 - INFO - Ep-1 Step40: HCNO: N=38.9%  H=6.7%  C=17.1%  O=37.2%
2026-05-07 19:40:29,456 - INFO - Ep-1 Step40: Reward=24.8441
2026-05-07 19:40:29,456 - INFO - Eval 40: Reward=24.8441  State=[5.5, 4.0, 5.5, 2.5, 2.5, 5.5, 1.5]
2026-05-07 19:41:19,235 - INFO - FLUKA OK: abl_rs_ep-1_step41.inp (49.8s)
2026-05-07 19:41:19,265 - INFO - ustsuw OK â†?/home/marina/caseI/5runrs/run5/abl_rs_ep-1_step41_out_tab.lis (5 cycles, unit 24)
2026-05-07 19:41:19,265 - INFO - Ep-1 Step41: HCNO: N=41.5%  H=9.5%  C=16.7%  O=32.3%
2026-05-07 19:41:19,265 - INFO - Ep-1 Step41: Reward=30.3863
2026-05-07 19:41:19,266 - INFO - Eval 41: Reward=30.3863  State=[2.5, 6.5, 4.0, 2.5, 7.5, 2.5, 2.5]
2026-05-07 19:42:13,433 - INFO - FLUKA OK: abl_rs_ep-1_step42.inp (54.2s)
2026-05-07 19:42:13,473 - INFO - ustsuw OK â†?/home/marina/caseI/5runrs/run5/abl_rs_ep-1_step42_out_tab.lis (5 cycles, unit 24)
2026-05-07 19:42:13,474 - INFO - Ep-1 Step42: HCNO: N=39.7%  H=12.7%  C=27.8%  O=19.9%
2026-05-07 19:42:13,474 - INFO - Ep-1 Step42: Reward=22.8548
2026-05-07 19:42:13,474 - INFO - Eval 42: Reward=22.8548  State=[4.0, 6.0, 2.0, 3.5, 6.5, 5.5, 5.5]
2026-05-07 19:43:03,583 - INFO - FLUKA OK: abl_rs_ep-1_step43.inp (50.0s)
2026-05-07 19:43:03,632 - INFO - ustsuw OK â†?/home/marina/caseI/5runrs/run5/abl_rs_ep-1_step43_out_tab.lis (5 cycles, unit 24)
2026-05-07 19:43:03,655 - INFO - Ep-1 Step43: HCNO: N=33.6%  H=5.9%  C=37.1%  O=23.4%
2026-05-07 19:43:03,655 - INFO - Ep-1 Step43: Reward=19.7017
2026-05-07 19:43:03,655 - INFO - Eval 43: Reward=19.7017  State=[2.5, 8.0, 2.0, 6.5, 3.5, 3.0, 9.0]
2026-05-07 19:43:55,097 - INFO - FLUKA OK: abl_rs_ep-1_step44.inp (51.4s)
2026-05-07 19:43:55,133 - INFO - ustsuw OK â†?/home/marina/caseI/5runrs/run5/abl_rs_ep-1_step44_out_tab.lis (5 cycles, unit 24)
2026-05-07 19:43:55,145 - INFO - Ep-1 Step44: HCNO: N=43.6%  H=9.3%  C=25.6%  O=21.6%
2026-05-07 19:43:55,145 - INFO - Ep-1 Step44: Reward=21.8148
2026-05-07 19:43:55,145 - INFO - Eval 44: Reward=21.8148  State=[4.5, 4.0, 4.5, 7.5, 6.0, 4.5, 4.0]
2026-05-07 19:44:45,262 - INFO - FLUKA OK: abl_rs_ep-1_step45.inp (50.1s)
2026-05-07 19:44:45,300 - INFO - ustsuw OK â†?/home/marina/caseI/5runrs/run5/abl_rs_ep-1_step45_out_tab.lis (5 cycles, unit 24)
2026-05-07 19:44:45,301 - INFO - Ep-1 Step45: HCNO: N=48.6%  H=7.2%  C=20.2%  O=24.0%
2026-05-07 19:44:45,301 - INFO - Ep-1 Step45: Reward=22.1145
2026-05-07 19:44:45,303 - INFO - Eval 45: Reward=22.1145  State=[3.5, 2.5, 5.0, 4.5, 6.5, 5.5, 10.0]
2026-05-07 19:45:37,080 - INFO - FLUKA OK: abl_rs_ep-1_step46.inp (51.8s)
2026-05-07 19:45:37,113 - INFO - ustsuw OK â†?/home/marina/caseI/5runrs/run5/abl_rs_ep-1_step46_out_tab.lis (5 cycles, unit 24)
2026-05-07 19:45:37,113 - INFO - Ep-1 Step46: HCNO: N=38.0%  H=13.8%  C=23.0%  O=25.2%
2026-05-07 19:45:37,113 - INFO - Ep-1 Step46: Reward=28.4358
2026-05-07 19:45:37,113 - INFO - Eval 46: Reward=28.4358  State=[2.5, 7.0, 5.0, 3.5, 4.5, 3.0, 7.5]
2026-05-07 19:46:28,342 - INFO - FLUKA OK: abl_rs_ep-1_step47.inp (51.2s)
2026-05-07 19:46:28,379 - INFO - ustsuw OK â†?/home/marina/caseI/5runrs/run5/abl_rs_ep-1_step47_out_tab.lis (5 cycles, unit 24)
2026-05-07 19:46:28,379 - INFO - Ep-1 Step47: HCNO: N=36.4%  H=17.4%  C=21.9%  O=24.4%
2026-05-07 19:46:28,379 - INFO - Ep-1 Step47: Reward=23.4579
2026-05-07 19:46:28,379 - INFO - Eval 47: Reward=23.4579  State=[3.0, 4.5, 6.5, 3.0, 4.0, 5.5, 2.0]
2026-05-07 19:47:24,494 - INFO - FLUKA OK: abl_rs_ep-1_step48.inp (56.1s)
2026-05-07 19:47:24,705 - INFO - ustsuw OK â†?/home/marina/caseI/5runrs/run5/abl_rs_ep-1_step48_out_tab.lis (5 cycles, unit 24)
2026-05-07 19:47:24,707 - INFO - Ep-1 Step48: HCNO: N=55.9%  H=12.3%  C=15.4%  O=16.4%
2026-05-07 19:47:24,707 - INFO - Ep-1 Step48: Reward=19.7423
2026-05-07 19:47:24,707 - INFO - Eval 48: Reward=19.7423  State=[5.5, 4.0, 4.0, 7.5, 2.5, 5.5, 6.5]
2026-05-07 19:48:20,284 - INFO - FLUKA OK: abl_rs_ep-1_step49.inp (55.6s)
2026-05-07 19:48:20,368 - INFO - ustsuw OK â†?/home/marina/caseI/5runrs/run5/abl_rs_ep-1_step49_out_tab.lis (5 cycles, unit 24)
2026-05-07 19:48:20,382 - INFO - Ep-1 Step49: HCNO: N=30.6%  H=8.2%  C=31.1%  O=30.1%
2026-05-07 19:48:20,382 - INFO - Ep-1 Step49: Reward=10.8767
2026-05-07 19:48:20,382 - INFO - Eval 49: Reward=10.8767  State=[4.5, 6.0, 4.5, 3.5, 8.0, 8.0, 1.0]
2026-05-07 19:49:15,055 - INFO - FLUKA OK: abl_rs_ep-1_step50.inp (54.7s)
2026-05-07 19:49:15,076 - WARNING - prefix 'abl_rs_ep-1_step50' unit 24: expected 5 cycle files, found 10: ['abl_rs_ep-1_step50001_fort.24', 'abl_rs_ep-1_step50002_fort.24', 'abl_rs_ep-1_step50003_fort.24', 'abl_rs_ep-1_step50004_fort.24', 'abl_rs_ep-1_step50005_fort.24', 'abl_rs_ep-1_step5001_fort.24', 'abl_rs_ep-1_step5002_fort.24', 'abl_rs_ep-1_step5003_fort.24', 'abl_rs_ep-1_step5004_fort.24', 'abl_rs_ep-1_step5005_fort.24']
2026-05-07 19:49:15,123 - INFO - ustsuw OK â†?/home/marina/caseI/5runrs/run5/abl_rs_ep-1_step50_out_tab.lis (10 cycles, unit 24)
2026-05-07 19:49:15,128 - INFO - Ep-1 Step50: HCNO: N=33.8%  H=5.8%  C=22.8%  O=37.6%
2026-05-07 19:49:15,129 - INFO - Ep-1 Step50: Reward=22.4036
2026-05-07 19:49:15,129 - INFO - Eval 50: Reward=22.4036  State=[2.0, 7.5, 5.0, 4.5, 5.5, 2.5, 9.5]
2026-05-07 19:50:09,521 - INFO - FLUKA OK: abl_rs_ep-1_step51.inp (54.4s)
2026-05-07 19:50:09,527 - INFO - ustsuw OK â†?/home/marina/caseI/5runrs/run5/abl_rs_ep-1_step51_out_tab.lis (5 cycles, unit 24)
2026-05-07 19:50:09,528 - INFO - Ep-1 Step51: HCNO: N=30.5%  H=9.2%  C=24.1%  O=36.2%
2026-05-07 19:50:09,528 - INFO - Ep-1 Step51: Reward=35.0856
2026-05-07 19:50:09,529 - INFO - Eval 51: Reward=35.0856  State=[3.0, 6.0, 5.5, 3.5, 7.0, 3.0, 2.0]
2026-05-07 19:50:09,529 - INFO - New Best: 35.0856 at eval 51
2026-05-07 19:50:59,180 - INFO - FLUKA OK: abl_rs_ep-1_step52.inp (49.7s)
2026-05-07 19:50:59,349 - INFO - ustsuw OK â†?/home/marina/caseI/5runrs/run5/abl_rs_ep-1_step52_out_tab.lis (5 cycles, unit 24)
2026-05-07 19:50:59,375 - INFO - Ep-1 Step52: HCNO: N=26.7%  H=16.8%  C=28.7%  O=27.8%
2026-05-07 19:50:59,375 - INFO - Ep-1 Step52: Reward=16.2011
2026-05-07 19:50:59,375 - INFO - Eval 52: Reward=16.2011  State=[4.5, 6.5, 7.0, 2.5, 2.5, 5.0, 5.5]
2026-05-07 19:51:52,996 - INFO - FLUKA OK: abl_rs_ep-1_step53.inp (53.6s)
2026-05-07 19:51:53,002 - INFO - ustsuw OK â†?/home/marina/caseI/5runrs/run5/abl_rs_ep-1_step53_out_tab.lis (5 cycles, unit 24)
2026-05-07 19:51:53,004 - INFO - Ep-1 Step53: HCNO: N=40.5%  H=11.2%  C=16.7%  O=31.6%
2026-05-07 19:51:53,004 - INFO - Ep-1 Step53: Reward=34.3236
2026-05-07 19:51:53,004 - INFO - Eval 53: Reward=34.3236  State=[3.0, 7.0, 4.5, 3.0, 2.5, 2.5, 3.0]
2026-05-07 19:52:43,971 - INFO - FLUKA OK: abl_rs_ep-1_step54.inp (51.0s)
2026-05-07 19:52:44,046 - INFO - ustsuw OK â†?/home/marina/caseI/5runrs/run5/abl_rs_ep-1_step54_out_tab.lis (5 cycles, unit 24)
2026-05-07 19:52:44,098 - INFO - Ep-1 Step54: HCNO: N=42.5%  H=5.2%  C=22.6%  O=29.6%
2026-05-07 19:52:44,098 - INFO - Ep-1 Step54: Reward=22.0381
2026-05-07 19:52:44,098 - INFO - Eval 54: Reward=22.0381  State=[7.0, 4.5, 7.5, 5.0, 5.5, 4.5, 7.0]
2026-05-07 19:53:40,074 - INFO - FLUKA OK: abl_rs_ep-1_step55.inp (56.0s)
2026-05-07 19:53:40,108 - INFO - ustsuw OK â†?/home/marina/caseI/5runrs/run5/abl_rs_ep-1_step55_out_tab.lis (5 cycles, unit 24)
2026-05-07 19:53:40,108 - INFO - Ep-1 Step55: HCNO: N=25.3%  H=16.4%  C=28.1%  O=30.2%
2026-05-07 19:53:40,108 - INFO - Ep-1 Step55: Reward=22.6396
2026-05-07 19:53:40,109 - INFO - Eval 55: Reward=22.6396  State=[3.0, 4.5, 6.0, 3.5, 4.5, 5.5, 2.0]
2026-05-07 19:54:35,080 - INFO - FLUKA OK: abl_rs_ep-1_step56.inp (55.0s)
2026-05-07 19:54:35,109 - INFO - ustsuw OK â†?/home/marina/caseI/5runrs/run5/abl_rs_ep-1_step56_out_tab.lis (5 cycles, unit 24)
2026-05-07 19:54:35,128 - INFO - Ep-1 Step56: HCNO: N=41.4%  H=12.4%  C=17.1%  O=29.1%
2026-05-07 19:54:35,128 - INFO - Ep-1 Step56: Reward=19.9921
2026-05-07 19:54:35,129 - INFO - Eval 56: Reward=19.9921  State=[3.0, 6.5, 4.0, 5.5, 7.0, 3.0, 5.5]
2026-05-07 19:55:25,653 - INFO - FLUKA OK: abl_rs_ep-1_step57.inp (50.5s)
2026-05-07 19:55:25,870 - INFO - ustsuw OK â†?/home/marina/caseI/5runrs/run5/abl_rs_ep-1_step57_out_tab.lis (5 cycles, unit 24)
2026-05-07 19:55:25,873 - INFO - Ep-1 Step57: HCNO: N=34.4%  H=10.6%  C=25.8%  O=29.1%
2026-05-07 19:55:25,873 - INFO - Ep-1 Step57: Reward=39.1903
2026-05-07 19:55:25,873 - INFO - Eval 57: Reward=39.1903  State=[2.5, 4.5, 2.0, 4.0, 3.5, 5.0, 1.5]
2026-05-07 19:55:25,909 - INFO - New Best: 39.1903 at eval 57
2026-05-07 19:56:14,128 - INFO - FLUKA OK: abl_rs_ep-1_step58.inp (48.2s)
2026-05-07 19:56:14,175 - INFO - ustsuw OK â†?/home/marina/caseI/5runrs/run5/abl_rs_ep-1_step58_out_tab.lis (5 cycles, unit 24)
2026-05-07 19:56:14,175 - INFO - Ep-1 Step58: HCNO: N=38.3%  H=3.4%  C=28.2%  O=30.1%
2026-05-07 19:56:14,175 - INFO - Ep-1 Step58: Reward=11.7439
2026-05-07 19:56:14,176 - INFO - Eval 58: Reward=11.7439  State=[8.0, 6.5, 7.0, 3.5, 5.0, 6.0, 7.0]
2026-05-07 19:57:03,435 - INFO - FLUKA OK: abl_rs_ep-1_step59.inp (49.3s)
2026-05-07 19:57:03,499 - INFO - ustsuw OK â†?/home/marina/caseI/5runrs/run5/abl_rs_ep-1_step59_out_tab.lis (5 cycles, unit 24)
2026-05-07 19:57:03,523 - INFO - Ep-1 Step59: HCNO: N=22.0%  H=11.3%  C=32.6%  O=34.1%
2026-05-07 19:57:03,523 - INFO - Ep-1 Step59: Reward=19.1854
2026-05-07 19:57:03,523 - INFO - Eval 59: Reward=19.1854  State=[3.5, 4.5, 5.5, 2.5, 8.0, 6.5, 8.0]
2026-05-07 19:57:57,079 - INFO - FLUKA OK: abl_rs_ep-1_step60.inp (53.6s)
2026-05-07 19:57:57,082 - WARNING - prefix 'abl_rs_ep-1_step60' unit 24: expected 5 cycle files, found 10: ['abl_rs_ep-1_step60001_fort.24', 'abl_rs_ep-1_step60002_fort.24', 'abl_rs_ep-1_step60003_fort.24', 'abl_rs_ep-1_step60004_fort.24', 'abl_rs_ep-1_step60005_fort.24', 'abl_rs_ep-1_step6001_fort.24', 'abl_rs_ep-1_step6002_fort.24', 'abl_rs_ep-1_step6003_fort.24', 'abl_rs_ep-1_step6004_fort.24', 'abl_rs_ep-1_step6005_fort.24']
2026-05-07 19:57:57,110 - INFO - ustsuw OK â†?/home/marina/caseI/5runrs/run5/abl_rs_ep-1_step60_out_tab.lis (10 cycles, unit 24)
2026-05-07 19:57:57,110 - INFO - Ep-1 Step60: HCNO: N=40.5%  H=12.5%  C=15.5%  O=31.4%
2026-05-07 19:57:57,110 - INFO - Ep-1 Step60: Reward=26.4336
2026-05-07 19:57:57,111 - INFO - Eval 60: Reward=26.4336  State=[2.5, 5.0, 4.0, 6.0, 3.5, 7.0, 3.5]
2026-05-07 19:58:51,032 - INFO - FLUKA OK: abl_rs_ep-1_step61.inp (53.9s)
2026-05-07 19:58:51,059 - INFO - ustsuw OK â†?/home/marina/caseI/5runrs/run5/abl_rs_ep-1_step61_out_tab.lis (5 cycles, unit 24)
2026-05-07 19:58:51,059 - INFO - Ep-1 Step61: HCNO: N=36.3%  H=10.8%  C=23.3%  O=29.6%
2026-05-07 19:58:51,059 - INFO - Ep-1 Step61: Reward=23.2274
2026-05-07 19:58:51,059 - INFO - Eval 61: Reward=23.2274  State=[2.5, 5.0, 5.0, 7.5, 4.0, 5.5, 7.5]
2026-05-07 19:59:48,563 - INFO - FLUKA OK: abl_rs_ep-1_step62.inp (57.5s)
2026-05-07 19:59:48,594 - INFO - ustsuw OK â†?/home/marina/caseI/5runrs/run5/abl_rs_ep-1_step62_out_tab.lis (5 cycles, unit 24)
2026-05-07 19:59:48,594 - INFO - Ep-1 Step62: HCNO: N=37.1%  H=7.4%  C=27.5%  O=27.9%
2026-05-07 19:59:48,594 - INFO - Ep-1 Step62: Reward=24.1780
2026-05-07 19:59:48,594 - INFO - Eval 62: Reward=24.1780  State=[2.0, 4.5, 3.5, 7.5, 7.0, 4.0, 5.5]
2026-05-07 20:00:43,220 - INFO - FLUKA OK: abl_rs_ep-1_step63.inp (54.6s)
2026-05-07 20:00:43,243 - INFO - ustsuw OK â†?/home/marina/caseI/5runrs/run5/abl_rs_ep-1_step63_out_tab.lis (5 cycles, unit 24)
2026-05-07 20:00:43,247 - INFO - Ep-1 Step63: HCNO: N=41.8%  H=14.8%  C=20.3%  O=23.1%
2026-05-07 20:00:43,247 - INFO - Ep-1 Step63: Reward=19.4488
2026-05-07 20:00:43,247 - INFO - Eval 63: Reward=19.4488  State=[7.0, 2.0, 5.5, 8.0, 5.0, 3.0, 7.5]
2026-05-07 20:01:39,283 - INFO - FLUKA OK: abl_rs_ep-1_step64.inp (56.0s)
2026-05-07 20:01:39,574 - INFO - ustsuw OK â†?/home/marina/caseI/5runrs/run5/abl_rs_ep-1_step64_out_tab.lis (5 cycles, unit 24)
2026-05-07 20:01:39,574 - INFO - Ep-1 Step64: HCNO: N=24.9%  H=4.5%  C=22.3%  O=48.3%
2026-05-07 20:01:39,575 - INFO - Ep-1 Step64: Reward=13.4680
2026-05-07 20:01:39,575 - INFO - Eval 64: Reward=13.4680  State=[4.5, 2.0, 3.5, 5.5, 8.0, 2.5, 9.5]
2026-05-07 20:02:35,746 - INFO - FLUKA OK: abl_rs_ep-1_step65.inp (56.2s)
2026-05-07 20:02:35,778 - INFO - ustsuw OK â†?/home/marina/caseI/5runrs/run5/abl_rs_ep-1_step65_out_tab.lis (5 cycles, unit 24)
2026-05-07 20:02:35,779 - INFO - Ep-1 Step65: HCNO: N=40.4%  H=10.7%  C=20.3%  O=28.6%
2026-05-07 20:02:35,779 - INFO - Ep-1 Step65: Reward=24.1190
2026-05-07 20:02:35,779 - INFO - Eval 65: Reward=24.1190  State=[4.0, 4.5, 7.0, 6.0, 8.0, 6.0, 1.5]
2026-05-07 20:03:28,304 - INFO - FLUKA OK: abl_rs_ep-1_step66.inp (52.5s)
2026-05-07 20:03:28,327 - INFO - ustsuw OK â†?/home/marina/caseI/5runrs/run5/abl_rs_ep-1_step66_out_tab.lis (5 cycles, unit 24)
2026-05-07 20:03:28,335 - INFO - Ep-1 Step66: HCNO: N=39.5%  H=4.5%  C=25.1%  O=30.9%
2026-05-07 20:03:28,335 - INFO - Ep-1 Step66: Reward=11.2167
2026-05-07 20:03:28,335 - INFO - Eval 66: Reward=11.2167  State=[8.0, 5.5, 5.0, 5.0, 2.5, 3.0, 6.5]
2026-05-07 20:04:19,889 - INFO - FLUKA OK: abl_rs_ep-1_step67.inp (51.6s)
2026-05-07 20:04:19,895 - INFO - ustsuw OK â†?/home/marina/caseI/5runrs/run5/abl_rs_ep-1_step67_out_tab.lis (5 cycles, unit 24)
2026-05-07 20:04:19,896 - INFO - Ep-1 Step67: HCNO: N=34.1%  H=4.5%  C=32.4%  O=28.9%
2026-05-07 20:04:19,896 - INFO - Ep-1 Step67: Reward=19.0329
2026-05-07 20:04:19,896 - INFO - Eval 67: Reward=19.0329  State=[3.5, 7.0, 7.0, 3.0, 2.0, 6.0, 4.0]
2026-05-07 20:05:16,581 - INFO - FLUKA OK: abl_rs_ep-1_step68.inp (56.7s)
2026-05-07 20:05:16,610 - INFO - ustsuw OK â†?/home/marina/caseI/5runrs/run5/abl_rs_ep-1_step68_out_tab.lis (5 cycles, unit 24)
2026-05-07 20:05:16,610 - INFO - Ep-1 Step68: HCNO: N=37.5%  H=11.4%  C=21.3%  O=29.7%
2026-05-07 20:05:16,610 - INFO - Ep-1 Step68: Reward=22.5875
2026-05-07 20:05:16,610 - INFO - Eval 68: Reward=22.5875  State=[5.5, 3.5, 2.5, 8.0, 5.0, 6.0, 8.0]
2026-05-07 20:06:06,940 - INFO - FLUKA OK: abl_rs_ep-1_step69.inp (50.3s)
2026-05-07 20:06:06,964 - INFO - ustsuw OK â†?/home/marina/caseI/5runrs/run5/abl_rs_ep-1_step69_out_tab.lis (5 cycles, unit 24)
2026-05-07 20:06:06,964 - INFO - Ep-1 Step69: HCNO: N=36.3%  H=17.0%  C=21.4%  O=25.4%
2026-05-07 20:06:06,964 - INFO - Ep-1 Step69: Reward=23.5856
2026-05-07 20:06:06,964 - INFO - Eval 69: Reward=23.5856  State=[5.5, 5.5, 6.0, 6.5, 3.0, 7.5, 2.5]
2026-05-07 20:07:01,966 - INFO - FLUKA OK: abl_rs_ep-1_step70.inp (55.0s)
2026-05-07 20:07:01,985 - WARNING - prefix 'abl_rs_ep-1_step70' unit 24: expected 5 cycle files, found 10: ['abl_rs_ep-1_step70001_fort.24', 'abl_rs_ep-1_step70002_fort.24', 'abl_rs_ep-1_step70003_fort.24', 'abl_rs_ep-1_step70004_fort.24', 'abl_rs_ep-1_step70005_fort.24', 'abl_rs_ep-1_step7001_fort.24', 'abl_rs_ep-1_step7002_fort.24', 'abl_rs_ep-1_step7003_fort.24', 'abl_rs_ep-1_step7004_fort.24', 'abl_rs_ep-1_step7005_fort.24']
2026-05-07 20:07:02,047 - INFO - ustsuw OK â†?/home/marina/caseI/5runrs/run5/abl_rs_ep-1_step70_out_tab.lis (10 cycles, unit 24)
2026-05-07 20:07:02,066 - INFO - Ep-1 Step70: HCNO: N=47.7%  H=8.5%  C=18.9%  O=24.8%
2026-05-07 20:07:02,066 - INFO - Ep-1 Step70: Reward=31.9336
2026-05-07 20:07:02,067 - INFO - Eval 70: Reward=31.9336  State=[2.5, 5.0, 5.5, 6.0, 4.0, 6.0, 8.5]
2026-05-07 20:07:58,418 - INFO - FLUKA OK: abl_rs_ep-1_step71.inp (56.4s)
2026-05-07 20:07:58,451 - INFO - ustsuw OK â†?/home/marina/caseI/5runrs/run5/abl_rs_ep-1_step71_out_tab.lis (5 cycles, unit 24)
2026-05-07 20:07:58,452 - INFO - Ep-1 Step71: HCNO: N=31.8%  H=7.1%  C=25.6%  O=35.5%
2026-05-07 20:07:58,452 - INFO - Ep-1 Step71: Reward=20.6170
2026-05-07 20:07:58,452 - INFO - Eval 71: Reward=20.6170  State=[4.5, 2.5, 5.5, 7.0, 6.5, 5.5, 8.5]
2026-05-07 20:08:50,466 - INFO - FLUKA OK: abl_rs_ep-1_step72.inp (52.0s)
2026-05-07 20:08:50,495 - INFO - ustsuw OK â†?/home/marina/caseI/5runrs/run5/abl_rs_ep-1_step72_out_tab.lis (5 cycles, unit 24)
2026-05-07 20:08:50,499 - INFO - Ep-1 Step72: HCNO: N=33.2%  H=6.6%  C=24.5%  O=35.6%
2026-05-07 20:08:50,499 - INFO - Ep-1 Step72: Reward=8.0098
2026-05-07 20:08:50,499 - INFO - Eval 72: Reward=8.0098  State=[7.5, 3.0, 7.0, 3.5, 7.5, 7.5, 5.0]
2026-05-07 20:09:44,950 - INFO - FLUKA OK: abl_rs_ep-1_step73.inp (54.5s)
2026-05-07 20:09:44,996 - INFO - ustsuw OK â†?/home/marina/caseI/5runrs/run5/abl_rs_ep-1_step73_out_tab.lis (5 cycles, unit 24)
2026-05-07 20:09:45,000 - INFO - Ep-1 Step73: HCNO: N=40.9%  H=9.1%  C=17.1%  O=32.8%
2026-05-07 20:09:45,000 - INFO - Ep-1 Step73: Reward=18.6594
2026-05-07 20:09:45,000 - INFO - Eval 73: Reward=18.6594  State=[4.5, 7.0, 2.0, 8.0, 7.0, 4.0, 3.5]
2026-05-07 20:10:39,591 - INFO - FLUKA OK: abl_rs_ep-1_step74.inp (54.6s)
2026-05-07 20:10:39,691 - INFO - ustsuw OK â†?/home/marina/caseI/5runrs/run5/abl_rs_ep-1_step74_out_tab.lis (5 cycles, unit 24)
2026-05-07 20:10:39,694 - INFO - Ep-1 Step74: HCNO: N=31.0%  H=10.3%  C=27.1%  O=31.6%
2026-05-07 20:10:39,694 - INFO - Ep-1 Step74: Reward=20.5031
2026-05-07 20:10:39,694 - INFO - Eval 74: Reward=20.5031  State=[3.5, 7.0, 3.0, 7.5, 5.5, 4.5, 4.0]
2026-05-07 20:11:36,621 - INFO - FLUKA OK: abl_rs_ep-1_step75.inp (56.9s)
2026-05-07 20:11:36,705 - INFO - ustsuw OK â†?/home/marina/caseI/5runrs/run5/abl_rs_ep-1_step75_out_tab.lis (5 cycles, unit 24)
2026-05-07 20:11:36,707 - INFO - Ep-1 Step75: HCNO: N=44.7%  H=6.0%  C=22.1%  O=27.2%
2026-05-07 20:11:36,707 - INFO - Ep-1 Step75: Reward=16.8149
2026-05-07 20:11:36,707 - INFO - Eval 75: Reward=16.8149  State=[6.0, 2.5, 7.0, 4.5, 5.5, 3.5, 3.0]
2026-05-07 20:12:32,312 - INFO - FLUKA OK: abl_rs_ep-1_step76.inp (55.6s)
2026-05-07 20:12:32,481 - INFO - ustsuw OK â†?/home/marina/caseI/5runrs/run5/abl_rs_ep-1_step76_out_tab.lis (5 cycles, unit 24)
2026-05-07 20:12:32,659 - INFO - Ep-1 Step76: HCNO: N=29.5%  H=4.4%  C=28.5%  O=37.7%
2026-05-07 20:12:32,659 - INFO - Ep-1 Step76: Reward=17.1660
2026-05-07 20:12:32,661 - INFO - Eval 76: Reward=17.1660  State=[6.0, 6.0, 7.5, 2.0, 7.5, 4.0, 5.0]
2026-05-07 20:13:28,604 - INFO - FLUKA OK: abl_rs_ep-1_step77.inp (55.9s)
2026-05-07 20:13:28,664 - INFO - ustsuw OK â†?/home/marina/caseI/5runrs/run5/abl_rs_ep-1_step77_out_tab.lis (5 cycles, unit 24)
2026-05-07 20:13:28,665 - INFO - Ep-1 Step77: HCNO: N=42.0%  H=5.9%  C=19.4%  O=32.8%
2026-05-07 20:13:28,665 - INFO - Ep-1 Step77: Reward=19.1817
2026-05-07 20:13:28,665 - INFO - Eval 77: Reward=19.1817  State=[3.0, 4.0, 5.0, 7.0, 7.5, 7.5, 8.5]
2026-05-07 20:14:24,941 - INFO - FLUKA OK: abl_rs_ep-1_step78.inp (56.3s)
2026-05-07 20:14:26,096 - INFO - ustsuw OK â†?/home/marina/caseI/5runrs/run5/abl_rs_ep-1_step78_out_tab.lis (5 cycles, unit 24)
2026-05-07 20:14:26,096 - INFO - Ep-1 Step78: HCNO: N=38.2%  H=12.4%  C=21.4%  O=28.0%
2026-05-07 20:14:26,096 - INFO - Ep-1 Step78: Reward=15.3467
2026-05-07 20:14:26,096 - INFO - Eval 78: Reward=15.3467  State=[4.5, 4.5, 4.5, 5.5, 6.0, 8.0, 8.5]
2026-05-07 20:15:26,660 - INFO - FLUKA OK: abl_rs_ep-1_step79.inp (60.5s)
2026-05-07 20:15:26,737 - INFO - ustsuw OK â†?/home/marina/caseI/5runrs/run5/abl_rs_ep-1_step79_out_tab.lis (5 cycles, unit 24)
2026-05-07 20:15:26,740 - INFO - Ep-1 Step79: HCNO: N=34.1%  H=9.7%  C=30.4%  O=25.8%
2026-05-07 20:15:26,740 - INFO - Ep-1 Step79: Reward=24.2197
2026-05-07 20:15:26,740 - INFO - Eval 79: Reward=24.2197  State=[3.5, 3.5, 7.0, 3.0, 6.5, 7.5, 3.0]
2026-05-07 20:16:23,494 - INFO - FLUKA OK: abl_rs_ep-1_step80.inp (56.8s)
2026-05-07 20:16:23,541 - WARNING - prefix 'abl_rs_ep-1_step80' unit 24: expected 5 cycle files, found 10: ['abl_rs_ep-1_step80001_fort.24', 'abl_rs_ep-1_step80002_fort.24', 'abl_rs_ep-1_step80003_fort.24', 'abl_rs_ep-1_step80004_fort.24', 'abl_rs_ep-1_step80005_fort.24', 'abl_rs_ep-1_step8001_fort.24', 'abl_rs_ep-1_step8002_fort.24', 'abl_rs_ep-1_step8003_fort.24', 'abl_rs_ep-1_step8004_fort.24', 'abl_rs_ep-1_step8005_fort.24']
2026-05-07 20:16:23,673 - INFO - ustsuw OK â†?/home/marina/caseI/5runrs/run5/abl_rs_ep-1_step80_out_tab.lis (10 cycles, unit 24)
2026-05-07 20:16:23,710 - INFO - Ep-1 Step80: HCNO: N=37.7%  H=12.6%  C=22.2%  O=27.5%
2026-05-07 20:16:23,710 - INFO - Ep-1 Step80: Reward=32.0403
2026-05-07 20:16:23,710 - INFO - Eval 80: Reward=32.0403  State=[5.0, 5.0, 5.0, 7.0, 6.5, 4.0, 5.5]
2026-05-07 20:17:19,777 - INFO - FLUKA OK: abl_rs_ep-1_step81.inp (56.1s)
2026-05-07 20:17:19,863 - INFO - ustsuw OK â†?/home/marina/caseI/5runrs/run5/abl_rs_ep-1_step81_out_tab.lis (5 cycles, unit 24)
2026-05-07 20:17:19,864 - INFO - Ep-1 Step81: HCNO: N=40.2%  H=14.9%  C=14.0%  O=30.9%
2026-05-07 20:17:19,864 - INFO - Ep-1 Step81: Reward=19.4069
2026-05-07 20:17:19,864 - INFO - Eval 81: Reward=19.4069  State=[7.0, 2.0, 6.5, 4.0, 4.5, 2.5, 5.5]
2026-05-07 20:18:15,720 - INFO - FLUKA OK: abl_rs_ep-1_step82.inp (55.9s)
2026-05-07 20:18:15,832 - INFO - ustsuw OK â†?/home/marina/caseI/5runrs/run5/abl_rs_ep-1_step82_out_tab.lis (5 cycles, unit 24)
2026-05-07 20:18:15,836 - INFO - Ep-1 Step82: HCNO: N=44.6%  H=6.7%  C=23.3%  O=25.3%
2026-05-07 20:18:15,836 - INFO - Ep-1 Step82: Reward=15.3784
2026-05-07 20:18:15,836 - INFO - Eval 82: Reward=15.3784  State=[7.5, 7.5, 7.5, 7.0, 6.5, 4.0, 3.0]
2026-05-07 20:19:12,117 - INFO - FLUKA OK: abl_rs_ep-1_step83.inp (56.3s)
2026-05-07 20:19:12,161 - INFO - ustsuw OK â†?/home/marina/caseI/5runrs/run5/abl_rs_ep-1_step83_out_tab.lis (5 cycles, unit 24)
2026-05-07 20:19:12,165 - INFO - Ep-1 Step83: HCNO: N=41.1%  H=6.5%  C=20.9%  O=31.5%
2026-05-07 20:19:12,165 - INFO - Ep-1 Step83: Reward=17.8267
2026-05-07 20:19:12,165 - INFO - Eval 83: Reward=17.8267  State=[4.0, 3.0, 3.0, 6.5, 7.0, 6.0, 9.0]
2026-05-07 20:20:12,639 - INFO - FLUKA OK: abl_rs_ep-1_step84.inp (60.5s)
2026-05-07 20:20:12,669 - INFO - ustsuw OK â†?/home/marina/caseI/5runrs/run5/abl_rs_ep-1_step84_out_tab.lis (5 cycles, unit 24)
2026-05-07 20:20:12,670 - INFO - Ep-1 Step84: HCNO: N=34.6%  H=10.0%  C=29.6%  O=25.9%
2026-05-07 20:20:12,670 - INFO - Ep-1 Step84: Reward=13.8313
2026-05-07 20:20:12,673 - INFO - Eval 84: Reward=13.8313  State=[4.0, 5.5, 6.5, 5.5, 5.0, 2.0, 6.5]
2026-05-07 20:21:07,244 - INFO - FLUKA OK: abl_rs_ep-1_step85.inp (54.6s)
2026-05-07 20:21:07,397 - INFO - ustsuw OK â†?/home/marina/caseI/5runrs/run5/abl_rs_ep-1_step85_out_tab.lis (5 cycles, unit 24)
2026-05-07 20:21:07,400 - INFO - Ep-1 Step85: HCNO: N=42.1%  H=6.7%  C=26.8%  O=24.4%
2026-05-07 20:21:07,400 - INFO - Ep-1 Step85: Reward=21.0610
2026-05-07 20:21:07,400 - INFO - Eval 85: Reward=21.0610  State=[8.0, 6.5, 2.5, 5.0, 7.5, 3.5, 4.5]
2026-05-07 20:22:07,529 - INFO - FLUKA OK: abl_rs_ep-1_step86.inp (60.1s)
2026-05-07 20:22:07,589 - INFO - ustsuw OK â†?/home/marina/caseI/5runrs/run5/abl_rs_ep-1_step86_out_tab.lis (5 cycles, unit 24)
2026-05-07 20:22:07,605 - INFO - Ep-1 Step86: HCNO: N=34.4%  H=13.9%  C=14.8%  O=36.8%
2026-05-07 20:22:07,605 - INFO - Ep-1 Step86: Reward=13.9507
2026-05-07 20:22:07,605 - INFO - Eval 86: Reward=13.9507  State=[3.0, 6.0, 4.5, 7.5, 7.0, 7.0, 5.0]
2026-05-07 20:22:58,684 - INFO - FLUKA OK: abl_rs_ep-1_step87.inp (51.1s)
2026-05-07 20:22:58,832 - INFO - ustsuw OK â†?/home/marina/caseI/5runrs/run5/abl_rs_ep-1_step87_out_tab.lis (5 cycles, unit 24)
2026-05-07 20:22:58,833 - INFO - Ep-1 Step87: HCNO: N=24.7%  H=12.5%  C=19.8%  O=43.0%
2026-05-07 20:22:58,833 - INFO - Ep-1 Step87: Reward=18.9484
2026-05-07 20:22:58,833 - INFO - Eval 87: Reward=18.9484  State=[7.0, 3.0, 7.0, 3.5, 6.0, 5.5, 10.0]
2026-05-07 20:23:53,389 - INFO - FLUKA OK: abl_rs_ep-1_step88.inp (54.6s)
2026-05-07 20:23:53,396 - INFO - ustsuw OK â†?/home/marina/caseI/5runrs/run5/abl_rs_ep-1_step88_out_tab.lis (5 cycles, unit 24)
2026-05-07 20:23:53,397 - INFO - Ep-1 Step88: HCNO: N=45.1%  H=10.9%  C=19.0%  O=24.9%
2026-05-07 20:23:53,398 - INFO - Ep-1 Step88: Reward=15.5013
2026-05-07 20:23:53,398 - INFO - Eval 88: Reward=15.5013  State=[4.0, 5.0, 3.0, 5.5, 6.5, 2.5, 7.0]
2026-05-07 20:24:47,168 - INFO - FLUKA OK: abl_rs_ep-1_step89.inp (53.8s)
2026-05-07 20:24:47,225 - INFO - ustsuw OK â†?/home/marina/caseI/5runrs/run5/abl_rs_ep-1_step89_out_tab.lis (5 cycles, unit 24)
2026-05-07 20:24:47,228 - INFO - Ep-1 Step89: HCNO: N=37.2%  H=13.9%  C=25.0%  O=23.9%
2026-05-07 20:24:47,228 - INFO - Ep-1 Step89: Reward=24.0806
2026-05-07 20:24:47,229 - INFO - Eval 89: Reward=24.0806  State=[4.0, 7.0, 5.0, 6.5, 3.0, 7.0, 3.0]
2026-05-07 20:25:39,359 - INFO - FLUKA OK: abl_rs_ep-1_step90.inp (52.1s)
2026-05-07 20:25:39,371 - WARNING - prefix 'abl_rs_ep-1_step90' unit 24: expected 5 cycle files, found 10: ['abl_rs_ep-1_step90001_fort.24', 'abl_rs_ep-1_step90002_fort.24', 'abl_rs_ep-1_step90003_fort.24', 'abl_rs_ep-1_step90004_fort.24', 'abl_rs_ep-1_step90005_fort.24', 'abl_rs_ep-1_step9001_fort.24', 'abl_rs_ep-1_step9002_fort.24', 'abl_rs_ep-1_step9003_fort.24', 'abl_rs_ep-1_step9004_fort.24', 'abl_rs_ep-1_step9005_fort.24']
2026-05-07 20:25:39,398 - INFO - ustsuw OK â†?/home/marina/caseI/5runrs/run5/abl_rs_ep-1_step90_out_tab.lis (10 cycles, unit 24)
2026-05-07 20:25:39,398 - INFO - Ep-1 Step90: HCNO: N=38.1%  H=8.7%  C=18.1%  O=35.1%
2026-05-07 20:25:39,399 - INFO - Ep-1 Step90: Reward=25.0573
2026-05-07 20:25:39,401 - INFO - Eval 90: Reward=25.0573  State=[5.5, 7.5, 7.5, 3.5, 6.0, 5.5, 3.0]
2026-05-07 20:26:32,636 - INFO - FLUKA OK: abl_rs_ep-1_step91.inp (53.2s)
2026-05-07 20:26:32,644 - INFO - ustsuw OK â†?/home/marina/caseI/5runrs/run5/abl_rs_ep-1_step91_out_tab.lis (5 cycles, unit 24)
2026-05-07 20:26:32,648 - INFO - Ep-1 Step91: HCNO: N=41.3%  H=9.8%  C=26.3%  O=22.7%
2026-05-07 20:26:32,648 - INFO - Ep-1 Step91: Reward=22.3888
2026-05-07 20:26:32,648 - INFO - Eval 91: Reward=22.3888  State=[4.5, 7.0, 4.0, 2.5, 7.0, 6.5, 5.0]
2026-05-07 20:27:21,154 - INFO - FLUKA OK: abl_rs_ep-1_step92.inp (48.5s)
2026-05-07 20:27:21,204 - INFO - ustsuw OK â†?/home/marina/caseI/5runrs/run5/abl_rs_ep-1_step92_out_tab.lis (5 cycles, unit 24)
2026-05-07 20:27:21,246 - INFO - Ep-1 Step92: HCNO: N=30.0%  H=8.5%  C=27.5%  O=34.0%
2026-05-07 20:27:21,246 - INFO - Ep-1 Step92: Reward=21.1926
2026-05-07 20:27:21,246 - INFO - Eval 92: Reward=21.1926  State=[7.5, 6.0, 7.5, 6.0, 5.5, 3.0, 1.0]
2026-05-07 20:28:14,990 - INFO - FLUKA OK: abl_rs_ep-1_step93.inp (53.7s)
2026-05-07 20:28:15,001 - INFO - ustsuw OK â†?/home/marina/caseI/5runrs/run5/abl_rs_ep-1_step93_out_tab.lis (5 cycles, unit 24)
2026-05-07 20:28:15,002 - INFO - Ep-1 Step93: HCNO: N=39.5%  H=7.5%  C=28.3%  O=24.8%
2026-05-07 20:28:15,002 - INFO - Ep-1 Step93: Reward=10.2615
2026-05-07 20:28:15,002 - INFO - Eval 93: Reward=10.2615  State=[6.0, 5.0, 4.0, 4.0, 5.0, 7.5, 6.0]
2026-05-07 20:29:06,420 - INFO - FLUKA OK: abl_rs_ep-1_step94.inp (51.4s)
2026-05-07 20:29:06,458 - INFO - ustsuw OK â†?/home/marina/caseI/5runrs/run5/abl_rs_ep-1_step94_out_tab.lis (5 cycles, unit 24)
2026-05-07 20:29:06,459 - INFO - Ep-1 Step94: HCNO: N=32.3%  H=12.1%  C=23.3%  O=32.2%
2026-05-07 20:29:06,459 - INFO - Ep-1 Step94: Reward=25.6799
2026-05-07 20:29:06,459 - INFO - Eval 94: Reward=25.6799  State=[8.0, 4.0, 7.0, 4.0, 5.5, 5.5, 3.0]
2026-05-07 20:29:59,916 - INFO - FLUKA OK: abl_rs_ep-1_step95.inp (53.5s)
2026-05-07 20:29:59,937 - INFO - ustsuw OK â†?/home/marina/caseI/5runrs/run5/abl_rs_ep-1_step95_out_tab.lis (5 cycles, unit 24)
2026-05-07 20:29:59,938 - INFO - Ep-1 Step95: HCNO: N=31.2%  H=13.5%  C=24.5%  O=30.7%
2026-05-07 20:29:59,938 - INFO - Ep-1 Step95: Reward=31.6512
2026-05-07 20:29:59,938 - INFO - Eval 95: Reward=31.6512  State=[6.5, 2.5, 6.0, 7.0, 4.5, 7.5, 3.0]
2026-05-07 20:30:57,135 - INFO - FLUKA OK: abl_rs_ep-1_step96.inp (57.2s)
2026-05-07 20:30:57,145 - INFO - ustsuw OK â†?/home/marina/caseI/5runrs/run5/abl_rs_ep-1_step96_out_tab.lis (5 cycles, unit 24)
2026-05-07 20:30:57,146 - INFO - Ep-1 Step96: HCNO: N=41.3%  H=10.1%  C=19.8%  O=28.8%
2026-05-07 20:30:57,146 - INFO - Ep-1 Step96: Reward=28.8666
2026-05-07 20:30:57,146 - INFO - Eval 96: Reward=28.8666  State=[6.0, 2.5, 5.5, 3.5, 3.5, 5.5, 3.0]
2026-05-07 20:31:53,481 - INFO - FLUKA OK: abl_rs_ep-1_step97.inp (56.3s)
2026-05-07 20:31:53,502 - INFO - ustsuw OK â†?/home/marina/caseI/5runrs/run5/abl_rs_ep-1_step97_out_tab.lis (5 cycles, unit 24)
2026-05-07 20:31:53,505 - INFO - Ep-1 Step97: HCNO: N=41.0%  H=12.8%  C=11.8%  O=34.4%
2026-05-07 20:31:53,505 - INFO - Ep-1 Step97: Reward=16.3629
2026-05-07 20:31:53,505 - INFO - Eval 97: Reward=16.3629  State=[2.0, 4.5, 3.0, 7.0, 7.0, 5.5, 4.5]
2026-05-07 20:32:51,491 - INFO - FLUKA OK: abl_rs_ep-1_step98.inp (58.0s)
2026-05-07 20:32:51,648 - INFO - ustsuw OK â†?/home/marina/caseI/5runrs/run5/abl_rs_ep-1_step98_out_tab.lis (5 cycles, unit 24)
2026-05-07 20:32:51,842 - INFO - Ep-1 Step98: HCNO: N=41.2%  H=7.0%  C=26.9%  O=24.8%
2026-05-07 20:32:51,842 - INFO - Ep-1 Step98: Reward=22.1321
2026-05-07 20:32:51,842 - INFO - Eval 98: Reward=22.1321  State=[3.0, 7.0, 7.0, 7.0, 3.5, 5.5, 2.0]
2026-05-07 20:33:38,601 - INFO - FLUKA OK: abl_rs_ep-1_step99.inp (46.8s)
2026-05-07 20:33:38,662 - INFO - ustsuw OK â†?/home/marina/caseI/5runrs/run5/abl_rs_ep-1_step99_out_tab.lis (5 cycles, unit 24)
2026-05-07 20:33:38,663 - INFO - Ep-1 Step99: HCNO: N=49.9%  H=9.8%  C=21.9%  O=18.4%
2026-05-07 20:33:38,663 - INFO - Ep-1 Step99: Reward=30.4827
2026-05-07 20:33:38,663 - INFO - Eval 99: Reward=30.4827  State=[8.0, 2.5, 2.5, 2.0, 2.5, 7.0, 3.5]
2026-05-07 20:34:19,503 - INFO - FLUKA OK: abl_rs_ep-1_step100.inp (40.8s)
2026-05-07 20:34:19,591 - WARNING - prefix 'abl_rs_ep-1_step100' unit 24: expected 5 cycle files, found 15: ['abl_rs_ep-1_step100001_fort.24', 'abl_rs_ep-1_step100002_fort.24', 'abl_rs_ep-1_step100003_fort.24', 'abl_rs_ep-1_step100004_fort.24', 'abl_rs_ep-1_step100005_fort.24', 'abl_rs_ep-1_step10001_fort.24', 'abl_rs_ep-1_step10002_fort.24', 'abl_rs_ep-1_step10003_fort.24', 'abl_rs_ep-1_step10004_fort.24', 'abl_rs_ep-1_step10005_fort.24', 'abl_rs_ep-1_step1001_fort.24', 'abl_rs_ep-1_step1002_fort.24', 'abl_rs_ep-1_step1003_fort.24', 'abl_rs_ep-1_step1004_fort.24', 'abl_rs_ep-1_step1005_fort.24']
2026-05-07 20:34:19,651 - INFO - ustsuw OK â†?/home/marina/caseI/5runrs/run5/abl_rs_ep-1_step100_out_tab.lis (15 cycles, unit 24)
2026-05-07 20:34:19,668 - INFO - Ep-1 Step100: HCNO: N=42.4%  H=7.5%  C=25.1%  O=25.0%
2026-05-07 20:34:19,668 - INFO - Ep-1 Step100: Reward=31.5587
2026-05-07 20:34:19,668 - INFO - Eval 100: Reward=31.5587  State=[7.0, 2.0, 6.0, 3.5, 3.5, 3.0, 6.5]

