 # Detector n:            1   piFluenUD (integrated over solid angle)
 # N. of energy intervals          50
  1.000E-09  1.637E-09  0.000E+00  0.000E+00
  1.637E-09  2.679E-09  0.000E+00  0.000E+00
  2.679E-09  4.385E-09  0.000E+00  0.000E+00
  4.385E-09  7.177E-09  0.000E+00  0.000E+00
  7.177E-09  1.175E-08  0.000E+00  0.000E+00
  1.175E-08  1.923E-08  0.000E+00  0.000E+00
  1.923E-08  3.147E-08  0.000E+00  0.000E+00
  3.147E-08  5.150E-08  0.000E+00  0.000E+00
  5.150E-08  8.430E-08  0.000E+00  0.000E+00
  8.430E-08  1.380E-07  0.000E+00  0.000E+00
  1.380E-07  2.258E-07  0.000E+00  0.000E+00
  2.258E-07  3.696E-07  0.000E+00  0.000E+00
  3.696E-07  6.050E-07  0.000E+00  0.000E+00
  6.050E-07  9.902E-07  0.000E+00  0.000E+00
  9.902E-07  1.621E-06  0.000E+00  0.000E+00
  1.621E-06  2.653E-06  0.000E+00  0.000E+00
  2.653E-06  4.342E-06  0.000E+00  0.000E+00
  4.342E-06  7.106E-06  0.000E+00  0.000E+00
  7.106E-06  1.163E-05  7.685E-04  5.586E+01
  1.163E-05  1.904E-05  0.000E+00  0.000E+00
  1.904E-05  3.116E-05  3.346E-04  5.568E+01
  3.116E-05  5.100E-05  3.822E-04  4.671E+01
  5.100E-05  8.347E-05  7.144E-05  7.328E+01
  8.347E-05  1.366E-04  9.728E-05  8.921E+01
  1.366E-04  2.236E-04  1.148E-04  3.986E+01
  2.236E-04  3.660E-04  7.907E-05  6.670E+01
  3.660E-04  5.990E-04  1.952E-04  1.517E+01
  5.990E-04  9.804E-04  1.225E-04  1.650E+01
  9.804E-04  1.605E-03  1.375E-04  1.104E+01
  1.605E-03  2.627E-03  1.239E-04  1.420E+01
  2.627E-03  4.299E-03  1.640E-04  1.169E+01
  4.299E-03  7.036E-03  1.544E-04  1.005E+01
  7.036E-03  1.152E-02  1.901E-04  5.047E+00
  1.152E-02  1.885E-02  3.936E-04  4.131E+00
  1.885E-02  3.085E-02  5.609E-04  3.008E+00
  3.085E-02  5.050E-02  7.066E-04  1.575E+00
  5.050E-02  8.265E-02  8.250E-04  1.294E+00
  8.265E-02  1.353E-01  7.986E-04  2.278E+00
  1.353E-01  2.214E-01  7.374E-04  2.982E+00
  2.214E-01  3.624E-01  6.719E-04  3.897E+00
  3.624E-01  5.931E-01  4.859E-04  5.584E+00
  5.931E-01  9.708E-01  2.964E-04  6.807E+00
  9.708E-01  1.589E+00  1.772E-04  7.277E+00
  1.589E+00  2.601E+00  1.026E-04  7.120E+00
  2.601E+00  4.257E+00  5.444E-05  7.109E+00
  4.257E+00  6.967E+00  2.642E-05  7.096E+00
  6.967E+00  1.140E+01  1.071E-05  6.924E+00
  1.140E+01  1.866E+01  3.320E-06  6.547E+00
  1.866E+01  3.055E+01  6.522E-07  7.212E+00
  3.055E+01  5.000E+01  3.621E-08  9.008E+00


 # double differential distributions
 # number of solid angle intervals          10
 # Block n:            1     0.00000000      :  0.628318548    
  1.000E-09  1.637E-09  0.000E+00  0.000E+00  0.000E+00  6.283E-01
  1.637E-09  2.679E-09  0.000E+00  0.000E+00  0.000E+00  6.283E-01
  2.679E-09  4.385E-09  0.000E+00  0.000E+00  0.000E+00  6.283E-01
  4.385E-09  7.177E-09  0.000E+00  0.000E+00  0.000E+00  6.283E-01
  7.177E-09  1.175E-08  0.000E+00  0.000E+00  0.000E+00  6.283E-01
  1.175E-08  1.923E-08  0.000E+00  0.000E+00  0.000E+00  6.283E-01
  1.923E-08  3.147E-08  0.000E+00  0.000E+00  0.000E+00  6.283E-01
  3.147E-08  5.150E-08  0.000E+00  0.000E+00  0.000E+00  6.283E-01
  5.150E-08  8.430E-08  0.000E+00  0.000E+00  0.000E+00  6.283E-01
  8.430E-08  1.380E-07  0.000E+00  0.000E+00  0.000E+00  6.283E-01
  1.380E-07  2.258E-07  0.000E+00  0.000E+00  0.000E+00  6.283E-01
  2.258E-07  3.696E-07  0.000E+00  0.000E+00  0.000E+00  6.283E-01
  3.696E-07  6.050E-07  0.000E+00  0.000E+00  0.000E+00  6.283E-01
  6.050E-07  9.902E-07  0.000E+00  0.000E+00  0.000E+00  6.283E-01
  9.902E-07  1.621E-06  0.000E+00  0.000E+00  0.000E+00  6.283E-01
  1.621E-06  2.653E-06  0.000E+00  0.000E+00  0.000E+00  6.283E-01
  2.653E-06  4.342E-06  0.000E+00  0.000E+00  0.000E+00  6.283E-01
  4.342E-06  7.106E-06  0.000E+00  0.000E+00  0.000E+00  6.283E-01
  7.106E-06  1.163E-05  2.734E-04  7.328E+01  0.000E+00  6.283E-01
  1.163E-05  1.904E-05  0.000E+00  0.000E+00  0.000E+00  6.283E-01
  1.904E-05  3.116E-05  0.000E+00  0.000E+00  0.000E+00  6.283E-01
  3.116E-05  5.100E-05  5.859E-05  7.328E+01  0.000E+00  6.283E-01
  5.100E-05  8.347E-05  0.000E+00  0.000E+00  0.000E+00  6.283E-01
  8.347E-05  1.366E-04  2.238E-05  7.328E+01  0.000E+00  6.283E-01
  1.366E-04  2.236E-04  0.000E+00  0.000E+00  0.000E+00  6.283E-01
  2.236E-04  3.660E-04  0.000E+00  0.000E+00  0.000E+00  6.283E-01
  3.660E-04  5.990E-04  0.000E+00  0.000E+00  0.000E+00  6.283E-01
  5.990E-04  9.804E-04  1.238E-05  9.645E+01  0.000E+00  6.283E-01
  9.804E-04  1.605E-03  1.321E-05  3.210E+01  0.000E+00  6.283E-01
  1.605E-03  2.627E-03  1.295E-05  2.811E+01  0.000E+00  6.283E-01
  2.627E-03  4.299E-03  9.998E-06  3.059E+01  0.000E+00  6.283E-01
  4.299E-03  7.036E-03  1.219E-05  3.151E+01  0.000E+00  6.283E-01
  7.036E-03  1.152E-02  1.400E-05  1.126E+01  0.000E+00  6.283E-01
  1.152E-02  1.885E-02  3.494E-05  7.990E+00  0.000E+00  6.283E-01
  1.885E-02  3.085E-02  5.417E-05  5.095E+00  0.000E+00  6.283E-01
  3.085E-02  5.050E-02  7.141E-05  8.427E+00  0.000E+00  6.283E-01
  5.050E-02  8.265E-02  9.742E-05  7.935E+00  0.000E+00  6.283E-01
  8.265E-02  1.353E-01  1.238E-04  8.181E+00  0.000E+00  6.283E-01
  1.353E-01  2.214E-01  1.678E-04  7.950E+00  0.000E+00  6.283E-01
  2.214E-01  3.624E-01  2.433E-04  7.756E+00  0.000E+00  6.283E-01
  3.624E-01  5.931E-01  3.033E-04  7.324E+00  0.000E+00  6.283E-01
  5.931E-01  9.708E-01  3.046E-04  7.233E+00  0.000E+00  6.283E-01
  9.708E-01  1.589E+00  2.460E-04  7.259E+00  0.000E+00  6.283E-01
  1.589E+00  2.601E+00  1.593E-04  7.170E+00  0.000E+00  6.283E-01
  2.601E+00  4.257E+00  8.652E-05  7.108E+00  0.000E+00  6.283E-01
  4.257E+00  6.967E+00  4.205E-05  7.097E+00  0.000E+00  6.283E-01
  6.967E+00  1.140E+01  1.705E-05  6.924E+00  0.000E+00  6.283E-01
  1.140E+01  1.866E+01  5.284E-06  6.547E+00  0.000E+00  6.283E-01
  1.866E+01  3.055E+01  1.038E-06  7.212E+00  0.000E+00  6.283E-01
  3.055E+01  5.000E+01  5.763E-08  9.008E+00  0.000E+00  6.283E-01
  5.000E+01  5.000E+01  0.000E+00  0.000E+00  0.000E+00  6.283E-01

 # Block n:            2    0.628318548      :   1.25663710    
  1.000E-09  1.637E-09  0.000E+00  0.000E+00  6.283E-01  1.257E+00
  1.637E-09  2.679E-09  0.000E+00  0.000E+00  6.283E-01  1.257E+00
  2.679E-09  4.385E-09  0.000E+00  0.000E+00  6.283E-01  1.257E+00
  4.385E-09  7.177E-09  0.000E+00  0.000E+00  6.283E-01  1.257E+00
  7.177E-09  1.175E-08  0.000E+00  0.000E+00  6.283E-01  1.257E+00
  1.175E-08  1.923E-08  0.000E+00  0.000E+00  6.283E-01  1.257E+00
  1.923E-08  3.147E-08  0.000E+00  0.000E+00  6.283E-01  1.257E+00
  3.147E-08  5.150E-08  0.000E+00  0.000E+00  6.283E-01  1.257E+00
  5.150E-08  8.430E-08  0.000E+00  0.000E+00  6.283E-01  1.257E+00
  8.430E-08  1.380E-07  0.000E+00  0.000E+00  6.283E-01  1.257E+00
  1.380E-07  2.258E-07  0.000E+00  0.000E+00  6.283E-01  1.257E+00
  2.258E-07  3.696E-07  0.000E+00  0.000E+00  6.283E-01  1.257E+00
  3.696E-07  6.050E-07  0.000E+00  0.000E+00  6.283E-01  1.257E+00
  6.050E-07  9.902E-07  0.000E+00  0.000E+00  6.283E-01  1.257E+00
  9.902E-07  1.621E-06  0.000E+00  0.000E+00  6.283E-01  1.257E+00
  1.621E-06  2.653E-06  0.000E+00  0.000E+00  6.283E-01  1.257E+00
  2.653E-06  4.342E-06  0.000E+00  0.000E+00  6.283E-01  1.257E+00
  4.342E-06  7.106E-06  0.000E+00  0.000E+00  6.283E-01  1.257E+00
  7.106E-06  1.163E-05  0.000E+00  0.000E+00  6.283E-01  1.257E+00
  1.163E-05  1.904E-05  0.000E+00  0.000E+00  6.283E-01  1.257E+00
  1.904E-05  3.116E-05  0.000E+00  0.000E+00  6.283E-01  1.257E+00
  3.116E-05  5.100E-05  0.000E+00  0.000E+00  6.283E-01  1.257E+00
  5.100E-05  8.347E-05  0.000E+00  0.000E+00  6.283E-01  1.257E+00
  8.347E-05  1.366E-04  0.000E+00  0.000E+00  6.283E-01  1.257E+00
  1.366E-04  2.236E-04  4.553E-05  7.037E+01  6.283E-01  1.257E+00
  2.236E-04  3.660E-04  0.000E+00  0.000E+00  6.283E-01  1.257E+00
  3.660E-04  5.990E-04  1.724E-05  6.843E+01  6.283E-01  1.257E+00
  5.990E-04  9.804E-04  1.417E-05  5.773E+01  6.283E-01  1.257E+00
  9.804E-04  1.605E-03  1.722E-05  3.302E+01  6.283E-01  1.257E+00
  1.605E-03  2.627E-03  1.178E-05  3.228E+01  6.283E-01  1.257E+00
  2.627E-03  4.299E-03  1.519E-05  1.668E+01  6.283E-01  1.257E+00
  4.299E-03  7.036E-03  1.326E-05  2.667E+01  6.283E-01  1.257E+00
  7.036E-03  1.152E-02  2.437E-05  1.674E+01  6.283E-01  1.257E+00
  1.152E-02  1.885E-02  4.081E-05  1.141E+01  6.283E-01  1.257E+00
  1.885E-02  3.085E-02  5.659E-05  1.171E+01  6.283E-01  1.257E+00
  3.085E-02  5.050E-02  7.743E-05  9.569E+00  6.283E-01  1.257E+00
  5.050E-02  8.265E-02  1.034E-04  6.710E+00  6.283E-01  1.257E+00
  8.265E-02  1.353E-01  1.173E-04  8.655E+00  6.283E-01  1.257E+00
  1.353E-01  2.214E-01  1.524E-04  7.755E+00  6.283E-01  1.257E+00
  2.214E-01  3.624E-01  1.846E-04  7.649E+00  6.283E-01  1.257E+00
  3.624E-01  5.931E-01  1.626E-04  7.272E+00  6.283E-01  1.257E+00
  5.931E-01  9.708E-01  8.937E-05  7.396E+00  6.283E-01  1.257E+00
  9.708E-01  1.589E+00  2.691E-05  7.840E+00  6.283E-01  1.257E+00
  1.589E+00  2.601E+00  3.559E-06  5.711E+00  6.283E-01  1.257E+00
  2.601E+00  4.257E+00  1.238E-07  1.316E+01  6.283E-01  1.257E+00
  4.257E+00  6.967E+00  1.878E-09  3.632E+01  6.283E-01  1.257E+00
  6.967E+00  1.140E+01  0.000E+00  0.000E+00  6.283E-01  1.257E+00
  1.140E+01  1.866E+01  0.000E+00  0.000E+00  6.283E-01  1.257E+00
  1.866E+01  3.055E+01  0.000E+00  0.000E+00  6.283E-01  1.257E+00
  3.055E+01  5.000E+01  0.000E+00  0.000E+00  6.283E-01  1.257E+00
  5.000E+01  5.000E+01  0.000E+00  0.000E+00  6.283E-01  1.257E+00

 # Block n:            3     1.25663710      :   1.88495564    
  1.000E-09  1.637E-09  0.000E+00  0.000E+00  1.257E+00  1.885E+00
  1.637E-09  2.679E-09  0.000E+00  0.000E+00  1.257E+00  1.885E+00
  2.679E-09  4.385E-09  0.000E+00  0.000E+00  1.257E+00  1.885E+00
  4.385E-09  7.177E-09  0.000E+00  0.000E+00  1.257E+00  1.885E+00
  7.177E-09  1.175E-08  0.000E+00  0.000E+00  1.257E+00  1.885E+00
  1.175E-08  1.923E-08  0.000E+00  0.000E+00  1.257E+00  1.885E+00
  1.923E-08  3.147E-08  0.000E+00  0.000E+00  1.257E+00  1.885E+00
  3.147E-08  5.150E-08  0.000E+00  0.000E+00  1.257E+00  1.885E+00
  5.150E-08  8.430E-08  0.000E+00  0.000E+00  1.257E+00  1.885E+00
  8.430E-08  1.380E-07  0.000E+00  0.000E+00  1.257E+00  1.885E+00
  1.380E-07  2.258E-07  0.000E+00  0.000E+00  1.257E+00  1.885E+00
  2.258E-07  3.696E-07  0.000E+00  0.000E+00  1.257E+00  1.885E+00
  3.696E-07  6.050E-07  0.000E+00  0.000E+00  1.257E+00  1.885E+00
  6.050E-07  9.902E-07  0.000E+00  0.000E+00  1.257E+00  1.885E+00
  9.902E-07  1.621E-06  0.000E+00  0.000E+00  1.257E+00  1.885E+00
  1.621E-06  2.653E-06  0.000E+00  0.000E+00  1.257E+00  1.885E+00
  2.653E-06  4.342E-06  0.000E+00  0.000E+00  1.257E+00  1.885E+00
  4.342E-06  7.106E-06  0.000E+00  0.000E+00  1.257E+00  1.885E+00
  7.106E-06  1.163E-05  0.000E+00  0.000E+00  1.257E+00  1.885E+00
  1.163E-05  1.904E-05  0.000E+00  0.000E+00  1.257E+00  1.885E+00
  1.904E-05  3.116E-05  1.205E-04  7.328E+01  1.257E+00  1.885E+00
  3.116E-05  5.100E-05  0.000E+00  0.000E+00  1.257E+00  1.885E+00
  5.100E-05  8.347E-05  0.000E+00  0.000E+00  1.257E+00  1.885E+00
  8.347E-05  1.366E-04  0.000E+00  0.000E+00  1.257E+00  1.885E+00
  1.366E-04  2.236E-04  0.000E+00  0.000E+00  1.257E+00  1.885E+00
  2.236E-04  3.660E-04  1.064E-05  7.328E+01  1.257E+00  1.885E+00
  3.660E-04  5.990E-04  0.000E+00  0.000E+00  1.257E+00  1.885E+00
  5.990E-04  9.804E-04  2.463E-05  5.287E+01  1.257E+00  1.885E+00
  9.804E-04  1.605E-03  7.489E-06  7.328E+01  1.257E+00  1.885E+00
  1.605E-03  2.627E-03  1.641E-05  3.941E+01  1.257E+00  1.885E+00
  2.627E-03  4.299E-03  1.185E-05  6.344E+01  1.257E+00  1.885E+00
  4.299E-03  7.036E-03  1.592E-05  2.152E+01  1.257E+00  1.885E+00
  7.036E-03  1.152E-02  2.410E-05  1.777E+01  1.257E+00  1.885E+00
  1.152E-02  1.885E-02  3.647E-05  1.025E+01  1.257E+00  1.885E+00
  1.885E-02  3.085E-02  6.548E-05  7.836E+00  1.257E+00  1.885E+00
  3.085E-02  5.050E-02  8.801E-05  7.438E+00  1.257E+00  1.885E+00
  5.050E-02  8.265E-02  1.081E-04  6.008E+00  1.257E+00  1.885E+00
  8.265E-02  1.353E-01  1.206E-04  7.657E+00  1.257E+00  1.885E+00
  1.353E-01  2.214E-01  1.380E-04  6.813E+00  1.257E+00  1.885E+00
  2.214E-01  3.624E-01  1.399E-04  6.738E+00  1.257E+00  1.885E+00
  3.624E-01  5.931E-01  9.472E-05  7.066E+00  1.257E+00  1.885E+00
  5.931E-01  9.708E-01  3.673E-05  7.292E+00  1.257E+00  1.885E+00
  9.708E-01  1.589E+00  6.223E-06  7.609E+00  1.257E+00  1.885E+00
  1.589E+00  2.601E+00  3.028E-07  7.117E+00  1.257E+00  1.885E+00
  2.601E+00  4.257E+00  3.651E-09  5.933E+01  1.257E+00  1.885E+00
  4.257E+00  6.967E+00  0.000E+00  0.000E+00  1.257E+00  1.885E+00
  6.967E+00  1.140E+01  0.000E+00  0.000E+00  1.257E+00  1.885E+00
  1.140E+01  1.866E+01  0.000E+00  0.000E+00  1.257E+00  1.885E+00
  1.866E+01  3.055E+01  0.000E+00  0.000E+00  1.257E+00  1.885E+00
  3.055E+01  5.000E+01  0.000E+00  0.000E+00  1.257E+00  1.885E+00
  5.000E+01  5.000E+01  0.000E+00  0.000E+00  1.257E+00  1.885E+00

 # Block n:            4     1.88495564      :   2.51327419    
  1.000E-09  1.637E-09  0.000E+00  0.000E+00  1.885E+00  2.513E+00
  1.637E-09  2.679E-09  0.000E+00  0.000E+00  1.885E+00  2.513E+00
  2.679E-09  4.385E-09  0.000E+00  0.000E+00  1.885E+00  2.513E+00
  4.385E-09  7.177E-09  0.000E+00  0.000E+00  1.885E+00  2.513E+00
  7.177E-09  1.175E-08  0.000E+00  0.000E+00  1.885E+00  2.513E+00
  1.175E-08  1.923E-08  0.000E+00  0.000E+00  1.885E+00  2.513E+00
  1.923E-08  3.147E-08  0.000E+00  0.000E+00  1.885E+00  2.513E+00
  3.147E-08  5.150E-08  0.000E+00  0.000E+00  1.885E+00  2.513E+00
  5.150E-08  8.430E-08  0.000E+00  0.000E+00  1.885E+00  2.513E+00
  8.430E-08  1.380E-07  0.000E+00  0.000E+00  1.885E+00  2.513E+00
  1.380E-07  2.258E-07  0.000E+00  0.000E+00  1.885E+00  2.513E+00
  2.258E-07  3.696E-07  0.000E+00  0.000E+00  1.885E+00  2.513E+00
  3.696E-07  6.050E-07  0.000E+00  0.000E+00  1.885E+00  2.513E+00
  6.050E-07  9.902E-07  0.000E+00  0.000E+00  1.885E+00  2.513E+00
  9.902E-07  1.621E-06  0.000E+00  0.000E+00  1.885E+00  2.513E+00
  1.621E-06  2.653E-06  0.000E+00  0.000E+00  1.885E+00  2.513E+00
  2.653E-06  4.342E-06  0.000E+00  0.000E+00  1.885E+00  2.513E+00
  4.342E-06  7.106E-06  0.000E+00  0.000E+00  1.885E+00  2.513E+00
  7.106E-06  1.163E-05  0.000E+00  0.000E+00  1.885E+00  2.513E+00
  1.163E-05  1.904E-05  0.000E+00  0.000E+00  1.885E+00  2.513E+00
  1.904E-05  3.116E-05  0.000E+00  0.000E+00  1.885E+00  2.513E+00
  3.116E-05  5.100E-05  0.000E+00  0.000E+00  1.885E+00  2.513E+00
  5.100E-05  8.347E-05  0.000E+00  0.000E+00  1.885E+00  2.513E+00
  8.347E-05  1.366E-04  0.000E+00  0.000E+00  1.885E+00  2.513E+00
  1.366E-04  2.236E-04  8.228E-05  4.948E+01  1.885E+00  2.513E+00
  2.236E-04  3.660E-04  1.149E-05  7.328E+01  1.885E+00  2.513E+00
  3.660E-04  5.990E-04  2.228E-05  4.997E+01  1.885E+00  2.513E+00
  5.990E-04  9.804E-04  1.348E-05  3.247E+01  1.885E+00  2.513E+00
  9.804E-04  1.605E-03  2.806E-05  2.718E+01  1.885E+00  2.513E+00
  1.605E-03  2.627E-03  1.494E-05  3.333E+01  1.885E+00  2.513E+00
  2.627E-03  4.299E-03  1.350E-05  3.821E+01  1.885E+00  2.513E+00
  4.299E-03  7.036E-03  1.949E-05  1.244E+01  1.885E+00  2.513E+00
  7.036E-03  1.152E-02  1.794E-05  1.097E+01  1.885E+00  2.513E+00
  1.152E-02  1.885E-02  4.721E-05  1.178E+01  1.885E+00  2.513E+00
  1.885E-02  3.085E-02  7.621E-05  5.949E+00  1.885E+00  2.513E+00
  3.085E-02  5.050E-02  8.846E-05  5.218E+00  1.885E+00  2.513E+00
  5.050E-02  8.265E-02  1.115E-04  5.516E+00  1.885E+00  2.513E+00
  8.265E-02  1.353E-01  1.195E-04  5.542E+00  1.885E+00  2.513E+00
  1.353E-01  2.214E-01  1.258E-04  4.767E+00  1.885E+00  2.513E+00
  2.214E-01  3.624E-01  1.071E-04  5.132E+00  1.885E+00  2.513E+00
  3.624E-01  5.931E-01  6.069E-05  5.146E+00  1.885E+00  2.513E+00
  5.931E-01  9.708E-01  1.837E-05  4.948E+00  1.885E+00  2.513E+00
  9.708E-01  1.589E+00  1.865E-06  6.755E+00  1.885E+00  2.513E+00
  1.589E+00  2.601E+00  4.669E-08  2.007E+01  1.885E+00  2.513E+00
  2.601E+00  4.257E+00  0.000E+00  0.000E+00  1.885E+00  2.513E+00
  4.257E+00  6.967E+00  0.000E+00  0.000E+00  1.885E+00  2.513E+00
  6.967E+00  1.140E+01  0.000E+00  0.000E+00  1.885E+00  2.513E+00
  1.140E+01  1.866E+01  0.000E+00  0.000E+00  1.885E+00  2.513E+00
  1.866E+01  3.055E+01  0.000E+00  0.000E+00  1.885E+00  2.513E+00
  3.055E+01  5.000E+01  0.000E+00  0.000E+00  1.885E+00  2.513E+00
  5.000E+01  5.000E+01  0.000E+00  0.000E+00  1.885E+00  2.513E+00

 # Block n:            5     2.51327419      :   3.14159274    
  1.000E-09  1.637E-09  0.000E+00  0.000E+00  2.513E+00  3.142E+00
  1.637E-09  2.679E-09  0.000E+00  0.000E+00  2.513E+00  3.142E+00
  2.679E-09  4.385E-09  0.000E+00  0.000E+00  2.513E+00  3.142E+00
  4.385E-09  7.177E-09  0.000E+00  0.000E+00  2.513E+00  3.142E+00
  7.177E-09  1.175E-08  0.000E+00  0.000E+00  2.513E+00  3.142E+00
  1.175E-08  1.923E-08  0.000E+00  0.000E+00  2.513E+00  3.142E+00
  1.923E-08  3.147E-08  0.000E+00  0.000E+00  2.513E+00  3.142E+00
  3.147E-08  5.150E-08  0.000E+00  0.000E+00  2.513E+00  3.142E+00
  5.150E-08  8.430E-08  0.000E+00  0.000E+00  2.513E+00  3.142E+00
  8.430E-08  1.380E-07  0.000E+00  0.000E+00  2.513E+00  3.142E+00
  1.380E-07  2.258E-07  0.000E+00  0.000E+00  2.513E+00  3.142E+00
  2.258E-07  3.696E-07  0.000E+00  0.000E+00  2.513E+00  3.142E+00
  3.696E-07  6.050E-07  0.000E+00  0.000E+00  2.513E+00  3.142E+00
  6.050E-07  9.902E-07  0.000E+00  0.000E+00  2.513E+00  3.142E+00
  9.902E-07  1.621E-06  0.000E+00  0.000E+00  2.513E+00  3.142E+00
  1.621E-06  2.653E-06  0.000E+00  0.000E+00  2.513E+00  3.142E+00
  2.653E-06  4.342E-06  0.000E+00  0.000E+00  2.513E+00  3.142E+00
  4.342E-06  7.106E-06  0.000E+00  0.000E+00  2.513E+00  3.142E+00
  7.106E-06  1.163E-05  0.000E+00  0.000E+00  2.513E+00  3.142E+00
  1.163E-05  1.904E-05  0.000E+00  0.000E+00  2.513E+00  3.142E+00
  1.904E-05  3.116E-05  0.000E+00  0.000E+00  2.513E+00  3.142E+00
  3.116E-05  5.100E-05  0.000E+00  0.000E+00  2.513E+00  3.142E+00
  5.100E-05  8.347E-05  0.000E+00  0.000E+00  2.513E+00  3.142E+00
  8.347E-05  1.366E-04  0.000E+00  0.000E+00  2.513E+00  3.142E+00
  1.366E-04  2.236E-04  2.378E-05  7.328E+01  2.513E+00  3.142E+00
  2.236E-04  3.660E-04  1.553E-05  7.328E+01  2.513E+00  3.142E+00
  3.660E-04  5.990E-04  0.000E+00  0.000E+00  2.513E+00  3.142E+00
  5.990E-04  9.804E-04  3.306E-05  3.854E+01  2.513E+00  3.142E+00
  9.804E-04  1.605E-03  2.316E-05  3.972E+01  2.513E+00  3.142E+00
  1.605E-03  2.627E-03  2.449E-05  2.420E+01  2.513E+00  3.142E+00
  2.627E-03  4.299E-03  2.142E-05  1.608E+01  2.513E+00  3.142E+00
  4.299E-03  7.036E-03  1.884E-05  1.410E+01  2.513E+00  3.142E+00
  7.036E-03  1.152E-02  2.404E-05  1.296E+01  2.513E+00  3.142E+00
  1.152E-02  1.885E-02  4.842E-05  6.410E+00  2.513E+00  3.142E+00
  1.885E-02  3.085E-02  7.478E-05  7.287E+00  2.513E+00  3.142E+00
  3.085E-02  5.050E-02  9.992E-05  5.283E+00  2.513E+00  3.142E+00
  5.050E-02  8.265E-02  1.195E-04  2.874E+00  2.513E+00  3.142E+00
  8.265E-02  1.353E-01  1.226E-04  3.914E+00  2.513E+00  3.142E+00
  1.353E-01  2.214E-01  1.129E-04  4.185E+00  2.513E+00  3.142E+00
  2.214E-01  3.624E-01  8.929E-05  3.595E+00  2.513E+00  3.142E+00
  3.624E-01  5.931E-01  4.287E-05  3.642E+00  2.513E+00  3.142E+00
  5.931E-01  9.708E-01  9.455E-06  2.863E+00  2.513E+00  3.142E+00
  9.708E-01  1.589E+00  6.887E-07  6.792E+00  2.513E+00  3.142E+00
  1.589E+00  2.601E+00  3.953E-09  4.621E+01  2.513E+00  3.142E+00
  2.601E+00  4.257E+00  0.000E+00  0.000E+00  2.513E+00  3.142E+00
  4.257E+00  6.967E+00  0.000E+00  0.000E+00  2.513E+00  3.142E+00
  6.967E+00  1.140E+01  0.000E+00  0.000E+00  2.513E+00  3.142E+00
  1.140E+01  1.866E+01  0.000E+00  0.000E+00  2.513E+00  3.142E+00
  1.866E+01  3.055E+01  0.000E+00  0.000E+00  2.513E+00  3.142E+00
  3.055E+01  5.000E+01  0.000E+00  0.000E+00  2.513E+00  3.142E+00
  5.000E+01  5.000E+01  0.000E+00  0.000E+00  2.513E+00  3.142E+00

 # Block n:            6     3.14159274      :   3.76991129    
  1.000E-09  1.637E-09  0.000E+00  0.000E+00  3.142E+00  3.770E+00
  1.637E-09  2.679E-09  0.000E+00  0.000E+00  3.142E+00  3.770E+00
  2.679E-09  4.385E-09  0.000E+00  0.000E+00  3.142E+00  3.770E+00
  4.385E-09  7.177E-09  0.000E+00  0.000E+00  3.142E+00  3.770E+00
  7.177E-09  1.175E-08  0.000E+00  0.000E+00  3.142E+00  3.770E+00
  1.175E-08  1.923E-08  0.000E+00  0.000E+00  3.142E+00  3.770E+00
  1.923E-08  3.147E-08  0.000E+00  0.000E+00  3.142E+00  3.770E+00
  3.147E-08  5.150E-08  0.000E+00  0.000E+00  3.142E+00  3.770E+00
  5.150E-08  8.430E-08  0.000E+00  0.000E+00  3.142E+00  3.770E+00
  8.430E-08  1.380E-07  0.000E+00  0.000E+00  3.142E+00  3.770E+00
  1.380E-07  2.258E-07  0.000E+00  0.000E+00  3.142E+00  3.770E+00
  2.258E-07  3.696E-07  0.000E+00  0.000E+00  3.142E+00  3.770E+00
  3.696E-07  6.050E-07  0.000E+00  0.000E+00  3.142E+00  3.770E+00
  6.050E-07  9.902E-07  0.000E+00  0.000E+00  3.142E+00  3.770E+00
  9.902E-07  1.621E-06  0.000E+00  0.000E+00  3.142E+00  3.770E+00
  1.621E-06  2.653E-06  0.000E+00  0.000E+00  3.142E+00  3.770E+00
  2.653E-06  4.342E-06  0.000E+00  0.000E+00  3.142E+00  3.770E+00
  4.342E-06  7.106E-06  0.000E+00  0.000E+00  3.142E+00  3.770E+00
  7.106E-06  1.163E-05  0.000E+00  0.000E+00  3.142E+00  3.770E+00
  1.163E-05  1.904E-05  0.000E+00  0.000E+00  3.142E+00  3.770E+00
  1.904E-05  3.116E-05  0.000E+00  0.000E+00  3.142E+00  3.770E+00
  3.116E-05  5.100E-05  1.396E-04  7.328E+01  3.142E+00  3.770E+00
  5.100E-05  8.347E-05  0.000E+00  0.000E+00  3.142E+00  3.770E+00
  8.347E-05  1.366E-04  0.000E+00  0.000E+00  3.142E+00  3.770E+00
  1.366E-04  2.236E-04  3.108E-05  7.328E+01  3.142E+00  3.770E+00
  2.236E-04  3.660E-04  1.930E-05  9.900E+01  3.142E+00  3.770E+00
  3.660E-04  5.990E-04  4.522E-05  5.733E+01  3.142E+00  3.770E+00
  5.990E-04  9.804E-04  1.309E-05  4.620E+01  3.142E+00  3.770E+00
  9.804E-04  1.605E-03  0.000E+00  0.000E+00  3.142E+00  3.770E+00
  1.605E-03  2.627E-03  2.786E-05  3.811E+01  3.142E+00  3.770E+00
  2.627E-03  4.299E-03  1.767E-05  2.513E+01  3.142E+00  3.770E+00
  4.299E-03  7.036E-03  1.823E-05  2.041E+01  3.142E+00  3.770E+00
  7.036E-03  1.152E-02  2.948E-05  1.110E+01  3.142E+00  3.770E+00
  1.152E-02  1.885E-02  5.900E-05  1.164E+01  3.142E+00  3.770E+00
  1.885E-02  3.085E-02  8.975E-05  4.784E+00  3.142E+00  3.770E+00
  3.085E-02  5.050E-02  1.062E-04  4.128E+00  3.142E+00  3.770E+00
  5.050E-02  8.265E-02  1.285E-04  2.809E+00  3.142E+00  3.770E+00
  8.265E-02  1.353E-01  1.222E-04  1.964E+00  3.142E+00  3.770E+00
  1.353E-01  2.214E-01  1.051E-04  1.863E+00  3.142E+00  3.770E+00
  2.214E-01  3.624E-01  7.344E-05  1.575E+00  3.142E+00  3.770E+00
  3.624E-01  5.931E-01  3.239E-05  2.302E+00  3.142E+00  3.770E+00
  5.931E-01  9.708E-01  5.695E-06  4.132E+00  3.142E+00  3.770E+00
  9.708E-01  1.589E+00  1.851E-07  1.585E+01  3.142E+00  3.770E+00
  1.589E+00  2.601E+00  0.000E+00  0.000E+00  3.142E+00  3.770E+00
  2.601E+00  4.257E+00  0.000E+00  0.000E+00  3.142E+00  3.770E+00
  4.257E+00  6.967E+00  0.000E+00  0.000E+00  3.142E+00  3.770E+00
  6.967E+00  1.140E+01  0.000E+00  0.000E+00  3.142E+00  3.770E+00
  1.140E+01  1.866E+01  0.000E+00  0.000E+00  3.142E+00  3.770E+00
  1.866E+01  3.055E+01  0.000E+00  0.000E+00  3.142E+00  3.770E+00
  3.055E+01  5.000E+01  0.000E+00  0.000E+00  3.142E+00  3.770E+00
  5.000E+01  5.000E+01  0.000E+00  0.000E+00  3.142E+00  3.770E+00

 # Block n:            7     3.76991129      :   4.39822960    
  1.000E-09  1.637E-09  0.000E+00  0.000E+00  3.770E+00  4.398E+00
  1.637E-09  2.679E-09  0.000E+00  0.000E+00  3.770E+00  4.398E+00
  2.679E-09  4.385E-09  0.000E+00  0.000E+00  3.770E+00  4.398E+00
  4.385E-09  7.177E-09  0.000E+00  0.000E+00  3.770E+00  4.398E+00
  7.177E-09  1.175E-08  0.000E+00  0.000E+00  3.770E+00  4.398E+00
  1.175E-08  1.923E-08  0.000E+00  0.000E+00  3.770E+00  4.398E+00
  1.923E-08  3.147E-08  0.000E+00  0.000E+00  3.770E+00  4.398E+00
  3.147E-08  5.150E-08  0.000E+00  0.000E+00  3.770E+00  4.398E+00
  5.150E-08  8.430E-08  0.000E+00  0.000E+00  3.770E+00  4.398E+00
  8.430E-08  1.380E-07  0.000E+00  0.000E+00  3.770E+00  4.398E+00
  1.380E-07  2.258E-07  0.000E+00  0.000E+00  3.770E+00  4.398E+00
  2.258E-07  3.696E-07  0.000E+00  0.000E+00  3.770E+00  4.398E+00
  3.696E-07  6.050E-07  0.000E+00  0.000E+00  3.770E+00  4.398E+00
  6.050E-07  9.902E-07  0.000E+00  0.000E+00  3.770E+00  4.398E+00
  9.902E-07  1.621E-06  0.000E+00  0.000E+00  3.770E+00  4.398E+00
  1.621E-06  2.653E-06  0.000E+00  0.000E+00  3.770E+00  4.398E+00
  2.653E-06  4.342E-06  0.000E+00  0.000E+00  3.770E+00  4.398E+00
  4.342E-06  7.106E-06  0.000E+00  0.000E+00  3.770E+00  4.398E+00
  7.106E-06  1.163E-05  0.000E+00  0.000E+00  3.770E+00  4.398E+00
  1.163E-05  1.904E-05  0.000E+00  0.000E+00  3.770E+00  4.398E+00
  1.904E-05  3.116E-05  0.000E+00  0.000E+00  3.770E+00  4.398E+00
  3.116E-05  5.100E-05  1.455E-04  7.328E+01  3.770E+00  4.398E+00
  5.100E-05  8.347E-05  1.137E-04  7.328E+01  3.770E+00  4.398E+00
  8.347E-05  1.366E-04  1.324E-04  9.900E+01  3.770E+00  4.398E+00
  1.366E-04  2.236E-04  0.000E+00  0.000E+00  3.770E+00  4.398E+00
  2.236E-04  3.660E-04  6.889E-05  7.328E+01  3.770E+00  4.398E+00
  3.660E-04  5.990E-04  1.619E-05  9.900E+01  3.770E+00  4.398E+00
  5.990E-04  9.804E-04  9.934E-06  7.328E+01  3.770E+00  4.398E+00
  9.804E-04  1.605E-03  1.489E-05  3.244E+01  3.770E+00  4.398E+00
  1.605E-03  2.627E-03  1.547E-05  4.398E+01  3.770E+00  4.398E+00
  2.627E-03  4.299E-03  3.285E-05  1.345E+01  3.770E+00  4.398E+00
  4.299E-03  7.036E-03  2.335E-05  2.167E+01  3.770E+00  4.398E+00
  7.036E-03  1.152E-02  4.308E-05  9.261E+00  3.770E+00  4.398E+00
  1.152E-02  1.885E-02  7.997E-05  6.902E+00  3.770E+00  4.398E+00
  1.885E-02  3.085E-02  9.963E-05  4.364E+00  3.770E+00  4.398E+00
  3.085E-02  5.050E-02  1.356E-04  4.560E+00  3.770E+00  4.398E+00
  5.050E-02  8.265E-02  1.424E-04  2.122E+00  3.770E+00  4.398E+00
  8.265E-02  1.353E-01  1.276E-04  3.647E+00  3.770E+00  4.398E+00
  1.353E-01  2.214E-01  1.061E-04  1.860E+00  3.770E+00  4.398E+00
  2.214E-01  3.624E-01  6.568E-05  2.623E+00  3.770E+00  4.398E+00
  3.624E-01  5.931E-01  2.548E-05  2.860E+00  3.770E+00  4.398E+00
  5.931E-01  9.708E-01  3.628E-06  4.528E+00  3.770E+00  4.398E+00
  9.708E-01  1.589E+00  8.405E-08  2.672E+01  3.770E+00  4.398E+00
  1.589E+00  2.601E+00  0.000E+00  0.000E+00  3.770E+00  4.398E+00
  2.601E+00  4.257E+00  0.000E+00  0.000E+00  3.770E+00  4.398E+00
  4.257E+00  6.967E+00  0.000E+00  0.000E+00  3.770E+00  4.398E+00
  6.967E+00  1.140E+01  0.000E+00  0.000E+00  3.770E+00  4.398E+00
  1.140E+01  1.866E+01  0.000E+00  0.000E+00  3.770E+00  4.398E+00
  1.866E+01  3.055E+01  0.000E+00  0.000E+00  3.770E+00  4.398E+00
  3.055E+01  5.000E+01  0.000E+00  0.000E+00  3.770E+00  4.398E+00
  5.000E+01  5.000E+01  0.000E+00  0.000E+00  3.770E+00  4.398E+00

 # Block n:            8     4.39822960      :   5.02654839    
  1.000E-09  1.637E-09  0.000E+00  0.000E+00  4.398E+00  5.027E+00
  1.637E-09  2.679E-09  0.000E+00  0.000E+00  4.398E+00  5.027E+00
  2.679E-09  4.385E-09  0.000E+00  0.000E+00  4.398E+00  5.027E+00
  4.385E-09  7.177E-09  0.000E+00  0.000E+00  4.398E+00  5.027E+00
  7.177E-09  1.175E-08  0.000E+00  0.000E+00  4.398E+00  5.027E+00
  1.175E-08  1.923E-08  0.000E+00  0.000E+00  4.398E+00  5.027E+00
  1.923E-08  3.147E-08  0.000E+00  0.000E+00  4.398E+00  5.027E+00
  3.147E-08  5.150E-08  0.000E+00  0.000E+00  4.398E+00  5.027E+00
  5.150E-08  8.430E-08  0.000E+00  0.000E+00  4.398E+00  5.027E+00
  8.430E-08  1.380E-07  0.000E+00  0.000E+00  4.398E+00  5.027E+00
  1.380E-07  2.258E-07  0.000E+00  0.000E+00  4.398E+00  5.027E+00
  2.258E-07  3.696E-07  0.000E+00  0.000E+00  4.398E+00  5.027E+00
  3.696E-07  6.050E-07  0.000E+00  0.000E+00  4.398E+00  5.027E+00
  6.050E-07  9.902E-07  0.000E+00  0.000E+00  4.398E+00  5.027E+00
  9.902E-07  1.621E-06  0.000E+00  0.000E+00  4.398E+00  5.027E+00
  1.621E-06  2.653E-06  0.000E+00  0.000E+00  4.398E+00  5.027E+00
  2.653E-06  4.342E-06  0.000E+00  0.000E+00  4.398E+00  5.027E+00
  4.342E-06  7.106E-06  0.000E+00  0.000E+00  4.398E+00  5.027E+00
  7.106E-06  1.163E-05  9.496E-04  7.328E+01  4.398E+00  5.027E+00
  1.163E-05  1.904E-05  0.000E+00  0.000E+00  4.398E+00  5.027E+00
  1.904E-05  3.116E-05  4.120E-04  7.328E+01  4.398E+00  5.027E+00
  3.116E-05  5.100E-05  2.646E-04  7.328E+01  4.398E+00  5.027E+00
  5.100E-05  8.347E-05  0.000E+00  0.000E+00  4.398E+00  5.027E+00
  8.347E-05  1.366E-04  0.000E+00  0.000E+00  4.398E+00  5.027E+00
  1.366E-04  2.236E-04  0.000E+00  0.000E+00  4.398E+00  5.027E+00
  2.236E-04  3.660E-04  0.000E+00  0.000E+00  4.398E+00  5.027E+00
  3.660E-04  5.990E-04  5.651E-05  5.175E+01  4.398E+00  5.027E+00
  5.990E-04  9.804E-04  7.423E-05  4.640E+01  4.398E+00  5.027E+00
  9.804E-04  1.605E-03  3.248E-05  3.517E+01  4.398E+00  5.027E+00
  1.605E-03  2.627E-03  1.325E-05  7.356E+01  4.398E+00  5.027E+00
  2.627E-03  4.299E-03  3.912E-05  1.995E+01  4.398E+00  5.027E+00
  4.299E-03  7.036E-03  2.983E-05  2.664E+01  4.398E+00  5.027E+00
  7.036E-03  1.152E-02  3.983E-05  1.348E+01  4.398E+00  5.027E+00
  1.152E-02  1.885E-02  8.524E-05  1.017E+01  4.398E+00  5.027E+00
  1.885E-02  3.085E-02  1.346E-04  6.183E+00  4.398E+00  5.027E+00
  3.085E-02  5.050E-02  1.468E-04  5.819E+00  4.398E+00  5.027E+00
  5.050E-02  8.265E-02  1.629E-04  5.533E+00  4.398E+00  5.027E+00
  8.265E-02  1.353E-01  1.425E-04  3.806E+00  4.398E+00  5.027E+00
  1.353E-01  2.214E-01  9.613E-05  3.442E+00  4.398E+00  5.027E+00
  2.214E-01  3.624E-01  6.340E-05  5.996E+00  4.398E+00  5.027E+00
  3.624E-01  5.931E-01  2.145E-05  4.768E+00  4.398E+00  5.027E+00
  5.931E-01  9.708E-01  1.956E-06  8.155E+00  4.398E+00  5.027E+00
  9.708E-01  1.589E+00  2.031E-08  3.257E+01  4.398E+00  5.027E+00
  1.589E+00  2.601E+00  0.000E+00  0.000E+00  4.398E+00  5.027E+00
  2.601E+00  4.257E+00  0.000E+00  0.000E+00  4.398E+00  5.027E+00
  4.257E+00  6.967E+00  0.000E+00  0.000E+00  4.398E+00  5.027E+00
  6.967E+00  1.140E+01  0.000E+00  0.000E+00  4.398E+00  5.027E+00
  1.140E+01  1.866E+01  0.000E+00  0.000E+00  4.398E+00  5.027E+00
  1.866E+01  3.055E+01  0.000E+00  0.000E+00  4.398E+00  5.027E+00
  3.055E+01  5.000E+01  0.000E+00  0.000E+00  4.398E+00  5.027E+00
  5.000E+01  5.000E+01  0.000E+00  0.000E+00  4.398E+00  5.027E+00

 # Block n:            9     5.02654839      :   5.65486717    
  1.000E-09  1.637E-09  0.000E+00  0.000E+00  5.027E+00  5.655E+00
  1.637E-09  2.679E-09  0.000E+00  0.000E+00  5.027E+00  5.655E+00
  2.679E-09  4.385E-09  0.000E+00  0.000E+00  5.027E+00  5.655E+00
  4.385E-09  7.177E-09  0.000E+00  0.000E+00  5.027E+00  5.655E+00
  7.177E-09  1.175E-08  0.000E+00  0.000E+00  5.027E+00  5.655E+00
  1.175E-08  1.923E-08  0.000E+00  0.000E+00  5.027E+00  5.655E+00
  1.923E-08  3.147E-08  0.000E+00  0.000E+00  5.027E+00  5.655E+00
  3.147E-08  5.150E-08  0.000E+00  0.000E+00  5.027E+00  5.655E+00
  5.150E-08  8.430E-08  0.000E+00  0.000E+00  5.027E+00  5.655E+00
  8.430E-08  1.380E-07  0.000E+00  0.000E+00  5.027E+00  5.655E+00
  1.380E-07  2.258E-07  0.000E+00  0.000E+00  5.027E+00  5.655E+00
  2.258E-07  3.696E-07  0.000E+00  0.000E+00  5.027E+00  5.655E+00
  3.696E-07  6.050E-07  0.000E+00  0.000E+00  5.027E+00  5.655E+00
  6.050E-07  9.902E-07  0.000E+00  0.000E+00  5.027E+00  5.655E+00
  9.902E-07  1.621E-06  0.000E+00  0.000E+00  5.027E+00  5.655E+00
  1.621E-06  2.653E-06  0.000E+00  0.000E+00  5.027E+00  5.655E+00
  2.653E-06  4.342E-06  0.000E+00  0.000E+00  5.027E+00  5.655E+00
  4.342E-06  7.106E-06  0.000E+00  0.000E+00  5.027E+00  5.655E+00
  7.106E-06  1.163E-05  0.000E+00  0.000E+00  5.027E+00  5.655E+00
  1.163E-05  1.904E-05  0.000E+00  0.000E+00  5.027E+00  5.655E+00
  1.904E-05  3.116E-05  0.000E+00  0.000E+00  5.027E+00  5.655E+00
  3.116E-05  5.100E-05  0.000E+00  0.000E+00  5.027E+00  5.655E+00
  5.100E-05  8.347E-05  0.000E+00  0.000E+00  5.027E+00  5.655E+00
  8.347E-05  1.366E-04  0.000E+00  0.000E+00  5.027E+00  5.655E+00
  1.366E-04  2.236E-04  0.000E+00  0.000E+00  5.027E+00  5.655E+00
  2.236E-04  3.660E-04  0.000E+00  0.000E+00  5.027E+00  5.655E+00
  3.660E-04  5.990E-04  1.532E-04  3.672E+01  5.027E+00  5.655E+00
  5.990E-04  9.804E-04  0.000E+00  0.000E+00  5.027E+00  5.655E+00
  9.804E-04  1.605E-03  3.502E-05  5.911E+01  5.027E+00  5.655E+00
  1.605E-03  2.627E-03  2.723E-05  3.937E+01  5.027E+00  5.655E+00
  2.627E-03  4.299E-03  2.830E-05  4.197E+01  5.027E+00  5.655E+00
  4.299E-03  7.036E-03  4.260E-05  2.586E+01  5.027E+00  5.655E+00
  7.036E-03  1.152E-02  4.826E-05  1.603E+01  5.027E+00  5.655E+00
  1.152E-02  1.885E-02  7.638E-05  1.326E+01  5.027E+00  5.655E+00
  1.885E-02  3.085E-02  1.299E-04  8.056E+00  5.027E+00  5.655E+00
  3.085E-02  5.050E-02  1.543E-04  8.054E+00  5.027E+00  5.655E+00
  5.050E-02  8.265E-02  1.737E-04  4.782E+00  5.027E+00  5.655E+00
  8.265E-02  1.353E-01  1.427E-04  4.407E+00  5.027E+00  5.655E+00
  1.353E-01  2.214E-01  9.620E-05  5.003E+00  5.027E+00  5.655E+00
  2.214E-01  3.624E-01  5.775E-05  4.818E+00  5.027E+00  5.655E+00
  3.624E-01  5.931E-01  1.700E-05  6.950E+00  5.027E+00  5.655E+00
  5.931E-01  9.708E-01  1.311E-06  1.207E+01  5.027E+00  5.655E+00
  9.708E-01  1.589E+00  3.815E-08  7.025E+01  5.027E+00  5.655E+00
  1.589E+00  2.601E+00  0.000E+00  0.000E+00  5.027E+00  5.655E+00
  2.601E+00  4.257E+00  0.000E+00  0.000E+00  5.027E+00  5.655E+00
  4.257E+00  6.967E+00  0.000E+00  0.000E+00  5.027E+00  5.655E+00
  6.967E+00  1.140E+01  0.000E+00  0.000E+00  5.027E+00  5.655E+00
  1.140E+01  1.866E+01  0.000E+00  0.000E+00  5.027E+00  5.655E+00
  1.866E+01  3.055E+01  0.000E+00  0.000E+00  5.027E+00  5.655E+00
  3.055E+01  5.000E+01  0.000E+00  0.000E+00  5.027E+00  5.655E+00
  5.000E+01  5.000E+01  0.000E+00  0.000E+00  5.027E+00  5.655E+00

 # Block n:           10     5.65486717      :   6.28318548    
  1.000E-09  1.637E-09  0.000E+00  0.000E+00  5.655E+00  6.283E+00
  1.637E-09  2.679E-09  0.000E+00  0.000E+00  5.655E+00  6.283E+00
  2.679E-09  4.385E-09  0.000E+00  0.000E+00  5.655E+00  6.283E+00
  4.385E-09  7.177E-09  0.000E+00  0.000E+00  5.655E+00  6.283E+00
  7.177E-09  1.175E-08  0.000E+00  0.000E+00  5.655E+00  6.283E+00
  1.175E-08  1.923E-08  0.000E+00  0.000E+00  5.655E+00  6.283E+00
  1.923E-08  3.147E-08  0.000E+00  0.000E+00  5.655E+00  6.283E+00
  3.147E-08  5.150E-08  0.000E+00  0.000E+00  5.655E+00  6.283E+00
  5.150E-08  8.430E-08  0.000E+00  0.000E+00  5.655E+00  6.283E+00
  8.430E-08  1.380E-07  0.000E+00  0.000E+00  5.655E+00  6.283E+00
  1.380E-07  2.258E-07  0.000E+00  0.000E+00  5.655E+00  6.283E+00
  2.258E-07  3.696E-07  0.000E+00  0.000E+00  5.655E+00  6.283E+00
  3.696E-07  6.050E-07  0.000E+00  0.000E+00  5.655E+00  6.283E+00
  6.050E-07  9.902E-07  0.000E+00  0.000E+00  5.655E+00  6.283E+00
  9.902E-07  1.621E-06  0.000E+00  0.000E+00  5.655E+00  6.283E+00
  1.621E-06  2.653E-06  0.000E+00  0.000E+00  5.655E+00  6.283E+00
  2.653E-06  4.342E-06  0.000E+00  0.000E+00  5.655E+00  6.283E+00
  4.342E-06  7.106E-06  0.000E+00  0.000E+00  5.655E+00  6.283E+00
  7.106E-06  1.163E-05  0.000E+00  0.000E+00  5.655E+00  6.283E+00
  1.163E-05  1.904E-05  0.000E+00  0.000E+00  5.655E+00  6.283E+00
  1.904E-05  3.116E-05  0.000E+00  0.000E+00  5.655E+00  6.283E+00
  3.116E-05  5.100E-05  0.000E+00  0.000E+00  5.655E+00  6.283E+00
  5.100E-05  8.347E-05  0.000E+00  0.000E+00  5.655E+00  6.283E+00
  8.347E-05  1.366E-04  0.000E+00  0.000E+00  5.655E+00  6.283E+00
  1.366E-04  2.236E-04  0.000E+00  0.000E+00  5.655E+00  6.283E+00
  2.236E-04  3.660E-04  0.000E+00  0.000E+00  5.655E+00  6.283E+00
  3.660E-04  5.990E-04  0.000E+00  0.000E+00  5.655E+00  6.283E+00
  5.990E-04  9.804E-04  0.000E+00  0.000E+00  5.655E+00  6.283E+00
  9.804E-04  1.605E-03  4.730E-05  4.650E+01  5.655E+00  6.283E+00
  1.605E-03  2.627E-03  3.277E-05  7.328E+01  5.655E+00  6.283E+00
  2.627E-03  4.299E-03  7.117E-05  3.498E+01  5.655E+00  6.283E+00
  4.299E-03  7.036E-03  5.201E-05  4.220E+01  5.655E+00  6.283E+00
  7.036E-03  1.152E-02  3.752E-05  2.622E+01  5.655E+00  6.283E+00
  1.152E-02  1.885E-02  1.179E-04  2.181E+01  5.655E+00  6.283E+00
  1.885E-02  3.085E-02  1.117E-04  1.329E+01  5.655E+00  6.283E+00
  3.085E-02  5.050E-02  1.565E-04  7.541E+00  5.655E+00  6.283E+00
  5.050E-02  8.265E-02  1.657E-04  6.552E+00  5.655E+00  6.283E+00
  8.265E-02  1.353E-01  1.323E-04  4.341E+00  5.655E+00  6.283E+00
  1.353E-01  2.214E-01  7.315E-05  8.462E+00  5.655E+00  6.283E+00
  2.214E-01  3.624E-01  4.497E-05  1.131E+01  5.655E+00  6.283E+00
  3.624E-01  5.931E-01  1.284E-05  8.481E+00  5.655E+00  6.283E+00
  5.931E-01  9.708E-01  6.518E-07  2.058E+01  5.655E+00  6.283E+00
  9.708E-01  1.589E+00  3.349E-08  7.328E+01  5.655E+00  6.283E+00
  1.589E+00  2.601E+00  0.000E+00  0.000E+00  5.655E+00  6.283E+00
  2.601E+00  4.257E+00  0.000E+00  0.000E+00  5.655E+00  6.283E+00
  4.257E+00  6.967E+00  0.000E+00  0.000E+00  5.655E+00  6.283E+00
  6.967E+00  1.140E+01  0.000E+00  0.000E+00  5.655E+00  6.283E+00
  1.140E+01  1.866E+01  0.000E+00  0.000E+00  5.655E+00  6.283E+00
  1.866E+01  3.055E+01  0.000E+00  0.000E+00  5.655E+00  6.283E+00
  3.055E+01  5.000E+01  0.000E+00  0.000E+00  5.655E+00  6.283E+00
  5.000E+01  5.000E+01  0.000E+00  0.000E+00  5.655E+00  6.283E+00

  1.000E-09  1.000E-09  0.000E+00  0.000E+00  6.283E+00  6.283E+00
  1.637E-09  1.637E-09  0.000E+00  0.000E+00  6.283E+00  6.283E+00
  2.679E-09  2.679E-09  0.000E+00  0.000E+00  6.283E+00  6.283E+00
  4.385E-09  4.385E-09  0.000E+00  0.000E+00  6.283E+00  6.283E+00
  7.177E-09  7.177E-09  0.000E+00  0.000E+00  6.283E+00  6.283E+00
  1.175E-08  1.175E-08  0.000E+00  0.000E+00  6.283E+00  6.283E+00
  1.923E-08  1.923E-08  0.000E+00  0.000E+00  6.283E+00  6.283E+00
  3.147E-08  3.147E-08  0.000E+00  0.000E+00  6.283E+00  6.283E+00
  5.150E-08  5.150E-08  0.000E+00  0.000E+00  6.283E+00  6.283E+00
  8.430E-08  8.430E-08  0.000E+00  0.000E+00  6.283E+00  6.283E+00
  1.380E-07  1.380E-07  0.000E+00  0.000E+00  6.283E+00  6.283E+00
  2.258E-07  2.258E-07  0.000E+00  0.000E+00  6.283E+00  6.283E+00
  3.696E-07  3.696E-07  0.000E+00  0.000E+00  6.283E+00  6.283E+00
  6.050E-07  6.050E-07  0.000E+00  0.000E+00  6.283E+00  6.283E+00
  9.902E-07  9.902E-07  0.000E+00  0.000E+00  6.283E+00  6.283E+00
  1.621E-06  1.621E-06  0.000E+00  0.000E+00  6.283E+00  6.283E+00
  2.653E-06  2.653E-06  0.000E+00  0.000E+00  6.283E+00  6.283E+00
  4.342E-06  4.342E-06  0.000E+00  0.000E+00  6.283E+00  6.283E+00
  7.106E-06  7.106E-06  0.000E+00  0.000E+00  6.283E+00  6.283E+00
  1.163E-05  1.163E-05  0.000E+00  0.000E+00  6.283E+00  6.283E+00
  1.904E-05  1.904E-05  0.000E+00  0.000E+00  6.283E+00  6.283E+00
  3.116E-05  3.116E-05  0.000E+00  0.000E+00  6.283E+00  6.283E+00
  5.100E-05  5.100E-05  0.000E+00  0.000E+00  6.283E+00  6.283E+00
  8.347E-05  8.347E-05  0.000E+00  0.000E+00  6.283E+00  6.283E+00
  1.366E-04  1.366E-04  0.000E+00  0.000E+00  6.283E+00  6.283E+00
  2.236E-04  2.236E-04  0.000E+00  0.000E+00  6.283E+00  6.283E+00
  3.660E-04  3.660E-04  0.000E+00  0.000E+00  6.283E+00  6.283E+00
  5.990E-04  5.990E-04  0.000E+00  0.000E+00  6.283E+00  6.283E+00
  9.804E-04  9.804E-04  0.000E+00  0.000E+00  6.283E+00  6.283E+00
  1.605E-03  1.605E-03  0.000E+00  0.000E+00  6.283E+00  6.283E+00
  2.627E-03  2.627E-03  0.000E+00  0.000E+00  6.283E+00  6.283E+00
  4.299E-03  4.299E-03  0.000E+00  0.000E+00  6.283E+00  6.283E+00
  7.036E-03  7.036E-03  0.000E+00  0.000E+00  6.283E+00  6.283E+00
  1.152E-02  1.152E-02  0.000E+00  0.000E+00  6.283E+00  6.283E+00
  1.885E-02  1.885E-02  0.000E+00  0.000E+00  6.283E+00  6.283E+00
  3.085E-02  3.085E-02  0.000E+00  0.000E+00  6.283E+00  6.283E+00
  5.050E-02  5.050E-02  0.000E+00  0.000E+00  6.283E+00  6.283E+00
  8.265E-02  8.265E-02  0.000E+00  0.000E+00  6.283E+00  6.283E+00
  1.353E-01  1.353E-01  0.000E+00  0.000E+00  6.283E+00  6.283E+00
  2.214E-01  2.214E-01  0.000E+00  0.000E+00  6.283E+00  6.283E+00
  3.624E-01  3.624E-01  0.000E+00  0.000E+00  6.283E+00  6.283E+00
  5.931E-01  5.931E-01  0.000E+00  0.000E+00  6.283E+00  6.283E+00
  9.708E-01  9.708E-01  0.000E+00  0.000E+00  6.283E+00  6.283E+00
  1.589E+00  1.589E+00  0.000E+00  0.000E+00  6.283E+00  6.283E+00
  2.601E+00  2.601E+00  0.000E+00  0.000E+00  6.283E+00  6.283E+00
  4.257E+00  4.257E+00  0.000E+00  0.000E+00  6.283E+00  6.283E+00
  6.967E+00  6.967E+00  0.000E+00  0.000E+00  6.283E+00  6.283E+00
  1.140E+01  1.140E+01  0.000E+00  0.000E+00  6.283E+00  6.283E+00
  1.866E+01  1.866E+01  0.000E+00  0.000E+00  6.283E+00  6.283E+00
  3.055E+01  3.055E+01  0.000E+00  0.000E+00  6.283E+00  6.283E+00
  5.000E+01  5.000E+01  0.000E+00  0.000E+00  6.283E+00  6.283E+00
