 # Detector n:            1   piCurrUD  (integrated over solid angle)
 # N. of energy intervals          50
  1.000E-09  1.637E-09  0.000E+00  0.000E+00
  1.637E-09  2.679E-09  0.000E+00  0.000E+00
  2.679E-09  4.385E-09  0.000E+00  0.000E+00
  4.385E-09  7.177E-09  0.000E+00  0.000E+00
  7.177E-09  1.175E-08  0.000E+00  0.000E+00
  1.175E-08  1.923E-08  0.000E+00  0.000E+00
  1.923E-08  3.147E-08  0.000E+00  0.000E+00
  3.147E-08  5.150E-08  0.000E+00  0.000E+00
  5.150E-08  8.430E-08  0.000E+00  0.000E+00
  8.430E-08  1.380E-07  0.000E+00  0.000E+00
  1.380E-07  2.258E-07  0.000E+00  0.000E+00
  2.258E-07  3.696E-07  0.000E+00  0.000E+00
  3.696E-07  6.050E-07  0.000E+00  0.000E+00
  6.050E-07  9.902E-07  0.000E+00  0.000E+00
  9.902E-07  1.621E-06  0.000E+00  0.000E+00
  1.621E-06  2.653E-06  0.000E+00  0.000E+00
  2.653E-06  4.342E-06  0.000E+00  0.000E+00
  4.342E-06  7.106E-06  0.000E+00  0.000E+00
  7.106E-06  1.163E-05  3.157E-04  4.615E+01
  1.163E-05  1.904E-05  0.000E+00  0.000E+00
  1.904E-05  3.116E-05  1.179E-04  4.615E+01
  3.116E-05  5.100E-05  1.440E-04  3.632E+01
  5.100E-05  8.347E-05  2.200E-05  7.328E+01
  8.347E-05  1.366E-04  4.032E-05  6.819E+01
  1.366E-04  2.236E-04  7.390E-05  4.301E+01
  2.236E-04  3.660E-04  3.512E-05  6.667E+01
  3.660E-04  5.990E-04  5.824E-05  1.348E+01
  5.990E-04  9.804E-04  5.993E-05  1.294E+01
  9.804E-04  1.605E-03  5.378E-05  1.127E+01
  1.605E-03  2.627E-03  5.313E-05  1.253E+01
  2.627E-03  4.299E-03  5.595E-05  1.208E+01
  4.299E-03  7.036E-03  5.636E-05  5.985E+00
  7.036E-03  1.152E-02  7.812E-05  4.469E+00
  1.152E-02  1.885E-02  1.534E-04  4.347E+00
  1.885E-02  3.085E-02  2.348E-04  3.574E+00
  3.085E-02  5.050E-02  2.986E-04  3.422E+00
  5.050E-02  8.265E-02  3.662E-04  3.469E+00
  8.265E-02  1.353E-01  3.871E-04  4.626E+00
  1.353E-01  2.214E-01  4.172E-04  5.122E+00
  2.214E-01  3.624E-01  4.377E-04  5.891E+00
  3.624E-01  5.931E-01  3.744E-04  6.519E+00
  5.931E-01  9.708E-01  2.633E-04  7.045E+00
  9.708E-01  1.589E+00  1.687E-04  7.280E+00
  1.589E+00  2.601E+00  1.004E-04  7.124E+00
  2.601E+00  4.257E+00  5.396E-05  7.106E+00
  4.257E+00  6.967E+00  2.633E-05  7.096E+00
  6.967E+00  1.140E+01  1.070E-05  6.924E+00
  1.140E+01  1.866E+01  3.318E-06  6.548E+00
  1.866E+01  3.055E+01  6.520E-07  7.212E+00
  3.055E+01  5.000E+01  3.621E-08  9.008E+00


 # double differential distributions
 # number of solid angle intervals          10
 # Block n:            1     0.00000000      :  0.628318548    
  1.000E-09  1.637E-09  0.000E+00  0.000E+00  0.000E+00  6.283E-01
  1.637E-09  2.679E-09  0.000E+00  0.000E+00  0.000E+00  6.283E-01
  2.679E-09  4.385E-09  0.000E+00  0.000E+00  0.000E+00  6.283E-01
  4.385E-09  7.177E-09  0.000E+00  0.000E+00  0.000E+00  6.283E-01
  7.177E-09  1.175E-08  0.000E+00  0.000E+00  0.000E+00  6.283E-01
  1.175E-08  1.923E-08  0.000E+00  0.000E+00  0.000E+00  6.283E-01
  1.923E-08  3.147E-08  0.000E+00  0.000E+00  0.000E+00  6.283E-01
  3.147E-08  5.150E-08  0.000E+00  0.000E+00  0.000E+00  6.283E-01
  5.150E-08  8.430E-08  0.000E+00  0.000E+00  0.000E+00  6.283E-01
  8.430E-08  1.380E-07  0.000E+00  0.000E+00  0.000E+00  6.283E-01
  1.380E-07  2.258E-07  0.000E+00  0.000E+00  0.000E+00  6.283E-01
  2.258E-07  3.696E-07  0.000E+00  0.000E+00  0.000E+00  6.283E-01
  3.696E-07  6.050E-07  0.000E+00  0.000E+00  0.000E+00  6.283E-01
  6.050E-07  9.902E-07  0.000E+00  0.000E+00  0.000E+00  6.283E-01
  9.902E-07  1.621E-06  0.000E+00  0.000E+00  0.000E+00  6.283E-01
  1.621E-06  2.653E-06  0.000E+00  0.000E+00  0.000E+00  6.283E-01
  2.653E-06  4.342E-06  0.000E+00  0.000E+00  0.000E+00  6.283E-01
  4.342E-06  7.106E-06  0.000E+00  0.000E+00  0.000E+00  6.283E-01
  7.106E-06  1.163E-05  2.512E-04  7.328E+01  0.000E+00  6.283E-01
  1.163E-05  1.904E-05  0.000E+00  0.000E+00  0.000E+00  6.283E-01
  1.904E-05  3.116E-05  0.000E+00  0.000E+00  0.000E+00  6.283E-01
  3.116E-05  5.100E-05  5.730E-05  7.328E+01  0.000E+00  6.283E-01
  5.100E-05  8.347E-05  0.000E+00  0.000E+00  0.000E+00  6.283E-01
  8.347E-05  1.366E-04  2.139E-05  7.328E+01  0.000E+00  6.283E-01
  1.366E-04  2.236E-04  0.000E+00  0.000E+00  0.000E+00  6.283E-01
  2.236E-04  3.660E-04  0.000E+00  0.000E+00  0.000E+00  6.283E-01
  3.660E-04  5.990E-04  0.000E+00  0.000E+00  0.000E+00  6.283E-01
  5.990E-04  9.804E-04  1.192E-05  9.706E+01  0.000E+00  6.283E-01
  9.804E-04  1.605E-03  1.275E-05  3.171E+01  0.000E+00  6.283E-01
  1.605E-03  2.627E-03  1.224E-05  2.859E+01  0.000E+00  6.283E-01
  2.627E-03  4.299E-03  9.516E-06  3.065E+01  0.000E+00  6.283E-01
  4.299E-03  7.036E-03  1.163E-05  3.131E+01  0.000E+00  6.283E-01
  7.036E-03  1.152E-02  1.319E-05  1.100E+01  0.000E+00  6.283E-01
  1.152E-02  1.885E-02  3.318E-05  7.983E+00  0.000E+00  6.283E-01
  1.885E-02  3.085E-02  5.153E-05  5.052E+00  0.000E+00  6.283E-01
  3.085E-02  5.050E-02  6.794E-05  8.452E+00  0.000E+00  6.283E-01
  5.050E-02  8.265E-02  9.267E-05  7.951E+00  0.000E+00  6.283E-01
  8.265E-02  1.353E-01  1.177E-04  8.146E+00  0.000E+00  6.283E-01
  1.353E-01  2.214E-01  1.595E-04  7.926E+00  0.000E+00  6.283E-01
  2.214E-01  3.624E-01  2.317E-04  7.761E+00  0.000E+00  6.283E-01
  3.624E-01  5.931E-01  2.898E-04  7.326E+00  0.000E+00  6.283E-01
  5.931E-01  9.708E-01  2.927E-04  7.230E+00  0.000E+00  6.283E-01
  9.708E-01  1.589E+00  2.388E-04  7.254E+00  0.000E+00  6.283E-01
  1.589E+00  2.601E+00  1.564E-04  7.166E+00  0.000E+00  6.283E-01
  2.601E+00  4.257E+00  8.577E-05  7.105E+00  0.000E+00  6.283E-01
  4.257E+00  6.967E+00  4.190E-05  7.097E+00  0.000E+00  6.283E-01
  6.967E+00  1.140E+01  1.703E-05  6.924E+00  0.000E+00  6.283E-01
  1.140E+01  1.866E+01  5.281E-06  6.548E+00  0.000E+00  6.283E-01
  1.866E+01  3.055E+01  1.038E-06  7.212E+00  0.000E+00  6.283E-01
  3.055E+01  5.000E+01  5.763E-08  9.008E+00  0.000E+00  6.283E-01
  5.000E+01  5.000E+01  0.000E+00  0.000E+00  0.000E+00  6.283E-01

 # Block n:            2    0.628318548      :   1.25663710    
  1.000E-09  1.637E-09  0.000E+00  0.000E+00  6.283E-01  1.257E+00
  1.637E-09  2.679E-09  0.000E+00  0.000E+00  6.283E-01  1.257E+00
  2.679E-09  4.385E-09  0.000E+00  0.000E+00  6.283E-01  1.257E+00
  4.385E-09  7.177E-09  0.000E+00  0.000E+00  6.283E-01  1.257E+00
  7.177E-09  1.175E-08  0.000E+00  0.000E+00  6.283E-01  1.257E+00
  1.175E-08  1.923E-08  0.000E+00  0.000E+00  6.283E-01  1.257E+00
  1.923E-08  3.147E-08  0.000E+00  0.000E+00  6.283E-01  1.257E+00
  3.147E-08  5.150E-08  0.000E+00  0.000E+00  6.283E-01  1.257E+00
  5.150E-08  8.430E-08  0.000E+00  0.000E+00  6.283E-01  1.257E+00
  8.430E-08  1.380E-07  0.000E+00  0.000E+00  6.283E-01  1.257E+00
  1.380E-07  2.258E-07  0.000E+00  0.000E+00  6.283E-01  1.257E+00
  2.258E-07  3.696E-07  0.000E+00  0.000E+00  6.283E-01  1.257E+00
  3.696E-07  6.050E-07  0.000E+00  0.000E+00  6.283E-01  1.257E+00
  6.050E-07  9.902E-07  0.000E+00  0.000E+00  6.283E-01  1.257E+00
  9.902E-07  1.621E-06  0.000E+00  0.000E+00  6.283E-01  1.257E+00
  1.621E-06  2.653E-06  0.000E+00  0.000E+00  6.283E-01  1.257E+00
  2.653E-06  4.342E-06  0.000E+00  0.000E+00  6.283E-01  1.257E+00
  4.342E-06  7.106E-06  0.000E+00  0.000E+00  6.283E-01  1.257E+00
  7.106E-06  1.163E-05  0.000E+00  0.000E+00  6.283E-01  1.257E+00
  1.163E-05  1.904E-05  0.000E+00  0.000E+00  6.283E-01  1.257E+00
  1.904E-05  3.116E-05  0.000E+00  0.000E+00  6.283E-01  1.257E+00
  3.116E-05  5.100E-05  0.000E+00  0.000E+00  6.283E-01  1.257E+00
  5.100E-05  8.347E-05  0.000E+00  0.000E+00  6.283E-01  1.257E+00
  8.347E-05  1.366E-04  0.000E+00  0.000E+00  6.283E-01  1.257E+00
  1.366E-04  2.236E-04  3.921E-05  6.819E+01  6.283E-01  1.257E+00
  2.236E-04  3.660E-04  0.000E+00  0.000E+00  6.283E-01  1.257E+00
  3.660E-04  5.990E-04  1.463E-05  6.819E+01  6.283E-01  1.257E+00
  5.990E-04  9.804E-04  1.192E-05  5.784E+01  6.283E-01  1.257E+00
  9.804E-04  1.605E-03  1.457E-05  3.342E+01  6.283E-01  1.257E+00
  1.605E-03  2.627E-03  1.001E-05  3.239E+01  6.283E-01  1.257E+00
  2.627E-03  4.299E-03  1.292E-05  1.647E+01  6.283E-01  1.257E+00
  4.299E-03  7.036E-03  1.121E-05  2.684E+01  6.283E-01  1.257E+00
  7.036E-03  1.152E-02  2.055E-05  1.696E+01  6.283E-01  1.257E+00
  1.152E-02  1.885E-02  3.473E-05  1.135E+01  6.283E-01  1.257E+00
  1.885E-02  3.085E-02  4.821E-05  1.169E+01  6.283E-01  1.257E+00
  3.085E-02  5.050E-02  6.580E-05  9.653E+00  6.283E-01  1.257E+00
  5.050E-02  8.265E-02  8.790E-05  6.752E+00  6.283E-01  1.257E+00
  8.265E-02  1.353E-01  9.971E-05  8.673E+00  6.283E-01  1.257E+00
  1.353E-01  2.214E-01  1.297E-04  7.747E+00  6.283E-01  1.257E+00
  2.214E-01  3.624E-01  1.574E-04  7.643E+00  6.283E-01  1.257E+00
  3.624E-01  5.931E-01  1.390E-04  7.269E+00  6.283E-01  1.257E+00
  5.931E-01  9.708E-01  7.672E-05  7.391E+00  6.283E-01  1.257E+00
  9.708E-01  1.589E+00  2.322E-05  7.838E+00  6.283E-01  1.257E+00
  1.589E+00  2.601E+00  3.092E-06  5.736E+00  6.283E-01  1.257E+00
  2.601E+00  4.257E+00  1.085E-07  1.308E+01  6.283E-01  1.257E+00
  4.257E+00  6.967E+00  1.678E-09  3.632E+01  6.283E-01  1.257E+00
  6.967E+00  1.140E+01  0.000E+00  0.000E+00  6.283E-01  1.257E+00
  1.140E+01  1.866E+01  0.000E+00  0.000E+00  6.283E-01  1.257E+00
  1.866E+01  3.055E+01  0.000E+00  0.000E+00  6.283E-01  1.257E+00
  3.055E+01  5.000E+01  0.000E+00  0.000E+00  6.283E-01  1.257E+00
  5.000E+01  5.000E+01  0.000E+00  0.000E+00  6.283E-01  1.257E+00

 # Block n:            3     1.25663710      :   1.88495564    
  1.000E-09  1.637E-09  0.000E+00  0.000E+00  1.257E+00  1.885E+00
  1.637E-09  2.679E-09  0.000E+00  0.000E+00  1.257E+00  1.885E+00
  2.679E-09  4.385E-09  0.000E+00  0.000E+00  1.257E+00  1.885E+00
  4.385E-09  7.177E-09  0.000E+00  0.000E+00  1.257E+00  1.885E+00
  7.177E-09  1.175E-08  0.000E+00  0.000E+00  1.257E+00  1.885E+00
  1.175E-08  1.923E-08  0.000E+00  0.000E+00  1.257E+00  1.885E+00
  1.923E-08  3.147E-08  0.000E+00  0.000E+00  1.257E+00  1.885E+00
  3.147E-08  5.150E-08  0.000E+00  0.000E+00  1.257E+00  1.885E+00
  5.150E-08  8.430E-08  0.000E+00  0.000E+00  1.257E+00  1.885E+00
  8.430E-08  1.380E-07  0.000E+00  0.000E+00  1.257E+00  1.885E+00
  1.380E-07  2.258E-07  0.000E+00  0.000E+00  1.257E+00  1.885E+00
  2.258E-07  3.696E-07  0.000E+00  0.000E+00  1.257E+00  1.885E+00
  3.696E-07  6.050E-07  0.000E+00  0.000E+00  1.257E+00  1.885E+00
  6.050E-07  9.902E-07  0.000E+00  0.000E+00  1.257E+00  1.885E+00
  9.902E-07  1.621E-06  0.000E+00  0.000E+00  1.257E+00  1.885E+00
  1.621E-06  2.653E-06  0.000E+00  0.000E+00  1.257E+00  1.885E+00
  2.653E-06  4.342E-06  0.000E+00  0.000E+00  1.257E+00  1.885E+00
  4.342E-06  7.106E-06  0.000E+00  0.000E+00  1.257E+00  1.885E+00
  7.106E-06  1.163E-05  0.000E+00  0.000E+00  1.257E+00  1.885E+00
  1.163E-05  1.904E-05  0.000E+00  0.000E+00  1.257E+00  1.885E+00
  1.904E-05  3.116E-05  9.379E-05  7.328E+01  1.257E+00  1.885E+00
  3.116E-05  5.100E-05  0.000E+00  0.000E+00  1.257E+00  1.885E+00
  5.100E-05  8.347E-05  0.000E+00  0.000E+00  1.257E+00  1.885E+00
  8.347E-05  1.366E-04  0.000E+00  0.000E+00  1.257E+00  1.885E+00
  1.366E-04  2.236E-04  0.000E+00  0.000E+00  1.257E+00  1.885E+00
  2.236E-04  3.660E-04  7.984E-06  7.328E+01  1.257E+00  1.885E+00
  3.660E-04  5.990E-04  0.000E+00  0.000E+00  1.257E+00  1.885E+00
  5.990E-04  9.804E-04  1.788E-05  5.338E+01  1.257E+00  1.885E+00
  9.804E-04  1.605E-03  5.463E-06  7.328E+01  1.257E+00  1.885E+00
  1.605E-03  2.627E-03  1.224E-05  3.891E+01  1.257E+00  1.885E+00
  2.627E-03  4.299E-03  8.837E-06  6.377E+01  1.257E+00  1.885E+00
  4.299E-03  7.036E-03  1.204E-05  2.165E+01  1.257E+00  1.885E+00
  7.036E-03  1.152E-02  1.802E-05  1.771E+01  1.257E+00  1.885E+00
  1.152E-02  1.885E-02  2.728E-05  1.001E+01  1.257E+00  1.885E+00
  1.885E-02  3.085E-02  4.916E-05  7.946E+00  1.257E+00  1.885E+00
  3.085E-02  5.050E-02  6.603E-05  7.489E+00  1.257E+00  1.885E+00
  5.050E-02  8.265E-02  8.100E-05  6.015E+00  1.257E+00  1.885E+00
  8.265E-02  1.353E-01  9.051E-05  7.667E+00  1.257E+00  1.885E+00
  1.353E-01  2.214E-01  1.036E-04  6.839E+00  1.257E+00  1.885E+00
  2.214E-01  3.624E-01  1.053E-04  6.757E+00  1.257E+00  1.885E+00
  3.624E-01  5.931E-01  7.144E-05  7.088E+00  1.257E+00  1.885E+00
  5.931E-01  9.708E-01  2.776E-05  7.327E+00  1.257E+00  1.885E+00
  9.708E-01  1.589E+00  4.730E-06  7.615E+00  1.257E+00  1.885E+00
  1.589E+00  2.601E+00  2.326E-07  7.102E+00  1.257E+00  1.885E+00
  2.601E+00  4.257E+00  2.746E-09  5.784E+01  1.257E+00  1.885E+00
  4.257E+00  6.967E+00  0.000E+00  0.000E+00  1.257E+00  1.885E+00
  6.967E+00  1.140E+01  0.000E+00  0.000E+00  1.257E+00  1.885E+00
  1.140E+01  1.866E+01  0.000E+00  0.000E+00  1.257E+00  1.885E+00
  1.866E+01  3.055E+01  0.000E+00  0.000E+00  1.257E+00  1.885E+00
  3.055E+01  5.000E+01  0.000E+00  0.000E+00  1.257E+00  1.885E+00
  5.000E+01  5.000E+01  0.000E+00  0.000E+00  1.257E+00  1.885E+00

 # Block n:            4     1.88495564      :   2.51327419    
  1.000E-09  1.637E-09  0.000E+00  0.000E+00  1.885E+00  2.513E+00
  1.637E-09  2.679E-09  0.000E+00  0.000E+00  1.885E+00  2.513E+00
  2.679E-09  4.385E-09  0.000E+00  0.000E+00  1.885E+00  2.513E+00
  4.385E-09  7.177E-09  0.000E+00  0.000E+00  1.885E+00  2.513E+00
  7.177E-09  1.175E-08  0.000E+00  0.000E+00  1.885E+00  2.513E+00
  1.175E-08  1.923E-08  0.000E+00  0.000E+00  1.885E+00  2.513E+00
  1.923E-08  3.147E-08  0.000E+00  0.000E+00  1.885E+00  2.513E+00
  3.147E-08  5.150E-08  0.000E+00  0.000E+00  1.885E+00  2.513E+00
  5.150E-08  8.430E-08  0.000E+00  0.000E+00  1.885E+00  2.513E+00
  8.430E-08  1.380E-07  0.000E+00  0.000E+00  1.885E+00  2.513E+00
  1.380E-07  2.258E-07  0.000E+00  0.000E+00  1.885E+00  2.513E+00
  2.258E-07  3.696E-07  0.000E+00  0.000E+00  1.885E+00  2.513E+00
  3.696E-07  6.050E-07  0.000E+00  0.000E+00  1.885E+00  2.513E+00
  6.050E-07  9.902E-07  0.000E+00  0.000E+00  1.885E+00  2.513E+00
  9.902E-07  1.621E-06  0.000E+00  0.000E+00  1.885E+00  2.513E+00
  1.621E-06  2.653E-06  0.000E+00  0.000E+00  1.885E+00  2.513E+00
  2.653E-06  4.342E-06  0.000E+00  0.000E+00  1.885E+00  2.513E+00
  4.342E-06  7.106E-06  0.000E+00  0.000E+00  1.885E+00  2.513E+00
  7.106E-06  1.163E-05  0.000E+00  0.000E+00  1.885E+00  2.513E+00
  1.163E-05  1.904E-05  0.000E+00  0.000E+00  1.885E+00  2.513E+00
  1.904E-05  3.116E-05  0.000E+00  0.000E+00  1.885E+00  2.513E+00
  3.116E-05  5.100E-05  0.000E+00  0.000E+00  1.885E+00  2.513E+00
  5.100E-05  8.347E-05  0.000E+00  0.000E+00  1.885E+00  2.513E+00
  8.347E-05  1.366E-04  0.000E+00  0.000E+00  1.885E+00  2.513E+00
  1.366E-04  2.236E-04  5.227E-05  5.035E+01  1.885E+00  2.513E+00
  2.236E-04  3.660E-04  7.984E-06  7.328E+01  1.885E+00  2.513E+00
  3.660E-04  5.990E-04  1.463E-05  4.990E+01  1.885E+00  2.513E+00
  5.990E-04  9.804E-04  8.941E-06  3.239E+01  1.885E+00  2.513E+00
  9.804E-04  1.605E-03  1.821E-05  2.772E+01  1.885E+00  2.513E+00
  1.605E-03  2.627E-03  1.001E-05  3.361E+01  1.885E+00  2.513E+00
  2.627E-03  4.299E-03  8.837E-06  3.869E+01  1.885E+00  2.513E+00
  4.299E-03  7.036E-03  1.246E-05  1.279E+01  1.885E+00  2.513E+00
  7.036E-03  1.152E-02  1.167E-05  1.083E+01  1.885E+00  2.513E+00
  1.152E-02  1.885E-02  3.070E-05  1.181E+01  1.885E+00  2.513E+00
  1.885E-02  3.085E-02  4.963E-05  5.896E+00  1.885E+00  2.513E+00
  3.085E-02  5.050E-02  5.752E-05  5.188E+00  1.885E+00  2.513E+00
  5.050E-02  8.265E-02  7.245E-05  5.602E+00  1.885E+00  2.513E+00
  8.265E-02  1.353E-01  7.770E-05  5.568E+00  1.885E+00  2.513E+00
  1.353E-01  2.214E-01  8.197E-05  4.802E+00  1.885E+00  2.513E+00
  2.214E-01  3.624E-01  6.984E-05  5.174E+00  1.885E+00  2.513E+00
  3.624E-01  5.931E-01  3.968E-05  5.207E+00  1.885E+00  2.513E+00
  5.931E-01  9.708E-01  1.204E-05  4.993E+00  1.885E+00  2.513E+00
  9.708E-01  1.589E+00  1.228E-06  6.760E+00  1.885E+00  2.513E+00
  1.589E+00  2.601E+00  3.146E-08  2.004E+01  1.885E+00  2.513E+00
  2.601E+00  4.257E+00  0.000E+00  0.000E+00  1.885E+00  2.513E+00
  4.257E+00  6.967E+00  0.000E+00  0.000E+00  1.885E+00  2.513E+00
  6.967E+00  1.140E+01  0.000E+00  0.000E+00  1.885E+00  2.513E+00
  1.140E+01  1.866E+01  0.000E+00  0.000E+00  1.885E+00  2.513E+00
  1.866E+01  3.055E+01  0.000E+00  0.000E+00  1.885E+00  2.513E+00
  3.055E+01  5.000E+01  0.000E+00  0.000E+00  1.885E+00  2.513E+00
  5.000E+01  5.000E+01  0.000E+00  0.000E+00  1.885E+00  2.513E+00

 # Block n:            5     2.51327419      :   3.14159274    
  1.000E-09  1.637E-09  0.000E+00  0.000E+00  2.513E+00  3.142E+00
  1.637E-09  2.679E-09  0.000E+00  0.000E+00  2.513E+00  3.142E+00
  2.679E-09  4.385E-09  0.000E+00  0.000E+00  2.513E+00  3.142E+00
  4.385E-09  7.177E-09  0.000E+00  0.000E+00  2.513E+00  3.142E+00
  7.177E-09  1.175E-08  0.000E+00  0.000E+00  2.513E+00  3.142E+00
  1.175E-08  1.923E-08  0.000E+00  0.000E+00  2.513E+00  3.142E+00
  1.923E-08  3.147E-08  0.000E+00  0.000E+00  2.513E+00  3.142E+00
  3.147E-08  5.150E-08  0.000E+00  0.000E+00  2.513E+00  3.142E+00
  5.150E-08  8.430E-08  0.000E+00  0.000E+00  2.513E+00  3.142E+00
  8.430E-08  1.380E-07  0.000E+00  0.000E+00  2.513E+00  3.142E+00
  1.380E-07  2.258E-07  0.000E+00  0.000E+00  2.513E+00  3.142E+00
  2.258E-07  3.696E-07  0.000E+00  0.000E+00  2.513E+00  3.142E+00
  3.696E-07  6.050E-07  0.000E+00  0.000E+00  2.513E+00  3.142E+00
  6.050E-07  9.902E-07  0.000E+00  0.000E+00  2.513E+00  3.142E+00
  9.902E-07  1.621E-06  0.000E+00  0.000E+00  2.513E+00  3.142E+00
  1.621E-06  2.653E-06  0.000E+00  0.000E+00  2.513E+00  3.142E+00
  2.653E-06  4.342E-06  0.000E+00  0.000E+00  2.513E+00  3.142E+00
  4.342E-06  7.106E-06  0.000E+00  0.000E+00  2.513E+00  3.142E+00
  7.106E-06  1.163E-05  0.000E+00  0.000E+00  2.513E+00  3.142E+00
  1.163E-05  1.904E-05  0.000E+00  0.000E+00  2.513E+00  3.142E+00
  1.904E-05  3.116E-05  0.000E+00  0.000E+00  2.513E+00  3.142E+00
  3.116E-05  5.100E-05  0.000E+00  0.000E+00  2.513E+00  3.142E+00
  5.100E-05  8.347E-05  0.000E+00  0.000E+00  2.513E+00  3.142E+00
  8.347E-05  1.366E-04  0.000E+00  0.000E+00  2.513E+00  3.142E+00
  1.366E-04  2.236E-04  1.307E-05  7.328E+01  2.513E+00  3.142E+00
  2.236E-04  3.660E-04  7.984E-06  7.328E+01  2.513E+00  3.142E+00
  3.660E-04  5.990E-04  0.000E+00  0.000E+00  2.513E+00  3.142E+00
  5.990E-04  9.804E-04  1.788E-05  3.987E+01  2.513E+00  3.142E+00
  9.804E-04  1.605E-03  1.275E-05  4.082E+01  2.513E+00  3.142E+00
  1.605E-03  2.627E-03  1.335E-05  2.448E+01  2.513E+00  3.142E+00
  2.627E-03  4.299E-03  1.156E-05  1.603E+01  2.513E+00  3.142E+00
  4.299E-03  7.036E-03  1.038E-05  1.361E+01  2.513E+00  3.142E+00
  7.036E-03  1.152E-02  1.319E-05  1.272E+01  2.513E+00  3.142E+00
  1.152E-02  1.885E-02  2.651E-05  6.629E+00  2.513E+00  3.142E+00
  1.885E-02  3.085E-02  4.111E-05  7.379E+00  2.513E+00  3.142E+00
  3.085E-02  5.050E-02  5.480E-05  5.329E+00  2.513E+00  3.142E+00
  5.050E-02  8.265E-02  6.569E-05  2.920E+00  2.513E+00  3.142E+00
  8.265E-02  1.353E-01  6.755E-05  3.921E+00  2.513E+00  3.142E+00
  1.353E-01  2.214E-01  6.222E-05  4.163E+00  2.513E+00  3.142E+00
  2.214E-01  3.624E-01  4.920E-05  3.666E+00  2.513E+00  3.142E+00
  3.624E-01  5.931E-01  2.371E-05  3.611E+00  2.513E+00  3.142E+00
  5.931E-01  9.708E-01  5.253E-06  2.874E+00  2.513E+00  3.142E+00
  9.708E-01  1.589E+00  3.844E-07  6.900E+00  2.513E+00  3.142E+00
  1.589E+00  2.601E+00  2.247E-09  4.615E+01  2.513E+00  3.142E+00
  2.601E+00  4.257E+00  0.000E+00  0.000E+00  2.513E+00  3.142E+00
  4.257E+00  6.967E+00  0.000E+00  0.000E+00  2.513E+00  3.142E+00
  6.967E+00  1.140E+01  0.000E+00  0.000E+00  2.513E+00  3.142E+00
  1.140E+01  1.866E+01  0.000E+00  0.000E+00  2.513E+00  3.142E+00
  1.866E+01  3.055E+01  0.000E+00  0.000E+00  2.513E+00  3.142E+00
  3.055E+01  5.000E+01  0.000E+00  0.000E+00  2.513E+00  3.142E+00
  5.000E+01  5.000E+01  0.000E+00  0.000E+00  2.513E+00  3.142E+00

 # Block n:            6     3.14159274      :   3.76991129    
  1.000E-09  1.637E-09  0.000E+00  0.000E+00  3.142E+00  3.770E+00
  1.637E-09  2.679E-09  0.000E+00  0.000E+00  3.142E+00  3.770E+00
  2.679E-09  4.385E-09  0.000E+00  0.000E+00  3.142E+00  3.770E+00
  4.385E-09  7.177E-09  0.000E+00  0.000E+00  3.142E+00  3.770E+00
  7.177E-09  1.175E-08  0.000E+00  0.000E+00  3.142E+00  3.770E+00
  1.175E-08  1.923E-08  0.000E+00  0.000E+00  3.142E+00  3.770E+00
  1.923E-08  3.147E-08  0.000E+00  0.000E+00  3.142E+00  3.770E+00
  3.147E-08  5.150E-08  0.000E+00  0.000E+00  3.142E+00  3.770E+00
  5.150E-08  8.430E-08  0.000E+00  0.000E+00  3.142E+00  3.770E+00
  8.430E-08  1.380E-07  0.000E+00  0.000E+00  3.142E+00  3.770E+00
  1.380E-07  2.258E-07  0.000E+00  0.000E+00  3.142E+00  3.770E+00
  2.258E-07  3.696E-07  0.000E+00  0.000E+00  3.142E+00  3.770E+00
  3.696E-07  6.050E-07  0.000E+00  0.000E+00  3.142E+00  3.770E+00
  6.050E-07  9.902E-07  0.000E+00  0.000E+00  3.142E+00  3.770E+00
  9.902E-07  1.621E-06  0.000E+00  0.000E+00  3.142E+00  3.770E+00
  1.621E-06  2.653E-06  0.000E+00  0.000E+00  3.142E+00  3.770E+00
  2.653E-06  4.342E-06  0.000E+00  0.000E+00  3.142E+00  3.770E+00
  4.342E-06  7.106E-06  0.000E+00  0.000E+00  3.142E+00  3.770E+00
  7.106E-06  1.163E-05  0.000E+00  0.000E+00  3.142E+00  3.770E+00
  1.163E-05  1.904E-05  0.000E+00  0.000E+00  3.142E+00  3.770E+00
  1.904E-05  3.116E-05  0.000E+00  0.000E+00  3.142E+00  3.770E+00
  3.116E-05  5.100E-05  5.730E-05  7.328E+01  3.142E+00  3.770E+00
  5.100E-05  8.347E-05  0.000E+00  0.000E+00  3.142E+00  3.770E+00
  8.347E-05  1.366E-04  0.000E+00  0.000E+00  3.142E+00  3.770E+00
  1.366E-04  2.236E-04  1.307E-05  7.328E+01  3.142E+00  3.770E+00
  2.236E-04  3.660E-04  7.984E-06  9.900E+01  3.142E+00  3.770E+00
  3.660E-04  5.990E-04  1.951E-05  5.784E+01  3.142E+00  3.770E+00
  5.990E-04  9.804E-04  5.961E-06  4.615E+01  3.142E+00  3.770E+00
  9.804E-04  1.605E-03  0.000E+00  0.000E+00  3.142E+00  3.770E+00
  1.605E-03  2.627E-03  1.224E-05  3.750E+01  3.142E+00  3.770E+00
  2.627E-03  4.299E-03  8.157E-06  2.538E+01  3.142E+00  3.770E+00
  4.299E-03  7.036E-03  8.306E-06  1.990E+01  3.142E+00  3.770E+00
  7.036E-03  1.152E-02  1.294E-05  1.072E+01  3.142E+00  3.770E+00
  1.152E-02  1.885E-02  2.651E-05  1.179E+01  3.142E+00  3.770E+00
  1.885E-02  3.085E-02  4.026E-05  4.719E+00  3.142E+00  3.770E+00
  3.085E-02  5.050E-02  4.757E-05  4.219E+00  3.142E+00  3.770E+00
  5.050E-02  8.265E-02  5.788E-05  2.903E+00  3.142E+00  3.770E+00
  8.265E-02  1.353E-01  5.491E-05  1.974E+00  3.142E+00  3.770E+00
  1.353E-01  2.214E-01  4.738E-05  1.823E+00  3.142E+00  3.770E+00
  2.214E-01  3.624E-01  3.313E-05  1.628E+00  3.142E+00  3.770E+00
  3.624E-01  5.931E-01  1.464E-05  2.317E+00  3.142E+00  3.770E+00
  5.931E-01  9.708E-01  2.589E-06  4.098E+00  3.142E+00  3.770E+00
  9.708E-01  1.589E+00  8.460E-08  1.587E+01  3.142E+00  3.770E+00
  1.589E+00  2.601E+00  0.000E+00  0.000E+00  3.142E+00  3.770E+00
  2.601E+00  4.257E+00  0.000E+00  0.000E+00  3.142E+00  3.770E+00
  4.257E+00  6.967E+00  0.000E+00  0.000E+00  3.142E+00  3.770E+00
  6.967E+00  1.140E+01  0.000E+00  0.000E+00  3.142E+00  3.770E+00
  1.140E+01  1.866E+01  0.000E+00  0.000E+00  3.142E+00  3.770E+00
  1.866E+01  3.055E+01  0.000E+00  0.000E+00  3.142E+00  3.770E+00
  3.055E+01  5.000E+01  0.000E+00  0.000E+00  3.142E+00  3.770E+00
  5.000E+01  5.000E+01  0.000E+00  0.000E+00  3.142E+00  3.770E+00

 # Block n:            7     3.76991129      :   4.39822960    
  1.000E-09  1.637E-09  0.000E+00  0.000E+00  3.770E+00  4.398E+00
  1.637E-09  2.679E-09  0.000E+00  0.000E+00  3.770E+00  4.398E+00
  2.679E-09  4.385E-09  0.000E+00  0.000E+00  3.770E+00  4.398E+00
  4.385E-09  7.177E-09  0.000E+00  0.000E+00  3.770E+00  4.398E+00
  7.177E-09  1.175E-08  0.000E+00  0.000E+00  3.770E+00  4.398E+00
  1.175E-08  1.923E-08  0.000E+00  0.000E+00  3.770E+00  4.398E+00
  1.923E-08  3.147E-08  0.000E+00  0.000E+00  3.770E+00  4.398E+00
  3.147E-08  5.150E-08  0.000E+00  0.000E+00  3.770E+00  4.398E+00
  5.150E-08  8.430E-08  0.000E+00  0.000E+00  3.770E+00  4.398E+00
  8.430E-08  1.380E-07  0.000E+00  0.000E+00  3.770E+00  4.398E+00
  1.380E-07  2.258E-07  0.000E+00  0.000E+00  3.770E+00  4.398E+00
  2.258E-07  3.696E-07  0.000E+00  0.000E+00  3.770E+00  4.398E+00
  3.696E-07  6.050E-07  0.000E+00  0.000E+00  3.770E+00  4.398E+00
  6.050E-07  9.902E-07  0.000E+00  0.000E+00  3.770E+00  4.398E+00
  9.902E-07  1.621E-06  0.000E+00  0.000E+00  3.770E+00  4.398E+00
  1.621E-06  2.653E-06  0.000E+00  0.000E+00  3.770E+00  4.398E+00
  2.653E-06  4.342E-06  0.000E+00  0.000E+00  3.770E+00  4.398E+00
  4.342E-06  7.106E-06  0.000E+00  0.000E+00  3.770E+00  4.398E+00
  7.106E-06  1.163E-05  0.000E+00  0.000E+00  3.770E+00  4.398E+00
  1.163E-05  1.904E-05  0.000E+00  0.000E+00  3.770E+00  4.398E+00
  1.904E-05  3.116E-05  0.000E+00  0.000E+00  3.770E+00  4.398E+00
  3.116E-05  5.100E-05  5.730E-05  7.328E+01  3.770E+00  4.398E+00
  5.100E-05  8.347E-05  3.501E-05  7.328E+01  3.770E+00  4.398E+00
  8.347E-05  1.366E-04  4.278E-05  9.900E+01  3.770E+00  4.398E+00
  1.366E-04  2.236E-04  0.000E+00  0.000E+00  3.770E+00  4.398E+00
  2.236E-04  3.660E-04  2.395E-05  7.328E+01  3.770E+00  4.398E+00
  3.660E-04  5.990E-04  4.878E-06  9.900E+01  3.770E+00  4.398E+00
  5.990E-04  9.804E-04  2.980E-06  7.328E+01  3.770E+00  4.398E+00
  9.804E-04  1.605E-03  5.463E-06  3.239E+01  3.770E+00  4.398E+00
  1.605E-03  2.627E-03  5.563E-06  4.472E+01  3.770E+00  4.398E+00
  2.627E-03  4.299E-03  1.156E-05  1.377E+01  3.770E+00  4.398E+00
  4.299E-03  7.036E-03  8.306E-06  2.184E+01  3.770E+00  4.398E+00
  7.036E-03  1.152E-02  1.497E-05  8.550E+00  3.770E+00  4.398E+00
  1.152E-02  1.885E-02  2.791E-05  6.823E+00  3.770E+00  4.398E+00
  1.885E-02  3.085E-02  3.476E-05  4.301E+00  3.770E+00  4.398E+00
  3.085E-02  5.050E-02  4.722E-05  4.451E+00  3.770E+00  4.398E+00
  5.050E-02  8.265E-02  4.975E-05  2.152E+00  3.770E+00  4.398E+00
  8.265E-02  1.353E-01  4.452E-05  3.523E+00  3.770E+00  4.398E+00
  1.353E-01  2.214E-01  3.717E-05  1.796E+00  3.770E+00  4.398E+00
  2.214E-01  3.624E-01  2.301E-05  2.560E+00  3.770E+00  4.398E+00
  3.624E-01  5.931E-01  8.957E-06  2.843E+00  3.770E+00  4.398E+00
  5.931E-01  9.708E-01  1.282E-06  4.338E+00  3.770E+00  4.398E+00
  9.708E-01  1.589E+00  2.942E-08  2.668E+01  3.770E+00  4.398E+00
  1.589E+00  2.601E+00  0.000E+00  0.000E+00  3.770E+00  4.398E+00
  2.601E+00  4.257E+00  0.000E+00  0.000E+00  3.770E+00  4.398E+00
  4.257E+00  6.967E+00  0.000E+00  0.000E+00  3.770E+00  4.398E+00
  6.967E+00  1.140E+01  0.000E+00  0.000E+00  3.770E+00  4.398E+00
  1.140E+01  1.866E+01  0.000E+00  0.000E+00  3.770E+00  4.398E+00
  1.866E+01  3.055E+01  0.000E+00  0.000E+00  3.770E+00  4.398E+00
  3.055E+01  5.000E+01  0.000E+00  0.000E+00  3.770E+00  4.398E+00
  5.000E+01  5.000E+01  0.000E+00  0.000E+00  3.770E+00  4.398E+00

 # Block n:            8     4.39822960      :   5.02654839    
  1.000E-09  1.637E-09  0.000E+00  0.000E+00  4.398E+00  5.027E+00
  1.637E-09  2.679E-09  0.000E+00  0.000E+00  4.398E+00  5.027E+00
  2.679E-09  4.385E-09  0.000E+00  0.000E+00  4.398E+00  5.027E+00
  4.385E-09  7.177E-09  0.000E+00  0.000E+00  4.398E+00  5.027E+00
  7.177E-09  1.175E-08  0.000E+00  0.000E+00  4.398E+00  5.027E+00
  1.175E-08  1.923E-08  0.000E+00  0.000E+00  4.398E+00  5.027E+00
  1.923E-08  3.147E-08  0.000E+00  0.000E+00  4.398E+00  5.027E+00
  3.147E-08  5.150E-08  0.000E+00  0.000E+00  4.398E+00  5.027E+00
  5.150E-08  8.430E-08  0.000E+00  0.000E+00  4.398E+00  5.027E+00
  8.430E-08  1.380E-07  0.000E+00  0.000E+00  4.398E+00  5.027E+00
  1.380E-07  2.258E-07  0.000E+00  0.000E+00  4.398E+00  5.027E+00
  2.258E-07  3.696E-07  0.000E+00  0.000E+00  4.398E+00  5.027E+00
  3.696E-07  6.050E-07  0.000E+00  0.000E+00  4.398E+00  5.027E+00
  6.050E-07  9.902E-07  0.000E+00  0.000E+00  4.398E+00  5.027E+00
  9.902E-07  1.621E-06  0.000E+00  0.000E+00  4.398E+00  5.027E+00
  1.621E-06  2.653E-06  0.000E+00  0.000E+00  4.398E+00  5.027E+00
  2.653E-06  4.342E-06  0.000E+00  0.000E+00  4.398E+00  5.027E+00
  4.342E-06  7.106E-06  0.000E+00  0.000E+00  4.398E+00  5.027E+00
  7.106E-06  1.163E-05  2.512E-04  7.328E+01  4.398E+00  5.027E+00
  1.163E-05  1.904E-05  0.000E+00  0.000E+00  4.398E+00  5.027E+00
  1.904E-05  3.116E-05  9.379E-05  7.328E+01  4.398E+00  5.027E+00
  3.116E-05  5.100E-05  5.730E-05  7.328E+01  4.398E+00  5.027E+00
  5.100E-05  8.347E-05  0.000E+00  0.000E+00  4.398E+00  5.027E+00
  8.347E-05  1.366E-04  0.000E+00  0.000E+00  4.398E+00  5.027E+00
  1.366E-04  2.236E-04  0.000E+00  0.000E+00  4.398E+00  5.027E+00
  2.236E-04  3.660E-04  0.000E+00  0.000E+00  4.398E+00  5.027E+00
  3.660E-04  5.990E-04  1.463E-05  4.990E+01  4.398E+00  5.027E+00
  5.990E-04  9.804E-04  1.788E-05  4.615E+01  4.398E+00  5.027E+00
  9.804E-04  1.605E-03  7.284E-06  3.632E+01  4.398E+00  5.027E+00
  1.605E-03  2.627E-03  3.338E-06  7.804E+01  4.398E+00  5.027E+00
  2.627E-03  4.299E-03  1.020E-05  1.967E+01  4.398E+00  5.027E+00
  4.299E-03  7.036E-03  7.476E-06  2.625E+01  4.398E+00  5.027E+00
  7.036E-03  1.152E-02  1.015E-05  1.284E+01  4.398E+00  5.027E+00
  1.152E-02  1.885E-02  2.139E-05  9.974E+00  4.398E+00  5.027E+00
  1.885E-02  3.085E-02  3.353E-05  6.279E+00  4.398E+00  5.027E+00
  3.085E-02  5.050E-02  3.640E-05  5.764E+00  4.398E+00  5.027E+00
  5.050E-02  8.265E-02  4.059E-05  5.455E+00  4.398E+00  5.027E+00
  8.265E-02  1.353E-01  3.558E-05  3.797E+00  4.398E+00  5.027E+00
  1.353E-01  2.214E-01  2.398E-05  3.244E+00  4.398E+00  5.027E+00
  2.214E-01  3.624E-01  1.585E-05  5.893E+00  4.398E+00  5.027E+00
  3.624E-01  5.931E-01  5.390E-06  4.521E+00  4.398E+00  5.027E+00
  5.931E-01  9.708E-01  4.967E-07  8.000E+00  4.398E+00  5.027E+00
  9.708E-01  1.589E+00  5.517E-09  3.239E+01  4.398E+00  5.027E+00
  1.589E+00  2.601E+00  0.000E+00  0.000E+00  4.398E+00  5.027E+00
  2.601E+00  4.257E+00  0.000E+00  0.000E+00  4.398E+00  5.027E+00
  4.257E+00  6.967E+00  0.000E+00  0.000E+00  4.398E+00  5.027E+00
  6.967E+00  1.140E+01  0.000E+00  0.000E+00  4.398E+00  5.027E+00
  1.140E+01  1.866E+01  0.000E+00  0.000E+00  4.398E+00  5.027E+00
  1.866E+01  3.055E+01  0.000E+00  0.000E+00  4.398E+00  5.027E+00
  3.055E+01  5.000E+01  0.000E+00  0.000E+00  4.398E+00  5.027E+00
  5.000E+01  5.000E+01  0.000E+00  0.000E+00  4.398E+00  5.027E+00

 # Block n:            9     5.02654839      :   5.65486717    
  1.000E-09  1.637E-09  0.000E+00  0.000E+00  5.027E+00  5.655E+00
  1.637E-09  2.679E-09  0.000E+00  0.000E+00  5.027E+00  5.655E+00
  2.679E-09  4.385E-09  0.000E+00  0.000E+00  5.027E+00  5.655E+00
  4.385E-09  7.177E-09  0.000E+00  0.000E+00  5.027E+00  5.655E+00
  7.177E-09  1.175E-08  0.000E+00  0.000E+00  5.027E+00  5.655E+00
  1.175E-08  1.923E-08  0.000E+00  0.000E+00  5.027E+00  5.655E+00
  1.923E-08  3.147E-08  0.000E+00  0.000E+00  5.027E+00  5.655E+00
  3.147E-08  5.150E-08  0.000E+00  0.000E+00  5.027E+00  5.655E+00
  5.150E-08  8.430E-08  0.000E+00  0.000E+00  5.027E+00  5.655E+00
  8.430E-08  1.380E-07  0.000E+00  0.000E+00  5.027E+00  5.655E+00
  1.380E-07  2.258E-07  0.000E+00  0.000E+00  5.027E+00  5.655E+00
  2.258E-07  3.696E-07  0.000E+00  0.000E+00  5.027E+00  5.655E+00
  3.696E-07  6.050E-07  0.000E+00  0.000E+00  5.027E+00  5.655E+00
  6.050E-07  9.902E-07  0.000E+00  0.000E+00  5.027E+00  5.655E+00
  9.902E-07  1.621E-06  0.000E+00  0.000E+00  5.027E+00  5.655E+00
  1.621E-06  2.653E-06  0.000E+00  0.000E+00  5.027E+00  5.655E+00
  2.653E-06  4.342E-06  0.000E+00  0.000E+00  5.027E+00  5.655E+00
  4.342E-06  7.106E-06  0.000E+00  0.000E+00  5.027E+00  5.655E+00
  7.106E-06  1.163E-05  0.000E+00  0.000E+00  5.027E+00  5.655E+00
  1.163E-05  1.904E-05  0.000E+00  0.000E+00  5.027E+00  5.655E+00
  1.904E-05  3.116E-05  0.000E+00  0.000E+00  5.027E+00  5.655E+00
  3.116E-05  5.100E-05  0.000E+00  0.000E+00  5.027E+00  5.655E+00
  5.100E-05  8.347E-05  0.000E+00  0.000E+00  5.027E+00  5.655E+00
  8.347E-05  1.366E-04  0.000E+00  0.000E+00  5.027E+00  5.655E+00
  1.366E-04  2.236E-04  0.000E+00  0.000E+00  5.027E+00  5.655E+00
  2.236E-04  3.660E-04  0.000E+00  0.000E+00  5.027E+00  5.655E+00
  3.660E-04  5.990E-04  2.439E-05  3.496E+01  5.027E+00  5.655E+00
  5.990E-04  9.804E-04  0.000E+00  0.000E+00  5.027E+00  5.655E+00
  9.804E-04  1.605E-03  5.463E-06  6.819E+01  5.027E+00  5.655E+00
  1.605E-03  2.627E-03  4.450E-06  3.632E+01  5.027E+00  5.655E+00
  2.627E-03  4.299E-03  4.078E-06  4.415E+01  5.027E+00  5.655E+00
  4.299E-03  7.036E-03  5.814E-06  2.329E+01  5.027E+00  5.655E+00
  7.036E-03  1.152E-02  7.105E-06  1.691E+01  5.027E+00  5.655E+00
  1.152E-02  1.885E-02  1.147E-05  1.347E+01  5.027E+00  5.655E+00
  1.885E-02  3.085E-02  1.913E-05  8.031E+00  5.027E+00  5.655E+00
  3.085E-02  5.050E-02  2.303E-05  7.995E+00  5.027E+00  5.655E+00
  5.050E-02  8.265E-02  2.616E-05  4.774E+00  5.027E+00  5.655E+00
  8.265E-02  1.353E-01  2.152E-05  4.729E+00  5.027E+00  5.655E+00
  1.353E-01  2.214E-01  1.453E-05  4.854E+00  5.027E+00  5.655E+00
  2.214E-01  3.624E-01  8.789E-06  5.053E+00  5.027E+00  5.655E+00
  3.624E-01  5.931E-01  2.562E-06  6.469E+00  5.027E+00  5.655E+00
  5.931E-01  9.708E-01  2.017E-07  1.084E+01  5.027E+00  5.655E+00
  9.708E-01  1.589E+00  5.517E-09  6.819E+01  5.027E+00  5.655E+00
  1.589E+00  2.601E+00  0.000E+00  0.000E+00  5.027E+00  5.655E+00
  2.601E+00  4.257E+00  0.000E+00  0.000E+00  5.027E+00  5.655E+00
  4.257E+00  6.967E+00  0.000E+00  0.000E+00  5.027E+00  5.655E+00
  6.967E+00  1.140E+01  0.000E+00  0.000E+00  5.027E+00  5.655E+00
  1.140E+01  1.866E+01  0.000E+00  0.000E+00  5.027E+00  5.655E+00
  1.866E+01  3.055E+01  0.000E+00  0.000E+00  5.027E+00  5.655E+00
  3.055E+01  5.000E+01  0.000E+00  0.000E+00  5.027E+00  5.655E+00
  5.000E+01  5.000E+01  0.000E+00  0.000E+00  5.027E+00  5.655E+00

 # Block n:           10     5.65486717      :   6.28318548    
  1.000E-09  1.637E-09  0.000E+00  0.000E+00  5.655E+00  6.283E+00
  1.637E-09  2.679E-09  0.000E+00  0.000E+00  5.655E+00  6.283E+00
  2.679E-09  4.385E-09  0.000E+00  0.000E+00  5.655E+00  6.283E+00
  4.385E-09  7.177E-09  0.000E+00  0.000E+00  5.655E+00  6.283E+00
  7.177E-09  1.175E-08  0.000E+00  0.000E+00  5.655E+00  6.283E+00
  1.175E-08  1.923E-08  0.000E+00  0.000E+00  5.655E+00  6.283E+00
  1.923E-08  3.147E-08  0.000E+00  0.000E+00  5.655E+00  6.283E+00
  3.147E-08  5.150E-08  0.000E+00  0.000E+00  5.655E+00  6.283E+00
  5.150E-08  8.430E-08  0.000E+00  0.000E+00  5.655E+00  6.283E+00
  8.430E-08  1.380E-07  0.000E+00  0.000E+00  5.655E+00  6.283E+00
  1.380E-07  2.258E-07  0.000E+00  0.000E+00  5.655E+00  6.283E+00
  2.258E-07  3.696E-07  0.000E+00  0.000E+00  5.655E+00  6.283E+00
  3.696E-07  6.050E-07  0.000E+00  0.000E+00  5.655E+00  6.283E+00
  6.050E-07  9.902E-07  0.000E+00  0.000E+00  5.655E+00  6.283E+00
  9.902E-07  1.621E-06  0.000E+00  0.000E+00  5.655E+00  6.283E+00
  1.621E-06  2.653E-06  0.000E+00  0.000E+00  5.655E+00  6.283E+00
  2.653E-06  4.342E-06  0.000E+00  0.000E+00  5.655E+00  6.283E+00
  4.342E-06  7.106E-06  0.000E+00  0.000E+00  5.655E+00  6.283E+00
  7.106E-06  1.163E-05  0.000E+00  0.000E+00  5.655E+00  6.283E+00
  1.163E-05  1.904E-05  0.000E+00  0.000E+00  5.655E+00  6.283E+00
  1.904E-05  3.116E-05  0.000E+00  0.000E+00  5.655E+00  6.283E+00
  3.116E-05  5.100E-05  0.000E+00  0.000E+00  5.655E+00  6.283E+00
  5.100E-05  8.347E-05  0.000E+00  0.000E+00  5.655E+00  6.283E+00
  8.347E-05  1.366E-04  0.000E+00  0.000E+00  5.655E+00  6.283E+00
  1.366E-04  2.236E-04  0.000E+00  0.000E+00  5.655E+00  6.283E+00
  2.236E-04  3.660E-04  0.000E+00  0.000E+00  5.655E+00  6.283E+00
  3.660E-04  5.990E-04  0.000E+00  0.000E+00  5.655E+00  6.283E+00
  5.990E-04  9.804E-04  0.000E+00  0.000E+00  5.655E+00  6.283E+00
  9.804E-04  1.605E-03  3.642E-06  4.615E+01  5.655E+00  6.283E+00
  1.605E-03  2.627E-03  1.113E-06  7.328E+01  5.655E+00  6.283E+00
  2.627E-03  4.299E-03  3.399E-06  2.653E+01  5.655E+00  6.283E+00
  4.299E-03  7.036E-03  2.077E-06  3.496E+01  5.655E+00  6.283E+00
  7.036E-03  1.152E-02  2.537E-06  2.653E+01  5.655E+00  6.283E+00
  1.152E-02  1.885E-02  4.496E-06  2.200E+01  5.655E+00  6.283E+00
  1.885E-02  3.085E-02  6.441E-06  1.081E+01  5.655E+00  6.283E+00
  3.085E-02  5.050E-02  8.912E-06  8.106E+00  5.655E+00  6.283E+00
  5.050E-02  8.265E-02  8.698E-06  6.544E+00  5.655E+00  6.283E+00
  8.265E-02  1.353E-01  6.351E-06  3.876E+00  5.655E+00  6.283E+00
  1.353E-01  2.214E-01  3.854E-06  7.218E+00  5.655E+00  6.283E+00
  2.214E-01  3.624E-01  2.484E-06  8.847E+00  5.655E+00  6.283E+00
  3.624E-01  5.931E-01  6.750E-07  7.894E+00  5.655E+00  6.283E+00
  5.931E-01  9.708E-01  3.913E-08  1.961E+01  5.655E+00  6.283E+00
  9.708E-01  1.589E+00  1.839E-09  7.328E+01  5.655E+00  6.283E+00
  1.589E+00  2.601E+00  0.000E+00  0.000E+00  5.655E+00  6.283E+00
  2.601E+00  4.257E+00  0.000E+00  0.000E+00  5.655E+00  6.283E+00
  4.257E+00  6.967E+00  0.000E+00  0.000E+00  5.655E+00  6.283E+00
  6.967E+00  1.140E+01  0.000E+00  0.000E+00  5.655E+00  6.283E+00
  1.140E+01  1.866E+01  0.000E+00  0.000E+00  5.655E+00  6.283E+00
  1.866E+01  3.055E+01  0.000E+00  0.000E+00  5.655E+00  6.283E+00
  3.055E+01  5.000E+01  0.000E+00  0.000E+00  5.655E+00  6.283E+00
  5.000E+01  5.000E+01  0.000E+00  0.000E+00  5.655E+00  6.283E+00

  1.000E-09  1.000E-09  0.000E+00  0.000E+00  6.283E+00  6.283E+00
  1.637E-09  1.637E-09  0.000E+00  0.000E+00  6.283E+00  6.283E+00
  2.679E-09  2.679E-09  0.000E+00  0.000E+00  6.283E+00  6.283E+00
  4.385E-09  4.385E-09  0.000E+00  0.000E+00  6.283E+00  6.283E+00
  7.177E-09  7.177E-09  0.000E+00  0.000E+00  6.283E+00  6.283E+00
  1.175E-08  1.175E-08  0.000E+00  0.000E+00  6.283E+00  6.283E+00
  1.923E-08  1.923E-08  0.000E+00  0.000E+00  6.283E+00  6.283E+00
  3.147E-08  3.147E-08  0.000E+00  0.000E+00  6.283E+00  6.283E+00
  5.150E-08  5.150E-08  0.000E+00  0.000E+00  6.283E+00  6.283E+00
  8.430E-08  8.430E-08  0.000E+00  0.000E+00  6.283E+00  6.283E+00
  1.380E-07  1.380E-07  0.000E+00  0.000E+00  6.283E+00  6.283E+00
  2.258E-07  2.258E-07  0.000E+00  0.000E+00  6.283E+00  6.283E+00
  3.696E-07  3.696E-07  0.000E+00  0.000E+00  6.283E+00  6.283E+00
  6.050E-07  6.050E-07  0.000E+00  0.000E+00  6.283E+00  6.283E+00
  9.902E-07  9.902E-07  0.000E+00  0.000E+00  6.283E+00  6.283E+00
  1.621E-06  1.621E-06  0.000E+00  0.000E+00  6.283E+00  6.283E+00
  2.653E-06  2.653E-06  0.000E+00  0.000E+00  6.283E+00  6.283E+00
  4.342E-06  4.342E-06  0.000E+00  0.000E+00  6.283E+00  6.283E+00
  7.106E-06  7.106E-06  0.000E+00  0.000E+00  6.283E+00  6.283E+00
  1.163E-05  1.163E-05  0.000E+00  0.000E+00  6.283E+00  6.283E+00
  1.904E-05  1.904E-05  0.000E+00  0.000E+00  6.283E+00  6.283E+00
  3.116E-05  3.116E-05  0.000E+00  0.000E+00  6.283E+00  6.283E+00
  5.100E-05  5.100E-05  0.000E+00  0.000E+00  6.283E+00  6.283E+00
  8.347E-05  8.347E-05  0.000E+00  0.000E+00  6.283E+00  6.283E+00
  1.366E-04  1.366E-04  0.000E+00  0.000E+00  6.283E+00  6.283E+00
  2.236E-04  2.236E-04  0.000E+00  0.000E+00  6.283E+00  6.283E+00
  3.660E-04  3.660E-04  0.000E+00  0.000E+00  6.283E+00  6.283E+00
  5.990E-04  5.990E-04  0.000E+00  0.000E+00  6.283E+00  6.283E+00
  9.804E-04  9.804E-04  0.000E+00  0.000E+00  6.283E+00  6.283E+00
  1.605E-03  1.605E-03  0.000E+00  0.000E+00  6.283E+00  6.283E+00
  2.627E-03  2.627E-03  0.000E+00  0.000E+00  6.283E+00  6.283E+00
  4.299E-03  4.299E-03  0.000E+00  0.000E+00  6.283E+00  6.283E+00
  7.036E-03  7.036E-03  0.000E+00  0.000E+00  6.283E+00  6.283E+00
  1.152E-02  1.152E-02  0.000E+00  0.000E+00  6.283E+00  6.283E+00
  1.885E-02  1.885E-02  0.000E+00  0.000E+00  6.283E+00  6.283E+00
  3.085E-02  3.085E-02  0.000E+00  0.000E+00  6.283E+00  6.283E+00
  5.050E-02  5.050E-02  0.000E+00  0.000E+00  6.283E+00  6.283E+00
  8.265E-02  8.265E-02  0.000E+00  0.000E+00  6.283E+00  6.283E+00
  1.353E-01  1.353E-01  0.000E+00  0.000E+00  6.283E+00  6.283E+00
  2.214E-01  2.214E-01  0.000E+00  0.000E+00  6.283E+00  6.283E+00
  3.624E-01  3.624E-01  0.000E+00  0.000E+00  6.283E+00  6.283E+00
  5.931E-01  5.931E-01  0.000E+00  0.000E+00  6.283E+00  6.283E+00
  9.708E-01  9.708E-01  0.000E+00  0.000E+00  6.283E+00  6.283E+00
  1.589E+00  1.589E+00  0.000E+00  0.000E+00  6.283E+00  6.283E+00
  2.601E+00  2.601E+00  0.000E+00  0.000E+00  6.283E+00  6.283E+00
  4.257E+00  4.257E+00  0.000E+00  0.000E+00  6.283E+00  6.283E+00
  6.967E+00  6.967E+00  0.000E+00  0.000E+00  6.283E+00  6.283E+00
  1.140E+01  1.140E+01  0.000E+00  0.000E+00  6.283E+00  6.283E+00
  1.866E+01  1.866E+01  0.000E+00  0.000E+00  6.283E+00  6.283E+00
  3.055E+01  3.055E+01  0.000E+00  0.000E+00  6.283E+00  6.283E+00
  5.000E+01  5.000E+01  0.000E+00  0.000E+00  6.283E+00  6.283E+00
