2026-05-07 19:11:20,111 - INFO - FLUKA OK: abl_bo_eval1.inp (66.2s)
2026-05-07 19:11:20,176 - INFO - ustsuw OK ¡ú /home/marina/caseI/5runBO/run3/abl_bo_eval1_out_tab.lis (5 cycles, unit 24)
2026-05-07 19:11:20,180 - INFO - Eval 1: HCNO: N=35.0%  H=12.2%  C=18.0%  O=34.8%
2026-05-07 19:11:20,180 - INFO - Eval 1: Reward=19.8923  State=[np.float64(5.5), np.float64(2.5), np.float64(6.5), np.float64(4.0), np.float64(5.5), np.float64(4.0), np.float64(2.5)]
2026-05-07 19:11:20,180 - INFO - New Best: 19.8923 at eval 1
2026-05-07 19:12:16,900 - INFO - FLUKA OK: abl_bo_eval2.inp (56.7s)
2026-05-07 19:12:16,923 - INFO - ustsuw OK ¡ú /home/marina/caseI/5runBO/run3/abl_bo_eval2_out_tab.lis (5 cycles, unit 24)
2026-05-07 19:12:16,923 - INFO - Eval 2: HCNO: N=37.6%  H=15.6%  C=28.2%  O=18.6%
2026-05-07 19:12:16,924 - INFO - Eval 2: Reward=13.0675  State=[np.float64(3.5), np.float64(8.0), np.float64(5.5), np.float64(2.0), np.float64(4.5), np.float64(5.5), np.float64(5.0)]
2026-05-07 19:13:18,509 - INFO - FLUKA OK: abl_bo_eval3.inp (61.5s)
2026-05-07 19:13:18,584 - INFO - ustsuw OK ¡ú /home/marina/caseI/5runBO/run3/abl_bo_eval3_out_tab.lis (5 cycles, unit 24)
2026-05-07 19:13:18,728 - INFO - Eval 3: HCNO: N=43.6%  H=3.4%  C=24.8%  O=28.2%
2026-05-07 19:13:18,801 - INFO - Eval 3: Reward=10.6961  State=[np.float64(6.0), np.float64(7.0), np.float64(3.0), np.float64(3.5), np.float64(7.5), np.float64(6.0), np.float64(6.5)]
2026-05-07 19:14:21,829 - INFO - FLUKA OK: abl_bo_eval4.inp (62.9s)
2026-05-07 19:14:22,122 - INFO - ustsuw OK ¡ú /home/marina/caseI/5runBO/run3/abl_bo_eval4_out_tab.lis (5 cycles, unit 24)
2026-05-07 19:14:22,141 - INFO - Eval 4: HCNO: N=36.7%  H=10.7%  C=29.2%  O=23.4%
2026-05-07 19:14:22,173 - INFO - Eval 4: Reward=18.2292  State=[np.float64(5.0), np.float64(6.5), np.float64(4.5), np.float64(5.0), np.float64(5.5), np.float64(7.5), np.float64(4.5)]
2026-05-07 19:15:24,843 - INFO - FLUKA OK: abl_bo_eval5.inp (62.5s)
2026-05-07 19:15:24,864 - INFO - ustsuw OK ¡ú /home/marina/caseI/5runBO/run3/abl_bo_eval5_out_tab.lis (5 cycles, unit 24)
2026-05-07 19:15:24,881 - INFO - Eval 5: HCNO: N=33.4%  H=10.5%  C=25.9%  O=30.2%
2026-05-07 19:15:24,886 - INFO - Eval 5: Reward=23.8461  State=[np.float64(5.0), np.float64(5.0), np.float64(6.0), np.float64(2.5), np.float64(8.0), np.float64(5.0), np.float64(2.0)]
2026-05-07 19:15:24,902 - INFO - New Best: 23.8461 at eval 5
2026-05-07 19:16:17,928 - INFO - FLUKA OK: abl_bo_eval6.inp (52.9s)
2026-05-07 19:16:17,985 - INFO - ustsuw OK ¡ú /home/marina/caseI/5runBO/run3/abl_bo_eval6_out_tab.lis (5 cycles, unit 24)
2026-05-07 19:16:18,018 - INFO - Eval 6: HCNO: N=30.3%  H=9.5%  C=32.3%  O=27.9%
2026-05-07 19:16:18,020 - INFO - Eval 6: Reward=18.8742  State=[np.float64(5.5), np.float64(5.5), np.float64(6.5), np.float64(7.5), np.float64(5.0), np.float64(4.0), np.float64(6.0)]
2026-05-07 19:17:09,629 - INFO - FLUKA OK: abl_bo_eval7.inp (51.6s)
2026-05-07 19:17:09,681 - INFO - ustsuw OK ¡ú /home/marina/caseI/5runBO/run3/abl_bo_eval7_out_tab.lis (5 cycles, unit 24)
2026-05-07 19:17:09,721 - INFO - Eval 7: HCNO: N=44.3%  H=15.0%  C=24.0%  O=16.7%
2026-05-07 19:17:09,759 - INFO - Eval 7: Reward=18.7987  State=[np.float64(4.5), np.float64(7.0), np.float64(5.0), np.float64(2.5), np.float64(5.0), np.float64(6.5), np.float64(4.5)]
2026-05-07 19:18:06,586 - INFO - FLUKA OK: abl_bo_eval8.inp (56.8s)
2026-05-07 19:18:06,835 - INFO - ustsuw OK ¡ú /home/marina/caseI/5runBO/run3/abl_bo_eval8_out_tab.lis (5 cycles, unit 24)
2026-05-07 19:18:06,851 - INFO - Eval 8: HCNO: N=44.4%  H=12.7%  C=20.7%  O=22.1%
2026-05-07 19:18:06,895 - INFO - Eval 8: Reward=26.8295  State=[np.float64(2.5), np.float64(3.0), np.float64(7.5), np.float64(3.5), np.float64(4.5), np.float64(3.5), np.float64(3.5)]
2026-05-07 19:18:06,895 - INFO - New Best: 26.8295 at eval 8
2026-05-07 19:19:00,039 - INFO - FLUKA OK: abl_bo_eval9.inp (52.6s)
2026-05-07 19:19:00,043 - INFO - ustsuw OK ¡ú /home/marina/caseI/5runBO/run3/abl_bo_eval9_out_tab.lis (5 cycles, unit 24)
2026-05-07 19:19:00,044 - INFO - Eval 9: HCNO: N=29.2%  H=16.5%  C=25.0%  O=29.2%
2026-05-07 19:19:00,114 - INFO - Eval 9: Reward=22.8487  State=[np.float64(5.0), np.float64(4.5), np.float64(4.5), np.float64(4.0), np.float64(7.5), np.float64(5.5), np.float64(2.5)]
2026-05-07 19:19:45,744 - INFO - FLUKA OK: abl_bo_eval10.inp (45.6s)
2026-05-07 19:19:46,186 - WARNING - prefix 'abl_bo_eval10' unit 24: expected 5 cycle files, found 10: ['abl_bo_eval10001_fort.24', 'abl_bo_eval10002_fort.24', 'abl_bo_eval10003_fort.24', 'abl_bo_eval10004_fort.24', 'abl_bo_eval10005_fort.24', 'abl_bo_eval1001_fort.24', 'abl_bo_eval1002_fort.24', 'abl_bo_eval1003_fort.24', 'abl_bo_eval1004_fort.24', 'abl_bo_eval1005_fort.24']
2026-05-07 19:19:46,217 - INFO - ustsuw OK ¡ú /home/marina/caseI/5runBO/run3/abl_bo_eval10_out_tab.lis (10 cycles, unit 24)
2026-05-07 19:19:46,218 - INFO - Eval 10: HCNO: N=30.6%  H=14.2%  C=21.8%  O=33.4%
2026-05-07 19:19:46,218 - INFO - Eval 10: Reward=26.4536  State=[np.float64(3.5), np.float64(7.0), np.float64(4.0), np.float64(4.5), np.float64(2.5), np.float64(3.5), np.float64(4.0)]
2026-05-07 19:20:40,048 - INFO - FLUKA OK: abl_bo_eval11.inp (45.5s)
2026-05-07 19:20:40,103 - INFO - ustsuw OK ¡ú /home/marina/caseI/5runBO/run3/abl_bo_eval11_out_tab.lis (5 cycles, unit 24)
2026-05-07 19:20:40,107 - INFO - Eval 11: HCNO: N=31.8%  H=8.4%  C=24.5%  O=35.4%
2026-05-07 19:20:40,107 - INFO - Eval 11: Reward=22.4332  State=[np.float64(6.5), np.float64(6.0), np.float64(6.0), np.float64(5.5), np.float64(7.0), np.float64(5.0), np.float64(2.5)]
2026-05-07 19:25:01,826 - INFO - FLUKA OK: abl_bo_eval12.inp (53.2s)
2026-05-07 19:25:01,988 - INFO - ustsuw OK ¡ú /home/marina/caseI/5runBO/run3/abl_bo_eval12_out_tab.lis (5 cycles, unit 24)
2026-05-07 19:25:01,989 - INFO - Eval 12: HCNO: N=35.5%  H=8.6%  C=35.0%  O=20.9%
2026-05-07 19:25:02,004 - INFO - Eval 12: Reward=18.9216  State=[np.float64(4.0), np.float64(5.5), np.float64(6.5), np.float64(8.0), np.float64(2.5), np.float64(4.5), np.float64(7.5)]
2026-05-07 19:25:58,715 - INFO - FLUKA OK: abl_bo_eval13.inp (55.2s)
2026-05-07 19:25:58,799 - INFO - ustsuw OK ¡ú /home/marina/caseI/5runBO/run3/abl_bo_eval13_out_tab.lis (5 cycles, unit 24)
2026-05-07 19:25:58,803 - INFO - Eval 13: HCNO: N=45.4%  H=14.3%  C=15.2%  O=25.1%
2026-05-07 19:25:58,803 - INFO - Eval 13: Reward=19.3459  State=[np.float64(2.0), np.float64(5.5), np.float64(6.0), np.float64(3.5), np.float64(5.0), np.float64(3.5), np.float64(3.5)]
2026-05-07 19:26:53,713 - INFO - FLUKA OK: abl_bo_eval14.inp (53.0s)
2026-05-07 19:26:54,023 - INFO - ustsuw OK ¡ú /home/marina/caseI/5runBO/run3/abl_bo_eval14_out_tab.lis (5 cycles, unit 24)
2026-05-07 19:26:54,023 - INFO - Eval 14: HCNO: N=41.8%  H=11.3%  C=25.0%  O=21.9%
2026-05-07 19:26:54,024 - INFO - Eval 14: Reward=29.6438  State=[np.float64(2.0), np.float64(6.5), np.float64(4.5), np.float64(5.0), np.float64(2.0), np.float64(2.0), np.float64(2.5)]
2026-05-07 19:26:54,024 - INFO - New Best: 29.6438 at eval 14
2026-05-07 19:27:41,493 - INFO - FLUKA OK: abl_bo_eval15.inp (45.9s)
2026-05-07 19:27:41,498 - INFO - ustsuw OK ¡ú /home/marina/caseI/5runBO/run3/abl_bo_eval15_out_tab.lis (5 cycles, unit 24)
2026-05-07 19:27:41,498 - INFO - Eval 15: HCNO: N=36.0%  H=10.4%  C=27.4%  O=26.2%
2026-05-07 19:27:41,499 - INFO - Eval 15: Reward=34.4438  State=[np.float64(8.0), np.float64(7.0), np.float64(2.0), np.float64(8.0), np.float64(2.0), np.float64(2.0), np.float64(1.5)]
2026-05-07 19:27:41,499 - INFO - New Best: 34.4438 at eval 15
2026-05-07 19:28:40,017 - INFO - FLUKA OK: abl_bo_eval16.inp (56.7s)
2026-05-07 19:28:40,022 - INFO - ustsuw OK ¡ú /home/marina/caseI/5runBO/run3/abl_bo_eval16_out_tab.lis (5 cycles, unit 24)
2026-05-07 19:28:40,022 - INFO - Eval 16: HCNO: N=39.3%  H=6.1%  C=27.7%  O=26.8%
2026-05-07 19:28:40,022 - INFO - Eval 16: Reward=13.5039  State=[np.float64(8.0), np.float64(7.0), np.float64(8.0), np.float64(5.0), np.float64(2.0), np.float64(3.0), np.float64(1.0)]
2026-05-07 19:29:39,378 - INFO - FLUKA OK: abl_bo_eval17.inp (56.9s)
2026-05-07 19:29:39,382 - INFO - ustsuw OK ¡ú /home/marina/caseI/5runBO/run3/abl_bo_eval17_out_tab.lis (5 cycles, unit 24)
2026-05-07 19:29:39,384 - INFO - Eval 17: HCNO: N=36.0%  H=12.3%  C=16.9%  O=34.8%
2026-05-07 19:29:39,387 - INFO - Eval 17: Reward=36.4571  State=[np.float64(6.0), np.float64(6.0), np.float64(2.0), np.float64(5.0), np.float64(2.0), np.float64(2.0), np.float64(1.0)]
2026-05-07 19:29:39,387 - INFO - New Best: 36.4571 at eval 17
2026-05-07 19:30:39,983 - INFO - FLUKA OK: abl_bo_eval18.inp (58.5s)
2026-05-07 19:30:40,009 - INFO - ustsuw OK ¡ú /home/marina/caseI/5runBO/run3/abl_bo_eval18_out_tab.lis (5 cycles, unit 24)
2026-05-07 19:30:40,009 - INFO - Eval 18: HCNO: N=40.2%  H=14.0%  C=19.6%  O=26.1%
2026-05-07 19:30:40,010 - INFO - Eval 18: Reward=35.6069  State=[np.float64(4.0), np.float64(4.5), np.float64(2.0), np.float64(4.0), np.float64(2.0), np.float64(3.0), np.float64(1.0)]
2026-05-07 19:31:34,054 - INFO - FLUKA OK: abl_bo_eval19.inp (51.9s)
2026-05-07 19:31:34,121 - INFO - ustsuw OK ¡ú /home/marina/caseI/5runBO/run3/abl_bo_eval19_out_tab.lis (5 cycles, unit 24)
2026-05-07 19:31:34,125 - INFO - Eval 19: HCNO: N=39.8%  H=11.5%  C=20.2%  O=28.5%
2026-05-07 19:31:34,125 - INFO - Eval 19: Reward=26.5657  State=[np.float64(4.0), np.float64(8.0), np.float64(3.0), np.float64(2.0), np.float64(2.0), np.float64(2.0), np.float64(1.0)]
2026-05-07 19:32:26,089 - INFO - FLUKA OK: abl_bo_eval20.inp (50.1s)
2026-05-07 19:32:26,090 - WARNING - prefix 'abl_bo_eval20' unit 24: expected 5 cycle files, found 10: ['abl_bo_eval20001_fort.24', 'abl_bo_eval20002_fort.24', 'abl_bo_eval20003_fort.24', 'abl_bo_eval20004_fort.24', 'abl_bo_eval20005_fort.24', 'abl_bo_eval2001_fort.24', 'abl_bo_eval2002_fort.24', 'abl_bo_eval2003_fort.24', 'abl_bo_eval2004_fort.24', 'abl_bo_eval2005_fort.24']
2026-05-07 19:32:26,121 - INFO - ustsuw OK ¡ú /home/marina/caseI/5runBO/run3/abl_bo_eval20_out_tab.lis (10 cycles, unit 24)
2026-05-07 19:32:26,122 - INFO - Eval 20: HCNO: N=35.0%  H=13.8%  C=24.2%  O=27.1%
2026-05-07 19:32:26,122 - INFO - Eval 20: Reward=21.6656  State=[np.float64(8.0), np.float64(5.5), np.float64(2.0), np.float64(8.0), np.float64(2.0), np.float64(5.5), np.float64(10.0)]
2026-05-07 19:34:47,219 - INFO - FLUKA OK: abl_bo_eval21.inp (51.6s)
2026-05-07 19:34:47,224 - INFO - ustsuw OK ¡ú /home/marina/caseI/5runBO/run3/abl_bo_eval21_out_tab.lis (5 cycles, unit 24)
2026-05-07 19:34:47,226 - INFO - Eval 21: HCNO: N=34.8%  H=6.2%  C=29.4%  O=29.6%
2026-05-07 19:34:47,226 - INFO - Eval 21: Reward=24.1704  State=[np.float64(8.0), np.float64(5.5), np.float64(2.5), np.float64(8.0), np.float64(2.0), np.float64(8.0), np.float64(1.0)]
2026-05-07 19:35:39,749 - INFO - FLUKA OK: abl_bo_eval22.inp (50.7s)
2026-05-07 19:35:39,756 - INFO - ustsuw OK ¡ú /home/marina/caseI/5runBO/run3/abl_bo_eval22_out_tab.lis (5 cycles, unit 24)
2026-05-07 19:35:39,757 - INFO - Eval 22: HCNO: N=38.1%  H=8.3%  C=26.9%  O=26.6%
2026-05-07 19:35:39,757 - INFO - Eval 22: Reward=19.9717  State=[np.float64(6.0), np.float64(5.0), np.float64(2.5), np.float64(8.0), np.float64(2.0), np.float64(2.0), np.float64(1.0)]
2026-05-07 19:36:34,101 - INFO - FLUKA OK: abl_bo_eval23.inp (51.7s)
2026-05-07 19:36:34,122 - INFO - ustsuw OK ¡ú /home/marina/caseI/5runBO/run3/abl_bo_eval23_out_tab.lis (5 cycles, unit 24)
2026-05-07 19:36:34,123 - INFO - Eval 23: HCNO: N=35.6%  H=12.9%  C=18.9%  O=32.6%
2026-05-07 19:36:34,123 - INFO - Eval 23: Reward=35.3122  State=[np.float64(7.0), np.float64(5.5), np.float64(2.0), np.float64(2.5), np.float64(2.0), np.float64(6.5), np.float64(1.0)]
2026-05-07 19:37:24,637 - INFO - FLUKA OK: abl_bo_eval24.inp (48.7s)
2026-05-07 19:37:24,640 - INFO - ustsuw OK ¡ú /home/marina/caseI/5runBO/run3/abl_bo_eval24_out_tab.lis (5 cycles, unit 24)
2026-05-07 19:37:24,641 - INFO - Eval 24: HCNO: N=43.7%  H=0.8%  C=32.8%  O=22.7%
2026-05-07 19:37:24,641 - INFO - Eval 24: Reward=13.9655  State=[np.float64(8.0), np.float64(8.0), np.float64(2.0), np.float64(8.0), np.float64(2.0), np.float64(2.0), np.float64(1.0)]
2026-05-07 19:38:18,386 - INFO - FLUKA OK: abl_bo_eval25.inp (51.9s)
2026-05-07 19:38:18,571 - INFO - ustsuw OK ¡ú /home/marina/caseI/5runBO/run3/abl_bo_eval25_out_tab.lis (5 cycles, unit 24)
2026-05-07 19:38:18,574 - INFO - Eval 25: HCNO: N=38.8%  H=10.0%  C=21.5%  O=29.7%
2026-05-07 19:38:18,574 - INFO - Eval 25: Reward=30.5395  State=[np.float64(3.5), np.float64(6.5), np.float64(2.0), np.float64(5.0), np.float64(2.0), np.float64(5.0), np.float64(1.0)]
2026-05-07 19:39:11,500 - INFO - FLUKA OK: abl_bo_eval26.inp (51.7s)
2026-05-07 19:39:11,550 - INFO - ustsuw OK ¡ú /home/marina/caseI/5runBO/run3/abl_bo_eval26_out_tab.lis (5 cycles, unit 24)
2026-05-07 19:39:11,551 - INFO - Eval 26: HCNO: N=50.6%  H=11.1%  C=19.4%  O=18.9%
2026-05-07 19:39:11,551 - INFO - Eval 26: Reward=37.6497  State=[np.float64(4.0), np.float64(4.5), np.float64(2.0), np.float64(2.0), np.float64(2.0), np.float64(5.0), np.float64(4.5)]
2026-05-07 19:39:11,551 - INFO - New Best: 37.6497 at eval 26
2026-05-07 19:40:04,698 - INFO - FLUKA OK: abl_bo_eval27.inp (51.0s)
2026-05-07 19:40:04,702 - INFO - ustsuw OK ¡ú /home/marina/caseI/5runBO/run3/abl_bo_eval27_out_tab.lis (5 cycles, unit 24)
2026-05-07 19:40:04,703 - INFO - Eval 27: HCNO: N=35.5%  H=12.7%  C=25.1%  O=26.7%
2026-05-07 19:40:04,703 - INFO - Eval 27: Reward=24.5198  State=[np.float64(8.0), np.float64(4.0), np.float64(2.0), np.float64(2.0), np.float64(2.0), np.float64(8.0), np.float64(1.0)]
2026-05-07 19:41:00,718 - INFO - FLUKA OK: abl_bo_eval28.inp (54.2s)
2026-05-07 19:41:00,765 - INFO - ustsuw OK ¡ú /home/marina/caseI/5runBO/run3/abl_bo_eval28_out_tab.lis (5 cycles, unit 24)
2026-05-07 19:41:00,768 - INFO - Eval 28: HCNO: N=41.4%  H=10.6%  C=24.7%  O=23.3%
2026-05-07 19:41:00,768 - INFO - Eval 28: Reward=33.2671  State=[np.float64(3.5), np.float64(5.0), np.float64(2.0), np.float64(2.0), np.float64(2.0), np.float64(3.0), np.float64(1.0)]
2026-05-07 19:41:55,756 - INFO - FLUKA OK: abl_bo_eval29.inp (53.2s)
2026-05-07 19:41:55,762 - INFO - ustsuw OK ¡ú /home/marina/caseI/5runBO/run3/abl_bo_eval29_out_tab.lis (5 cycles, unit 24)
2026-05-07 19:41:55,762 - INFO - Eval 29: HCNO: N=35.6%  H=10.6%  C=21.0%  O=32.7%
2026-05-07 19:41:55,762 - INFO - Eval 29: Reward=23.0192  State=[np.float64(7.5), np.float64(6.0), np.float64(2.0), np.float64(3.5), np.float64(2.0), np.float64(7.5), np.float64(1.0)]
2026-05-07 19:42:50,312 - INFO - FLUKA OK: abl_bo_eval30.inp (52.7s)
2026-05-07 19:42:50,313 - WARNING - prefix 'abl_bo_eval30' unit 24: expected 5 cycle files, found 10: ['abl_bo_eval30001_fort.24', 'abl_bo_eval30002_fort.24', 'abl_bo_eval30003_fort.24', 'abl_bo_eval30004_fort.24', 'abl_bo_eval30005_fort.24', 'abl_bo_eval3001_fort.24', 'abl_bo_eval3002_fort.24', 'abl_bo_eval3003_fort.24', 'abl_bo_eval3004_fort.24', 'abl_bo_eval3005_fort.24']
2026-05-07 19:42:50,418 - INFO - ustsuw OK ¡ú /home/marina/caseI/5runBO/run3/abl_bo_eval30_out_tab.lis (10 cycles, unit 24)
2026-05-07 19:42:50,421 - INFO - Eval 30: HCNO: N=41.1%  H=8.8%  C=23.2%  O=26.9%
2026-05-07 19:42:50,421 - INFO - Eval 30: Reward=23.3688  State=[np.float64(6.5), np.float64(6.5), np.float64(2.0), np.float64(5.0), np.float64(2.0), np.float64(2.0), np.float64(1.0)]
2026-05-07 19:43:42,632 - INFO - FLUKA OK: abl_bo_eval31.inp (49.4s)
2026-05-07 19:43:42,638 - INFO - ustsuw OK ¡ú /home/marina/caseI/5runBO/run3/abl_bo_eval31_out_tab.lis (5 cycles, unit 24)
2026-05-07 19:43:42,641 - INFO - Eval 31: HCNO: N=43.7%  H=12.9%  C=17.4%  O=26.1%
2026-05-07 19:43:42,641 - INFO - Eval 31: Reward=36.6078  State=[np.float64(2.0), np.float64(2.5), np.float64(2.0), np.float64(2.0), np.float64(2.0), np.float64(3.5), np.float64(2.5)]
2026-05-07 19:44:36,337 - INFO - FLUKA OK: abl_bo_eval32.inp (52.4s)
2026-05-07 19:44:36,343 - INFO - ustsuw OK ¡ú /home/marina/caseI/5runBO/run3/abl_bo_eval32_out_tab.lis (5 cycles, unit 24)
2026-05-07 19:44:36,344 - INFO - Eval 32: HCNO: N=44.7%  H=8.4%  C=20.4%  O=26.4%
2026-05-07 19:44:36,344 - INFO - Eval 32: Reward=43.2666  State=[np.float64(2.0), np.float64(2.0), np.float64(2.0), np.float64(2.0), np.float64(2.0), np.float64(2.0), np.float64(1.0)]
2026-05-07 19:44:36,344 - INFO - New Best: 43.2666 at eval 32
2026-05-07 19:45:32,664 - INFO - FLUKA OK: abl_bo_eval33.inp (52.5s)
2026-05-07 19:45:32,669 - INFO - ustsuw OK ¡ú /home/marina/caseI/5runBO/run3/abl_bo_eval33_out_tab.lis (5 cycles, unit 24)
2026-05-07 19:45:32,672 - INFO - Eval 33: HCNO: N=43.7%  H=7.2%  C=23.6%  O=25.5%
2026-05-07 19:45:32,672 - INFO - Eval 33: Reward=32.1136  State=[np.float64(2.0), np.float64(2.0), np.float64(2.0), np.float64(2.0), np.float64(2.0), np.float64(2.0), np.float64(10.0)]
2026-05-07 19:46:36,601 - INFO - FLUKA OK: abl_bo_eval34.inp (61.2s)
2026-05-07 19:46:36,607 - INFO - ustsuw OK ¡ú /home/marina/caseI/5runBO/run3/abl_bo_eval34_out_tab.lis (5 cycles, unit 24)
2026-05-07 19:46:36,621 - INFO - Eval 34: HCNO: N=36.9%  H=11.4%  C=27.7%  O=24.0%
2026-05-07 19:46:36,621 - INFO - Eval 34: Reward=31.4625  State=[np.float64(2.0), np.float64(2.0), np.float64(2.0), np.float64(8.0), np.float64(2.0), np.float64(8.0), np.float64(1.0)]
2026-05-07 19:47:34,597 - INFO - FLUKA OK: abl_bo_eval35.inp (54.4s)
2026-05-07 19:47:34,602 - INFO - ustsuw OK ¡ú /home/marina/caseI/5runBO/run3/abl_bo_eval35_out_tab.lis (5 cycles, unit 24)
2026-05-07 19:47:34,606 - INFO - Eval 35: HCNO: N=35.3%  H=13.9%  C=21.3%  O=29.6%
2026-05-07 19:47:34,606 - INFO - Eval 35: Reward=36.5725  State=[np.float64(2.0), np.float64(2.0), np.float64(2.0), np.float64(2.0), np.float64(4.0), np.float64(3.0), np.float64(1.0)]
2026-05-07 19:48:34,089 - INFO - FLUKA OK: abl_bo_eval36.inp (55.6s)
2026-05-07 19:48:34,095 - INFO - ustsuw OK ¡ú /home/marina/caseI/5runBO/run3/abl_bo_eval36_out_tab.lis (5 cycles, unit 24)
2026-05-07 19:48:34,097 - INFO - Eval 36: HCNO: N=48.0%  H=10.8%  C=17.2%  O=24.0%
2026-05-07 19:48:34,097 - INFO - Eval 36: Reward=29.2260  State=[np.float64(2.0), np.float64(2.0), np.float64(2.0), np.float64(8.0), np.float64(8.0), np.float64(2.5), np.float64(1.0)]
2026-05-07 19:49:39,651 - INFO - FLUKA OK: abl_bo_eval37.inp (62.6s)
2026-05-07 19:49:39,656 - INFO - ustsuw OK ¡ú /home/marina/caseI/5runBO/run3/abl_bo_eval37_out_tab.lis (5 cycles, unit 24)
2026-05-07 19:49:39,660 - INFO - Eval 37: HCNO: N=39.5%  H=5.6%  C=22.3%  O=32.5%
2026-05-07 19:49:39,660 - INFO - Eval 37: Reward=24.5679  State=[np.float64(2.0), np.float64(2.0), np.float64(2.0), np.float64(2.0), np.float64(2.0), np.float64(8.0), np.float64(10.0)]
2026-05-07 19:50:35,116 - INFO - FLUKA OK: abl_bo_eval38.inp (52.7s)
2026-05-07 19:50:35,123 - INFO - ustsuw OK ¡ú /home/marina/caseI/5runBO/run3/abl_bo_eval38_out_tab.lis (5 cycles, unit 24)
2026-05-07 19:50:35,123 - INFO - Eval 38: HCNO: N=29.1%  H=13.7%  C=21.5%  O=35.7%
2026-05-07 19:50:35,123 - INFO - Eval 38: Reward=21.7436  State=[np.float64(4.0), np.float64(8.0), np.float64(4.0), np.float64(8.0), np.float64(5.5), np.float64(4.5), np.float64(6.0)]
2026-05-07 19:51:31,989 - INFO - FLUKA OK: abl_bo_eval39.inp (52.2s)
2026-05-07 19:51:31,996 - INFO - ustsuw OK ¡ú /home/marina/caseI/5runBO/run3/abl_bo_eval39_out_tab.lis (5 cycles, unit 24)
2026-05-07 19:51:31,997 - INFO - Eval 39: HCNO: N=42.0%  H=15.2%  C=16.4%  O=26.4%
2026-05-07 19:51:31,997 - INFO - Eval 39: Reward=25.2810  State=[np.float64(4.0), np.float64(7.0), np.float64(3.5), np.float64(6.0), np.float64(5.0), np.float64(8.0), np.float64(2.5)]
2026-05-07 19:52:30,622 - INFO - FLUKA OK: abl_bo_eval40.inp (54.7s)
2026-05-07 19:52:30,624 - WARNING - prefix 'abl_bo_eval40' unit 24: expected 5 cycle files, found 10: ['abl_bo_eval40001_fort.24', 'abl_bo_eval40002_fort.24', 'abl_bo_eval40003_fort.24', 'abl_bo_eval40004_fort.24', 'abl_bo_eval40005_fort.24', 'abl_bo_eval4001_fort.24', 'abl_bo_eval4002_fort.24', 'abl_bo_eval4003_fort.24', 'abl_bo_eval4004_fort.24', 'abl_bo_eval4005_fort.24']
2026-05-07 19:52:30,732 - INFO - ustsuw OK ¡ú /home/marina/caseI/5runBO/run3/abl_bo_eval40_out_tab.lis (10 cycles, unit 24)
2026-05-07 19:52:30,734 - INFO - Eval 40: HCNO: N=36.6%  H=10.8%  C=25.0%  O=27.6%
2026-05-07 19:52:30,734 - INFO - Eval 40: Reward=29.6800  State=[np.float64(2.5), np.float64(4.5), np.float64(5.0), np.float64(2.5), np.float64(3.5), np.float64(2.5), np.float64(3.5)]
2026-05-07 19:53:30,558 - INFO - FLUKA OK: abl_bo_eval41.inp (56.8s)
2026-05-07 19:53:30,561 - INFO - ustsuw OK ¡ú /home/marina/caseI/5runBO/run3/abl_bo_eval41_out_tab.lis (5 cycles, unit 24)
2026-05-07 19:53:30,564 - INFO - Eval 41: HCNO: N=47.3%  H=10.7%  C=12.7%  O=29.3%
2026-05-07 19:53:30,564 - INFO - Eval 41: Reward=15.6338  State=[np.float64(3.0), np.float64(6.5), np.float64(5.0), np.float64(8.0), np.float64(2.5), np.float64(7.0), np.float64(9.5)]
2026-05-07 19:54:27,546 - INFO - FLUKA OK: abl_bo_eval42.inp (54.0s)
2026-05-07 19:54:27,552 - INFO - ustsuw OK ¡ú /home/marina/caseI/5runBO/run3/abl_bo_eval42_out_tab.lis (5 cycles, unit 24)
2026-05-07 19:54:27,552 - INFO - Eval 42: HCNO: N=38.2%  H=10.2%  C=23.8%  O=27.9%
2026-05-07 19:54:27,553 - INFO - Eval 42: Reward=22.3719  State=[np.float64(2.5), np.float64(4.0), np.float64(6.5), np.float64(7.0), np.float64(7.0), np.float64(3.0), np.float64(7.0)]
2026-05-07 19:55:27,250 - INFO - FLUKA OK: abl_bo_eval43.inp (56.0s)
2026-05-07 19:55:27,255 - INFO - ustsuw OK ¡ú /home/marina/caseI/5runBO/run3/abl_bo_eval43_out_tab.lis (5 cycles, unit 24)
2026-05-07 19:55:27,255 - INFO - Eval 43: HCNO: N=38.9%  H=9.2%  C=23.7%  O=28.2%
2026-05-07 19:55:27,255 - INFO - Eval 43: Reward=36.3249  State=[np.float64(2.0), np.float64(2.0), np.float64(2.0), np.float64(8.0), np.float64(2.0), np.float64(2.0), np.float64(1.0)]
2026-05-07 19:56:20,302 - INFO - FLUKA OK: abl_bo_eval44.inp (50.2s)
2026-05-07 19:56:20,309 - INFO - ustsuw OK ¡ú /home/marina/caseI/5runBO/run3/abl_bo_eval44_out_tab.lis (5 cycles, unit 24)
2026-05-07 19:56:20,309 - INFO - Eval 44: HCNO: N=39.3%  H=11.3%  C=23.4%  O=26.0%
2026-05-07 19:56:20,310 - INFO - Eval 44: Reward=36.3430  State=[np.float64(8.0), np.float64(2.0), np.float64(2.0), np.float64(2.0), np.float64(2.0), np.float64(2.0), np.float64(1.0)]
2026-05-07 19:57:17,227 - INFO - FLUKA OK: abl_bo_eval45.inp (54.9s)
2026-05-07 19:57:17,234 - INFO - ustsuw OK ¡ú /home/marina/caseI/5runBO/run3/abl_bo_eval45_out_tab.lis (5 cycles, unit 24)
2026-05-07 19:57:17,235 - INFO - Eval 45: HCNO: N=46.5%  H=12.0%  C=21.8%  O=19.6%
2026-05-07 19:57:17,235 - INFO - Eval 45: Reward=32.4075  State=[np.float64(2.0), np.float64(2.0), np.float64(2.0), np.float64(2.0), np.float64(8.0), np.float64(2.0), np.float64(1.0)]
2026-05-07 19:58:15,268 - INFO - FLUKA OK: abl_bo_eval46.inp (55.3s)
2026-05-07 19:58:15,273 - INFO - ustsuw OK ¡ú /home/marina/caseI/5runBO/run3/abl_bo_eval46_out_tab.lis (5 cycles, unit 24)
2026-05-07 19:58:15,277 - INFO - Eval 46: HCNO: N=38.4%  H=11.2%  C=18.2%  O=32.2%
2026-05-07 19:58:15,277 - INFO - Eval 46: Reward=28.5080  State=[np.float64(7.0), np.float64(2.0), np.float64(3.0), np.float64(2.5), np.float64(8.0), np.float64(2.5), np.float64(10.0)]
2026-05-07 19:59:14,580 - INFO - FLUKA OK: abl_bo_eval47.inp (57.1s)
2026-05-07 19:59:14,586 - INFO - ustsuw OK ¡ú /home/marina/caseI/5runBO/run3/abl_bo_eval47_out_tab.lis (5 cycles, unit 24)
2026-05-07 19:59:14,588 - INFO - Eval 47: HCNO: N=41.7%  H=11.2%  C=23.0%  O=24.1%
2026-05-07 19:59:14,588 - INFO - Eval 47: Reward=29.7229  State=[np.float64(2.5), np.float64(2.0), np.float64(3.5), np.float64(2.0), np.float64(7.0), np.float64(8.0), np.float64(1.0)]
2026-05-07 20:00:12,606 - INFO - FLUKA OK: abl_bo_eval48.inp (55.2s)
2026-05-07 20:00:12,613 - INFO - ustsuw OK ¡ú /home/marina/caseI/5runBO/run3/abl_bo_eval48_out_tab.lis (5 cycles, unit 24)
2026-05-07 20:00:12,614 - INFO - Eval 48: HCNO: N=41.3%  H=14.5%  C=17.1%  O=27.1%
2026-05-07 20:00:12,614 - INFO - Eval 48: Reward=32.1436  State=[np.float64(2.5), np.float64(2.0), np.float64(5.5), np.float64(2.0), np.float64(2.0), np.float64(3.0), np.float64(1.5)]
2026-05-07 20:01:13,937 - INFO - FLUKA OK: abl_bo_eval49.inp (58.3s)
2026-05-07 20:01:13,942 - INFO - ustsuw OK ¡ú /home/marina/caseI/5runBO/run3/abl_bo_eval49_out_tab.lis (5 cycles, unit 24)
2026-05-07 20:01:13,944 - INFO - Eval 49: HCNO: N=46.9%  H=9.8%  C=20.9%  O=22.4%
2026-05-07 20:01:13,944 - INFO - Eval 49: Reward=31.7643  State=[np.float64(2.0), np.float64(2.0), np.float64(3.0), np.float64(7.5), np.float64(2.0), np.float64(2.0), np.float64(5.5)]
2026-05-07 20:02:14,284 - INFO - FLUKA OK: abl_bo_eval50.inp (56.6s)
2026-05-07 20:02:14,286 - WARNING - prefix 'abl_bo_eval50' unit 24: expected 5 cycle files, found 10: ['abl_bo_eval50001_fort.24', 'abl_bo_eval50002_fort.24', 'abl_bo_eval50003_fort.24', 'abl_bo_eval50004_fort.24', 'abl_bo_eval50005_fort.24', 'abl_bo_eval5001_fort.24', 'abl_bo_eval5002_fort.24', 'abl_bo_eval5003_fort.24', 'abl_bo_eval5004_fort.24', 'abl_bo_eval5005_fort.24']
2026-05-07 20:02:14,422 - INFO - ustsuw OK ¡ú /home/marina/caseI/5runBO/run3/abl_bo_eval50_out_tab.lis (10 cycles, unit 24)
2026-05-07 20:02:14,422 - INFO - Eval 50: HCNO: N=45.3%  H=10.4%  C=21.0%  O=23.3%
2026-05-07 20:02:14,423 - INFO - Eval 50: Reward=35.9956  State=[np.float64(6.5), np.float64(2.0), np.float64(2.5), np.float64(2.5), np.float64(2.0), np.float64(6.5), np.float64(1.0)]
2026-05-07 20:03:10,514 - INFO - FLUKA OK: abl_bo_eval51.inp (53.5s)
2026-05-07 20:03:10,520 - INFO - ustsuw OK ¡ú /home/marina/caseI/5runBO/run3/abl_bo_eval51_out_tab.lis (5 cycles, unit 24)
2026-05-07 20:03:10,521 - INFO - Eval 51: HCNO: N=46.1%  H=7.8%  C=18.6%  O=27.4%
2026-05-07 20:03:10,521 - INFO - Eval 51: Reward=12.3860  State=[np.float64(7.0), np.float64(2.5), np.float64(8.0), np.float64(2.5), np.float64(2.0), np.float64(2.5), np.float64(9.5)]
2026-05-07 20:04:00,385 - INFO - FLUKA OK: abl_bo_eval52.inp (47.8s)
2026-05-07 20:04:00,390 - INFO - ustsuw OK ¡ú /home/marina/caseI/5runBO/run3/abl_bo_eval52_out_tab.lis (5 cycles, unit 24)
2026-05-07 20:04:00,394 - INFO - Eval 52: HCNO: N=38.1%  H=10.1%  C=22.2%  O=29.6%
2026-05-07 20:04:00,394 - INFO - Eval 52: Reward=26.8165  State=[np.float64(7.5), np.float64(2.0), np.float64(3.5), np.float64(4.0), np.float64(2.5), np.float64(2.0), np.float64(1.5)]
2026-05-07 20:04:59,066 - INFO - FLUKA OK: abl_bo_eval53.inp (56.4s)
2026-05-07 20:04:59,071 - INFO - ustsuw OK ¡ú /home/marina/caseI/5runBO/run3/abl_bo_eval53_out_tab.lis (5 cycles, unit 24)
2026-05-07 20:04:59,071 - INFO - Eval 53: HCNO: N=34.6%  H=21.4%  C=11.9%  O=32.2%
2026-05-07 20:04:59,072 - INFO - Eval 53: Reward=30.4017  State=[np.float64(2.0), np.float64(2.0), np.float64(7.0), np.float64(2.5), np.float64(3.0), np.float64(8.0), np.float64(1.0)]
2026-05-07 20:05:55,643 - INFO - FLUKA OK: abl_bo_eval54.inp (53.9s)
2026-05-07 20:05:55,650 - INFO - ustsuw OK ¡ú /home/marina/caseI/5runBO/run3/abl_bo_eval54_out_tab.lis (5 cycles, unit 24)
2026-05-07 20:05:55,651 - INFO - Eval 54: HCNO: N=47.0%  H=11.0%  C=16.9%  O=25.0%
2026-05-07 20:05:55,651 - INFO - Eval 54: Reward=19.9983  State=[np.float64(7.5), np.float64(2.0), np.float64(2.5), np.float64(7.5), np.float64(6.5), np.float64(3.0), np.float64(1.5)]
2026-05-07 20:07:07,593 - INFO - FLUKA OK: abl_bo_eval55.inp (68.4s)
2026-05-07 20:07:07,600 - INFO - ustsuw OK ¡ú /home/marina/caseI/5runBO/run3/abl_bo_eval55_out_tab.lis (5 cycles, unit 24)
2026-05-07 20:07:07,601 - INFO - Eval 55: HCNO: N=44.1%  H=9.5%  C=25.2%  O=21.2%
2026-05-07 20:07:07,601 - INFO - Eval 55: Reward=27.5322  State=[np.float64(2.5), np.float64(2.0), np.float64(2.0), np.float64(7.5), np.float64(2.5), np.float64(8.0), np.float64(2.0)]
2026-05-07 20:08:07,634 - INFO - FLUKA OK: abl_bo_eval56.inp (57.0s)
2026-05-07 20:08:07,640 - INFO - ustsuw OK ¡ú /home/marina/caseI/5runBO/run3/abl_bo_eval56_out_tab.lis (5 cycles, unit 24)
2026-05-07 20:08:07,642 - INFO - Eval 56: HCNO: N=45.3%  H=10.4%  C=21.1%  O=23.3%
2026-05-07 20:08:07,642 - INFO - Eval 56: Reward=39.9505  State=[np.float64(2.5), np.float64(2.5), np.float64(2.0), np.float64(2.0), np.float64(3.5), np.float64(3.5), np.float64(1.0)]
2026-05-07 20:09:03,049 - INFO - FLUKA OK: abl_bo_eval57.inp (52.6s)
2026-05-07 20:09:03,055 - INFO - ustsuw OK ¡ú /home/marina/caseI/5runBO/run3/abl_bo_eval57_out_tab.lis (5 cycles, unit 24)
2026-05-07 20:09:03,056 - INFO - Eval 57: HCNO: N=37.9%  H=17.0%  C=21.2%  O=23.9%
2026-05-07 20:09:03,056 - INFO - Eval 57: Reward=41.7543  State=[np.float64(2.0), np.float64(3.0), np.float64(2.0), np.float64(2.0), np.float64(5.0), np.float64(2.0), np.float64(1.5)]
2026-05-07 20:09:58,890 - INFO - FLUKA OK: abl_bo_eval58.inp (53.0s)
2026-05-07 20:09:58,899 - INFO - ustsuw OK ¡ú /home/marina/caseI/5runBO/run3/abl_bo_eval58_out_tab.lis (5 cycles, unit 24)
2026-05-07 20:09:58,899 - INFO - Eval 58: HCNO: N=46.8%  H=9.1%  C=23.8%  O=20.3%
2026-05-07 20:09:58,900 - INFO - Eval 58: Reward=39.2501  State=[np.float64(3.5), np.float64(2.0), np.float64(2.0), np.float64(2.0), np.float64(3.5), np.float64(3.0), np.float64(2.5)]
2026-05-07 20:11:00,160 - INFO - FLUKA OK: abl_bo_eval59.inp (59.5s)
2026-05-07 20:11:00,167 - INFO - ustsuw OK ¡ú /home/marina/caseI/5runBO/run3/abl_bo_eval59_out_tab.lis (5 cycles, unit 24)
2026-05-07 20:11:00,170 - INFO - Eval 59: HCNO: N=37.6%  H=13.4%  C=24.9%  O=24.1%
2026-05-07 20:11:00,170 - INFO - Eval 59: Reward=37.8488  State=[np.float64(2.0), np.float64(2.5), np.float64(2.0), np.float64(3.0), np.float64(4.0), np.float64(5.0), np.float64(1.0)]
2026-05-07 20:12:02,619 - INFO - FLUKA OK: abl_bo_eval60.inp (59.9s)
2026-05-07 20:12:02,621 - WARNING - prefix 'abl_bo_eval60' unit 24: expected 5 cycle files, found 10: ['abl_bo_eval60001_fort.24', 'abl_bo_eval60002_fort.24', 'abl_bo_eval60003_fort.24', 'abl_bo_eval60004_fort.24', 'abl_bo_eval60005_fort.24', 'abl_bo_eval6001_fort.24', 'abl_bo_eval6002_fort.24', 'abl_bo_eval6003_fort.24', 'abl_bo_eval6004_fort.24', 'abl_bo_eval6005_fort.24']
2026-05-07 20:12:02,685 - INFO - ustsuw OK ¡ú /home/marina/caseI/5runBO/run3/abl_bo_eval60_out_tab.lis (10 cycles, unit 24)
2026-05-07 20:12:02,687 - INFO - Eval 60: HCNO: N=35.1%  H=10.1%  C=26.0%  O=28.9%
2026-05-07 20:12:02,688 - INFO - Eval 60: Reward=31.8381  State=[np.float64(2.5), np.float64(3.0), np.float64(2.5), np.float64(2.0), np.float64(8.0), np.float64(2.0), np.float64(3.5)]
2026-05-07 20:12:57,379 - INFO - FLUKA OK: abl_bo_eval61.inp (52.9s)
2026-05-07 20:12:57,385 - INFO - ustsuw OK ¡ú /home/marina/caseI/5runBO/run3/abl_bo_eval61_out_tab.lis (5 cycles, unit 24)
2026-05-07 20:12:57,386 - INFO - Eval 61: HCNO: N=40.8%  H=11.3%  C=24.7%  O=23.3%
2026-05-07 20:12:57,387 - INFO - Eval 61: Reward=19.3862  State=[np.float64(5.5), np.float64(5.5), np.float64(7.0), np.float64(8.0), np.float64(4.5), np.float64(3.5), np.float64(4.5)]
2026-05-07 20:13:56,077 - INFO - FLUKA OK: abl_bo_eval62.inp (56.8s)
2026-05-07 20:13:56,084 - INFO - ustsuw OK ¡ú /home/marina/caseI/5runBO/run3/abl_bo_eval62_out_tab.lis (5 cycles, unit 24)
2026-05-07 20:13:56,085 - INFO - Eval 62: HCNO: N=44.7%  H=11.2%  C=21.0%  O=23.2%
2026-05-07 20:13:56,086 - INFO - Eval 62: Reward=31.9943  State=[np.float64(2.0), np.float64(2.0), np.float64(2.5), np.float64(2.0), np.float64(2.5), np.float64(5.5), np.float64(2.5)]
2026-05-07 20:14:56,856 - INFO - FLUKA OK: abl_bo_eval63.inp (59.1s)
2026-05-07 20:14:56,867 - INFO - ustsuw OK ¡ú /home/marina/caseI/5runBO/run3/abl_bo_eval63_out_tab.lis (5 cycles, unit 24)
2026-05-07 20:14:56,868 - INFO - Eval 63: HCNO: N=35.6%  H=12.1%  C=16.1%  O=36.3%
2026-05-07 20:14:56,868 - INFO - Eval 63: Reward=26.5306  State=[np.float64(2.5), np.float64(2.5), np.float64(2.0), np.float64(8.0), np.float64(2.0), np.float64(5.0), np.float64(10.0)]
2026-05-07 20:15:56,940 - INFO - FLUKA OK: abl_bo_eval64.inp (58.3s)
2026-05-07 20:15:56,946 - INFO - ustsuw OK ¡ú /home/marina/caseI/5runBO/run3/abl_bo_eval64_out_tab.lis (5 cycles, unit 24)
2026-05-07 20:15:56,950 - INFO - Eval 64: HCNO: N=37.8%  H=10.3%  C=20.3%  O=31.6%
2026-05-07 20:15:56,950 - INFO - Eval 64: Reward=22.1713  State=[np.float64(2.0), np.float64(2.0), np.float64(2.0), np.float64(3.0), np.float64(4.0), np.float64(7.0), np.float64(1.5)]
2026-05-07 20:16:51,599 - INFO - FLUKA OK: abl_bo_eval65.inp (52.5s)
2026-05-07 20:16:51,605 - INFO - ustsuw OK ¡ú /home/marina/caseI/5runBO/run3/abl_bo_eval65_out_tab.lis (5 cycles, unit 24)
2026-05-07 20:16:51,606 - INFO - Eval 65: HCNO: N=35.9%  H=12.9%  C=20.9%  O=30.2%
2026-05-07 20:16:51,608 - INFO - Eval 65: Reward=28.4774  State=[np.float64(3.0), np.float64(3.0), np.float64(2.5), np.float64(8.0), np.float64(2.0), np.float64(2.0), np.float64(1.0)]
2026-05-07 20:17:48,481 - INFO - FLUKA OK: abl_bo_eval66.inp (55.2s)
2026-05-07 20:17:48,486 - INFO - ustsuw OK ¡ú /home/marina/caseI/5runBO/run3/abl_bo_eval66_out_tab.lis (5 cycles, unit 24)
2026-05-07 20:17:48,487 - INFO - Eval 66: HCNO: N=37.2%  H=13.2%  C=21.6%  O=28.0%
2026-05-07 20:17:48,487 - INFO - Eval 66: Reward=20.0708  State=[np.float64(4.0), np.float64(3.5), np.float64(6.5), np.float64(3.5), np.float64(6.0), np.float64(5.0), np.float64(6.0)]
2026-05-07 20:18:51,185 - INFO - FLUKA OK: abl_bo_eval67.inp (60.5s)
2026-05-07 20:18:51,190 - INFO - ustsuw OK ¡ú /home/marina/caseI/5runBO/run3/abl_bo_eval67_out_tab.lis (5 cycles, unit 24)
2026-05-07 20:18:51,193 - INFO - Eval 67: HCNO: N=43.1%  H=12.9%  C=24.2%  O=19.8%
2026-05-07 20:18:51,193 - INFO - Eval 67: Reward=32.0798  State=[np.float64(2.5), np.float64(3.0), np.float64(2.5), np.float64(2.5), np.float64(2.0), np.float64(2.0), np.float64(6.0)]
2026-05-07 20:19:50,240 - INFO - FLUKA OK: abl_bo_eval68.inp (57.0s)
2026-05-07 20:19:50,256 - INFO - ustsuw OK ¡ú /home/marina/caseI/5runBO/run3/abl_bo_eval68_out_tab.lis (5 cycles, unit 24)
2026-05-07 20:19:50,257 - INFO - Eval 68: HCNO: N=41.9%  H=14.1%  C=19.6%  O=24.4%
2026-05-07 20:19:50,257 - INFO - Eval 68: Reward=38.0505  State=[np.float64(2.5), np.float64(2.0), np.float64(2.5), np.float64(2.5), np.float64(2.5), np.float64(2.0), np.float64(5.5)]
2026-05-07 20:20:53,354 - INFO - FLUKA OK: abl_bo_eval69.inp (59.8s)
2026-05-07 20:20:54,836 - INFO - ustsuw OK ¡ú /home/marina/caseI/5runBO/run3/abl_bo_eval69_out_tab.lis (5 cycles, unit 24)
2026-05-07 20:20:54,838 - INFO - Eval 69: HCNO: N=49.3%  H=10.2%  C=13.6%  O=26.9%
2026-05-07 20:20:54,839 - INFO - Eval 69: Reward=36.3382  State=[np.float64(2.5), np.float64(3.5), np.float64(2.0), np.float64(2.0), np.float64(2.5), np.float64(2.0), np.float64(2.5)]
2026-05-07 20:22:02,025 - INFO - FLUKA OK: abl_bo_eval70.inp (63.0s)
2026-05-07 20:22:02,027 - WARNING - prefix 'abl_bo_eval70' unit 24: expected 5 cycle files, found 10: ['abl_bo_eval70001_fort.24', 'abl_bo_eval70002_fort.24', 'abl_bo_eval70003_fort.24', 'abl_bo_eval70004_fort.24', 'abl_bo_eval70005_fort.24', 'abl_bo_eval7001_fort.24', 'abl_bo_eval7002_fort.24', 'abl_bo_eval7003_fort.24', 'abl_bo_eval7004_fort.24', 'abl_bo_eval7005_fort.24']
2026-05-07 20:22:02,147 - INFO - ustsuw OK ¡ú /home/marina/caseI/5runBO/run3/abl_bo_eval70_out_tab.lis (10 cycles, unit 24)
2026-05-07 20:22:02,148 - INFO - Eval 70: HCNO: N=42.8%  H=13.9%  C=26.0%  O=17.3%
2026-05-07 20:22:02,148 - INFO - Eval 70: Reward=29.0409  State=[np.float64(2.0), np.float64(2.0), np.float64(8.0), np.float64(7.0), np.float64(4.0), np.float64(7.0), np.float64(2.5)]
2026-05-07 20:23:01,866 - INFO - FLUKA OK: abl_bo_eval71.inp (57.8s)
2026-05-07 20:23:01,875 - INFO - ustsuw OK ¡ú /home/marina/caseI/5runBO/run3/abl_bo_eval71_out_tab.lis (5 cycles, unit 24)
2026-05-07 20:23:01,876 - INFO - Eval 71: HCNO: N=41.7%  H=11.7%  C=22.5%  O=24.1%
2026-05-07 20:23:01,876 - INFO - Eval 71: Reward=40.5180  State=[np.float64(3.5), np.float64(2.0), np.float64(3.0), np.float64(3.0), np.float64(2.0), np.float64(2.5), np.float64(1.0)]
2026-05-07 20:24:05,311 - INFO - FLUKA OK: abl_bo_eval72.inp (61.3s)
2026-05-07 20:24:05,316 - INFO - ustsuw OK ¡ú /home/marina/caseI/5runBO/run3/abl_bo_eval72_out_tab.lis (5 cycles, unit 24)
2026-05-07 20:24:05,316 - INFO - Eval 72: HCNO: N=43.9%  H=10.4%  C=23.6%  O=22.1%
2026-05-07 20:24:05,316 - INFO - Eval 72: Reward=28.9003  State=[np.float64(2.0), np.float64(2.5), np.float64(2.0), np.float64(3.0), np.float64(3.0), np.float64(2.5), np.float64(1.5)]
2026-05-07 20:24:58,396 - INFO - FLUKA OK: abl_bo_eval73.inp (51.2s)
2026-05-07 20:24:58,406 - INFO - ustsuw OK ¡ú /home/marina/caseI/5runBO/run3/abl_bo_eval73_out_tab.lis (5 cycles, unit 24)
2026-05-07 20:24:58,417 - INFO - Eval 73: HCNO: N=37.8%  H=14.3%  C=22.8%  O=25.0%
2026-05-07 20:24:58,418 - INFO - Eval 73: Reward=31.6665  State=[np.float64(7.0), np.float64(2.0), np.float64(2.0), np.float64(2.0), np.float64(3.5), np.float64(2.5), np.float64(1.5)]
2026-05-07 20:25:51,147 - INFO - FLUKA OK: abl_bo_eval74.inp (50.5s)
2026-05-07 20:25:51,155 - INFO - ustsuw OK ¡ú /home/marina/caseI/5runBO/run3/abl_bo_eval74_out_tab.lis (5 cycles, unit 24)
2026-05-07 20:25:51,157 - INFO - Eval 74: HCNO: N=38.3%  H=9.8%  C=22.1%  O=29.8%
2026-05-07 20:25:51,157 - INFO - Eval 74: Reward=38.5333  State=[np.float64(3.5), np.float64(2.0), np.float64(2.5), np.float64(2.0), np.float64(2.5), np.float64(2.0), np.float64(2.5)]
2026-05-07 20:26:52,330 - INFO - FLUKA OK: abl_bo_eval75.inp (58.7s)
2026-05-07 20:26:52,337 - INFO - ustsuw OK ¡ú /home/marina/caseI/5runBO/run3/abl_bo_eval75_out_tab.lis (5 cycles, unit 24)
2026-05-07 20:26:52,339 - INFO - Eval 75: HCNO: N=37.0%  H=8.3%  C=26.9%  O=27.8%
2026-05-07 20:26:52,339 - INFO - Eval 75: Reward=22.1377  State=[np.float64(4.0), np.float64(2.0), np.float64(8.0), np.float64(7.5), np.float64(7.5), np.float64(7.0), np.float64(1.5)]
2026-05-07 20:27:45,012 - INFO - FLUKA OK: abl_bo_eval76.inp (50.6s)
2026-05-07 20:27:45,019 - INFO - ustsuw OK ¡ú /home/marina/caseI/5runBO/run3/abl_bo_eval76_out_tab.lis (5 cycles, unit 24)
2026-05-07 20:27:45,022 - INFO - Eval 76: HCNO: N=39.1%  H=8.0%  C=24.4%  O=28.6%
2026-05-07 20:27:45,022 - INFO - Eval 76: Reward=33.3550  State=[np.float64(2.0), np.float64(8.0), np.float64(2.0), np.float64(3.5), np.float64(3.0), np.float64(2.5), np.float64(9.0)]
2026-05-07 20:28:49,008 - INFO - FLUKA OK: abl_bo_eval77.inp (61.8s)
2026-05-07 20:28:49,014 - INFO - ustsuw OK ¡ú /home/marina/caseI/5runBO/run3/abl_bo_eval77_out_tab.lis (5 cycles, unit 24)
2026-05-07 20:28:49,015 - INFO - Eval 77: HCNO: N=41.6%  H=11.8%  C=15.3%  O=31.3%
2026-05-07 20:28:49,015 - INFO - Eval 77: Reward=36.2285  State=[np.float64(2.0), np.float64(3.0), np.float64(2.5), np.float64(2.5), np.float64(3.0), np.float64(2.0), np.float64(1.0)]
2026-05-07 20:29:44,623 - INFO - FLUKA OK: abl_bo_eval78.inp (53.4s)
2026-05-07 20:29:44,631 - INFO - ustsuw OK ¡ú /home/marina/caseI/5runBO/run3/abl_bo_eval78_out_tab.lis (5 cycles, unit 24)
2026-05-07 20:29:44,632 - INFO - Eval 78: HCNO: N=47.5%  H=8.4%  C=21.9%  O=22.3%
2026-05-07 20:29:44,632 - INFO - Eval 78: Reward=31.5228  State=[np.float64(2.0), np.float64(8.0), np.float64(2.0), np.float64(2.5), np.float64(7.5), np.float64(2.0), np.float64(6.5)]
2026-05-07 20:30:38,386 - INFO - FLUKA OK: abl_bo_eval79.inp (51.5s)
2026-05-07 20:30:38,396 - INFO - ustsuw OK ¡ú /home/marina/caseI/5runBO/run3/abl_bo_eval79_out_tab.lis (5 cycles, unit 24)
2026-05-07 20:30:38,396 - INFO - Eval 79: HCNO: N=40.1%  H=11.3%  C=20.7%  O=27.8%
2026-05-07 20:30:38,397 - INFO - Eval 79: Reward=26.5316  State=[np.float64(8.0), np.float64(2.5), np.float64(2.0), np.float64(2.0), np.float64(3.5), np.float64(2.5), np.float64(8.5)]
2026-05-07 20:31:37,714 - INFO - FLUKA OK: abl_bo_eval80.inp (57.4s)
2026-05-07 20:31:37,716 - WARNING - prefix 'abl_bo_eval80' unit 24: expected 5 cycle files, found 10: ['abl_bo_eval80001_fort.24', 'abl_bo_eval80002_fort.24', 'abl_bo_eval80003_fort.24', 'abl_bo_eval80004_fort.24', 'abl_bo_eval80005_fort.24', 'abl_bo_eval8001_fort.24', 'abl_bo_eval8002_fort.24', 'abl_bo_eval8003_fort.24', 'abl_bo_eval8004_fort.24', 'abl_bo_eval8005_fort.24']
2026-05-07 20:31:37,754 - INFO - ustsuw OK ¡ú /home/marina/caseI/5runBO/run3/abl_bo_eval80_out_tab.lis (10 cycles, unit 24)
2026-05-07 20:31:37,754 - INFO - Eval 80: HCNO: N=42.7%  H=9.3%  C=24.4%  O=23.6%
2026-05-07 20:31:37,755 - INFO - Eval 80: Reward=29.7680  State=[np.float64(2.0), np.float64(8.0), np.float64(2.0), np.float64(8.0), np.float64(5.0), np.float64(3.0), np.float64(1.0)]
2026-05-07 20:32:32,042 - INFO - FLUKA OK: abl_bo_eval81.inp (52.3s)
2026-05-07 20:32:32,049 - INFO - ustsuw OK ¡ú /home/marina/caseI/5runBO/run3/abl_bo_eval81_out_tab.lis (5 cycles, unit 24)
2026-05-07 20:32:32,051 - INFO - Eval 81: HCNO: N=42.5%  H=12.9%  C=16.1%  O=28.6%
2026-05-07 20:32:32,051 - INFO - Eval 81: Reward=36.8716  State=[np.float64(3.0), np.float64(6.0), np.float64(2.0), np.float64(2.5), np.float64(2.0), np.float64(2.0), np.float64(8.5)]
2026-05-07 20:33:23,556 - INFO - FLUKA OK: abl_bo_eval82.inp (49.0s)
2026-05-07 20:33:23,563 - INFO - ustsuw OK ¡ú /home/marina/caseI/5runBO/run3/abl_bo_eval82_out_tab.lis (5 cycles, unit 24)
2026-05-07 20:33:23,564 - INFO - Eval 82: HCNO: N=41.3%  H=11.3%  C=22.5%  O=25.0%
2026-05-07 20:33:23,564 - INFO - Eval 82: Reward=33.0443  State=[np.float64(3.5), np.float64(2.5), np.float64(2.0), np.float64(2.0), np.float64(3.5), np.float64(2.0), np.float64(7.0)]
2026-05-07 20:34:09,408 - INFO - FLUKA OK: abl_bo_eval83.inp (44.6s)
2026-05-07 20:34:09,412 - INFO - ustsuw OK ¡ú /home/marina/caseI/5runBO/run3/abl_bo_eval83_out_tab.lis (5 cycles, unit 24)
2026-05-07 20:34:09,413 - INFO - Eval 83: HCNO: N=46.1%  H=7.7%  C=22.1%  O=24.1%
2026-05-07 20:34:09,413 - INFO - Eval 83: Reward=28.6174  State=[np.float64(2.0), np.float64(3.0), np.float64(2.5), np.float64(6.5), np.float64(2.5), np.float64(2.0), np.float64(9.0)]
2026-05-07 20:34:50,713 - INFO - FLUKA OK: abl_bo_eval84.inp (39.9s)
2026-05-07 20:34:50,718 - INFO - ustsuw OK ¡ú /home/marina/caseI/5runBO/run3/abl_bo_eval84_out_tab.lis (5 cycles, unit 24)
2026-05-07 20:34:50,718 - INFO - Eval 84: HCNO: N=37.3%  H=10.9%  C=29.2%  O=22.7%
2026-05-07 20:34:50,719 - INFO - Eval 84: Reward=23.1423  State=[np.float64(2.0), np.float64(6.5), np.float64(8.0), np.float64(7.5), np.float64(2.0), np.float64(2.5), np.float64(1.5)]
2026-05-07 20:35:28,963 - INFO - FLUKA OK: abl_bo_eval85.inp (37.0s)
2026-05-07 20:35:28,968 - INFO - ustsuw OK ¡ú /home/marina/caseI/5runBO/run3/abl_bo_eval85_out_tab.lis (5 cycles, unit 24)
2026-05-07 20:35:28,968 - INFO - Eval 85: HCNO: N=41.5%  H=13.2%  C=23.3%  O=22.0%
2026-05-07 20:35:28,969 - INFO - Eval 85: Reward=29.8981  State=[np.float64(2.0), np.float64(7.5), np.float64(2.0), np.float64(2.0), np.float64(5.5), np.float64(2.5), np.float64(2.0)]
2026-05-07 20:36:07,895 - INFO - FLUKA OK: abl_bo_eval86.inp (37.5s)
2026-05-07 20:36:07,901 - INFO - ustsuw OK ¡ú /home/marina/caseI/5runBO/run3/abl_bo_eval86_out_tab.lis (5 cycles, unit 24)
2026-05-07 20:36:07,901 - INFO - Eval 86: HCNO: N=33.8%  H=14.8%  C=22.0%  O=29.4%
2026-05-07 20:36:07,901 - INFO - Eval 86: Reward=36.6474  State=[np.float64(2.0), np.float64(2.5), np.float64(2.5), np.float64(2.0), np.float64(2.0), np.float64(2.5), np.float64(3.5)]
2026-05-07 20:36:47,559 - INFO - FLUKA OK: abl_bo_eval87.inp (38.5s)
2026-05-07 20:36:47,564 - INFO - ustsuw OK ¡ú /home/marina/caseI/5runBO/run3/abl_bo_eval87_out_tab.lis (5 cycles, unit 24)
2026-05-07 20:36:47,565 - INFO - Eval 87: HCNO: N=46.1%  H=6.7%  C=22.5%  O=24.8%
2026-05-07 20:36:47,565 - INFO - Eval 87: Reward=41.8397  State=[np.float64(2.5), np.float64(2.5), np.float64(2.5), np.float64(2.0), np.float64(3.0), np.float64(3.0), np.float64(1.0)]
2026-05-07 20:37:25,951 - INFO - FLUKA OK: abl_bo_eval88.inp (36.3s)
2026-05-07 20:37:25,955 - INFO - ustsuw OK ¡ú /home/marina/caseI/5runBO/run3/abl_bo_eval88_out_tab.lis (5 cycles, unit 24)
2026-05-07 20:37:25,956 - INFO - Eval 88: HCNO: N=50.9%  H=9.0%  C=15.9%  O=24.2%
2026-05-07 20:37:25,956 - INFO - Eval 88: Reward=26.5042  State=[np.float64(7.0), np.float64(2.5), np.float64(7.5), np.float64(2.5), np.float64(2.0), np.float64(7.5), np.float64(1.0)]
2026-05-07 20:38:05,468 - INFO - FLUKA OK: abl_bo_eval89.inp (38.6s)
2026-05-07 20:38:05,474 - INFO - ustsuw OK ¡ú /home/marina/caseI/5runBO/run3/abl_bo_eval89_out_tab.lis (5 cycles, unit 24)
2026-05-07 20:38:05,475 - INFO - Eval 89: HCNO: N=51.3%  H=6.2%  C=11.0%  O=31.5%
2026-05-07 20:38:05,475 - INFO - Eval 89: Reward=19.0128  State=[np.float64(2.5), np.float64(2.5), np.float64(8.0), np.float64(7.5), np.float64(2.5), np.float64(8.0), np.float64(9.0)]
2026-05-07 20:38:44,725 - INFO - FLUKA OK: abl_bo_eval90.inp (38.3s)
2026-05-07 20:38:44,728 - WARNING - prefix 'abl_bo_eval90' unit 24: expected 5 cycle files, found 10: ['abl_bo_eval90001_fort.24', 'abl_bo_eval90002_fort.24', 'abl_bo_eval90003_fort.24', 'abl_bo_eval90004_fort.24', 'abl_bo_eval90005_fort.24', 'abl_bo_eval9001_fort.24', 'abl_bo_eval9002_fort.24', 'abl_bo_eval9003_fort.24', 'abl_bo_eval9004_fort.24', 'abl_bo_eval9005_fort.24']
2026-05-07 20:38:44,746 - INFO - ustsuw OK ¡ú /home/marina/caseI/5runBO/run3/abl_bo_eval90_out_tab.lis (10 cycles, unit 24)
2026-05-07 20:38:44,747 - INFO - Eval 90: HCNO: N=36.7%  H=16.1%  C=26.0%  O=21.1%
2026-05-07 20:38:44,747 - INFO - Eval 90: Reward=32.9716  State=[np.float64(2.0), np.float64(3.0), np.float64(7.5), np.float64(2.5), np.float64(7.0), np.float64(2.5), np.float64(1.0)]
2026-05-07 20:39:24,287 - INFO - FLUKA OK: abl_bo_eval91.inp (37.7s)
2026-05-07 20:39:24,296 - INFO - ustsuw OK ¡ú /home/marina/caseI/5runBO/run3/abl_bo_eval91_out_tab.lis (5 cycles, unit 24)
2026-05-07 20:39:24,297 - INFO - Eval 91: HCNO: N=40.0%  H=7.2%  C=31.5%  O=21.3%
2026-05-07 20:39:24,297 - INFO - Eval 91: Reward=21.6147  State=[np.float64(2.5), np.float64(7.5), np.float64(2.0), np.float64(4.5), np.float64(7.5), np.float64(2.0), np.float64(9.5)]
2026-05-07 20:40:04,908 - INFO - FLUKA OK: abl_bo_eval92.inp (38.8s)
2026-05-07 20:40:04,913 - INFO - ustsuw OK ¡ú /home/marina/caseI/5runBO/run3/abl_bo_eval92_out_tab.lis (5 cycles, unit 24)
2026-05-07 20:40:04,914 - INFO - Eval 92: HCNO: N=43.2%  H=9.7%  C=15.6%  O=31.4%
2026-05-07 20:40:04,914 - INFO - Eval 92: Reward=26.9841  State=[np.float64(2.0), np.float64(2.5), np.float64(8.0), np.float64(2.5), np.float64(2.5), np.float64(8.0), np.float64(2.0)]
2026-05-07 20:40:44,693 - INFO - FLUKA OK: abl_bo_eval93.inp (38.4s)
2026-05-07 20:40:44,697 - INFO - ustsuw OK ¡ú /home/marina/caseI/5runBO/run3/abl_bo_eval93_out_tab.lis (5 cycles, unit 24)
2026-05-07 20:40:44,698 - INFO - Eval 93: HCNO: N=35.4%  H=9.5%  C=20.6%  O=34.5%
2026-05-07 20:40:44,698 - INFO - Eval 93: Reward=26.1508  State=[np.float64(2.5), np.float64(8.0), np.float64(2.0), np.float64(2.0), np.float64(2.5), np.float64(8.0), np.float64(8.5)]
2026-05-07 20:41:26,515 - INFO - FLUKA OK: abl_bo_eval94.inp (40.6s)
2026-05-07 20:41:26,519 - INFO - ustsuw OK ¡ú /home/marina/caseI/5runBO/run3/abl_bo_eval94_out_tab.lis (5 cycles, unit 24)
2026-05-07 20:41:26,520 - INFO - Eval 94: HCNO: N=41.1%  H=9.8%  C=20.5%  O=28.6%
2026-05-07 20:41:26,520 - INFO - Eval 94: Reward=33.7881  State=[np.float64(2.5), np.float64(2.0), np.float64(2.5), np.float64(2.5), np.float64(7.5), np.float64(2.0), np.float64(2.0)]
2026-05-07 20:42:05,678 - INFO - FLUKA OK: abl_bo_eval95.inp (37.4s)
2026-05-07 20:42:05,686 - INFO - ustsuw OK ¡ú /home/marina/caseI/5runBO/run3/abl_bo_eval95_out_tab.lis (5 cycles, unit 24)
2026-05-07 20:42:05,688 - INFO - Eval 95: HCNO: N=38.3%  H=12.9%  C=24.5%  O=24.2%
2026-05-07 20:42:05,688 - INFO - Eval 95: Reward=23.8942  State=[np.float64(2.5), np.float64(8.0), np.float64(2.5), np.float64(2.5), np.float64(2.0), np.float64(7.0), np.float64(1.0)]
2026-05-07 20:42:47,367 - INFO - FLUKA OK: abl_bo_eval96.inp (39.9s)
2026-05-07 20:42:47,374 - INFO - ustsuw OK ¡ú /home/marina/caseI/5runBO/run3/abl_bo_eval96_out_tab.lis (5 cycles, unit 24)
2026-05-07 20:42:47,378 - INFO - Eval 96: HCNO: N=40.7%  H=12.9%  C=18.2%  O=28.2%
2026-05-07 20:42:47,378 - INFO - Eval 96: Reward=40.2990  State=[np.float64(2.0), np.float64(2.0), np.float64(2.0), np.float64(6.0), np.float64(4.0), np.float64(2.0), np.float64(2.0)]
2026-05-07 20:43:26,834 - INFO - FLUKA OK: abl_bo_eval97.inp (37.0s)
2026-05-07 20:43:26,840 - INFO - ustsuw OK ¡ú /home/marina/caseI/5runBO/run3/abl_bo_eval97_out_tab.lis (5 cycles, unit 24)
2026-05-07 20:43:26,841 - INFO - Eval 97: HCNO: N=38.3%  H=17.8%  C=12.7%  O=31.3%
2026-05-07 20:43:26,842 - INFO - Eval 97: Reward=20.7126  State=[np.float64(8.0), np.float64(2.0), np.float64(2.0), np.float64(2.0), np.float64(8.0), np.float64(2.5), np.float64(2.0)]
2026-05-07 20:44:06,712 - INFO - FLUKA OK: abl_bo_eval98.inp (38.6s)
2026-05-07 20:44:06,717 - INFO - ustsuw OK ¡ú /home/marina/caseI/5runBO/run3/abl_bo_eval98_out_tab.lis (5 cycles, unit 24)
2026-05-07 20:44:06,718 - INFO - Eval 98: HCNO: N=39.2%  H=11.2%  C=26.9%  O=22.7%
2026-05-07 20:44:06,719 - INFO - Eval 98: Reward=36.7942  State=[np.float64(2.0), np.float64(2.0), np.float64(2.0), np.float64(2.5), np.float64(2.5), np.float64(2.5), np.float64(3.5)]
2026-05-07 20:44:46,131 - INFO - FLUKA OK: abl_bo_eval99.inp (38.1s)
2026-05-07 20:44:46,146 - INFO - ustsuw OK ¡ú /home/marina/caseI/5runBO/run3/abl_bo_eval99_out_tab.lis (5 cycles, unit 24)
2026-05-07 20:44:46,146 - INFO - Eval 99: HCNO: N=41.7%  H=8.1%  C=20.5%  O=29.7%
2026-05-07 20:44:46,146 - INFO - Eval 99: Reward=15.2031  State=[np.float64(2.5), np.float64(7.5), np.float64(8.0), np.float64(3.0), np.float64(7.5), np.float64(7.0), np.float64(1.5)]
2026-05-07 20:45:26,906 - INFO - FLUKA OK: abl_bo_eval100.inp (38.5s)
2026-05-07 20:45:26,908 - WARNING - prefix 'abl_bo_eval100' unit 24: expected 5 cycle files, found 15: ['abl_bo_eval100001_fort.24', 'abl_bo_eval100002_fort.24', 'abl_bo_eval100003_fort.24', 'abl_bo_eval100004_fort.24', 'abl_bo_eval100005_fort.24', 'abl_bo_eval10001_fort.24', 'abl_bo_eval10002_fort.24', 'abl_bo_eval10003_fort.24', 'abl_bo_eval10004_fort.24', 'abl_bo_eval10005_fort.24', 'abl_bo_eval1001_fort.24', 'abl_bo_eval1002_fort.24', 'abl_bo_eval1003_fort.24', 'abl_bo_eval1004_fort.24', 'abl_bo_eval1005_fort.24']
2026-05-07 20:45:27,020 - INFO - ustsuw OK ¡ú /home/marina/caseI/5runBO/run3/abl_bo_eval100_out_tab.lis (15 cycles, unit 24)
2026-05-07 20:45:27,021 - INFO - Eval 100: HCNO: N=32.5%  H=13.1%  C=22.5%  O=31.9%
2026-05-07 20:45:27,021 - INFO - Eval 100: Reward=33.7925  State=[np.float64(3.0), np.float64(2.5), np.float64(2.0), np.float64(2.0), np.float64(5.0), np.float64(2.5), np.float64(9.5)]

