 # Detector n:            1   piFluenUD (integrated over solid angle)
 # N. of energy intervals          50
  1.000E-09  1.637E-09  0.000E+00  0.000E+00
  1.637E-09  2.679E-09  0.000E+00  0.000E+00
  2.679E-09  4.385E-09  0.000E+00  0.000E+00
  4.385E-09  7.177E-09  0.000E+00  0.000E+00
  7.177E-09  1.175E-08  0.000E+00  0.000E+00
  1.175E-08  1.923E-08  0.000E+00  0.000E+00
  1.923E-08  3.147E-08  0.000E+00  0.000E+00
  3.147E-08  5.150E-08  0.000E+00  0.000E+00
  5.150E-08  8.430E-08  0.000E+00  0.000E+00
  8.430E-08  1.380E-07  0.000E+00  0.000E+00
  1.380E-07  2.258E-07  0.000E+00  0.000E+00
  2.258E-07  3.696E-07  0.000E+00  0.000E+00
  3.696E-07  6.050E-07  0.000E+00  0.000E+00
  6.050E-07  9.902E-07  0.000E+00  0.000E+00
  9.902E-07  1.621E-06  0.000E+00  0.000E+00
  1.621E-06  2.653E-06  0.000E+00  0.000E+00
  2.653E-06  4.342E-06  0.000E+00  0.000E+00
  4.342E-06  7.106E-06  1.682E-04  9.900E+01
  7.106E-06  1.163E-05  2.320E-04  9.900E+01
  1.163E-05  1.904E-05  5.961E-05  9.900E+01
  1.904E-05  3.116E-05  0.000E+00  0.000E+00
  3.116E-05  5.100E-05  2.529E-04  4.368E+01
  5.100E-05  8.347E-05  1.708E-04  3.178E+01
  8.347E-05  1.366E-04  1.004E-04  2.584E+01
  1.366E-04  2.236E-04  1.238E-04  2.204E+01
  2.236E-04  3.660E-04  1.004E-04  2.708E+01
  3.660E-04  5.990E-04  1.265E-04  1.594E+01
  5.990E-04  9.804E-04  1.369E-04  1.059E+01
  9.804E-04  1.605E-03  1.350E-04  1.282E+01
  1.605E-03  2.627E-03  1.485E-04  7.360E+00
  2.627E-03  4.299E-03  1.421E-04  6.508E+00
  4.299E-03  7.036E-03  1.742E-04  6.919E+00
  7.036E-03  1.152E-02  2.387E-04  3.819E+00
  1.152E-02  1.885E-02  4.181E-04  4.058E+00
  1.885E-02  3.085E-02  6.151E-04  2.685E+00
  3.085E-02  5.050E-02  7.821E-04  2.276E+00
  5.050E-02  8.265E-02  8.728E-04  2.677E+00
  8.265E-02  1.353E-01  8.371E-04  2.223E+00
  1.353E-01  2.214E-01  7.815E-04  2.596E+00
  2.214E-01  3.624E-01  6.988E-04  2.671E+00
  3.624E-01  5.931E-01  4.968E-04  2.882E+00
  5.931E-01  9.708E-01  3.001E-04  3.137E+00
  9.708E-01  1.589E+00  1.778E-04  3.065E+00
  1.589E+00  2.601E+00  1.029E-04  2.972E+00
  2.601E+00  4.257E+00  5.497E-05  2.922E+00
  4.257E+00  6.967E+00  2.660E-05  2.887E+00
  6.967E+00  1.140E+01  1.087E-05  2.861E+00
  1.140E+01  1.866E+01  3.329E-06  2.950E+00
  1.866E+01  3.055E+01  6.508E-07  2.942E+00
  3.055E+01  5.000E+01  3.658E-08  4.845E+00


 # double differential distributions
 # number of solid angle intervals          10
 # Block n:            1     0.00000000      :  0.628318548    
  1.000E-09  1.637E-09  0.000E+00  0.000E+00  0.000E+00  6.283E-01
  1.637E-09  2.679E-09  0.000E+00  0.000E+00  0.000E+00  6.283E-01
  2.679E-09  4.385E-09  0.000E+00  0.000E+00  0.000E+00  6.283E-01
  4.385E-09  7.177E-09  0.000E+00  0.000E+00  0.000E+00  6.283E-01
  7.177E-09  1.175E-08  0.000E+00  0.000E+00  0.000E+00  6.283E-01
  1.175E-08  1.923E-08  0.000E+00  0.000E+00  0.000E+00  6.283E-01
  1.923E-08  3.147E-08  0.000E+00  0.000E+00  0.000E+00  6.283E-01
  3.147E-08  5.150E-08  0.000E+00  0.000E+00  0.000E+00  6.283E-01
  5.150E-08  8.430E-08  0.000E+00  0.000E+00  0.000E+00  6.283E-01
  8.430E-08  1.380E-07  0.000E+00  0.000E+00  0.000E+00  6.283E-01
  1.380E-07  2.258E-07  0.000E+00  0.000E+00  0.000E+00  6.283E-01
  2.258E-07  3.696E-07  0.000E+00  0.000E+00  0.000E+00  6.283E-01
  3.696E-07  6.050E-07  0.000E+00  0.000E+00  0.000E+00  6.283E-01
  6.050E-07  9.902E-07  0.000E+00  0.000E+00  0.000E+00  6.283E-01
  9.902E-07  1.621E-06  0.000E+00  0.000E+00  0.000E+00  6.283E-01
  1.621E-06  2.653E-06  0.000E+00  0.000E+00  0.000E+00  6.283E-01
  2.653E-06  4.342E-06  0.000E+00  0.000E+00  0.000E+00  6.283E-01
  4.342E-06  7.106E-06  0.000E+00  0.000E+00  0.000E+00  6.283E-01
  7.106E-06  1.163E-05  0.000E+00  0.000E+00  0.000E+00  6.283E-01
  1.163E-05  1.904E-05  0.000E+00  0.000E+00  0.000E+00  6.283E-01
  1.904E-05  3.116E-05  0.000E+00  0.000E+00  0.000E+00  6.283E-01
  3.116E-05  5.100E-05  2.381E-05  9.900E+01  0.000E+00  6.283E-01
  5.100E-05  8.347E-05  1.480E-05  9.900E+01  0.000E+00  6.283E-01
  8.347E-05  1.366E-04  1.753E-05  6.667E+01  0.000E+00  6.283E-01
  1.366E-04  2.236E-04  2.151E-05  5.591E+01  0.000E+00  6.283E-01
  2.236E-04  3.660E-04  1.327E-05  4.088E+01  0.000E+00  6.283E-01
  3.660E-04  5.990E-04  7.917E-06  5.537E+01  0.000E+00  6.283E-01
  5.990E-04  9.804E-04  1.843E-05  1.761E+01  0.000E+00  6.283E-01
  9.804E-04  1.605E-03  1.428E-05  2.448E+01  0.000E+00  6.283E-01
  1.605E-03  2.627E-03  1.410E-05  1.548E+01  0.000E+00  6.283E-01
  2.627E-03  4.299E-03  1.232E-05  1.580E+01  0.000E+00  6.283E-01
  4.299E-03  7.036E-03  1.086E-05  1.235E+01  0.000E+00  6.283E-01
  7.036E-03  1.152E-02  1.685E-05  8.953E+00  0.000E+00  6.283E-01
  1.152E-02  1.885E-02  3.574E-05  5.235E+00  0.000E+00  6.283E-01
  1.885E-02  3.085E-02  5.625E-05  3.970E+00  0.000E+00  6.283E-01
  3.085E-02  5.050E-02  7.488E-05  3.831E+00  0.000E+00  6.283E-01
  5.050E-02  8.265E-02  9.957E-05  3.318E+00  0.000E+00  6.283E-01
  8.265E-02  1.353E-01  1.246E-04  3.082E+00  0.000E+00  6.283E-01
  1.353E-01  2.214E-01  1.721E-04  3.357E+00  0.000E+00  6.283E-01
  2.214E-01  3.624E-01  2.466E-04  3.087E+00  0.000E+00  6.283E-01
  3.624E-01  5.931E-01  3.030E-04  3.037E+00  0.000E+00  6.283E-01
  5.931E-01  9.708E-01  3.064E-04  3.186E+00  0.000E+00  6.283E-01
  9.708E-01  1.589E+00  2.465E-04  3.045E+00  0.000E+00  6.283E-01
  1.589E+00  2.601E+00  1.599E-04  2.979E+00  0.000E+00  6.283E-01
  2.601E+00  4.257E+00  8.735E-05  2.924E+00  0.000E+00  6.283E-01
  4.257E+00  6.967E+00  4.234E-05  2.887E+00  0.000E+00  6.283E-01
  6.967E+00  1.140E+01  1.730E-05  2.861E+00  0.000E+00  6.283E-01
  1.140E+01  1.866E+01  5.298E-06  2.950E+00  0.000E+00  6.283E-01
  1.866E+01  3.055E+01  1.036E-06  2.942E+00  0.000E+00  6.283E-01
  3.055E+01  5.000E+01  5.822E-08  4.845E+00  0.000E+00  6.283E-01
  5.000E+01  5.000E+01  0.000E+00  0.000E+00  0.000E+00  6.283E-01

 # Block n:            2    0.628318548      :   1.25663710    
  1.000E-09  1.637E-09  0.000E+00  0.000E+00  6.283E-01  1.257E+00
  1.637E-09  2.679E-09  0.000E+00  0.000E+00  6.283E-01  1.257E+00
  2.679E-09  4.385E-09  0.000E+00  0.000E+00  6.283E-01  1.257E+00
  4.385E-09  7.177E-09  0.000E+00  0.000E+00  6.283E-01  1.257E+00
  7.177E-09  1.175E-08  0.000E+00  0.000E+00  6.283E-01  1.257E+00
  1.175E-08  1.923E-08  0.000E+00  0.000E+00  6.283E-01  1.257E+00
  1.923E-08  3.147E-08  0.000E+00  0.000E+00  6.283E-01  1.257E+00
  3.147E-08  5.150E-08  0.000E+00  0.000E+00  6.283E-01  1.257E+00
  5.150E-08  8.430E-08  0.000E+00  0.000E+00  6.283E-01  1.257E+00
  8.430E-08  1.380E-07  0.000E+00  0.000E+00  6.283E-01  1.257E+00
  1.380E-07  2.258E-07  0.000E+00  0.000E+00  6.283E-01  1.257E+00
  2.258E-07  3.696E-07  0.000E+00  0.000E+00  6.283E-01  1.257E+00
  3.696E-07  6.050E-07  0.000E+00  0.000E+00  6.283E-01  1.257E+00
  6.050E-07  9.902E-07  0.000E+00  0.000E+00  6.283E-01  1.257E+00
  9.902E-07  1.621E-06  0.000E+00  0.000E+00  6.283E-01  1.257E+00
  1.621E-06  2.653E-06  0.000E+00  0.000E+00  6.283E-01  1.257E+00
  2.653E-06  4.342E-06  0.000E+00  0.000E+00  6.283E-01  1.257E+00
  4.342E-06  7.106E-06  0.000E+00  0.000E+00  6.283E-01  1.257E+00
  7.106E-06  1.163E-05  0.000E+00  0.000E+00  6.283E-01  1.257E+00
  1.163E-05  1.904E-05  0.000E+00  0.000E+00  6.283E-01  1.257E+00
  1.904E-05  3.116E-05  0.000E+00  0.000E+00  6.283E-01  1.257E+00
  3.116E-05  5.100E-05  0.000E+00  0.000E+00  6.283E-01  1.257E+00
  5.100E-05  8.347E-05  0.000E+00  0.000E+00  6.283E-01  1.257E+00
  8.347E-05  1.366E-04  1.972E-05  6.667E+01  6.283E-01  1.257E+00
  1.366E-04  2.236E-04  2.328E-05  5.544E+01  6.283E-01  1.257E+00
  2.236E-04  3.660E-04  1.078E-05  5.096E+01  6.283E-01  1.257E+00
  3.660E-04  5.990E-04  1.557E-05  2.186E+01  6.283E-01  1.257E+00
  5.990E-04  9.804E-04  1.116E-05  2.502E+01  6.283E-01  1.257E+00
  9.804E-04  1.605E-03  1.005E-05  4.737E+01  6.283E-01  1.257E+00
  1.605E-03  2.627E-03  1.218E-05  2.236E+01  6.283E-01  1.257E+00
  2.627E-03  4.299E-03  1.609E-05  1.382E+01  6.283E-01  1.257E+00
  4.299E-03  7.036E-03  1.237E-05  1.388E+01  6.283E-01  1.257E+00
  7.036E-03  1.152E-02  2.052E-05  1.126E+01  6.283E-01  1.257E+00
  1.152E-02  1.885E-02  3.913E-05  4.540E+00  6.283E-01  1.257E+00
  1.885E-02  3.085E-02  5.886E-05  5.499E+00  6.283E-01  1.257E+00
  3.085E-02  5.050E-02  8.087E-05  4.902E+00  6.283E-01  1.257E+00
  5.050E-02  8.265E-02  1.018E-04  3.466E+00  6.283E-01  1.257E+00
  8.265E-02  1.353E-01  1.223E-04  3.675E+00  6.283E-01  1.257E+00
  1.353E-01  2.214E-01  1.562E-04  3.335E+00  6.283E-01  1.257E+00
  2.214E-01  3.624E-01  1.874E-04  3.069E+00  6.283E-01  1.257E+00
  3.624E-01  5.931E-01  1.639E-04  2.927E+00  6.283E-01  1.257E+00
  5.931E-01  9.708E-01  9.004E-05  2.930E+00  6.283E-01  1.257E+00
  9.708E-01  1.589E+00  2.685E-05  3.212E+00  6.283E-01  1.257E+00
  1.589E+00  2.601E+00  3.525E-06  2.917E+00  6.283E-01  1.257E+00
  2.601E+00  4.257E+00  1.286E-07  3.663E+00  6.283E-01  1.257E+00
  4.257E+00  6.967E+00  5.532E-10  5.092E+01  6.283E-01  1.257E+00
  6.967E+00  1.140E+01  0.000E+00  0.000E+00  6.283E-01  1.257E+00
  1.140E+01  1.866E+01  0.000E+00  0.000E+00  6.283E-01  1.257E+00
  1.866E+01  3.055E+01  0.000E+00  0.000E+00  6.283E-01  1.257E+00
  3.055E+01  5.000E+01  0.000E+00  0.000E+00  6.283E-01  1.257E+00
  5.000E+01  5.000E+01  0.000E+00  0.000E+00  6.283E-01  1.257E+00

 # Block n:            3     1.25663710      :   1.88495564    
  1.000E-09  1.637E-09  0.000E+00  0.000E+00  1.257E+00  1.885E+00
  1.637E-09  2.679E-09  0.000E+00  0.000E+00  1.257E+00  1.885E+00
  2.679E-09  4.385E-09  0.000E+00  0.000E+00  1.257E+00  1.885E+00
  4.385E-09  7.177E-09  0.000E+00  0.000E+00  1.257E+00  1.885E+00
  7.177E-09  1.175E-08  0.000E+00  0.000E+00  1.257E+00  1.885E+00
  1.175E-08  1.923E-08  0.000E+00  0.000E+00  1.257E+00  1.885E+00
  1.923E-08  3.147E-08  0.000E+00  0.000E+00  1.257E+00  1.885E+00
  3.147E-08  5.150E-08  0.000E+00  0.000E+00  1.257E+00  1.885E+00
  5.150E-08  8.430E-08  0.000E+00  0.000E+00  1.257E+00  1.885E+00
  8.430E-08  1.380E-07  0.000E+00  0.000E+00  1.257E+00  1.885E+00
  1.380E-07  2.258E-07  0.000E+00  0.000E+00  1.257E+00  1.885E+00
  2.258E-07  3.696E-07  0.000E+00  0.000E+00  1.257E+00  1.885E+00
  3.696E-07  6.050E-07  0.000E+00  0.000E+00  1.257E+00  1.885E+00
  6.050E-07  9.902E-07  0.000E+00  0.000E+00  1.257E+00  1.885E+00
  9.902E-07  1.621E-06  0.000E+00  0.000E+00  1.257E+00  1.885E+00
  1.621E-06  2.653E-06  0.000E+00  0.000E+00  1.257E+00  1.885E+00
  2.653E-06  4.342E-06  0.000E+00  0.000E+00  1.257E+00  1.885E+00
  4.342E-06  7.106E-06  0.000E+00  0.000E+00  1.257E+00  1.885E+00
  7.106E-06  1.163E-05  0.000E+00  0.000E+00  1.257E+00  1.885E+00
  1.163E-05  1.904E-05  0.000E+00  0.000E+00  1.257E+00  1.885E+00
  1.904E-05  3.116E-05  0.000E+00  0.000E+00  1.257E+00  1.885E+00
  3.116E-05  5.100E-05  0.000E+00  0.000E+00  1.257E+00  1.885E+00
  5.100E-05  8.347E-05  0.000E+00  0.000E+00  1.257E+00  1.885E+00
  8.347E-05  1.366E-04  1.105E-05  9.900E+01  1.257E+00  1.885E+00
  1.366E-04  2.236E-04  2.024E-05  7.095E+01  1.257E+00  1.885E+00
  2.236E-04  3.660E-04  2.539E-05  2.723E+01  1.257E+00  1.885E+00
  3.660E-04  5.990E-04  1.533E-05  3.730E+01  1.257E+00  1.885E+00
  5.990E-04  9.804E-04  1.067E-05  3.024E+01  1.257E+00  1.885E+00
  9.804E-04  1.605E-03  2.304E-05  1.907E+01  1.257E+00  1.885E+00
  1.605E-03  2.627E-03  1.919E-05  1.543E+01  1.257E+00  1.885E+00
  2.627E-03  4.299E-03  1.768E-05  1.604E+01  1.257E+00  1.885E+00
  4.299E-03  7.036E-03  1.642E-05  1.315E+01  1.257E+00  1.885E+00
  7.036E-03  1.152E-02  2.207E-05  4.527E+00  1.257E+00  1.885E+00
  1.152E-02  1.885E-02  3.941E-05  5.455E+00  1.257E+00  1.885E+00
  1.885E-02  3.085E-02  6.420E-05  4.761E+00  1.257E+00  1.885E+00
  3.085E-02  5.050E-02  8.829E-05  3.745E+00  1.257E+00  1.885E+00
  5.050E-02  8.265E-02  1.074E-04  3.251E+00  1.257E+00  1.885E+00
  8.265E-02  1.353E-01  1.215E-04  3.647E+00  1.257E+00  1.885E+00
  1.353E-01  2.214E-01  1.423E-04  3.117E+00  1.257E+00  1.885E+00
  2.214E-01  3.624E-01  1.422E-04  3.135E+00  1.257E+00  1.885E+00
  3.624E-01  5.931E-01  9.641E-05  2.916E+00  1.257E+00  1.885E+00
  5.931E-01  9.708E-01  3.751E-05  3.015E+00  1.257E+00  1.885E+00
  9.708E-01  1.589E+00  6.347E-06  3.319E+00  1.257E+00  1.885E+00
  1.589E+00  2.601E+00  3.260E-07  4.455E+00  1.257E+00  1.885E+00
  2.601E+00  4.257E+00  2.377E-09  4.750E+01  1.257E+00  1.885E+00
  4.257E+00  6.967E+00  0.000E+00  0.000E+00  1.257E+00  1.885E+00
  6.967E+00  1.140E+01  0.000E+00  0.000E+00  1.257E+00  1.885E+00
  1.140E+01  1.866E+01  0.000E+00  0.000E+00  1.257E+00  1.885E+00
  1.866E+01  3.055E+01  0.000E+00  0.000E+00  1.257E+00  1.885E+00
  3.055E+01  5.000E+01  0.000E+00  0.000E+00  1.257E+00  1.885E+00
  5.000E+01  5.000E+01  0.000E+00  0.000E+00  1.257E+00  1.885E+00

 # Block n:            4     1.88495564      :   2.51327419    
  1.000E-09  1.637E-09  0.000E+00  0.000E+00  1.885E+00  2.513E+00
  1.637E-09  2.679E-09  0.000E+00  0.000E+00  1.885E+00  2.513E+00
  2.679E-09  4.385E-09  0.000E+00  0.000E+00  1.885E+00  2.513E+00
  4.385E-09  7.177E-09  0.000E+00  0.000E+00  1.885E+00  2.513E+00
  7.177E-09  1.175E-08  0.000E+00  0.000E+00  1.885E+00  2.513E+00
  1.175E-08  1.923E-08  0.000E+00  0.000E+00  1.885E+00  2.513E+00
  1.923E-08  3.147E-08  0.000E+00  0.000E+00  1.885E+00  2.513E+00
  3.147E-08  5.150E-08  0.000E+00  0.000E+00  1.885E+00  2.513E+00
  5.150E-08  8.430E-08  0.000E+00  0.000E+00  1.885E+00  2.513E+00
  8.430E-08  1.380E-07  0.000E+00  0.000E+00  1.885E+00  2.513E+00
  1.380E-07  2.258E-07  0.000E+00  0.000E+00  1.885E+00  2.513E+00
  2.258E-07  3.696E-07  0.000E+00  0.000E+00  1.885E+00  2.513E+00
  3.696E-07  6.050E-07  0.000E+00  0.000E+00  1.885E+00  2.513E+00
  6.050E-07  9.902E-07  0.000E+00  0.000E+00  1.885E+00  2.513E+00
  9.902E-07  1.621E-06  0.000E+00  0.000E+00  1.885E+00  2.513E+00
  1.621E-06  2.653E-06  0.000E+00  0.000E+00  1.885E+00  2.513E+00
  2.653E-06  4.342E-06  0.000E+00  0.000E+00  1.885E+00  2.513E+00
  4.342E-06  7.106E-06  0.000E+00  0.000E+00  1.885E+00  2.513E+00
  7.106E-06  1.163E-05  0.000E+00  0.000E+00  1.885E+00  2.513E+00
  1.163E-05  1.904E-05  9.487E-05  9.900E+01  1.885E+00  2.513E+00
  1.904E-05  3.116E-05  0.000E+00  0.000E+00  1.885E+00  2.513E+00
  3.116E-05  5.100E-05  0.000E+00  0.000E+00  1.885E+00  2.513E+00
  5.100E-05  8.347E-05  0.000E+00  0.000E+00  1.885E+00  2.513E+00
  8.347E-05  1.366E-04  1.259E-05  9.900E+01  1.885E+00  2.513E+00
  1.366E-04  2.236E-04  3.927E-05  3.341E+01  1.885E+00  2.513E+00
  2.236E-04  3.660E-04  9.879E-06  6.669E+01  1.885E+00  2.513E+00
  3.660E-04  5.990E-04  5.811E-06  6.671E+01  1.885E+00  2.513E+00
  5.990E-04  9.804E-04  1.260E-05  4.267E+01  1.885E+00  2.513E+00
  9.804E-04  1.605E-03  2.077E-05  2.267E+01  1.885E+00  2.513E+00
  1.605E-03  2.627E-03  1.599E-05  2.280E+01  1.885E+00  2.513E+00
  2.627E-03  4.299E-03  1.382E-05  1.760E+01  1.885E+00  2.513E+00
  4.299E-03  7.036E-03  2.201E-05  1.019E+01  1.885E+00  2.513E+00
  7.036E-03  1.152E-02  2.545E-05  6.083E+00  1.885E+00  2.513E+00
  1.152E-02  1.885E-02  5.030E-05  3.621E+00  1.885E+00  2.513E+00
  1.885E-02  3.085E-02  7.182E-05  3.106E+00  1.885E+00  2.513E+00
  3.085E-02  5.050E-02  9.630E-05  4.146E+00  1.885E+00  2.513E+00
  5.050E-02  8.265E-02  1.155E-04  3.503E+00  1.885E+00  2.513E+00
  8.265E-02  1.353E-01  1.242E-04  3.275E+00  1.885E+00  2.513E+00
  1.353E-01  2.214E-01  1.299E-04  2.959E+00  1.885E+00  2.513E+00
  2.214E-01  3.624E-01  1.129E-04  3.205E+00  1.885E+00  2.513E+00
  3.624E-01  5.931E-01  6.218E-05  3.427E+00  1.885E+00  2.513E+00
  5.931E-01  9.708E-01  1.866E-05  2.991E+00  1.885E+00  2.513E+00
  9.708E-01  1.589E+00  2.058E-06  4.341E+00  1.885E+00  2.513E+00
  1.589E+00  2.601E+00  4.545E-08  9.600E+00  1.885E+00  2.513E+00
  2.601E+00  4.257E+00  0.000E+00  0.000E+00  1.885E+00  2.513E+00
  4.257E+00  6.967E+00  0.000E+00  0.000E+00  1.885E+00  2.513E+00
  6.967E+00  1.140E+01  0.000E+00  0.000E+00  1.885E+00  2.513E+00
  1.140E+01  1.866E+01  0.000E+00  0.000E+00  1.885E+00  2.513E+00
  1.866E+01  3.055E+01  0.000E+00  0.000E+00  1.885E+00  2.513E+00
  3.055E+01  5.000E+01  0.000E+00  0.000E+00  1.885E+00  2.513E+00
  5.000E+01  5.000E+01  0.000E+00  0.000E+00  1.885E+00  2.513E+00

 # Block n:            5     2.51327419      :   3.14159274    
  1.000E-09  1.637E-09  0.000E+00  0.000E+00  2.513E+00  3.142E+00
  1.637E-09  2.679E-09  0.000E+00  0.000E+00  2.513E+00  3.142E+00
  2.679E-09  4.385E-09  0.000E+00  0.000E+00  2.513E+00  3.142E+00
  4.385E-09  7.177E-09  0.000E+00  0.000E+00  2.513E+00  3.142E+00
  7.177E-09  1.175E-08  0.000E+00  0.000E+00  2.513E+00  3.142E+00
  1.175E-08  1.923E-08  0.000E+00  0.000E+00  2.513E+00  3.142E+00
  1.923E-08  3.147E-08  0.000E+00  0.000E+00  2.513E+00  3.142E+00
  3.147E-08  5.150E-08  0.000E+00  0.000E+00  2.513E+00  3.142E+00
  5.150E-08  8.430E-08  0.000E+00  0.000E+00  2.513E+00  3.142E+00
  8.430E-08  1.380E-07  0.000E+00  0.000E+00  2.513E+00  3.142E+00
  1.380E-07  2.258E-07  0.000E+00  0.000E+00  2.513E+00  3.142E+00
  2.258E-07  3.696E-07  0.000E+00  0.000E+00  2.513E+00  3.142E+00
  3.696E-07  6.050E-07  0.000E+00  0.000E+00  2.513E+00  3.142E+00
  6.050E-07  9.902E-07  0.000E+00  0.000E+00  2.513E+00  3.142E+00
  9.902E-07  1.621E-06  0.000E+00  0.000E+00  2.513E+00  3.142E+00
  1.621E-06  2.653E-06  0.000E+00  0.000E+00  2.513E+00  3.142E+00
  2.653E-06  4.342E-06  0.000E+00  0.000E+00  2.513E+00  3.142E+00
  4.342E-06  7.106E-06  2.677E-04  9.900E+01  2.513E+00  3.142E+00
  7.106E-06  1.163E-05  0.000E+00  0.000E+00  2.513E+00  3.142E+00
  1.163E-05  1.904E-05  0.000E+00  0.000E+00  2.513E+00  3.142E+00
  1.904E-05  3.116E-05  0.000E+00  0.000E+00  2.513E+00  3.142E+00
  3.116E-05  5.100E-05  0.000E+00  0.000E+00  2.513E+00  3.142E+00
  5.100E-05  8.347E-05  4.960E-05  6.668E+01  2.513E+00  3.142E+00
  8.347E-05  1.366E-04  1.653E-05  9.900E+01  2.513E+00  3.142E+00
  1.366E-04  2.236E-04  3.665E-05  5.532E+01  2.513E+00  3.142E+00
  2.236E-04  3.660E-04  1.725E-05  7.300E+01  2.513E+00  3.142E+00
  3.660E-04  5.990E-04  1.024E-05  7.119E+01  2.513E+00  3.142E+00
  5.990E-04  9.804E-04  1.925E-05  3.133E+01  2.513E+00  3.142E+00
  9.804E-04  1.605E-03  2.323E-05  1.966E+01  2.513E+00  3.142E+00
  1.605E-03  2.627E-03  1.870E-05  2.009E+01  2.513E+00  3.142E+00
  2.627E-03  4.299E-03  2.495E-05  8.998E+00  2.513E+00  3.142E+00
  4.299E-03  7.036E-03  2.208E-05  1.372E+01  2.513E+00  3.142E+00
  7.036E-03  1.152E-02  2.763E-05  9.972E+00  2.513E+00  3.142E+00
  1.152E-02  1.885E-02  5.479E-05  4.731E+00  2.513E+00  3.142E+00
  1.885E-02  3.085E-02  8.092E-05  4.295E+00  2.513E+00  3.142E+00
  3.085E-02  5.050E-02  1.081E-04  2.928E+00  2.513E+00  3.142E+00
  5.050E-02  8.265E-02  1.271E-04  3.485E+00  2.513E+00  3.142E+00
  8.265E-02  1.353E-01  1.305E-04  2.432E+00  2.513E+00  3.142E+00
  1.353E-01  2.214E-01  1.172E-04  3.071E+00  2.513E+00  3.142E+00
  2.214E-01  3.624E-01  9.298E-05  3.222E+00  2.513E+00  3.142E+00
  3.624E-01  5.931E-01  4.569E-05  3.159E+00  2.513E+00  3.142E+00
  5.931E-01  9.708E-01  1.033E-05  3.745E+00  2.513E+00  3.142E+00
  9.708E-01  1.589E+00  7.257E-07  5.538E+00  2.513E+00  3.142E+00
  1.589E+00  2.601E+00  3.993E-09  4.378E+01  2.513E+00  3.142E+00
  2.601E+00  4.257E+00  0.000E+00  0.000E+00  2.513E+00  3.142E+00
  4.257E+00  6.967E+00  0.000E+00  0.000E+00  2.513E+00  3.142E+00
  6.967E+00  1.140E+01  0.000E+00  0.000E+00  2.513E+00  3.142E+00
  1.140E+01  1.866E+01  0.000E+00  0.000E+00  2.513E+00  3.142E+00
  1.866E+01  3.055E+01  0.000E+00  0.000E+00  2.513E+00  3.142E+00
  3.055E+01  5.000E+01  0.000E+00  0.000E+00  2.513E+00  3.142E+00
  5.000E+01  5.000E+01  0.000E+00  0.000E+00  2.513E+00  3.142E+00

 # Block n:            6     3.14159274      :   3.76991129    
  1.000E-09  1.637E-09  0.000E+00  0.000E+00  3.142E+00  3.770E+00
  1.637E-09  2.679E-09  0.000E+00  0.000E+00  3.142E+00  3.770E+00
  2.679E-09  4.385E-09  0.000E+00  0.000E+00  3.142E+00  3.770E+00
  4.385E-09  7.177E-09  0.000E+00  0.000E+00  3.142E+00  3.770E+00
  7.177E-09  1.175E-08  0.000E+00  0.000E+00  3.142E+00  3.770E+00
  1.175E-08  1.923E-08  0.000E+00  0.000E+00  3.142E+00  3.770E+00
  1.923E-08  3.147E-08  0.000E+00  0.000E+00  3.142E+00  3.770E+00
  3.147E-08  5.150E-08  0.000E+00  0.000E+00  3.142E+00  3.770E+00
  5.150E-08  8.430E-08  0.000E+00  0.000E+00  3.142E+00  3.770E+00
  8.430E-08  1.380E-07  0.000E+00  0.000E+00  3.142E+00  3.770E+00
  1.380E-07  2.258E-07  0.000E+00  0.000E+00  3.142E+00  3.770E+00
  2.258E-07  3.696E-07  0.000E+00  0.000E+00  3.142E+00  3.770E+00
  3.696E-07  6.050E-07  0.000E+00  0.000E+00  3.142E+00  3.770E+00
  6.050E-07  9.902E-07  0.000E+00  0.000E+00  3.142E+00  3.770E+00
  9.902E-07  1.621E-06  0.000E+00  0.000E+00  3.142E+00  3.770E+00
  1.621E-06  2.653E-06  0.000E+00  0.000E+00  3.142E+00  3.770E+00
  2.653E-06  4.342E-06  0.000E+00  0.000E+00  3.142E+00  3.770E+00
  4.342E-06  7.106E-06  0.000E+00  0.000E+00  3.142E+00  3.770E+00
  7.106E-06  1.163E-05  0.000E+00  0.000E+00  3.142E+00  3.770E+00
  1.163E-05  1.904E-05  0.000E+00  0.000E+00  3.142E+00  3.770E+00
  1.904E-05  3.116E-05  0.000E+00  0.000E+00  3.142E+00  3.770E+00
  3.116E-05  5.100E-05  0.000E+00  0.000E+00  3.142E+00  3.770E+00
  5.100E-05  8.347E-05  3.006E-05  9.900E+01  3.142E+00  3.770E+00
  8.347E-05  1.366E-04  1.946E-05  9.900E+01  3.142E+00  3.770E+00
  1.366E-04  2.236E-04  1.222E-05  9.900E+01  3.142E+00  3.770E+00
  2.236E-04  3.660E-04  2.088E-05  7.067E+01  3.142E+00  3.770E+00
  3.660E-04  5.990E-04  2.553E-05  3.666E+01  3.142E+00  3.770E+00
  5.990E-04  9.804E-04  2.325E-05  3.118E+01  3.142E+00  3.770E+00
  9.804E-04  1.605E-03  3.151E-05  2.945E+01  3.142E+00  3.770E+00
  1.605E-03  2.627E-03  1.836E-05  2.606E+01  3.142E+00  3.770E+00
  2.627E-03  4.299E-03  2.671E-05  1.627E+01  3.142E+00  3.770E+00
  4.299E-03  7.036E-03  2.553E-05  1.059E+01  3.142E+00  3.770E+00
  7.036E-03  1.152E-02  3.275E-05  1.263E+01  3.142E+00  3.770E+00
  1.152E-02  1.885E-02  6.473E-05  6.558E+00  3.142E+00  3.770E+00
  1.885E-02  3.085E-02  9.054E-05  5.298E+00  3.142E+00  3.770E+00
  3.085E-02  5.050E-02  1.215E-04  4.735E+00  3.142E+00  3.770E+00
  5.050E-02  8.265E-02  1.385E-04  4.694E+00  3.142E+00  3.770E+00
  8.265E-02  1.353E-01  1.347E-04  3.428E+00  3.142E+00  3.770E+00
  1.353E-01  2.214E-01  1.159E-04  2.666E+00  3.142E+00  3.770E+00
  2.214E-01  3.624E-01  7.997E-05  2.985E+00  3.142E+00  3.770E+00
  3.624E-01  5.931E-01  3.483E-05  3.532E+00  3.142E+00  3.770E+00
  5.931E-01  9.708E-01  6.281E-06  5.906E+00  3.142E+00  3.770E+00
  9.708E-01  1.589E+00  2.448E-07  4.779E+00  3.142E+00  3.770E+00
  1.589E+00  2.601E+00  9.262E-10  9.900E+01  3.142E+00  3.770E+00
  2.601E+00  4.257E+00  0.000E+00  0.000E+00  3.142E+00  3.770E+00
  4.257E+00  6.967E+00  0.000E+00  0.000E+00  3.142E+00  3.770E+00
  6.967E+00  1.140E+01  0.000E+00  0.000E+00  3.142E+00  3.770E+00
  1.140E+01  1.866E+01  0.000E+00  0.000E+00  3.142E+00  3.770E+00
  1.866E+01  3.055E+01  0.000E+00  0.000E+00  3.142E+00  3.770E+00
  3.055E+01  5.000E+01  0.000E+00  0.000E+00  3.142E+00  3.770E+00
  5.000E+01  5.000E+01  0.000E+00  0.000E+00  3.142E+00  3.770E+00

 # Block n:            7     3.76991129      :   4.39822960    
  1.000E-09  1.637E-09  0.000E+00  0.000E+00  3.770E+00  4.398E+00
  1.637E-09  2.679E-09  0.000E+00  0.000E+00  3.770E+00  4.398E+00
  2.679E-09  4.385E-09  0.000E+00  0.000E+00  3.770E+00  4.398E+00
  4.385E-09  7.177E-09  0.000E+00  0.000E+00  3.770E+00  4.398E+00
  7.177E-09  1.175E-08  0.000E+00  0.000E+00  3.770E+00  4.398E+00
  1.175E-08  1.923E-08  0.000E+00  0.000E+00  3.770E+00  4.398E+00
  1.923E-08  3.147E-08  0.000E+00  0.000E+00  3.770E+00  4.398E+00
  3.147E-08  5.150E-08  0.000E+00  0.000E+00  3.770E+00  4.398E+00
  5.150E-08  8.430E-08  0.000E+00  0.000E+00  3.770E+00  4.398E+00
  8.430E-08  1.380E-07  0.000E+00  0.000E+00  3.770E+00  4.398E+00
  1.380E-07  2.258E-07  0.000E+00  0.000E+00  3.770E+00  4.398E+00
  2.258E-07  3.696E-07  0.000E+00  0.000E+00  3.770E+00  4.398E+00
  3.696E-07  6.050E-07  0.000E+00  0.000E+00  3.770E+00  4.398E+00
  6.050E-07  9.902E-07  0.000E+00  0.000E+00  3.770E+00  4.398E+00
  9.902E-07  1.621E-06  0.000E+00  0.000E+00  3.770E+00  4.398E+00
  1.621E-06  2.653E-06  0.000E+00  0.000E+00  3.770E+00  4.398E+00
  2.653E-06  4.342E-06  0.000E+00  0.000E+00  3.770E+00  4.398E+00
  4.342E-06  7.106E-06  0.000E+00  0.000E+00  3.770E+00  4.398E+00
  7.106E-06  1.163E-05  0.000E+00  0.000E+00  3.770E+00  4.398E+00
  1.163E-05  1.904E-05  0.000E+00  0.000E+00  3.770E+00  4.398E+00
  1.904E-05  3.116E-05  0.000E+00  0.000E+00  3.770E+00  4.398E+00
  3.116E-05  5.100E-05  1.804E-04  5.107E+01  3.770E+00  4.398E+00
  5.100E-05  8.347E-05  1.220E-04  7.331E+01  3.770E+00  4.398E+00
  8.347E-05  1.366E-04  2.246E-05  9.900E+01  3.770E+00  4.398E+00
  1.366E-04  2.236E-04  1.428E-05  9.900E+01  3.770E+00  4.398E+00
  2.236E-04  3.660E-04  4.413E-05  5.283E+01  3.770E+00  4.398E+00
  3.660E-04  5.990E-04  1.696E-05  5.094E+01  3.770E+00  4.398E+00
  5.990E-04  9.804E-04  3.298E-05  2.666E+01  3.770E+00  4.398E+00
  9.804E-04  1.605E-03  3.026E-05  2.455E+01  3.770E+00  4.398E+00
  1.605E-03  2.627E-03  3.411E-05  2.435E+01  3.770E+00  4.398E+00
  2.627E-03  4.299E-03  2.109E-05  1.746E+01  3.770E+00  4.398E+00
  4.299E-03  7.036E-03  3.338E-05  9.440E+00  3.770E+00  4.398E+00
  7.036E-03  1.152E-02  4.164E-05  6.185E+00  3.770E+00  4.398E+00
  1.152E-02  1.885E-02  8.040E-05  4.665E+00  3.770E+00  4.398E+00
  1.885E-02  3.085E-02  1.128E-04  3.105E+00  3.770E+00  4.398E+00
  3.085E-02  5.050E-02  1.462E-04  2.616E+00  3.770E+00  4.398E+00
  5.050E-02  8.265E-02  1.547E-04  3.283E+00  3.770E+00  4.398E+00
  8.265E-02  1.353E-01  1.439E-04  2.216E+00  3.770E+00  4.398E+00
  1.353E-01  2.214E-01  1.100E-04  2.657E+00  3.770E+00  4.398E+00
  2.214E-01  3.624E-01  7.341E-05  2.950E+00  3.770E+00  4.398E+00
  3.624E-01  5.931E-01  2.926E-05  2.813E+00  3.770E+00  4.398E+00
  5.931E-01  9.708E-01  3.962E-06  4.206E+00  3.770E+00  4.398E+00
  9.708E-01  1.589E+00  6.529E-08  1.063E+01  3.770E+00  4.398E+00
  1.589E+00  2.601E+00  0.000E+00  0.000E+00  3.770E+00  4.398E+00
  2.601E+00  4.257E+00  0.000E+00  0.000E+00  3.770E+00  4.398E+00
  4.257E+00  6.967E+00  0.000E+00  0.000E+00  3.770E+00  4.398E+00
  6.967E+00  1.140E+01  0.000E+00  0.000E+00  3.770E+00  4.398E+00
  1.140E+01  1.866E+01  0.000E+00  0.000E+00  3.770E+00  4.398E+00
  1.866E+01  3.055E+01  0.000E+00  0.000E+00  3.770E+00  4.398E+00
  3.055E+01  5.000E+01  0.000E+00  0.000E+00  3.770E+00  4.398E+00
  5.000E+01  5.000E+01  0.000E+00  0.000E+00  3.770E+00  4.398E+00

 # Block n:            8     4.39822960      :   5.02654839    
  1.000E-09  1.637E-09  0.000E+00  0.000E+00  4.398E+00  5.027E+00
  1.637E-09  2.679E-09  0.000E+00  0.000E+00  4.398E+00  5.027E+00
  2.679E-09  4.385E-09  0.000E+00  0.000E+00  4.398E+00  5.027E+00
  4.385E-09  7.177E-09  0.000E+00  0.000E+00  4.398E+00  5.027E+00
  7.177E-09  1.175E-08  0.000E+00  0.000E+00  4.398E+00  5.027E+00
  1.175E-08  1.923E-08  0.000E+00  0.000E+00  4.398E+00  5.027E+00
  1.923E-08  3.147E-08  0.000E+00  0.000E+00  4.398E+00  5.027E+00
  3.147E-08  5.150E-08  0.000E+00  0.000E+00  4.398E+00  5.027E+00
  5.150E-08  8.430E-08  0.000E+00  0.000E+00  4.398E+00  5.027E+00
  8.430E-08  1.380E-07  0.000E+00  0.000E+00  4.398E+00  5.027E+00
  1.380E-07  2.258E-07  0.000E+00  0.000E+00  4.398E+00  5.027E+00
  2.258E-07  3.696E-07  0.000E+00  0.000E+00  4.398E+00  5.027E+00
  3.696E-07  6.050E-07  0.000E+00  0.000E+00  4.398E+00  5.027E+00
  6.050E-07  9.902E-07  0.000E+00  0.000E+00  4.398E+00  5.027E+00
  9.902E-07  1.621E-06  0.000E+00  0.000E+00  4.398E+00  5.027E+00
  1.621E-06  2.653E-06  0.000E+00  0.000E+00  4.398E+00  5.027E+00
  2.653E-06  4.342E-06  0.000E+00  0.000E+00  4.398E+00  5.027E+00
  4.342E-06  7.106E-06  0.000E+00  0.000E+00  4.398E+00  5.027E+00
  7.106E-06  1.163E-05  3.693E-04  9.900E+01  4.398E+00  5.027E+00
  1.163E-05  1.904E-05  0.000E+00  0.000E+00  4.398E+00  5.027E+00
  1.904E-05  3.116E-05  0.000E+00  0.000E+00  4.398E+00  5.027E+00
  3.116E-05  5.100E-05  1.984E-04  6.729E+01  4.398E+00  5.027E+00
  5.100E-05  8.347E-05  5.534E-05  9.900E+01  4.398E+00  5.027E+00
  8.347E-05  1.366E-04  4.048E-05  9.900E+01  4.398E+00  5.027E+00
  1.366E-04  2.236E-04  0.000E+00  0.000E+00  4.398E+00  5.027E+00
  2.236E-04  3.660E-04  0.000E+00  0.000E+00  4.398E+00  5.027E+00
  3.660E-04  5.990E-04  1.726E-05  6.678E+01  4.398E+00  5.027E+00
  5.990E-04  9.804E-04  5.838E-05  2.986E+01  4.398E+00  5.027E+00
  9.804E-04  1.605E-03  3.229E-05  3.487E+01  4.398E+00  5.027E+00
  1.605E-03  2.627E-03  3.434E-05  2.229E+01  4.398E+00  5.027E+00
  2.627E-03  4.299E-03  3.294E-05  1.579E+01  4.398E+00  5.027E+00
  4.299E-03  7.036E-03  3.410E-05  1.270E+01  4.398E+00  5.027E+00
  7.036E-03  1.152E-02  5.553E-05  9.901E+00  4.398E+00  5.027E+00
  1.152E-02  1.885E-02  9.037E-05  4.832E+00  4.398E+00  5.027E+00
  1.885E-02  3.085E-02  1.381E-04  2.942E+00  4.398E+00  5.027E+00
  3.085E-02  5.050E-02  1.649E-04  2.658E+00  4.398E+00  5.027E+00
  5.050E-02  8.265E-02  1.868E-04  2.019E+00  4.398E+00  5.027E+00
  8.265E-02  1.353E-01  1.493E-04  1.864E+00  4.398E+00  5.027E+00
  1.353E-01  2.214E-01  1.111E-04  1.751E+00  4.398E+00  5.027E+00
  2.214E-01  3.624E-01  6.941E-05  1.874E+00  4.398E+00  5.027E+00
  3.624E-01  5.931E-01  2.461E-05  2.537E+00  4.398E+00  5.027E+00
  5.931E-01  9.708E-01  2.458E-06  6.388E+00  4.398E+00  5.027E+00
  9.708E-01  1.589E+00  6.296E-08  1.522E+01  4.398E+00  5.027E+00
  1.589E+00  2.601E+00  0.000E+00  0.000E+00  4.398E+00  5.027E+00
  2.601E+00  4.257E+00  0.000E+00  0.000E+00  4.398E+00  5.027E+00
  4.257E+00  6.967E+00  0.000E+00  0.000E+00  4.398E+00  5.027E+00
  6.967E+00  1.140E+01  0.000E+00  0.000E+00  4.398E+00  5.027E+00
  1.140E+01  1.866E+01  0.000E+00  0.000E+00  4.398E+00  5.027E+00
  1.866E+01  3.055E+01  0.000E+00  0.000E+00  4.398E+00  5.027E+00
  3.055E+01  5.000E+01  0.000E+00  0.000E+00  4.398E+00  5.027E+00
  5.000E+01  5.000E+01  0.000E+00  0.000E+00  4.398E+00  5.027E+00

 # Block n:            9     5.02654839      :   5.65486717    
  1.000E-09  1.637E-09  0.000E+00  0.000E+00  5.027E+00  5.655E+00
  1.637E-09  2.679E-09  0.000E+00  0.000E+00  5.027E+00  5.655E+00
  2.679E-09  4.385E-09  0.000E+00  0.000E+00  5.027E+00  5.655E+00
  4.385E-09  7.177E-09  0.000E+00  0.000E+00  5.027E+00  5.655E+00
  7.177E-09  1.175E-08  0.000E+00  0.000E+00  5.027E+00  5.655E+00
  1.175E-08  1.923E-08  0.000E+00  0.000E+00  5.027E+00  5.655E+00
  1.923E-08  3.147E-08  0.000E+00  0.000E+00  5.027E+00  5.655E+00
  3.147E-08  5.150E-08  0.000E+00  0.000E+00  5.027E+00  5.655E+00
  5.150E-08  8.430E-08  0.000E+00  0.000E+00  5.027E+00  5.655E+00
  8.430E-08  1.380E-07  0.000E+00  0.000E+00  5.027E+00  5.655E+00
  1.380E-07  2.258E-07  0.000E+00  0.000E+00  5.027E+00  5.655E+00
  2.258E-07  3.696E-07  0.000E+00  0.000E+00  5.027E+00  5.655E+00
  3.696E-07  6.050E-07  0.000E+00  0.000E+00  5.027E+00  5.655E+00
  6.050E-07  9.902E-07  0.000E+00  0.000E+00  5.027E+00  5.655E+00
  9.902E-07  1.621E-06  0.000E+00  0.000E+00  5.027E+00  5.655E+00
  1.621E-06  2.653E-06  0.000E+00  0.000E+00  5.027E+00  5.655E+00
  2.653E-06  4.342E-06  0.000E+00  0.000E+00  5.027E+00  5.655E+00
  4.342E-06  7.106E-06  0.000E+00  0.000E+00  5.027E+00  5.655E+00
  7.106E-06  1.163E-05  0.000E+00  0.000E+00  5.027E+00  5.655E+00
  1.163E-05  1.904E-05  0.000E+00  0.000E+00  5.027E+00  5.655E+00
  1.904E-05  3.116E-05  0.000E+00  0.000E+00  5.027E+00  5.655E+00
  3.116E-05  5.100E-05  0.000E+00  0.000E+00  5.027E+00  5.655E+00
  5.100E-05  8.347E-05  0.000E+00  0.000E+00  5.027E+00  5.655E+00
  8.347E-05  1.366E-04  0.000E+00  0.000E+00  5.027E+00  5.655E+00
  1.366E-04  2.236E-04  2.954E-05  9.900E+01  5.027E+00  5.655E+00
  2.236E-04  3.660E-04  1.820E-05  9.900E+01  5.027E+00  5.655E+00
  3.660E-04  5.990E-04  6.743E-05  3.670E+01  5.027E+00  5.655E+00
  5.990E-04  9.804E-04  3.117E-05  4.151E+01  5.027E+00  5.655E+00
  9.804E-04  1.605E-03  2.238E-05  6.127E+01  5.027E+00  5.655E+00
  1.605E-03  2.627E-03  3.723E-05  2.372E+01  5.027E+00  5.655E+00
  2.627E-03  4.299E-03  3.982E-05  2.070E+01  5.027E+00  5.655E+00
  4.299E-03  7.036E-03  5.256E-05  1.169E+01  5.027E+00  5.655E+00
  7.036E-03  1.152E-02  5.841E-05  1.090E+01  5.027E+00  5.655E+00
  1.152E-02  1.885E-02  9.825E-05  6.133E+00  5.027E+00  5.655E+00
  1.885E-02  3.085E-02  1.408E-04  4.147E+00  5.027E+00  5.655E+00
  3.085E-02  5.050E-02  1.753E-04  2.861E+00  5.027E+00  5.655E+00
  5.050E-02  8.265E-02  1.746E-04  2.286E+00  5.027E+00  5.655E+00
  8.265E-02  1.353E-01  1.486E-04  1.966E+00  5.027E+00  5.655E+00
  1.353E-01  2.214E-01  1.026E-04  1.593E+00  5.027E+00  5.655E+00
  2.214E-01  3.624E-01  5.981E-05  1.452E+00  5.027E+00  5.655E+00
  3.624E-01  5.931E-01  1.821E-05  2.176E+00  5.027E+00  5.655E+00
  5.931E-01  9.708E-01  1.241E-06  9.212E+00  5.027E+00  5.655E+00
  9.708E-01  1.589E+00  1.244E-08  5.125E+01  5.027E+00  5.655E+00
  1.589E+00  2.601E+00  0.000E+00  0.000E+00  5.027E+00  5.655E+00
  2.601E+00  4.257E+00  0.000E+00  0.000E+00  5.027E+00  5.655E+00
  4.257E+00  6.967E+00  0.000E+00  0.000E+00  5.027E+00  5.655E+00
  6.967E+00  1.140E+01  0.000E+00  0.000E+00  5.027E+00  5.655E+00
  1.140E+01  1.866E+01  0.000E+00  0.000E+00  5.027E+00  5.655E+00
  1.866E+01  3.055E+01  0.000E+00  0.000E+00  5.027E+00  5.655E+00
  3.055E+01  5.000E+01  0.000E+00  0.000E+00  5.027E+00  5.655E+00
  5.000E+01  5.000E+01  0.000E+00  0.000E+00  5.027E+00  5.655E+00

 # Block n:           10     5.65486717      :   6.28318548    
  1.000E-09  1.637E-09  0.000E+00  0.000E+00  5.655E+00  6.283E+00
  1.637E-09  2.679E-09  0.000E+00  0.000E+00  5.655E+00  6.283E+00
  2.679E-09  4.385E-09  0.000E+00  0.000E+00  5.655E+00  6.283E+00
  4.385E-09  7.177E-09  0.000E+00  0.000E+00  5.655E+00  6.283E+00
  7.177E-09  1.175E-08  0.000E+00  0.000E+00  5.655E+00  6.283E+00
  1.175E-08  1.923E-08  0.000E+00  0.000E+00  5.655E+00  6.283E+00
  1.923E-08  3.147E-08  0.000E+00  0.000E+00  5.655E+00  6.283E+00
  3.147E-08  5.150E-08  0.000E+00  0.000E+00  5.655E+00  6.283E+00
  5.150E-08  8.430E-08  0.000E+00  0.000E+00  5.655E+00  6.283E+00
  8.430E-08  1.380E-07  0.000E+00  0.000E+00  5.655E+00  6.283E+00
  1.380E-07  2.258E-07  0.000E+00  0.000E+00  5.655E+00  6.283E+00
  2.258E-07  3.696E-07  0.000E+00  0.000E+00  5.655E+00  6.283E+00
  3.696E-07  6.050E-07  0.000E+00  0.000E+00  5.655E+00  6.283E+00
  6.050E-07  9.902E-07  0.000E+00  0.000E+00  5.655E+00  6.283E+00
  9.902E-07  1.621E-06  0.000E+00  0.000E+00  5.655E+00  6.283E+00
  1.621E-06  2.653E-06  0.000E+00  0.000E+00  5.655E+00  6.283E+00
  2.653E-06  4.342E-06  0.000E+00  0.000E+00  5.655E+00  6.283E+00
  4.342E-06  7.106E-06  0.000E+00  0.000E+00  5.655E+00  6.283E+00
  7.106E-06  1.163E-05  0.000E+00  0.000E+00  5.655E+00  6.283E+00
  1.163E-05  1.904E-05  0.000E+00  0.000E+00  5.655E+00  6.283E+00
  1.904E-05  3.116E-05  0.000E+00  0.000E+00  5.655E+00  6.283E+00
  3.116E-05  5.100E-05  0.000E+00  0.000E+00  5.655E+00  6.283E+00
  5.100E-05  8.347E-05  0.000E+00  0.000E+00  5.655E+00  6.283E+00
  8.347E-05  1.366E-04  0.000E+00  0.000E+00  5.655E+00  6.283E+00
  1.366E-04  2.236E-04  0.000E+00  0.000E+00  5.655E+00  6.283E+00
  2.236E-04  3.660E-04  0.000E+00  0.000E+00  5.655E+00  6.283E+00
  3.660E-04  5.990E-04  1.933E-05  9.900E+01  5.655E+00  6.283E+00
  5.990E-04  9.804E-04  0.000E+00  0.000E+00  5.655E+00  6.283E+00
  9.804E-04  1.605E-03  7.092E-06  9.900E+01  5.655E+00  6.283E+00
  1.605E-03  2.627E-03  3.209E-05  3.422E+01  5.655E+00  6.283E+00
  2.627E-03  4.299E-03  2.068E-05  5.758E+01  5.655E+00  6.283E+00
  4.299E-03  7.036E-03  4.792E-05  3.163E+01  5.655E+00  6.283E+00
  7.036E-03  1.152E-02  7.912E-05  2.342E+01  5.655E+00  6.283E+00
  1.152E-02  1.885E-02  1.123E-04  2.510E+01  5.655E+00  6.283E+00
  1.885E-02  3.085E-02  1.645E-04  1.025E+01  5.655E+00  6.283E+00
  3.085E-02  5.050E-02  1.884E-04  5.459E+00  5.655E+00  6.283E+00
  5.050E-02  8.265E-02  1.831E-04  3.820E+00  5.655E+00  6.283E+00
  8.265E-02  1.353E-01  1.326E-04  5.718E+00  5.655E+00  6.283E+00
  1.353E-01  2.214E-01  8.647E-05  6.949E+00  5.655E+00  6.283E+00
  2.214E-01  3.624E-01  4.750E-05  4.663E+00  5.655E+00  6.283E+00
  3.624E-01  5.931E-01  1.247E-05  5.800E+00  5.655E+00  6.283E+00
  5.931E-01  9.708E-01  7.955E-07  1.771E+01  5.655E+00  6.283E+00
  9.708E-01  1.589E+00  2.479E-08  9.900E+01  5.655E+00  6.283E+00
  1.589E+00  2.601E+00  0.000E+00  0.000E+00  5.655E+00  6.283E+00
  2.601E+00  4.257E+00  0.000E+00  0.000E+00  5.655E+00  6.283E+00
  4.257E+00  6.967E+00  0.000E+00  0.000E+00  5.655E+00  6.283E+00
  6.967E+00  1.140E+01  0.000E+00  0.000E+00  5.655E+00  6.283E+00
  1.140E+01  1.866E+01  0.000E+00  0.000E+00  5.655E+00  6.283E+00
  1.866E+01  3.055E+01  0.000E+00  0.000E+00  5.655E+00  6.283E+00
  3.055E+01  5.000E+01  0.000E+00  0.000E+00  5.655E+00  6.283E+00
  5.000E+01  5.000E+01  0.000E+00  0.000E+00  5.655E+00  6.283E+00

  1.000E-09  1.000E-09  0.000E+00  0.000E+00  6.283E+00  6.283E+00
  1.637E-09  1.637E-09  0.000E+00  0.000E+00  6.283E+00  6.283E+00
  2.679E-09  2.679E-09  0.000E+00  0.000E+00  6.283E+00  6.283E+00
  4.385E-09  4.385E-09  0.000E+00  0.000E+00  6.283E+00  6.283E+00
  7.177E-09  7.177E-09  0.000E+00  0.000E+00  6.283E+00  6.283E+00
  1.175E-08  1.175E-08  0.000E+00  0.000E+00  6.283E+00  6.283E+00
  1.923E-08  1.923E-08  0.000E+00  0.000E+00  6.283E+00  6.283E+00
  3.147E-08  3.147E-08  0.000E+00  0.000E+00  6.283E+00  6.283E+00
  5.150E-08  5.150E-08  0.000E+00  0.000E+00  6.283E+00  6.283E+00
  8.430E-08  8.430E-08  0.000E+00  0.000E+00  6.283E+00  6.283E+00
  1.380E-07  1.380E-07  0.000E+00  0.000E+00  6.283E+00  6.283E+00
  2.258E-07  2.258E-07  0.000E+00  0.000E+00  6.283E+00  6.283E+00
  3.696E-07  3.696E-07  0.000E+00  0.000E+00  6.283E+00  6.283E+00
  6.050E-07  6.050E-07  0.000E+00  0.000E+00  6.283E+00  6.283E+00
  9.902E-07  9.902E-07  0.000E+00  0.000E+00  6.283E+00  6.283E+00
  1.621E-06  1.621E-06  0.000E+00  0.000E+00  6.283E+00  6.283E+00
  2.653E-06  2.653E-06  0.000E+00  0.000E+00  6.283E+00  6.283E+00
  4.342E-06  4.342E-06  0.000E+00  0.000E+00  6.283E+00  6.283E+00
  7.106E-06  7.106E-06  0.000E+00  0.000E+00  6.283E+00  6.283E+00
  1.163E-05  1.163E-05  0.000E+00  0.000E+00  6.283E+00  6.283E+00
  1.904E-05  1.904E-05  0.000E+00  0.000E+00  6.283E+00  6.283E+00
  3.116E-05  3.116E-05  0.000E+00  0.000E+00  6.283E+00  6.283E+00
  5.100E-05  5.100E-05  0.000E+00  0.000E+00  6.283E+00  6.283E+00
  8.347E-05  8.347E-05  0.000E+00  0.000E+00  6.283E+00  6.283E+00
  1.366E-04  1.366E-04  0.000E+00  0.000E+00  6.283E+00  6.283E+00
  2.236E-04  2.236E-04  0.000E+00  0.000E+00  6.283E+00  6.283E+00
  3.660E-04  3.660E-04  0.000E+00  0.000E+00  6.283E+00  6.283E+00
  5.990E-04  5.990E-04  0.000E+00  0.000E+00  6.283E+00  6.283E+00
  9.804E-04  9.804E-04  0.000E+00  0.000E+00  6.283E+00  6.283E+00
  1.605E-03  1.605E-03  0.000E+00  0.000E+00  6.283E+00  6.283E+00
  2.627E-03  2.627E-03  0.000E+00  0.000E+00  6.283E+00  6.283E+00
  4.299E-03  4.299E-03  0.000E+00  0.000E+00  6.283E+00  6.283E+00
  7.036E-03  7.036E-03  0.000E+00  0.000E+00  6.283E+00  6.283E+00
  1.152E-02  1.152E-02  0.000E+00  0.000E+00  6.283E+00  6.283E+00
  1.885E-02  1.885E-02  0.000E+00  0.000E+00  6.283E+00  6.283E+00
  3.085E-02  3.085E-02  0.000E+00  0.000E+00  6.283E+00  6.283E+00
  5.050E-02  5.050E-02  0.000E+00  0.000E+00  6.283E+00  6.283E+00
  8.265E-02  8.265E-02  0.000E+00  0.000E+00  6.283E+00  6.283E+00
  1.353E-01  1.353E-01  0.000E+00  0.000E+00  6.283E+00  6.283E+00
  2.214E-01  2.214E-01  0.000E+00  0.000E+00  6.283E+00  6.283E+00
  3.624E-01  3.624E-01  0.000E+00  0.000E+00  6.283E+00  6.283E+00
  5.931E-01  5.931E-01  0.000E+00  0.000E+00  6.283E+00  6.283E+00
  9.708E-01  9.708E-01  0.000E+00  0.000E+00  6.283E+00  6.283E+00
  1.589E+00  1.589E+00  0.000E+00  0.000E+00  6.283E+00  6.283E+00
  2.601E+00  2.601E+00  0.000E+00  0.000E+00  6.283E+00  6.283E+00
  4.257E+00  4.257E+00  0.000E+00  0.000E+00  6.283E+00  6.283E+00
  6.967E+00  6.967E+00  0.000E+00  0.000E+00  6.283E+00  6.283E+00
  1.140E+01  1.140E+01  0.000E+00  0.000E+00  6.283E+00  6.283E+00
  1.866E+01  1.866E+01  0.000E+00  0.000E+00  6.283E+00  6.283E+00
  3.055E+01  3.055E+01  0.000E+00  0.000E+00  6.283E+00  6.283E+00
  5.000E+01  5.000E+01  0.000E+00  0.000E+00  6.283E+00  6.283E+00
