 # Detector n:            1   piCurrUD  (integrated over solid angle)
 # N. of energy intervals          50
  1.000E-09  1.637E-09  0.000E+00  0.000E+00
  1.637E-09  2.679E-09  0.000E+00  0.000E+00
  2.679E-09  4.385E-09  0.000E+00  0.000E+00
  4.385E-09  7.177E-09  0.000E+00  0.000E+00
  7.177E-09  1.175E-08  0.000E+00  0.000E+00
  1.175E-08  1.923E-08  0.000E+00  0.000E+00
  1.923E-08  3.147E-08  0.000E+00  0.000E+00
  3.147E-08  5.150E-08  0.000E+00  0.000E+00
  5.150E-08  8.430E-08  0.000E+00  0.000E+00
  8.430E-08  1.380E-07  0.000E+00  0.000E+00
  1.380E-07  2.258E-07  0.000E+00  0.000E+00
  2.258E-07  3.696E-07  0.000E+00  0.000E+00
  3.696E-07  6.050E-07  0.000E+00  0.000E+00
  6.050E-07  9.902E-07  0.000E+00  0.000E+00
  9.902E-07  1.621E-06  0.000E+00  0.000E+00
  1.621E-06  2.653E-06  0.000E+00  0.000E+00
  2.653E-06  4.342E-06  0.000E+00  0.000E+00
  4.342E-06  7.106E-06  1.005E-04  9.900E+01
  7.106E-06  1.163E-05  6.139E-05  9.900E+01
  1.163E-05  1.904E-05  3.751E-05  9.900E+01
  1.904E-05  3.116E-05  0.000E+00  0.000E+00
  3.116E-05  5.100E-05  8.401E-05  3.685E+01
  5.100E-05  8.347E-05  6.844E-05  2.500E+01
  8.347E-05  1.366E-04  5.226E-05  2.108E+01
  1.366E-04  2.236E-04  7.344E-05  2.341E+01
  2.236E-04  3.660E-04  5.268E-05  1.917E+01
  3.660E-04  5.990E-04  4.768E-05  1.054E+01
  5.990E-04  9.804E-04  5.972E-05  9.924E+00
  9.804E-04  1.605E-03  6.407E-05  1.116E+01
  1.605E-03  2.627E-03  5.954E-05  7.345E+00
  2.627E-03  4.299E-03  5.996E-05  3.992E+00
  4.299E-03  7.036E-03  6.342E-05  3.743E+00
  7.036E-03  1.152E-02  8.556E-05  4.447E+00
  1.152E-02  1.885E-02  1.624E-04  2.987E+00
  1.885E-02  3.085E-02  2.424E-04  3.112E+00
  3.085E-02  5.050E-02  3.208E-04  3.198E+00
  5.050E-02  8.265E-02  3.802E-04  3.100E+00
  8.265E-02  1.353E-01  4.042E-04  2.829E+00
  1.353E-01  2.214E-01  4.341E-04  2.887E+00
  2.214E-01  3.624E-01  4.506E-04  2.973E+00
  3.624E-01  5.931E-01  3.793E-04  2.977E+00
  5.931E-01  9.708E-01  2.659E-04  3.126E+00
  9.708E-01  1.589E+00  1.691E-04  3.067E+00
  1.589E+00  2.601E+00  1.008E-04  2.973E+00
  2.601E+00  4.257E+00  5.448E-05  2.922E+00
  4.257E+00  6.967E+00  2.651E-05  2.887E+00
  6.967E+00  1.140E+01  1.085E-05  2.861E+00
  1.140E+01  1.866E+01  3.327E-06  2.950E+00
  1.866E+01  3.055E+01  6.506E-07  2.942E+00
  3.055E+01  5.000E+01  3.657E-08  4.845E+00


 # double differential distributions
 # number of solid angle intervals          10
 # Block n:            1     0.00000000      :  0.628318548    
  1.000E-09  1.637E-09  0.000E+00  0.000E+00  0.000E+00  6.283E-01
  1.637E-09  2.679E-09  0.000E+00  0.000E+00  0.000E+00  6.283E-01
  2.679E-09  4.385E-09  0.000E+00  0.000E+00  0.000E+00  6.283E-01
  4.385E-09  7.177E-09  0.000E+00  0.000E+00  0.000E+00  6.283E-01
  7.177E-09  1.175E-08  0.000E+00  0.000E+00  0.000E+00  6.283E-01
  1.175E-08  1.923E-08  0.000E+00  0.000E+00  0.000E+00  6.283E-01
  1.923E-08  3.147E-08  0.000E+00  0.000E+00  0.000E+00  6.283E-01
  3.147E-08  5.150E-08  0.000E+00  0.000E+00  0.000E+00  6.283E-01
  5.150E-08  8.430E-08  0.000E+00  0.000E+00  0.000E+00  6.283E-01
  8.430E-08  1.380E-07  0.000E+00  0.000E+00  0.000E+00  6.283E-01
  1.380E-07  2.258E-07  0.000E+00  0.000E+00  0.000E+00  6.283E-01
  2.258E-07  3.696E-07  0.000E+00  0.000E+00  0.000E+00  6.283E-01
  3.696E-07  6.050E-07  0.000E+00  0.000E+00  0.000E+00  6.283E-01
  6.050E-07  9.902E-07  0.000E+00  0.000E+00  0.000E+00  6.283E-01
  9.902E-07  1.621E-06  0.000E+00  0.000E+00  0.000E+00  6.283E-01
  1.621E-06  2.653E-06  0.000E+00  0.000E+00  0.000E+00  6.283E-01
  2.653E-06  4.342E-06  0.000E+00  0.000E+00  0.000E+00  6.283E-01
  4.342E-06  7.106E-06  0.000E+00  0.000E+00  0.000E+00  6.283E-01
  7.106E-06  1.163E-05  0.000E+00  0.000E+00  0.000E+00  6.283E-01
  1.163E-05  1.904E-05  0.000E+00  0.000E+00  0.000E+00  6.283E-01
  1.904E-05  3.116E-05  0.000E+00  0.000E+00  0.000E+00  6.283E-01
  3.116E-05  5.100E-05  2.228E-05  9.900E+01  0.000E+00  6.283E-01
  5.100E-05  8.347E-05  1.361E-05  9.900E+01  0.000E+00  6.283E-01
  8.347E-05  1.366E-04  1.664E-05  6.667E+01  0.000E+00  6.283E-01
  1.366E-04  2.236E-04  2.033E-05  5.528E+01  0.000E+00  6.283E-01
  2.236E-04  3.660E-04  1.242E-05  4.082E+01  0.000E+00  6.283E-01
  3.660E-04  5.990E-04  7.588E-06  5.528E+01  0.000E+00  6.283E-01
  5.990E-04  9.804E-04  1.739E-05  1.792E+01  0.000E+00  6.283E-01
  9.804E-04  1.605E-03  1.346E-05  2.412E+01  0.000E+00  6.283E-01
  1.605E-03  2.627E-03  1.341E-05  1.554E+01  0.000E+00  6.283E-01
  2.627E-03  4.299E-03  1.163E-05  1.560E+01  0.000E+00  6.283E-01
  4.299E-03  7.036E-03  1.034E-05  1.237E+01  0.000E+00  6.283E-01
  7.036E-03  1.152E-02  1.589E-05  8.903E+00  0.000E+00  6.283E-01
  1.152E-02  1.885E-02  3.388E-05  5.203E+00  0.000E+00  6.283E-01
  1.885E-02  3.085E-02  5.341E-05  3.966E+00  0.000E+00  6.283E-01
  3.085E-02  5.050E-02  7.112E-05  3.828E+00  0.000E+00  6.283E-01
  5.050E-02  8.265E-02  9.460E-05  3.303E+00  0.000E+00  6.283E-01
  8.265E-02  1.353E-01  1.184E-04  3.076E+00  0.000E+00  6.283E-01
  1.353E-01  2.214E-01  1.636E-04  3.356E+00  0.000E+00  6.283E-01
  2.214E-01  3.624E-01  2.348E-04  3.091E+00  0.000E+00  6.283E-01
  3.624E-01  5.931E-01  2.895E-04  3.037E+00  0.000E+00  6.283E-01
  5.931E-01  9.708E-01  2.944E-04  3.186E+00  0.000E+00  6.283E-01
  9.708E-01  1.589E+00  2.392E-04  3.048E+00  0.000E+00  6.283E-01
  1.589E+00  2.601E+00  1.570E-04  2.978E+00  0.000E+00  6.283E-01
  2.601E+00  4.257E+00  8.659E-05  2.924E+00  0.000E+00  6.283E-01
  4.257E+00  6.967E+00  4.218E-05  2.887E+00  0.000E+00  6.283E-01
  6.967E+00  1.140E+01  1.727E-05  2.861E+00  0.000E+00  6.283E-01
  1.140E+01  1.866E+01  5.294E-06  2.950E+00  0.000E+00  6.283E-01
  1.866E+01  3.055E+01  1.035E-06  2.942E+00  0.000E+00  6.283E-01
  3.055E+01  5.000E+01  5.821E-08  4.845E+00  0.000E+00  6.283E-01
  5.000E+01  5.000E+01  0.000E+00  0.000E+00  0.000E+00  6.283E-01

 # Block n:            2    0.628318548      :   1.25663710    
  1.000E-09  1.637E-09  0.000E+00  0.000E+00  6.283E-01  1.257E+00
  1.637E-09  2.679E-09  0.000E+00  0.000E+00  6.283E-01  1.257E+00
  2.679E-09  4.385E-09  0.000E+00  0.000E+00  6.283E-01  1.257E+00
  4.385E-09  7.177E-09  0.000E+00  0.000E+00  6.283E-01  1.257E+00
  7.177E-09  1.175E-08  0.000E+00  0.000E+00  6.283E-01  1.257E+00
  1.175E-08  1.923E-08  0.000E+00  0.000E+00  6.283E-01  1.257E+00
  1.923E-08  3.147E-08  0.000E+00  0.000E+00  6.283E-01  1.257E+00
  3.147E-08  5.150E-08  0.000E+00  0.000E+00  6.283E-01  1.257E+00
  5.150E-08  8.430E-08  0.000E+00  0.000E+00  6.283E-01  1.257E+00
  8.430E-08  1.380E-07  0.000E+00  0.000E+00  6.283E-01  1.257E+00
  1.380E-07  2.258E-07  0.000E+00  0.000E+00  6.283E-01  1.257E+00
  2.258E-07  3.696E-07  0.000E+00  0.000E+00  6.283E-01  1.257E+00
  3.696E-07  6.050E-07  0.000E+00  0.000E+00  6.283E-01  1.257E+00
  6.050E-07  9.902E-07  0.000E+00  0.000E+00  6.283E-01  1.257E+00
  9.902E-07  1.621E-06  0.000E+00  0.000E+00  6.283E-01  1.257E+00
  1.621E-06  2.653E-06  0.000E+00  0.000E+00  6.283E-01  1.257E+00
  2.653E-06  4.342E-06  0.000E+00  0.000E+00  6.283E-01  1.257E+00
  4.342E-06  7.106E-06  0.000E+00  0.000E+00  6.283E-01  1.257E+00
  7.106E-06  1.163E-05  0.000E+00  0.000E+00  6.283E-01  1.257E+00
  1.163E-05  1.904E-05  0.000E+00  0.000E+00  6.283E-01  1.257E+00
  1.904E-05  3.116E-05  0.000E+00  0.000E+00  6.283E-01  1.257E+00
  3.116E-05  5.100E-05  0.000E+00  0.000E+00  6.283E-01  1.257E+00
  5.100E-05  8.347E-05  0.000E+00  0.000E+00  6.283E-01  1.257E+00
  8.347E-05  1.366E-04  1.664E-05  6.667E+01  6.283E-01  1.257E+00
  1.366E-04  2.236E-04  2.033E-05  5.528E+01  6.283E-01  1.257E+00
  2.236E-04  3.660E-04  9.315E-06  5.092E+01  6.283E-01  1.257E+00
  3.660E-04  5.990E-04  1.328E-05  2.182E+01  6.283E-01  1.257E+00
  5.990E-04  9.804E-04  9.273E-06  2.500E+01  6.283E-01  1.257E+00
  9.804E-04  1.605E-03  8.498E-06  4.779E+01  6.283E-01  1.257E+00
  1.605E-03  2.627E-03  1.038E-05  2.257E+01  6.283E-01  1.257E+00
  2.627E-03  4.299E-03  1.375E-05  1.399E+01  6.283E-01  1.257E+00
  4.299E-03  7.036E-03  1.050E-05  1.400E+01  6.283E-01  1.257E+00
  7.036E-03  1.152E-02  1.747E-05  1.130E+01  6.283E-01  1.257E+00
  1.152E-02  1.885E-02  3.316E-05  4.616E+00  6.283E-01  1.257E+00
  1.885E-02  3.085E-02  4.995E-05  5.446E+00  6.283E-01  1.257E+00
  3.085E-02  5.050E-02  6.862E-05  4.889E+00  6.283E-01  1.257E+00
  5.050E-02  8.265E-02  8.650E-05  3.440E+00  6.283E-01  1.257E+00
  8.265E-02  1.353E-01  1.040E-04  3.674E+00  6.283E-01  1.257E+00
  1.353E-01  2.214E-01  1.330E-04  3.336E+00  6.283E-01  1.257E+00
  2.214E-01  3.624E-01  1.598E-04  3.065E+00  6.283E-01  1.257E+00
  3.624E-01  5.931E-01  1.401E-04  2.925E+00  6.283E-01  1.257E+00
  5.931E-01  9.708E-01  7.730E-05  2.924E+00  6.283E-01  1.257E+00
  9.708E-01  1.589E+00  2.317E-05  3.220E+00  6.283E-01  1.257E+00
  1.589E+00  2.601E+00  3.063E-06  2.921E+00  6.283E-01  1.257E+00
  2.601E+00  4.257E+00  1.127E-07  3.616E+00  6.283E-01  1.257E+00
  4.257E+00  6.967E+00  4.893E-10  5.092E+01  6.283E-01  1.257E+00
  6.967E+00  1.140E+01  0.000E+00  0.000E+00  6.283E-01  1.257E+00
  1.140E+01  1.866E+01  0.000E+00  0.000E+00  6.283E-01  1.257E+00
  1.866E+01  3.055E+01  0.000E+00  0.000E+00  6.283E-01  1.257E+00
  3.055E+01  5.000E+01  0.000E+00  0.000E+00  6.283E-01  1.257E+00
  5.000E+01  5.000E+01  0.000E+00  0.000E+00  6.283E-01  1.257E+00

 # Block n:            3     1.25663710      :   1.88495564    
  1.000E-09  1.637E-09  0.000E+00  0.000E+00  1.257E+00  1.885E+00
  1.637E-09  2.679E-09  0.000E+00  0.000E+00  1.257E+00  1.885E+00
  2.679E-09  4.385E-09  0.000E+00  0.000E+00  1.257E+00  1.885E+00
  4.385E-09  7.177E-09  0.000E+00  0.000E+00  1.257E+00  1.885E+00
  7.177E-09  1.175E-08  0.000E+00  0.000E+00  1.257E+00  1.885E+00
  1.175E-08  1.923E-08  0.000E+00  0.000E+00  1.257E+00  1.885E+00
  1.923E-08  3.147E-08  0.000E+00  0.000E+00  1.257E+00  1.885E+00
  3.147E-08  5.150E-08  0.000E+00  0.000E+00  1.257E+00  1.885E+00
  5.150E-08  8.430E-08  0.000E+00  0.000E+00  1.257E+00  1.885E+00
  8.430E-08  1.380E-07  0.000E+00  0.000E+00  1.257E+00  1.885E+00
  1.380E-07  2.258E-07  0.000E+00  0.000E+00  1.257E+00  1.885E+00
  2.258E-07  3.696E-07  0.000E+00  0.000E+00  1.257E+00  1.885E+00
  3.696E-07  6.050E-07  0.000E+00  0.000E+00  1.257E+00  1.885E+00
  6.050E-07  9.902E-07  0.000E+00  0.000E+00  1.257E+00  1.885E+00
  9.902E-07  1.621E-06  0.000E+00  0.000E+00  1.257E+00  1.885E+00
  1.621E-06  2.653E-06  0.000E+00  0.000E+00  1.257E+00  1.885E+00
  2.653E-06  4.342E-06  0.000E+00  0.000E+00  1.257E+00  1.885E+00
  4.342E-06  7.106E-06  0.000E+00  0.000E+00  1.257E+00  1.885E+00
  7.106E-06  1.163E-05  0.000E+00  0.000E+00  1.257E+00  1.885E+00
  1.163E-05  1.904E-05  0.000E+00  0.000E+00  1.257E+00  1.885E+00
  1.904E-05  3.116E-05  0.000E+00  0.000E+00  1.257E+00  1.885E+00
  3.116E-05  5.100E-05  0.000E+00  0.000E+00  1.257E+00  1.885E+00
  5.100E-05  8.347E-05  0.000E+00  0.000E+00  1.257E+00  1.885E+00
  8.347E-05  1.366E-04  8.318E-06  9.900E+01  1.257E+00  1.885E+00
  1.366E-04  2.236E-04  1.525E-05  7.115E+01  1.257E+00  1.885E+00
  2.236E-04  3.660E-04  1.863E-05  2.722E+01  1.257E+00  1.885E+00
  3.660E-04  5.990E-04  1.138E-05  3.685E+01  1.257E+00  1.885E+00
  5.990E-04  9.804E-04  8.114E-06  3.049E+01  1.257E+00  1.885E+00
  9.804E-04  1.605E-03  1.700E-05  1.884E+01  1.257E+00  1.885E+00
  1.605E-03  2.627E-03  1.428E-05  1.568E+01  1.257E+00  1.885E+00
  2.627E-03  4.299E-03  1.322E-05  1.633E+01  1.257E+00  1.885E+00
  4.299E-03  7.036E-03  1.244E-05  1.299E+01  1.257E+00  1.885E+00
  7.036E-03  1.152E-02  1.648E-05  4.468E+00  1.257E+00  1.885E+00
  1.152E-02  1.885E-02  2.948E-05  5.508E+00  1.257E+00  1.885E+00
  1.885E-02  3.085E-02  4.811E-05  4.832E+00  1.257E+00  1.885E+00
  3.085E-02  5.050E-02  6.623E-05  3.736E+00  1.257E+00  1.885E+00
  5.050E-02  8.265E-02  8.052E-05  3.254E+00  1.257E+00  1.885E+00
  8.265E-02  1.353E-01  9.107E-05  3.667E+00  1.257E+00  1.885E+00
  1.353E-01  2.214E-01  1.068E-04  3.108E+00  1.257E+00  1.885E+00
  2.214E-01  3.624E-01  1.070E-04  3.145E+00  1.257E+00  1.885E+00
  3.624E-01  5.931E-01  7.267E-05  2.906E+00  1.257E+00  1.885E+00
  5.931E-01  9.708E-01  2.835E-05  3.016E+00  1.257E+00  1.885E+00
  9.708E-01  1.589E+00  4.823E-06  3.308E+00  1.257E+00  1.885E+00
  1.589E+00  2.601E+00  2.499E-07  4.398E+00  1.257E+00  1.885E+00
  2.601E+00  4.257E+00  1.869E-09  4.786E+01  1.257E+00  1.885E+00
  4.257E+00  6.967E+00  0.000E+00  0.000E+00  1.257E+00  1.885E+00
  6.967E+00  1.140E+01  0.000E+00  0.000E+00  1.257E+00  1.885E+00
  1.140E+01  1.866E+01  0.000E+00  0.000E+00  1.257E+00  1.885E+00
  1.866E+01  3.055E+01  0.000E+00  0.000E+00  1.257E+00  1.885E+00
  3.055E+01  5.000E+01  0.000E+00  0.000E+00  1.257E+00  1.885E+00
  5.000E+01  5.000E+01  0.000E+00  0.000E+00  1.257E+00  1.885E+00

 # Block n:            4     1.88495564      :   2.51327419    
  1.000E-09  1.637E-09  0.000E+00  0.000E+00  1.885E+00  2.513E+00
  1.637E-09  2.679E-09  0.000E+00  0.000E+00  1.885E+00  2.513E+00
  2.679E-09  4.385E-09  0.000E+00  0.000E+00  1.885E+00  2.513E+00
  4.385E-09  7.177E-09  0.000E+00  0.000E+00  1.885E+00  2.513E+00
  7.177E-09  1.175E-08  0.000E+00  0.000E+00  1.885E+00  2.513E+00
  1.175E-08  1.923E-08  0.000E+00  0.000E+00  1.885E+00  2.513E+00
  1.923E-08  3.147E-08  0.000E+00  0.000E+00  1.885E+00  2.513E+00
  3.147E-08  5.150E-08  0.000E+00  0.000E+00  1.885E+00  2.513E+00
  5.150E-08  8.430E-08  0.000E+00  0.000E+00  1.885E+00  2.513E+00
  8.430E-08  1.380E-07  0.000E+00  0.000E+00  1.885E+00  2.513E+00
  1.380E-07  2.258E-07  0.000E+00  0.000E+00  1.885E+00  2.513E+00
  2.258E-07  3.696E-07  0.000E+00  0.000E+00  1.885E+00  2.513E+00
  3.696E-07  6.050E-07  0.000E+00  0.000E+00  1.885E+00  2.513E+00
  6.050E-07  9.902E-07  0.000E+00  0.000E+00  1.885E+00  2.513E+00
  9.902E-07  1.621E-06  0.000E+00  0.000E+00  1.885E+00  2.513E+00
  1.621E-06  2.653E-06  0.000E+00  0.000E+00  1.885E+00  2.513E+00
  2.653E-06  4.342E-06  0.000E+00  0.000E+00  1.885E+00  2.513E+00
  4.342E-06  7.106E-06  0.000E+00  0.000E+00  1.885E+00  2.513E+00
  7.106E-06  1.163E-05  0.000E+00  0.000E+00  1.885E+00  2.513E+00
  1.163E-05  1.904E-05  5.970E-05  9.900E+01  1.885E+00  2.513E+00
  1.904E-05  3.116E-05  0.000E+00  0.000E+00  1.885E+00  2.513E+00
  3.116E-05  5.100E-05  0.000E+00  0.000E+00  1.885E+00  2.513E+00
  5.100E-05  8.347E-05  0.000E+00  0.000E+00  1.885E+00  2.513E+00
  8.347E-05  1.366E-04  8.318E-06  9.900E+01  1.885E+00  2.513E+00
  1.366E-04  2.236E-04  2.541E-05  3.333E+01  1.885E+00  2.513E+00
  2.236E-04  3.660E-04  6.210E-06  6.667E+01  1.885E+00  2.513E+00
  3.660E-04  5.990E-04  3.794E-06  6.667E+01  1.885E+00  2.513E+00
  5.990E-04  9.804E-04  8.114E-06  4.286E+01  1.885E+00  2.513E+00
  9.804E-04  1.605E-03  1.346E-05  2.281E+01  1.885E+00  2.513E+00
  1.605E-03  2.627E-03  1.038E-05  2.257E+01  1.885E+00  2.513E+00
  2.627E-03  4.299E-03  8.988E-06  1.709E+01  1.885E+00  2.513E+00
  4.299E-03  7.036E-03  1.421E-05  1.014E+01  1.885E+00  2.513E+00
  7.036E-03  1.152E-02  1.648E-05  5.924E+00  1.885E+00  2.513E+00
  1.152E-02  1.885E-02  3.262E-05  3.608E+00  1.885E+00  2.513E+00
  1.885E-02  3.085E-02  4.674E-05  3.100E+00  1.885E+00  2.513E+00
  3.085E-02  5.050E-02  6.254E-05  4.143E+00  1.885E+00  2.513E+00
  5.050E-02  8.265E-02  7.501E-05  3.480E+00  1.885E+00  2.513E+00
  8.265E-02  1.353E-01  8.076E-05  3.260E+00  1.885E+00  2.513E+00
  1.353E-01  2.214E-01  8.452E-05  2.966E+00  1.885E+00  2.513E+00
  2.214E-01  3.624E-01  7.351E-05  3.187E+00  1.885E+00  2.513E+00
  3.624E-01  5.931E-01  4.060E-05  3.443E+00  1.885E+00  2.513E+00
  5.931E-01  9.708E-01  1.223E-05  2.989E+00  1.885E+00  2.513E+00
  9.708E-01  1.589E+00  1.357E-06  4.338E+00  1.885E+00  2.513E+00
  1.589E+00  2.601E+00  3.015E-08  9.770E+00  1.885E+00  2.513E+00
  2.601E+00  4.257E+00  0.000E+00  0.000E+00  1.885E+00  2.513E+00
  4.257E+00  6.967E+00  0.000E+00  0.000E+00  1.885E+00  2.513E+00
  6.967E+00  1.140E+01  0.000E+00  0.000E+00  1.885E+00  2.513E+00
  1.140E+01  1.866E+01  0.000E+00  0.000E+00  1.885E+00  2.513E+00
  1.866E+01  3.055E+01  0.000E+00  0.000E+00  1.885E+00  2.513E+00
  3.055E+01  5.000E+01  0.000E+00  0.000E+00  1.885E+00  2.513E+00
  5.000E+01  5.000E+01  0.000E+00  0.000E+00  1.885E+00  2.513E+00

 # Block n:            5     2.51327419      :   3.14159274    
  1.000E-09  1.637E-09  0.000E+00  0.000E+00  2.513E+00  3.142E+00
  1.637E-09  2.679E-09  0.000E+00  0.000E+00  2.513E+00  3.142E+00
  2.679E-09  4.385E-09  0.000E+00  0.000E+00  2.513E+00  3.142E+00
  4.385E-09  7.177E-09  0.000E+00  0.000E+00  2.513E+00  3.142E+00
  7.177E-09  1.175E-08  0.000E+00  0.000E+00  2.513E+00  3.142E+00
  1.175E-08  1.923E-08  0.000E+00  0.000E+00  2.513E+00  3.142E+00
  1.923E-08  3.147E-08  0.000E+00  0.000E+00  2.513E+00  3.142E+00
  3.147E-08  5.150E-08  0.000E+00  0.000E+00  2.513E+00  3.142E+00
  5.150E-08  8.430E-08  0.000E+00  0.000E+00  2.513E+00  3.142E+00
  8.430E-08  1.380E-07  0.000E+00  0.000E+00  2.513E+00  3.142E+00
  1.380E-07  2.258E-07  0.000E+00  0.000E+00  2.513E+00  3.142E+00
  2.258E-07  3.696E-07  0.000E+00  0.000E+00  2.513E+00  3.142E+00
  3.696E-07  6.050E-07  0.000E+00  0.000E+00  2.513E+00  3.142E+00
  6.050E-07  9.902E-07  0.000E+00  0.000E+00  2.513E+00  3.142E+00
  9.902E-07  1.621E-06  0.000E+00  0.000E+00  2.513E+00  3.142E+00
  1.621E-06  2.653E-06  0.000E+00  0.000E+00  2.513E+00  3.142E+00
  2.653E-06  4.342E-06  0.000E+00  0.000E+00  2.513E+00  3.142E+00
  4.342E-06  7.106E-06  1.599E-04  9.900E+01  2.513E+00  3.142E+00
  7.106E-06  1.163E-05  0.000E+00  0.000E+00  2.513E+00  3.142E+00
  1.163E-05  1.904E-05  0.000E+00  0.000E+00  2.513E+00  3.142E+00
  1.904E-05  3.116E-05  0.000E+00  0.000E+00  2.513E+00  3.142E+00
  3.116E-05  5.100E-05  0.000E+00  0.000E+00  2.513E+00  3.142E+00
  5.100E-05  8.347E-05  2.723E-05  6.667E+01  2.513E+00  3.142E+00
  8.347E-05  1.366E-04  8.318E-06  9.900E+01  2.513E+00  3.142E+00
  1.366E-04  2.236E-04  2.033E-05  5.528E+01  2.513E+00  3.142E+00
  2.236E-04  3.660E-04  9.315E-06  7.115E+01  2.513E+00  3.142E+00
  3.660E-04  5.990E-04  5.691E-06  7.115E+01  2.513E+00  3.142E+00
  5.990E-04  9.804E-04  1.043E-05  3.077E+01  2.513E+00  3.142E+00
  9.804E-04  1.605E-03  1.275E-05  1.995E+01  2.513E+00  3.142E+00
  1.605E-03  2.627E-03  1.038E-05  2.079E+01  2.513E+00  3.142E+00
  2.627E-03  4.299E-03  1.348E-05  8.985E+00  2.513E+00  3.142E+00
  4.299E-03  7.036E-03  1.211E-05  1.395E+01  2.513E+00  3.142E+00
  7.036E-03  1.152E-02  1.510E-05  9.986E+00  2.513E+00  3.142E+00
  1.152E-02  1.885E-02  3.008E-05  4.652E+00  2.513E+00  3.142E+00
  1.885E-02  3.085E-02  4.431E-05  4.346E+00  2.513E+00  3.142E+00
  3.085E-02  5.050E-02  5.941E-05  2.942E+00  2.513E+00  3.142E+00
  5.050E-02  8.265E-02  6.986E-05  3.523E+00  2.513E+00  3.142E+00
  8.265E-02  1.353E-01  7.173E-05  2.408E+00  2.513E+00  3.142E+00
  1.353E-01  2.214E-01  6.458E-05  3.072E+00  2.513E+00  3.142E+00
  2.214E-01  3.624E-01  5.126E-05  3.238E+00  2.513E+00  3.142E+00
  3.624E-01  5.931E-01  2.525E-05  3.155E+00  2.513E+00  3.142E+00
  5.931E-01  9.708E-01  5.733E-06  3.704E+00  2.513E+00  3.142E+00
  9.708E-01  1.589E+00  4.055E-07  5.584E+00  2.513E+00  3.142E+00
  1.589E+00  2.601E+00  2.185E-09  4.472E+01  2.513E+00  3.142E+00
  2.601E+00  4.257E+00  0.000E+00  0.000E+00  2.513E+00  3.142E+00
  4.257E+00  6.967E+00  0.000E+00  0.000E+00  2.513E+00  3.142E+00
  6.967E+00  1.140E+01  0.000E+00  0.000E+00  2.513E+00  3.142E+00
  1.140E+01  1.866E+01  0.000E+00  0.000E+00  2.513E+00  3.142E+00
  1.866E+01  3.055E+01  0.000E+00  0.000E+00  2.513E+00  3.142E+00
  3.055E+01  5.000E+01  0.000E+00  0.000E+00  2.513E+00  3.142E+00
  5.000E+01  5.000E+01  0.000E+00  0.000E+00  2.513E+00  3.142E+00

 # Block n:            6     3.14159274      :   3.76991129    
  1.000E-09  1.637E-09  0.000E+00  0.000E+00  3.142E+00  3.770E+00
  1.637E-09  2.679E-09  0.000E+00  0.000E+00  3.142E+00  3.770E+00
  2.679E-09  4.385E-09  0.000E+00  0.000E+00  3.142E+00  3.770E+00
  4.385E-09  7.177E-09  0.000E+00  0.000E+00  3.142E+00  3.770E+00
  7.177E-09  1.175E-08  0.000E+00  0.000E+00  3.142E+00  3.770E+00
  1.175E-08  1.923E-08  0.000E+00  0.000E+00  3.142E+00  3.770E+00
  1.923E-08  3.147E-08  0.000E+00  0.000E+00  3.142E+00  3.770E+00
  3.147E-08  5.150E-08  0.000E+00  0.000E+00  3.142E+00  3.770E+00
  5.150E-08  8.430E-08  0.000E+00  0.000E+00  3.142E+00  3.770E+00
  8.430E-08  1.380E-07  0.000E+00  0.000E+00  3.142E+00  3.770E+00
  1.380E-07  2.258E-07  0.000E+00  0.000E+00  3.142E+00  3.770E+00
  2.258E-07  3.696E-07  0.000E+00  0.000E+00  3.142E+00  3.770E+00
  3.696E-07  6.050E-07  0.000E+00  0.000E+00  3.142E+00  3.770E+00
  6.050E-07  9.902E-07  0.000E+00  0.000E+00  3.142E+00  3.770E+00
  9.902E-07  1.621E-06  0.000E+00  0.000E+00  3.142E+00  3.770E+00
  1.621E-06  2.653E-06  0.000E+00  0.000E+00  3.142E+00  3.770E+00
  2.653E-06  4.342E-06  0.000E+00  0.000E+00  3.142E+00  3.770E+00
  4.342E-06  7.106E-06  0.000E+00  0.000E+00  3.142E+00  3.770E+00
  7.106E-06  1.163E-05  0.000E+00  0.000E+00  3.142E+00  3.770E+00
  1.163E-05  1.904E-05  0.000E+00  0.000E+00  3.142E+00  3.770E+00
  1.904E-05  3.116E-05  0.000E+00  0.000E+00  3.142E+00  3.770E+00
  3.116E-05  5.100E-05  0.000E+00  0.000E+00  3.142E+00  3.770E+00
  5.100E-05  8.347E-05  1.361E-05  9.900E+01  3.142E+00  3.770E+00
  8.347E-05  1.366E-04  8.318E-06  9.900E+01  3.142E+00  3.770E+00
  1.366E-04  2.236E-04  5.082E-06  9.900E+01  3.142E+00  3.770E+00
  2.236E-04  3.660E-04  9.315E-06  7.115E+01  3.142E+00  3.770E+00
  3.660E-04  5.990E-04  1.138E-05  3.685E+01  3.142E+00  3.770E+00
  5.990E-04  9.804E-04  1.043E-05  3.077E+01  3.142E+00  3.770E+00
  9.804E-04  1.605E-03  1.416E-05  2.981E+01  3.142E+00  3.770E+00
  1.605E-03  2.627E-03  8.221E-06  2.536E+01  3.142E+00  3.770E+00
  2.627E-03  4.299E-03  1.190E-05  1.597E+01  3.142E+00  3.770E+00
  4.299E-03  7.036E-03  1.131E-05  1.021E+01  3.142E+00  3.770E+00
  7.036E-03  1.152E-02  1.470E-05  1.283E+01  3.142E+00  3.770E+00
  1.152E-02  1.885E-02  2.906E-05  6.501E+00  3.142E+00  3.770E+00
  1.885E-02  3.085E-02  4.063E-05  5.359E+00  3.142E+00  3.770E+00
  3.085E-02  5.050E-02  5.457E-05  4.724E+00  3.142E+00  3.770E+00
  5.050E-02  8.265E-02  6.230E-05  4.692E+00  3.142E+00  3.770E+00
  8.265E-02  1.353E-01  6.049E-05  3.453E+00  3.142E+00  3.770E+00
  1.353E-01  2.214E-01  5.218E-05  2.666E+00  3.142E+00  3.770E+00
  2.214E-01  3.624E-01  3.607E-05  2.990E+00  3.142E+00  3.770E+00
  3.624E-01  5.931E-01  1.573E-05  3.548E+00  3.142E+00  3.770E+00
  5.931E-01  9.708E-01  2.859E-06  5.967E+00  3.142E+00  3.770E+00
  9.708E-01  1.589E+00  1.116E-07  4.603E+00  3.142E+00  3.770E+00
  1.589E+00  2.601E+00  4.370E-10  9.900E+01  3.142E+00  3.770E+00
  2.601E+00  4.257E+00  0.000E+00  0.000E+00  3.142E+00  3.770E+00
  4.257E+00  6.967E+00  0.000E+00  0.000E+00  3.142E+00  3.770E+00
  6.967E+00  1.140E+01  0.000E+00  0.000E+00  3.142E+00  3.770E+00
  1.140E+01  1.866E+01  0.000E+00  0.000E+00  3.142E+00  3.770E+00
  1.866E+01  3.055E+01  0.000E+00  0.000E+00  3.142E+00  3.770E+00
  3.055E+01  5.000E+01  0.000E+00  0.000E+00  3.142E+00  3.770E+00
  5.000E+01  5.000E+01  0.000E+00  0.000E+00  3.142E+00  3.770E+00

 # Block n:            7     3.76991129      :   4.39822960    
  1.000E-09  1.637E-09  0.000E+00  0.000E+00  3.770E+00  4.398E+00
  1.637E-09  2.679E-09  0.000E+00  0.000E+00  3.770E+00  4.398E+00
  2.679E-09  4.385E-09  0.000E+00  0.000E+00  3.770E+00  4.398E+00
  4.385E-09  7.177E-09  0.000E+00  0.000E+00  3.770E+00  4.398E+00
  7.177E-09  1.175E-08  0.000E+00  0.000E+00  3.770E+00  4.398E+00
  1.175E-08  1.923E-08  0.000E+00  0.000E+00  3.770E+00  4.398E+00
  1.923E-08  3.147E-08  0.000E+00  0.000E+00  3.770E+00  4.398E+00
  3.147E-08  5.150E-08  0.000E+00  0.000E+00  3.770E+00  4.398E+00
  5.150E-08  8.430E-08  0.000E+00  0.000E+00  3.770E+00  4.398E+00
  8.430E-08  1.380E-07  0.000E+00  0.000E+00  3.770E+00  4.398E+00
  1.380E-07  2.258E-07  0.000E+00  0.000E+00  3.770E+00  4.398E+00
  2.258E-07  3.696E-07  0.000E+00  0.000E+00  3.770E+00  4.398E+00
  3.696E-07  6.050E-07  0.000E+00  0.000E+00  3.770E+00  4.398E+00
  6.050E-07  9.902E-07  0.000E+00  0.000E+00  3.770E+00  4.398E+00
  9.902E-07  1.621E-06  0.000E+00  0.000E+00  3.770E+00  4.398E+00
  1.621E-06  2.653E-06  0.000E+00  0.000E+00  3.770E+00  4.398E+00
  2.653E-06  4.342E-06  0.000E+00  0.000E+00  3.770E+00  4.398E+00
  4.342E-06  7.106E-06  0.000E+00  0.000E+00  3.770E+00  4.398E+00
  7.106E-06  1.163E-05  0.000E+00  0.000E+00  3.770E+00  4.398E+00
  1.163E-05  1.904E-05  0.000E+00  0.000E+00  3.770E+00  4.398E+00
  1.904E-05  3.116E-05  0.000E+00  0.000E+00  3.770E+00  4.398E+00
  3.116E-05  5.100E-05  6.685E-05  5.092E+01  3.770E+00  4.398E+00
  5.100E-05  8.347E-05  4.084E-05  7.115E+01  3.770E+00  4.398E+00
  8.347E-05  1.366E-04  8.318E-06  9.900E+01  3.770E+00  4.398E+00
  1.366E-04  2.236E-04  5.082E-06  9.900E+01  3.770E+00  4.398E+00
  2.236E-04  3.660E-04  1.553E-05  5.375E+01  3.770E+00  4.398E+00
  3.660E-04  5.990E-04  5.691E-06  5.092E+01  3.770E+00  4.398E+00
  5.990E-04  9.804E-04  1.159E-05  2.582E+01  3.770E+00  4.398E+00
  9.804E-04  1.605E-03  1.062E-05  2.485E+01  3.770E+00  4.398E+00
  1.605E-03  2.627E-03  1.211E-05  2.428E+01  3.770E+00  4.398E+00
  2.627E-03  4.299E-03  7.137E-06  1.661E+01  3.770E+00  4.398E+00
  4.299E-03  7.036E-03  1.147E-05  9.260E+00  3.770E+00  4.398E+00
  7.036E-03  1.152E-02  1.451E-05  6.337E+00  3.770E+00  4.398E+00
  1.152E-02  1.885E-02  2.797E-05  4.735E+00  3.770E+00  4.398E+00
  1.885E-02  3.085E-02  3.949E-05  3.093E+00  3.770E+00  4.398E+00
  3.085E-02  5.050E-02  5.093E-05  2.648E+00  3.770E+00  4.398E+00
  5.050E-02  8.265E-02  5.393E-05  3.271E+00  3.770E+00  4.398E+00
  8.265E-02  1.353E-01  5.019E-05  2.159E+00  3.770E+00  4.398E+00
  1.353E-01  2.214E-01  3.844E-05  2.637E+00  3.770E+00  4.398E+00
  2.214E-01  3.624E-01  2.568E-05  2.939E+00  3.770E+00  4.398E+00
  3.624E-01  5.931E-01  1.027E-05  2.787E+00  3.770E+00  4.398E+00
  5.931E-01  9.708E-01  1.406E-06  4.322E+00  3.770E+00  4.398E+00
  9.708E-01  1.589E+00  2.360E-08  1.015E+01  3.770E+00  4.398E+00
  1.589E+00  2.601E+00  0.000E+00  0.000E+00  3.770E+00  4.398E+00
  2.601E+00  4.257E+00  0.000E+00  0.000E+00  3.770E+00  4.398E+00
  4.257E+00  6.967E+00  0.000E+00  0.000E+00  3.770E+00  4.398E+00
  6.967E+00  1.140E+01  0.000E+00  0.000E+00  3.770E+00  4.398E+00
  1.140E+01  1.866E+01  0.000E+00  0.000E+00  3.770E+00  4.398E+00
  1.866E+01  3.055E+01  0.000E+00  0.000E+00  3.770E+00  4.398E+00
  3.055E+01  5.000E+01  0.000E+00  0.000E+00  3.770E+00  4.398E+00
  5.000E+01  5.000E+01  0.000E+00  0.000E+00  3.770E+00  4.398E+00

 # Block n:            8     4.39822960      :   5.02654839    
  1.000E-09  1.637E-09  0.000E+00  0.000E+00  4.398E+00  5.027E+00
  1.637E-09  2.679E-09  0.000E+00  0.000E+00  4.398E+00  5.027E+00
  2.679E-09  4.385E-09  0.000E+00  0.000E+00  4.398E+00  5.027E+00
  4.385E-09  7.177E-09  0.000E+00  0.000E+00  4.398E+00  5.027E+00
  7.177E-09  1.175E-08  0.000E+00  0.000E+00  4.398E+00  5.027E+00
  1.175E-08  1.923E-08  0.000E+00  0.000E+00  4.398E+00  5.027E+00
  1.923E-08  3.147E-08  0.000E+00  0.000E+00  4.398E+00  5.027E+00
  3.147E-08  5.150E-08  0.000E+00  0.000E+00  4.398E+00  5.027E+00
  5.150E-08  8.430E-08  0.000E+00  0.000E+00  4.398E+00  5.027E+00
  8.430E-08  1.380E-07  0.000E+00  0.000E+00  4.398E+00  5.027E+00
  1.380E-07  2.258E-07  0.000E+00  0.000E+00  4.398E+00  5.027E+00
  2.258E-07  3.696E-07  0.000E+00  0.000E+00  4.398E+00  5.027E+00
  3.696E-07  6.050E-07  0.000E+00  0.000E+00  4.398E+00  5.027E+00
  6.050E-07  9.902E-07  0.000E+00  0.000E+00  4.398E+00  5.027E+00
  9.902E-07  1.621E-06  0.000E+00  0.000E+00  4.398E+00  5.027E+00
  1.621E-06  2.653E-06  0.000E+00  0.000E+00  4.398E+00  5.027E+00
  2.653E-06  4.342E-06  0.000E+00  0.000E+00  4.398E+00  5.027E+00
  4.342E-06  7.106E-06  0.000E+00  0.000E+00  4.398E+00  5.027E+00
  7.106E-06  1.163E-05  9.771E-05  9.900E+01  4.398E+00  5.027E+00
  1.163E-05  1.904E-05  0.000E+00  0.000E+00  4.398E+00  5.027E+00
  1.904E-05  3.116E-05  0.000E+00  0.000E+00  4.398E+00  5.027E+00
  3.116E-05  5.100E-05  4.457E-05  6.667E+01  4.398E+00  5.027E+00
  5.100E-05  8.347E-05  1.361E-05  9.900E+01  4.398E+00  5.027E+00
  8.347E-05  1.366E-04  8.318E-06  9.900E+01  4.398E+00  5.027E+00
  1.366E-04  2.236E-04  0.000E+00  0.000E+00  4.398E+00  5.027E+00
  2.236E-04  3.660E-04  0.000E+00  0.000E+00  4.398E+00  5.027E+00
  3.660E-04  5.990E-04  3.794E-06  6.667E+01  4.398E+00  5.027E+00
  5.990E-04  9.804E-04  1.507E-05  3.045E+01  4.398E+00  5.027E+00
  9.804E-04  1.605E-03  7.790E-06  3.442E+01  4.398E+00  5.027E+00
  1.605E-03  2.627E-03  8.221E-06  2.142E+01  4.398E+00  5.027E+00
  2.627E-03  4.299E-03  8.459E-06  1.600E+01  4.398E+00  5.027E+00
  4.299E-03  7.036E-03  8.560E-06  1.228E+01  4.398E+00  5.027E+00
  7.036E-03  1.152E-02  1.391E-05  9.773E+00  4.398E+00  5.027E+00
  1.152E-02  1.885E-02  2.261E-05  4.431E+00  4.398E+00  5.027E+00
  1.885E-02  3.085E-02  3.426E-05  2.734E+00  4.398E+00  5.027E+00
  3.085E-02  5.050E-02  4.091E-05  2.771E+00  4.398E+00  5.027E+00
  5.050E-02  8.265E-02  4.643E-05  2.029E+00  4.398E+00  5.027E+00
  8.265E-02  1.353E-01  3.732E-05  1.921E+00  4.398E+00  5.027E+00
  1.353E-01  2.214E-01  2.784E-05  1.698E+00  4.398E+00  5.027E+00
  2.214E-01  3.624E-01  1.744E-05  1.920E+00  4.398E+00  5.027E+00
  3.624E-01  5.931E-01  6.181E-06  2.499E+00  4.398E+00  5.027E+00
  5.931E-01  9.708E-01  6.216E-07  6.610E+00  4.398E+00  5.027E+00
  9.708E-01  1.589E+00  1.645E-08  1.594E+01  4.398E+00  5.027E+00
  1.589E+00  2.601E+00  0.000E+00  0.000E+00  4.398E+00  5.027E+00
  2.601E+00  4.257E+00  0.000E+00  0.000E+00  4.398E+00  5.027E+00
  4.257E+00  6.967E+00  0.000E+00  0.000E+00  4.398E+00  5.027E+00
  6.967E+00  1.140E+01  0.000E+00  0.000E+00  4.398E+00  5.027E+00
  1.140E+01  1.866E+01  0.000E+00  0.000E+00  4.398E+00  5.027E+00
  1.866E+01  3.055E+01  0.000E+00  0.000E+00  4.398E+00  5.027E+00
  3.055E+01  5.000E+01  0.000E+00  0.000E+00  4.398E+00  5.027E+00
  5.000E+01  5.000E+01  0.000E+00  0.000E+00  4.398E+00  5.027E+00

 # Block n:            9     5.02654839      :   5.65486717    
  1.000E-09  1.637E-09  0.000E+00  0.000E+00  5.027E+00  5.655E+00
  1.637E-09  2.679E-09  0.000E+00  0.000E+00  5.027E+00  5.655E+00
  2.679E-09  4.385E-09  0.000E+00  0.000E+00  5.027E+00  5.655E+00
  4.385E-09  7.177E-09  0.000E+00  0.000E+00  5.027E+00  5.655E+00
  7.177E-09  1.175E-08  0.000E+00  0.000E+00  5.027E+00  5.655E+00
  1.175E-08  1.923E-08  0.000E+00  0.000E+00  5.027E+00  5.655E+00
  1.923E-08  3.147E-08  0.000E+00  0.000E+00  5.027E+00  5.655E+00
  3.147E-08  5.150E-08  0.000E+00  0.000E+00  5.027E+00  5.655E+00
  5.150E-08  8.430E-08  0.000E+00  0.000E+00  5.027E+00  5.655E+00
  8.430E-08  1.380E-07  0.000E+00  0.000E+00  5.027E+00  5.655E+00
  1.380E-07  2.258E-07  0.000E+00  0.000E+00  5.027E+00  5.655E+00
  2.258E-07  3.696E-07  0.000E+00  0.000E+00  5.027E+00  5.655E+00
  3.696E-07  6.050E-07  0.000E+00  0.000E+00  5.027E+00  5.655E+00
  6.050E-07  9.902E-07  0.000E+00  0.000E+00  5.027E+00  5.655E+00
  9.902E-07  1.621E-06  0.000E+00  0.000E+00  5.027E+00  5.655E+00
  1.621E-06  2.653E-06  0.000E+00  0.000E+00  5.027E+00  5.655E+00
  2.653E-06  4.342E-06  0.000E+00  0.000E+00  5.027E+00  5.655E+00
  4.342E-06  7.106E-06  0.000E+00  0.000E+00  5.027E+00  5.655E+00
  7.106E-06  1.163E-05  0.000E+00  0.000E+00  5.027E+00  5.655E+00
  1.163E-05  1.904E-05  0.000E+00  0.000E+00  5.027E+00  5.655E+00
  1.904E-05  3.116E-05  0.000E+00  0.000E+00  5.027E+00  5.655E+00
  3.116E-05  5.100E-05  0.000E+00  0.000E+00  5.027E+00  5.655E+00
  5.100E-05  8.347E-05  0.000E+00  0.000E+00  5.027E+00  5.655E+00
  8.347E-05  1.366E-04  0.000E+00  0.000E+00  5.027E+00  5.655E+00
  1.366E-04  2.236E-04  5.082E-06  9.900E+01  5.027E+00  5.655E+00
  2.236E-04  3.660E-04  3.105E-06  9.900E+01  5.027E+00  5.655E+00
  3.660E-04  5.990E-04  1.138E-05  3.685E+01  5.027E+00  5.655E+00
  5.990E-04  9.804E-04  4.636E-06  4.082E+01  5.027E+00  5.655E+00
  9.804E-04  1.605E-03  3.541E-06  6.146E+01  5.027E+00  5.655E+00
  1.605E-03  2.627E-03  5.192E-06  2.422E+01  5.027E+00  5.655E+00
  2.627E-03  4.299E-03  5.816E-06  2.010E+01  5.027E+00  5.655E+00
  4.299E-03  7.036E-03  7.914E-06  1.156E+01  5.027E+00  5.655E+00
  7.036E-03  1.152E-02  8.585E-06  9.998E+00  5.027E+00  5.655E+00
  1.152E-02  1.885E-02  1.435E-05  7.108E+00  5.027E+00  5.655E+00
  1.885E-02  3.085E-02  2.114E-05  4.455E+00  5.027E+00  5.655E+00
  3.085E-02  5.050E-02  2.658E-05  2.781E+00  5.027E+00  5.655E+00
  5.050E-02  8.265E-02  2.641E-05  2.126E+00  5.027E+00  5.655E+00
  8.265E-02  1.353E-01  2.245E-05  1.880E+00  5.027E+00  5.655E+00
  1.353E-01  2.214E-01  1.556E-05  1.606E+00  5.027E+00  5.655E+00
  2.214E-01  3.624E-01  9.041E-06  1.582E+00  5.027E+00  5.655E+00
  3.624E-01  5.931E-01  2.782E-06  2.043E+00  5.027E+00  5.655E+00
  5.931E-01  9.708E-01  1.920E-07  8.585E+00  5.027E+00  5.655E+00
  9.708E-01  1.589E+00  2.146E-09  5.092E+01  5.027E+00  5.655E+00
  1.589E+00  2.601E+00  0.000E+00  0.000E+00  5.027E+00  5.655E+00
  2.601E+00  4.257E+00  0.000E+00  0.000E+00  5.027E+00  5.655E+00
  4.257E+00  6.967E+00  0.000E+00  0.000E+00  5.027E+00  5.655E+00
  6.967E+00  1.140E+01  0.000E+00  0.000E+00  5.027E+00  5.655E+00
  1.140E+01  1.866E+01  0.000E+00  0.000E+00  5.027E+00  5.655E+00
  1.866E+01  3.055E+01  0.000E+00  0.000E+00  5.027E+00  5.655E+00
  3.055E+01  5.000E+01  0.000E+00  0.000E+00  5.027E+00  5.655E+00
  5.000E+01  5.000E+01  0.000E+00  0.000E+00  5.027E+00  5.655E+00

 # Block n:           10     5.65486717      :   6.28318548    
  1.000E-09  1.637E-09  0.000E+00  0.000E+00  5.655E+00  6.283E+00
  1.637E-09  2.679E-09  0.000E+00  0.000E+00  5.655E+00  6.283E+00
  2.679E-09  4.385E-09  0.000E+00  0.000E+00  5.655E+00  6.283E+00
  4.385E-09  7.177E-09  0.000E+00  0.000E+00  5.655E+00  6.283E+00
  7.177E-09  1.175E-08  0.000E+00  0.000E+00  5.655E+00  6.283E+00
  1.175E-08  1.923E-08  0.000E+00  0.000E+00  5.655E+00  6.283E+00
  1.923E-08  3.147E-08  0.000E+00  0.000E+00  5.655E+00  6.283E+00
  3.147E-08  5.150E-08  0.000E+00  0.000E+00  5.655E+00  6.283E+00
  5.150E-08  8.430E-08  0.000E+00  0.000E+00  5.655E+00  6.283E+00
  8.430E-08  1.380E-07  0.000E+00  0.000E+00  5.655E+00  6.283E+00
  1.380E-07  2.258E-07  0.000E+00  0.000E+00  5.655E+00  6.283E+00
  2.258E-07  3.696E-07  0.000E+00  0.000E+00  5.655E+00  6.283E+00
  3.696E-07  6.050E-07  0.000E+00  0.000E+00  5.655E+00  6.283E+00
  6.050E-07  9.902E-07  0.000E+00  0.000E+00  5.655E+00  6.283E+00
  9.902E-07  1.621E-06  0.000E+00  0.000E+00  5.655E+00  6.283E+00
  1.621E-06  2.653E-06  0.000E+00  0.000E+00  5.655E+00  6.283E+00
  2.653E-06  4.342E-06  0.000E+00  0.000E+00  5.655E+00  6.283E+00
  4.342E-06  7.106E-06  0.000E+00  0.000E+00  5.655E+00  6.283E+00
  7.106E-06  1.163E-05  0.000E+00  0.000E+00  5.655E+00  6.283E+00
  1.163E-05  1.904E-05  0.000E+00  0.000E+00  5.655E+00  6.283E+00
  1.904E-05  3.116E-05  0.000E+00  0.000E+00  5.655E+00  6.283E+00
  3.116E-05  5.100E-05  0.000E+00  0.000E+00  5.655E+00  6.283E+00
  5.100E-05  8.347E-05  0.000E+00  0.000E+00  5.655E+00  6.283E+00
  8.347E-05  1.366E-04  0.000E+00  0.000E+00  5.655E+00  6.283E+00
  1.366E-04  2.236E-04  0.000E+00  0.000E+00  5.655E+00  6.283E+00
  2.236E-04  3.660E-04  0.000E+00  0.000E+00  5.655E+00  6.283E+00
  3.660E-04  5.990E-04  1.897E-06  9.900E+01  5.655E+00  6.283E+00
  5.990E-04  9.804E-04  0.000E+00  0.000E+00  5.655E+00  6.283E+00
  9.804E-04  1.605E-03  7.082E-07  9.900E+01  5.655E+00  6.283E+00
  1.605E-03  2.627E-03  2.163E-06  3.333E+01  5.655E+00  6.283E+00
  2.627E-03  4.299E-03  1.057E-06  4.082E+01  5.655E+00  6.283E+00
  4.299E-03  7.036E-03  2.100E-06  2.308E+01  5.655E+00  6.283E+00
  7.036E-03  1.152E-02  3.059E-06  1.764E+01  5.655E+00  6.283E+00
  1.152E-02  1.885E-02  5.245E-06  1.589E+01  5.655E+00  6.283E+00
  1.885E-02  3.085E-02  7.809E-06  3.358E+00  5.655E+00  6.283E+00
  3.085E-02  5.050E-02  9.700E-06  3.858E+00  5.655E+00  6.283E+00
  5.050E-02  8.265E-02  9.515E-06  3.977E+00  5.655E+00  6.283E+00
  8.265E-02  1.353E-01  6.905E-06  3.738E+00  5.655E+00  6.283E+00
  1.353E-01  2.214E-01  4.373E-06  4.439E+00  5.655E+00  6.283E+00
  2.214E-01  3.624E-01  2.534E-06  4.589E+00  5.655E+00  6.283E+00
  3.624E-01  5.931E-01  6.418E-07  4.608E+00  5.655E+00  6.283E+00
  5.931E-01  9.708E-01  3.980E-08  7.843E+00  5.655E+00  6.283E+00
  9.708E-01  1.589E+00  7.152E-10  9.900E+01  5.655E+00  6.283E+00
  1.589E+00  2.601E+00  0.000E+00  0.000E+00  5.655E+00  6.283E+00
  2.601E+00  4.257E+00  0.000E+00  0.000E+00  5.655E+00  6.283E+00
  4.257E+00  6.967E+00  0.000E+00  0.000E+00  5.655E+00  6.283E+00
  6.967E+00  1.140E+01  0.000E+00  0.000E+00  5.655E+00  6.283E+00
  1.140E+01  1.866E+01  0.000E+00  0.000E+00  5.655E+00  6.283E+00
  1.866E+01  3.055E+01  0.000E+00  0.000E+00  5.655E+00  6.283E+00
  3.055E+01  5.000E+01  0.000E+00  0.000E+00  5.655E+00  6.283E+00
  5.000E+01  5.000E+01  0.000E+00  0.000E+00  5.655E+00  6.283E+00

  1.000E-09  1.000E-09  0.000E+00  0.000E+00  6.283E+00  6.283E+00
  1.637E-09  1.637E-09  0.000E+00  0.000E+00  6.283E+00  6.283E+00
  2.679E-09  2.679E-09  0.000E+00  0.000E+00  6.283E+00  6.283E+00
  4.385E-09  4.385E-09  0.000E+00  0.000E+00  6.283E+00  6.283E+00
  7.177E-09  7.177E-09  0.000E+00  0.000E+00  6.283E+00  6.283E+00
  1.175E-08  1.175E-08  0.000E+00  0.000E+00  6.283E+00  6.283E+00
  1.923E-08  1.923E-08  0.000E+00  0.000E+00  6.283E+00  6.283E+00
  3.147E-08  3.147E-08  0.000E+00  0.000E+00  6.283E+00  6.283E+00
  5.150E-08  5.150E-08  0.000E+00  0.000E+00  6.283E+00  6.283E+00
  8.430E-08  8.430E-08  0.000E+00  0.000E+00  6.283E+00  6.283E+00
  1.380E-07  1.380E-07  0.000E+00  0.000E+00  6.283E+00  6.283E+00
  2.258E-07  2.258E-07  0.000E+00  0.000E+00  6.283E+00  6.283E+00
  3.696E-07  3.696E-07  0.000E+00  0.000E+00  6.283E+00  6.283E+00
  6.050E-07  6.050E-07  0.000E+00  0.000E+00  6.283E+00  6.283E+00
  9.902E-07  9.902E-07  0.000E+00  0.000E+00  6.283E+00  6.283E+00
  1.621E-06  1.621E-06  0.000E+00  0.000E+00  6.283E+00  6.283E+00
  2.653E-06  2.653E-06  0.000E+00  0.000E+00  6.283E+00  6.283E+00
  4.342E-06  4.342E-06  0.000E+00  0.000E+00  6.283E+00  6.283E+00
  7.106E-06  7.106E-06  0.000E+00  0.000E+00  6.283E+00  6.283E+00
  1.163E-05  1.163E-05  0.000E+00  0.000E+00  6.283E+00  6.283E+00
  1.904E-05  1.904E-05  0.000E+00  0.000E+00  6.283E+00  6.283E+00
  3.116E-05  3.116E-05  0.000E+00  0.000E+00  6.283E+00  6.283E+00
  5.100E-05  5.100E-05  0.000E+00  0.000E+00  6.283E+00  6.283E+00
  8.347E-05  8.347E-05  0.000E+00  0.000E+00  6.283E+00  6.283E+00
  1.366E-04  1.366E-04  0.000E+00  0.000E+00  6.283E+00  6.283E+00
  2.236E-04  2.236E-04  0.000E+00  0.000E+00  6.283E+00  6.283E+00
  3.660E-04  3.660E-04  0.000E+00  0.000E+00  6.283E+00  6.283E+00
  5.990E-04  5.990E-04  0.000E+00  0.000E+00  6.283E+00  6.283E+00
  9.804E-04  9.804E-04  0.000E+00  0.000E+00  6.283E+00  6.283E+00
  1.605E-03  1.605E-03  0.000E+00  0.000E+00  6.283E+00  6.283E+00
  2.627E-03  2.627E-03  0.000E+00  0.000E+00  6.283E+00  6.283E+00
  4.299E-03  4.299E-03  0.000E+00  0.000E+00  6.283E+00  6.283E+00
  7.036E-03  7.036E-03  0.000E+00  0.000E+00  6.283E+00  6.283E+00
  1.152E-02  1.152E-02  0.000E+00  0.000E+00  6.283E+00  6.283E+00
  1.885E-02  1.885E-02  0.000E+00  0.000E+00  6.283E+00  6.283E+00
  3.085E-02  3.085E-02  0.000E+00  0.000E+00  6.283E+00  6.283E+00
  5.050E-02  5.050E-02  0.000E+00  0.000E+00  6.283E+00  6.283E+00
  8.265E-02  8.265E-02  0.000E+00  0.000E+00  6.283E+00  6.283E+00
  1.353E-01  1.353E-01  0.000E+00  0.000E+00  6.283E+00  6.283E+00
  2.214E-01  2.214E-01  0.000E+00  0.000E+00  6.283E+00  6.283E+00
  3.624E-01  3.624E-01  0.000E+00  0.000E+00  6.283E+00  6.283E+00
  5.931E-01  5.931E-01  0.000E+00  0.000E+00  6.283E+00  6.283E+00
  9.708E-01  9.708E-01  0.000E+00  0.000E+00  6.283E+00  6.283E+00
  1.589E+00  1.589E+00  0.000E+00  0.000E+00  6.283E+00  6.283E+00
  2.601E+00  2.601E+00  0.000E+00  0.000E+00  6.283E+00  6.283E+00
  4.257E+00  4.257E+00  0.000E+00  0.000E+00  6.283E+00  6.283E+00
  6.967E+00  6.967E+00  0.000E+00  0.000E+00  6.283E+00  6.283E+00
  1.140E+01  1.140E+01  0.000E+00  0.000E+00  6.283E+00  6.283E+00
  1.866E+01  1.866E+01  0.000E+00  0.000E+00  6.283E+00  6.283E+00
  3.055E+01  3.055E+01  0.000E+00  0.000E+00  6.283E+00  6.283E+00
  5.000E+01  5.000E+01  0.000E+00  0.000E+00  6.283E+00  6.283E+00
