2026-05-03 21:14:40,551 - INFO - Generated: be_target_ep1_step1.inp | T=4.0, W=11.0×6.0, NPS=700000, BEAMPOS=-15.0
2026-05-03 21:20:47,462 - INFO - FLUKA completed: be_target_ep1_step1.inp
2026-05-03 21:20:47,840 - INFO - Ep1 Step1: Reward=24.08 | Success=True
2026-05-03 21:20:47,849 - INFO - Saved best configuration to bestcong.inp | T=4.0, W=11.0×6.0, NPS=700000, BEAMPOS=-15.0
2026-05-03 21:20:47,850 - INFO - Generated: be_target_ep1_step2.inp | T=4.0, W=11.0×6.0, NPS=600000, BEAMPOS=-15.0
2026-05-03 21:26:21,113 - INFO - FLUKA completed: be_target_ep1_step2.inp
2026-05-03 21:26:21,137 - INFO - Ep1 Step2: Reward=18.75 | Success=True
2026-05-03 21:26:21,138 - INFO - Generated: be_target_ep1_step3.inp | T=4.5, W=11.0×6.0, NPS=600000, BEAMPOS=-15.0
2026-05-03 21:33:49,052 - INFO - FLUKA completed: be_target_ep1_step3.inp
2026-05-03 21:33:49,066 - INFO - Ep1 Step3: Reward=30.19 | Success=True
2026-05-03 21:33:49,066 - INFO - Saved best configuration to bestcong.inp | T=4.5, W=11.0×6.0, NPS=600000, BEAMPOS=-15.0
2026-05-03 21:33:49,067 - INFO - Generated: be_target_ep1_step4.inp | T=4.5, W=11.0×7.0, NPS=600000, BEAMPOS=-15.0
2026-05-03 21:39:34,613 - INFO - FLUKA completed: be_target_ep1_step4.inp
2026-05-03 21:39:35,143 - INFO - Ep1 Step4: Reward=24.18 | Success=True
2026-05-03 21:39:35,230 - INFO - Generated: be_target_ep1_step5.inp | T=4.5, W=12.0×7.0, NPS=600000, BEAMPOS=-15.0
2026-05-03 21:45:41,740 - INFO - FLUKA completed: be_target_ep1_step5.inp
2026-05-03 21:45:42,123 - INFO - Ep1 Step5: Reward=24.41 | Success=True
2026-05-03 21:45:42,290 - INFO - Generated: be_target_ep1_step6.inp | T=5.0, W=12.0×7.0, NPS=600000, BEAMPOS=-15.0
2026-05-03 21:53:31,122 - INFO - FLUKA completed: be_target_ep1_step6.inp
2026-05-03 21:53:31,452 - INFO - Ep1 Step6: Reward=26.28 | Success=True
2026-05-03 21:53:31,693 - INFO - Generated: be_target_ep1_step7.inp | T=5.0, W=12.0×6.0, NPS=600000, BEAMPOS=-15.0
2026-05-03 21:59:54,426 - INFO - FLUKA completed: be_target_ep1_step7.inp
2026-05-03 21:59:54,440 - INFO - Ep1 Step7: Reward=30.70 | Success=True
2026-05-03 21:59:54,440 - INFO - Saved best configuration to bestcong.inp | T=5.0, W=12.0×6.0, NPS=600000, BEAMPOS=-15.0
2026-05-03 21:59:54,440 - INFO - Generated: be_target_ep1_step8.inp | T=5.5, W=12.0×6.0, NPS=600000, BEAMPOS=-15.0
2026-05-03 22:07:07,997 - INFO - FLUKA completed: be_target_ep1_step8.inp
2026-05-03 22:07:08,007 - INFO - Ep1 Step8: Reward=31.83 | Success=True
2026-05-03 22:07:08,008 - INFO - Saved best configuration to bestcong.inp | T=5.5, W=12.0×6.0, NPS=600000, BEAMPOS=-15.0
2026-05-03 22:07:08,008 - INFO - Generated: be_target_ep1_step9.inp | T=5.5, W=12.0×6.0, NPS=600000, BEAMPOS=-10.0
2026-05-03 22:14:28,178 - INFO - FLUKA completed: be_target_ep1_step9.inp
2026-05-03 22:14:28,208 - INFO - Ep1 Step9: Reward=31.83 | Success=True
2026-05-03 22:14:28,208 - INFO - Generated: be_target_ep1_step10.inp | T=5.0, W=12.0×6.0, NPS=600000, BEAMPOS=-10.0
2026-05-03 22:20:45,151 - INFO - FLUKA completed: be_target_ep1_step10.inp
2026-05-03 22:20:45,412 - INFO - Ep1 Step10: Reward=-3.35 | Success=True
2026-05-03 22:20:45,413 - INFO - Generated: be_target_ep2_step1.inp | T=3.0, W=12.0×8.0, NPS=400000, BEAMPOS=-10.0
2026-05-03 22:23:29,254 - INFO - FLUKA completed: be_target_ep2_step1.inp
2026-05-03 22:23:29,281 - INFO - Ep2 Step1: Reward=18.44 | Success=True
2026-05-03 22:23:29,308 - INFO - Generated: be_target_ep2_step2.inp | T=3.0, W=12.0×8.0, NPS=300000, BEAMPOS=-10.0
2026-05-03 22:25:42,290 - INFO - FLUKA completed: be_target_ep2_step2.inp
2026-05-03 22:25:42,302 - INFO - Ep2 Step2: Reward=19.26 | Success=True
2026-05-03 22:25:42,303 - INFO - Generated: be_target_ep2_step3.inp | T=2.5, W=12.0×8.0, NPS=300000, BEAMPOS=-10.0
2026-05-03 22:27:26,338 - INFO - FLUKA completed: be_target_ep2_step3.inp
2026-05-03 22:27:26,364 - INFO - Ep2 Step3: Reward=21.56 | Success=True
2026-05-03 22:27:26,364 - INFO - Generated: be_target_ep2_step4.inp | T=2.5, W=12.0×7.0, NPS=300000, BEAMPOS=-10.0
2026-05-03 22:29:15,810 - INFO - FLUKA completed: be_target_ep2_step4.inp
2026-05-03 22:29:15,822 - INFO - Ep2 Step4: Reward=15.62 | Success=True
2026-05-03 22:29:15,822 - INFO - Generated: be_target_ep2_step5.inp | T=2.5, W=11.0×7.0, NPS=300000, BEAMPOS=-10.0
2026-05-03 22:31:18,687 - INFO - FLUKA completed: be_target_ep2_step5.inp
2026-05-03 22:31:18,703 - INFO - Ep2 Step5: Reward=20.95 | Success=True
2026-05-03 22:31:19,256 - INFO - Generated: be_target_ep2_step6.inp | T=2.5, W=11.0×7.0, NPS=300000, BEAMPOS=-10.0
2026-05-03 22:34:12,672 - INFO - FLUKA completed: be_target_ep2_step6.inp
2026-05-03 22:34:13,182 - INFO - Ep2 Step6: Reward=20.95 | Success=True
2026-05-03 22:34:13,182 - INFO - Generated: be_target_ep2_step7.inp | T=2.5, W=10.0×7.0, NPS=300000, BEAMPOS=-10.0
2026-05-03 22:36:42,956 - INFO - FLUKA completed: be_target_ep2_step7.inp
2026-05-03 22:36:42,967 - INFO - Ep2 Step7: Reward=19.27 | Success=True
2026-05-03 22:36:42,968 - INFO - Generated: be_target_ep2_step8.inp | T=2.5, W=10.0×7.0, NPS=300000, BEAMPOS=-10.0
2026-05-03 22:38:24,453 - INFO - FLUKA completed: be_target_ep2_step8.inp
2026-05-03 22:38:25,132 - INFO - Ep2 Step8: Reward=19.27 | Success=True
2026-05-03 22:38:25,132 - INFO - Generated: be_target_ep2_step9.inp | T=2.5, W=9.0×7.0, NPS=300000, BEAMPOS=-10.0
2026-05-03 22:40:18,371 - INFO - FLUKA completed: be_target_ep2_step9.inp
2026-05-03 22:40:18,626 - INFO - Ep2 Step9: Reward=18.06 | Success=True
2026-05-03 22:40:18,627 - INFO - Generated: be_target_ep2_step10.inp | T=2.5, W=9.0×7.0, NPS=200000, BEAMPOS=-10.0
2026-05-03 22:41:38,819 - INFO - FLUKA completed: be_target_ep2_step10.inp
2026-05-03 22:41:38,906 - INFO - Ep2 Step10: Reward=-7.19 | Success=True
2026-05-03 22:41:38,906 - INFO - Generated: be_target_ep3_step1.inp | T=9.0, W=12.0×5.0, NPS=300000, BEAMPOS=-45.0
2026-05-03 22:47:20,524 - INFO - FLUKA completed: be_target_ep3_step1.inp
2026-05-03 22:47:20,568 - INFO - Ep3 Step1: Reward=28.97 | Success=True
2026-05-03 22:47:20,568 - INFO - Generated: be_target_ep3_step2.inp | T=9.0, W=12.0×5.0, NPS=400000, BEAMPOS=-45.0
2026-05-03 22:55:25,257 - INFO - FLUKA completed: be_target_ep3_step2.inp
2026-05-03 22:55:25,290 - INFO - Ep3 Step2: Reward=27.54 | Success=True
2026-05-03 22:55:25,291 - INFO - Generated: be_target_ep3_step3.inp | T=9.0, W=12.0×5.0, NPS=400000, BEAMPOS=-45.0
2026-05-03 23:03:15,997 - INFO - FLUKA completed: be_target_ep3_step3.inp
2026-05-03 23:03:21,414 - INFO - Ep3 Step3: Reward=27.54 | Success=True
2026-05-03 23:03:21,643 - INFO - Generated: be_target_ep3_step4.inp | T=9.0, W=12.0×5.0, NPS=400000, BEAMPOS=-45.0
2026-05-03 23:11:07,950 - INFO - FLUKA completed: be_target_ep3_step4.inp
2026-05-03 23:11:13,668 - INFO - Ep3 Step4: Reward=27.54 | Success=True
2026-05-03 23:11:13,841 - INFO - Generated: be_target_ep3_step5.inp | T=9.0, W=12.0×5.0, NPS=300000, BEAMPOS=-45.0
2026-05-03 23:16:48,816 - INFO - FLUKA completed: be_target_ep3_step5.inp
2026-05-03 23:16:49,019 - INFO - Ep3 Step5: Reward=28.97 | Success=True
2026-05-03 23:16:49,019 - INFO - Generated: be_target_ep3_step6.inp | T=9.0, W=12.0×5.0, NPS=300000, BEAMPOS=-45.0
2026-05-03 23:22:21,468 - INFO - FLUKA completed: be_target_ep3_step6.inp
2026-05-03 23:22:22,229 - INFO - Ep3 Step6: Reward=28.97 | Success=True
2026-05-03 23:22:22,229 - INFO - Generated: be_target_ep3_step7.inp | T=9.0, W=12.0×6.0, NPS=300000, BEAMPOS=-45.0
2026-05-03 23:28:10,496 - INFO - FLUKA completed: be_target_ep3_step7.inp
2026-05-03 23:28:10,601 - INFO - Ep3 Step7: Reward=32.11 | Success=True
2026-05-03 23:28:10,602 - INFO - Saved best configuration to bestcong.inp | T=9.0, W=12.0×6.0, NPS=300000, BEAMPOS=-45.0
2026-05-03 23:28:10,602 - INFO - Generated: be_target_ep3_step8.inp | T=9.0, W=11.0×6.0, NPS=300000, BEAMPOS=-45.0
2026-05-03 23:33:47,536 - INFO - FLUKA completed: be_target_ep3_step8.inp
2026-05-03 23:33:47,698 - INFO - Ep3 Step8: Reward=36.72 | Success=True
2026-05-03 23:33:47,701 - INFO - Saved best configuration to bestcong.inp | T=9.0, W=11.0×6.0, NPS=300000, BEAMPOS=-45.0
2026-05-03 23:33:47,701 - INFO - Generated: be_target_ep3_step9.inp | T=9.5, W=11.0×6.0, NPS=300000, BEAMPOS=-45.0
2026-05-03 23:39:37,422 - INFO - FLUKA completed: be_target_ep3_step9.inp
2026-05-03 23:39:37,500 - INFO - Ep3 Step9: Reward=33.72 | Success=True
2026-05-03 23:39:37,500 - INFO - Generated: be_target_ep3_step10.inp | T=9.5, W=11.0×6.0, NPS=300000, BEAMPOS=-40.0
2026-05-03 23:45:40,714 - INFO - FLUKA completed: be_target_ep3_step10.inp
2026-05-03 23:45:40,826 - INFO - Ep3 Step10: Reward=26.72 | Success=True
2026-05-03 23:45:40,887 - INFO - Generated: be_target_ep4_step1.inp | T=5.5, W=8.0×6.0, NPS=300000, BEAMPOS=-35.0
2026-05-03 23:49:11,082 - INFO - FLUKA completed: be_target_ep4_step1.inp
2026-05-03 23:49:11,393 - INFO - Ep4 Step1: Reward=26.92 | Success=True
2026-05-03 23:49:11,394 - INFO - Generated: be_target_ep4_step2.inp | T=5.5, W=9.0×6.0, NPS=300000, BEAMPOS=-35.0
2026-05-03 23:52:29,311 - INFO - FLUKA completed: be_target_ep4_step2.inp
2026-05-03 23:52:29,404 - INFO - Ep4 Step2: Reward=31.88 | Success=True
2026-05-03 23:52:29,405 - INFO - Generated: be_target_ep4_step3.inp | T=5.5, W=9.0×6.0, NPS=300000, BEAMPOS=-40.0
2026-05-03 23:55:57,713 - INFO - FLUKA completed: be_target_ep4_step3.inp
2026-05-03 23:55:57,801 - INFO - Ep4 Step3: Reward=31.88 | Success=True
2026-05-03 23:55:57,813 - INFO - Generated: be_target_ep4_step4.inp | T=5.5, W=8.0×6.0, NPS=300000, BEAMPOS=-40.0
2026-05-03 23:59:18,630 - INFO - FLUKA completed: be_target_ep4_step4.inp
2026-05-03 23:59:18,721 - INFO - Ep4 Step4: Reward=26.92 | Success=True
2026-05-03 23:59:18,721 - INFO - Generated: be_target_ep4_step5.inp | T=5.5, W=9.0×6.0, NPS=300000, BEAMPOS=-40.0
2026-05-04 00:02:42,792 - INFO - FLUKA completed: be_target_ep4_step5.inp
2026-05-04 00:02:43,783 - INFO - Ep4 Step5: Reward=31.88 | Success=True
2026-05-04 00:02:43,783 - INFO - Generated: be_target_ep4_step6.inp | T=5.5, W=8.0×6.0, NPS=300000, BEAMPOS=-40.0
2026-05-04 00:06:11,884 - INFO - FLUKA completed: be_target_ep4_step6.inp
2026-05-04 00:06:12,015 - INFO - Ep4 Step6: Reward=26.92 | Success=True
2026-05-04 00:06:12,016 - INFO - Generated: be_target_ep4_step7.inp | T=5.5, W=8.0×6.0, NPS=200000, BEAMPOS=-40.0
2026-05-04 00:08:34,018 - INFO - FLUKA completed: be_target_ep4_step7.inp
2026-05-04 00:08:34,134 - INFO - Ep4 Step7: Reward=30.20 | Success=True
2026-05-04 00:08:34,134 - INFO - Generated: be_target_ep4_step8.inp | T=5.5, W=9.0×6.0, NPS=200000, BEAMPOS=-40.0
2026-05-04 00:10:46,593 - INFO - FLUKA completed: be_target_ep4_step8.inp
2026-05-04 00:10:46,678 - INFO - Ep4 Step8: Reward=30.70 | Success=True
2026-05-04 00:10:46,678 - INFO - Generated: be_target_ep4_step9.inp | T=5.5, W=9.0×5.0, NPS=200000, BEAMPOS=-40.0
2026-05-04 00:13:10,960 - INFO - FLUKA completed: be_target_ep4_step9.inp
2026-05-04 00:13:11,401 - INFO - Ep4 Step9: Reward=24.42 | Success=True
2026-05-04 00:13:11,402 - INFO - Generated: be_target_ep4_step10.inp | T=5.5, W=9.0×5.0, NPS=200000, BEAMPOS=-40.0
2026-05-04 00:15:37,164 - INFO - FLUKA completed: be_target_ep4_step10.inp
2026-05-04 00:15:37,235 - INFO - Ep4 Step10: Reward=24.80 | Success=True
2026-05-04 00:15:37,238 - INFO - Generated: be_target_ep5_step1.inp | T=6.0, W=20.0×5.0, NPS=600000, BEAMPOS=-25.0
2026-05-04 00:22:31,364 - INFO - FLUKA completed: be_target_ep5_step1.inp
2026-05-04 00:22:32,568 - INFO - Ep5 Step1: Reward=31.87 | Success=True
2026-05-04 00:22:32,571 - INFO - Generated: be_target_ep5_step2.inp | T=6.0, W=20.0×6.0, NPS=600000, BEAMPOS=-25.0
2026-05-04 00:29:10,114 - INFO - FLUKA completed: be_target_ep5_step2.inp
2026-05-04 00:29:10,538 - INFO - Ep5 Step2: Reward=28.47 | Success=True
2026-05-04 00:29:10,538 - INFO - Generated: be_target_ep5_step3.inp | T=6.0, W=20.0×6.0, NPS=500000, BEAMPOS=-25.0
2026-05-04 00:34:51,597 - INFO - FLUKA completed: be_target_ep5_step3.inp
2026-05-04 00:34:51,811 - INFO - Ep5 Step3: Reward=23.73 | Success=True
2026-05-04 00:34:51,811 - INFO - Generated: be_target_ep5_step4.inp | T=5.5, W=20.0×6.0, NPS=500000, BEAMPOS=-25.0
2026-05-04 00:40:06,084 - INFO - FLUKA completed: be_target_ep5_step4.inp
2026-05-04 00:40:06,215 - INFO - Ep5 Step4: Reward=24.70 | Success=True
2026-05-04 00:40:06,215 - INFO - Generated: be_target_ep5_step5.inp | T=5.5, W=20.0×6.0, NPS=500000, BEAMPOS=-25.0
2026-05-04 00:45:20,164 - INFO - FLUKA completed: be_target_ep5_step5.inp
2026-05-04 00:45:21,120 - INFO - Ep5 Step5: Reward=24.70 | Success=True
2026-05-04 00:45:21,120 - INFO - Generated: be_target_ep5_step6.inp | T=5.5, W=20.0×6.0, NPS=500000, BEAMPOS=-30.0
2026-05-04 00:50:37,376 - INFO - FLUKA completed: be_target_ep5_step6.inp
2026-05-04 00:50:37,470 - INFO - Ep5 Step6: Reward=24.70 | Success=True
2026-05-04 00:50:37,470 - INFO - Generated: be_target_ep5_step7.inp | T=5.5, W=20.0×6.0, NPS=500000, BEAMPOS=-30.0
2026-05-04 00:55:48,826 - INFO - FLUKA completed: be_target_ep5_step7.inp
2026-05-04 00:55:49,080 - INFO - Ep5 Step7: Reward=24.70 | Success=True
2026-05-04 00:55:49,104 - INFO - Generated: be_target_ep5_step8.inp | T=5.5, W=20.0×6.0, NPS=600000, BEAMPOS=-30.0
2026-05-04 01:01:59,203 - INFO - FLUKA completed: be_target_ep5_step8.inp
2026-05-04 01:02:00,105 - INFO - Ep5 Step8: Reward=28.87 | Success=True
2026-05-04 01:02:00,106 - INFO - Generated: be_target_ep5_step9.inp | T=5.5, W=20.0×6.0, NPS=700000, BEAMPOS=-30.0
2026-05-04 01:09:15,332 - INFO - FLUKA completed: be_target_ep5_step9.inp
2026-05-04 01:09:15,425 - INFO - Ep5 Step9: Reward=30.25 | Success=True
2026-05-04 01:09:15,435 - INFO - Generated: be_target_ep5_step10.inp | T=5.5, W=20.0×6.0, NPS=600000, BEAMPOS=-30.0
2026-05-04 01:15:36,222 - INFO - FLUKA completed: be_target_ep5_step10.inp
2026-05-04 01:15:36,454 - INFO - Ep5 Step10: Reward=20.66 | Success=True
2026-05-04 01:15:36,454 - INFO - Generated: be_target_ep6_step1.inp | T=7.5, W=11.0×7.0, NPS=1000000, BEAMPOS=-40.0
2026-05-04 01:15:37,220 - ERROR - FLUKA run failed: Command '['rfluka', '-M', '5', 'be_target_ep6_step1.inp']' returned non-zero exit status 12.
2026-05-04 01:15:37,220 - INFO - Generated: be_target_ep6_step2.inp | T=7.0, W=11.0×7.0, NPS=1000000, BEAMPOS=-40.0
2026-05-04 01:15:38,014 - ERROR - FLUKA run failed: Command '['rfluka', '-M', '5', 'be_target_ep6_step2.inp']' returned non-zero exit status 12.
2026-05-04 01:15:38,015 - INFO - Generated: be_target_ep6_step3.inp | T=7.0, W=11.0×7.0, NPS=900000, BEAMPOS=-40.0
2026-05-04 01:25:39,394 - ERROR - FLUKA run failed: Command '['rfluka', '-M', '5', 'be_target_ep6_step3.inp']' timed out after 600 seconds
2026-05-04 01:25:39,413 - INFO - Generated: be_target_ep6_step4.inp | T=7.5, W=11.0×7.0, NPS=900000, BEAMPOS=-40.0
2026-05-04 01:35:39,701 - ERROR - FLUKA run failed: Command '['rfluka', '-M', '5', 'be_target_ep6_step4.inp']' timed out after 600 seconds
2026-05-04 01:35:39,776 - INFO - Generated: be_target_ep6_step5.inp | T=7.5, W=12.0×7.0, NPS=900000, BEAMPOS=-40.0
2026-05-04 01:45:39,877 - ERROR - FLUKA run failed: Command '['rfluka', '-M', '5', 'be_target_ep6_step5.inp']' timed out after 600 seconds
2026-05-04 01:45:39,878 - INFO - Generated: be_target_ep6_step6.inp | T=8.0, W=12.0×7.0, NPS=900000, BEAMPOS=-40.0
2026-05-04 01:55:39,981 - ERROR - FLUKA run failed: Command '['rfluka', '-M', '5', 'be_target_ep6_step6.inp']' timed out after 600 seconds
2026-05-04 01:55:39,981 - INFO - Generated: be_target_ep6_step7.inp | T=8.0, W=13.0×7.0, NPS=900000, BEAMPOS=-40.0
2026-05-04 02:05:40,099 - ERROR - FLUKA run failed: Command '['rfluka', '-M', '5', 'be_target_ep6_step7.inp']' timed out after 600 seconds
2026-05-04 02:05:40,100 - INFO - Generated: be_target_ep6_step8.inp | T=8.0, W=13.0×7.0, NPS=1000000, BEAMPOS=-40.0
2026-05-04 02:05:40,896 - ERROR - FLUKA run failed: Command '['rfluka', '-M', '5', 'be_target_ep6_step8.inp']' returned non-zero exit status 12.
2026-05-04 02:05:40,897 - INFO - Generated: be_target_ep6_step9.inp | T=8.0, W=13.0×7.0, NPS=1000000, BEAMPOS=-45.0
2026-05-04 02:05:41,278 - ERROR - FLUKA run failed: Command '['rfluka', '-M', '5', 'be_target_ep6_step9.inp']' returned non-zero exit status 12.
2026-05-04 02:05:41,279 - INFO - Generated: be_target_ep6_step10.inp | T=8.0, W=13.0×7.0, NPS=1000000, BEAMPOS=-40.0
2026-05-04 02:05:41,668 - ERROR - FLUKA run failed: Command '['rfluka', '-M', '5', 'be_target_ep6_step10.inp']' returned non-zero exit status 12.
2026-05-04 02:05:41,668 - INFO - Generated: be_target_ep7_step1.inp | T=2.0, W=19.0×6.0, NPS=1000000, BEAMPOS=-15.0
2026-05-04 02:05:42,065 - ERROR - FLUKA run failed: Command '['rfluka', '-M', '5', 'be_target_ep7_step1.inp']' returned non-zero exit status 12.
2026-05-04 02:05:42,065 - INFO - Generated: be_target_ep7_step2.inp | T=2.0, W=19.0×6.0, NPS=1000000, BEAMPOS=-15.0
2026-05-04 02:05:42,453 - ERROR - FLUKA run failed: Command '['rfluka', '-M', '5', 'be_target_ep7_step2.inp']' returned non-zero exit status 12.
2026-05-04 02:05:42,453 - INFO - Generated: be_target_ep7_step3.inp | T=2.0, W=19.0×6.0, NPS=1000000, BEAMPOS=-15.0
2026-05-04 02:05:42,882 - ERROR - FLUKA run failed: Command '['rfluka', '-M', '5', 'be_target_ep7_step3.inp']' returned non-zero exit status 12.
2026-05-04 02:05:42,883 - INFO - Generated: be_target_ep7_step4.inp | T=2.0, W=19.0×6.0, NPS=1000000, BEAMPOS=-20.0
2026-05-04 02:05:43,279 - ERROR - FLUKA run failed: Command '['rfluka', '-M', '5', 'be_target_ep7_step4.inp']' returned non-zero exit status 12.
2026-05-04 02:06:30,117 - INFO - Generated: be_target_ep7_step5.inp | T=2.0, W=19.0×6.0, NPS=1000000, BEAMPOS=-15.0
2026-05-04 02:06:30,560 - ERROR - FLUKA run failed: Command '['rfluka', '-M', '5', 'be_target_ep7_step5.inp']' returned non-zero exit status 12.
2026-05-04 02:06:44,309 - INFO - Generated: be_target_ep7_step6.inp | T=2.0, W=20.0×6.0, NPS=1000000, BEAMPOS=-15.0
2026-05-04 02:06:45,016 - ERROR - FLUKA run failed: Command '['rfluka', '-M', '5', 'be_target_ep7_step6.inp']' returned non-zero exit status 12.
2026-05-04 02:06:52,017 - INFO - Generated: be_target_ep7_step7.inp | T=2.0, W=19.0×6.0, NPS=1000000, BEAMPOS=-15.0
2026-05-04 02:06:52,383 - ERROR - FLUKA run failed: Command '['rfluka', '-M', '5', 'be_target_ep7_step7.inp']' returned non-zero exit status 12.
2026-05-04 02:06:59,012 - INFO - Generated: be_target_ep7_step8.inp | T=2.0, W=19.0×6.0, NPS=900000, BEAMPOS=-15.0
2026-05-04 02:10:25,530 - INFO - FLUKA completed: be_target_ep7_step8.inp
2026-05-04 02:10:25,644 - INFO - Ep7 Step8: Reward=19.45 | Success=True
2026-05-04 02:10:39,122 - INFO - Generated: be_target_ep7_step9.inp | T=2.0, W=19.0×5.0, NPS=900000, BEAMPOS=-15.0
2026-05-04 02:14:15,331 - INFO - FLUKA completed: be_target_ep7_step9.inp
2026-05-04 02:14:15,345 - INFO - Ep7 Step9: Reward=11.65 | Success=True
2026-05-04 02:14:22,038 - INFO - Generated: be_target_ep7_step10.inp | T=2.0, W=19.0×5.0, NPS=900000, BEAMPOS=-15.0
2026-05-04 02:17:49,255 - INFO - FLUKA completed: be_target_ep7_step10.inp
2026-05-04 02:17:49,279 - INFO - Ep7 Step10: Reward=11.65 | Success=True
2026-05-04 02:18:01,105 - INFO - Generated: be_target_ep8_step1.inp | T=5.0, W=12.0×6.0, NPS=200000, BEAMPOS=-15.0
2026-05-04 02:20:02,227 - INFO - FLUKA completed: be_target_ep8_step1.inp
2026-05-04 02:20:02,242 - INFO - Ep8 Step1: Reward=26.14 | Success=True
2026-05-04 02:20:09,175 - INFO - Generated: be_target_ep8_step2.inp | T=5.0, W=12.0×6.0, NPS=300000, BEAMPOS=-15.0
2026-05-04 02:23:00,898 - INFO - FLUKA completed: be_target_ep8_step2.inp
2026-05-04 02:23:00,912 - INFO - Ep8 Step2: Reward=18.97 | Success=True
2026-05-04 02:23:07,694 - INFO - Generated: be_target_ep8_step3.inp | T=5.0, W=12.0×7.0, NPS=300000, BEAMPOS=-15.0
2026-05-04 02:26:04,913 - INFO - FLUKA completed: be_target_ep8_step3.inp
2026-05-04 02:26:04,927 - INFO - Ep8 Step3: Reward=22.38 | Success=True
2026-05-04 02:26:12,015 - INFO - Generated: be_target_ep8_step4.inp | T=5.0, W=13.0×7.0, NPS=300000, BEAMPOS=-15.0
2026-05-04 02:29:06,981 - INFO - FLUKA completed: be_target_ep8_step4.inp
2026-05-04 02:29:07,014 - INFO - Ep8 Step4: Reward=20.79 | Success=True
2026-05-04 02:29:19,646 - INFO - Generated: be_target_ep8_step5.inp | T=5.0, W=13.0×7.0, NPS=400000, BEAMPOS=-15.0
2026-05-04 02:33:04,700 - INFO - FLUKA completed: be_target_ep8_step5.inp
2026-05-04 02:33:04,714 - INFO - Ep8 Step5: Reward=22.36 | Success=True
2026-05-04 02:33:11,249 - INFO - Generated: be_target_ep8_step6.inp | T=5.0, W=13.0×8.0, NPS=400000, BEAMPOS=-15.0
2026-05-04 02:36:59,649 - INFO - FLUKA completed: be_target_ep8_step6.inp
2026-05-04 02:36:59,663 - INFO - Ep8 Step6: Reward=26.65 | Success=True
2026-05-04 02:37:07,058 - INFO - Generated: be_target_ep8_step7.inp | T=5.0, W=13.0×8.0, NPS=500000, BEAMPOS=-15.0
2026-05-04 02:41:40,077 - INFO - FLUKA completed: be_target_ep8_step7.inp
2026-05-04 02:41:40,091 - INFO - Ep8 Step7: Reward=29.83 | Success=True
2026-05-04 02:41:52,701 - INFO - Generated: be_target_ep8_step8.inp | T=5.0, W=13.0×8.0, NPS=500000, BEAMPOS=-20.0
2026-05-04 02:46:31,385 - INFO - FLUKA completed: be_target_ep8_step8.inp
2026-05-04 02:46:31,408 - INFO - Ep8 Step8: Reward=29.83 | Success=True
2026-05-04 02:46:42,437 - INFO - Generated: be_target_ep8_step9.inp | T=5.0, W=13.0×8.0, NPS=500000, BEAMPOS=-25.0
2026-05-04 02:51:17,455 - INFO - FLUKA completed: be_target_ep8_step9.inp
2026-05-04 02:51:17,470 - INFO - Ep8 Step9: Reward=29.83 | Success=True
2026-05-04 02:51:24,372 - INFO - Generated: be_target_ep8_step10.inp | T=5.0, W=13.0×8.0, NPS=500000, BEAMPOS=-30.0
2026-05-04 02:56:00,288 - INFO - FLUKA completed: be_target_ep8_step10.inp
2026-05-04 02:56:00,348 - INFO - Ep8 Step10: Reward=26.27 | Success=True
2026-05-04 02:56:12,118 - INFO - Generated: be_target_ep9_step1.inp | T=10.0, W=13.0×5.0, NPS=300000, BEAMPOS=-10.0
2026-05-04 03:02:05,570 - INFO - FLUKA completed: be_target_ep9_step1.inp
2026-05-04 03:02:05,596 - INFO - Ep9 Step1: Reward=35.28 | Success=True
2026-05-04 03:02:18,303 - INFO - Generated: be_target_ep9_step2.inp | T=10.0, W=13.0×5.0, NPS=300000, BEAMPOS=-10.0
2026-05-04 03:08:03,383 - INFO - FLUKA completed: be_target_ep9_step2.inp
2026-05-04 03:08:03,398 - INFO - Ep9 Step2: Reward=35.28 | Success=True
2026-05-04 03:08:09,945 - INFO - Generated: be_target_ep9_step3.inp | T=10.0, W=13.0×6.0, NPS=300000, BEAMPOS=-10.0
2026-05-04 03:14:02,633 - INFO - FLUKA completed: be_target_ep9_step3.inp
2026-05-04 03:14:02,647 - INFO - Ep9 Step3: Reward=29.27 | Success=True
2026-05-04 03:14:10,964 - INFO - Generated: be_target_ep9_step4.inp | T=10.0, W=13.0×5.0, NPS=300000, BEAMPOS=-10.0
2026-05-04 03:20:06,822 - INFO - FLUKA completed: be_target_ep9_step4.inp
2026-05-04 03:20:06,849 - INFO - Ep9 Step4: Reward=35.28 | Success=True
2026-05-04 03:20:19,400 - INFO - Generated: be_target_ep9_step5.inp | T=10.0, W=14.0×5.0, NPS=300000, BEAMPOS=-10.0
2026-05-04 03:26:05,308 - INFO - FLUKA completed: be_target_ep9_step5.inp
2026-05-04 03:26:05,326 - INFO - Ep9 Step5: Reward=30.30 | Success=True
2026-05-04 03:26:13,858 - INFO - Generated: be_target_ep9_step6.inp | T=10.0, W=13.0×5.0, NPS=300000, BEAMPOS=-10.0
2026-05-04 03:31:19,424 - INFO - FLUKA completed: be_target_ep9_step6.inp
2026-05-04 03:31:19,440 - INFO - Ep9 Step6: Reward=35.28 | Success=True
2026-05-04 03:31:26,136 - INFO - Generated: be_target_ep9_step7.inp | T=9.5, W=13.0×5.0, NPS=300000, BEAMPOS=-10.0
2026-05-04 03:36:15,799 - INFO - FLUKA completed: be_target_ep9_step7.inp
2026-05-04 03:36:15,825 - INFO - Ep9 Step7: Reward=25.96 | Success=True
2026-05-04 03:36:24,305 - INFO - Generated: be_target_ep9_step8.inp | T=10.0, W=13.0×5.0, NPS=300000, BEAMPOS=-10.0
2026-05-04 03:41:29,420 - INFO - FLUKA completed: be_target_ep9_step8.inp
2026-05-04 03:41:29,436 - INFO - Ep9 Step8: Reward=35.28 | Success=True
2026-05-04 03:41:36,277 - INFO - Generated: be_target_ep9_step9.inp | T=10.0, W=13.0×5.0, NPS=400000, BEAMPOS=-10.0
2026-05-04 03:48:15,003 - INFO - FLUKA completed: be_target_ep9_step9.inp
2026-05-04 03:48:15,017 - INFO - Ep9 Step9: Reward=37.60 | Success=True
2026-05-04 03:48:21,810 - INFO - Saved best configuration to bestcong.inp | T=10.0, W=13.0×5.0, NPS=400000, BEAMPOS=-10.0
2026-05-04 03:48:21,810 - INFO - Generated: be_target_ep9_step10.inp | T=10.0, W=13.0×5.0, NPS=300000, BEAMPOS=-10.0
2026-05-04 03:53:24,608 - INFO - FLUKA completed: be_target_ep9_step10.inp
2026-05-04 03:53:24,623 - INFO - Ep9 Step10: Reward=37.42 | Success=True
2026-05-04 03:53:35,400 - INFO - Generated: be_target_ep10_step1.inp | T=5.0, W=20.0×18.0, NPS=900000, BEAMPOS=-10.0
2026-05-04 04:00:51,828 - INFO - FLUKA completed: be_target_ep10_step1.inp
2026-05-04 04:00:51,843 - INFO - Ep10 Step1: Reward=28.43 | Success=True
2026-05-04 04:00:58,039 - INFO - Generated: be_target_ep10_step2.inp | T=5.0, W=20.0×18.0, NPS=1000000, BEAMPOS=-10.0
2026-05-04 04:00:58,362 - ERROR - FLUKA run failed: Command '['rfluka', '-M', '5', 'be_target_ep10_step2.inp']' returned non-zero exit status 12.
2026-05-04 04:01:04,572 - INFO - Generated: be_target_ep10_step3.inp | T=5.0, W=20.0×18.0, NPS=900000, BEAMPOS=-10.0
2026-05-04 04:08:22,093 - INFO - FLUKA completed: be_target_ep10_step3.inp
2026-05-04 04:08:22,108 - INFO - Ep10 Step3: Reward=28.43 | Success=True
2026-05-04 04:08:28,653 - INFO - Generated: be_target_ep10_step4.inp | T=5.0, W=20.0×18.0, NPS=900000, BEAMPOS=-10.0
2026-05-04 04:15:49,613 - INFO - FLUKA completed: be_target_ep10_step4.inp
2026-05-04 04:15:49,645 - INFO - Ep10 Step4: Reward=28.43 | Success=True
2026-05-04 04:15:57,068 - INFO - Generated: be_target_ep10_step5.inp | T=5.5, W=20.0×18.0, NPS=900000, BEAMPOS=-10.0
2026-05-04 04:24:04,065 - INFO - FLUKA completed: be_target_ep10_step5.inp
2026-05-04 04:24:04,081 - INFO - Ep10 Step5: Reward=25.53 | Success=True
2026-05-04 04:24:10,721 - INFO - Generated: be_target_ep10_step6.inp | T=5.5, W=20.0×17.0, NPS=900000, BEAMPOS=-10.0
2026-05-04 04:32:18,010 - INFO - FLUKA completed: be_target_ep10_step6.inp
2026-05-04 04:32:18,025 - INFO - Ep10 Step6: Reward=30.71 | Success=True
2026-05-04 04:32:24,686 - INFO - Generated: be_target_ep10_step7.inp | T=6.0, W=20.0×17.0, NPS=900000, BEAMPOS=-10.0
2026-05-04 04:41:19,692 - INFO - FLUKA completed: be_target_ep10_step7.inp
2026-05-04 04:41:19,708 - INFO - Ep10 Step7: Reward=31.38 | Success=True
2026-05-04 04:41:26,490 - INFO - Generated: be_target_ep10_step8.inp | T=6.0, W=20.0×16.0, NPS=900000, BEAMPOS=-10.0
2026-05-04 04:50:18,870 - INFO - FLUKA completed: be_target_ep10_step8.inp
2026-05-04 04:50:18,900 - INFO - Ep10 Step8: Reward=28.64 | Success=True
2026-05-04 04:50:28,374 - INFO - Generated: be_target_ep10_step9.inp | T=6.0, W=20.0×16.0, NPS=900000, BEAMPOS=-10.0
2026-05-04 04:59:17,971 - INFO - FLUKA completed: be_target_ep10_step9.inp
2026-05-04 04:59:18,001 - INFO - Ep10 Step9: Reward=28.64 | Success=True
2026-05-04 04:59:29,707 - INFO - Generated: be_target_ep10_step10.inp | T=6.0, W=20.0×17.0, NPS=900000, BEAMPOS=-10.0
2026-05-04 05:08:21,411 - INFO - FLUKA completed: be_target_ep10_step10.inp
2026-05-04 05:08:21,427 - INFO - Ep10 Step10: Reward=-1.28 | Success=True
