 # Detector n:            1   piFluenUD (integrated over solid angle)
 # N. of energy intervals          50
  1.000E-09  1.637E-09  0.000E+00  0.000E+00
  1.637E-09  2.679E-09  0.000E+00  0.000E+00
  2.679E-09  4.385E-09  0.000E+00  0.000E+00
  4.385E-09  7.177E-09  0.000E+00  0.000E+00
  7.177E-09  1.175E-08  0.000E+00  0.000E+00
  1.175E-08  1.923E-08  0.000E+00  0.000E+00
  1.923E-08  3.147E-08  0.000E+00  0.000E+00
  3.147E-08  5.150E-08  0.000E+00  0.000E+00
  5.150E-08  8.430E-08  0.000E+00  0.000E+00
  8.430E-08  1.380E-07  0.000E+00  0.000E+00
  1.380E-07  2.258E-07  0.000E+00  0.000E+00
  2.258E-07  3.696E-07  0.000E+00  0.000E+00
  3.696E-07  6.050E-07  0.000E+00  0.000E+00
  6.050E-07  9.902E-07  0.000E+00  0.000E+00
  9.902E-07  1.621E-06  0.000E+00  0.000E+00
  1.621E-06  2.653E-06  0.000E+00  0.000E+00
  2.653E-06  4.342E-06  3.624E-04  8.292E+01
  4.342E-06  7.106E-06  3.445E-04  9.698E+01
  7.106E-06  1.163E-05  6.815E-05  9.900E+01
  1.163E-05  1.904E-05  6.961E-05  9.698E+01
  1.904E-05  3.116E-05  3.135E-05  8.292E+01
  3.116E-05  5.100E-05  1.800E-04  4.572E+01
  5.100E-05  8.347E-05  1.087E-04  3.801E+01
  8.347E-05  1.366E-04  6.422E-05  6.265E+01
  1.366E-04  2.236E-04  7.335E-05  3.572E+01
  2.236E-04  3.660E-04  8.330E-05  3.135E+01
  3.660E-04  5.990E-04  1.059E-04  1.645E+01
  5.990E-04  9.804E-04  9.031E-05  1.530E+01
  9.804E-04  1.605E-03  9.744E-05  1.611E+01
  1.605E-03  2.627E-03  8.378E-05  1.433E+01
  2.627E-03  4.299E-03  7.976E-05  1.351E+01
  4.299E-03  7.036E-03  7.880E-05  1.160E+01
  7.036E-03  1.152E-02  1.203E-04  1.020E+01
  1.152E-02  1.885E-02  2.480E-04  8.805E+00
  1.885E-02  3.085E-02  3.463E-04  9.366E+00
  3.085E-02  5.050E-02  4.584E-04  8.690E+00
  5.050E-02  8.265E-02  5.263E-04  1.038E+01
  8.265E-02  1.353E-01  5.448E-04  9.921E+00
  1.353E-01  2.214E-01  5.407E-04  1.124E+01
  2.214E-01  3.624E-01  5.146E-04  1.280E+01
  3.624E-01  5.931E-01  4.031E-04  1.418E+01
  5.931E-01  9.708E-01  2.591E-04  1.566E+01
  9.708E-01  1.589E+00  1.588E-04  1.614E+01
  1.589E+00  2.601E+00  9.210E-05  1.617E+01
  2.601E+00  4.257E+00  4.915E-05  1.613E+01
  4.257E+00  6.967E+00  2.360E-05  1.595E+01
  6.967E+00  1.140E+01  9.698E-06  1.581E+01
  1.140E+01  1.866E+01  2.969E-06  1.583E+01
  1.866E+01  3.055E+01  5.824E-07  1.577E+01
  3.055E+01  5.000E+01  3.238E-08  1.702E+01


 # double differential distributions
 # number of solid angle intervals          10
 # Block n:            1     0.00000000      :  0.628318548    
  1.000E-09  1.637E-09  0.000E+00  0.000E+00  0.000E+00  6.283E-01
  1.637E-09  2.679E-09  0.000E+00  0.000E+00  0.000E+00  6.283E-01
  2.679E-09  4.385E-09  0.000E+00  0.000E+00  0.000E+00  6.283E-01
  4.385E-09  7.177E-09  0.000E+00  0.000E+00  0.000E+00  6.283E-01
  7.177E-09  1.175E-08  0.000E+00  0.000E+00  0.000E+00  6.283E-01
  1.175E-08  1.923E-08  0.000E+00  0.000E+00  0.000E+00  6.283E-01
  1.923E-08  3.147E-08  0.000E+00  0.000E+00  0.000E+00  6.283E-01
  3.147E-08  5.150E-08  0.000E+00  0.000E+00  0.000E+00  6.283E-01
  5.150E-08  8.430E-08  0.000E+00  0.000E+00  0.000E+00  6.283E-01
  8.430E-08  1.380E-07  0.000E+00  0.000E+00  0.000E+00  6.283E-01
  1.380E-07  2.258E-07  0.000E+00  0.000E+00  0.000E+00  6.283E-01
  2.258E-07  3.696E-07  0.000E+00  0.000E+00  0.000E+00  6.283E-01
  3.696E-07  6.050E-07  0.000E+00  0.000E+00  0.000E+00  6.283E-01
  6.050E-07  9.902E-07  0.000E+00  0.000E+00  0.000E+00  6.283E-01
  9.902E-07  1.621E-06  0.000E+00  0.000E+00  0.000E+00  6.283E-01
  1.621E-06  2.653E-06  0.000E+00  0.000E+00  0.000E+00  6.283E-01
  2.653E-06  4.342E-06  0.000E+00  0.000E+00  0.000E+00  6.283E-01
  4.342E-06  7.106E-06  0.000E+00  0.000E+00  0.000E+00  6.283E-01
  7.106E-06  1.163E-05  1.085E-04  9.900E+01  0.000E+00  6.283E-01
  1.163E-05  1.904E-05  0.000E+00  0.000E+00  0.000E+00  6.283E-01
  1.904E-05  3.116E-05  0.000E+00  0.000E+00  0.000E+00  6.283E-01
  3.116E-05  5.100E-05  2.467E-05  9.698E+01  0.000E+00  6.283E-01
  5.100E-05  8.347E-05  1.550E-05  9.698E+01  0.000E+00  6.283E-01
  8.347E-05  1.366E-04  0.000E+00  0.000E+00  0.000E+00  6.283E-01
  1.366E-04  2.236E-04  0.000E+00  0.000E+00  0.000E+00  6.283E-01
  2.236E-04  3.660E-04  1.708E-05  5.427E+01  0.000E+00  6.283E-01
  3.660E-04  5.990E-04  1.253E-05  5.582E+01  0.000E+00  6.283E-01
  5.990E-04  9.804E-04  1.172E-05  4.486E+01  0.000E+00  6.283E-01
  9.804E-04  1.605E-03  1.184E-05  2.653E+01  0.000E+00  6.283E-01
  1.605E-03  2.627E-03  1.243E-05  2.707E+01  0.000E+00  6.283E-01
  2.627E-03  4.299E-03  1.117E-05  2.549E+01  0.000E+00  6.283E-01
  4.299E-03  7.036E-03  1.454E-05  1.958E+01  0.000E+00  6.283E-01
  7.036E-03  1.152E-02  1.607E-05  2.047E+01  0.000E+00  6.283E-01
  1.152E-02  1.885E-02  3.040E-05  1.873E+01  0.000E+00  6.283E-01
  1.885E-02  3.085E-02  4.798E-05  1.775E+01  0.000E+00  6.283E-01
  3.085E-02  5.050E-02  6.563E-05  1.720E+01  0.000E+00  6.283E-01
  5.050E-02  8.265E-02  8.477E-05  1.790E+01  0.000E+00  6.283E-01
  8.265E-02  1.353E-01  1.102E-04  1.690E+01  0.000E+00  6.283E-01
  1.353E-01  2.214E-01  1.533E-04  1.679E+01  0.000E+00  6.283E-01
  2.214E-01  3.624E-01  2.219E-04  1.669E+01  0.000E+00  6.283E-01
  3.624E-01  5.931E-01  2.747E-04  1.668E+01  0.000E+00  6.283E-01
  5.931E-01  9.708E-01  2.744E-04  1.652E+01  0.000E+00  6.283E-01
  9.708E-01  1.589E+00  2.214E-04  1.630E+01  0.000E+00  6.283E-01
  1.589E+00  2.601E+00  1.432E-04  1.619E+01  0.000E+00  6.283E-01
  2.601E+00  4.257E+00  7.811E-05  1.613E+01  0.000E+00  6.283E-01
  4.257E+00  6.967E+00  3.756E-05  1.595E+01  0.000E+00  6.283E-01
  6.967E+00  1.140E+01  1.544E-05  1.581E+01  0.000E+00  6.283E-01
  1.140E+01  1.866E+01  4.725E-06  1.583E+01  0.000E+00  6.283E-01
  1.866E+01  3.055E+01  9.269E-07  1.577E+01  0.000E+00  6.283E-01
  3.055E+01  5.000E+01  5.153E-08  1.702E+01  0.000E+00  6.283E-01
  5.000E+01  5.000E+01  0.000E+00  0.000E+00  0.000E+00  6.283E-01

 # Block n:            2    0.628318548      :   1.25663710    
  1.000E-09  1.637E-09  0.000E+00  0.000E+00  6.283E-01  1.257E+00
  1.637E-09  2.679E-09  0.000E+00  0.000E+00  6.283E-01  1.257E+00
  2.679E-09  4.385E-09  0.000E+00  0.000E+00  6.283E-01  1.257E+00
  4.385E-09  7.177E-09  0.000E+00  0.000E+00  6.283E-01  1.257E+00
  7.177E-09  1.175E-08  0.000E+00  0.000E+00  6.283E-01  1.257E+00
  1.175E-08  1.923E-08  0.000E+00  0.000E+00  6.283E-01  1.257E+00
  1.923E-08  3.147E-08  0.000E+00  0.000E+00  6.283E-01  1.257E+00
  3.147E-08  5.150E-08  0.000E+00  0.000E+00  6.283E-01  1.257E+00
  5.150E-08  8.430E-08  0.000E+00  0.000E+00  6.283E-01  1.257E+00
  8.430E-08  1.380E-07  0.000E+00  0.000E+00  6.283E-01  1.257E+00
  1.380E-07  2.258E-07  0.000E+00  0.000E+00  6.283E-01  1.257E+00
  2.258E-07  3.696E-07  0.000E+00  0.000E+00  6.283E-01  1.257E+00
  3.696E-07  6.050E-07  0.000E+00  0.000E+00  6.283E-01  1.257E+00
  6.050E-07  9.902E-07  0.000E+00  0.000E+00  6.283E-01  1.257E+00
  9.902E-07  1.621E-06  0.000E+00  0.000E+00  6.283E-01  1.257E+00
  1.621E-06  2.653E-06  0.000E+00  0.000E+00  6.283E-01  1.257E+00
  2.653E-06  4.342E-06  0.000E+00  0.000E+00  6.283E-01  1.257E+00
  4.342E-06  7.106E-06  0.000E+00  0.000E+00  6.283E-01  1.257E+00
  7.106E-06  1.163E-05  0.000E+00  0.000E+00  6.283E-01  1.257E+00
  1.163E-05  1.904E-05  0.000E+00  0.000E+00  6.283E-01  1.257E+00
  1.904E-05  3.116E-05  0.000E+00  0.000E+00  6.283E-01  1.257E+00
  3.116E-05  5.100E-05  5.412E-05  6.592E+01  6.283E-01  1.257E+00
  5.100E-05  8.347E-05  1.624E-05  9.900E+01  6.283E-01  1.257E+00
  8.347E-05  1.366E-04  1.055E-05  9.900E+01  6.283E-01  1.257E+00
  1.366E-04  2.236E-04  1.286E-05  8.289E+01  6.283E-01  1.257E+00
  2.236E-04  3.660E-04  1.540E-05  5.503E+01  6.283E-01  1.257E+00
  3.660E-04  5.990E-04  2.343E-05  3.705E+01  6.283E-01  1.257E+00
  5.990E-04  9.804E-04  1.866E-05  4.324E+01  6.283E-01  1.257E+00
  9.804E-04  1.605E-03  1.512E-05  3.396E+01  6.283E-01  1.257E+00
  1.605E-03  2.627E-03  1.284E-05  2.587E+01  6.283E-01  1.257E+00
  2.627E-03  4.299E-03  1.085E-05  1.983E+01  6.283E-01  1.257E+00
  4.299E-03  7.036E-03  1.220E-05  2.266E+01  6.283E-01  1.257E+00
  7.036E-03  1.152E-02  1.795E-05  1.924E+01  6.283E-01  1.257E+00
  1.152E-02  1.885E-02  3.244E-05  1.699E+01  6.283E-01  1.257E+00
  1.885E-02  3.085E-02  4.834E-05  1.742E+01  6.283E-01  1.257E+00
  3.085E-02  5.050E-02  6.802E-05  1.678E+01  6.283E-01  1.257E+00
  5.050E-02  8.265E-02  8.755E-05  1.626E+01  6.283E-01  1.257E+00
  8.265E-02  1.353E-01  1.058E-04  1.606E+01  6.283E-01  1.257E+00
  1.353E-01  2.214E-01  1.365E-04  1.597E+01  6.283E-01  1.257E+00
  2.214E-01  3.624E-01  1.627E-04  1.611E+01  6.283E-01  1.257E+00
  3.624E-01  5.931E-01  1.445E-04  1.584E+01  6.283E-01  1.257E+00
  5.931E-01  9.708E-01  7.890E-05  1.589E+01  6.283E-01  1.257E+00
  9.708E-01  1.589E+00  2.390E-05  1.570E+01  6.283E-01  1.257E+00
  1.589E+00  2.601E+00  3.053E-06  1.585E+01  6.283E-01  1.257E+00
  2.601E+00  4.257E+00  1.139E-07  1.666E+01  6.283E-01  1.257E+00
  4.257E+00  6.967E+00  7.732E-10  4.774E+01  6.283E-01  1.257E+00
  6.967E+00  1.140E+01  0.000E+00  0.000E+00  6.283E-01  1.257E+00
  1.140E+01  1.866E+01  0.000E+00  0.000E+00  6.283E-01  1.257E+00
  1.866E+01  3.055E+01  0.000E+00  0.000E+00  6.283E-01  1.257E+00
  3.055E+01  5.000E+01  0.000E+00  0.000E+00  6.283E-01  1.257E+00
  5.000E+01  5.000E+01  0.000E+00  0.000E+00  6.283E-01  1.257E+00

 # Block n:            3     1.25663710      :   1.88495564    
  1.000E-09  1.637E-09  0.000E+00  0.000E+00  1.257E+00  1.885E+00
  1.637E-09  2.679E-09  0.000E+00  0.000E+00  1.257E+00  1.885E+00
  2.679E-09  4.385E-09  0.000E+00  0.000E+00  1.257E+00  1.885E+00
  4.385E-09  7.177E-09  0.000E+00  0.000E+00  1.257E+00  1.885E+00
  7.177E-09  1.175E-08  0.000E+00  0.000E+00  1.257E+00  1.885E+00
  1.175E-08  1.923E-08  0.000E+00  0.000E+00  1.257E+00  1.885E+00
  1.923E-08  3.147E-08  0.000E+00  0.000E+00  1.257E+00  1.885E+00
  3.147E-08  5.150E-08  0.000E+00  0.000E+00  1.257E+00  1.885E+00
  5.150E-08  8.430E-08  0.000E+00  0.000E+00  1.257E+00  1.885E+00
  8.430E-08  1.380E-07  0.000E+00  0.000E+00  1.257E+00  1.885E+00
  1.380E-07  2.258E-07  0.000E+00  0.000E+00  1.257E+00  1.885E+00
  2.258E-07  3.696E-07  0.000E+00  0.000E+00  1.257E+00  1.885E+00
  3.696E-07  6.050E-07  0.000E+00  0.000E+00  1.257E+00  1.885E+00
  6.050E-07  9.902E-07  0.000E+00  0.000E+00  1.257E+00  1.885E+00
  9.902E-07  1.621E-06  0.000E+00  0.000E+00  1.257E+00  1.885E+00
  1.621E-06  2.653E-06  0.000E+00  0.000E+00  1.257E+00  1.885E+00
  2.653E-06  4.342E-06  0.000E+00  0.000E+00  1.257E+00  1.885E+00
  4.342E-06  7.106E-06  0.000E+00  0.000E+00  1.257E+00  1.885E+00
  7.106E-06  1.163E-05  0.000E+00  0.000E+00  1.257E+00  1.885E+00
  1.163E-05  1.904E-05  0.000E+00  0.000E+00  1.257E+00  1.885E+00
  1.904E-05  3.116E-05  4.989E-05  8.292E+01  1.257E+00  1.885E+00
  3.116E-05  5.100E-05  6.305E-05  6.595E+01  1.257E+00  1.885E+00
  5.100E-05  8.347E-05  2.053E-05  8.292E+01  1.257E+00  1.885E+00
  8.347E-05  1.366E-04  0.000E+00  0.000E+00  1.257E+00  1.885E+00
  1.366E-04  2.236E-04  1.435E-05  6.169E+01  1.257E+00  1.885E+00
  2.236E-04  3.660E-04  1.738E-05  6.026E+01  1.257E+00  1.885E+00
  3.660E-04  5.990E-04  3.174E-05  2.599E+01  1.257E+00  1.885E+00
  5.990E-04  9.804E-04  6.565E-06  5.040E+01  1.257E+00  1.885E+00
  9.804E-04  1.605E-03  1.513E-05  3.876E+01  1.257E+00  1.885E+00
  1.605E-03  2.627E-03  9.840E-06  2.721E+01  1.257E+00  1.885E+00
  2.627E-03  4.299E-03  1.419E-05  2.845E+01  1.257E+00  1.885E+00
  4.299E-03  7.036E-03  1.402E-05  1.837E+01  1.257E+00  1.885E+00
  7.036E-03  1.152E-02  1.688E-05  1.730E+01  1.257E+00  1.885E+00
  1.152E-02  1.885E-02  3.351E-05  1.714E+01  1.257E+00  1.885E+00
  1.885E-02  3.085E-02  4.717E-05  1.610E+01  1.257E+00  1.885E+00
  3.085E-02  5.050E-02  6.610E-05  1.503E+01  1.257E+00  1.885E+00
  5.050E-02  8.265E-02  8.377E-05  1.433E+01  1.257E+00  1.885E+00
  8.265E-02  1.353E-01  9.562E-05  1.409E+01  1.257E+00  1.885E+00
  1.353E-01  2.214E-01  1.147E-04  1.384E+01  1.257E+00  1.885E+00
  2.214E-01  3.624E-01  1.141E-04  1.421E+01  1.257E+00  1.885E+00
  3.624E-01  5.931E-01  7.823E-05  1.392E+01  1.257E+00  1.885E+00
  5.931E-01  9.708E-01  3.002E-05  1.405E+01  1.257E+00  1.885E+00
  9.708E-01  1.589E+00  5.209E-06  1.414E+01  1.257E+00  1.885E+00
  1.589E+00  2.601E+00  2.775E-07  1.359E+01  1.257E+00  1.885E+00
  2.601E+00  4.257E+00  1.446E-09  5.546E+01  1.257E+00  1.885E+00
  4.257E+00  6.967E+00  0.000E+00  0.000E+00  1.257E+00  1.885E+00
  6.967E+00  1.140E+01  0.000E+00  0.000E+00  1.257E+00  1.885E+00
  1.140E+01  1.866E+01  0.000E+00  0.000E+00  1.257E+00  1.885E+00
  1.866E+01  3.055E+01  0.000E+00  0.000E+00  1.257E+00  1.885E+00
  3.055E+01  5.000E+01  0.000E+00  0.000E+00  1.257E+00  1.885E+00
  5.000E+01  5.000E+01  0.000E+00  0.000E+00  1.257E+00  1.885E+00

 # Block n:            4     1.88495564      :   2.51327419    
  1.000E-09  1.637E-09  0.000E+00  0.000E+00  1.885E+00  2.513E+00
  1.637E-09  2.679E-09  0.000E+00  0.000E+00  1.885E+00  2.513E+00
  2.679E-09  4.385E-09  0.000E+00  0.000E+00  1.885E+00  2.513E+00
  4.385E-09  7.177E-09  0.000E+00  0.000E+00  1.885E+00  2.513E+00
  7.177E-09  1.175E-08  0.000E+00  0.000E+00  1.885E+00  2.513E+00
  1.175E-08  1.923E-08  0.000E+00  0.000E+00  1.885E+00  2.513E+00
  1.923E-08  3.147E-08  0.000E+00  0.000E+00  1.885E+00  2.513E+00
  3.147E-08  5.150E-08  0.000E+00  0.000E+00  1.885E+00  2.513E+00
  5.150E-08  8.430E-08  0.000E+00  0.000E+00  1.885E+00  2.513E+00
  8.430E-08  1.380E-07  0.000E+00  0.000E+00  1.885E+00  2.513E+00
  1.380E-07  2.258E-07  0.000E+00  0.000E+00  1.885E+00  2.513E+00
  2.258E-07  3.696E-07  0.000E+00  0.000E+00  1.885E+00  2.513E+00
  3.696E-07  6.050E-07  0.000E+00  0.000E+00  1.885E+00  2.513E+00
  6.050E-07  9.902E-07  0.000E+00  0.000E+00  1.885E+00  2.513E+00
  9.902E-07  1.621E-06  0.000E+00  0.000E+00  1.885E+00  2.513E+00
  1.621E-06  2.653E-06  0.000E+00  0.000E+00  1.885E+00  2.513E+00
  2.653E-06  4.342E-06  0.000E+00  0.000E+00  1.885E+00  2.513E+00
  4.342E-06  7.106E-06  2.660E-04  9.698E+01  1.885E+00  2.513E+00
  7.106E-06  1.163E-05  0.000E+00  0.000E+00  1.885E+00  2.513E+00
  1.163E-05  1.904E-05  0.000E+00  0.000E+00  1.885E+00  2.513E+00
  1.904E-05  3.116E-05  0.000E+00  0.000E+00  1.885E+00  2.513E+00
  3.116E-05  5.100E-05  0.000E+00  0.000E+00  1.885E+00  2.513E+00
  5.100E-05  8.347E-05  0.000E+00  0.000E+00  1.885E+00  2.513E+00
  8.347E-05  1.366E-04  2.710E-05  6.064E+01  1.885E+00  2.513E+00
  1.366E-04  2.236E-04  1.700E-05  8.379E+01  1.885E+00  2.513E+00
  2.236E-04  3.660E-04  1.980E-05  5.380E+01  1.885E+00  2.513E+00
  3.660E-04  5.990E-04  6.360E-06  8.168E+01  1.885E+00  2.513E+00
  5.990E-04  9.804E-04  4.014E-06  5.550E+01  1.885E+00  2.513E+00
  9.804E-04  1.605E-03  1.628E-05  2.401E+01  1.885E+00  2.513E+00
  1.605E-03  2.627E-03  9.841E-06  4.016E+01  1.885E+00  2.513E+00
  2.627E-03  4.299E-03  1.328E-05  2.159E+01  1.885E+00  2.513E+00
  4.299E-03  7.036E-03  1.316E-05  1.833E+01  1.885E+00  2.513E+00
  7.036E-03  1.152E-02  1.811E-05  1.899E+01  1.885E+00  2.513E+00
  1.152E-02  1.885E-02  3.316E-05  1.566E+01  1.885E+00  2.513E+00
  1.885E-02  3.085E-02  5.594E-05  1.466E+01  1.885E+00  2.513E+00
  3.085E-02  5.050E-02  6.822E-05  1.369E+01  1.885E+00  2.513E+00
  5.050E-02  8.265E-02  8.237E-05  1.377E+01  1.885E+00  2.513E+00
  8.265E-02  1.353E-01  9.337E-05  1.346E+01  1.885E+00  2.513E+00
  1.353E-01  2.214E-01  9.671E-05  1.326E+01  1.885E+00  2.513E+00
  2.214E-01  3.624E-01  8.503E-05  1.330E+01  1.885E+00  2.513E+00
  3.624E-01  5.931E-01  4.755E-05  1.337E+01  1.885E+00  2.513E+00
  5.931E-01  9.708E-01  1.394E-05  1.334E+01  1.885E+00  2.513E+00
  9.708E-01  1.589E+00  1.531E-06  1.394E+01  1.885E+00  2.513E+00
  1.589E+00  2.601E+00  3.154E-08  2.279E+01  1.885E+00  2.513E+00
  2.601E+00  4.257E+00  0.000E+00  0.000E+00  1.885E+00  2.513E+00
  4.257E+00  6.967E+00  0.000E+00  0.000E+00  1.885E+00  2.513E+00
  6.967E+00  1.140E+01  0.000E+00  0.000E+00  1.885E+00  2.513E+00
  1.140E+01  1.866E+01  0.000E+00  0.000E+00  1.885E+00  2.513E+00
  1.866E+01  3.055E+01  0.000E+00  0.000E+00  1.885E+00  2.513E+00
  3.055E+01  5.000E+01  0.000E+00  0.000E+00  1.885E+00  2.513E+00
  5.000E+01  5.000E+01  0.000E+00  0.000E+00  1.885E+00  2.513E+00

 # Block n:            5     2.51327419      :   3.14159274    
  1.000E-09  1.637E-09  0.000E+00  0.000E+00  2.513E+00  3.142E+00
  1.637E-09  2.679E-09  0.000E+00  0.000E+00  2.513E+00  3.142E+00
  2.679E-09  4.385E-09  0.000E+00  0.000E+00  2.513E+00  3.142E+00
  4.385E-09  7.177E-09  0.000E+00  0.000E+00  2.513E+00  3.142E+00
  7.177E-09  1.175E-08  0.000E+00  0.000E+00  2.513E+00  3.142E+00
  1.175E-08  1.923E-08  0.000E+00  0.000E+00  2.513E+00  3.142E+00
  1.923E-08  3.147E-08  0.000E+00  0.000E+00  2.513E+00  3.142E+00
  3.147E-08  5.150E-08  0.000E+00  0.000E+00  2.513E+00  3.142E+00
  5.150E-08  8.430E-08  0.000E+00  0.000E+00  2.513E+00  3.142E+00
  8.430E-08  1.380E-07  0.000E+00  0.000E+00  2.513E+00  3.142E+00
  1.380E-07  2.258E-07  0.000E+00  0.000E+00  2.513E+00  3.142E+00
  2.258E-07  3.696E-07  0.000E+00  0.000E+00  2.513E+00  3.142E+00
  3.696E-07  6.050E-07  0.000E+00  0.000E+00  2.513E+00  3.142E+00
  6.050E-07  9.902E-07  0.000E+00  0.000E+00  2.513E+00  3.142E+00
  9.902E-07  1.621E-06  0.000E+00  0.000E+00  2.513E+00  3.142E+00
  1.621E-06  2.653E-06  0.000E+00  0.000E+00  2.513E+00  3.142E+00
  2.653E-06  4.342E-06  0.000E+00  0.000E+00  2.513E+00  3.142E+00
  4.342E-06  7.106E-06  2.822E-04  9.698E+01  2.513E+00  3.142E+00
  7.106E-06  1.163E-05  0.000E+00  0.000E+00  2.513E+00  3.142E+00
  1.163E-05  1.904E-05  1.108E-04  9.698E+01  2.513E+00  3.142E+00
  1.904E-05  3.116E-05  0.000E+00  0.000E+00  2.513E+00  3.142E+00
  3.116E-05  5.100E-05  0.000E+00  0.000E+00  2.513E+00  3.142E+00
  5.100E-05  8.347E-05  2.458E-05  9.900E+01  2.513E+00  3.142E+00
  8.347E-05  1.366E-04  0.000E+00  0.000E+00  2.513E+00  3.142E+00
  1.366E-04  2.236E-04  2.920E-05  7.124E+01  2.513E+00  3.142E+00
  2.236E-04  3.660E-04  0.000E+00  0.000E+00  2.513E+00  3.142E+00
  3.660E-04  5.990E-04  1.809E-05  4.493E+01  2.513E+00  3.142E+00
  5.990E-04  9.804E-04  1.116E-05  4.948E+01  2.513E+00  3.142E+00
  9.804E-04  1.605E-03  1.357E-05  3.550E+01  2.513E+00  3.142E+00
  1.605E-03  2.627E-03  2.114E-05  3.478E+01  2.513E+00  3.142E+00
  2.627E-03  4.299E-03  1.061E-05  2.685E+01  2.513E+00  3.142E+00
  4.299E-03  7.036E-03  1.021E-05  1.984E+01  2.513E+00  3.142E+00
  7.036E-03  1.152E-02  1.656E-05  1.865E+01  2.513E+00  3.142E+00
  1.152E-02  1.885E-02  3.352E-05  1.363E+01  2.513E+00  3.142E+00
  1.885E-02  3.085E-02  5.660E-05  1.485E+01  2.513E+00  3.142E+00
  3.085E-02  5.050E-02  6.968E-05  1.404E+01  2.513E+00  3.142E+00
  5.050E-02  8.265E-02  8.296E-05  1.325E+01  2.513E+00  3.142E+00
  8.265E-02  1.353E-01  8.838E-05  1.271E+01  2.513E+00  3.142E+00
  1.353E-01  2.214E-01  8.458E-05  1.250E+01  2.513E+00  3.142E+00
  2.214E-01  3.624E-01  6.495E-05  1.283E+01  2.513E+00  3.142E+00
  3.624E-01  5.931E-01  3.219E-05  1.298E+01  2.513E+00  3.142E+00
  5.931E-01  9.708E-01  7.327E-06  1.256E+01  2.513E+00  3.142E+00
  9.708E-01  1.589E+00  5.070E-07  1.501E+01  2.513E+00  3.142E+00
  1.589E+00  2.601E+00  3.214E-09  4.751E+01  2.513E+00  3.142E+00
  2.601E+00  4.257E+00  0.000E+00  0.000E+00  2.513E+00  3.142E+00
  4.257E+00  6.967E+00  0.000E+00  0.000E+00  2.513E+00  3.142E+00
  6.967E+00  1.140E+01  0.000E+00  0.000E+00  2.513E+00  3.142E+00
  1.140E+01  1.866E+01  0.000E+00  0.000E+00  2.513E+00  3.142E+00
  1.866E+01  3.055E+01  0.000E+00  0.000E+00  2.513E+00  3.142E+00
  3.055E+01  5.000E+01  0.000E+00  0.000E+00  2.513E+00  3.142E+00
  5.000E+01  5.000E+01  0.000E+00  0.000E+00  2.513E+00  3.142E+00

 # Block n:            6     3.14159274      :   3.76991129    
  1.000E-09  1.637E-09  0.000E+00  0.000E+00  3.142E+00  3.770E+00
  1.637E-09  2.679E-09  0.000E+00  0.000E+00  3.142E+00  3.770E+00
  2.679E-09  4.385E-09  0.000E+00  0.000E+00  3.142E+00  3.770E+00
  4.385E-09  7.177E-09  0.000E+00  0.000E+00  3.142E+00  3.770E+00
  7.177E-09  1.175E-08  0.000E+00  0.000E+00  3.142E+00  3.770E+00
  1.175E-08  1.923E-08  0.000E+00  0.000E+00  3.142E+00  3.770E+00
  1.923E-08  3.147E-08  0.000E+00  0.000E+00  3.142E+00  3.770E+00
  3.147E-08  5.150E-08  0.000E+00  0.000E+00  3.142E+00  3.770E+00
  5.150E-08  8.430E-08  0.000E+00  0.000E+00  3.142E+00  3.770E+00
  8.430E-08  1.380E-07  0.000E+00  0.000E+00  3.142E+00  3.770E+00
  1.380E-07  2.258E-07  0.000E+00  0.000E+00  3.142E+00  3.770E+00
  2.258E-07  3.696E-07  0.000E+00  0.000E+00  3.142E+00  3.770E+00
  3.696E-07  6.050E-07  0.000E+00  0.000E+00  3.142E+00  3.770E+00
  6.050E-07  9.902E-07  0.000E+00  0.000E+00  3.142E+00  3.770E+00
  9.902E-07  1.621E-06  0.000E+00  0.000E+00  3.142E+00  3.770E+00
  1.621E-06  2.653E-06  0.000E+00  0.000E+00  3.142E+00  3.770E+00
  2.653E-06  4.342E-06  5.768E-04  8.292E+01  3.142E+00  3.770E+00
  4.342E-06  7.106E-06  0.000E+00  0.000E+00  3.142E+00  3.770E+00
  7.106E-06  1.163E-05  0.000E+00  0.000E+00  3.142E+00  3.770E+00
  1.163E-05  1.904E-05  0.000E+00  0.000E+00  3.142E+00  3.770E+00
  1.904E-05  3.116E-05  0.000E+00  0.000E+00  3.142E+00  3.770E+00
  3.116E-05  5.100E-05  0.000E+00  0.000E+00  3.142E+00  3.770E+00
  5.100E-05  8.347E-05  0.000E+00  0.000E+00  3.142E+00  3.770E+00
  8.347E-05  1.366E-04  0.000E+00  0.000E+00  3.142E+00  3.770E+00
  1.366E-04  2.236E-04  1.246E-05  9.900E+01  3.142E+00  3.770E+00
  2.236E-04  3.660E-04  2.259E-05  4.952E+01  3.142E+00  3.770E+00
  3.660E-04  5.990E-04  3.093E-05  3.278E+01  3.142E+00  3.770E+00
  5.990E-04  9.804E-04  1.934E-05  3.327E+01  3.142E+00  3.770E+00
  9.804E-04  1.605E-03  1.200E-05  2.965E+01  3.142E+00  3.770E+00
  1.605E-03  2.627E-03  1.621E-05  2.454E+01  3.142E+00  3.770E+00
  2.627E-03  4.299E-03  9.365E-06  3.186E+01  3.142E+00  3.770E+00
  4.299E-03  7.036E-03  1.003E-05  1.989E+01  3.142E+00  3.770E+00
  7.036E-03  1.152E-02  1.938E-05  1.204E+01  3.142E+00  3.770E+00
  1.152E-02  1.885E-02  3.294E-05  1.174E+01  3.142E+00  3.770E+00
  1.885E-02  3.085E-02  5.299E-05  1.185E+01  3.142E+00  3.770E+00
  3.085E-02  5.050E-02  7.285E-05  1.169E+01  3.142E+00  3.770E+00
  5.050E-02  8.265E-02  8.384E-05  1.093E+01  3.142E+00  3.770E+00
  8.265E-02  1.353E-01  8.039E-05  1.045E+01  3.142E+00  3.770E+00
  1.353E-01  2.214E-01  6.973E-05  1.079E+01  3.142E+00  3.770E+00
  2.214E-01  3.624E-01  4.760E-05  1.120E+01  3.142E+00  3.770E+00
  3.624E-01  5.931E-01  2.163E-05  1.104E+01  3.142E+00  3.770E+00
  5.931E-01  9.708E-01  3.783E-06  1.137E+01  3.142E+00  3.770E+00
  9.708E-01  1.589E+00  1.444E-07  1.438E+01  3.142E+00  3.770E+00
  1.589E+00  2.601E+00  1.048E-09  9.900E+01  3.142E+00  3.770E+00
  2.601E+00  4.257E+00  0.000E+00  0.000E+00  3.142E+00  3.770E+00
  4.257E+00  6.967E+00  0.000E+00  0.000E+00  3.142E+00  3.770E+00
  6.967E+00  1.140E+01  0.000E+00  0.000E+00  3.142E+00  3.770E+00
  1.140E+01  1.866E+01  0.000E+00  0.000E+00  3.142E+00  3.770E+00
  1.866E+01  3.055E+01  0.000E+00  0.000E+00  3.142E+00  3.770E+00
  3.055E+01  5.000E+01  0.000E+00  0.000E+00  3.142E+00  3.770E+00
  5.000E+01  5.000E+01  0.000E+00  0.000E+00  3.142E+00  3.770E+00

 # Block n:            7     3.76991129      :   4.39822960    
  1.000E-09  1.637E-09  0.000E+00  0.000E+00  3.770E+00  4.398E+00
  1.637E-09  2.679E-09  0.000E+00  0.000E+00  3.770E+00  4.398E+00
  2.679E-09  4.385E-09  0.000E+00  0.000E+00  3.770E+00  4.398E+00
  4.385E-09  7.177E-09  0.000E+00  0.000E+00  3.770E+00  4.398E+00
  7.177E-09  1.175E-08  0.000E+00  0.000E+00  3.770E+00  4.398E+00
  1.175E-08  1.923E-08  0.000E+00  0.000E+00  3.770E+00  4.398E+00
  1.923E-08  3.147E-08  0.000E+00  0.000E+00  3.770E+00  4.398E+00
  3.147E-08  5.150E-08  0.000E+00  0.000E+00  3.770E+00  4.398E+00
  5.150E-08  8.430E-08  0.000E+00  0.000E+00  3.770E+00  4.398E+00
  8.430E-08  1.380E-07  0.000E+00  0.000E+00  3.770E+00  4.398E+00
  1.380E-07  2.258E-07  0.000E+00  0.000E+00  3.770E+00  4.398E+00
  2.258E-07  3.696E-07  0.000E+00  0.000E+00  3.770E+00  4.398E+00
  3.696E-07  6.050E-07  0.000E+00  0.000E+00  3.770E+00  4.398E+00
  6.050E-07  9.902E-07  0.000E+00  0.000E+00  3.770E+00  4.398E+00
  9.902E-07  1.621E-06  0.000E+00  0.000E+00  3.770E+00  4.398E+00
  1.621E-06  2.653E-06  0.000E+00  0.000E+00  3.770E+00  4.398E+00
  2.653E-06  4.342E-06  0.000E+00  0.000E+00  3.770E+00  4.398E+00
  4.342E-06  7.106E-06  0.000E+00  0.000E+00  3.770E+00  4.398E+00
  7.106E-06  1.163E-05  0.000E+00  0.000E+00  3.770E+00  4.398E+00
  1.163E-05  1.904E-05  0.000E+00  0.000E+00  3.770E+00  4.398E+00
  1.904E-05  3.116E-05  0.000E+00  0.000E+00  3.770E+00  4.398E+00
  3.116E-05  5.100E-05  0.000E+00  0.000E+00  3.770E+00  4.398E+00
  5.100E-05  8.347E-05  4.632E-05  8.292E+01  3.770E+00  4.398E+00
  8.347E-05  1.366E-04  2.780E-05  9.900E+01  3.770E+00  4.398E+00
  1.366E-04  2.236E-04  0.000E+00  0.000E+00  3.770E+00  4.398E+00
  2.236E-04  3.660E-04  1.012E-05  9.900E+01  3.770E+00  4.398E+00
  3.660E-04  5.990E-04  2.765E-05  4.451E+01  3.770E+00  4.398E+00
  5.990E-04  9.804E-04  2.050E-05  4.131E+01  3.770E+00  4.398E+00
  9.804E-04  1.605E-03  2.301E-05  2.219E+01  3.770E+00  4.398E+00
  1.605E-03  2.627E-03  1.162E-05  3.007E+01  3.770E+00  4.398E+00
  2.627E-03  4.299E-03  1.264E-05  2.083E+01  3.770E+00  4.398E+00
  4.299E-03  7.036E-03  1.131E-05  2.922E+01  3.770E+00  4.398E+00
  7.036E-03  1.152E-02  1.477E-05  1.412E+01  3.770E+00  4.398E+00
  1.152E-02  1.885E-02  3.661E-05  1.077E+01  3.770E+00  4.398E+00
  1.885E-02  3.085E-02  5.121E-05  1.064E+01  3.770E+00  4.398E+00
  3.085E-02  5.050E-02  7.149E-05  1.015E+01  3.770E+00  4.398E+00
  5.050E-02  8.265E-02  8.164E-05  9.180E+00  3.770E+00  4.398E+00
  8.265E-02  1.353E-01  7.699E-05  9.521E+00  3.770E+00  4.398E+00
  1.353E-01  2.214E-01  6.061E-05  8.286E+00  3.770E+00  4.398E+00
  2.214E-01  3.624E-01  3.878E-05  8.051E+00  3.770E+00  4.398E+00
  3.624E-01  5.931E-01  1.508E-05  9.127E+00  3.770E+00  4.398E+00
  5.931E-01  9.708E-01  1.923E-06  7.993E+00  3.770E+00  4.398E+00
  9.708E-01  1.589E+00  6.188E-08  2.539E+01  3.770E+00  4.398E+00
  1.589E+00  2.601E+00  0.000E+00  0.000E+00  3.770E+00  4.398E+00
  2.601E+00  4.257E+00  0.000E+00  0.000E+00  3.770E+00  4.398E+00
  4.257E+00  6.967E+00  0.000E+00  0.000E+00  3.770E+00  4.398E+00
  6.967E+00  1.140E+01  0.000E+00  0.000E+00  3.770E+00  4.398E+00
  1.140E+01  1.866E+01  0.000E+00  0.000E+00  3.770E+00  4.398E+00
  1.866E+01  3.055E+01  0.000E+00  0.000E+00  3.770E+00  4.398E+00
  3.055E+01  5.000E+01  0.000E+00  0.000E+00  3.770E+00  4.398E+00
  5.000E+01  5.000E+01  0.000E+00  0.000E+00  3.770E+00  4.398E+00

 # Block n:            8     4.39822960      :   5.02654839    
  1.000E-09  1.637E-09  0.000E+00  0.000E+00  4.398E+00  5.027E+00
  1.637E-09  2.679E-09  0.000E+00  0.000E+00  4.398E+00  5.027E+00
  2.679E-09  4.385E-09  0.000E+00  0.000E+00  4.398E+00  5.027E+00
  4.385E-09  7.177E-09  0.000E+00  0.000E+00  4.398E+00  5.027E+00
  7.177E-09  1.175E-08  0.000E+00  0.000E+00  4.398E+00  5.027E+00
  1.175E-08  1.923E-08  0.000E+00  0.000E+00  4.398E+00  5.027E+00
  1.923E-08  3.147E-08  0.000E+00  0.000E+00  4.398E+00  5.027E+00
  3.147E-08  5.150E-08  0.000E+00  0.000E+00  4.398E+00  5.027E+00
  5.150E-08  8.430E-08  0.000E+00  0.000E+00  4.398E+00  5.027E+00
  8.430E-08  1.380E-07  0.000E+00  0.000E+00  4.398E+00  5.027E+00
  1.380E-07  2.258E-07  0.000E+00  0.000E+00  4.398E+00  5.027E+00
  2.258E-07  3.696E-07  0.000E+00  0.000E+00  4.398E+00  5.027E+00
  3.696E-07  6.050E-07  0.000E+00  0.000E+00  4.398E+00  5.027E+00
  6.050E-07  9.902E-07  0.000E+00  0.000E+00  4.398E+00  5.027E+00
  9.902E-07  1.621E-06  0.000E+00  0.000E+00  4.398E+00  5.027E+00
  1.621E-06  2.653E-06  0.000E+00  0.000E+00  4.398E+00  5.027E+00
  2.653E-06  4.342E-06  0.000E+00  0.000E+00  4.398E+00  5.027E+00
  4.342E-06  7.106E-06  0.000E+00  0.000E+00  4.398E+00  5.027E+00
  7.106E-06  1.163E-05  0.000E+00  0.000E+00  4.398E+00  5.027E+00
  1.163E-05  1.904E-05  0.000E+00  0.000E+00  4.398E+00  5.027E+00
  1.904E-05  3.116E-05  0.000E+00  0.000E+00  4.398E+00  5.027E+00
  3.116E-05  5.100E-05  0.000E+00  0.000E+00  4.398E+00  5.027E+00
  5.100E-05  8.347E-05  4.984E-05  9.698E+01  4.398E+00  5.027E+00
  8.347E-05  1.366E-04  3.677E-05  9.900E+01  4.398E+00  5.027E+00
  1.366E-04  2.236E-04  0.000E+00  0.000E+00  4.398E+00  5.027E+00
  2.236E-04  3.660E-04  0.000E+00  0.000E+00  4.398E+00  5.027E+00
  3.660E-04  5.990E-04  6.904E-06  9.698E+01  4.398E+00  5.027E+00
  5.990E-04  9.804E-04  1.650E-05  4.855E+01  4.398E+00  5.027E+00
  9.804E-04  1.605E-03  1.257E-05  5.010E+01  4.398E+00  5.027E+00
  1.605E-03  2.627E-03  1.259E-05  2.427E+01  4.398E+00  5.027E+00
  2.627E-03  4.299E-03  1.681E-05  2.276E+01  4.398E+00  5.027E+00
  4.299E-03  7.036E-03  1.646E-05  1.978E+01  4.398E+00  5.027E+00
  7.036E-03  1.152E-02  2.136E-05  1.412E+01  4.398E+00  5.027E+00
  1.152E-02  1.885E-02  4.035E-05  9.074E+00  4.398E+00  5.027E+00
  1.885E-02  3.085E-02  5.793E-05  6.679E+00  4.398E+00  5.027E+00
  3.085E-02  5.050E-02  7.683E-05  6.280E+00  4.398E+00  5.027E+00
  5.050E-02  8.265E-02  8.339E-05  7.922E+00  4.398E+00  5.027E+00
  8.265E-02  1.353E-01  7.585E-05  6.273E+00  4.398E+00  5.027E+00
  1.353E-01  2.214E-01  5.557E-05  5.769E+00  4.398E+00  5.027E+00
  2.214E-01  3.624E-01  3.242E-05  4.798E+00  4.398E+00  5.027E+00
  3.624E-01  5.931E-01  1.144E-05  5.126E+00  4.398E+00  5.027E+00
  5.931E-01  9.708E-01  1.059E-06  9.221E+00  4.398E+00  5.027E+00
  9.708E-01  1.589E+00  8.480E-09  9.698E+01  4.398E+00  5.027E+00
  1.589E+00  2.601E+00  0.000E+00  0.000E+00  4.398E+00  5.027E+00
  2.601E+00  4.257E+00  0.000E+00  0.000E+00  4.398E+00  5.027E+00
  4.257E+00  6.967E+00  0.000E+00  0.000E+00  4.398E+00  5.027E+00
  6.967E+00  1.140E+01  0.000E+00  0.000E+00  4.398E+00  5.027E+00
  1.140E+01  1.866E+01  0.000E+00  0.000E+00  4.398E+00  5.027E+00
  1.866E+01  3.055E+01  0.000E+00  0.000E+00  4.398E+00  5.027E+00
  3.055E+01  5.000E+01  0.000E+00  0.000E+00  4.398E+00  5.027E+00
  5.000E+01  5.000E+01  0.000E+00  0.000E+00  4.398E+00  5.027E+00

 # Block n:            9     5.02654839      :   5.65486717    
  1.000E-09  1.637E-09  0.000E+00  0.000E+00  5.027E+00  5.655E+00
  1.637E-09  2.679E-09  0.000E+00  0.000E+00  5.027E+00  5.655E+00
  2.679E-09  4.385E-09  0.000E+00  0.000E+00  5.027E+00  5.655E+00
  4.385E-09  7.177E-09  0.000E+00  0.000E+00  5.027E+00  5.655E+00
  7.177E-09  1.175E-08  0.000E+00  0.000E+00  5.027E+00  5.655E+00
  1.175E-08  1.923E-08  0.000E+00  0.000E+00  5.027E+00  5.655E+00
  1.923E-08  3.147E-08  0.000E+00  0.000E+00  5.027E+00  5.655E+00
  3.147E-08  5.150E-08  0.000E+00  0.000E+00  5.027E+00  5.655E+00
  5.150E-08  8.430E-08  0.000E+00  0.000E+00  5.027E+00  5.655E+00
  8.430E-08  1.380E-07  0.000E+00  0.000E+00  5.027E+00  5.655E+00
  1.380E-07  2.258E-07  0.000E+00  0.000E+00  5.027E+00  5.655E+00
  2.258E-07  3.696E-07  0.000E+00  0.000E+00  5.027E+00  5.655E+00
  3.696E-07  6.050E-07  0.000E+00  0.000E+00  5.027E+00  5.655E+00
  6.050E-07  9.902E-07  0.000E+00  0.000E+00  5.027E+00  5.655E+00
  9.902E-07  1.621E-06  0.000E+00  0.000E+00  5.027E+00  5.655E+00
  1.621E-06  2.653E-06  0.000E+00  0.000E+00  5.027E+00  5.655E+00
  2.653E-06  4.342E-06  0.000E+00  0.000E+00  5.027E+00  5.655E+00
  4.342E-06  7.106E-06  0.000E+00  0.000E+00  5.027E+00  5.655E+00
  7.106E-06  1.163E-05  0.000E+00  0.000E+00  5.027E+00  5.655E+00
  1.163E-05  1.904E-05  0.000E+00  0.000E+00  5.027E+00  5.655E+00
  1.904E-05  3.116E-05  0.000E+00  0.000E+00  5.027E+00  5.655E+00
  3.116E-05  5.100E-05  1.446E-04  8.292E+01  5.027E+00  5.655E+00
  5.100E-05  8.347E-05  0.000E+00  0.000E+00  5.027E+00  5.655E+00
  8.347E-05  1.366E-04  0.000E+00  0.000E+00  5.027E+00  5.655E+00
  1.366E-04  2.236E-04  3.086E-05  8.292E+01  5.027E+00  5.655E+00
  2.236E-04  3.660E-04  3.019E-05  8.292E+01  5.027E+00  5.655E+00
  3.660E-04  5.990E-04  1.094E-05  8.292E+01  5.027E+00  5.655E+00
  5.990E-04  9.804E-04  3.528E-05  4.684E+01  5.027E+00  5.655E+00
  9.804E-04  1.605E-03  1.365E-05  5.340E+01  5.027E+00  5.655E+00
  1.605E-03  2.627E-03  2.223E-05  5.139E+01  5.027E+00  5.655E+00
  2.627E-03  4.299E-03  1.716E-05  3.145E+01  5.027E+00  5.655E+00
  4.299E-03  7.036E-03  1.991E-05  2.298E+01  5.027E+00  5.655E+00
  7.036E-03  1.152E-02  2.446E-05  1.433E+01  5.027E+00  5.655E+00
  1.152E-02  1.885E-02  5.232E-05  1.243E+01  5.027E+00  5.655E+00
  1.885E-02  3.085E-02  7.027E-05  5.941E+00  5.027E+00  5.655E+00
  3.085E-02  5.050E-02  8.890E-05  4.404E+00  5.027E+00  5.655E+00
  5.050E-02  8.265E-02  8.729E-05  3.592E+00  5.027E+00  5.655E+00
  8.265E-02  1.353E-01  7.511E-05  4.745E+00  5.027E+00  5.655E+00
  1.353E-01  2.214E-01  4.848E-05  4.974E+00  5.027E+00  5.655E+00
  2.214E-01  3.624E-01  2.753E-05  2.702E+00  5.027E+00  5.655E+00
  3.624E-01  5.931E-01  9.089E-06  5.784E+00  5.027E+00  5.655E+00
  5.931E-01  9.708E-01  6.981E-07  1.210E+01  5.027E+00  5.655E+00
  9.708E-01  1.589E+00  6.088E-09  9.698E+01  5.027E+00  5.655E+00
  1.589E+00  2.601E+00  0.000E+00  0.000E+00  5.027E+00  5.655E+00
  2.601E+00  4.257E+00  0.000E+00  0.000E+00  5.027E+00  5.655E+00
  4.257E+00  6.967E+00  0.000E+00  0.000E+00  5.027E+00  5.655E+00
  6.967E+00  1.140E+01  0.000E+00  0.000E+00  5.027E+00  5.655E+00
  1.140E+01  1.866E+01  0.000E+00  0.000E+00  5.027E+00  5.655E+00
  1.866E+01  3.055E+01  0.000E+00  0.000E+00  5.027E+00  5.655E+00
  3.055E+01  5.000E+01  0.000E+00  0.000E+00  5.027E+00  5.655E+00
  5.000E+01  5.000E+01  0.000E+00  0.000E+00  5.027E+00  5.655E+00

 # Block n:           10     5.65486717      :   6.28318548    
  1.000E-09  1.637E-09  0.000E+00  0.000E+00  5.655E+00  6.283E+00
  1.637E-09  2.679E-09  0.000E+00  0.000E+00  5.655E+00  6.283E+00
  2.679E-09  4.385E-09  0.000E+00  0.000E+00  5.655E+00  6.283E+00
  4.385E-09  7.177E-09  0.000E+00  0.000E+00  5.655E+00  6.283E+00
  7.177E-09  1.175E-08  0.000E+00  0.000E+00  5.655E+00  6.283E+00
  1.175E-08  1.923E-08  0.000E+00  0.000E+00  5.655E+00  6.283E+00
  1.923E-08  3.147E-08  0.000E+00  0.000E+00  5.655E+00  6.283E+00
  3.147E-08  5.150E-08  0.000E+00  0.000E+00  5.655E+00  6.283E+00
  5.150E-08  8.430E-08  0.000E+00  0.000E+00  5.655E+00  6.283E+00
  8.430E-08  1.380E-07  0.000E+00  0.000E+00  5.655E+00  6.283E+00
  1.380E-07  2.258E-07  0.000E+00  0.000E+00  5.655E+00  6.283E+00
  2.258E-07  3.696E-07  0.000E+00  0.000E+00  5.655E+00  6.283E+00
  3.696E-07  6.050E-07  0.000E+00  0.000E+00  5.655E+00  6.283E+00
  6.050E-07  9.902E-07  0.000E+00  0.000E+00  5.655E+00  6.283E+00
  9.902E-07  1.621E-06  0.000E+00  0.000E+00  5.655E+00  6.283E+00
  1.621E-06  2.653E-06  0.000E+00  0.000E+00  5.655E+00  6.283E+00
  2.653E-06  4.342E-06  0.000E+00  0.000E+00  5.655E+00  6.283E+00
  4.342E-06  7.106E-06  0.000E+00  0.000E+00  5.655E+00  6.283E+00
  7.106E-06  1.163E-05  0.000E+00  0.000E+00  5.655E+00  6.283E+00
  1.163E-05  1.904E-05  0.000E+00  0.000E+00  5.655E+00  6.283E+00
  1.904E-05  3.116E-05  0.000E+00  0.000E+00  5.655E+00  6.283E+00
  3.116E-05  5.100E-05  0.000E+00  0.000E+00  5.655E+00  6.283E+00
  5.100E-05  8.347E-05  0.000E+00  0.000E+00  5.655E+00  6.283E+00
  8.347E-05  1.366E-04  0.000E+00  0.000E+00  5.655E+00  6.283E+00
  1.366E-04  2.236E-04  0.000E+00  0.000E+00  5.655E+00  6.283E+00
  2.236E-04  3.660E-04  0.000E+00  0.000E+00  5.655E+00  6.283E+00
  3.660E-04  5.990E-04  0.000E+00  0.000E+00  5.655E+00  6.283E+00
  5.990E-04  9.804E-04  0.000E+00  0.000E+00  5.655E+00  6.283E+00
  9.804E-04  1.605E-03  2.191E-05  6.605E+01  5.655E+00  6.283E+00
  1.605E-03  2.627E-03  4.596E-06  9.698E+01  5.655E+00  6.283E+00
  2.627E-03  4.299E-03  1.086E-05  9.698E+01  5.655E+00  6.283E+00
  4.299E-03  7.036E-03  3.567E-06  6.077E+01  5.655E+00  6.283E+00
  7.036E-03  1.152E-02  2.598E-05  3.353E+01  5.655E+00  6.283E+00
  1.152E-02  1.885E-02  6.948E-05  1.364E+01  5.655E+00  6.283E+00
  1.885E-02  3.085E-02  6.278E-05  9.999E+00  5.655E+00  6.283E+00
  3.085E-02  5.050E-02  8.188E-05  1.151E+01  5.655E+00  6.283E+00
  5.050E-02  8.265E-02  8.004E-05  8.515E+00  5.655E+00  6.283E+00
  8.265E-02  1.353E-01  6.542E-05  6.937E+00  5.655E+00  6.283E+00
  1.353E-01  2.214E-01  4.043E-05  7.507E+00  5.655E+00  6.283E+00
  2.214E-01  3.624E-01  2.402E-05  8.828E+00  5.655E+00  6.283E+00
  3.624E-01  5.931E-01  7.234E-06  1.537E+01  5.655E+00  6.283E+00
  5.931E-01  9.708E-01  3.939E-07  2.681E+01  5.655E+00  6.283E+00
  9.708E-01  1.589E+00  0.000E+00  0.000E+00  5.655E+00  6.283E+00
  1.589E+00  2.601E+00  0.000E+00  0.000E+00  5.655E+00  6.283E+00
  2.601E+00  4.257E+00  0.000E+00  0.000E+00  5.655E+00  6.283E+00
  4.257E+00  6.967E+00  0.000E+00  0.000E+00  5.655E+00  6.283E+00
  6.967E+00  1.140E+01  0.000E+00  0.000E+00  5.655E+00  6.283E+00
  1.140E+01  1.866E+01  0.000E+00  0.000E+00  5.655E+00  6.283E+00
  1.866E+01  3.055E+01  0.000E+00  0.000E+00  5.655E+00  6.283E+00
  3.055E+01  5.000E+01  0.000E+00  0.000E+00  5.655E+00  6.283E+00
  5.000E+01  5.000E+01  0.000E+00  0.000E+00  5.655E+00  6.283E+00

  1.000E-09  1.000E-09  0.000E+00  0.000E+00  6.283E+00  6.283E+00
  1.637E-09  1.637E-09  0.000E+00  0.000E+00  6.283E+00  6.283E+00
  2.679E-09  2.679E-09  0.000E+00  0.000E+00  6.283E+00  6.283E+00
  4.385E-09  4.385E-09  0.000E+00  0.000E+00  6.283E+00  6.283E+00
  7.177E-09  7.177E-09  0.000E+00  0.000E+00  6.283E+00  6.283E+00
  1.175E-08  1.175E-08  0.000E+00  0.000E+00  6.283E+00  6.283E+00
  1.923E-08  1.923E-08  0.000E+00  0.000E+00  6.283E+00  6.283E+00
  3.147E-08  3.147E-08  0.000E+00  0.000E+00  6.283E+00  6.283E+00
  5.150E-08  5.150E-08  0.000E+00  0.000E+00  6.283E+00  6.283E+00
  8.430E-08  8.430E-08  0.000E+00  0.000E+00  6.283E+00  6.283E+00
  1.380E-07  1.380E-07  0.000E+00  0.000E+00  6.283E+00  6.283E+00
  2.258E-07  2.258E-07  0.000E+00  0.000E+00  6.283E+00  6.283E+00
  3.696E-07  3.696E-07  0.000E+00  0.000E+00  6.283E+00  6.283E+00
  6.050E-07  6.050E-07  0.000E+00  0.000E+00  6.283E+00  6.283E+00
  9.902E-07  9.902E-07  0.000E+00  0.000E+00  6.283E+00  6.283E+00
  1.621E-06  1.621E-06  0.000E+00  0.000E+00  6.283E+00  6.283E+00
  2.653E-06  2.653E-06  0.000E+00  0.000E+00  6.283E+00  6.283E+00
  4.342E-06  4.342E-06  0.000E+00  0.000E+00  6.283E+00  6.283E+00
  7.106E-06  7.106E-06  0.000E+00  0.000E+00  6.283E+00  6.283E+00
  1.163E-05  1.163E-05  0.000E+00  0.000E+00  6.283E+00  6.283E+00
  1.904E-05  1.904E-05  0.000E+00  0.000E+00  6.283E+00  6.283E+00
  3.116E-05  3.116E-05  0.000E+00  0.000E+00  6.283E+00  6.283E+00
  5.100E-05  5.100E-05  0.000E+00  0.000E+00  6.283E+00  6.283E+00
  8.347E-05  8.347E-05  0.000E+00  0.000E+00  6.283E+00  6.283E+00
  1.366E-04  1.366E-04  0.000E+00  0.000E+00  6.283E+00  6.283E+00
  2.236E-04  2.236E-04  0.000E+00  0.000E+00  6.283E+00  6.283E+00
  3.660E-04  3.660E-04  0.000E+00  0.000E+00  6.283E+00  6.283E+00
  5.990E-04  5.990E-04  0.000E+00  0.000E+00  6.283E+00  6.283E+00
  9.804E-04  9.804E-04  0.000E+00  0.000E+00  6.283E+00  6.283E+00
  1.605E-03  1.605E-03  0.000E+00  0.000E+00  6.283E+00  6.283E+00
  2.627E-03  2.627E-03  0.000E+00  0.000E+00  6.283E+00  6.283E+00
  4.299E-03  4.299E-03  0.000E+00  0.000E+00  6.283E+00  6.283E+00
  7.036E-03  7.036E-03  0.000E+00  0.000E+00  6.283E+00  6.283E+00
  1.152E-02  1.152E-02  0.000E+00  0.000E+00  6.283E+00  6.283E+00
  1.885E-02  1.885E-02  0.000E+00  0.000E+00  6.283E+00  6.283E+00
  3.085E-02  3.085E-02  0.000E+00  0.000E+00  6.283E+00  6.283E+00
  5.050E-02  5.050E-02  0.000E+00  0.000E+00  6.283E+00  6.283E+00
  8.265E-02  8.265E-02  0.000E+00  0.000E+00  6.283E+00  6.283E+00
  1.353E-01  1.353E-01  0.000E+00  0.000E+00  6.283E+00  6.283E+00
  2.214E-01  2.214E-01  0.000E+00  0.000E+00  6.283E+00  6.283E+00
  3.624E-01  3.624E-01  0.000E+00  0.000E+00  6.283E+00  6.283E+00
  5.931E-01  5.931E-01  0.000E+00  0.000E+00  6.283E+00  6.283E+00
  9.708E-01  9.708E-01  0.000E+00  0.000E+00  6.283E+00  6.283E+00
  1.589E+00  1.589E+00  0.000E+00  0.000E+00  6.283E+00  6.283E+00
  2.601E+00  2.601E+00  0.000E+00  0.000E+00  6.283E+00  6.283E+00
  4.257E+00  4.257E+00  0.000E+00  0.000E+00  6.283E+00  6.283E+00
  6.967E+00  6.967E+00  0.000E+00  0.000E+00  6.283E+00  6.283E+00
  1.140E+01  1.140E+01  0.000E+00  0.000E+00  6.283E+00  6.283E+00
  1.866E+01  1.866E+01  0.000E+00  0.000E+00  6.283E+00  6.283E+00
  3.055E+01  3.055E+01  0.000E+00  0.000E+00  6.283E+00  6.283E+00
  5.000E+01  5.000E+01  0.000E+00  0.000E+00  6.283E+00  6.283E+00
