 # Detector n:            1   piCurrUD  (integrated over solid angle)
 # N. of energy intervals          50
  1.000E-09  1.637E-09  0.000E+00  0.000E+00
  1.637E-09  2.679E-09  0.000E+00  0.000E+00
  2.679E-09  4.385E-09  0.000E+00  0.000E+00
  4.385E-09  7.177E-09  0.000E+00  0.000E+00
  7.177E-09  1.175E-08  0.000E+00  0.000E+00
  1.175E-08  1.923E-08  0.000E+00  0.000E+00
  1.923E-08  3.147E-08  0.000E+00  0.000E+00
  3.147E-08  5.150E-08  0.000E+00  0.000E+00
  5.150E-08  8.430E-08  0.000E+00  0.000E+00
  8.430E-08  1.380E-07  0.000E+00  0.000E+00
  1.380E-07  2.258E-07  0.000E+00  0.000E+00
  2.258E-07  3.696E-07  0.000E+00  0.000E+00
  3.696E-07  6.050E-07  0.000E+00  0.000E+00
  6.050E-07  9.902E-07  0.000E+00  0.000E+00
  9.902E-07  1.621E-06  0.000E+00  0.000E+00
  1.621E-06  2.653E-06  0.000E+00  0.000E+00
  2.653E-06  4.342E-06  1.741E-04  8.292E+01
  4.342E-06  7.106E-06  2.128E-04  9.698E+01
  7.106E-06  1.163E-05  6.500E-05  9.900E+01
  1.163E-05  1.904E-05  3.971E-05  9.698E+01
  1.904E-05  3.116E-05  2.426E-05  8.292E+01
  3.116E-05  5.100E-05  8.895E-05  4.501E+01
  5.100E-05  8.347E-05  5.435E-05  3.733E+01
  8.347E-05  1.366E-04  2.767E-05  4.922E+01
  1.366E-04  2.236E-04  3.719E-05  3.477E+01
  2.236E-04  3.660E-04  4.545E-05  2.794E+01
  3.660E-04  5.990E-04  6.184E-05  1.630E+01
  5.990E-04  9.804E-04  4.087E-05  1.700E+01
  9.804E-04  1.605E-03  4.617E-05  1.468E+01
  1.605E-03  2.627E-03  4.174E-05  1.653E+01
  2.627E-03  4.299E-03  3.834E-05  1.508E+01
  4.299E-03  7.036E-03  4.072E-05  1.353E+01
  7.036E-03  1.152E-02  5.541E-05  1.295E+01
  1.152E-02  1.885E-02  1.069E-04  1.250E+01
  1.885E-02  3.085E-02  1.631E-04  1.285E+01
  3.085E-02  5.050E-02  2.177E-04  1.272E+01
  5.050E-02  8.265E-02  2.649E-04  1.295E+01
  8.265E-02  1.353E-01  2.972E-04  1.282E+01
  1.353E-01  2.214E-01  3.355E-04  1.343E+01
  2.214E-01  3.624E-01  3.619E-04  1.439E+01
  3.624E-01  5.931E-01  3.227E-04  1.517E+01
  5.931E-01  9.708E-01  2.326E-04  1.594E+01
  9.708E-01  1.589E+00  1.513E-04  1.617E+01
  1.589E+00  2.601E+00  9.017E-05  1.617E+01
  2.601E+00  4.257E+00  4.871E-05  1.613E+01
  4.257E+00  6.967E+00  2.352E-05  1.595E+01
  6.967E+00  1.140E+01  9.683E-06  1.581E+01
  1.140E+01  1.866E+01  2.967E-06  1.583E+01
  1.866E+01  3.055E+01  5.822E-07  1.577E+01
  3.055E+01  5.000E+01  3.237E-08  1.702E+01


 # double differential distributions
 # number of solid angle intervals          10
 # Block n:            1     0.00000000      :  0.628318548    
  1.000E-09  1.637E-09  0.000E+00  0.000E+00  0.000E+00  6.283E-01
  1.637E-09  2.679E-09  0.000E+00  0.000E+00  0.000E+00  6.283E-01
  2.679E-09  4.385E-09  0.000E+00  0.000E+00  0.000E+00  6.283E-01
  4.385E-09  7.177E-09  0.000E+00  0.000E+00  0.000E+00  6.283E-01
  7.177E-09  1.175E-08  0.000E+00  0.000E+00  0.000E+00  6.283E-01
  1.175E-08  1.923E-08  0.000E+00  0.000E+00  0.000E+00  6.283E-01
  1.923E-08  3.147E-08  0.000E+00  0.000E+00  0.000E+00  6.283E-01
  3.147E-08  5.150E-08  0.000E+00  0.000E+00  0.000E+00  6.283E-01
  5.150E-08  8.430E-08  0.000E+00  0.000E+00  0.000E+00  6.283E-01
  8.430E-08  1.380E-07  0.000E+00  0.000E+00  0.000E+00  6.283E-01
  1.380E-07  2.258E-07  0.000E+00  0.000E+00  0.000E+00  6.283E-01
  2.258E-07  3.696E-07  0.000E+00  0.000E+00  0.000E+00  6.283E-01
  3.696E-07  6.050E-07  0.000E+00  0.000E+00  0.000E+00  6.283E-01
  6.050E-07  9.902E-07  0.000E+00  0.000E+00  0.000E+00  6.283E-01
  9.902E-07  1.621E-06  0.000E+00  0.000E+00  0.000E+00  6.283E-01
  1.621E-06  2.653E-06  0.000E+00  0.000E+00  0.000E+00  6.283E-01
  2.653E-06  4.342E-06  0.000E+00  0.000E+00  0.000E+00  6.283E-01
  4.342E-06  7.106E-06  0.000E+00  0.000E+00  0.000E+00  6.283E-01
  7.106E-06  1.163E-05  1.035E-04  9.900E+01  0.000E+00  6.283E-01
  1.163E-05  1.904E-05  0.000E+00  0.000E+00  0.000E+00  6.283E-01
  1.904E-05  3.116E-05  0.000E+00  0.000E+00  0.000E+00  6.283E-01
  3.116E-05  5.100E-05  2.359E-05  9.698E+01  0.000E+00  6.283E-01
  5.100E-05  8.347E-05  1.442E-05  9.698E+01  0.000E+00  6.283E-01
  8.347E-05  1.366E-04  0.000E+00  0.000E+00  0.000E+00  6.283E-01
  1.366E-04  2.236E-04  0.000E+00  0.000E+00  0.000E+00  6.283E-01
  2.236E-04  3.660E-04  1.644E-05  5.412E+01  0.000E+00  6.283E-01
  3.660E-04  5.990E-04  1.205E-05  5.550E+01  0.000E+00  6.283E-01
  5.990E-04  9.804E-04  1.105E-05  4.475E+01  0.000E+00  6.283E-01
  9.804E-04  1.605E-03  1.125E-05  2.629E+01  0.000E+00  6.283E-01
  1.605E-03  2.627E-03  1.191E-05  2.702E+01  0.000E+00  6.283E-01
  2.627E-03  4.299E-03  1.064E-05  2.554E+01  0.000E+00  6.283E-01
  4.299E-03  7.036E-03  1.385E-05  1.955E+01  0.000E+00  6.283E-01
  7.036E-03  1.152E-02  1.525E-05  2.052E+01  0.000E+00  6.283E-01
  1.152E-02  1.885E-02  2.885E-05  1.875E+01  0.000E+00  6.283E-01
  1.885E-02  3.085E-02  4.555E-05  1.776E+01  0.000E+00  6.283E-01
  3.085E-02  5.050E-02  6.231E-05  1.721E+01  0.000E+00  6.283E-01
  5.050E-02  8.265E-02  8.049E-05  1.791E+01  0.000E+00  6.283E-01
  8.265E-02  1.353E-01  1.047E-04  1.690E+01  0.000E+00  6.283E-01
  1.353E-01  2.214E-01  1.458E-04  1.679E+01  0.000E+00  6.283E-01
  2.214E-01  3.624E-01  2.113E-04  1.669E+01  0.000E+00  6.283E-01
  3.624E-01  5.931E-01  2.624E-04  1.668E+01  0.000E+00  6.283E-01
  5.931E-01  9.708E-01  2.637E-04  1.652E+01  0.000E+00  6.283E-01
  9.708E-01  1.589E+00  2.148E-04  1.630E+01  0.000E+00  6.283E-01
  1.589E+00  2.601E+00  1.406E-04  1.619E+01  0.000E+00  6.283E-01
  2.601E+00  4.257E+00  7.743E-05  1.613E+01  0.000E+00  6.283E-01
  4.257E+00  6.967E+00  3.742E-05  1.595E+01  0.000E+00  6.283E-01
  6.967E+00  1.140E+01  1.541E-05  1.581E+01  0.000E+00  6.283E-01
  1.140E+01  1.866E+01  4.721E-06  1.583E+01  0.000E+00  6.283E-01
  1.866E+01  3.055E+01  9.267E-07  1.577E+01  0.000E+00  6.283E-01
  3.055E+01  5.000E+01  5.152E-08  1.702E+01  0.000E+00  6.283E-01
  5.000E+01  5.000E+01  0.000E+00  0.000E+00  0.000E+00  6.283E-01

 # Block n:            2    0.628318548      :   1.25663710    
  1.000E-09  1.637E-09  0.000E+00  0.000E+00  6.283E-01  1.257E+00
  1.637E-09  2.679E-09  0.000E+00  0.000E+00  6.283E-01  1.257E+00
  2.679E-09  4.385E-09  0.000E+00  0.000E+00  6.283E-01  1.257E+00
  4.385E-09  7.177E-09  0.000E+00  0.000E+00  6.283E-01  1.257E+00
  7.177E-09  1.175E-08  0.000E+00  0.000E+00  6.283E-01  1.257E+00
  1.175E-08  1.923E-08  0.000E+00  0.000E+00  6.283E-01  1.257E+00
  1.923E-08  3.147E-08  0.000E+00  0.000E+00  6.283E-01  1.257E+00
  3.147E-08  5.150E-08  0.000E+00  0.000E+00  6.283E-01  1.257E+00
  5.150E-08  8.430E-08  0.000E+00  0.000E+00  6.283E-01  1.257E+00
  8.430E-08  1.380E-07  0.000E+00  0.000E+00  6.283E-01  1.257E+00
  1.380E-07  2.258E-07  0.000E+00  0.000E+00  6.283E-01  1.257E+00
  2.258E-07  3.696E-07  0.000E+00  0.000E+00  6.283E-01  1.257E+00
  3.696E-07  6.050E-07  0.000E+00  0.000E+00  6.283E-01  1.257E+00
  6.050E-07  9.902E-07  0.000E+00  0.000E+00  6.283E-01  1.257E+00
  9.902E-07  1.621E-06  0.000E+00  0.000E+00  6.283E-01  1.257E+00
  1.621E-06  2.653E-06  0.000E+00  0.000E+00  6.283E-01  1.257E+00
  2.653E-06  4.342E-06  0.000E+00  0.000E+00  6.283E-01  1.257E+00
  4.342E-06  7.106E-06  0.000E+00  0.000E+00  6.283E-01  1.257E+00
  7.106E-06  1.163E-05  0.000E+00  0.000E+00  6.283E-01  1.257E+00
  1.163E-05  1.904E-05  0.000E+00  0.000E+00  6.283E-01  1.257E+00
  1.904E-05  3.116E-05  0.000E+00  0.000E+00  6.283E-01  1.257E+00
  3.116E-05  5.100E-05  4.719E-05  6.592E+01  6.283E-01  1.257E+00
  5.100E-05  8.347E-05  1.442E-05  9.900E+01  6.283E-01  1.257E+00
  8.347E-05  1.366E-04  8.808E-06  9.900E+01  6.283E-01  1.257E+00
  1.366E-04  2.236E-04  1.076E-05  8.292E+01  6.283E-01  1.257E+00
  2.236E-04  3.660E-04  1.315E-05  5.550E+01  6.283E-01  1.257E+00
  3.660E-04  5.990E-04  2.009E-05  3.722E+01  6.283E-01  1.257E+00
  5.990E-04  9.804E-04  1.595E-05  4.348E+01  6.283E-01  1.257E+00
  9.804E-04  1.605E-03  1.275E-05  3.417E+01  6.283E-01  1.257E+00
  1.605E-03  2.627E-03  1.099E-05  2.604E+01  6.283E-01  1.257E+00
  2.627E-03  4.299E-03  9.237E-06  2.013E+01  6.283E-01  1.257E+00
  4.299E-03  7.036E-03  1.026E-05  2.293E+01  6.283E-01  1.257E+00
  7.036E-03  1.152E-02  1.525E-05  1.926E+01  6.283E-01  1.257E+00
  1.152E-02  1.885E-02  2.764E-05  1.707E+01  6.283E-01  1.257E+00
  1.885E-02  3.085E-02  4.107E-05  1.743E+01  6.283E-01  1.257E+00
  3.085E-02  5.050E-02  5.776E-05  1.682E+01  6.283E-01  1.257E+00
  5.050E-02  8.265E-02  7.444E-05  1.627E+01  6.283E-01  1.257E+00
  8.265E-02  1.353E-01  9.001E-05  1.607E+01  6.283E-01  1.257E+00
  1.353E-01  2.214E-01  1.162E-04  1.599E+01  6.283E-01  1.257E+00
  2.214E-01  3.624E-01  1.388E-04  1.614E+01  6.283E-01  1.257E+00
  3.624E-01  5.931E-01  1.236E-04  1.586E+01  6.283E-01  1.257E+00
  5.931E-01  9.708E-01  6.778E-05  1.591E+01  6.283E-01  1.257E+00
  9.708E-01  1.589E+00  2.063E-05  1.571E+01  6.283E-01  1.257E+00
  1.589E+00  2.601E+00  2.655E-06  1.587E+01  6.283E-01  1.257E+00
  2.601E+00  4.257E+00  1.003E-07  1.671E+01  6.283E-01  1.257E+00
  4.257E+00  6.967E+00  6.908E-10  4.785E+01  6.283E-01  1.257E+00
  6.967E+00  1.140E+01  0.000E+00  0.000E+00  6.283E-01  1.257E+00
  1.140E+01  1.866E+01  0.000E+00  0.000E+00  6.283E-01  1.257E+00
  1.866E+01  3.055E+01  0.000E+00  0.000E+00  6.283E-01  1.257E+00
  3.055E+01  5.000E+01  0.000E+00  0.000E+00  6.283E-01  1.257E+00
  5.000E+01  5.000E+01  0.000E+00  0.000E+00  6.283E-01  1.257E+00

 # Block n:            3     1.25663710      :   1.88495564    
  1.000E-09  1.637E-09  0.000E+00  0.000E+00  1.257E+00  1.885E+00
  1.637E-09  2.679E-09  0.000E+00  0.000E+00  1.257E+00  1.885E+00
  2.679E-09  4.385E-09  0.000E+00  0.000E+00  1.257E+00  1.885E+00
  4.385E-09  7.177E-09  0.000E+00  0.000E+00  1.257E+00  1.885E+00
  7.177E-09  1.175E-08  0.000E+00  0.000E+00  1.257E+00  1.885E+00
  1.175E-08  1.923E-08  0.000E+00  0.000E+00  1.257E+00  1.885E+00
  1.923E-08  3.147E-08  0.000E+00  0.000E+00  1.257E+00  1.885E+00
  3.147E-08  5.150E-08  0.000E+00  0.000E+00  1.257E+00  1.885E+00
  5.150E-08  8.430E-08  0.000E+00  0.000E+00  1.257E+00  1.885E+00
  8.430E-08  1.380E-07  0.000E+00  0.000E+00  1.257E+00  1.885E+00
  1.380E-07  2.258E-07  0.000E+00  0.000E+00  1.257E+00  1.885E+00
  2.258E-07  3.696E-07  0.000E+00  0.000E+00  1.257E+00  1.885E+00
  3.696E-07  6.050E-07  0.000E+00  0.000E+00  1.257E+00  1.885E+00
  6.050E-07  9.902E-07  0.000E+00  0.000E+00  1.257E+00  1.885E+00
  9.902E-07  1.621E-06  0.000E+00  0.000E+00  1.257E+00  1.885E+00
  1.621E-06  2.653E-06  0.000E+00  0.000E+00  1.257E+00  1.885E+00
  2.653E-06  4.342E-06  0.000E+00  0.000E+00  1.257E+00  1.885E+00
  4.342E-06  7.106E-06  0.000E+00  0.000E+00  1.257E+00  1.885E+00
  7.106E-06  1.163E-05  0.000E+00  0.000E+00  1.257E+00  1.885E+00
  1.163E-05  1.904E-05  0.000E+00  0.000E+00  1.257E+00  1.885E+00
  1.904E-05  3.116E-05  3.862E-05  8.292E+01  1.257E+00  1.885E+00
  3.116E-05  5.100E-05  4.719E-05  6.592E+01  1.257E+00  1.885E+00
  5.100E-05  8.347E-05  1.442E-05  8.292E+01  1.257E+00  1.885E+00
  8.347E-05  1.366E-04  0.000E+00  0.000E+00  1.257E+00  1.885E+00
  1.366E-04  2.236E-04  1.076E-05  6.093E+01  1.257E+00  1.885E+00
  2.236E-04  3.660E-04  1.315E-05  5.962E+01  1.257E+00  1.885E+00
  3.660E-04  5.990E-04  2.410E-05  2.595E+01  1.257E+00  1.885E+00
  5.990E-04  9.804E-04  4.909E-06  4.948E+01  1.257E+00  1.885E+00
  9.804E-04  1.605E-03  1.125E-05  3.888E+01  1.257E+00  1.885E+00
  1.605E-03  2.627E-03  7.330E-06  2.753E+01  1.257E+00  1.885E+00
  2.627E-03  4.299E-03  1.064E-05  2.843E+01  1.257E+00  1.885E+00
  4.299E-03  7.036E-03  1.043E-05  1.830E+01  1.257E+00  1.885E+00
  7.036E-03  1.152E-02  1.264E-05  1.716E+01  1.257E+00  1.885E+00
  1.152E-02  1.885E-02  2.515E-05  1.712E+01  1.257E+00  1.885E+00
  1.885E-02  3.085E-02  3.534E-05  1.611E+01  1.257E+00  1.885E+00
  3.085E-02  5.050E-02  4.952E-05  1.505E+01  1.257E+00  1.885E+00
  5.050E-02  8.265E-02  6.279E-05  1.434E+01  1.257E+00  1.885E+00
  8.265E-02  1.353E-01  7.174E-05  1.411E+01  1.257E+00  1.885E+00
  1.353E-01  2.214E-01  8.614E-05  1.385E+01  1.257E+00  1.885E+00
  2.214E-01  3.624E-01  8.593E-05  1.423E+01  1.257E+00  1.885E+00
  3.624E-01  5.931E-01  5.903E-05  1.393E+01  1.257E+00  1.885E+00
  5.931E-01  9.708E-01  2.274E-05  1.405E+01  1.257E+00  1.885E+00
  9.708E-01  1.589E+00  3.959E-06  1.415E+01  1.257E+00  1.885E+00
  1.589E+00  2.601E+00  2.133E-07  1.362E+01  1.257E+00  1.885E+00
  2.601E+00  4.257E+00  1.131E-09  5.550E+01  1.257E+00  1.885E+00
  4.257E+00  6.967E+00  0.000E+00  0.000E+00  1.257E+00  1.885E+00
  6.967E+00  1.140E+01  0.000E+00  0.000E+00  1.257E+00  1.885E+00
  1.140E+01  1.866E+01  0.000E+00  0.000E+00  1.257E+00  1.885E+00
  1.866E+01  3.055E+01  0.000E+00  0.000E+00  1.257E+00  1.885E+00
  3.055E+01  5.000E+01  0.000E+00  0.000E+00  1.257E+00  1.885E+00
  5.000E+01  5.000E+01  0.000E+00  0.000E+00  1.257E+00  1.885E+00

 # Block n:            4     1.88495564      :   2.51327419    
  1.000E-09  1.637E-09  0.000E+00  0.000E+00  1.885E+00  2.513E+00
  1.637E-09  2.679E-09  0.000E+00  0.000E+00  1.885E+00  2.513E+00
  2.679E-09  4.385E-09  0.000E+00  0.000E+00  1.885E+00  2.513E+00
  4.385E-09  7.177E-09  0.000E+00  0.000E+00  1.885E+00  2.513E+00
  7.177E-09  1.175E-08  0.000E+00  0.000E+00  1.885E+00  2.513E+00
  1.175E-08  1.923E-08  0.000E+00  0.000E+00  1.885E+00  2.513E+00
  1.923E-08  3.147E-08  0.000E+00  0.000E+00  1.885E+00  2.513E+00
  3.147E-08  5.150E-08  0.000E+00  0.000E+00  1.885E+00  2.513E+00
  5.150E-08  8.430E-08  0.000E+00  0.000E+00  1.885E+00  2.513E+00
  8.430E-08  1.380E-07  0.000E+00  0.000E+00  1.885E+00  2.513E+00
  1.380E-07  2.258E-07  0.000E+00  0.000E+00  1.885E+00  2.513E+00
  2.258E-07  3.696E-07  0.000E+00  0.000E+00  1.885E+00  2.513E+00
  3.696E-07  6.050E-07  0.000E+00  0.000E+00  1.885E+00  2.513E+00
  6.050E-07  9.902E-07  0.000E+00  0.000E+00  1.885E+00  2.513E+00
  9.902E-07  1.621E-06  0.000E+00  0.000E+00  1.885E+00  2.513E+00
  1.621E-06  2.653E-06  0.000E+00  0.000E+00  1.885E+00  2.513E+00
  2.653E-06  4.342E-06  0.000E+00  0.000E+00  1.885E+00  2.513E+00
  4.342E-06  7.106E-06  1.693E-04  9.698E+01  1.885E+00  2.513E+00
  7.106E-06  1.163E-05  0.000E+00  0.000E+00  1.885E+00  2.513E+00
  1.163E-05  1.904E-05  0.000E+00  0.000E+00  1.885E+00  2.513E+00
  1.904E-05  3.116E-05  0.000E+00  0.000E+00  1.885E+00  2.513E+00
  3.116E-05  5.100E-05  0.000E+00  0.000E+00  1.885E+00  2.513E+00
  5.100E-05  8.347E-05  0.000E+00  0.000E+00  1.885E+00  2.513E+00
  8.347E-05  1.366E-04  1.762E-05  6.093E+01  1.885E+00  2.513E+00
  1.366E-04  2.236E-04  1.076E-05  8.292E+01  1.885E+00  2.513E+00
  2.236E-04  3.660E-04  1.315E-05  5.406E+01  1.885E+00  2.513E+00
  3.660E-04  5.990E-04  4.017E-06  8.292E+01  1.885E+00  2.513E+00
  5.990E-04  9.804E-04  2.455E-06  5.550E+01  1.885E+00  2.513E+00
  9.804E-04  1.605E-03  1.050E-05  2.428E+01  1.885E+00  2.513E+00
  1.605E-03  2.627E-03  6.414E-06  3.995E+01  1.885E+00  2.513E+00
  2.627E-03  4.299E-03  8.677E-06  2.144E+01  1.885E+00  2.513E+00
  4.299E-03  7.036E-03  8.550E-06  1.866E+01  1.885E+00  2.513E+00
  7.036E-03  1.152E-02  1.181E-05  1.928E+01  1.885E+00  2.513E+00
  1.152E-02  1.885E-02  2.145E-05  1.565E+01  1.885E+00  2.513E+00
  1.885E-02  3.085E-02  3.635E-05  1.470E+01  1.885E+00  2.513E+00
  3.085E-02  5.050E-02  4.439E-05  1.371E+01  1.885E+00  2.513E+00
  5.050E-02  8.265E-02  5.358E-05  1.377E+01  1.885E+00  2.513E+00
  8.265E-02  1.353E-01  6.070E-05  1.347E+01  1.885E+00  2.513E+00
  1.353E-01  2.214E-01  6.300E-05  1.325E+01  1.885E+00  2.513E+00
  2.214E-01  3.624E-01  5.547E-05  1.331E+01  1.885E+00  2.513E+00
  3.624E-01  5.931E-01  3.109E-05  1.336E+01  1.885E+00  2.513E+00
  5.931E-01  9.708E-01  9.141E-06  1.333E+01  1.885E+00  2.513E+00
  9.708E-01  1.589E+00  1.009E-06  1.393E+01  1.885E+00  2.513E+00
  1.589E+00  2.601E+00  2.082E-08  2.308E+01  1.885E+00  2.513E+00
  2.601E+00  4.257E+00  0.000E+00  0.000E+00  1.885E+00  2.513E+00
  4.257E+00  6.967E+00  0.000E+00  0.000E+00  1.885E+00  2.513E+00
  6.967E+00  1.140E+01  0.000E+00  0.000E+00  1.885E+00  2.513E+00
  1.140E+01  1.866E+01  0.000E+00  0.000E+00  1.885E+00  2.513E+00
  1.866E+01  3.055E+01  0.000E+00  0.000E+00  1.885E+00  2.513E+00
  3.055E+01  5.000E+01  0.000E+00  0.000E+00  1.885E+00  2.513E+00
  5.000E+01  5.000E+01  0.000E+00  0.000E+00  1.885E+00  2.513E+00

 # Block n:            5     2.51327419      :   3.14159274    
  1.000E-09  1.637E-09  0.000E+00  0.000E+00  2.513E+00  3.142E+00
  1.637E-09  2.679E-09  0.000E+00  0.000E+00  2.513E+00  3.142E+00
  2.679E-09  4.385E-09  0.000E+00  0.000E+00  2.513E+00  3.142E+00
  4.385E-09  7.177E-09  0.000E+00  0.000E+00  2.513E+00  3.142E+00
  7.177E-09  1.175E-08  0.000E+00  0.000E+00  2.513E+00  3.142E+00
  1.175E-08  1.923E-08  0.000E+00  0.000E+00  2.513E+00  3.142E+00
  1.923E-08  3.147E-08  0.000E+00  0.000E+00  2.513E+00  3.142E+00
  3.147E-08  5.150E-08  0.000E+00  0.000E+00  2.513E+00  3.142E+00
  5.150E-08  8.430E-08  0.000E+00  0.000E+00  2.513E+00  3.142E+00
  8.430E-08  1.380E-07  0.000E+00  0.000E+00  2.513E+00  3.142E+00
  1.380E-07  2.258E-07  0.000E+00  0.000E+00  2.513E+00  3.142E+00
  2.258E-07  3.696E-07  0.000E+00  0.000E+00  2.513E+00  3.142E+00
  3.696E-07  6.050E-07  0.000E+00  0.000E+00  2.513E+00  3.142E+00
  6.050E-07  9.902E-07  0.000E+00  0.000E+00  2.513E+00  3.142E+00
  9.902E-07  1.621E-06  0.000E+00  0.000E+00  2.513E+00  3.142E+00
  1.621E-06  2.653E-06  0.000E+00  0.000E+00  2.513E+00  3.142E+00
  2.653E-06  4.342E-06  0.000E+00  0.000E+00  2.513E+00  3.142E+00
  4.342E-06  7.106E-06  1.693E-04  9.698E+01  2.513E+00  3.142E+00
  7.106E-06  1.163E-05  0.000E+00  0.000E+00  2.513E+00  3.142E+00
  1.163E-05  1.904E-05  6.321E-05  9.698E+01  2.513E+00  3.142E+00
  1.904E-05  3.116E-05  0.000E+00  0.000E+00  2.513E+00  3.142E+00
  3.116E-05  5.100E-05  0.000E+00  0.000E+00  2.513E+00  3.142E+00
  5.100E-05  8.347E-05  1.442E-05  9.900E+01  2.513E+00  3.142E+00
  8.347E-05  1.366E-04  0.000E+00  0.000E+00  2.513E+00  3.142E+00
  1.366E-04  2.236E-04  1.614E-05  7.005E+01  2.513E+00  3.142E+00
  2.236E-04  3.660E-04  0.000E+00  0.000E+00  2.513E+00  3.142E+00
  3.660E-04  5.990E-04  1.004E-05  4.492E+01  2.513E+00  3.142E+00
  5.990E-04  9.804E-04  6.136E-06  5.024E+01  2.513E+00  3.142E+00
  9.804E-04  1.605E-03  7.498E-06  3.584E+01  2.513E+00  3.142E+00
  1.605E-03  2.627E-03  1.145E-05  3.476E+01  2.513E+00  3.142E+00
  2.627E-03  4.299E-03  5.878E-06  2.672E+01  2.513E+00  3.142E+00
  4.299E-03  7.036E-03  5.643E-06  1.984E+01  2.513E+00  3.142E+00
  7.036E-03  1.152E-02  9.090E-06  1.862E+01  2.513E+00  3.142E+00
  1.152E-02  1.885E-02  1.838E-05  1.374E+01  2.513E+00  3.142E+00
  1.885E-02  3.085E-02  3.108E-05  1.487E+01  2.513E+00  3.142E+00
  3.085E-02  5.050E-02  3.829E-05  1.404E+01  2.513E+00  3.142E+00
  5.050E-02  8.265E-02  4.567E-05  1.328E+01  2.513E+00  3.142E+00
  8.265E-02  1.353E-01  4.869E-05  1.272E+01  2.513E+00  3.142E+00
  1.353E-01  2.214E-01  4.665E-05  1.252E+01  2.513E+00  3.142E+00
  2.214E-01  3.624E-01  3.588E-05  1.285E+01  2.513E+00  3.142E+00
  3.624E-01  5.931E-01  1.779E-05  1.299E+01  2.513E+00  3.142E+00
  5.931E-01  9.708E-01  4.067E-06  1.260E+01  2.513E+00  3.142E+00
  9.708E-01  1.589E+00  2.847E-07  1.513E+01  2.513E+00  3.142E+00
  1.589E+00  2.601E+00  1.851E-09  4.785E+01  2.513E+00  3.142E+00
  2.601E+00  4.257E+00  0.000E+00  0.000E+00  2.513E+00  3.142E+00
  4.257E+00  6.967E+00  0.000E+00  0.000E+00  2.513E+00  3.142E+00
  6.967E+00  1.140E+01  0.000E+00  0.000E+00  2.513E+00  3.142E+00
  1.140E+01  1.866E+01  0.000E+00  0.000E+00  2.513E+00  3.142E+00
  1.866E+01  3.055E+01  0.000E+00  0.000E+00  2.513E+00  3.142E+00
  3.055E+01  5.000E+01  0.000E+00  0.000E+00  2.513E+00  3.142E+00
  5.000E+01  5.000E+01  0.000E+00  0.000E+00  2.513E+00  3.142E+00

 # Block n:            6     3.14159274      :   3.76991129    
  1.000E-09  1.637E-09  0.000E+00  0.000E+00  3.142E+00  3.770E+00
  1.637E-09  2.679E-09  0.000E+00  0.000E+00  3.142E+00  3.770E+00
  2.679E-09  4.385E-09  0.000E+00  0.000E+00  3.142E+00  3.770E+00
  4.385E-09  7.177E-09  0.000E+00  0.000E+00  3.142E+00  3.770E+00
  7.177E-09  1.175E-08  0.000E+00  0.000E+00  3.142E+00  3.770E+00
  1.175E-08  1.923E-08  0.000E+00  0.000E+00  3.142E+00  3.770E+00
  1.923E-08  3.147E-08  0.000E+00  0.000E+00  3.142E+00  3.770E+00
  3.147E-08  5.150E-08  0.000E+00  0.000E+00  3.142E+00  3.770E+00
  5.150E-08  8.430E-08  0.000E+00  0.000E+00  3.142E+00  3.770E+00
  8.430E-08  1.380E-07  0.000E+00  0.000E+00  3.142E+00  3.770E+00
  1.380E-07  2.258E-07  0.000E+00  0.000E+00  3.142E+00  3.770E+00
  2.258E-07  3.696E-07  0.000E+00  0.000E+00  3.142E+00  3.770E+00
  3.696E-07  6.050E-07  0.000E+00  0.000E+00  3.142E+00  3.770E+00
  6.050E-07  9.902E-07  0.000E+00  0.000E+00  3.142E+00  3.770E+00
  9.902E-07  1.621E-06  0.000E+00  0.000E+00  3.142E+00  3.770E+00
  1.621E-06  2.653E-06  0.000E+00  0.000E+00  3.142E+00  3.770E+00
  2.653E-06  4.342E-06  2.771E-04  8.292E+01  3.142E+00  3.770E+00
  4.342E-06  7.106E-06  0.000E+00  0.000E+00  3.142E+00  3.770E+00
  7.106E-06  1.163E-05  0.000E+00  0.000E+00  3.142E+00  3.770E+00
  1.163E-05  1.904E-05  0.000E+00  0.000E+00  3.142E+00  3.770E+00
  1.904E-05  3.116E-05  0.000E+00  0.000E+00  3.142E+00  3.770E+00
  3.116E-05  5.100E-05  0.000E+00  0.000E+00  3.142E+00  3.770E+00
  5.100E-05  8.347E-05  0.000E+00  0.000E+00  3.142E+00  3.770E+00
  8.347E-05  1.366E-04  0.000E+00  0.000E+00  3.142E+00  3.770E+00
  1.366E-04  2.236E-04  5.381E-06  9.900E+01  3.142E+00  3.770E+00
  2.236E-04  3.660E-04  9.863E-06  4.876E+01  3.142E+00  3.770E+00
  3.660E-04  5.990E-04  1.406E-05  3.227E+01  3.142E+00  3.770E+00
  5.990E-04  9.804E-04  8.591E-06  3.306E+01  3.142E+00  3.770E+00
  9.804E-04  1.605E-03  5.249E-06  2.889E+01  3.142E+00  3.770E+00
  1.605E-03  2.627E-03  7.330E-06  2.388E+01  3.142E+00  3.770E+00
  2.627E-03  4.299E-03  4.198E-06  3.136E+01  3.142E+00  3.770E+00
  4.299E-03  7.036E-03  4.617E-06  1.999E+01  3.142E+00  3.770E+00
  7.036E-03  1.152E-02  8.776E-06  1.185E+01  3.142E+00  3.770E+00
  1.152E-02  1.885E-02  1.481E-05  1.180E+01  3.142E+00  3.770E+00
  1.885E-02  3.085E-02  2.391E-05  1.190E+01  3.142E+00  3.770E+00
  3.085E-02  5.050E-02  3.276E-05  1.171E+01  3.142E+00  3.770E+00
  5.050E-02  8.265E-02  3.769E-05  1.097E+01  3.142E+00  3.770E+00
  8.265E-02  1.353E-01  3.625E-05  1.051E+01  3.142E+00  3.770E+00
  1.353E-01  2.214E-01  3.148E-05  1.084E+01  3.142E+00  3.770E+00
  2.214E-01  3.624E-01  2.152E-05  1.126E+01  3.142E+00  3.770E+00
  3.624E-01  5.931E-01  9.798E-06  1.104E+01  3.142E+00  3.770E+00
  5.931E-01  9.708E-01  1.725E-06  1.148E+01  3.142E+00  3.770E+00
  9.708E-01  1.589E+00  6.664E-08  1.432E+01  3.142E+00  3.770E+00
  1.589E+00  2.601E+00  4.627E-10  9.900E+01  3.142E+00  3.770E+00
  2.601E+00  4.257E+00  0.000E+00  0.000E+00  3.142E+00  3.770E+00
  4.257E+00  6.967E+00  0.000E+00  0.000E+00  3.142E+00  3.770E+00
  6.967E+00  1.140E+01  0.000E+00  0.000E+00  3.142E+00  3.770E+00
  1.140E+01  1.866E+01  0.000E+00  0.000E+00  3.142E+00  3.770E+00
  1.866E+01  3.055E+01  0.000E+00  0.000E+00  3.142E+00  3.770E+00
  3.055E+01  5.000E+01  0.000E+00  0.000E+00  3.142E+00  3.770E+00
  5.000E+01  5.000E+01  0.000E+00  0.000E+00  3.142E+00  3.770E+00

 # Block n:            7     3.76991129      :   4.39822960    
  1.000E-09  1.637E-09  0.000E+00  0.000E+00  3.770E+00  4.398E+00
  1.637E-09  2.679E-09  0.000E+00  0.000E+00  3.770E+00  4.398E+00
  2.679E-09  4.385E-09  0.000E+00  0.000E+00  3.770E+00  4.398E+00
  4.385E-09  7.177E-09  0.000E+00  0.000E+00  3.770E+00  4.398E+00
  7.177E-09  1.175E-08  0.000E+00  0.000E+00  3.770E+00  4.398E+00
  1.175E-08  1.923E-08  0.000E+00  0.000E+00  3.770E+00  4.398E+00
  1.923E-08  3.147E-08  0.000E+00  0.000E+00  3.770E+00  4.398E+00
  3.147E-08  5.150E-08  0.000E+00  0.000E+00  3.770E+00  4.398E+00
  5.150E-08  8.430E-08  0.000E+00  0.000E+00  3.770E+00  4.398E+00
  8.430E-08  1.380E-07  0.000E+00  0.000E+00  3.770E+00  4.398E+00
  1.380E-07  2.258E-07  0.000E+00  0.000E+00  3.770E+00  4.398E+00
  2.258E-07  3.696E-07  0.000E+00  0.000E+00  3.770E+00  4.398E+00
  3.696E-07  6.050E-07  0.000E+00  0.000E+00  3.770E+00  4.398E+00
  6.050E-07  9.902E-07  0.000E+00  0.000E+00  3.770E+00  4.398E+00
  9.902E-07  1.621E-06  0.000E+00  0.000E+00  3.770E+00  4.398E+00
  1.621E-06  2.653E-06  0.000E+00  0.000E+00  3.770E+00  4.398E+00
  2.653E-06  4.342E-06  0.000E+00  0.000E+00  3.770E+00  4.398E+00
  4.342E-06  7.106E-06  0.000E+00  0.000E+00  3.770E+00  4.398E+00
  7.106E-06  1.163E-05  0.000E+00  0.000E+00  3.770E+00  4.398E+00
  1.163E-05  1.904E-05  0.000E+00  0.000E+00  3.770E+00  4.398E+00
  1.904E-05  3.116E-05  0.000E+00  0.000E+00  3.770E+00  4.398E+00
  3.116E-05  5.100E-05  0.000E+00  0.000E+00  3.770E+00  4.398E+00
  5.100E-05  8.347E-05  1.442E-05  8.292E+01  3.770E+00  4.398E+00
  8.347E-05  1.366E-04  8.808E-06  9.900E+01  3.770E+00  4.398E+00
  1.366E-04  2.236E-04  0.000E+00  0.000E+00  3.770E+00  4.398E+00
  2.236E-04  3.660E-04  3.288E-06  9.900E+01  3.770E+00  4.398E+00
  3.660E-04  5.990E-04  1.004E-05  4.378E+01  3.770E+00  4.398E+00
  5.990E-04  9.804E-04  7.364E-06  4.093E+01  3.770E+00  4.398E+00
  9.804E-04  1.605E-03  8.248E-06  2.137E+01  3.770E+00  4.398E+00
  1.605E-03  2.627E-03  4.123E-06  2.964E+01  3.770E+00  4.398E+00
  2.627E-03  4.299E-03  4.478E-06  2.055E+01  3.770E+00  4.398E+00
  4.299E-03  7.036E-03  3.933E-06  2.971E+01  3.770E+00  4.398E+00
  7.036E-03  1.152E-02  5.224E-06  1.451E+01  3.770E+00  4.398E+00
  1.152E-02  1.885E-02  1.283E-05  1.099E+01  3.770E+00  4.398E+00
  1.885E-02  3.085E-02  1.802E-05  1.072E+01  3.770E+00  4.398E+00
  3.085E-02  5.050E-02  2.481E-05  1.020E+01  3.770E+00  4.398E+00
  5.050E-02  8.265E-02  2.856E-05  9.195E+00  3.770E+00  4.398E+00
  8.265E-02  1.353E-01  2.695E-05  9.559E+00  3.770E+00  4.398E+00
  1.353E-01  2.214E-01  2.127E-05  8.345E+00  3.770E+00  4.398E+00
  2.214E-01  3.624E-01  1.364E-05  8.174E+00  3.770E+00  4.398E+00
  3.624E-01  5.931E-01  5.323E-06  9.141E+00  3.770E+00  4.398E+00
  5.931E-01  9.708E-01  6.817E-07  8.035E+00  3.770E+00  4.398E+00
  9.708E-01  1.589E+00  2.120E-08  2.447E+01  3.770E+00  4.398E+00
  1.589E+00  2.601E+00  0.000E+00  0.000E+00  3.770E+00  4.398E+00
  2.601E+00  4.257E+00  0.000E+00  0.000E+00  3.770E+00  4.398E+00
  4.257E+00  6.967E+00  0.000E+00  0.000E+00  3.770E+00  4.398E+00
  6.967E+00  1.140E+01  0.000E+00  0.000E+00  3.770E+00  4.398E+00
  1.140E+01  1.866E+01  0.000E+00  0.000E+00  3.770E+00  4.398E+00
  1.866E+01  3.055E+01  0.000E+00  0.000E+00  3.770E+00  4.398E+00
  3.055E+01  5.000E+01  0.000E+00  0.000E+00  3.770E+00  4.398E+00
  5.000E+01  5.000E+01  0.000E+00  0.000E+00  3.770E+00  4.398E+00

 # Block n:            8     4.39822960      :   5.02654839    
  1.000E-09  1.637E-09  0.000E+00  0.000E+00  4.398E+00  5.027E+00
  1.637E-09  2.679E-09  0.000E+00  0.000E+00  4.398E+00  5.027E+00
  2.679E-09  4.385E-09  0.000E+00  0.000E+00  4.398E+00  5.027E+00
  4.385E-09  7.177E-09  0.000E+00  0.000E+00  4.398E+00  5.027E+00
  7.177E-09  1.175E-08  0.000E+00  0.000E+00  4.398E+00  5.027E+00
  1.175E-08  1.923E-08  0.000E+00  0.000E+00  4.398E+00  5.027E+00
  1.923E-08  3.147E-08  0.000E+00  0.000E+00  4.398E+00  5.027E+00
  3.147E-08  5.150E-08  0.000E+00  0.000E+00  4.398E+00  5.027E+00
  5.150E-08  8.430E-08  0.000E+00  0.000E+00  4.398E+00  5.027E+00
  8.430E-08  1.380E-07  0.000E+00  0.000E+00  4.398E+00  5.027E+00
  1.380E-07  2.258E-07  0.000E+00  0.000E+00  4.398E+00  5.027E+00
  2.258E-07  3.696E-07  0.000E+00  0.000E+00  4.398E+00  5.027E+00
  3.696E-07  6.050E-07  0.000E+00  0.000E+00  4.398E+00  5.027E+00
  6.050E-07  9.902E-07  0.000E+00  0.000E+00  4.398E+00  5.027E+00
  9.902E-07  1.621E-06  0.000E+00  0.000E+00  4.398E+00  5.027E+00
  1.621E-06  2.653E-06  0.000E+00  0.000E+00  4.398E+00  5.027E+00
  2.653E-06  4.342E-06  0.000E+00  0.000E+00  4.398E+00  5.027E+00
  4.342E-06  7.106E-06  0.000E+00  0.000E+00  4.398E+00  5.027E+00
  7.106E-06  1.163E-05  0.000E+00  0.000E+00  4.398E+00  5.027E+00
  1.163E-05  1.904E-05  0.000E+00  0.000E+00  4.398E+00  5.027E+00
  1.904E-05  3.116E-05  0.000E+00  0.000E+00  4.398E+00  5.027E+00
  3.116E-05  5.100E-05  0.000E+00  0.000E+00  4.398E+00  5.027E+00
  5.100E-05  8.347E-05  1.442E-05  9.698E+01  4.398E+00  5.027E+00
  8.347E-05  1.366E-04  8.808E-06  9.900E+01  4.398E+00  5.027E+00
  1.366E-04  2.236E-04  0.000E+00  0.000E+00  4.398E+00  5.027E+00
  2.236E-04  3.660E-04  0.000E+00  0.000E+00  4.398E+00  5.027E+00
  3.660E-04  5.990E-04  2.009E-06  9.698E+01  4.398E+00  5.027E+00
  5.990E-04  9.804E-04  3.682E-06  4.876E+01  4.398E+00  5.027E+00
  9.804E-04  1.605E-03  2.999E-06  4.948E+01  4.398E+00  5.027E+00
  1.605E-03  2.627E-03  3.207E-06  2.401E+01  4.398E+00  5.027E+00
  2.627E-03  4.299E-03  4.198E-06  2.236E+01  4.398E+00  5.027E+00
  4.299E-03  7.036E-03  4.275E-06  1.987E+01  4.398E+00  5.027E+00
  7.036E-03  1.152E-02  5.120E-06  1.426E+01  4.398E+00  5.027E+00
  1.152E-02  1.885E-02  1.002E-05  9.097E+00  4.398E+00  5.027E+00
  1.885E-02  3.085E-02  1.451E-05  6.817E+00  4.398E+00  5.027E+00
  3.085E-02  5.050E-02  1.925E-05  6.298E+00  4.398E+00  5.027E+00
  5.050E-02  8.265E-02  2.089E-05  7.914E+00  4.398E+00  5.027E+00
  8.265E-02  1.353E-01  1.901E-05  6.393E+00  4.398E+00  5.027E+00
  1.353E-01  2.214E-01  1.391E-05  5.892E+00  4.398E+00  5.027E+00
  2.214E-01  3.624E-01  8.102E-06  4.954E+00  4.398E+00  5.027E+00
  3.624E-01  5.931E-01  2.901E-06  5.246E+00  4.398E+00  5.027E+00
  5.931E-01  9.708E-01  2.702E-07  9.656E+00  4.398E+00  5.027E+00
  9.708E-01  1.589E+00  2.272E-09  9.698E+01  4.398E+00  5.027E+00
  1.589E+00  2.601E+00  0.000E+00  0.000E+00  4.398E+00  5.027E+00
  2.601E+00  4.257E+00  0.000E+00  0.000E+00  4.398E+00  5.027E+00
  4.257E+00  6.967E+00  0.000E+00  0.000E+00  4.398E+00  5.027E+00
  6.967E+00  1.140E+01  0.000E+00  0.000E+00  4.398E+00  5.027E+00
  1.140E+01  1.866E+01  0.000E+00  0.000E+00  4.398E+00  5.027E+00
  1.866E+01  3.055E+01  0.000E+00  0.000E+00  4.398E+00  5.027E+00
  3.055E+01  5.000E+01  0.000E+00  0.000E+00  4.398E+00  5.027E+00
  5.000E+01  5.000E+01  0.000E+00  0.000E+00  4.398E+00  5.027E+00

 # Block n:            9     5.02654839      :   5.65486717    
  1.000E-09  1.637E-09  0.000E+00  0.000E+00  5.027E+00  5.655E+00
  1.637E-09  2.679E-09  0.000E+00  0.000E+00  5.027E+00  5.655E+00
  2.679E-09  4.385E-09  0.000E+00  0.000E+00  5.027E+00  5.655E+00
  4.385E-09  7.177E-09  0.000E+00  0.000E+00  5.027E+00  5.655E+00
  7.177E-09  1.175E-08  0.000E+00  0.000E+00  5.027E+00  5.655E+00
  1.175E-08  1.923E-08  0.000E+00  0.000E+00  5.027E+00  5.655E+00
  1.923E-08  3.147E-08  0.000E+00  0.000E+00  5.027E+00  5.655E+00
  3.147E-08  5.150E-08  0.000E+00  0.000E+00  5.027E+00  5.655E+00
  5.150E-08  8.430E-08  0.000E+00  0.000E+00  5.027E+00  5.655E+00
  8.430E-08  1.380E-07  0.000E+00  0.000E+00  5.027E+00  5.655E+00
  1.380E-07  2.258E-07  0.000E+00  0.000E+00  5.027E+00  5.655E+00
  2.258E-07  3.696E-07  0.000E+00  0.000E+00  5.027E+00  5.655E+00
  3.696E-07  6.050E-07  0.000E+00  0.000E+00  5.027E+00  5.655E+00
  6.050E-07  9.902E-07  0.000E+00  0.000E+00  5.027E+00  5.655E+00
  9.902E-07  1.621E-06  0.000E+00  0.000E+00  5.027E+00  5.655E+00
  1.621E-06  2.653E-06  0.000E+00  0.000E+00  5.027E+00  5.655E+00
  2.653E-06  4.342E-06  0.000E+00  0.000E+00  5.027E+00  5.655E+00
  4.342E-06  7.106E-06  0.000E+00  0.000E+00  5.027E+00  5.655E+00
  7.106E-06  1.163E-05  0.000E+00  0.000E+00  5.027E+00  5.655E+00
  1.163E-05  1.904E-05  0.000E+00  0.000E+00  5.027E+00  5.655E+00
  1.904E-05  3.116E-05  0.000E+00  0.000E+00  5.027E+00  5.655E+00
  3.116E-05  5.100E-05  2.359E-05  8.292E+01  5.027E+00  5.655E+00
  5.100E-05  8.347E-05  0.000E+00  0.000E+00  5.027E+00  5.655E+00
  8.347E-05  1.366E-04  0.000E+00  0.000E+00  5.027E+00  5.655E+00
  1.366E-04  2.236E-04  5.381E-06  8.292E+01  5.027E+00  5.655E+00
  2.236E-04  3.660E-04  3.288E-06  8.292E+01  5.027E+00  5.655E+00
  3.660E-04  5.990E-04  2.009E-06  8.292E+01  5.027E+00  5.655E+00
  5.990E-04  9.804E-04  4.909E-06  4.785E+01  5.027E+00  5.655E+00
  9.804E-04  1.605E-03  2.249E-06  5.675E+01  5.027E+00  5.655E+00
  1.605E-03  2.627E-03  3.207E-06  4.775E+01  5.027E+00  5.655E+00
  2.627E-03  4.299E-03  2.799E-06  3.091E+01  5.027E+00  5.655E+00
  4.299E-03  7.036E-03  2.907E-06  2.280E+01  5.027E+00  5.655E+00
  7.036E-03  1.152E-02  3.761E-06  1.472E+01  5.027E+00  5.655E+00
  1.152E-02  1.885E-02  7.916E-06  1.165E+01  5.027E+00  5.655E+00
  1.885E-02  3.085E-02  1.057E-05  5.982E+00  5.027E+00  5.655E+00
  3.085E-02  5.050E-02  1.339E-05  4.281E+00  5.027E+00  5.655E+00
  5.050E-02  8.265E-02  1.315E-05  3.558E+00  5.027E+00  5.655E+00
  8.265E-02  1.353E-01  1.132E-05  4.796E+00  5.027E+00  5.655E+00
  1.353E-01  2.214E-01  7.358E-06  4.845E+00  5.027E+00  5.655E+00
  2.214E-01  3.624E-01  4.150E-06  2.994E+00  5.027E+00  5.655E+00
  3.624E-01  5.931E-01  1.386E-06  5.611E+00  5.027E+00  5.655E+00
  5.931E-01  9.708E-01  1.078E-07  1.225E+01  5.027E+00  5.655E+00
  9.708E-01  1.589E+00  7.573E-10  9.698E+01  5.027E+00  5.655E+00
  1.589E+00  2.601E+00  0.000E+00  0.000E+00  5.027E+00  5.655E+00
  2.601E+00  4.257E+00  0.000E+00  0.000E+00  5.027E+00  5.655E+00
  4.257E+00  6.967E+00  0.000E+00  0.000E+00  5.027E+00  5.655E+00
  6.967E+00  1.140E+01  0.000E+00  0.000E+00  5.027E+00  5.655E+00
  1.140E+01  1.866E+01  0.000E+00  0.000E+00  5.027E+00  5.655E+00
  1.866E+01  3.055E+01  0.000E+00  0.000E+00  5.027E+00  5.655E+00
  3.055E+01  5.000E+01  0.000E+00  0.000E+00  5.027E+00  5.655E+00
  5.000E+01  5.000E+01  0.000E+00  0.000E+00  5.027E+00  5.655E+00

 # Block n:           10     5.65486717      :   6.28318548    
  1.000E-09  1.637E-09  0.000E+00  0.000E+00  5.655E+00  6.283E+00
  1.637E-09  2.679E-09  0.000E+00  0.000E+00  5.655E+00  6.283E+00
  2.679E-09  4.385E-09  0.000E+00  0.000E+00  5.655E+00  6.283E+00
  4.385E-09  7.177E-09  0.000E+00  0.000E+00  5.655E+00  6.283E+00
  7.177E-09  1.175E-08  0.000E+00  0.000E+00  5.655E+00  6.283E+00
  1.175E-08  1.923E-08  0.000E+00  0.000E+00  5.655E+00  6.283E+00
  1.923E-08  3.147E-08  0.000E+00  0.000E+00  5.655E+00  6.283E+00
  3.147E-08  5.150E-08  0.000E+00  0.000E+00  5.655E+00  6.283E+00
  5.150E-08  8.430E-08  0.000E+00  0.000E+00  5.655E+00  6.283E+00
  8.430E-08  1.380E-07  0.000E+00  0.000E+00  5.655E+00  6.283E+00
  1.380E-07  2.258E-07  0.000E+00  0.000E+00  5.655E+00  6.283E+00
  2.258E-07  3.696E-07  0.000E+00  0.000E+00  5.655E+00  6.283E+00
  3.696E-07  6.050E-07  0.000E+00  0.000E+00  5.655E+00  6.283E+00
  6.050E-07  9.902E-07  0.000E+00  0.000E+00  5.655E+00  6.283E+00
  9.902E-07  1.621E-06  0.000E+00  0.000E+00  5.655E+00  6.283E+00
  1.621E-06  2.653E-06  0.000E+00  0.000E+00  5.655E+00  6.283E+00
  2.653E-06  4.342E-06  0.000E+00  0.000E+00  5.655E+00  6.283E+00
  4.342E-06  7.106E-06  0.000E+00  0.000E+00  5.655E+00  6.283E+00
  7.106E-06  1.163E-05  0.000E+00  0.000E+00  5.655E+00  6.283E+00
  1.163E-05  1.904E-05  0.000E+00  0.000E+00  5.655E+00  6.283E+00
  1.904E-05  3.116E-05  0.000E+00  0.000E+00  5.655E+00  6.283E+00
  3.116E-05  5.100E-05  0.000E+00  0.000E+00  5.655E+00  6.283E+00
  5.100E-05  8.347E-05  0.000E+00  0.000E+00  5.655E+00  6.283E+00
  8.347E-05  1.366E-04  0.000E+00  0.000E+00  5.655E+00  6.283E+00
  1.366E-04  2.236E-04  0.000E+00  0.000E+00  5.655E+00  6.283E+00
  2.236E-04  3.660E-04  0.000E+00  0.000E+00  5.655E+00  6.283E+00
  3.660E-04  5.990E-04  0.000E+00  0.000E+00  5.655E+00  6.283E+00
  5.990E-04  9.804E-04  0.000E+00  0.000E+00  5.655E+00  6.283E+00
  9.804E-04  1.605E-03  1.500E-06  6.592E+01  5.655E+00  6.283E+00
  1.605E-03  2.627E-03  4.581E-07  9.698E+01  5.655E+00  6.283E+00
  2.627E-03  4.299E-03  2.799E-07  9.698E+01  5.655E+00  6.283E+00
  4.299E-03  7.036E-03  3.420E-07  6.093E+01  5.655E+00  6.283E+00
  7.036E-03  1.152E-02  1.254E-06  3.061E+01  5.655E+00  6.283E+00
  1.152E-02  1.885E-02  3.064E-06  1.126E+01  5.655E+00  6.283E+00
  1.885E-02  3.085E-02  3.237E-06  7.011E+00  5.655E+00  6.283E+00
  3.085E-02  5.050E-02  4.051E-06  7.635E+00  5.655E+00  6.283E+00
  5.050E-02  8.265E-02  4.324E-06  7.119E+00  5.655E+00  6.283E+00
  8.265E-02  1.353E-01  3.629E-06  4.268E+00  5.655E+00  6.283E+00
  1.353E-01  2.214E-01  2.119E-06  5.324E+00  5.655E+00  6.283E+00
  2.214E-01  3.624E-01  1.192E-06  4.724E+00  5.655E+00  6.283E+00
  3.624E-01  5.931E-01  3.449E-07  8.162E+00  5.655E+00  6.283E+00
  5.931E-01  9.708E-01  1.983E-08  2.304E+01  5.655E+00  6.283E+00
  9.708E-01  1.589E+00  0.000E+00  0.000E+00  5.655E+00  6.283E+00
  1.589E+00  2.601E+00  0.000E+00  0.000E+00  5.655E+00  6.283E+00
  2.601E+00  4.257E+00  0.000E+00  0.000E+00  5.655E+00  6.283E+00
  4.257E+00  6.967E+00  0.000E+00  0.000E+00  5.655E+00  6.283E+00
  6.967E+00  1.140E+01  0.000E+00  0.000E+00  5.655E+00  6.283E+00
  1.140E+01  1.866E+01  0.000E+00  0.000E+00  5.655E+00  6.283E+00
  1.866E+01  3.055E+01  0.000E+00  0.000E+00  5.655E+00  6.283E+00
  3.055E+01  5.000E+01  0.000E+00  0.000E+00  5.655E+00  6.283E+00
  5.000E+01  5.000E+01  0.000E+00  0.000E+00  5.655E+00  6.283E+00

  1.000E-09  1.000E-09  0.000E+00  0.000E+00  6.283E+00  6.283E+00
  1.637E-09  1.637E-09  0.000E+00  0.000E+00  6.283E+00  6.283E+00
  2.679E-09  2.679E-09  0.000E+00  0.000E+00  6.283E+00  6.283E+00
  4.385E-09  4.385E-09  0.000E+00  0.000E+00  6.283E+00  6.283E+00
  7.177E-09  7.177E-09  0.000E+00  0.000E+00  6.283E+00  6.283E+00
  1.175E-08  1.175E-08  0.000E+00  0.000E+00  6.283E+00  6.283E+00
  1.923E-08  1.923E-08  0.000E+00  0.000E+00  6.283E+00  6.283E+00
  3.147E-08  3.147E-08  0.000E+00  0.000E+00  6.283E+00  6.283E+00
  5.150E-08  5.150E-08  0.000E+00  0.000E+00  6.283E+00  6.283E+00
  8.430E-08  8.430E-08  0.000E+00  0.000E+00  6.283E+00  6.283E+00
  1.380E-07  1.380E-07  0.000E+00  0.000E+00  6.283E+00  6.283E+00
  2.258E-07  2.258E-07  0.000E+00  0.000E+00  6.283E+00  6.283E+00
  3.696E-07  3.696E-07  0.000E+00  0.000E+00  6.283E+00  6.283E+00
  6.050E-07  6.050E-07  0.000E+00  0.000E+00  6.283E+00  6.283E+00
  9.902E-07  9.902E-07  0.000E+00  0.000E+00  6.283E+00  6.283E+00
  1.621E-06  1.621E-06  0.000E+00  0.000E+00  6.283E+00  6.283E+00
  2.653E-06  2.653E-06  0.000E+00  0.000E+00  6.283E+00  6.283E+00
  4.342E-06  4.342E-06  0.000E+00  0.000E+00  6.283E+00  6.283E+00
  7.106E-06  7.106E-06  0.000E+00  0.000E+00  6.283E+00  6.283E+00
  1.163E-05  1.163E-05  0.000E+00  0.000E+00  6.283E+00  6.283E+00
  1.904E-05  1.904E-05  0.000E+00  0.000E+00  6.283E+00  6.283E+00
  3.116E-05  3.116E-05  0.000E+00  0.000E+00  6.283E+00  6.283E+00
  5.100E-05  5.100E-05  0.000E+00  0.000E+00  6.283E+00  6.283E+00
  8.347E-05  8.347E-05  0.000E+00  0.000E+00  6.283E+00  6.283E+00
  1.366E-04  1.366E-04  0.000E+00  0.000E+00  6.283E+00  6.283E+00
  2.236E-04  2.236E-04  0.000E+00  0.000E+00  6.283E+00  6.283E+00
  3.660E-04  3.660E-04  0.000E+00  0.000E+00  6.283E+00  6.283E+00
  5.990E-04  5.990E-04  0.000E+00  0.000E+00  6.283E+00  6.283E+00
  9.804E-04  9.804E-04  0.000E+00  0.000E+00  6.283E+00  6.283E+00
  1.605E-03  1.605E-03  0.000E+00  0.000E+00  6.283E+00  6.283E+00
  2.627E-03  2.627E-03  0.000E+00  0.000E+00  6.283E+00  6.283E+00
  4.299E-03  4.299E-03  0.000E+00  0.000E+00  6.283E+00  6.283E+00
  7.036E-03  7.036E-03  0.000E+00  0.000E+00  6.283E+00  6.283E+00
  1.152E-02  1.152E-02  0.000E+00  0.000E+00  6.283E+00  6.283E+00
  1.885E-02  1.885E-02  0.000E+00  0.000E+00  6.283E+00  6.283E+00
  3.085E-02  3.085E-02  0.000E+00  0.000E+00  6.283E+00  6.283E+00
  5.050E-02  5.050E-02  0.000E+00  0.000E+00  6.283E+00  6.283E+00
  8.265E-02  8.265E-02  0.000E+00  0.000E+00  6.283E+00  6.283E+00
  1.353E-01  1.353E-01  0.000E+00  0.000E+00  6.283E+00  6.283E+00
  2.214E-01  2.214E-01  0.000E+00  0.000E+00  6.283E+00  6.283E+00
  3.624E-01  3.624E-01  0.000E+00  0.000E+00  6.283E+00  6.283E+00
  5.931E-01  5.931E-01  0.000E+00  0.000E+00  6.283E+00  6.283E+00
  9.708E-01  9.708E-01  0.000E+00  0.000E+00  6.283E+00  6.283E+00
  1.589E+00  1.589E+00  0.000E+00  0.000E+00  6.283E+00  6.283E+00
  2.601E+00  2.601E+00  0.000E+00  0.000E+00  6.283E+00  6.283E+00
  4.257E+00  4.257E+00  0.000E+00  0.000E+00  6.283E+00  6.283E+00
  6.967E+00  6.967E+00  0.000E+00  0.000E+00  6.283E+00  6.283E+00
  1.140E+01  1.140E+01  0.000E+00  0.000E+00  6.283E+00  6.283E+00
  1.866E+01  1.866E+01  0.000E+00  0.000E+00  6.283E+00  6.283E+00
  3.055E+01  3.055E+01  0.000E+00  0.000E+00  6.283E+00  6.283E+00
  5.000E+01  5.000E+01  0.000E+00  0.000E+00  6.283E+00  6.283E+00
