  **** bestcong_46.bnx ****

  Charged pion fluence inside and around a proton-irradiated Be target            

  Total primaries run:         1500000
   Total weight of the primaries run:   1500000.00    


  Detector n:            1 (           1 )  piFluenUD 
     (Area:            400.000000      cmq,
      distr. scored:         209    ,
      from reg.           3  to            4 ,
      one way scoring,
      fluence scoring scoring)

     Tot. resp. (Part/cmq/pr)  1.4263538E-03  +/-  0.1405320     %
     ( -->      (Part/pr)      0.5705416      +/-  0.1405320     % )

  **** Different. Fluxes as a function of energy **** ****      (integrated over solid angle)        ****


  Energy boundaries (GeV):

   50.00005       30.54858       18.66430       11.40334       6.967113    
   4.256703       2.600722       1.588966      0.9708120      0.5931380    
  0.3623901      0.2214098      0.1352750      8.2649104E-02  5.0496202E-02
  3.0851712E-02  1.8849501E-02  1.1516498E-02  7.0362468E-03  4.2989431E-03
  2.6265297E-03  1.6047333E-03  9.8044542E-04  5.9902371E-04  3.6598611E-04
  2.2360691E-04  1.3661734E-04  8.3469226E-05  5.0997282E-05  3.1157859E-05
  1.9036546E-05  1.1630777E-05  7.1060676E-06  4.3416017E-06  2.6525925E-06
  1.6206570E-06  9.9017450E-07  6.0496785E-07  3.6961782E-07  2.2582576E-07
  1.3797299E-07  8.4297497E-08  5.1503324E-08  3.1467035E-08  1.9225448E-08
  1.1746191E-08  7.1765816E-09  4.3846828E-09  2.6789142E-09  1.6367389E-09
  Lowest boundary   (GeV):  9.9999997E-10

  Flux (Part/GeV/cmq/pr):

  5.7588789E-08 +/-    3.768977     %   1.0995685E-06 +/-    1.072198     % 
  5.4980314E-06 +/-   0.5414886     %   1.8273860E-05 +/-   0.3191749     % 
  4.4776596E-05 +/-   0.2568923     %   9.3411705E-05 +/-   0.3210313     % 
  1.7538597E-04 +/-   0.4658513     %   3.0399565E-04 +/-   0.4242443     % 
  4.9357605E-04 +/-   0.4621573     %   7.2508887E-04 +/-   0.2751359     % 
  8.8302960E-04 +/-   0.2910988     %   8.8112429E-04 +/-   0.8805755     % 
  8.7133562E-04 +/-   0.6771616     %   8.0861337E-04 +/-    2.168053     % 
  6.8528124E-04 +/-    1.080788     %   4.9875490E-04 +/-    1.941198     % 
  3.3931798E-04 +/-    3.270391     %   1.8926746E-04 +/-    5.667710     % 
  1.5456187E-04 +/-    13.54197     %   1.6084631E-04 +/-    20.03061     % 
  1.2972027E-04 +/-    14.10359     %   9.9121571E-05 +/-    18.29733     % 
  1.5845976E-04 +/-    42.97700     %   1.1084294E-04 +/-    31.76725     % 
  4.3269931E-05 +/-    41.40147     %   9.3212038E-05 +/-    76.62434     % 
  2.0150364E-04 +/-    75.34991     %   4.0981759E-04 +/-    75.04117     % 
  1.1951778E-04 +/-    99.00000     %    0.000000     +/-    0.000000     % 
  3.3398136E-04 +/-    99.00000     %    0.000000     +/-    0.000000     % 
   0.000000     +/-    0.000000     %    0.000000     +/-    0.000000     % 
   0.000000     +/-    0.000000     %    0.000000     +/-    0.000000     % 
   0.000000     +/-    0.000000     %    0.000000     +/-    0.000000     % 
   0.000000     +/-    0.000000     %    0.000000     +/-    0.000000     % 
   0.000000     +/-    0.000000     %    0.000000     +/-    0.000000     % 
   0.000000     +/-    0.000000     %    0.000000     +/-    0.000000     % 
   0.000000     +/-    0.000000     %    0.000000     +/-    0.000000     % 
   0.000000     +/-    0.000000     %    0.000000     +/-    0.000000     % 
   0.000000     +/-    0.000000     %    0.000000     +/-    0.000000     % 


  **** Cumulative Fluxes as a function of energy **** ****      (integrated over solid angle)        ****


  Energy boundaries (GeV):

   50.00005       30.54858       18.66430       11.40334       6.967113    
   4.256703       2.600722       1.588966      0.9708120      0.5931380    
  0.3623901      0.2214098      0.1352750      8.2649104E-02  5.0496202E-02
  3.0851712E-02  1.8849501E-02  1.1516498E-02  7.0362468E-03  4.2989431E-03
  2.6265297E-03  1.6047333E-03  9.8044542E-04  5.9902371E-04  3.6598611E-04
  2.2360691E-04  1.3661734E-04  8.3469226E-05  5.0997282E-05  3.1157859E-05
  1.9036546E-05  1.1630777E-05  7.1060676E-06  4.3416017E-06  2.6525925E-06
  1.6206570E-06  9.9017450E-07  6.0496785E-07  3.6961782E-07  2.2582576E-07
  1.3797299E-07  8.4297497E-08  5.1503324E-08  3.1467035E-08  1.9225448E-08
  1.1746191E-08  7.1765816E-09  4.3846828E-09  2.6789142E-09  1.6367389E-09
  Lowest boundary   (GeV):  9.9999997E-10

  Cumul. Flux (Part/cmq/pr):

  1.1201863E-06 +/-    3.768977     %   1.4187773E-05 +/-   0.8165953     % 
  5.4108714E-05 +/-   0.1995078     %   1.3517577E-04 +/-   0.2250997     % 
  2.5653868E-04 +/-   0.1753049     %   4.1122668E-04 +/-   0.1785285     % 
  5.8867456E-04 +/-   0.2518989     %   7.7659066E-04 +/-   0.1576587     % 
  9.6300145E-04 +/-   0.1545768     %   1.1303142E-03 +/-   0.1445732     % 
  1.2548040E-03 +/-   0.1366560     %   1.3306995E-03 +/-   0.1505086     % 
  1.3765543E-03 +/-   0.1498365     %   1.4025535E-03 +/-   0.1429764     % 
  1.4160156E-03 +/-   0.1382616     %   1.4220017E-03 +/-   0.1359616     % 
  1.4244900E-03 +/-   0.1359513     %   1.4253379E-03 +/-   0.1389154     % 
  1.4257610E-03 +/-   0.1397094     %   1.4260300E-03 +/-   0.1380854     % 
  1.4261625E-03 +/-   0.1381186     %   1.4262245E-03 +/-   0.1385469     % 
  1.4262849E-03 +/-   0.1389786     %   1.4263107E-03 +/-   0.1393573     % 
  1.4263169E-03 +/-   0.1394013     %   1.4263249E-03 +/-   0.1397226     % 
  1.4263357E-03 +/-   0.1401422     %   1.4263490E-03 +/-   0.1404871     % 
  1.4263514E-03 +/-   0.1406015     %   1.4263514E-03 +/-   0.1406015     % 
  1.4263538E-03 +/-   0.1405320     %   1.4263538E-03 +/-   0.1405320     % 
  1.4263538E-03 +/-   0.1405320     %   1.4263538E-03 +/-   0.1405320     % 
  1.4263538E-03 +/-   0.1405320     %   1.4263538E-03 +/-   0.1405320     % 
  1.4263538E-03 +/-   0.1405320     %   1.4263538E-03 +/-   0.1405320     % 
  1.4263538E-03 +/-   0.1405320     %   1.4263538E-03 +/-   0.1405320     % 
  1.4263538E-03 +/-   0.1405320     %   1.4263538E-03 +/-   0.1405320     % 
  1.4263538E-03 +/-   0.1405320     %   1.4263538E-03 +/-   0.1405320     % 
  1.4263538E-03 +/-   0.1405320     %   1.4263538E-03 +/-   0.1405320     % 
  1.4263538E-03 +/-   0.1405320     %   1.4263538E-03 +/-   0.1405320     % 
  1.4263538E-03 +/-   0.1405320     %   1.4263538E-03 +/-   0.1405320     % 

  **** Double diff. Fluxes as a function of energy ****


  Solid angle minimum value (sr):   0.000000    

  Solid angle upper boundaries (sr):

  0.6283185       1.256637       1.884956       2.513274       3.141593    
   3.769911       4.398230       5.026548       5.654867       6.283185    

  Angular minimum value (deg.):   0.000000    

  Angular upper boundaries (deg.):

   25.84193       36.86990       45.57299       53.13010       60.00000    
   66.42182       72.54240       78.46304       84.26083       90.00000    


  Energy interval (GeV):   50.00005       30.54858    

  Flux (Part/sr/GeV/cmq/pr):

  9.1655401E-08 +/-    3.768977     %    0.000000     +/-    0.000000     % 
   0.000000     +/-    0.000000     %    0.000000     +/-    0.000000     % 
   0.000000     +/-    0.000000     %    0.000000     +/-    0.000000     % 
   0.000000     +/-    0.000000     %    0.000000     +/-    0.000000     % 
   0.000000     +/-    0.000000     %    0.000000     +/-    0.000000     % 

  Flux (Part/deg/GeV/cmq/pr):

  2.2285016E-09 +/-    3.768977     %    0.000000     +/-    0.000000     % 
   0.000000     +/-    0.000000     %    0.000000     +/-    0.000000     % 
   0.000000     +/-    0.000000     %    0.000000     +/-    0.000000     % 
   0.000000     +/-    0.000000     %    0.000000     +/-    0.000000     % 
   0.000000     +/-    0.000000     %    0.000000     +/-    0.000000     % 

  Energy interval (GeV):   30.54858       18.66430    

  Flux (Part/sr/GeV/cmq/pr):

  1.7500176E-06 +/-    1.072198     %    0.000000     +/-    0.000000     % 
   0.000000     +/-    0.000000     %    0.000000     +/-    0.000000     % 
   0.000000     +/-    0.000000     %    0.000000     +/-    0.000000     % 
   0.000000     +/-    0.000000     %    0.000000     +/-    0.000000     % 
   0.000000     +/-    0.000000     %    0.000000     +/-    0.000000     % 

  Flux (Part/deg/GeV/cmq/pr):

  4.2549779E-08 +/-    1.072198     %    0.000000     +/-    0.000000     % 
   0.000000     +/-    0.000000     %    0.000000     +/-    0.000000     % 
   0.000000     +/-    0.000000     %    0.000000     +/-    0.000000     % 
   0.000000     +/-    0.000000     %    0.000000     +/-    0.000000     % 
   0.000000     +/-    0.000000     %    0.000000     +/-    0.000000     % 

  Energy interval (GeV):   18.66430       11.40334    

  Flux (Part/sr/GeV/cmq/pr):

  8.7503886E-06 +/-   0.5414886     %    0.000000     +/-    0.000000     % 
   0.000000     +/-    0.000000     %    0.000000     +/-    0.000000     % 
   0.000000     +/-    0.000000     %    0.000000     +/-    0.000000     % 
   0.000000     +/-    0.000000     %    0.000000     +/-    0.000000     % 
   0.000000     +/-    0.000000     %    0.000000     +/-    0.000000     % 

  Flux (Part/deg/GeV/cmq/pr):

  2.1275619E-07 +/-   0.5414886     %    0.000000     +/-    0.000000     % 
   0.000000     +/-    0.000000     %    0.000000     +/-    0.000000     % 
   0.000000     +/-    0.000000     %    0.000000     +/-    0.000000     % 
   0.000000     +/-    0.000000     %    0.000000     +/-    0.000000     % 
   0.000000     +/-    0.000000     %    0.000000     +/-    0.000000     % 

  Energy interval (GeV):   11.40334       6.967113    

  Flux (Part/sr/GeV/cmq/pr):

  2.9083751E-05 +/-   0.3191749     %    0.000000     +/-    0.000000     % 
   0.000000     +/-    0.000000     %    0.000000     +/-    0.000000     % 
   0.000000     +/-    0.000000     %    0.000000     +/-    0.000000     % 
   0.000000     +/-    0.000000     %    0.000000     +/-    0.000000     % 
   0.000000     +/-    0.000000     %    0.000000     +/-    0.000000     % 

  Flux (Part/deg/GeV/cmq/pr):

  7.0713986E-07 +/-   0.3191749     %    0.000000     +/-    0.000000     % 
   0.000000     +/-    0.000000     %    0.000000     +/-    0.000000     % 
   0.000000     +/-    0.000000     %    0.000000     +/-    0.000000     % 
   0.000000     +/-    0.000000     %    0.000000     +/-    0.000000     % 
   0.000000     +/-    0.000000     %    0.000000     +/-    0.000000     % 

  Energy interval (GeV):   6.967113       4.256703    

  Flux (Part/sr/GeV/cmq/pr):

  7.1264163E-05 +/-   0.2568923     %    0.000000     +/-    0.000000     % 
   0.000000     +/-    0.000000     %    0.000000     +/-    0.000000     % 
   0.000000     +/-    0.000000     %    0.000000     +/-    0.000000     % 
   0.000000     +/-    0.000000     %    0.000000     +/-    0.000000     % 
   0.000000     +/-    0.000000     %    0.000000     +/-    0.000000     % 

  Flux (Part/deg/GeV/cmq/pr):

  1.7327109E-06 +/-   0.2568923     %    0.000000     +/-    0.000000     % 
   0.000000     +/-    0.000000     %    0.000000     +/-    0.000000     % 
   0.000000     +/-    0.000000     %    0.000000     +/-    0.000000     % 
   0.000000     +/-    0.000000     %    0.000000     +/-    0.000000     % 
   0.000000     +/-    0.000000     %    0.000000     +/-    0.000000     % 

  Energy interval (GeV):   4.256703       2.600722    

  Flux (Part/sr/GeV/cmq/pr):

  1.4844281E-04 +/-   0.3282690     %   2.2245990E-07 +/-    6.230563     % 
  4.0789994E-09 +/-    61.23947     %    0.000000     +/-    0.000000     % 
   0.000000     +/-    0.000000     %    0.000000     +/-    0.000000     % 
   0.000000     +/-    0.000000     %    0.000000     +/-    0.000000     % 
   0.000000     +/-    0.000000     %    0.000000     +/-    0.000000     % 

  Flux (Part/deg/GeV/cmq/pr):

  3.6092258E-06 +/-   0.3282690     %   1.2674658E-08 +/-    6.230563     % 
  2.9448258E-10 +/-    61.23947     %    0.000000     +/-    0.000000     % 
   0.000000     +/-    0.000000     %    0.000000     +/-    0.000000     % 
   0.000000     +/-    0.000000     %    0.000000     +/-    0.000000     % 
   0.000000     +/-    0.000000     %    0.000000     +/-    0.000000     % 

  Energy interval (GeV):   2.600722       1.588966    

  Flux (Part/sr/GeV/cmq/pr):

  2.7271334E-04 +/-   0.4707836     %   5.8064184E-06 +/-    1.267039     % 
  5.3826528E-07 +/-    11.09536     %   7.2802393E-08 +/-    19.69857     % 
  4.5877218E-09 +/-    99.00000     %    0.000000     +/-    0.000000     % 
   0.000000     +/-    0.000000     %    0.000000     +/-    0.000000     % 
   0.000000     +/-    0.000000     %    0.000000     +/-    0.000000     % 

  Flux (Part/deg/GeV/cmq/pr):

  6.6307293E-06 +/-   0.4707836     %   3.3082082E-07 +/-    1.267039     % 
  3.8859959E-08 +/-    11.09536     %   6.0529914E-09 +/-    19.69857     % 
  4.1959156E-10 +/-    99.00000     %    0.000000     +/-    0.000000     % 
   0.000000     +/-    0.000000     %    0.000000     +/-    0.000000     % 
   0.000000     +/-    0.000000     %    0.000000     +/-    0.000000     % 

  Energy interval (GeV):   1.588966      0.9708120    

  Flux (Part/sr/GeV/cmq/pr):

  4.2387212E-04 +/-   0.4576455     %   4.6406101E-05 +/-   0.7031921     % 
  9.5780852E-06 +/-    3.353425     %   2.7074548E-06 +/-    2.272014     % 
  8.5441485E-07 +/-    12.73643     %   3.3786927E-07 +/-    11.74672     % 
  6.8066079E-08 +/-    17.66049     %    0.000000     +/-    0.000000     % 
   0.000000     +/-    0.000000     %    0.000000     +/-    0.000000     % 

  Flux (Part/deg/GeV/cmq/pr):

  1.0305990E-05 +/-   0.4576455     %   2.6439889E-06 +/-   0.7031921     % 
  6.9148803E-07 +/-    3.353425     %   2.2510524E-07 +/-    2.272014     % 
  7.8144502E-08 +/-    12.73643     %   3.3057518E-08 +/-    11.74672     % 
  6.9874444E-09 +/-    17.66049     %    0.000000     +/-    0.000000     % 
   0.000000     +/-    0.000000     %    0.000000     +/-    0.000000     % 

  Energy interval (GeV):  0.9708120      0.5931380    

  Flux (Part/sr/GeV/cmq/pr):

  5.3144339E-04 +/-   0.6248884     %   1.5363339E-04 +/-   0.6596951     % 
  5.5353332E-05 +/-    1.063668     %   2.3480037E-05 +/-    3.056929     % 
  1.1603385E-05 +/-    1.882840     %   5.3249209E-06 +/-    4.712835     % 
  2.6145162E-06 +/-    6.545954     %   1.3112880E-06 +/-    11.71882     % 
  5.6719523E-07 +/-    71.39312     %   2.1920579E-07 +/-    61.43680     % 

  Flux (Part/deg/GeV/cmq/pr):

  1.2921470E-05 +/-   0.6248884     %   8.7532653E-06 +/-   0.6596951     % 
  3.9962233E-06 +/-    1.063668     %   1.9521949E-06 +/-    3.056929     % 
  1.0612418E-06 +/-    1.882840     %   5.2099642E-07 +/-    4.712835     % 
  2.6839783E-07 +/-    6.545954     %   1.3915829E-07 +/-    11.71882     % 
  6.1468157E-08 +/-    71.39312     %   2.3998426E-08 +/-    61.43680     % 

  Energy interval (GeV):  0.5931380      0.3623901    

  Flux (Part/sr/GeV/cmq/pr):

  5.3119368E-04 +/-   0.3043224     %   2.7372237E-04 +/-   0.7692176     % 
  1.4259080E-04 +/-   0.9712531     %   8.0567268E-05 +/-    1.088152     % 
  4.9815942E-05 +/-    1.908903     %   3.0153720E-05 +/-    1.091084     % 
  1.9836583E-05 +/-    6.431579     %   1.2013618E-05 +/-    6.089787     % 
  9.3958824E-06 +/-    9.618074     %   4.7249046E-06 +/-    27.72818     % 

  Flux (Part/deg/GeV/cmq/pr):

  1.2915398E-05 +/-   0.3043224     %   1.5595338E-05 +/-   0.7692176     % 
  1.0294316E-05 +/-   0.9712531     %   6.6985840E-06 +/-    1.088152     % 
  4.5561501E-06 +/-    1.908903     %   2.9502748E-06 +/-    1.091084     % 
  2.0363598E-06 +/-    6.431579     %   1.2749256E-06 +/-    6.089787     % 
  1.0182517E-06 +/-    9.618074     %   5.1727778E-07 +/-    27.72818     % 

  Energy interval (GeV):  0.3623901      0.2214098    

  Flux (Part/sr/GeV/cmq/pr):

  4.2994012E-04 +/-   0.3616593     %   3.1504544E-04 +/-   0.8474606     % 
  2.1310456E-04 +/-   0.7665426     %   1.4388014E-04 +/-    1.115803     % 
  9.8886725E-05 +/-    1.946780     %   6.9179456E-05 +/-    2.237756     % 
  5.0879458E-05 +/-    3.201930     %   3.8243630E-05 +/-    2.854046     % 
  2.8682589E-05 +/-    3.934933     %   1.7543152E-05 +/-    6.015088     % 

  Flux (Part/deg/GeV/cmq/pr):

  1.0453527E-05 +/-   0.3616593     %   1.7949722E-05 +/-   0.8474606     % 
  1.5385043E-05 +/-   0.7665426     %   1.1962591E-05 +/-    1.115803     % 
  9.0441481E-06 +/-    1.946780     %   6.7685974E-06 +/-    2.237756     % 
  5.2231212E-06 +/-    3.201930     %   4.0585423E-06 +/-    2.854046     % 
  3.1083932E-06 +/-    3.934933     %   1.9206066E-06 +/-    6.015088     % 

  Energy interval (GeV):  0.2214098      0.1352750    

  Flux (Part/sr/GeV/cmq/pr):

  2.9916331E-04 +/-   0.8238667     %   2.6172868E-04 +/-   0.8974768     % 
  2.0997509E-04 +/-   0.7953035     %   1.6396340E-04 +/-    1.730299     % 
  1.2786042E-04 +/-    2.951492     %   1.0184706E-04 +/-    2.292398     % 
  7.7305580E-05 +/-    3.985498     %   6.2055922E-05 +/-    3.991678     % 
  5.7383146E-05 +/-    6.648481     %   4.1070183E-05 +/-    5.121827     % 

  Flux (Part/deg/GeV/cmq/pr):

  7.2738312E-06 +/-   0.8238667     %   1.4911998E-05 +/-   0.8974768     % 
  1.5159111E-05 +/-   0.7953035     %   1.3632368E-05 +/-    1.730299     % 
  1.1694072E-05 +/-    2.951492     %   9.9648341E-06 +/-    2.292398     % 
  7.9359424E-06 +/-    3.985498     %   6.5855829E-06 +/-    3.991678     % 
  6.2187332E-06 +/-    6.648481     %   4.4963217E-06 +/-    5.121827     % 

  Energy interval (GeV):  0.1352750      8.2649104E-02

  Flux (Part/sr/GeV/cmq/pr):

  2.0807885E-04 +/-    1.063144     %   2.0768991E-04 +/-    1.620695     % 
  1.8296659E-04 +/-    2.115598     %   1.6063225E-04 +/-    1.424775     % 
  1.4045180E-04 +/-    3.130600     %   1.1372315E-04 +/-    3.126458     % 
  1.0410774E-04 +/-    3.824440     %   1.0114149E-04 +/-    2.700783     % 
  7.9960337E-05 +/-    6.587104     %   8.8021530E-05 +/-    14.92417     % 

  Flux (Part/deg/GeV/cmq/pr):

  5.0592116E-06 +/-    1.063144     %   1.1833138E-05 +/-    1.620695     % 
  1.3209237E-05 +/-    2.115598     %   1.3355407E-05 +/-    1.424775     % 
  1.2845676E-05 +/-    3.130600     %   1.1126805E-05 +/-    3.126458     % 
  1.0687365E-05 +/-    3.824440     %   1.0733474E-05 +/-    2.700783     % 
  8.6654709E-06 +/-    6.587104     %   9.6365084E-06 +/-    14.92417     % 

  Energy interval (GeV):  8.2649104E-02  5.0496202E-02

  Flux (Part/sr/GeV/cmq/pr):

  1.7181756E-04 +/-    1.786750     %   1.7142115E-04 +/-    1.812041     % 
  1.5879040E-04 +/-    1.914315     %   1.4307087E-04 +/-    4.157077     % 
  1.2293816E-04 +/-    3.338193     %   1.1642389E-04 +/-    2.074477     % 
  1.0373702E-04 +/-    4.514529     %   1.0576023E-04 +/-    3.004492     % 
  1.0747776E-04 +/-    7.793633     %   8.5511056E-05 +/-    24.51600     % 

  Flux (Part/deg/GeV/cmq/pr):

  4.1775575E-06 +/-    1.786750     %   9.7667244E-06 +/-    1.812041     % 
  1.1463842E-05 +/-    1.914315     %   1.1895305E-05 +/-    4.157077     % 
  1.1243884E-05 +/-    3.338193     %   1.1391046E-05 +/-    2.074477     % 
  1.0649309E-05 +/-    4.514529     %   1.1223631E-05 +/-    3.004492     % 
  1.1647593E-05 +/-    7.793633     %   9.3616636E-06 +/-    24.51600     % 

  Energy interval (GeV):  5.0496202E-02  3.0851712E-02

  Flux (Part/sr/GeV/cmq/pr):

  1.3458445E-04 +/-    4.977270     %   1.3746996E-04 +/-    2.622200     % 
  1.3018437E-04 +/-    2.379829     %   1.2175407E-04 +/-    2.909406     % 
  1.1196898E-04 +/-    4.886955     %   1.0770531E-04 +/-    7.056280     % 
  8.9493427E-05 +/-    7.882222     %   1.0377729E-04 +/-    2.585231     % 
  8.3343213E-05 +/-    10.86569     %   7.0377821E-05 +/-    23.30868     % 

  Flux (Part/deg/GeV/cmq/pr):

  3.2722751E-06 +/-    4.977270     %   7.8323546E-06 +/-    2.622200     % 
  9.3986364E-06 +/-    2.379829     %   1.0122968E-05 +/-    2.909406     % 
  1.0240647E-05 +/-    4.886955     %   1.0538011E-05 +/-    7.056280     % 
  9.1871070E-06 +/-    7.882222     %   1.1013195E-05 +/-    2.585231     % 
  9.0320809E-06 +/-    10.86569     %   7.7048926E-06 +/-    23.30868     % 

  Energy interval (GeV):  3.0851712E-02  1.8849501E-02

  Flux (Part/sr/GeV/cmq/pr):

  9.6662247E-05 +/-    5.635940     %   9.9209654E-05 +/-    6.265682     % 
  8.3568011E-05 +/-    4.362756     %   8.1699247E-05 +/-    3.305077     % 
  8.1535880E-05 +/-    12.15861     %   7.6886055E-05 +/-    5.177274     % 
  8.3940293E-05 +/-    7.427438     %   8.2832601E-05 +/-    14.67298     % 
  5.9425252E-05 +/-    20.05849     %   4.8033849E-05 +/-    28.77027     % 

  Flux (Part/deg/GeV/cmq/pr):

  2.3502378E-06 +/-    5.635940     %   5.6524723E-06 +/-    6.265682     % 
  6.0331768E-06 +/-    4.362756     %   6.7927003E-06 +/-    3.305077     % 
  7.4572454E-06 +/-    12.15861     %   7.5226208E-06 +/-    5.177274     % 
  8.6170403E-06 +/-    7.427438     %   8.7904746E-06 +/-    14.67298     % 
  6.4400406E-06 +/-    20.05849     %   5.2586970E-06 +/-    28.77027     % 

  Energy interval (GeV):  1.8849501E-02  1.1516498E-02

  Flux (Part/sr/GeV/cmq/pr):

  5.0358558E-05 +/-    13.67927     %   5.5303190E-05 +/-    10.02092     % 
  5.8458274E-05 +/-    10.12934     %   6.1475970E-05 +/-    2.189155     % 
  6.4287655E-05 +/-    7.158430     %   4.9577124E-05 +/-    4.642037     % 
  6.2693733E-05 +/-    5.459995     %   4.6188063E-05 +/-    16.21845     % 
  3.9121875E-05 +/-    16.71438     %   5.2576856E-05 +/-    44.17351     % 

  Flux (Part/deg/GeV/cmq/pr):

  1.2244137E-06 +/-    13.67927     %   3.1509005E-06 +/-    10.02092     % 
  4.2203837E-06 +/-    10.12934     %   5.1112816E-06 +/-    2.189155     % 
  5.8797277E-06 +/-    7.158430     %   4.8506827E-06 +/-    4.642037     % 
  6.4359369E-06 +/-    5.459995     %   4.9016326E-06 +/-    16.21845     % 
  4.2397210E-06 +/-    16.71438     %   5.7560610E-06 +/-    44.17351     % 

  Energy interval (GeV):  1.1516498E-02  7.0362468E-03

  Flux (Part/sr/GeV/cmq/pr):

  3.0383013E-05 +/-    9.195571     %   4.4574732E-05 +/-    13.96890     % 
  3.0099101E-05 +/-    10.74889     %   2.9765049E-05 +/-    16.85702     % 
  3.4158074E-05 +/-    18.17652     %   3.7468788E-05 +/-    12.15702     % 
  3.3162436E-05 +/-    24.40831     %   2.1066237E-05 +/-    32.30329     % 
  3.4272467E-05 +/-    29.54999     %   6.2786071E-06 +/-    99.00000     % 

  Flux (Part/deg/GeV/cmq/pr):

  7.3873002E-07 +/-    9.195571     %   2.5396464E-06 +/-    13.96890     % 
  2.1729988E-06 +/-    10.74889     %   2.4747480E-06 +/-    16.85702     % 
  3.1240866E-06 +/-    18.17652     %   3.6659894E-06 +/-    12.15702     % 
  3.4043489E-06 +/-    24.40831     %   2.2356198E-06 +/-    32.30329     % 
  3.7141801E-06 +/-    29.54999     %   6.8737552E-07 +/-    99.00000     % 

  Energy interval (GeV):  7.0362468E-03  4.2989431E-03

  Flux (Part/sr/GeV/cmq/pr):

  1.4202576E-05 +/-    30.60457     %   2.5055240E-05 +/-    31.66606     % 
  2.8655055E-05 +/-    18.37529     %   2.2648506E-05 +/-    10.24197     % 
  3.4971847E-05 +/-    18.49821     %   1.4836784E-05 +/-    36.50048     % 
  2.7786789E-05 +/-    37.16767     %   2.0809004E-05 +/-    31.81049     % 
  2.8277605E-05 +/-    73.66470     %   2.8749442E-05 +/-    99.00000     % 

  Flux (Part/deg/GeV/cmq/pr):

  3.4532022E-07 +/-    30.60457     %   1.4275230E-06 +/-    31.66606     % 
  2.0687462E-06 +/-    18.37529     %   1.8830591E-06 +/-    10.24197     % 
  3.1985137E-06 +/-    18.49821     %   1.4516480E-06 +/-    36.50048     % 
  2.8525023E-06 +/-    37.16767     %   2.2083216E-06 +/-    31.81049     % 
  3.0645042E-06 +/-    73.66470     %   3.1474597E-06 +/-    99.00000     % 

  Energy interval (GeV):  4.2989431E-03  2.6265297E-03

  Flux (Part/sr/GeV/cmq/pr):

  2.6895616E-05 +/-    11.52532     %   2.2316073E-05 +/-    44.88443     % 
  1.4780222E-05 +/-    37.01295     %   7.3847191E-06 +/-    40.89522     % 
  1.4045193E-05 +/-    33.14372     %   3.1204454E-05 +/-    33.09657     % 
  4.0364954E-05 +/-    53.86176     %   2.2996192E-05 +/-    61.43883     % 
  3.0267745E-05 +/-    69.66426     %   4.5739660E-05 +/-    62.34416     % 

  Flux (Part/deg/GeV/cmq/pr):

  6.5393772E-07 +/-    11.52532     %   1.2714588E-06 +/-    44.88443     % 
  1.0670553E-06 +/-    37.01295     %   6.1398589E-07 +/-    40.89522     % 
  1.2845688E-06 +/-    33.14372     %   3.0530796E-06 +/-    33.09657     % 
  4.1437365E-06 +/-    53.86176     %   2.4404330E-06 +/-    61.43883     % 
  3.2801797E-06 +/-    69.66426     %   5.0075319E-06 +/-    62.34416     % 

  Energy interval (GeV):  2.6265297E-03  1.6047333E-03

  Flux (Part/sr/GeV/cmq/pr):

  2.1743721E-05 +/-    25.02414     %   2.4022231E-05 +/-    31.99415     % 
  1.4021211E-05 +/-    61.24468     %   2.3704382E-05 +/-    31.36426     % 
  3.6746551E-05 +/-    32.03951     %   1.2525985E-05 +/-    61.24310     % 
  2.2312341E-05 +/-    67.57146     %   3.4028100E-05 +/-    42.25355     % 
  1.7351686E-05 +/-    99.00000     %    0.000000     +/-    0.000000     % 

  Flux (Part/deg/GeV/cmq/pr):

  5.2867500E-07 +/-    25.02414     %   1.3686671E-06 +/-    31.99415     % 
  1.0122586E-06 +/-    61.24468     %   1.9708475E-06 +/-    31.36426     % 
  3.3608276E-06 +/-    32.03951     %   1.2255568E-06 +/-    61.24310     % 
  2.2905131E-06 +/-    67.57146     %   3.6111765E-06 +/-    42.25355     % 
  1.8804390E-06 +/-    99.00000     %    0.000000     +/-    0.000000     % 

  Energy interval (GeV):  1.6047333E-03  9.8044542E-04

  Flux (Part/sr/GeV/cmq/pr):

  1.7729413E-05 +/-    45.88232     %   2.0020716E-05 +/-    48.42990     % 
  1.6739958E-05 +/-    99.00000     %   1.9290826E-05 +/-    40.82581     % 
  7.4224358E-06 +/-    99.00000     %   1.9166977E-05 +/-    61.32327     % 
  2.5676880E-05 +/-    99.00000     %   3.1709667E-05 +/-    61.34784     % 
   0.000000     +/-    0.000000     %    0.000000     +/-    0.000000     % 

  Flux (Part/deg/GeV/cmq/pr):

  4.3107147E-07 +/-    45.88232     %   1.1406808E-06 +/-    48.42990     % 
  1.2085380E-06 +/-    99.00000     %   1.6038924E-06 +/-    40.82581     % 
  6.7885355E-07 +/-    99.00000     %   1.8753192E-06 +/-    61.32327     % 
  2.6359060E-06 +/-    99.00000     %   3.3651365E-06 +/-    61.34784     % 
   0.000000     +/-    0.000000     %    0.000000     +/-    0.000000     % 

  Energy interval (GeV):  9.8044542E-04  5.9902371E-04

  Flux (Part/sr/GeV/cmq/pr):

  2.2524891E-05 +/-    66.16990     %   1.6551538E-05 +/-    61.30260     % 
  1.8407447E-05 +/-    61.30458     %   3.1432810E-05 +/-    40.87718     % 
  1.3349100E-05 +/-    99.00000     %   1.3911706E-05 +/-    99.00000     % 
  2.0750889E-05 +/-    99.00000     %   2.9897225E-05 +/-    99.00000     % 
   0.000000     +/-    0.000000     %   8.5370928E-05 +/-    99.00000     % 

  Flux (Part/deg/GeV/cmq/pr):

  5.4766826E-07 +/-    66.16990     %   9.4302430E-07 +/-    61.30260     % 
  1.3289222E-06 +/-    61.30458     %   2.6134103E-06 +/-    40.87718     % 
  1.2209044E-06 +/-    99.00000     %   1.3611374E-06 +/-    99.00000     % 
  2.1302194E-06 +/-    99.00000     %   3.1727939E-06 +/-    99.00000     % 
   0.000000     +/-    0.000000     %   9.3463223E-06 +/-    99.00000     % 

  Energy interval (GeV):  5.9902371E-04  3.6598611E-04

  Flux (Part/sr/GeV/cmq/pr):

   0.000000     +/-    0.000000     %   5.3138989E-05 +/-    46.96145     % 
  2.9168246E-05 +/-    99.00000     %   1.7781500E-05 +/-    99.00000     % 
  2.0786325E-05 +/-    99.00000     %   2.5401550E-05 +/-    99.00000     % 
  3.0135401E-05 +/-    99.00000     %    0.000000     +/-    0.000000     % 
   0.000000     +/-    0.000000     %    0.000000     +/-    0.000000     % 

  Flux (Part/deg/GeV/cmq/pr):

   0.000000     +/-    0.000000     %   3.0275953E-06 +/-    46.96145     % 
  2.1057958E-06 +/-    99.00000     %   1.4784029E-06 +/-    99.00000     % 
  1.9011105E-06 +/-    99.00000     %   2.4853168E-06 +/-    99.00000     % 
  3.0936033E-06 +/-    99.00000     %    0.000000     +/-    0.000000     % 
   0.000000     +/-    0.000000     %    0.000000     +/-    0.000000     % 

  Energy interval (GeV):  3.6598611E-04  2.2360691E-04

  Flux (Part/sr/GeV/cmq/pr):

  1.9652307E-05 +/-    99.00000     %    0.000000     +/-    0.000000     % 
  4.9213922E-05 +/-    61.30564     %    0.000000     +/-    0.000000     % 
   0.000000     +/-    0.000000     %    0.000000     +/-    0.000000     % 
   0.000000     +/-    0.000000     %    0.000000     +/-    0.000000     % 
   0.000000     +/-    0.000000     %    0.000000     +/-    0.000000     % 

  Flux (Part/deg/GeV/cmq/pr):

  4.7782453E-07 +/-    99.00000     %    0.000000     +/-    0.000000     % 
  3.5529897E-06 +/-    61.30564     %    0.000000     +/-    0.000000     % 
   0.000000     +/-    0.000000     %    0.000000     +/-    0.000000     % 
   0.000000     +/-    0.000000     %    0.000000     +/-    0.000000     % 
   0.000000     +/-    0.000000     %    0.000000     +/-    0.000000     % 

  Energy interval (GeV):  2.2360691E-04  1.3661734E-04

  Flux (Part/sr/GeV/cmq/pr):

  3.0962026E-05 +/-    99.00000     %   3.5593224E-05 +/-    99.00000     % 
   0.000000     +/-    0.000000     %    0.000000     +/-    0.000000     % 
   0.000000     +/-    0.000000     %    0.000000     +/-    0.000000     % 
  8.1796315E-05 +/-    99.00000     %    0.000000     +/-    0.000000     % 
   0.000000     +/-    0.000000     %    0.000000     +/-    0.000000     % 

  Flux (Part/deg/GeV/cmq/pr):

  7.5280809E-07 +/-    99.00000     %   2.0279249E-06 +/-    99.00000     % 
   0.000000     +/-    0.000000     %    0.000000     +/-    0.000000     % 
   0.000000     +/-    0.000000     %    0.000000     +/-    0.000000     % 
  8.3969462E-06 +/-    99.00000     %    0.000000     +/-    0.000000     % 
   0.000000     +/-    0.000000     %    0.000000     +/-    0.000000     % 

  Energy interval (GeV):  1.3661734E-04  8.3469226E-05

  Flux (Part/sr/GeV/cmq/pr):

   0.000000     +/-    0.000000     %    0.000000     +/-    0.000000     % 
   0.000000     +/-    0.000000     %   7.1299750E-05 +/-    99.00000     % 
   0.000000     +/-    0.000000     %    0.000000     +/-    0.000000     % 
   0.000000     +/-    0.000000     %   2.4940324E-04 +/-    99.00000     % 
   0.000000     +/-    0.000000     %    0.000000     +/-    0.000000     % 

  Flux (Part/deg/GeV/cmq/pr):

   0.000000     +/-    0.000000     %    0.000000     +/-    0.000000     % 
   0.000000     +/-    0.000000     %   5.9280574E-06 +/-    99.00000     % 
   0.000000     +/-    0.000000     %    0.000000     +/-    0.000000     % 
   0.000000     +/-    0.000000     %   2.6467511E-05 +/-    99.00000     % 
   0.000000     +/-    0.000000     %    0.000000     +/-    0.000000     % 

  Energy interval (GeV):  8.3469226E-05  5.0997282E-05

  Flux (Part/sr/GeV/cmq/pr):

   0.000000     +/-    0.000000     %   2.9013969E-04 +/-    99.00000     % 
   0.000000     +/-    0.000000     %    0.000000     +/-    0.000000     % 
  1.4720384E-04 +/-    99.00000     %    0.000000     +/-    0.000000     % 
  2.1490140E-04 +/-    99.00000     %    0.000000     +/-    0.000000     % 
   0.000000     +/-    0.000000     %    0.000000     +/-    0.000000     % 

  Flux (Part/deg/GeV/cmq/pr):

   0.000000     +/-    0.000000     %   1.6530716E-05 +/-    99.00000     % 
   0.000000     +/-    0.000000     %    0.000000     +/-    0.000000     % 
  1.3463216E-05 +/-    99.00000     %    0.000000     +/-    0.000000     % 
  2.2061085E-05 +/-    99.00000     %    0.000000     +/-    0.000000     % 
   0.000000     +/-    0.000000     %    0.000000     +/-    0.000000     % 

  Energy interval (GeV):  5.0997282E-05  3.1157859E-05

  Flux (Part/sr/GeV/cmq/pr):

   0.000000     +/-    0.000000     %    0.000000     +/-    0.000000     % 
  1.9021846E-04 +/-    99.00000     %    0.000000     +/-    0.000000     % 
   0.000000     +/-    0.000000     %    0.000000     +/-    0.000000     % 
   0.000000     +/-    0.000000     %    0.000000     +/-    0.000000     % 
   0.000000     +/-    0.000000     %    0.000000     +/-    0.000000     % 

  Flux (Part/deg/GeV/cmq/pr):

   0.000000     +/-    0.000000     %    0.000000     +/-    0.000000     % 
  1.3732785E-05 +/-    99.00000     %    0.000000     +/-    0.000000     % 
   0.000000     +/-    0.000000     %    0.000000     +/-    0.000000     % 
   0.000000     +/-    0.000000     %    0.000000     +/-    0.000000     % 
   0.000000     +/-    0.000000     %    0.000000     +/-    0.000000     % 

  Energy interval (GeV):  3.1157859E-05  1.9036546E-05

  Flux (Part/sr/GeV/cmq/pr):

   0.000000     +/-    0.000000     %    0.000000     +/-    0.000000     % 
   0.000000     +/-    0.000000     %    0.000000     +/-    0.000000     % 
   0.000000     +/-    0.000000     %    0.000000     +/-    0.000000     % 
   0.000000     +/-    0.000000     %    0.000000     +/-    0.000000     % 
   0.000000     +/-    0.000000     %    0.000000     +/-    0.000000     % 

  Flux (Part/deg/GeV/cmq/pr):

   0.000000     +/-    0.000000     %    0.000000     +/-    0.000000     % 
   0.000000     +/-    0.000000     %    0.000000     +/-    0.000000     % 
   0.000000     +/-    0.000000     %    0.000000     +/-    0.000000     % 
   0.000000     +/-    0.000000     %    0.000000     +/-    0.000000     % 
   0.000000     +/-    0.000000     %    0.000000     +/-    0.000000     % 

  Energy interval (GeV):  1.9036546E-05  1.1630777E-05

  Flux (Part/sr/GeV/cmq/pr):

   0.000000     +/-    0.000000     %    0.000000     +/-    0.000000     % 
   0.000000     +/-    0.000000     %   5.3154782E-04 +/-    99.00000     % 
   0.000000     +/-    0.000000     %    0.000000     +/-    0.000000     % 
   0.000000     +/-    0.000000     %    0.000000     +/-    0.000000     % 
   0.000000     +/-    0.000000     %    0.000000     +/-    0.000000     % 

  Flux (Part/deg/GeV/cmq/pr):

   0.000000     +/-    0.000000     %    0.000000     +/-    0.000000     % 
   0.000000     +/-    0.000000     %   4.4194348E-05 +/-    99.00000     % 
   0.000000     +/-    0.000000     %    0.000000     +/-    0.000000     % 
   0.000000     +/-    0.000000     %    0.000000     +/-    0.000000     % 
   0.000000     +/-    0.000000     %    0.000000     +/-    0.000000     % 

  Energy interval (GeV):  1.1630777E-05  7.1060676E-06

  Flux (Part/sr/GeV/cmq/pr):

   0.000000     +/-    0.000000     %    0.000000     +/-    0.000000     % 
   0.000000     +/-    0.000000     %    0.000000     +/-    0.000000     % 
   0.000000     +/-    0.000000     %    0.000000     +/-    0.000000     % 
   0.000000     +/-    0.000000     %    0.000000     +/-    0.000000     % 
   0.000000     +/-    0.000000     %    0.000000     +/-    0.000000     % 

  Flux (Part/deg/GeV/cmq/pr):

   0.000000     +/-    0.000000     %    0.000000     +/-    0.000000     % 
   0.000000     +/-    0.000000     %    0.000000     +/-    0.000000     % 
   0.000000     +/-    0.000000     %    0.000000     +/-    0.000000     % 
   0.000000     +/-    0.000000     %    0.000000     +/-    0.000000     % 
   0.000000     +/-    0.000000     %    0.000000     +/-    0.000000     % 

  Energy interval (GeV):  7.1060676E-06  4.3416017E-06

  Flux (Part/sr/GeV/cmq/pr):

   0.000000     +/-    0.000000     %    0.000000     +/-    0.000000     % 
   0.000000     +/-    0.000000     %    0.000000     +/-    0.000000     % 
   0.000000     +/-    0.000000     %    0.000000     +/-    0.000000     % 
   0.000000     +/-    0.000000     %    0.000000     +/-    0.000000     % 
   0.000000     +/-    0.000000     %    0.000000     +/-    0.000000     % 

  Flux (Part/deg/GeV/cmq/pr):

   0.000000     +/-    0.000000     %    0.000000     +/-    0.000000     % 
   0.000000     +/-    0.000000     %    0.000000     +/-    0.000000     % 
   0.000000     +/-    0.000000     %    0.000000     +/-    0.000000     % 
   0.000000     +/-    0.000000     %    0.000000     +/-    0.000000     % 
   0.000000     +/-    0.000000     %    0.000000     +/-    0.000000     % 

  Energy interval (GeV):  4.3416017E-06  2.6525925E-06

  Flux (Part/sr/GeV/cmq/pr):

   0.000000     +/-    0.000000     %    0.000000     +/-    0.000000     % 
   0.000000     +/-    0.000000     %    0.000000     +/-    0.000000     % 
   0.000000     +/-    0.000000     %    0.000000     +/-    0.000000     % 
   0.000000     +/-    0.000000     %    0.000000     +/-    0.000000     % 
   0.000000     +/-    0.000000     %    0.000000     +/-    0.000000     % 

  Flux (Part/deg/GeV/cmq/pr):

   0.000000     +/-    0.000000     %    0.000000     +/-    0.000000     % 
   0.000000     +/-    0.000000     %    0.000000     +/-    0.000000     % 
   0.000000     +/-    0.000000     %    0.000000     +/-    0.000000     % 
   0.000000     +/-    0.000000     %    0.000000     +/-    0.000000     % 
   0.000000     +/-    0.000000     %    0.000000     +/-    0.000000     % 

  Energy interval (GeV):  2.6525925E-06  1.6206570E-06

  Flux (Part/sr/GeV/cmq/pr):

   0.000000     +/-    0.000000     %    0.000000     +/-    0.000000     % 
   0.000000     +/-    0.000000     %    0.000000     +/-    0.000000     % 
   0.000000     +/-    0.000000     %    0.000000     +/-    0.000000     % 
   0.000000     +/-    0.000000     %    0.000000     +/-    0.000000     % 
   0.000000     +/-    0.000000     %    0.000000     +/-    0.000000     % 

  Flux (Part/deg/GeV/cmq/pr):

   0.000000     +/-    0.000000     %    0.000000     +/-    0.000000     % 
   0.000000     +/-    0.000000     %    0.000000     +/-    0.000000     % 
   0.000000     +/-    0.000000     %    0.000000     +/-    0.000000     % 
   0.000000     +/-    0.000000     %    0.000000     +/-    0.000000     % 
   0.000000     +/-    0.000000     %    0.000000     +/-    0.000000     % 

  Energy interval (GeV):  1.6206570E-06  9.9017450E-07

  Flux (Part/sr/GeV/cmq/pr):

   0.000000     +/-    0.000000     %    0.000000     +/-    0.000000     % 
   0.000000     +/-    0.000000     %    0.000000     +/-    0.000000     % 
   0.000000     +/-    0.000000     %    0.000000     +/-    0.000000     % 
   0.000000     +/-    0.000000     %    0.000000     +/-    0.000000     % 
   0.000000     +/-    0.000000     %    0.000000     +/-    0.000000     % 

  Flux (Part/deg/GeV/cmq/pr):

   0.000000     +/-    0.000000     %    0.000000     +/-    0.000000     % 
   0.000000     +/-    0.000000     %    0.000000     +/-    0.000000     % 
   0.000000     +/-    0.000000     %    0.000000     +/-    0.000000     % 
   0.000000     +/-    0.000000     %    0.000000     +/-    0.000000     % 
   0.000000     +/-    0.000000     %    0.000000     +/-    0.000000     % 

  Energy interval (GeV):  9.9017450E-07  6.0496785E-07

  Flux (Part/sr/GeV/cmq/pr):

   0.000000     +/-    0.000000     %    0.000000     +/-    0.000000     % 
   0.000000     +/-    0.000000     %    0.000000     +/-    0.000000     % 
   0.000000     +/-    0.000000     %    0.000000     +/-    0.000000     % 
   0.000000     +/-    0.000000     %    0.000000     +/-    0.000000     % 
   0.000000     +/-    0.000000     %    0.000000     +/-    0.000000     % 

  Flux (Part/deg/GeV/cmq/pr):

   0.000000     +/-    0.000000     %    0.000000     +/-    0.000000     % 
   0.000000     +/-    0.000000     %    0.000000     +/-    0.000000     % 
   0.000000     +/-    0.000000     %    0.000000     +/-    0.000000     % 
   0.000000     +/-    0.000000     %    0.000000     +/-    0.000000     % 
   0.000000     +/-    0.000000     %    0.000000     +/-    0.000000     % 

  Energy interval (GeV):  6.0496785E-07  3.6961782E-07

  Flux (Part/sr/GeV/cmq/pr):

   0.000000     +/-    0.000000     %    0.000000     +/-    0.000000     % 
   0.000000     +/-    0.000000     %    0.000000     +/-    0.000000     % 
   0.000000     +/-    0.000000     %    0.000000     +/-    0.000000     % 
   0.000000     +/-    0.000000     %    0.000000     +/-    0.000000     % 
   0.000000     +/-    0.000000     %    0.000000     +/-    0.000000     % 

  Flux (Part/deg/GeV/cmq/pr):

   0.000000     +/-    0.000000     %    0.000000     +/-    0.000000     % 
   0.000000     +/-    0.000000     %    0.000000     +/-    0.000000     % 
   0.000000     +/-    0.000000     %    0.000000     +/-    0.000000     % 
   0.000000     +/-    0.000000     %    0.000000     +/-    0.000000     % 
   0.000000     +/-    0.000000     %    0.000000     +/-    0.000000     % 

  Energy interval (GeV):  3.6961782E-07  2.2582576E-07

  Flux (Part/sr/GeV/cmq/pr):

   0.000000     +/-    0.000000     %    0.000000     +/-    0.000000     % 
   0.000000     +/-    0.000000     %    0.000000     +/-    0.000000     % 
   0.000000     +/-    0.000000     %    0.000000     +/-    0.000000     % 
   0.000000     +/-    0.000000     %    0.000000     +/-    0.000000     % 
   0.000000     +/-    0.000000     %    0.000000     +/-    0.000000     % 

  Flux (Part/deg/GeV/cmq/pr):

   0.000000     +/-    0.000000     %    0.000000     +/-    0.000000     % 
   0.000000     +/-    0.000000     %    0.000000     +/-    0.000000     % 
   0.000000     +/-    0.000000     %    0.000000     +/-    0.000000     % 
   0.000000     +/-    0.000000     %    0.000000     +/-    0.000000     % 
   0.000000     +/-    0.000000     %    0.000000     +/-    0.000000     % 

  Energy interval (GeV):  2.2582576E-07  1.3797299E-07

  Flux (Part/sr/GeV/cmq/pr):

   0.000000     +/-    0.000000     %    0.000000     +/-    0.000000     % 
   0.000000     +/-    0.000000     %    0.000000     +/-    0.000000     % 
   0.000000     +/-    0.000000     %    0.000000     +/-    0.000000     % 
   0.000000     +/-    0.000000     %    0.000000     +/-    0.000000     % 
   0.000000     +/-    0.000000     %    0.000000     +/-    0.000000     % 

  Flux (Part/deg/GeV/cmq/pr):

   0.000000     +/-    0.000000     %    0.000000     +/-    0.000000     % 
   0.000000     +/-    0.000000     %    0.000000     +/-    0.000000     % 
   0.000000     +/-    0.000000     %    0.000000     +/-    0.000000     % 
   0.000000     +/-    0.000000     %    0.000000     +/-    0.000000     % 
   0.000000     +/-    0.000000     %    0.000000     +/-    0.000000     % 

  Energy interval (GeV):  1.3797299E-07  8.4297497E-08

  Flux (Part/sr/GeV/cmq/pr):

   0.000000     +/-    0.000000     %    0.000000     +/-    0.000000     % 
   0.000000     +/-    0.000000     %    0.000000     +/-    0.000000     % 
   0.000000     +/-    0.000000     %    0.000000     +/-    0.000000     % 
   0.000000     +/-    0.000000     %    0.000000     +/-    0.000000     % 
   0.000000     +/-    0.000000     %    0.000000     +/-    0.000000     % 

  Flux (Part/deg/GeV/cmq/pr):

   0.000000     +/-    0.000000     %    0.000000     +/-    0.000000     % 
   0.000000     +/-    0.000000     %    0.000000     +/-    0.000000     % 
   0.000000     +/-    0.000000     %    0.000000     +/-    0.000000     % 
   0.000000     +/-    0.000000     %    0.000000     +/-    0.000000     % 
   0.000000     +/-    0.000000     %    0.000000     +/-    0.000000     % 

  Energy interval (GeV):  8.4297497E-08  5.1503324E-08

  Flux (Part/sr/GeV/cmq/pr):

   0.000000     +/-    0.000000     %    0.000000     +/-    0.000000     % 
   0.000000     +/-    0.000000     %    0.000000     +/-    0.000000     % 
   0.000000     +/-    0.000000     %    0.000000     +/-    0.000000     % 
   0.000000     +/-    0.000000     %    0.000000     +/-    0.000000     % 
   0.000000     +/-    0.000000     %    0.000000     +/-    0.000000     % 

  Flux (Part/deg/GeV/cmq/pr):

   0.000000     +/-    0.000000     %    0.000000     +/-    0.000000     % 
   0.000000     +/-    0.000000     %    0.000000     +/-    0.000000     % 
   0.000000     +/-    0.000000     %    0.000000     +/-    0.000000     % 
   0.000000     +/-    0.000000     %    0.000000     +/-    0.000000     % 
   0.000000     +/-    0.000000     %    0.000000     +/-    0.000000     % 

  Energy interval (GeV):  5.1503324E-08  3.1467035E-08

  Flux (Part/sr/GeV/cmq/pr):

   0.000000     +/-    0.000000     %    0.000000     +/-    0.000000     % 
   0.000000     +/-    0.000000     %    0.000000     +/-    0.000000     % 
   0.000000     +/-    0.000000     %    0.000000     +/-    0.000000     % 
   0.000000     +/-    0.000000     %    0.000000     +/-    0.000000     % 
   0.000000     +/-    0.000000     %    0.000000     +/-    0.000000     % 

  Flux (Part/deg/GeV/cmq/pr):

   0.000000     +/-    0.000000     %    0.000000     +/-    0.000000     % 
   0.000000     +/-    0.000000     %    0.000000     +/-    0.000000     % 
   0.000000     +/-    0.000000     %    0.000000     +/-    0.000000     % 
   0.000000     +/-    0.000000     %    0.000000     +/-    0.000000     % 
   0.000000     +/-    0.000000     %    0.000000     +/-    0.000000     % 

  Energy interval (GeV):  3.1467035E-08  1.9225448E-08

  Flux (Part/sr/GeV/cmq/pr):

   0.000000     +/-    0.000000     %    0.000000     +/-    0.000000     % 
   0.000000     +/-    0.000000     %    0.000000     +/-    0.000000     % 
   0.000000     +/-    0.000000     %    0.000000     +/-    0.000000     % 
   0.000000     +/-    0.000000     %    0.000000     +/-    0.000000     % 
   0.000000     +/-    0.000000     %    0.000000     +/-    0.000000     % 

  Flux (Part/deg/GeV/cmq/pr):

   0.000000     +/-    0.000000     %    0.000000     +/-    0.000000     % 
   0.000000     +/-    0.000000     %    0.000000     +/-    0.000000     % 
   0.000000     +/-    0.000000     %    0.000000     +/-    0.000000     % 
   0.000000     +/-    0.000000     %    0.000000     +/-    0.000000     % 
   0.000000     +/-    0.000000     %    0.000000     +/-    0.000000     % 

  Energy interval (GeV):  1.9225448E-08  1.1746191E-08

  Flux (Part/sr/GeV/cmq/pr):

   0.000000     +/-    0.000000     %    0.000000     +/-    0.000000     % 
   0.000000     +/-    0.000000     %    0.000000     +/-    0.000000     % 
   0.000000     +/-    0.000000     %    0.000000     +/-    0.000000     % 
   0.000000     +/-    0.000000     %    0.000000     +/-    0.000000     % 
   0.000000     +/-    0.000000     %    0.000000     +/-    0.000000     % 

  Flux (Part/deg/GeV/cmq/pr):

   0.000000     +/-    0.000000     %    0.000000     +/-    0.000000     % 
   0.000000     +/-    0.000000     %    0.000000     +/-    0.000000     % 
   0.000000     +/-    0.000000     %    0.000000     +/-    0.000000     % 
   0.000000     +/-    0.000000     %    0.000000     +/-    0.000000     % 
   0.000000     +/-    0.000000     %    0.000000     +/-    0.000000     % 

  Energy interval (GeV):  1.1746191E-08  7.1765816E-09

  Flux (Part/sr/GeV/cmq/pr):

   0.000000     +/-    0.000000     %    0.000000     +/-    0.000000     % 
   0.000000     +/-    0.000000     %    0.000000     +/-    0.000000     % 
   0.000000     +/-    0.000000     %    0.000000     +/-    0.000000     % 
   0.000000     +/-    0.000000     %    0.000000     +/-    0.000000     % 
   0.000000     +/-    0.000000     %    0.000000     +/-    0.000000     % 

  Flux (Part/deg/GeV/cmq/pr):

   0.000000     +/-    0.000000     %    0.000000     +/-    0.000000     % 
   0.000000     +/-    0.000000     %    0.000000     +/-    0.000000     % 
   0.000000     +/-    0.000000     %    0.000000     +/-    0.000000     % 
   0.000000     +/-    0.000000     %    0.000000     +/-    0.000000     % 
   0.000000     +/-    0.000000     %    0.000000     +/-    0.000000     % 

  Energy interval (GeV):  7.1765816E-09  4.3846828E-09

  Flux (Part/sr/GeV/cmq/pr):

   0.000000     +/-    0.000000     %    0.000000     +/-    0.000000     % 
   0.000000     +/-    0.000000     %    0.000000     +/-    0.000000     % 
   0.000000     +/-    0.000000     %    0.000000     +/-    0.000000     % 
   0.000000     +/-    0.000000     %    0.000000     +/-    0.000000     % 
   0.000000     +/-    0.000000     %    0.000000     +/-    0.000000     % 

  Flux (Part/deg/GeV/cmq/pr):

   0.000000     +/-    0.000000     %    0.000000     +/-    0.000000     % 
   0.000000     +/-    0.000000     %    0.000000     +/-    0.000000     % 
   0.000000     +/-    0.000000     %    0.000000     +/-    0.000000     % 
   0.000000     +/-    0.000000     %    0.000000     +/-    0.000000     % 
   0.000000     +/-    0.000000     %    0.000000     +/-    0.000000     % 

  Energy interval (GeV):  4.3846828E-09  2.6789142E-09

  Flux (Part/sr/GeV/cmq/pr):

   0.000000     +/-    0.000000     %    0.000000     +/-    0.000000     % 
   0.000000     +/-    0.000000     %    0.000000     +/-    0.000000     % 
   0.000000     +/-    0.000000     %    0.000000     +/-    0.000000     % 
   0.000000     +/-    0.000000     %    0.000000     +/-    0.000000     % 
   0.000000     +/-    0.000000     %    0.000000     +/-    0.000000     % 

  Flux (Part/deg/GeV/cmq/pr):

   0.000000     +/-    0.000000     %    0.000000     +/-    0.000000     % 
   0.000000     +/-    0.000000     %    0.000000     +/-    0.000000     % 
   0.000000     +/-    0.000000     %    0.000000     +/-    0.000000     % 
   0.000000     +/-    0.000000     %    0.000000     +/-    0.000000     % 
   0.000000     +/-    0.000000     %    0.000000     +/-    0.000000     % 

  Energy interval (GeV):  2.6789142E-09  1.6367389E-09

  Flux (Part/sr/GeV/cmq/pr):

   0.000000     +/-    0.000000     %    0.000000     +/-    0.000000     % 
   0.000000     +/-    0.000000     %    0.000000     +/-    0.000000     % 
   0.000000     +/-    0.000000     %    0.000000     +/-    0.000000     % 
   0.000000     +/-    0.000000     %    0.000000     +/-    0.000000     % 
   0.000000     +/-    0.000000     %    0.000000     +/-    0.000000     % 

  Flux (Part/deg/GeV/cmq/pr):

   0.000000     +/-    0.000000     %    0.000000     +/-    0.000000     % 
   0.000000     +/-    0.000000     %    0.000000     +/-    0.000000     % 
   0.000000     +/-    0.000000     %    0.000000     +/-    0.000000     % 
   0.000000     +/-    0.000000     %    0.000000     +/-    0.000000     % 
   0.000000     +/-    0.000000     %    0.000000     +/-    0.000000     % 

  Energy interval (GeV):  1.6367389E-09  9.9999997E-10

  Flux (Part/sr/GeV/cmq/pr):

   0.000000     +/-    0.000000     %    0.000000     +/-    0.000000     % 
   0.000000     +/-    0.000000     %    0.000000     +/-    0.000000     % 
   0.000000     +/-    0.000000     %    0.000000     +/-    0.000000     % 
   0.000000     +/-    0.000000     %    0.000000     +/-    0.000000     % 
   0.000000     +/-    0.000000     %    0.000000     +/-    0.000000     % 

  Flux (Part/deg/GeV/cmq/pr):

   0.000000     +/-    0.000000     %    0.000000     +/-    0.000000     % 
   0.000000     +/-    0.000000     %    0.000000     +/-    0.000000     % 
   0.000000     +/-    0.000000     %    0.000000     +/-    0.000000     % 
   0.000000     +/-    0.000000     %    0.000000     +/-    0.000000     % 
   0.000000     +/-    0.000000     %    0.000000     +/-    0.000000     % 
