 # Detector n:            1   piFluenU  
 # N. of energy intervals          20
  1.0000000E-03  1.7177047E-03  5.0352573E-06   4.789610    
  1.7177047E-03  2.9505095E-03  1.9508727E-05   6.713772    
  2.9505095E-03  5.0681042E-03  1.7096300E-03  0.7340819    
  5.0681042E-03  8.7055061E-03  5.0423248E-05   1.643758    
  8.7055061E-03  1.4953488E-02  6.9248077E-04  0.5919607    
  1.4953488E-02  2.5685675E-02  1.2439047E-03  0.7492887    
  2.5685675E-02  4.4120405E-02  1.7458897E-03  0.7853189    
  4.4120405E-02  7.5785823E-02  2.0168815E-03  0.3220890    
  7.5785823E-02  0.1301777      1.7227328E-03  0.1804742    
  0.1301777      0.2236068      1.3186113E-03  0.2265366    
  0.2236068      0.3840904      1.0401735E-03  7.4308664E-02
  0.3840904      0.6597539      7.0529594E-04  0.3809672    
  0.6597539       1.133262      4.2652342E-04  0.6052750    
   1.133262       1.946610      2.4250097E-04  0.4804844    
   1.946610       3.343701      1.2819348E-04  0.4108265    
   3.343701       5.743491      6.1334649E-05  0.3134318    
   5.743491       9.865622      2.4965604E-05  0.1743069    
   9.865622       16.94622      7.6250062E-06  0.4778752    
   16.94622       29.10861      1.4405681E-06  0.2574962    
   29.10861       49.99999      7.7888778E-08   4.367363    
