1NUMBER OF BEAM       NUMBER OF BEAM        APPROXIMATE NUMBER    AVERAGE TIME USED     TIME LEFT (RESERVED   NUMBER OF STARS
 PARTICLES HANDLED    PARTICLES LEFT        OF BEAM PARTICLES     BY A BEAM PARTICLE     10000.0 SECONDS      CREATED
                                            THAT CAN STILL BE                           FOR PRINTOUT)
                                            HANDLED

 NEXT SEEDS:24EA16BC       0       0       0       0       0       1    3039       0       0
          1                299999                299999             1.2397766E-04         1.0000000E+30                 0       
 NEXT SEEDS:24EA170A       0       0       0       0       0       1    3039       0       0
  *** Kbar: P_min > 1.8 GeV/c:           16   2.2134121053292857     
  *** Kaon: P_min > 1.5 GeV/c:           15   2.9444566759399788     
  *** Kaon: P_min > 1.5 GeV/c:           15   5.8246914777879066     
  *** Kbar: P_min > 1.8 GeV/c:           25   13.648626568544394     
  *** Kaon: P_min > 1.5 GeV/c:           15   5.8172088500887194     
  *** Kaon: P_min > 1.5 GeV/c:           15   6.6073395970737554     
  *** Kaon: P_min > 1.5 GeV/c:           15   2.7307693488932547     
  *** Kaon: P_min > 1.5 GeV/c:           24   12.276104687148186     
  *** Kbar: P_min > 1.8 GeV/c:           25   2.4935382232751002     
  *** Kbar: P_min > 1.8 GeV/c:           25   2.3797975458127887     
  *** Kbar: P_min > 1.8 GeV/c:           25   2.7831987688743043     
  *** Kaon: P_min > 1.5 GeV/c:           15   1.6992897262324211     
  *** Kaon: P_min > 1.5 GeV/c:           15   6.8848637457878068     
  *** Kaon: P_min > 1.5 GeV/c:           24   1.7811209001829127     
  *** Kaon: P_min > 1.5 GeV/c:           24   1.7811418134246093     
  *** Kaon: P_min > 1.5 GeV/c:           24   1.6500692936460164     
  *** Kaon: P_min > 1.5 GeV/c:           24   1.6890425375894473     
  *** Kaon: P_min > 1.5 GeV/c:           24   1.6852873106310826     
  *** Kbar: P_min > 1.8 GeV/c:           25   17.617327910230152     
  *** Kaon: P_min > 1.5 GeV/c:           15   5.1414685512319327     
       6000                294000                294000             2.3066131E-04         1.0000000E+30              2858       
 NEXT SEEDS:2547FFE1       0       0       0       0       0       1    3039       0       0
      12000                288000                288000             2.2893202E-04         1.0000000E+30              5699       
 NEXT SEEDS:25A580B8       0       0       0       0       0       1    3039       0       0
 KASKAD, TXYZ: 0.999999999996397    
 -9.691649144439733E-05 2.519881621268702E-03 0.999996820393246    
    Jtrack, Ibtar, Ichtar, Etrack     1     9     4  49.9794549023265    
    Ibarch(Jtrack), Ichrge(Jtrack)     1     1
    Iloflk, Tkeflk     1 2.348006780951151E-04
    Linevt,Lelevt,Ldecay,Ldltry,Leldis,Lpairp,Lbrmsp T F F F F F F
      18000                282000                282000             2.2904732E-04         1.0000000E+30              8503       
 NEXT SEEDS:26018554       0       0       0       0       0       1    3039       0       0
      24000                276000                276000             2.2805746E-04         1.0000000E+30             11243       
 NEXT SEEDS:265BD789       0       0       0       0       0       1    3039       0       0
  Ferevv: Umo2 < Urmin2 !!   6.5938423712437935        7.3416787293021368               21           1   1.1893700000000000       0.93827231000000000      F           0
      30000                270000                270000             2.2770125E-04         1.0000000E+30             14108       
 NEXT SEEDS:26BA1399       0       0       0       0       0       1    3039       0       0
      36000                264000                264000             2.2800067E-04         1.0000000E+30             16917       
 NEXT SEEDS:2715CB26       0       0       0       0       0       1    3039       0       0
  *** Umfnst:amsq,np0,np,kpart  -3.4694469519536142E-018           0           1           7
      42000                258000                258000             2.2672167E-04         1.0000000E+30             19709       
 NEXT SEEDS:2771A96E       0       0       0       0       0       1    3039       0       0
      48000                252000                252000             2.2520540E-04         1.0000000E+30             22459       
 NEXT SEEDS:27CBF5A2       0       0       0       0       0       1    3039       0       0
      54000                246000                246000             2.2414856E-04         1.0000000E+30             25244       
 NEXT SEEDS:2826FBCB       0       0       0       0       0       1    3039       0       0
      60000                240000                240000             2.2437566E-04         1.0000000E+30             28051       
 NEXT SEEDS:288632ED       0       0       0       0       0       1    3039       0       0
      66000                234000                234000             2.2500813E-04         1.0000000E+30             30964       
 NEXT SEEDS:28E5538C       0       0       0       0       0       1    3039       0       0
      72000                228000                228000             2.2478514E-04         1.0000000E+30             33789       
 NEXT SEEDS:2942CDAE       0       0       0       0       0       1    3039       0       0
      78000                222000                222000             2.2346817E-04         1.0000000E+30             36421       
 NEXT SEEDS:29993E75       0       0       0       0       0       1    3039       0       0
      84000                216000                216000             2.2306458E-04         1.0000000E+30             39168       
 NEXT SEEDS:29F69323       0       0       0       0       0       1    3039       0       0
  *** Umfnst:amsq,np0,np,kpart  -5.2041704279304213E-018           0           1           7
      90000                210000                210000             2.2287612E-04         1.0000000E+30             41982       
 NEXT SEEDS:2A555DD7       0       0       0       0       0       1    3039       0       0
 KASKAD, TXYZ:  1.00000000000061    
  1.640749303053300E-03-8.570612222643632E-04 0.999998286693031    
    Jtrack, Ibtar, Ichtar, Etrack     1     9     4  49.9919097358160    
    Ibarch(Jtrack), Ichrge(Jtrack)     1     1
    Iloflk, Tkeflk     8 4.379172927705399E-04
    Linevt,Lelevt,Ldecay,Ldltry,Leldis,Lpairp,Lbrmsp T F F F F F F
      96000                204000                204000             2.2399290E-04         1.0000000E+30             44944       
 NEXT SEEDS:2AB6D643       0       0       0       0       0       1    3039       0       0
     102000                198000                198000             2.2445178E-04         1.0000000E+30             47862       
 NEXT SEEDS:2B177F42       0       0       0       0       0       1    3039       0       0
     108000                192000                192000             2.2632867E-04         1.0000000E+30             50816       
 NEXT SEEDS:2B78DE64       0       0       0       0       0       1    3039       0       0
     114000                186000                186000             2.2802309E-04         1.0000000E+30             53643       
 NEXT SEEDS:2BD76A20       0       0       0       0       0       1    3039       0       0
     120000                180000                180000             2.3188669E-04         1.0000000E+30             56514       
 NEXT SEEDS:2C371D3C       0       0       0       0       0       1    3039       0       0
     126000                174000                174000             2.3485754E-04         1.0000000E+30             59342       
 NEXT SEEDS:2C94925C       0       0       0       0       0       1    3039       0       0
     132000                168000                168000             2.3666814E-04         1.0000000E+30             62267       
 NEXT SEEDS:2CF3918F       0       0       0       0       0       1    3039       0       0
 KASKAD, TXYZ:  1.00000000000114    
 -1.360914334837141E-03-1.891841610563437E-03 0.999997284421197    
    Jtrack, Ibtar, Ichtar, Etrack     1     9     4  49.9878527164383    
    Ibarch(Jtrack), Ichrge(Jtrack)     1     1
    Iloflk, Tkeflk     8 1.853474439658109E-04
    Linevt,Lelevt,Ldecay,Ldltry,Leldis,Lpairp,Lbrmsp T F F F F F F
     138000                162000                162000             2.3696583E-04         1.0000000E+30             65181       
 NEXT SEEDS:2D54B0A0       0       0       0       0       0       1    3039       0       0
     144000                156000                156000             2.3698355E-04         1.0000000E+30             68053       
 NEXT SEEDS:2DB52389       0       0       0       0       0       1    3039       0       0
     150000                150000                150000             2.3722492E-04         1.0000000E+30             70994       
 NEXT SEEDS:2E14A336       0       0       0       0       0       1    3039       0       0
     156000                144000                144000             2.3746888E-04         1.0000000E+30             73973       
 NEXT SEEDS:2E760C61       0       0       0       0       0       1    3039       0       0
     162000                138000                138000             2.3737532E-04         1.0000000E+30             76887       
 NEXT SEEDS:2ED75DB5       0       0       0       0       0       1    3039       0       0
     168000                132000                132000             2.3786800E-04         1.0000000E+30             79746       
 NEXT SEEDS:2F34FE7E       0       0       0       0       0       1    3039       0       0
  *** Umfnst:amsq,np0,np,kpart  -6.9388939039072284E-018           0           1           7
     174000                126000                126000             2.3725421E-04         1.0000000E+30             82608       
 NEXT SEEDS:2F927FD8       0       0       0       0       0       1    3039       0       0
  Eventv: Pla < 0.4 Poo   1.0122170896796279        2.8817201794437119               17  0.18146693320355442                5
  *** Umfnst:amsq,np0,np,kpart  -8.6736173798840355E-018           0           1           7
     180000                120000                120000             2.3663850E-04         1.0000000E+30             85390       
 NEXT SEEDS:2FED1643       0       0       0       0       0       1    3039       0       0
     186000                114000                114000             2.3601615E-04         1.0000000E+30             88122       
 NEXT SEEDS:304841D5       0       0       0       0       0       1    3039       0       0
     192000                108000                108000             2.3563072E-04         1.0000000E+30             91012       
 NEXT SEEDS:30A8A0A1       0       0       0       0       0       1    3039       0       0
     198000                102000                102000             2.3543937E-04         1.0000000E+30             94002       
 NEXT SEEDS:310AC6F5       0       0       0       0       0       1    3039       0       0
     204000                 96000                 96000             2.3466696E-04         1.0000000E+30             96638       
 NEXT SEEDS:31644120       0       0       0       0       0       1    3039       0       0
  Ferevv: Umo2 < Urmin2 !!   5.9719304658543786        7.0425259675710974               17           8   1.1156299999999999       0.93956563000000004      F           0
     210000                 90000                 90000             2.3446418E-04         1.0000000E+30             99559       
 NEXT SEEDS:31C4BA3D       0       0       0       0       0       1    3039       0       0
     216000                 84000                 84000             2.3391928E-04         1.0000000E+30            102313       
 NEXT SEEDS:32204EE6       0       0       0       0       0       1    3039       0       0
 KASKAD, TXYZ: 0.999999999997846    
 -1.881227104412051E-03 1.494480481858005E-03 0.999997113750017    
    Jtrack, Ibtar, Ichtar, Etrack     1     9     4  49.9968747809961    
    Ibarch(Jtrack), Ichrge(Jtrack)     1     1
    Iloflk, Tkeflk     8 8.152272832895324E-05
    Linevt,Lelevt,Ldecay,Ldltry,Leldis,Lpairp,Lbrmsp T F F F F F F
     222000                 78000                 78000             2.3419199E-04         1.0000000E+30            105259       
 NEXT SEEDS:3281756B       0       0       0       0       0       1    3039       0       0
     228000                 72000                 72000             2.3378343E-04         1.0000000E+30            107937       
 NEXT SEEDS:32DB406E       0       0       0       0       0       1    3039       0       0
     234000                 66000                 66000             2.3321746E-04         1.0000000E+30            110639       
 NEXT SEEDS:3335DA3E       0       0       0       0       0       1    3039       0       0
     240000                 60000                 60000             2.3278533E-04         1.0000000E+30            113377       
 NEXT SEEDS:33911E18       0       0       0       0       0       1    3039       0       0
  *** Umfnst:amsq,np0,np,kpart  -1.3877787807814457E-017           0           1           7
     246000                 54000                 54000             2.3259516E-04         1.0000000E+30            116340       
 NEXT SEEDS:33F162D0       0       0       0       0       0       1    3039       0       0
     252000                 48000                 48000             2.3226454E-04         1.0000000E+30            119175       
 NEXT SEEDS:344EEF06       0       0       0       0       0       1    3039       0       0
 KASKAD, TXYZ: 0.999999999995617    
 -3.683365726987522E-04 2.119828676593892E-03 0.999997685320213    
    Jtrack, Ibtar, Ichtar, Etrack     1     9     4  49.9821725448095    
    Ibarch(Jtrack), Ichrge(Jtrack)     1     1
    Iloflk, Tkeflk     8 6.792678691891485E-05
    Linevt,Lelevt,Ldecay,Ldltry,Leldis,Lpairp,Lbrmsp T F F F F F F
     258000                 42000                 42000             2.3256393E-04         1.0000000E+30            122180       
 NEXT SEEDS:34B23F6F       0       0       0       0       0       1    3039       0       0
  *** Umfnst:amsq,np0,np,kpart  -8.6736173798840355E-018           0           1           7
     264000                 36000                 36000             2.3255200E-04         1.0000000E+30            125131       
 NEXT SEEDS:35146F4B       0       0       0       0       0       1    3039       0       0
     270000                 30000                 30000             2.3226462E-04         1.0000000E+30            127891       
 NEXT SEEDS:35701F7D       0       0       0       0       0       1    3039       0       0
     276000                 24000                 24000             2.3229333E-04         1.0000000E+30            130902       
 NEXT SEEDS:35D3945C       0       0       0       0       0       1    3039       0       0
     282000                 18000                 18000             2.3190196E-04         1.0000000E+30            133636       
 NEXT SEEDS:362EBD29       0       0       0       0       0       1    3039       0       0
     288000                 12000                 12000             2.3187748E-04         1.0000000E+30            136584       
 NEXT SEEDS:36917DE8       0       0       0       0       0       1    3039       0       0
     294000                  6000                  6000             2.3147632E-04         1.0000000E+30            139268       
 NEXT SEEDS:36ECB04D       0       0       0       0       0       1    3039       0       0
     299950                    50                    50             2.3115475E-04         1.0000000E+30            142033       
 NEXT SEEDS:3747CB66       0       0       0       0       0       1    3039       0       0
     299951                    49                    49             2.3115457E-04         1.0000000E+30            142033       
 NEXT SEEDS:3747CB9D       0       0       0       0       0       1    3039       0       0
     299952                    48                    48             2.3115407E-04         1.0000000E+30            142033       
 NEXT SEEDS:3747CBE6       0       0       0       0       0       1    3039       0       0
     299953                    47                    47             2.3115361E-04         1.0000000E+30            142033       
 NEXT SEEDS:3747CC83       0       0       0       0       0       1    3039       0       0
     299954                    46                    46             2.3115317E-04         1.0000000E+30            142033       
 NEXT SEEDS:3747CCD0       0       0       0       0       0       1    3039       0       0
     299955                    45                    45             2.3115298E-04         1.0000000E+30            142033       
 NEXT SEEDS:3747CD24       0       0       0       0       0       1    3039       0       0
     299956                    44                    44             2.3115336E-04         1.0000000E+30            142037       
 NEXT SEEDS:3747E35F       0       0       0       0       0       1    3039       0       0
     299957                    43                    43             2.3115320E-04         1.0000000E+30            142037       
 NEXT SEEDS:3747E3A6       0       0       0       0       0       1    3039       0       0
     299958                    42                    42             2.3115268E-04         1.0000000E+30            142037       
 NEXT SEEDS:3747E3C5       0       0       0       0       0       1    3039       0       0
     299959                    41                    41             2.3115219E-04         1.0000000E+30            142037       
 NEXT SEEDS:3747E41E       0       0       0       0       0       1    3039       0       0
     299960                    40                    40             2.3115165E-04         1.0000000E+30            142037       
 NEXT SEEDS:3747E45D       0       0       0       0       0       1    3039       0       0
     299961                    39                    39             2.3115088E-04         1.0000000E+30            142037       
 NEXT SEEDS:3747E47B       0       0       0       0       0       1    3039       0       0
     299962                    38                    38             2.3115011E-04         1.0000000E+30            142037       
 NEXT SEEDS:3747E4B1       0       0       0       0       0       1    3039       0       0
     299963                    37                    37             2.3115112E-04         1.0000000E+30            142038       
 NEXT SEEDS:3747F87F       0       0       0       0       0       1    3039       0       0
     299964                    36                    36             2.3116283E-04         1.0000000E+30            142043       
 NEXT SEEDS:374831C7       0       0       0       0       0       1    3039       0       0
     299965                    35                    35             2.3116685E-04         1.0000000E+30            142045       
 NEXT SEEDS:37484A8F       0       0       0       0       0       1    3039       0       0
     299966                    34                    34             2.3117660E-04         1.0000000E+30            142053       
 NEXT SEEDS:374882AC       0       0       0       0       0       1    3039       0       0
     299967                    33                    33             2.3117644E-04         1.0000000E+30            142053       
 NEXT SEEDS:374882E0       0       0       0       0       0       1    3039       0       0
     299968                    32                    32             2.3117603E-04         1.0000000E+30            142053       
 NEXT SEEDS:37488344       0       0       0       0       0       1    3039       0       0
     299969                    31                    31             2.3117554E-04         1.0000000E+30            142053       
 NEXT SEEDS:374883D6       0       0       0       0       0       1    3039       0       0
     299970                    30                    30             2.3117502E-04         1.0000000E+30            142053       
 NEXT SEEDS:3748841D       0       0       0       0       0       1    3039       0       0
     299971                    29                    29             2.3117486E-04         1.0000000E+30            142053       
 NEXT SEEDS:374884F0       0       0       0       0       0       1    3039       0       0
     299972                    28                    28             2.3117440E-04         1.0000000E+30            142053       
 NEXT SEEDS:37488533       0       0       0       0       0       1    3039       0       0
     299973                    27                    27             2.3117393E-04         1.0000000E+30            142053       
 NEXT SEEDS:374885AF       0       0       0       0       0       1    3039       0       0
     299974                    26                    26             2.3117339E-04         1.0000000E+30            142053       
 NEXT SEEDS:374885CC       0       0       0       0       0       1    3039       0       0
     299975                    25                    25             2.3117285E-04         1.0000000E+30            142053       
 NEXT SEEDS:374885F0       0       0       0       0       0       1    3039       0       0
     299976                    24                    24             2.3117236E-04         1.0000000E+30            142053       
 NEXT SEEDS:3748868B       0       0       0       0       0       1    3039       0       0
     299977                    23                    23             2.3117187E-04         1.0000000E+30            142053       
 NEXT SEEDS:374886E3       0       0       0       0       0       1    3039       0       0
     299978                    22                    22             2.3117140E-04         1.0000000E+30            142053       
 NEXT SEEDS:374887D8       0       0       0       0       0       1    3039       0       0
     299979                    21                    21             2.3117088E-04         1.0000000E+30            142053       
 NEXT SEEDS:37488829       0       0       0       0       0       1    3039       0       0
     299980                    20                    20             2.3117111E-04         1.0000000E+30            142053       
 NEXT SEEDS:37488AF6       0       0       0       0       0       1    3039       0       0
     299981                    19                    19             2.3117242E-04         1.0000000E+30            142054       
 NEXT SEEDS:37489440       0       0       0       0       0       1    3039       0       0
     299982                    18                    18             2.3117213E-04         1.0000000E+30            142054       
 NEXT SEEDS:3748947F       0       0       0       0       0       1    3039       0       0
     299983                    17                    17             2.3117604E-04         1.0000000E+30            142058       
 NEXT SEEDS:3748AABA       0       0       0       0       0       1    3039       0       0
     299984                    16                    16             2.3117601E-04         1.0000000E+30            142058       
 NEXT SEEDS:3748AAF1       0       0       0       0       0       1    3039       0       0
     299985                    15                    15             2.3117557E-04         1.0000000E+30            142058       
 NEXT SEEDS:3748AB4E       0       0       0       0       0       1    3039       0       0
     299986                    14                    14             2.3117632E-04         1.0000000E+30            142059       
 NEXT SEEDS:3748B1DA       0       0       0       0       0       1    3039       0       0
     299987                    13                    13             2.3117591E-04         1.0000000E+30            142059       
 NEXT SEEDS:3748B277       0       0       0       0       0       1    3039       0       0
     299988                    12                    12             2.3117544E-04         1.0000000E+30            142059       
 NEXT SEEDS:3748B304       0       0       0       0       0       1    3039       0       0
     299989                    11                    11             2.3117503E-04         1.0000000E+30            142059       
 NEXT SEEDS:3748B348       0       0       0       0       0       1    3039       0       0
     299990                    10                    10             2.3117474E-04         1.0000000E+30            142059       
 NEXT SEEDS:3748B44A       0       0       0       0       0       1    3039       0       0
     299991                     9                     9             2.3117423E-04         1.0000000E+30            142059       
 NEXT SEEDS:3748B491       0       0       0       0       0       1    3039       0       0
     299992                     8                     8             2.3117427E-04         1.0000000E+30            142060       
 NEXT SEEDS:3748B67D       0       0       0       0       0       1    3039       0       0
     299993                     7                     7             2.3117380E-04         1.0000000E+30            142060       
 NEXT SEEDS:3748B6EE       0       0       0       0       0       1    3039       0       0
     299994                     6                     6             2.3117326E-04         1.0000000E+30            142060       
 NEXT SEEDS:3748B70C       0       0       0       0       0       1    3039       0       0
     299995                     5                     5             2.3117277E-04         1.0000000E+30            142060       
 NEXT SEEDS:3748B77E       0       0       0       0       0       1    3039       0       0
     299996                     4                     4             2.3117223E-04         1.0000000E+30            142060       
 NEXT SEEDS:3748B7BD       0       0       0       0       0       1    3039       0       0
     299997                     3                     3             2.3117169E-04         1.0000000E+30            142060       
 NEXT SEEDS:3748B7E1       0       0       0       0       0       1    3039       0       0
     299998                     2                     2             2.3117117E-04         1.0000000E+30            142060       
 NEXT SEEDS:3748B827       0       0       0       0       0       1    3039       0       0
     299999                     1                     1             2.3117424E-04         1.0000000E+30            142062       
 NEXT SEEDS:3748C7BC       0       0       0       0       0       1    3039       0       0
     300000                     0                     1             2.3117431E-04         1.0000000E+30            142062       
 NEXT SEEDS:3748CA29       0       0       0       0       0       1    3039       0       0
