  **** bestcong_49.trk ****


  Total primaries run:         1500000

    Total weight of the primaries run:   1500000.00    


  Detector n:            1   piFluenD  
     (Volume:          1000.00000      cmc,
      distr. scored:         209    ,
      from reg.           4  )

     Tot. response (p/cmq/pr)  3.8652748E-03  +/-  0.1674581     %
     ( --> Track l. (cm/pr)       3.865275      +/-  0.1674581     % )

  **** Different. Fluxes as a function of energy **** ****      (integrated over solid angle)        ****


  Energy boundaries (GeV):

   49.99999       29.10861       16.94622       9.865622       5.743491    
   3.343701       1.946610       1.133262      0.6597539      0.3840904    
  0.2236068      0.1301777      7.5785823E-02  4.4120405E-02  2.5685675E-02
  1.4953488E-02  8.7055061E-03  5.0681042E-03  2.9505095E-03  1.7177047E-03
  Lowest boundary   (GeV):  1.0000000E-03

  Flux (Part/GeV/cmq/pr):

  2.1230935E-07 +/-    2.025579     %   3.8664602E-06 +/-   0.4842934     % 
  2.0528885E-05 +/-   0.5596131     %   6.8305744E-05 +/-   9.9289604E-02 % 
  1.7109672E-04 +/-   0.1830654     %   3.6241699E-04 +/-   0.5175477     % 
  6.8499963E-04 +/-   0.1044750     %   1.1579404E-03 +/-   0.3171310     % 
  1.7623624E-03 +/-   0.2579360     %   2.2439060E-03 +/-   0.3338714     % 
  2.3486174E-03 +/-   0.4277645     %   2.6123836E-03 +/-   0.3871129     % 
  2.7698069E-03 +/-   0.6688290     %   2.2745177E-03 +/-   0.6957829     % 
  1.5964396E-03 +/-   0.8940773     %   8.7397156E-04 +/-   0.9792758     % 
  6.6155801E-05 +/-    3.447014     %   2.1595880E-03 +/-   0.9389615     % 
  2.3386958E-05 +/-   0.9561920     %   6.2393592E-06 +/-    4.521804     % 


  **** Cumulative Fluxes as a function of energy **** ****      (integrated over solid angle)        ****


  Energy boundaries (GeV):


   49.99999       29.10861       16.94622       9.865622       5.743491    
   3.343701       1.946610       1.133262      0.6597539      0.3840904    
  0.2236068      0.1301777      7.5785823E-02  4.4120405E-02  2.5685675E-02
  1.4953488E-02  8.7055061E-03  5.0681042E-03  2.9505095E-03  1.7177047E-03
  Lowest boundary   (GeV):  1.0000000E-03

  Cumul. Flux (Part/cmq/pr):

  4.4354360E-06 +/-    2.025579     %   5.1460807E-05 +/-   0.4246017     % 
  1.9681768E-04 +/-   0.3947070     %   4.7838286E-04 +/-   0.2125854     % 
  8.8897906E-04 +/-   0.1475237     %   1.3953086E-03 +/-   0.2531781     % 
  1.9524514E-03 +/-   0.1873777     %   2.5007462E-03 +/-   0.1614785     % 
  2.9865650E-03 +/-   0.1382906     %   3.3466753E-03 +/-   0.1526588     % 
  3.5661045E-03 +/-   0.1659692     %   3.7081968E-03 +/-   0.1687810     % 
  3.7959039E-03 +/-   0.1757714     %   3.8378341E-03 +/-   0.1718279     % 
  3.8549672E-03 +/-   0.1689876     %   3.8604278E-03 +/-   0.1681670     % 
  3.8606685E-03 +/-   0.1681973     %   3.8652415E-03 +/-   0.1674549     % 
  3.8652704E-03 +/-   0.1674543     %   3.8652748E-03 +/-   0.1674581     % 
