1NUMBER OF BEAM       NUMBER OF BEAM        APPROXIMATE NUMBER    AVERAGE TIME USED     TIME LEFT (RESERVED   NUMBER OF STARS
 PARTICLES HANDLED    PARTICLES LEFT        OF BEAM PARTICLES     BY A BEAM PARTICLE     10000.0 SECONDS      CREATED
                                            THAT CAN STILL BE                           FOR PRINTOUT)
                                            HANDLED

 NEXT SEEDS:       0       0       0       0       0       0       1    3039       0       0
          1                299999                299999             0.0000000E+00         1.0000000E+30                 0       
 NEXT SEEDS:      36       0       0       0       0       0       1    3039       0       0
  *** Kbar: P_min > 1.8 GeV/c:           25   3.3522184977872627     
  *** Kaon: P_min > 1.5 GeV/c:           15   5.5201030316857045     
  *** Kbar: P_min > 1.8 GeV/c:           25   5.2730233445684203     
  *** Kaon: P_min > 1.5 GeV/c:           15   1.5400613847343281     
  *** Kaon: P_min > 1.5 GeV/c:           15   8.5626308764532180     
  *** Kaon: P_min > 1.5 GeV/c:           24   5.5150968142832175     
  *** Kaon: P_min > 1.5 GeV/c:           24   4.5580531841110998     
  *** Kaon: P_min > 1.5 GeV/c:           24   4.5523258514016565     
  *** Kaon: P_min > 1.5 GeV/c:           24   4.0849624117368570     
  *** Kaon: P_min > 1.5 GeV/c:           24   1.5045792944233773     
  *** Kaon: P_min > 1.5 GeV/c:           15   4.4769426177461078     
  *** Kaon: P_min > 1.5 GeV/c:           15   8.6022641970835849     
  *** Kbar: P_min > 1.8 GeV/c:           16   3.3345479384913239     
  *** Kaon: P_min > 1.5 GeV/c:           24   1.8415679051032308     
  *** Kbar: P_min > 1.8 GeV/c:           25   14.639371564467618     
  *** Kaon: P_min > 1.5 GeV/c:           24   2.3039902697516235     
  *** Kbar: P_min > 1.8 GeV/c:           16   2.0502399714821382     
  *** Kbar: P_min > 1.8 GeV/c:           16   2.1833553838259157     
  *** Kaon: P_min > 1.5 GeV/c:           15   3.0149307428371031     
  *** Kaon: P_min > 1.5 GeV/c:           24   4.3539644601689220     
       6000                294000                294000             2.4310184E-04         1.0000000E+30              3012       
 NEXT SEEDS:  638C82       0       0       0       0       0       1    3039       0       0
 KASKAD, TXYZ:  1.00000000000202    
 -1.038026575412538E-03 1.766928406457926E-03 0.999997900232235    
    Jtrack, Ibtar, Ichtar, Etrack     1     9     4  49.9309032191272    
    Ibarch(Jtrack), Ichrge(Jtrack)     1     1
    Iloflk, Tkeflk     1 1.934579086929622E-04
    Linevt,Lelevt,Ldecay,Ldltry,Leldis,Lpairp,Lbrmsp T F F F F F F
      12000                288000                288000             2.3364977E-04         1.0000000E+30              5876       
 NEXT SEEDS:  C23E4B       0       0       0       0       0       1    3039       0       0
      18000                282000                282000             2.2280757E-04         1.0000000E+30              8689       
 NEXT SEEDS: 1201419       0       0       0       0       0       1    3039       0       0
      24000                276000                276000             2.2444588E-04         1.0000000E+30             11614       
 NEXT SEEDS: 1819A6C       0       0       0       0       0       1    3039       0       0
      30000                270000                270000             2.2457027E-04         1.0000000E+30             14503       
 NEXT SEEDS: 1E1F90E       0       0       0       0       0       1    3039       0       0
 KASKAD, TXYZ:  1.00000000000059    
  2.019157165144318E-03-1.753532086242594E-03 0.999996424058979    
    Jtrack, Ibtar, Ichtar, Etrack     1     9     4  49.9892177736729    
    Ibarch(Jtrack), Ichrge(Jtrack)     1     1
    Iloflk, Tkeflk     1 1.882095803930062E-04
    Linevt,Lelevt,Ldecay,Ldltry,Leldis,Lpairp,Lbrmsp T F F F F F F
      36000                264000                264000             2.2394978E-04         1.0000000E+30             17410       
 NEXT SEEDS: 24A6C6F       0       0       0       0       0       1    3039       0       0
      42000                258000                258000             2.2635492E-04         1.0000000E+30             20326       
 NEXT SEEDS: 2ABACF4       0       0       0       0       0       1    3039       0       0
      48000                252000                252000             2.2328279E-04         1.0000000E+30             23049       
 NEXT SEEDS: 3058809       0       0       0       0       0       1    3039       0       0
      54000                246000                246000             2.2069422E-04         1.0000000E+30             25734       
 NEXT SEEDS: 360AA8B       0       0       0       0       0       1    3039       0       0
      60000                240000                240000             2.1979906E-04         1.0000000E+30             28572       
 NEXT SEEDS: 3BE6505       0       0       0       0       0       1    3039       0       0
      66000                234000                234000             2.1976329E-04         1.0000000E+30             31499       
 NEXT SEEDS: 41DC78F       0       0       0       0       0       1    3039       0       0
      72000                228000                228000             2.1836297E-04         1.0000000E+30             34313       
 NEXT SEEDS: 47B002B       0       0       0       0       0       1    3039       0       0
      78000                222000                222000             2.1694694E-04         1.0000000E+30             37053       
 NEXT SEEDS: 4D6C3AA       0       0       0       0       0       1    3039       0       0
      84000                216000                216000             2.1569066E-04         1.0000000E+30             39899       
 NEXT SEEDS: 53401EE       0       0       0       0       0       1    3039       0       0
      90000                210000                210000             2.1671641E-04         1.0000000E+30             42835       
 NEXT SEEDS: 595B12D       0       0       0       0       0       1    3039       0       0
      96000                204000                204000             2.2317706E-04         1.0000000E+30             45609       
 NEXT SEEDS: 5F0D399       0       0       0       0       0       1    3039       0       0
     102000                198000                198000             2.2298035E-04         1.0000000E+30             48406       
 NEXT SEEDS: 64E9F35       0       0       0       0       0       1    3039       0       0
  *** Umfnst:amsq,np0,np,kpart  -2.6020852139652106E-017           0           1           7
     108000                192000                192000             2.2305690E-04         1.0000000E+30             51266       
 NEXT SEEDS: 6ACD5F4       0       0       0       0       0       1    3039       0       0
     114000                186000                186000             2.2260760E-04         1.0000000E+30             53886       
 NEXT SEEDS: 7047EFF       0       0       0       0       0       1    3039       0       0
     120000                180000                180000             2.2325637E-04         1.0000000E+30             56845       
 NEXT SEEDS: 764B44C       0       0       0       0       0       1    3039       0       0
     126000                174000                174000             2.2328832E-04         1.0000000E+30             59754       
 NEXT SEEDS: 7C4C748       0       0       0       0       0       1    3039       0       0
     132000                168000                168000             2.2350730E-04         1.0000000E+30             62648       
 NEXT SEEDS: 826001C       0       0       0       0       0       1    3039       0       0
     138000                162000                162000             2.2440606E-04         1.0000000E+30             65622       
 NEXT SEEDS: 8881E36       0       0       0       0       0       1    3039       0       0
 KASKAD, TXYZ: 0.999999999990861    
 -1.910665442311419E-03 3.471731409916960E-04 0.999998114403272    
    Jtrack, Ibtar, Ichtar, Etrack     1     9     4  49.9743617902034    
    Ibarch(Jtrack), Ichrge(Jtrack)     1     1
    Iloflk, Tkeflk     1 4.079570111226172E-05
    Linevt,Lelevt,Ldecay,Ldltry,Leldis,Lpairp,Lbrmsp T F F F F F F
     144000                156000                156000             2.2570533E-04         1.0000000E+30             68465       
 NEXT SEEDS: 8E6A07A       0       0       0       0       0       1    3039       0       0
     150000                150000                150000             2.2639684E-04         1.0000000E+30             71301       
 NEXT SEEDS: 9446F57       0       0       0       0       0       1    3039       0       0
     156000                144000                144000             2.2860378E-04         1.0000000E+30             74214       
 NEXT SEEDS: 9A5D32A       0       0       0       0       0       1    3039       0       0
     162000                138000                138000             2.2932418E-04         1.0000000E+30             77160       
 NEXT SEEDS: A07178C       0       0       0       0       0       1    3039       0       0
     168000                132000                132000             2.2953097E-04         1.0000000E+30             79999       
 NEXT SEEDS: A642AAA       0       0       0       0       0       1    3039       0       0
     174000                126000                126000             2.2963796E-04         1.0000000E+30             82836       
 NEXT SEEDS: AC5ECDA       0       0       0       0       0       1    3039       0       0
     180000                120000                120000             2.3018449E-04         1.0000000E+30             85828       
 NEXT SEEDS: B2B40E8       0       0       0       0       0       1    3039       0       0
     186000                114000                114000             2.3098823E-04         1.0000000E+30             88580       
 NEXT SEEDS: B86819D       0       0       0       0       0       1    3039       0       0
     192000                108000                108000             2.3072473E-04         1.0000000E+30             91350       
 NEXT SEEDS: BE34AB6       0       0       0       0       0       1    3039       0       0
 KASKAD, TXYZ: 0.999999999999481    
 -1.924369498133939E-02-5.440001946988947E-02-0.998333770882316    
    Jtrack, Ibtar, Ichtar, Etrack     8     9     4  45.4227513511759    
    Ibarch(Jtrack), Ichrge(Jtrack)     1     0
    Iloflk, Tkeflk     8 8.858255467624199E-04
    Linevt,Lelevt,Ldecay,Ldltry,Leldis,Lpairp,Lbrmsp T F F F F F F
     198000                102000                102000             2.3040481E-04         1.0000000E+30             94256       
 NEXT SEEDS: C433931       0       0       0       0       0       1    3039       0       0
     204000                 96000                 96000             2.2998827E-04         1.0000000E+30             96840       
 NEXT SEEDS: C99F4F9       0       0       0       0       0       1    3039       0       0
     210000                 90000                 90000             2.3010930E-04         1.0000000E+30             99725       
 NEXT SEEDS: CF94228       0       0       0       0       0       1    3039       0       0
 Warning: Too many failed attemps to perfom  (n,NNg)
       on Z=           4 A=           9 Ekin=   1.8759342798631451E-003
 Warning: Too many failed attemps to perfom  (n,NNg)
       on Z=           4 A=           9 Ekin=   1.8759342798631451E-003
     216000                 84000                 84000             2.2979590E-04         1.0000000E+30            102477       
 NEXT SEEDS: D548785       0       0       0       0       0       1    3039       0       0
     222000                 78000                 78000             2.2986398E-04         1.0000000E+30            105243       
 NEXT SEEDS: DAEBE03       0       0       0       0       0       1    3039       0       0
     228000                 72000                 72000             2.2959010E-04         1.0000000E+30            108123       
 NEXT SEEDS: E0D0B77       0       0       0       0       0       1    3039       0       0
  Ferevv: Umo2 < Urmin2 !!   6.2281567976187375        7.0333316290233352               17           1   1.1156299999999999       0.93827231000000000      F           0
     234000                 66000                 66000             2.2967280E-04         1.0000000E+30            111028       
 NEXT SEEDS: E6C7B64       0       0       0       0       0       1    3039       0       0
     240000                 60000                 60000             2.2958875E-04         1.0000000E+30            113880       
 NEXT SEEDS: ECBEBA7       0       0       0       0       0       1    3039       0       0
     246000                 54000                 54000             2.2930610E-04         1.0000000E+30            116767       
 NEXT SEEDS: F2B4BDB       0       0       0       0       0       1    3039       0       0
     252000                 48000                 48000             2.2973976E-04         1.0000000E+30            119591       
 NEXT SEEDS: F89E1DB       0       0       0       0       0       1    3039       0       0
  Ferevv: Umo2 < Urmin2 !!   6.5683964518821520        7.3854472126390966               20           8   1.1974300000000000       0.93956563000000004      F           0
     258000                 42000                 42000             2.2968909E-04         1.0000000E+30            122536       
 NEXT SEEDS: FEB02A3       0       0       0       0       0       1    3039       0       0
     264000                 36000                 36000             2.2944200E-04         1.0000000E+30            125300       
 NEXT SEEDS:104725B4       0       0       0       0       0       1    3039       0       0
     270000                 30000                 30000             2.2925262E-04         1.0000000E+30            128173       
 NEXT SEEDS:10A4A1CD       0       0       0       0       0       1    3039       0       0
     276000                 24000                 24000             2.2976378E-04         1.0000000E+30            131220       
 NEXT SEEDS:1108766B       0       0       0       0       0       1    3039       0       0
     282000                 18000                 18000             2.3072953E-04         1.0000000E+30            134100       
 NEXT SEEDS:11692BA0       0       0       0       0       0       1    3039       0       0
     288000                 12000                 12000             2.3062974E-04         1.0000000E+30            136930       
 NEXT SEEDS:11C6486D       0       0       0       0       0       1    3039       0       0
     294000                  6000                  6000             2.3043906E-04         1.0000000E+30            139693       
 NEXT SEEDS:122221C8       0       0       0       0       0       1    3039       0       0
 KASKAD, TXYZ: 0.999999999970995    
  1.550420209341822E-03-6.377319649982030E-04 0.999998594717566    
    Jtrack, Ibtar, Ichtar, Etrack     1     9     4  49.9847282546421    
    Ibarch(Jtrack), Ichrge(Jtrack)     1     1
    Iloflk, Tkeflk     8 2.130436007397041E-05
    Linevt,Lelevt,Ldecay,Ldltry,Leldis,Lpairp,Lbrmsp T F F F F F F
     299950                    50                    50             2.3055015E-04         1.0000000E+30            142552       
 NEXT SEEDS:127E6025       0       0       0       0       0       1    3039       0       0
     299951                    49                    49             2.3055000E-04         1.0000000E+30            142552       
 NEXT SEEDS:127E60BF       0       0       0       0       0       1    3039       0       0
     299952                    48                    48             2.3055126E-04         1.0000000E+30            142553       
 NEXT SEEDS:127E651A       0       0       0       0       0       1    3039       0       0
     299953                    47                    47             2.3055118E-04         1.0000000E+30            142553       
 NEXT SEEDS:127E653D       0       0       0       0       0       1    3039       0       0
     299954                    46                    46             2.3055089E-04         1.0000000E+30            142553       
 NEXT SEEDS:127E6586       0       0       0       0       0       1    3039       0       0
     299955                    45                    45             2.3055046E-04         1.0000000E+30            142553       
 NEXT SEEDS:127E65DE       0       0       0       0       0       1    3039       0       0
     299956                    44                    44             2.3054994E-04         1.0000000E+30            142553       
 NEXT SEEDS:127E6628       0       0       0       0       0       1    3039       0       0
     299957                    43                    43             2.3055070E-04         1.0000000E+30            142554       
 NEXT SEEDS:127E6BF0       0       0       0       0       0       1    3039       0       0
     299958                    42                    42             2.3055036E-04         1.0000000E+30            142554       
 NEXT SEEDS:127E6C32       0       0       0       0       0       1    3039       0       0
     299959                    41                    41             2.3054987E-04         1.0000000E+30            142554       
 NEXT SEEDS:127E6C85       0       0       0       0       0       1    3039       0       0
     299960                    40                    40             2.3055058E-04         1.0000000E+30            142556       
 NEXT SEEDS:127E7568       0       0       0       0       0       1    3039       0       0
     299961                    39                    39             2.3055012E-04         1.0000000E+30            142556       
 NEXT SEEDS:127E75AE       0       0       0       0       0       1    3039       0       0
     299962                    38                    38             2.3055393E-04         1.0000000E+30            142558       
 NEXT SEEDS:127E8B17       0       0       0       0       0       1    3039       0       0
     299963                    37                    37             2.3055372E-04         1.0000000E+30            142558       
 NEXT SEEDS:127E8B88       0       0       0       0       0       1    3039       0       0
     299964                    36                    36             2.3055603E-04         1.0000000E+30            142560       
 NEXT SEEDS:127EA1C5       0       0       0       0       0       1    3039       0       0
     299965                    35                    35             2.3055607E-04         1.0000000E+30            142560       
 NEXT SEEDS:127EA519       0       0       0       0       0       1    3039       0       0
     299966                    34                    34             2.3055556E-04         1.0000000E+30            142560       
 NEXT SEEDS:127EA538       0       0       0       0       0       1    3039       0       0
     299967                    33                    33             2.3055881E-04         1.0000000E+30            142564       
 NEXT SEEDS:127EBC37       0       0       0       0       0       1    3039       0       0
     299968                    32                    32             2.3055847E-04         1.0000000E+30            142564       
 NEXT SEEDS:127EBC6D       0       0       0       0       0       1    3039       0       0
     299969                    31                    31             2.3055829E-04         1.0000000E+30            142564       
 NEXT SEEDS:127EBE54       0       0       0       0       0       1    3039       0       0
     299970                    30                    30             2.3056095E-04         1.0000000E+30            142567       
 NEXT SEEDS:127ECFBD       0       0       0       0       0       1    3039       0       0
     299971                    29                    29             2.3056054E-04         1.0000000E+30            142567       
 NEXT SEEDS:127ED020       0       0       0       0       0       1    3039       0       0
     299972                    28                    28             2.3056000E-04         1.0000000E+30            142567       
 NEXT SEEDS:127ED04D       0       0       0       0       0       1    3039       0       0
     299973                    27                    27             2.3055949E-04         1.0000000E+30            142567       
 NEXT SEEDS:127ED098       0       0       0       0       0       1    3039       0       0
     299974                    26                    26             2.3055897E-04         1.0000000E+30            142567       
 NEXT SEEDS:127ED0BF       0       0       0       0       0       1    3039       0       0
     299975                    25                    25             2.3056225E-04         1.0000000E+30            142569       
 NEXT SEEDS:127EE5DD       0       0       0       0       0       1    3039       0       0
     299976                    24                    24             2.3056229E-04         1.0000000E+30            142569       
 NEXT SEEDS:127EE6B2       0       0       0       0       0       1    3039       0       0
     299977                    23                    23             2.3056203E-04         1.0000000E+30            142569       
 NEXT SEEDS:127EE791       0       0       0       0       0       1    3039       0       0
     299978                    22                    22             2.3056152E-04         1.0000000E+30            142569       
 NEXT SEEDS:127EE7AE       0       0       0       0       0       1    3039       0       0
     299979                    21                    21             2.3056126E-04         1.0000000E+30            142569       
 NEXT SEEDS:127EE7DE       0       0       0       0       0       1    3039       0       0
     299980                    20                    20             2.3056604E-04         1.0000000E+30            142574       
 NEXT SEEDS:127F08BD       0       0       0       0       0       1    3039       0       0
     299981                    19                    19             2.3056585E-04         1.0000000E+30            142574       
 NEXT SEEDS:127F08FB       0       0       0       0       0       1    3039       0       0
     299982                    18                    18             2.3056539E-04         1.0000000E+30            142574       
 NEXT SEEDS:127F094E       0       0       0       0       0       1    3039       0       0
     299983                    17                    17             2.3056625E-04         1.0000000E+30            142575       
 NEXT SEEDS:127F0F18       0       0       0       0       0       1    3039       0       0
     299984                    16                    16             2.3056797E-04         1.0000000E+30            142576       
 NEXT SEEDS:127F17EA       0       0       0       0       0       1    3039       0       0
     299985                    15                    15             2.3057023E-04         1.0000000E+30            142577       
 NEXT SEEDS:127F2079       0       0       0       0       0       1    3039       0       0
     299986                    14                    14             2.3056979E-04         1.0000000E+30            142577       
 NEXT SEEDS:127F209C       0       0       0       0       0       1    3039       0       0
     299987                    13                    13             2.3056930E-04         1.0000000E+30            142577       
 NEXT SEEDS:127F20EA       0       0       0       0       0       1    3039       0       0
     299988                    12                    12             2.3056881E-04         1.0000000E+30            142577       
 NEXT SEEDS:127F2165       0       0       0       0       0       1    3039       0       0
     299989                    11                    11             2.3056827E-04         1.0000000E+30            142577       
 NEXT SEEDS:127F2183       0       0       0       0       0       1    3039       0       0
     299990                    10                    10             2.3056773E-04         1.0000000E+30            142577       
 NEXT SEEDS:127F21A8       0       0       0       0       0       1    3039       0       0
     299991                     9                     9             2.3056750E-04         1.0000000E+30            142577       
 NEXT SEEDS:127F21F2       0       0       0       0       0       1    3039       0       0
     299992                     8                     8             2.3057121E-04         1.0000000E+30            142580       
 NEXT SEEDS:127F36E4       0       0       0       0       0       1    3039       0       0
     299993                     7                     7             2.3057100E-04         1.0000000E+30            142580       
 NEXT SEEDS:127F376E       0       0       0       0       0       1    3039       0       0
     299994                     6                     6             2.3057399E-04         1.0000000E+30            142583       
 NEXT SEEDS:127F456A       0       0       0       0       0       1    3039       0       0
     299995                     5                     5             2.3057361E-04         1.0000000E+30            142583       
 NEXT SEEDS:127F45D7       0       0       0       0       0       1    3039       0       0
     299996                     4                     4             2.3057345E-04         1.0000000E+30            142583       
 NEXT SEEDS:127F48A3       0       0       0       0       0       1    3039       0       0
     299997                     3                     3             2.3057306E-04         1.0000000E+30            142583       
 NEXT SEEDS:127F4958       0       0       0       0       0       1    3039       0       0
     299998                     2                     2             2.3057255E-04         1.0000000E+30            142583       
 NEXT SEEDS:127F4995       0       0       0       0       0       1    3039       0       0
     299999                     1                     1             2.3057203E-04         1.0000000E+30            142583       
 NEXT SEEDS:127F4A02       0       0       0       0       0       1    3039       0       0
     300000                     0                     1             2.3057289E-04         1.0000000E+30            142584       
 NEXT SEEDS:127F508C       0       0       0       0       0       1    3039       0       0
