  **** bestcong_47.bnx ****

  Charged pion fluence inside and around a proton-irradiated Be target            

  Total primaries run:         1500000
   Total weight of the primaries run:   1500000.00    


  Detector n:            1 (           1 )  piCurrUD  
     (Area:            400.000000      cmq,
      distr. scored:         209    ,
      from reg.           3  to            4 ,
      one way scoring,
      current scoring)

     Tot. resp. (Part/cmq/pr)  1.2680262E-03  +/-  0.1328519     %
     ( -->      (Part/pr)      0.5072104      +/-  0.1328519     % )

  **** Different. Fluxes as a function of energy **** ****      (integrated over solid angle)        ****


  Energy boundaries (GeV):

   50.00005       30.54858       18.66430       11.40334       6.967113    
   4.256703       2.600722       1.588966      0.9708120      0.5931380    
  0.3623901      0.2214098      0.1352750      8.2649104E-02  5.0496202E-02
  3.0851712E-02  1.8849501E-02  1.1516498E-02  7.0362468E-03  4.2989431E-03
  2.6265297E-03  1.6047333E-03  9.8044542E-04  5.9902371E-04  3.6598611E-04
  2.2360691E-04  1.3661734E-04  8.3469226E-05  5.0997282E-05  3.1157859E-05
  1.9036546E-05  1.1630777E-05  7.1060676E-06  4.3416017E-06  2.6525925E-06
  1.6206570E-06  9.9017450E-07  6.0496785E-07  3.6961782E-07  2.2582576E-07
  1.3797299E-07  8.4297497E-08  5.1503324E-08  3.1467035E-08  1.9225448E-08
  1.1746191E-08  7.1765816E-09  4.3846828E-09  2.6789142E-09  1.6367389E-09
  Lowest boundary   (GeV):  9.9999997E-10

  Flux (Part/GeV/cmq/pr):

  5.7579257E-08 +/-    3.769024     %   1.0992120E-06 +/-    1.072309     % 
  5.4942338E-06 +/-   0.5418438     %   1.8244858E-05 +/-   0.3181849     % 
  4.4608321E-05 +/-   0.2563594     %   9.2575625E-05 +/-   0.3234552     % 
  1.7169333E-04 +/-   0.4662085     %   2.8973399E-04 +/-   0.4297727     % 
  4.4617438E-04 +/-   0.5162551     %   5.9996988E-04 +/-   0.3353343     % 
  6.6075497E-04 +/-   0.1345028     %   5.9221138E-04 +/-   0.3882972     % 
  5.1742629E-04 +/-   0.3699859     %   4.5625784E-04 +/-    1.261870     % 
  3.7992027E-04 +/-   0.8767741     %   2.7175568E-04 +/-    2.850323     % 
  1.7591714E-04 +/-    4.917205     %   1.0490488E-04 +/-    2.284414     % 
  7.3064635E-05 +/-    8.640184     %   6.9759510E-05 +/-    15.97191     % 
  7.0137976E-05 +/-    18.23766     %   5.6063924E-05 +/-    23.08419     % 
  6.5544293E-05 +/-    18.25742     %   7.1519258E-05 +/-    27.38613     % 
  3.5117504E-05 +/-    40.82483     %   5.7478184E-05 +/-    66.66666     % 
  6.2717852E-05 +/-    61.23724     %   2.5663187E-04 +/-    77.45966     % 
  8.4007872E-05 +/-    99.00000     %    0.000000     +/-    0.000000     % 
  2.2504988E-04 +/-    99.00000     %    0.000000     +/-    0.000000     % 
   0.000000     +/-    0.000000     %    0.000000     +/-    0.000000     % 
   0.000000     +/-    0.000000     %    0.000000     +/-    0.000000     % 
   0.000000     +/-    0.000000     %    0.000000     +/-    0.000000     % 
   0.000000     +/-    0.000000     %    0.000000     +/-    0.000000     % 
   0.000000     +/-    0.000000     %    0.000000     +/-    0.000000     % 
   0.000000     +/-    0.000000     %    0.000000     +/-    0.000000     % 
   0.000000     +/-    0.000000     %    0.000000     +/-    0.000000     % 
   0.000000     +/-    0.000000     %    0.000000     +/-    0.000000     % 
   0.000000     +/-    0.000000     %    0.000000     +/-    0.000000     % 


  **** Cumulative Fluxes as a function of energy **** ****      (integrated over solid angle)        ****


  Energy boundaries (GeV):

   50.00005       30.54858       18.66430       11.40334       6.967113    
   4.256703       2.600722       1.588966      0.9708120      0.5931380    
  0.3623901      0.2214098      0.1352750      8.2649104E-02  5.0496202E-02
  3.0851712E-02  1.8849501E-02  1.1516498E-02  7.0362468E-03  4.2989431E-03
  2.6265297E-03  1.6047333E-03  9.8044542E-04  5.9902371E-04  3.6598611E-04
  2.2360691E-04  1.3661734E-04  8.3469226E-05  5.0997282E-05  3.1157859E-05
  1.9036546E-05  1.1630777E-05  7.1060676E-06  4.3416017E-06  2.6525925E-06
  1.6206570E-06  9.9017450E-07  6.0496785E-07  3.6961782E-07  2.2582576E-07
  1.3797299E-07  8.4297497E-08  5.1503324E-08  3.1467035E-08  1.9225448E-08
  1.1746191E-08  7.1765816E-09  4.3846828E-09  2.6789142E-09  1.6367389E-09
  Lowest boundary   (GeV):  9.9999997E-10

  Cumul. Flux (Part/cmq/pr):

  1.1200009E-06 +/-    3.769024     %   1.4183349E-05 +/-   0.8166652     % 
  5.4076718E-05 +/-   0.1995843     %   1.3501511E-04 +/-   0.2246985     % 
  2.5592191E-04 +/-   0.1754899     %   4.0922538E-04 +/-   0.1791065     % 
  5.8293721E-04 +/-   0.2514239     %   7.6203741E-04 +/-   0.1566839     % 
  9.3054585E-04 +/-   0.1528341     %   1.0689877E-03 +/-   0.1366731     % 
  1.1621411E-03 +/-   0.1244840     %   1.2131511E-03 +/-   0.1313505     % 
  1.2403812E-03 +/-   0.1334019     %   1.2550511E-03 +/-   0.1288832     % 
  1.2625145E-03 +/-   0.1282599     %   1.2657761E-03 +/-   0.1283200     % 
  1.2670661E-03 +/-   0.1314002     %   1.2675362E-03 +/-   0.1319767     % 
  1.2677362E-03 +/-   0.1314975     %   1.2678528E-03 +/-   0.1310844     % 
  1.2679244E-03 +/-   0.1311926     %   1.2679595E-03 +/-   0.1317345     % 
  1.2679845E-03 +/-   0.1319035     %   1.2680012E-03 +/-   0.1321535     % 
  1.2680062E-03 +/-   0.1322434     %   1.2680112E-03 +/-   0.1324638     % 
  1.2680145E-03 +/-   0.1326063     %   1.2680228E-03 +/-   0.1328261     % 
  1.2680244E-03 +/-   0.1329044     %   1.2680244E-03 +/-   0.1329044     % 
  1.2680262E-03 +/-   0.1328518     %   1.2680262E-03 +/-   0.1328518     % 
  1.2680262E-03 +/-   0.1328518     %   1.2680262E-03 +/-   0.1328518     % 
  1.2680262E-03 +/-   0.1328518     %   1.2680262E-03 +/-   0.1328518     % 
  1.2680262E-03 +/-   0.1328518     %   1.2680262E-03 +/-   0.1328518     % 
  1.2680262E-03 +/-   0.1328518     %   1.2680262E-03 +/-   0.1328518     % 
  1.2680262E-03 +/-   0.1328518     %   1.2680262E-03 +/-   0.1328518     % 
  1.2680262E-03 +/-   0.1328518     %   1.2680262E-03 +/-   0.1328518     % 
  1.2680262E-03 +/-   0.1328518     %   1.2680262E-03 +/-   0.1328518     % 
  1.2680262E-03 +/-   0.1328518     %   1.2680262E-03 +/-   0.1328518     % 
  1.2680262E-03 +/-   0.1328518     %   1.2680262E-03 +/-   0.1328518     % 

  **** Double diff. Fluxes as a function of energy ****


  Solid angle minimum value (sr):   0.000000    

  Solid angle upper boundaries (sr):

  0.6283185       1.256637       1.884956       2.513274       3.141593    
   3.769911       4.398230       5.026548       5.654867       6.283185    

  Angular minimum value (deg.):   0.000000    

  Angular upper boundaries (deg.):

   25.84193       36.86990       45.57299       53.13010       60.00000    
   66.42182       72.54240       78.46304       84.26083       90.00000    


  Energy interval (GeV):   50.00005       30.54858    

  Flux (Part/sr/GeV/cmq/pr):

  9.1640231E-08 +/-    3.769024     %    0.000000     +/-    0.000000     % 
   0.000000     +/-    0.000000     %    0.000000     +/-    0.000000     % 
   0.000000     +/-    0.000000     %    0.000000     +/-    0.000000     % 
   0.000000     +/-    0.000000     %    0.000000     +/-    0.000000     % 
   0.000000     +/-    0.000000     %    0.000000     +/-    0.000000     % 

  Flux (Part/deg/GeV/cmq/pr):

  2.2281328E-09 +/-    3.769024     %    0.000000     +/-    0.000000     % 
   0.000000     +/-    0.000000     %    0.000000     +/-    0.000000     % 
   0.000000     +/-    0.000000     %    0.000000     +/-    0.000000     % 
   0.000000     +/-    0.000000     %    0.000000     +/-    0.000000     % 
   0.000000     +/-    0.000000     %    0.000000     +/-    0.000000     % 

  Energy interval (GeV):   30.54858       18.66430    

  Flux (Part/sr/GeV/cmq/pr):

  1.7494501E-06 +/-    1.072309     %    0.000000     +/-    0.000000     % 
   0.000000     +/-    0.000000     %    0.000000     +/-    0.000000     % 
   0.000000     +/-    0.000000     %    0.000000     +/-    0.000000     % 
   0.000000     +/-    0.000000     %    0.000000     +/-    0.000000     % 
   0.000000     +/-    0.000000     %    0.000000     +/-    0.000000     % 

  Flux (Part/deg/GeV/cmq/pr):

  4.2535984E-08 +/-    1.072309     %    0.000000     +/-    0.000000     % 
   0.000000     +/-    0.000000     %    0.000000     +/-    0.000000     % 
   0.000000     +/-    0.000000     %    0.000000     +/-    0.000000     % 
   0.000000     +/-    0.000000     %    0.000000     +/-    0.000000     % 
   0.000000     +/-    0.000000     %    0.000000     +/-    0.000000     % 

  Energy interval (GeV):   18.66430       11.40334    

  Flux (Part/sr/GeV/cmq/pr):

  8.7443450E-06 +/-   0.5418438     %    0.000000     +/-    0.000000     % 
   0.000000     +/-    0.000000     %    0.000000     +/-    0.000000     % 
   0.000000     +/-    0.000000     %    0.000000     +/-    0.000000     % 
   0.000000     +/-    0.000000     %    0.000000     +/-    0.000000     % 
   0.000000     +/-    0.000000     %    0.000000     +/-    0.000000     % 

  Flux (Part/deg/GeV/cmq/pr):

  2.1260925E-07 +/-   0.5418438     %    0.000000     +/-    0.000000     % 
   0.000000     +/-    0.000000     %    0.000000     +/-    0.000000     % 
   0.000000     +/-    0.000000     %    0.000000     +/-    0.000000     % 
   0.000000     +/-    0.000000     %    0.000000     +/-    0.000000     % 
   0.000000     +/-    0.000000     %    0.000000     +/-    0.000000     % 

  Energy interval (GeV):   11.40334       6.967113    

  Flux (Part/sr/GeV/cmq/pr):

  2.9037592E-05 +/-   0.3181849     %    0.000000     +/-    0.000000     % 
   0.000000     +/-    0.000000     %    0.000000     +/-    0.000000     % 
   0.000000     +/-    0.000000     %    0.000000     +/-    0.000000     % 
   0.000000     +/-    0.000000     %    0.000000     +/-    0.000000     % 
   0.000000     +/-    0.000000     %    0.000000     +/-    0.000000     % 

  Flux (Part/deg/GeV/cmq/pr):

  7.0601754E-07 +/-   0.3181849     %    0.000000     +/-    0.000000     % 
   0.000000     +/-    0.000000     %    0.000000     +/-    0.000000     % 
   0.000000     +/-    0.000000     %    0.000000     +/-    0.000000     % 
   0.000000     +/-    0.000000     %    0.000000     +/-    0.000000     % 
   0.000000     +/-    0.000000     %    0.000000     +/-    0.000000     % 

  Energy interval (GeV):   6.967113       4.256703    

  Flux (Part/sr/GeV/cmq/pr):

  7.0996342E-05 +/-   0.2563594     %    0.000000     +/-    0.000000     % 
   0.000000     +/-    0.000000     %    0.000000     +/-    0.000000     % 
   0.000000     +/-    0.000000     %    0.000000     +/-    0.000000     % 
   0.000000     +/-    0.000000     %    0.000000     +/-    0.000000     % 
   0.000000     +/-    0.000000     %    0.000000     +/-    0.000000     % 

  Flux (Part/deg/GeV/cmq/pr):

  1.7261991E-06 +/-   0.2563594     %    0.000000     +/-    0.000000     % 
   0.000000     +/-    0.000000     %    0.000000     +/-    0.000000     % 
   0.000000     +/-    0.000000     %    0.000000     +/-    0.000000     % 
   0.000000     +/-    0.000000     %    0.000000     +/-    0.000000     % 
   0.000000     +/-    0.000000     %    0.000000     +/-    0.000000     % 

  Energy interval (GeV):   4.256703       2.600722    

  Flux (Part/sr/GeV/cmq/pr):

  1.4714005E-04 +/-   0.3298425     %   1.9542213E-07 +/-    6.161187     % 
  3.2036414E-09 +/-    61.23724     %    0.000000     +/-    0.000000     % 
   0.000000     +/-    0.000000     %    0.000000     +/-    0.000000     % 
   0.000000     +/-    0.000000     %    0.000000     +/-    0.000000     % 
   0.000000     +/-    0.000000     %    0.000000     +/-    0.000000     % 

  Flux (Part/deg/GeV/cmq/pr):

  3.5775506E-06 +/-   0.3298425     %   1.1134181E-08 +/-    6.161187     % 
  2.3128628E-10 +/-    61.23724     %    0.000000     +/-    0.000000     % 
   0.000000     +/-    0.000000     %    0.000000     +/-    0.000000     % 
   0.000000     +/-    0.000000     %    0.000000     +/-    0.000000     % 
   0.000000     +/-    0.000000     %    0.000000     +/-    0.000000     % 

  Energy interval (GeV):   2.600722       1.588966    

  Flux (Part/sr/GeV/cmq/pr):

  2.6775009E-04 +/-   0.4694341     %   5.0468925E-06 +/-    1.251075     % 
  4.1161667E-07 +/-    11.05972     %   4.7191719E-08 +/-    18.83981     % 
  2.6217621E-09 +/-    99.00000     %    0.000000     +/-    0.000000     % 
   0.000000     +/-    0.000000     %    0.000000     +/-    0.000000     % 
   0.000000     +/-    0.000000     %    0.000000     +/-    0.000000     % 

  Flux (Part/deg/GeV/cmq/pr):

  6.5100530E-06 +/-   0.4694341     %   2.8754681E-07 +/-    1.251075     % 
  2.9716587E-08 +/-    11.05972     %   3.9236494E-09 +/-    18.83981     % 
  2.3978552E-10 +/-    99.00000     %    0.000000     +/-    0.000000     % 
   0.000000     +/-    0.000000     %    0.000000     +/-    0.000000     % 
   0.000000     +/-    0.000000     %    0.000000     +/-    0.000000     % 

  Energy interval (GeV):   1.588966      0.9708120    

  Flux (Part/sr/GeV/cmq/pr):

  4.1131009E-04 +/-   0.4602400     %   4.0083542E-05 +/-   0.6830580     % 
  7.2949383E-06 +/-    3.294905     %   1.7808231E-06 +/-    2.188662     % 
  4.7631656E-07 +/-    12.45070     %   1.5448104E-07 +/-    11.11111     % 
  2.5746841E-08 +/-    16.66667     %    0.000000     +/-    0.000000     % 
   0.000000     +/-    0.000000     %    0.000000     +/-    0.000000     % 

  Flux (Part/deg/GeV/cmq/pr):

  1.0000558E-05 +/-   0.4602400     %   2.2837608E-06 +/-   0.6830580     % 
  5.2665666E-07 +/-    3.294905     %   1.4806254E-07 +/-    2.188662     % 
  4.3563759E-08 +/-    12.45070     %   1.5114603E-08 +/-    11.11111     % 
  2.6430877E-09 +/-    16.66667     %    0.000000     +/-    0.000000     % 
   0.000000     +/-    0.000000     %    0.000000     +/-    0.000000     % 

  Energy interval (GeV):  0.9708120      0.5931380    

  Flux (Part/sr/GeV/cmq/pr):

  5.1060668E-04 +/-   0.6162629     %   1.3195707E-04 +/-   0.6556990     % 
  4.1895033E-05 +/-    1.067870     %   1.5416530E-05 +/-    3.034832     % 
  6.4545743E-06 +/-    1.879994     %   2.4230992E-06 +/-    4.605870     % 
  9.2007537E-07 +/-    6.763376     %   3.3712686E-07 +/-    10.72462     % 
  8.4281716E-08 +/-    70.46473     %   1.4046952E-08 +/-    61.23724     % 

  Flux (Part/deg/GeV/cmq/pr):

  1.2414848E-05 +/-   0.6162629     %   7.5182570E-06 +/-   0.6556990     % 
  3.0246040E-06 +/-    1.067870     %   1.2817727E-06 +/-    3.034832     % 
  5.9033329E-07 +/-    1.879994     %   2.3707882E-07 +/-    4.605870     % 
  9.4451977E-08 +/-    6.763376     %   3.5777035E-08 +/-    10.72462     % 
  9.1337879E-09 +/-    70.46473     %   1.5378461E-09 +/-    61.23724     % 

  Energy interval (GeV):  0.5931380      0.3623901    

  Flux (Part/sr/GeV/cmq/pr):

  5.0733512E-04 +/-   0.3009133     %   2.3416530E-04 +/-   0.7658952     % 
  1.0772523E-04 +/-   0.9926815     %   5.2684318E-05 +/-    1.037071     % 
  2.7577937E-05 +/-    1.985358     %   1.3679760E-05 +/-    1.111661     % 
  7.0008182E-06 +/-    6.518696     %   3.0348374E-06 +/-    6.377825     % 
  1.4139583E-06 +/-    9.411250     %   2.6439872E-07 +/-    31.20152     % 

  Flux (Part/deg/GeV/cmq/pr):

  1.2335304E-05 +/-   0.3009133     %   1.3341573E-05 +/-   0.7658952     % 
  7.7772029E-06 +/-   0.9926815     %   4.3803193E-06 +/-    1.037071     % 
  2.5222691E-06 +/-    1.985358     %   1.3384434E-06 +/-    1.111661     % 
  7.1868141E-07 +/-    6.518696     %   3.2206714E-07 +/-    6.377825     % 
  1.5323367E-07 +/-    9.411250     %   2.8946102E-08 +/-    31.20152     % 

  Energy interval (GeV):  0.3623901      0.2214098    

  Flux (Part/sr/GeV/cmq/pr):

  4.0943953E-04 +/-   0.3461363     %   2.6868234E-04 +/-   0.8585919     % 
  1.6058849E-04 +/-   0.7547814     %   9.4001189E-05 +/-    1.097418     % 
  5.4677232E-05 +/-    2.006817     %   3.1308642E-05 +/-    2.210935     % 
  1.7968601E-05 +/-    3.290524     %   9.6334279E-06 +/-    3.050880     % 
  4.2334400E-06 +/-    3.063122     %   1.0912868E-06 +/-    5.846836     % 

  Flux (Part/deg/GeV/cmq/pr):

  9.9550780E-06 +/-   0.3461363     %   1.5308182E-05 +/-   0.8585919     % 
  1.1593655E-05 +/-   0.7547814     %   7.8155172E-06 +/-    1.097418     % 
  5.0007620E-06 +/-    2.006817     %   3.0632737E-06 +/-    2.210935     % 
  1.8445987E-06 +/-    3.290524     %   1.0223318E-06 +/-    3.050880     % 
  4.5878690E-07 +/-    3.063122     %   1.1947297E-07 +/-    5.846836     % 

  Energy interval (GeV):  0.2214098      0.1352750    

  Flux (Part/sr/GeV/cmq/pr):

  2.8442923E-04 +/-   0.8244678     %   2.2286859E-04 +/-   0.9276003     % 
  1.5779724E-04 +/-   0.7845345     %   1.0683034E-04 +/-    1.716584     % 
  7.0583781E-05 +/-    2.916691     %   4.5916411E-05 +/-    2.287735     % 
  2.7285005E-05 +/-    4.071035     %   1.5675019E-05 +/-    4.137414     % 
  8.7767794E-06 +/-    6.973546     %   2.3712701E-06 +/-    7.288943     % 

  Flux (Part/deg/GeV/cmq/pr):

  6.9155881E-06 +/-   0.8244678     %   1.2697944E-05 +/-   0.9276003     % 
  1.1392142E-05 +/-   0.7845345     %   8.8821680E-06 +/-    1.716584     % 
  6.4555697E-06 +/-    2.916691     %   4.4925146E-06 +/-    2.287735     % 
  2.8009906E-06 +/-    4.071035     %   1.6634858E-06 +/-    4.137414     % 
  9.5115820E-07 +/-    6.973546     %   2.5960423E-07 +/-    7.288943     % 

  Energy interval (GeV):  0.1352750      8.2649104E-02

  Flux (Part/sr/GeV/cmq/pr):

  1.9768663E-04 +/-    1.044762     %   1.7656712E-04 +/-    1.610818     % 
  1.3760441E-04 +/-    2.116158     %   1.0458943E-04 +/-    1.388420     % 
  7.7270168E-05 +/-    3.050230     %   5.1311828E-05 +/-    3.030098     % 
  3.6543297E-05 +/-    3.758462     %   2.5403891E-05 +/-    2.537047     % 
  1.2147496E-05 +/-    7.288037     %   4.3851956E-06 +/-    10.05337     % 

  Flux (Part/deg/GeV/cmq/pr):

  4.8065358E-06 +/-    1.044762     %   1.0059916E-05 +/-    1.610818     % 
  9.9343242E-06 +/-    2.116158     %   8.6958535E-06 +/-    1.388420     % 
  7.0671044E-06 +/-    3.050230     %   5.0204085E-06 +/-    3.030098     % 
  3.7514171E-06 +/-    3.758462     %   2.6959463E-06 +/-    2.537047     % 
  1.3164499E-06 +/-    7.288037     %   4.8008673E-07 +/-    10.05337     % 

  Energy interval (GeV):  8.2649104E-02  5.0496202E-02

  Flux (Part/sr/GeV/cmq/pr):

  1.6318318E-04 +/-    1.816857     %   1.4569337E-04 +/-    1.831366     % 
  1.1937616E-04 +/-    1.925760     %   9.3223964E-05 +/-    4.211683     % 
  6.7896741E-05 +/-    3.297514     %   5.2634412E-05 +/-    1.991892     % 
  3.6547091E-05 +/-    4.262123     %   2.6399704E-05 +/-    2.964636     % 
  1.6499816E-05 +/-    8.477911     %   4.7024478E-06 +/-    18.31633     % 

  Flux (Part/deg/GeV/cmq/pr):

  3.9676220E-06 +/-    1.816857     %   8.3008836E-06 +/-    1.831366     % 
  8.6183391E-06 +/-    1.925760     %   7.7508967E-06 +/-    4.211683     % 
  6.2098138E-06 +/-    3.297514     %   5.1498114E-06 +/-    1.991892     % 
  3.7518068E-06 +/-    4.262123     %   2.8016254E-06 +/-    2.964636     % 
  1.7881201E-06 +/-    8.477911     %   5.1481919E-07 +/-    18.31633     % 

  Energy interval (GeV):  5.0496202E-02  3.0851712E-02

  Flux (Part/sr/GeV/cmq/pr):

  1.2800792E-04 +/-    5.021916     %   1.1707054E-04 +/-    2.602196     % 
  9.7761324E-05 +/-    2.325616     %   7.9127261E-05 +/-    2.898513     % 
  6.1843486E-05 +/-    4.925989     %   4.8475573E-05 +/-    6.969356     % 
  3.1191805E-05 +/-    7.935196     %   2.5790625E-05 +/-    3.248606     % 
  1.2017621E-05 +/-    12.61233     %   3.3757362E-06 +/-    18.97367     % 

  Flux (Part/deg/GeV/cmq/pr):

  3.1123736E-06 +/-    5.021916     %   6.6700968E-06 +/-    2.602196     % 
  7.0578599E-06 +/-    2.325616     %   6.5788581E-06 +/-    2.898513     % 
  5.6561853E-06 +/-    4.925989     %   4.7429062E-06 +/-    6.969356     % 
  3.2020503E-06 +/-    7.935196     %   2.7369879E-06 +/-    3.248606     % 
  1.3023752E-06 +/-    12.61233     %   3.6957218E-07 +/-    18.97367     % 

  Energy interval (GeV):  3.0851712E-02  1.8849501E-02

  Flux (Part/sr/GeV/cmq/pr):

  9.1718299E-05 +/-    5.612442     %   8.4204032E-05 +/-    6.230486     % 
  6.2766259E-05 +/-    4.254594     %   5.3041909E-05 +/-    3.423266     % 
  4.4643606E-05 +/-    12.09077     %   3.4256234E-05 +/-    5.679618     % 
  2.9394059E-05 +/-    8.287748     %   2.0774747E-05 +/-    15.72526     % 
  8.8403185E-06 +/-    19.36492     %   2.8731035E-06 +/-    26.08588     % 

  Flux (Part/deg/GeV/cmq/pr):

  2.2300310E-06 +/-    5.612442     %   4.7975268E-06 +/-    6.230486     % 
  4.5313982E-06 +/-    4.254594     %   4.4100502E-06 +/-    3.423266     % 
  4.0830896E-06 +/-    12.09077     %   3.3516694E-06 +/-    5.679618     % 
  3.0174995E-06 +/-    8.287748     %   2.2046861E-06 +/-    15.72526     % 
  9.5804410E-07 +/-    19.36492     %   3.1454445E-07 +/-    26.08588     % 

  Energy interval (GeV):  1.8849501E-02  1.1516498E-02

  Flux (Part/sr/GeV/cmq/pr):

  4.7748665E-05 +/-    13.84520     %   4.7025202E-05 +/-    10.02954     % 
  4.4131342E-05 +/-    10.41661     %   3.9790553E-05 +/-    2.489648     % 
  3.5449768E-05 +/-    7.498438     %   2.2427403E-05 +/-    4.838711     % 
  2.2065671E-05 +/-    5.437090     %   1.1937166E-05 +/-    15.59944     % 
  6.1494493E-06 +/-    19.94803     %   3.2555909E-06 +/-    40.82483     % 

  Flux (Part/deg/GeV/cmq/pr):

  1.1609570E-06 +/-    13.84520     %   2.6792620E-06 +/-    10.02954     % 
  3.1860538E-06 +/-    10.41661     %   3.3082961E-06 +/-    2.489648     % 
  3.2422242E-06 +/-    7.498438     %   2.1943231E-06 +/-    4.838711     % 
  2.2651907E-06 +/-    5.437090     %   1.2668122E-06 +/-    15.59944     % 
  6.6642889E-07 +/-    19.94803     %   3.5641878E-07 +/-    40.82483     % 

  Energy interval (GeV):  1.1516498E-02  7.0362468E-03

  Flux (Part/sr/GeV/cmq/pr):

  2.9011006E-05 +/-    9.352195     %   3.7891925E-05 +/-    13.62156     % 
  2.2498331E-05 +/-    10.68952     %   1.9538023E-05 +/-    17.00753     % 
  1.8945962E-05 +/-    18.22172     %   1.6577718E-05 +/-    12.11130     % 
  1.1841227E-05 +/-    25.00000     %   5.3285521E-06 +/-    32.39418     % 
  4.7364911E-06 +/-    25.00000     %   5.9206138E-07 +/-    99.00000     % 

  Flux (Part/deg/GeV/cmq/pr):

  7.0537112E-07 +/-    9.352195     %   2.1588935E-06 +/-    13.62156     % 
  1.6242627E-06 +/-    10.68952     %   1.6244451E-06 +/-    17.00753     % 
  1.7327916E-06 +/-    18.22172     %   1.6219830E-06 +/-    12.11130     % 
  1.2155822E-06 +/-    25.00000     %   5.6548384E-07 +/-    32.39418     % 
  5.1330358E-07 +/-    25.00000     %   6.4818273E-08 +/-    99.00000     % 

  Energy interval (GeV):  7.0362468E-03  4.2989431E-03

  Flux (Part/sr/GeV/cmq/pr):

  1.3566697E-05 +/-    30.72259     %   2.1319096E-05 +/-    31.81818     % 
  2.1319096E-05 +/-    18.46372     %   1.4535747E-05 +/-    10.54093     % 
  1.9380996E-05 +/-    17.67767     %   6.7833485E-06 +/-    36.42157     % 
  9.6904978E-06 +/-    35.35534     %   4.8452489E-06 +/-    31.62278     % 
  3.8761991E-06 +/-    72.88690     %   9.6904978E-07 +/-    99.00000     % 

  Flux (Part/deg/GeV/cmq/pr):

  3.2985952E-07 +/-    30.72259     %   1.2146560E-06 +/-    31.81818     % 
  1.5391280E-06 +/-    18.46372     %   1.2085420E-06 +/-    10.54093     % 
  1.7725796E-06 +/-    17.67767     %   6.6369063E-07 +/-    36.42157     % 
  9.9479530E-07 +/-    35.35534     %   5.1419408E-07 +/-    31.62278     % 
  4.2007193E-07 +/-    72.88690     %   1.0609059E-07 +/-    99.00000     % 

  Energy interval (GeV):  4.2989431E-03  2.6265297E-03

  Flux (Part/sr/GeV/cmq/pr):

  2.5377303E-05 +/-    11.69268     %   1.9032977E-05 +/-    44.87637     % 
  1.1102570E-05 +/-    36.42157     %   4.7582444E-06 +/-    40.82483     % 
  7.9304073E-06 +/-    31.62278     %   1.4274733E-05 +/-    32.39418     % 
  1.4274733E-05 +/-    53.86311     %   6.3443258E-06 +/-    61.23724     % 
  4.7582444E-06 +/-    66.66666     %   3.1721629E-06 +/-    61.23724     % 

  Flux (Part/deg/GeV/cmq/pr):

  6.1702161E-07 +/-    11.69268     %   1.0844044E-06 +/-    44.87637     % 
  8.0154791E-07 +/-    36.42157     %   3.9561351E-07 +/-    40.82483     % 
  7.2531247E-07 +/-    31.62278     %   1.3966563E-06 +/-    32.39418     % 
  1.4653982E-06 +/-    53.86311     %   6.7328119E-07 +/-    61.23724     % 
  5.1566104E-07 +/-    66.66666     %   3.4728518E-07 +/-    61.23724     % 

  Energy interval (GeV):  2.6265297E-03  1.6047333E-03

  Flux (Part/sr/GeV/cmq/pr):

  2.0768010E-05 +/-    25.00000     %   2.0768010E-05 +/-    31.86887     % 
  1.0384005E-05 +/-    61.23724     %   1.5576008E-05 +/-    31.18048     % 
  2.0768010E-05 +/-    31.86887     %   5.1920024E-06 +/-    61.23724     % 
  7.7880040E-06 +/-    66.66666     %   7.7880040E-06 +/-    40.82483     % 
  2.5960012E-06 +/-    99.00000     %    0.000000     +/-    0.000000     % 

  Flux (Part/deg/GeV/cmq/pr):

  5.0495163E-07 +/-    25.00000     %   1.1832578E-06 +/-    31.86887     % 
  7.4967124E-07 +/-    61.23724     %   1.2950321E-06 +/-    31.18048     % 
  1.8994355E-06 +/-    31.86887     %   5.0799150E-07 +/-    61.23724     % 
  7.9949137E-07 +/-    66.66666     %   8.2648916E-07 +/-    40.82483     % 
  2.8133417E-07 +/-    99.00000     %    0.000000     +/-    0.000000     % 

  Energy interval (GeV):  1.6047333E-03  9.8044542E-04

  Flux (Part/sr/GeV/cmq/pr):

  1.6995906E-05 +/-    46.77072     %   1.6995906E-05 +/-    46.77072     % 
  1.2746929E-05 +/-    99.00000     %   1.2746928E-05 +/-    40.82483     % 
  4.2489764E-06 +/-    99.00000     %   8.4979529E-06 +/-    61.23724     % 
  8.4979529E-06 +/-    99.00000     %   8.4979529E-06 +/-    61.23724     % 
   0.000000     +/-    0.000000     %    0.000000     +/-    0.000000     % 

  Flux (Part/deg/GeV/cmq/pr):

  4.1323699E-07 +/-    46.77072     %   9.6834208E-07 +/-    46.77072     % 
  9.2026210E-07 +/-    99.00000     %   1.0598147E-06 +/-    40.82483     % 
  3.8860998E-07 +/-    99.00000     %   8.3144948E-07 +/-    61.23724     % 
  8.7237242E-07 +/-    99.00000     %   9.0183130E-07 +/-    61.23724     % 
   0.000000     +/-    0.000000     %    0.000000     +/-    0.000000     % 

  Energy interval (GeV):  9.8044542E-04  5.9902371E-04

  Flux (Part/sr/GeV/cmq/pr):

  2.0863396E-05 +/-    66.66666     %   1.3908930E-05 +/-    61.23724     % 
  1.3908930E-05 +/-    61.23724     %   2.0863396E-05 +/-    40.82483     % 
  6.9544649E-06 +/-    99.00000     %   6.9544649E-06 +/-    99.00000     % 
  6.9544649E-06 +/-    99.00000     %   6.9544649E-06 +/-    99.00000     % 
   0.000000     +/-    0.000000     %   6.9544649E-06 +/-    99.00000     % 

  Flux (Part/deg/GeV/cmq/pr):

  5.0727084E-07 +/-    66.66666     %   7.9246161E-07 +/-    61.23724     % 
  1.0041525E-06 +/-    61.23724     %   1.7346400E-06 +/-    40.82483     % 
  6.3605313E-07 +/-    99.00000     %   6.8043289E-07 +/-    99.00000     % 
  7.1392299E-07 +/-    99.00000     %   7.3803119E-07 +/-    99.00000     % 
   0.000000     +/-    0.000000     %   7.6136774E-07 +/-    99.00000     % 

  Energy interval (GeV):  5.9902371E-04  3.6598611E-04

  Flux (Part/sr/GeV/cmq/pr):

   0.000000     +/-    0.000000     %   4.5530571E-05 +/-    46.77072     % 
  2.2765285E-05 +/-    99.00000     %   1.1382643E-05 +/-    99.00000     % 
  1.1382643E-05 +/-    99.00000     %   1.1382643E-05 +/-    99.00000     % 
  1.1382643E-05 +/-    99.00000     %    0.000000     +/-    0.000000     % 
   0.000000     +/-    0.000000     %    0.000000     +/-    0.000000     % 

  Flux (Part/deg/GeV/cmq/pr):

   0.000000     +/-    0.000000     %   2.5941054E-06 +/-    46.77072     % 
  1.6435354E-06 +/-    99.00000     %   9.4638420E-07 +/-    99.00000     % 
  1.0410528E-06 +/-    99.00000     %   1.1136909E-06 +/-    99.00000     % 
  1.1685055E-06 +/-    99.00000     %    0.000000     +/-    0.000000     % 
   0.000000     +/-    0.000000     %    0.000000     +/-    0.000000     % 

  Energy interval (GeV):  3.6598611E-04  2.2360691E-04

  Flux (Part/sr/GeV/cmq/pr):

  1.8630413E-05 +/-    99.00000     %    0.000000     +/-    0.000000     % 
  3.7260827E-05 +/-    61.23724     %    0.000000     +/-    0.000000     % 
   0.000000     +/-    0.000000     %    0.000000     +/-    0.000000     % 
   0.000000     +/-    0.000000     %    0.000000     +/-    0.000000     % 
   0.000000     +/-    0.000000     %    0.000000     +/-    0.000000     % 

  Flux (Part/deg/GeV/cmq/pr):

  4.5297830E-07 +/-    99.00000     %    0.000000     +/-    0.000000     % 
  2.6900384E-06 +/-    61.23724     %    0.000000     +/-    0.000000     % 
   0.000000     +/-    0.000000     %    0.000000     +/-    0.000000     % 
   0.000000     +/-    0.000000     %    0.000000     +/-    0.000000     % 
   0.000000     +/-    0.000000     %    0.000000     +/-    0.000000     % 

  Energy interval (GeV):  2.2360691E-04  1.3661734E-04

  Flux (Part/sr/GeV/cmq/pr):

  3.0493122E-05 +/-    99.00000     %   3.0493122E-05 +/-    99.00000     % 
   0.000000     +/-    0.000000     %    0.000000     +/-    0.000000     % 
   0.000000     +/-    0.000000     %    0.000000     +/-    0.000000     % 
  3.0493122E-05 +/-    99.00000     %    0.000000     +/-    0.000000     % 
   0.000000     +/-    0.000000     %    0.000000     +/-    0.000000     % 

  Flux (Part/deg/GeV/cmq/pr):

  7.4140718E-07 +/-    99.00000     %   1.7373463E-06 +/-    99.00000     % 
   0.000000     +/-    0.000000     %    0.000000     +/-    0.000000     % 
   0.000000     +/-    0.000000     %    0.000000     +/-    0.000000     % 
  3.1303257E-06 +/-    99.00000     %    0.000000     +/-    0.000000     % 
   0.000000     +/-    0.000000     %    0.000000     +/-    0.000000     % 

  Energy interval (GeV):  1.3661734E-04  8.3469226E-05

  Flux (Part/sr/GeV/cmq/pr):

   0.000000     +/-    0.000000     %    0.000000     +/-    0.000000     % 
   0.000000     +/-    0.000000     %   4.9909278E-05 +/-    99.00000     % 
   0.000000     +/-    0.000000     %    0.000000     +/-    0.000000     % 
   0.000000     +/-    0.000000     %   4.9909278E-05 +/-    99.00000     % 
   0.000000     +/-    0.000000     %    0.000000     +/-    0.000000     % 

  Flux (Part/deg/GeV/cmq/pr):

   0.000000     +/-    0.000000     %    0.000000     +/-    0.000000     % 
   0.000000     +/-    0.000000     %   4.1495950E-06 +/-    99.00000     % 
   0.000000     +/-    0.000000     %    0.000000     +/-    0.000000     % 
   0.000000     +/-    0.000000     %   5.2965406E-06 +/-    99.00000     % 
   0.000000     +/-    0.000000     %    0.000000     +/-    0.000000     % 

  Energy interval (GeV):  8.3469226E-05  5.0997282E-05

  Flux (Part/sr/GeV/cmq/pr):

   0.000000     +/-    0.000000     %   2.4506537E-04 +/-    99.00000     % 
   0.000000     +/-    0.000000     %    0.000000     +/-    0.000000     % 
  8.1688464E-05 +/-    99.00000     %    0.000000     +/-    0.000000     % 
  8.1688464E-05 +/-    99.00000     %    0.000000     +/-    0.000000     % 
   0.000000     +/-    0.000000     %    0.000000     +/-    0.000000     % 

  Flux (Part/deg/GeV/cmq/pr):

   0.000000     +/-    0.000000     %   1.3962606E-05 +/-    99.00000     % 
   0.000000     +/-    0.000000     %    0.000000     +/-    0.000000     % 
  7.4712002E-06 +/-    99.00000     %    0.000000     +/-    0.000000     % 
  8.3858740E-06 +/-    99.00000     %    0.000000     +/-    0.000000     % 
   0.000000     +/-    0.000000     %    0.000000     +/-    0.000000     % 

  Energy interval (GeV):  5.0997282E-05  3.1157859E-05

  Flux (Part/sr/GeV/cmq/pr):

   0.000000     +/-    0.000000     %    0.000000     +/-    0.000000     % 
  1.3370268E-04 +/-    99.00000     %    0.000000     +/-    0.000000     % 
   0.000000     +/-    0.000000     %    0.000000     +/-    0.000000     % 
   0.000000     +/-    0.000000     %    0.000000     +/-    0.000000     % 
   0.000000     +/-    0.000000     %    0.000000     +/-    0.000000     % 

  Flux (Part/deg/GeV/cmq/pr):

   0.000000     +/-    0.000000     %    0.000000     +/-    0.000000     % 
  9.6526392E-06 +/-    99.00000     %    0.000000     +/-    0.000000     % 
   0.000000     +/-    0.000000     %    0.000000     +/-    0.000000     % 
   0.000000     +/-    0.000000     %    0.000000     +/-    0.000000     % 
   0.000000     +/-    0.000000     %    0.000000     +/-    0.000000     % 

  Energy interval (GeV):  3.1157859E-05  1.9036546E-05

  Flux (Part/sr/GeV/cmq/pr):

   0.000000     +/-    0.000000     %    0.000000     +/-    0.000000     % 
   0.000000     +/-    0.000000     %    0.000000     +/-    0.000000     % 
   0.000000     +/-    0.000000     %    0.000000     +/-    0.000000     % 
   0.000000     +/-    0.000000     %    0.000000     +/-    0.000000     % 
   0.000000     +/-    0.000000     %    0.000000     +/-    0.000000     % 

  Flux (Part/deg/GeV/cmq/pr):

   0.000000     +/-    0.000000     %    0.000000     +/-    0.000000     % 
   0.000000     +/-    0.000000     %    0.000000     +/-    0.000000     % 
   0.000000     +/-    0.000000     %    0.000000     +/-    0.000000     % 
   0.000000     +/-    0.000000     %    0.000000     +/-    0.000000     % 
   0.000000     +/-    0.000000     %    0.000000     +/-    0.000000     % 

  Energy interval (GeV):  1.9036546E-05  1.1630777E-05

  Flux (Part/sr/GeV/cmq/pr):

   0.000000     +/-    0.000000     %    0.000000     +/-    0.000000     % 
   0.000000     +/-    0.000000     %   3.5817799E-04 +/-    99.00000     % 
   0.000000     +/-    0.000000     %    0.000000     +/-    0.000000     % 
   0.000000     +/-    0.000000     %    0.000000     +/-    0.000000     % 
   0.000000     +/-    0.000000     %    0.000000     +/-    0.000000     % 

  Flux (Part/deg/GeV/cmq/pr):

   0.000000     +/-    0.000000     %    0.000000     +/-    0.000000     % 
   0.000000     +/-    0.000000     %   2.9779903E-05 +/-    99.00000     % 
   0.000000     +/-    0.000000     %    0.000000     +/-    0.000000     % 
   0.000000     +/-    0.000000     %    0.000000     +/-    0.000000     % 
   0.000000     +/-    0.000000     %    0.000000     +/-    0.000000     % 

  Energy interval (GeV):  1.1630777E-05  7.1060676E-06

  Flux (Part/sr/GeV/cmq/pr):

   0.000000     +/-    0.000000     %    0.000000     +/-    0.000000     % 
   0.000000     +/-    0.000000     %    0.000000     +/-    0.000000     % 
   0.000000     +/-    0.000000     %    0.000000     +/-    0.000000     % 
   0.000000     +/-    0.000000     %    0.000000     +/-    0.000000     % 
   0.000000     +/-    0.000000     %    0.000000     +/-    0.000000     % 

  Flux (Part/deg/GeV/cmq/pr):

   0.000000     +/-    0.000000     %    0.000000     +/-    0.000000     % 
   0.000000     +/-    0.000000     %    0.000000     +/-    0.000000     % 
   0.000000     +/-    0.000000     %    0.000000     +/-    0.000000     % 
   0.000000     +/-    0.000000     %    0.000000     +/-    0.000000     % 
   0.000000     +/-    0.000000     %    0.000000     +/-    0.000000     % 

  Energy interval (GeV):  7.1060676E-06  4.3416017E-06

  Flux (Part/sr/GeV/cmq/pr):

   0.000000     +/-    0.000000     %    0.000000     +/-    0.000000     % 
   0.000000     +/-    0.000000     %    0.000000     +/-    0.000000     % 
   0.000000     +/-    0.000000     %    0.000000     +/-    0.000000     % 
   0.000000     +/-    0.000000     %    0.000000     +/-    0.000000     % 
   0.000000     +/-    0.000000     %    0.000000     +/-    0.000000     % 

  Flux (Part/deg/GeV/cmq/pr):

   0.000000     +/-    0.000000     %    0.000000     +/-    0.000000     % 
   0.000000     +/-    0.000000     %    0.000000     +/-    0.000000     % 
   0.000000     +/-    0.000000     %    0.000000     +/-    0.000000     % 
   0.000000     +/-    0.000000     %    0.000000     +/-    0.000000     % 
   0.000000     +/-    0.000000     %    0.000000     +/-    0.000000     % 

  Energy interval (GeV):  4.3416017E-06  2.6525925E-06

  Flux (Part/sr/GeV/cmq/pr):

   0.000000     +/-    0.000000     %    0.000000     +/-    0.000000     % 
   0.000000     +/-    0.000000     %    0.000000     +/-    0.000000     % 
   0.000000     +/-    0.000000     %    0.000000     +/-    0.000000     % 
   0.000000     +/-    0.000000     %    0.000000     +/-    0.000000     % 
   0.000000     +/-    0.000000     %    0.000000     +/-    0.000000     % 

  Flux (Part/deg/GeV/cmq/pr):

   0.000000     +/-    0.000000     %    0.000000     +/-    0.000000     % 
   0.000000     +/-    0.000000     %    0.000000     +/-    0.000000     % 
   0.000000     +/-    0.000000     %    0.000000     +/-    0.000000     % 
   0.000000     +/-    0.000000     %    0.000000     +/-    0.000000     % 
   0.000000     +/-    0.000000     %    0.000000     +/-    0.000000     % 

  Energy interval (GeV):  2.6525925E-06  1.6206570E-06

  Flux (Part/sr/GeV/cmq/pr):

   0.000000     +/-    0.000000     %    0.000000     +/-    0.000000     % 
   0.000000     +/-    0.000000     %    0.000000     +/-    0.000000     % 
   0.000000     +/-    0.000000     %    0.000000     +/-    0.000000     % 
   0.000000     +/-    0.000000     %    0.000000     +/-    0.000000     % 
   0.000000     +/-    0.000000     %    0.000000     +/-    0.000000     % 

  Flux (Part/deg/GeV/cmq/pr):

   0.000000     +/-    0.000000     %    0.000000     +/-    0.000000     % 
   0.000000     +/-    0.000000     %    0.000000     +/-    0.000000     % 
   0.000000     +/-    0.000000     %    0.000000     +/-    0.000000     % 
   0.000000     +/-    0.000000     %    0.000000     +/-    0.000000     % 
   0.000000     +/-    0.000000     %    0.000000     +/-    0.000000     % 

  Energy interval (GeV):  1.6206570E-06  9.9017450E-07

  Flux (Part/sr/GeV/cmq/pr):

   0.000000     +/-    0.000000     %    0.000000     +/-    0.000000     % 
   0.000000     +/-    0.000000     %    0.000000     +/-    0.000000     % 
   0.000000     +/-    0.000000     %    0.000000     +/-    0.000000     % 
   0.000000     +/-    0.000000     %    0.000000     +/-    0.000000     % 
   0.000000     +/-    0.000000     %    0.000000     +/-    0.000000     % 

  Flux (Part/deg/GeV/cmq/pr):

   0.000000     +/-    0.000000     %    0.000000     +/-    0.000000     % 
   0.000000     +/-    0.000000     %    0.000000     +/-    0.000000     % 
   0.000000     +/-    0.000000     %    0.000000     +/-    0.000000     % 
   0.000000     +/-    0.000000     %    0.000000     +/-    0.000000     % 
   0.000000     +/-    0.000000     %    0.000000     +/-    0.000000     % 

  Energy interval (GeV):  9.9017450E-07  6.0496785E-07

  Flux (Part/sr/GeV/cmq/pr):

   0.000000     +/-    0.000000     %    0.000000     +/-    0.000000     % 
   0.000000     +/-    0.000000     %    0.000000     +/-    0.000000     % 
   0.000000     +/-    0.000000     %    0.000000     +/-    0.000000     % 
   0.000000     +/-    0.000000     %    0.000000     +/-    0.000000     % 
   0.000000     +/-    0.000000     %    0.000000     +/-    0.000000     % 

  Flux (Part/deg/GeV/cmq/pr):

   0.000000     +/-    0.000000     %    0.000000     +/-    0.000000     % 
   0.000000     +/-    0.000000     %    0.000000     +/-    0.000000     % 
   0.000000     +/-    0.000000     %    0.000000     +/-    0.000000     % 
   0.000000     +/-    0.000000     %    0.000000     +/-    0.000000     % 
   0.000000     +/-    0.000000     %    0.000000     +/-    0.000000     % 

  Energy interval (GeV):  6.0496785E-07  3.6961782E-07

  Flux (Part/sr/GeV/cmq/pr):

   0.000000     +/-    0.000000     %    0.000000     +/-    0.000000     % 
   0.000000     +/-    0.000000     %    0.000000     +/-    0.000000     % 
   0.000000     +/-    0.000000     %    0.000000     +/-    0.000000     % 
   0.000000     +/-    0.000000     %    0.000000     +/-    0.000000     % 
   0.000000     +/-    0.000000     %    0.000000     +/-    0.000000     % 

  Flux (Part/deg/GeV/cmq/pr):

   0.000000     +/-    0.000000     %    0.000000     +/-    0.000000     % 
   0.000000     +/-    0.000000     %    0.000000     +/-    0.000000     % 
   0.000000     +/-    0.000000     %    0.000000     +/-    0.000000     % 
   0.000000     +/-    0.000000     %    0.000000     +/-    0.000000     % 
   0.000000     +/-    0.000000     %    0.000000     +/-    0.000000     % 

  Energy interval (GeV):  3.6961782E-07  2.2582576E-07

  Flux (Part/sr/GeV/cmq/pr):

   0.000000     +/-    0.000000     %    0.000000     +/-    0.000000     % 
   0.000000     +/-    0.000000     %    0.000000     +/-    0.000000     % 
   0.000000     +/-    0.000000     %    0.000000     +/-    0.000000     % 
   0.000000     +/-    0.000000     %    0.000000     +/-    0.000000     % 
   0.000000     +/-    0.000000     %    0.000000     +/-    0.000000     % 

  Flux (Part/deg/GeV/cmq/pr):

   0.000000     +/-    0.000000     %    0.000000     +/-    0.000000     % 
   0.000000     +/-    0.000000     %    0.000000     +/-    0.000000     % 
   0.000000     +/-    0.000000     %    0.000000     +/-    0.000000     % 
   0.000000     +/-    0.000000     %    0.000000     +/-    0.000000     % 
   0.000000     +/-    0.000000     %    0.000000     +/-    0.000000     % 

  Energy interval (GeV):  2.2582576E-07  1.3797299E-07

  Flux (Part/sr/GeV/cmq/pr):

   0.000000     +/-    0.000000     %    0.000000     +/-    0.000000     % 
   0.000000     +/-    0.000000     %    0.000000     +/-    0.000000     % 
   0.000000     +/-    0.000000     %    0.000000     +/-    0.000000     % 
   0.000000     +/-    0.000000     %    0.000000     +/-    0.000000     % 
   0.000000     +/-    0.000000     %    0.000000     +/-    0.000000     % 

  Flux (Part/deg/GeV/cmq/pr):

   0.000000     +/-    0.000000     %    0.000000     +/-    0.000000     % 
   0.000000     +/-    0.000000     %    0.000000     +/-    0.000000     % 
   0.000000     +/-    0.000000     %    0.000000     +/-    0.000000     % 
   0.000000     +/-    0.000000     %    0.000000     +/-    0.000000     % 
   0.000000     +/-    0.000000     %    0.000000     +/-    0.000000     % 

  Energy interval (GeV):  1.3797299E-07  8.4297497E-08

  Flux (Part/sr/GeV/cmq/pr):

   0.000000     +/-    0.000000     %    0.000000     +/-    0.000000     % 
   0.000000     +/-    0.000000     %    0.000000     +/-    0.000000     % 
   0.000000     +/-    0.000000     %    0.000000     +/-    0.000000     % 
   0.000000     +/-    0.000000     %    0.000000     +/-    0.000000     % 
   0.000000     +/-    0.000000     %    0.000000     +/-    0.000000     % 

  Flux (Part/deg/GeV/cmq/pr):

   0.000000     +/-    0.000000     %    0.000000     +/-    0.000000     % 
   0.000000     +/-    0.000000     %    0.000000     +/-    0.000000     % 
   0.000000     +/-    0.000000     %    0.000000     +/-    0.000000     % 
   0.000000     +/-    0.000000     %    0.000000     +/-    0.000000     % 
   0.000000     +/-    0.000000     %    0.000000     +/-    0.000000     % 

  Energy interval (GeV):  8.4297497E-08  5.1503324E-08

  Flux (Part/sr/GeV/cmq/pr):

   0.000000     +/-    0.000000     %    0.000000     +/-    0.000000     % 
   0.000000     +/-    0.000000     %    0.000000     +/-    0.000000     % 
   0.000000     +/-    0.000000     %    0.000000     +/-    0.000000     % 
   0.000000     +/-    0.000000     %    0.000000     +/-    0.000000     % 
   0.000000     +/-    0.000000     %    0.000000     +/-    0.000000     % 

  Flux (Part/deg/GeV/cmq/pr):

   0.000000     +/-    0.000000     %    0.000000     +/-    0.000000     % 
   0.000000     +/-    0.000000     %    0.000000     +/-    0.000000     % 
   0.000000     +/-    0.000000     %    0.000000     +/-    0.000000     % 
   0.000000     +/-    0.000000     %    0.000000     +/-    0.000000     % 
   0.000000     +/-    0.000000     %    0.000000     +/-    0.000000     % 

  Energy interval (GeV):  5.1503324E-08  3.1467035E-08

  Flux (Part/sr/GeV/cmq/pr):

   0.000000     +/-    0.000000     %    0.000000     +/-    0.000000     % 
   0.000000     +/-    0.000000     %    0.000000     +/-    0.000000     % 
   0.000000     +/-    0.000000     %    0.000000     +/-    0.000000     % 
   0.000000     +/-    0.000000     %    0.000000     +/-    0.000000     % 
   0.000000     +/-    0.000000     %    0.000000     +/-    0.000000     % 

  Flux (Part/deg/GeV/cmq/pr):

   0.000000     +/-    0.000000     %    0.000000     +/-    0.000000     % 
   0.000000     +/-    0.000000     %    0.000000     +/-    0.000000     % 
   0.000000     +/-    0.000000     %    0.000000     +/-    0.000000     % 
   0.000000     +/-    0.000000     %    0.000000     +/-    0.000000     % 
   0.000000     +/-    0.000000     %    0.000000     +/-    0.000000     % 

  Energy interval (GeV):  3.1467035E-08  1.9225448E-08

  Flux (Part/sr/GeV/cmq/pr):

   0.000000     +/-    0.000000     %    0.000000     +/-    0.000000     % 
   0.000000     +/-    0.000000     %    0.000000     +/-    0.000000     % 
   0.000000     +/-    0.000000     %    0.000000     +/-    0.000000     % 
   0.000000     +/-    0.000000     %    0.000000     +/-    0.000000     % 
   0.000000     +/-    0.000000     %    0.000000     +/-    0.000000     % 

  Flux (Part/deg/GeV/cmq/pr):

   0.000000     +/-    0.000000     %    0.000000     +/-    0.000000     % 
   0.000000     +/-    0.000000     %    0.000000     +/-    0.000000     % 
   0.000000     +/-    0.000000     %    0.000000     +/-    0.000000     % 
   0.000000     +/-    0.000000     %    0.000000     +/-    0.000000     % 
   0.000000     +/-    0.000000     %    0.000000     +/-    0.000000     % 

  Energy interval (GeV):  1.9225448E-08  1.1746191E-08

  Flux (Part/sr/GeV/cmq/pr):

   0.000000     +/-    0.000000     %    0.000000     +/-    0.000000     % 
   0.000000     +/-    0.000000     %    0.000000     +/-    0.000000     % 
   0.000000     +/-    0.000000     %    0.000000     +/-    0.000000     % 
   0.000000     +/-    0.000000     %    0.000000     +/-    0.000000     % 
   0.000000     +/-    0.000000     %    0.000000     +/-    0.000000     % 

  Flux (Part/deg/GeV/cmq/pr):

   0.000000     +/-    0.000000     %    0.000000     +/-    0.000000     % 
   0.000000     +/-    0.000000     %    0.000000     +/-    0.000000     % 
   0.000000     +/-    0.000000     %    0.000000     +/-    0.000000     % 
   0.000000     +/-    0.000000     %    0.000000     +/-    0.000000     % 
   0.000000     +/-    0.000000     %    0.000000     +/-    0.000000     % 

  Energy interval (GeV):  1.1746191E-08  7.1765816E-09

  Flux (Part/sr/GeV/cmq/pr):

   0.000000     +/-    0.000000     %    0.000000     +/-    0.000000     % 
   0.000000     +/-    0.000000     %    0.000000     +/-    0.000000     % 
   0.000000     +/-    0.000000     %    0.000000     +/-    0.000000     % 
   0.000000     +/-    0.000000     %    0.000000     +/-    0.000000     % 
   0.000000     +/-    0.000000     %    0.000000     +/-    0.000000     % 

  Flux (Part/deg/GeV/cmq/pr):

   0.000000     +/-    0.000000     %    0.000000     +/-    0.000000     % 
   0.000000     +/-    0.000000     %    0.000000     +/-    0.000000     % 
   0.000000     +/-    0.000000     %    0.000000     +/-    0.000000     % 
   0.000000     +/-    0.000000     %    0.000000     +/-    0.000000     % 
   0.000000     +/-    0.000000     %    0.000000     +/-    0.000000     % 

  Energy interval (GeV):  7.1765816E-09  4.3846828E-09

  Flux (Part/sr/GeV/cmq/pr):

   0.000000     +/-    0.000000     %    0.000000     +/-    0.000000     % 
   0.000000     +/-    0.000000     %    0.000000     +/-    0.000000     % 
   0.000000     +/-    0.000000     %    0.000000     +/-    0.000000     % 
   0.000000     +/-    0.000000     %    0.000000     +/-    0.000000     % 
   0.000000     +/-    0.000000     %    0.000000     +/-    0.000000     % 

  Flux (Part/deg/GeV/cmq/pr):

   0.000000     +/-    0.000000     %    0.000000     +/-    0.000000     % 
   0.000000     +/-    0.000000     %    0.000000     +/-    0.000000     % 
   0.000000     +/-    0.000000     %    0.000000     +/-    0.000000     % 
   0.000000     +/-    0.000000     %    0.000000     +/-    0.000000     % 
   0.000000     +/-    0.000000     %    0.000000     +/-    0.000000     % 

  Energy interval (GeV):  4.3846828E-09  2.6789142E-09

  Flux (Part/sr/GeV/cmq/pr):

   0.000000     +/-    0.000000     %    0.000000     +/-    0.000000     % 
   0.000000     +/-    0.000000     %    0.000000     +/-    0.000000     % 
   0.000000     +/-    0.000000     %    0.000000     +/-    0.000000     % 
   0.000000     +/-    0.000000     %    0.000000     +/-    0.000000     % 
   0.000000     +/-    0.000000     %    0.000000     +/-    0.000000     % 

  Flux (Part/deg/GeV/cmq/pr):

   0.000000     +/-    0.000000     %    0.000000     +/-    0.000000     % 
   0.000000     +/-    0.000000     %    0.000000     +/-    0.000000     % 
   0.000000     +/-    0.000000     %    0.000000     +/-    0.000000     % 
   0.000000     +/-    0.000000     %    0.000000     +/-    0.000000     % 
   0.000000     +/-    0.000000     %    0.000000     +/-    0.000000     % 

  Energy interval (GeV):  2.6789142E-09  1.6367389E-09

  Flux (Part/sr/GeV/cmq/pr):

   0.000000     +/-    0.000000     %    0.000000     +/-    0.000000     % 
   0.000000     +/-    0.000000     %    0.000000     +/-    0.000000     % 
   0.000000     +/-    0.000000     %    0.000000     +/-    0.000000     % 
   0.000000     +/-    0.000000     %    0.000000     +/-    0.000000     % 
   0.000000     +/-    0.000000     %    0.000000     +/-    0.000000     % 

  Flux (Part/deg/GeV/cmq/pr):

   0.000000     +/-    0.000000     %    0.000000     +/-    0.000000     % 
   0.000000     +/-    0.000000     %    0.000000     +/-    0.000000     % 
   0.000000     +/-    0.000000     %    0.000000     +/-    0.000000     % 
   0.000000     +/-    0.000000     %    0.000000     +/-    0.000000     % 
   0.000000     +/-    0.000000     %    0.000000     +/-    0.000000     % 

  Energy interval (GeV):  1.6367389E-09  9.9999997E-10

  Flux (Part/sr/GeV/cmq/pr):

   0.000000     +/-    0.000000     %    0.000000     +/-    0.000000     % 
   0.000000     +/-    0.000000     %    0.000000     +/-    0.000000     % 
   0.000000     +/-    0.000000     %    0.000000     +/-    0.000000     % 
   0.000000     +/-    0.000000     %    0.000000     +/-    0.000000     % 
   0.000000     +/-    0.000000     %    0.000000     +/-    0.000000     % 

  Flux (Part/deg/GeV/cmq/pr):

   0.000000     +/-    0.000000     %    0.000000     +/-    0.000000     % 
   0.000000     +/-    0.000000     %    0.000000     +/-    0.000000     % 
   0.000000     +/-    0.000000     %    0.000000     +/-    0.000000     % 
   0.000000     +/-    0.000000     %    0.000000     +/-    0.000000     % 
   0.000000     +/-    0.000000     %    0.000000     +/-    0.000000     % 
