 # Detector n:            1   piFluenD  
 # N. of energy intervals          20
  1.0000000E-03  1.7177047E-03  6.2393592E-06   4.521804    
  1.7177047E-03  2.9505095E-03  2.3386958E-05  0.9561920    
  2.9505095E-03  5.0681042E-03  2.1595880E-03  0.9389615    
  5.0681042E-03  8.7055061E-03  6.6155801E-05   3.447014    
  8.7055061E-03  1.4953488E-02  8.7397156E-04  0.9792758    
  1.4953488E-02  2.5685675E-02  1.5964396E-03  0.8940773    
  2.5685675E-02  4.4120405E-02  2.2745177E-03  0.6957829    
  4.4120405E-02  7.5785823E-02  2.7698069E-03  0.6688290    
  7.5785823E-02  0.1301777      2.6123836E-03  0.3871129    
  0.1301777      0.2236068      2.3486174E-03  0.4277645    
  0.2236068      0.3840904      2.2439060E-03  0.3338714    
  0.3840904      0.6597539      1.7623624E-03  0.2579360    
  0.6597539       1.133262      1.1579404E-03  0.3171310    
   1.133262       1.946610      6.8499963E-04  0.1044750    
   1.946610       3.343701      3.6241699E-04  0.5175477    
   3.343701       5.743491      1.7109672E-04  0.1830654    
   5.743491       9.865622      6.8305744E-05  9.9289604E-02
   9.865622       16.94622      2.0528885E-05  0.5596131    
   16.94622       29.10861      3.8664602E-06  0.4842934    
   29.10861       49.99999      2.1230935E-07   2.025579    
