  **** bestcong_48.trk ****


  Total primaries run:         1500000

    Total weight of the primaries run:   1500000.00    


  Detector n:            1   piFluenU  
     (Volume:          1000.00000      cmc,
      distr. scored:         209    ,
      from reg.           3  )

     Tot. response (p/cmq/pr)  1.5973500E-03  +/-  5.4520357E-02 %
     ( --> Track l. (cm/pr)       1.597350      +/-  5.4520357E-02 % )

  **** Different. Fluxes as a function of energy **** ****      (integrated over solid angle)        ****


  Energy boundaries (GeV):

   49.99999       29.10861       16.94622       9.865622       5.743491    
   3.343701       1.946610       1.133262      0.6597539      0.3840904    
  0.2236068      0.1301777      7.5785823E-02  4.4120405E-02  2.5685675E-02
  1.4953488E-02  8.7055061E-03  5.0681042E-03  2.9505095E-03  1.7177047E-03
  Lowest boundary   (GeV):  1.0000000E-03

  Flux (Part/GeV/cmq/pr):

  7.7888778E-08 +/-    4.367363     %   1.4405681E-06 +/-   0.2574962     % 
  7.6250062E-06 +/-   0.4778752     %   2.4965604E-05 +/-   0.1743069     % 
  6.1334649E-05 +/-   0.3134318     %   1.2819348E-04 +/-   0.4108265     % 
  2.4250097E-04 +/-   0.4804844     %   4.2652342E-04 +/-   0.6052750     % 
  7.0529594E-04 +/-   0.3809672     %   1.0401735E-03 +/-   7.4308664E-02 % 
  1.3186113E-03 +/-   0.2265366     %   1.7227328E-03 +/-   0.1804742     % 
  2.0168815E-03 +/-   0.3220890     %   1.7458897E-03 +/-   0.7853189     % 
  1.2439047E-03 +/-   0.7492887     %   6.9248077E-04 +/-   0.5919607     % 
  5.0423248E-05 +/-    1.643758     %   1.7096300E-03 +/-   0.7340819     % 
  1.9508727E-05 +/-    6.713772     %   5.0352573E-06 +/-    4.789610     % 


  **** Cumulative Fluxes as a function of energy **** ****      (integrated over solid angle)        ****


  Energy boundaries (GeV):


   49.99999       29.10861       16.94622       9.865622       5.743491    
   3.343701       1.946610       1.133262      0.6597539      0.3840904    
  0.2236068      0.1301777      7.5785823E-02  4.4120405E-02  2.5685675E-02
  1.4953488E-02  8.7055061E-03  5.0681042E-03  2.9505095E-03  1.7177047E-03
  Lowest boundary   (GeV):  1.0000000E-03

  Cumul. Flux (Part/cmq/pr):

  1.6272044E-06 +/-    4.367363     %   1.9147947E-05 +/-   0.4301560     % 
  7.3137584E-05 +/-   0.3026617     %   1.7604906E-04 +/-   0.1813131     % 
  3.2323934E-04 +/-   0.1632182     %   5.0233729E-04 +/-   0.1266120     % 
  6.9957488E-04 +/-   0.1213270     %   9.0153737E-04 +/-   0.1578282     % 
  1.0959617E-03 +/-   8.3307698E-02 %   1.2628925E-03 +/-   7.4133217E-02 % 
  1.3860893E-03 +/-   5.4667819E-02 %   1.4797918E-03 +/-   5.4438137E-02 % 
  1.5436572E-03 +/-   5.5909541E-02 %   1.5758422E-03 +/-   5.2125718E-02 % 
  1.5891921E-03 +/-   5.3700659E-02 %   1.5935187E-03 +/-   5.4319572E-02 % 
  1.5937020E-03 +/-   5.4369736E-02 %   1.5973223E-03 +/-   5.4576773E-02 % 
  1.5973464E-03 +/-   5.4520026E-02 %   1.5973500E-03 +/-   5.4520357E-02 % 
