1NUMBER OF BEAM       NUMBER OF BEAM        APPROXIMATE NUMBER    AVERAGE TIME USED     TIME LEFT (RESERVED   NUMBER OF STARS
 PARTICLES HANDLED    PARTICLES LEFT        OF BEAM PARTICLES     BY A BEAM PARTICLE     10000.0 SECONDS      CREATED
                                            THAT CAN STILL BE                           FOR PRINTOUT)
                                            HANDLED

 NEXT SEEDS: E24AD81       1       0       0       0       0       1    3039       0       0
          1                299999                299999             8.6116791E-04         1.0000000E+30                 3       
 NEXT SEEDS: E24C775       1       0       0       0       0       1    3039       0       0
  *** Kaon: P_min > 1.5 GeV/c:           15   4.3917750253916719     
  *** Kbar: P_min > 1.8 GeV/c:           25   2.4709181903491100     
  *** Kaon: P_min > 1.5 GeV/c:           15   6.9002871932047238     
  *** Kbar: P_min > 1.8 GeV/c:           25   4.3901942167136578     
  *** Kbar: P_min > 1.8 GeV/c:           25   7.5407401911506762     
  *** Kaon: P_min > 1.5 GeV/c:           15   1.6187625765666911     
  *** Kbar: P_min > 1.8 GeV/c:           25   7.5394497731898689     
  *** Kbar: P_min > 1.8 GeV/c:           25   6.9773857360147433     
  *** Kbar: P_min > 1.8 GeV/c:           25   2.8364568786616697     
  *** Kbar: P_min > 1.8 GeV/c:           25   4.5171890793188032     
  *** Kaon: P_min > 1.5 GeV/c:           24   18.893278639063702     
  *** Kaon: P_min > 1.5 GeV/c:           15   2.8267315587927238     
  *** Kaon: P_min > 1.5 GeV/c:           15   2.4975483688983684     
  *** Kaon: P_min > 1.5 GeV/c:           24   3.8545793511913766     
  *** Kbar: P_min > 1.8 GeV/c:           25   4.0561046169387307     
  *** Kaon: P_min > 1.5 GeV/c:           15   1.6461967797926640     
  *** Kaon: P_min > 1.5 GeV/c:           24   1.6929571991312424     
  *** Kaon: P_min > 1.5 GeV/c:           24   5.8334287389718549     
  *** Kbar: P_min > 1.8 GeV/c:           16   3.5362302479388101     
  *** Kaon: P_min > 1.5 GeV/c:           15   3.1526387227296184     
  Ferevv: Umo2 < Urmin2 !!   6.3038066860971176        7.0425259675710974               17           8   1.1156299999999999       0.93956563000000004      F           0
       6000                294000                294000             2.1410084E-04         1.0000000E+30              2612       
 NEXT SEEDS: E7E488C       1       0       0       0       0       1    3039       0       0
      12000                288000                288000             2.2956274E-04         1.0000000E+30              5562       
 NEXT SEEDS: EDFB346       1       0       0       0       0       1    3039       0       0
      18000                282000                282000             2.3051984E-04         1.0000000E+30              8353       
 NEXT SEEDS: F3C052B       1       0       0       0       0       1    3039       0       0
      24000                276000                276000             2.2908589E-04         1.0000000E+30             11070       
 NEXT SEEDS: F986391       1       0       0       0       0       1    3039       0       0
      30000                270000                270000             2.3135059E-04         1.0000000E+30             14012       
 NEXT SEEDS: FF8A610       1       0       0       0       0       1    3039       0       0
      36000                264000                264000             2.3125464E-04         1.0000000E+30             16912       
 NEXT SEEDS:10580A46       1       0       0       0       0       1    3039       0       0
  Ferevv: Umo2 < Urmin2 !!   6.5040002023240051        7.3854472126390966               20           8   1.1974300000000000       0.93956563000000004      F           0
      42000                258000                258000             2.2914326E-04         1.0000000E+30             19601       
 NEXT SEEDS:10B1475A       1       0       0       0       0       1    3039       0       0
      48000                252000                252000             2.2777810E-04         1.0000000E+30             22434       
 NEXT SEEDS:110FF1EE       1       0       0       0       0       1    3039       0       0
      54000                246000                246000             2.2760093E-04         1.0000000E+30             25437       
 NEXT SEEDS:11722CDE       1       0       0       0       0       1    3039       0       0
      60000                240000                240000             2.2639536E-04         1.0000000E+30             28090       
 NEXT SEEDS:11C99020       1       0       0       0       0       1    3039       0       0
      66000                234000                234000             2.2538651E-04         1.0000000E+30             30901       
 NEXT SEEDS:1226ECC8       1       0       0       0       0       1    3039       0       0
  Ferevv: Umo2 < Urmin2 !!   6.5907834944530315        7.3760412869393370               20           1   1.1974300000000000       0.93827231000000000      F           0
      72000                228000                228000             2.2619184E-04         1.0000000E+30             33977       
 NEXT SEEDS:128AF5D7       1       0       0       0       0       1    3039       0       0
      78000                222000                222000             2.2557557E-04         1.0000000E+30             36834       
 NEXT SEEDS:12E92370       1       0       0       0       0       1    3039       0       0
      84000                216000                216000             2.2575333E-04         1.0000000E+30             39812       
 NEXT SEEDS:134ACFF2       1       0       0       0       0       1    3039       0       0
 KASKAD, TXYZ:  1.00000000000670    
 -1.973008046657011E-03-1.428996267560606E-03 0.999997032606752    
    Jtrack, Ibtar, Ichtar, Etrack     1     9     4  49.9991873808574    
    Ibarch(Jtrack), Ichrge(Jtrack)     1     1
    Iloflk, Tkeflk     8 9.525421419820379E-05
    Linevt,Lelevt,Ldecay,Ldltry,Leldis,Lpairp,Lbrmsp T F F F F F F
 Warning: Too many failed attemps to perfom  (n,NNg)
       on Z=           4 A=           9 Ekin=   1.8916661826864356E-003
      90000                210000                210000             2.2493354E-04         1.0000000E+30             42575       
 NEXT SEEDS:13A506A3       1       0       0       0       0       1    3039       0       0
 KASKAD, TXYZ: 0.999999999964720    
  8.472319834970261E-04-1.051814030116051E-03 0.999999087906910    
    Jtrack, Ibtar, Ichtar, Etrack     1     9     4  49.9975528663187    
    Ibarch(Jtrack), Ichrge(Jtrack)     1     1
    Iloflk, Tkeflk     8 1.062293445708296E-05
    Linevt,Lelevt,Ldecay,Ldltry,Leldis,Lpairp,Lbrmsp T F F F F F F
      96000                204000                204000             2.2487609E-04         1.0000000E+30             45398       
 NEXT SEEDS:1403FBDC       1       0       0       0       0       1    3039       0       0
     102000                198000                198000             2.2496214E-04         1.0000000E+30             48378       
 NEXT SEEDS:14656615       1       0       0       0       0       1    3039       0       0
 KASKAD, TXYZ:  1.00000000005361    
  1.860352852887338E-04-7.950041277528903E-04 0.999999666733212    
    Jtrack, Ibtar, Ichtar, Etrack     1     9     4  49.9959655805399    
    Ibarch(Jtrack), Ichrge(Jtrack)     1     1
    Iloflk, Tkeflk     8 1.601671427597928E-06
    Linevt,Lelevt,Ldecay,Ldltry,Leldis,Lpairp,Lbrmsp T F F F F F F
     108000                192000                192000             2.2494405E-04         1.0000000E+30             51254       
 NEXT SEEDS:14C335A3       1       0       0       0       0       1    3039       0       0
     114000                186000                186000             2.2438449E-04         1.0000000E+30             53943       
 NEXT SEEDS:151DB4E9       1       0       0       0       0       1    3039       0       0
  *** Umfnst:amsq,np0,np,kpart  -3.4694469519536142E-018           0           1           7
     120000                180000                180000             2.2423385E-04         1.0000000E+30             56680       
 NEXT SEEDS:157A9F8C       1       0       0       0       0       1    3039       0       0
     126000                174000                174000             2.2484232E-04         1.0000000E+30             59592       
 NEXT SEEDS:15DCF6D2       1       0       0       0       0       1    3039       0       0
     132000                168000                168000             2.2500533E-04         1.0000000E+30             62459       
 NEXT SEEDS:163CA693       1       0       0       0       0       1    3039       0       0
     138000                162000                162000             2.2448601E-04         1.0000000E+30             65171       
 NEXT SEEDS:16964CE0       1       0       0       0       0       1    3039       0       0
     144000                156000                156000             2.2456103E-04         1.0000000E+30             68027       
 NEXT SEEDS:16F4DA56       1       0       0       0       0       1    3039       0       0
 KASKAD, TXYZ:  1.00000000000838    
  1.491049929707040E-03-1.843270614794000E-03 0.999997189566201    
    Jtrack, Ibtar, Ichtar, Etrack     1     9     4  49.9972949788680    
    Ibarch(Jtrack), Ichrge(Jtrack)     1     1
    Iloflk, Tkeflk     1 2.599286666071787E-05
    Linevt,Lelevt,Ldecay,Ldltry,Leldis,Lpairp,Lbrmsp T F F F F F F
  Ferevv: Umo2 < Urmin2 !!   6.2180627725097555        7.0425259675710974               17           8   1.1156299999999999       0.93956563000000004      F           0
     150000                150000                150000             2.2526261E-04         1.0000000E+30             70966       
 NEXT SEEDS:17548F64       1       0       0       0       0       1    3039       0       0
     156000                144000                144000             2.2632966E-04         1.0000000E+30             73916       
 NEXT SEEDS:17B5F701       1       0       0       0       0       1    3039       0       0
     162000                138000                138000             2.2728536E-04         1.0000000E+30             76764       
 NEXT SEEDS:1813D708       1       0       0       0       0       1    3039       0       0
     168000                132000                132000             2.2780471E-04         1.0000000E+30             79708       
 NEXT SEEDS:187368B2       1       0       0       0       0       1    3039       0       0
 COUSET, TXYZ:  0.999999999989444     -0.510173537290164      0.860071486463613    
     174000                126000                126000             2.2750416E-04         1.0000000E+30             82284       
 NEXT SEEDS:18CBCAF1       1       0       0       0       0       1    3039       0       0
  Ferevv: Umo2 < Urmin2 !!   6.0370623375152297        7.0425259675710974               17           8   1.1156299999999999       0.93956563000000004      F           0
     180000                120000                120000             2.2737075E-04         1.0000000E+30             85100       
 NEXT SEEDS:192AD1D2       1       0       0       0       0       1    3039       0       0
     186000                114000                114000             2.2732085E-04         1.0000000E+30             87862       
 NEXT SEEDS:19875CE6       1       0       0       0       0       1    3039       0       0
     192000                108000                108000             2.2969206E-04         1.0000000E+30             90696       
 NEXT SEEDS:19E57759       1       0       0       0       0       1    3039       0       0
  Ferevv: Umo2 < Urmin2 !!   6.5901031809570787        7.3854472126390966               20           8   1.1974300000000000       0.93956563000000004      F           0
     198000                102000                102000             2.3045642E-04         1.0000000E+30             93559       
 NEXT SEEDS:1A431CC8       1       0       0       0       0       1    3039       0       0
     204000                 96000                 96000             2.3106025E-04         1.0000000E+30             96376       
 NEXT SEEDS:1AA02596       1       0       0       0       0       1    3039       0       0
     210000                 90000                 90000             2.3114989E-04         1.0000000E+30             99175       
 NEXT SEEDS:1AFAF0F4       1       0       0       0       0       1    3039       0       0
     216000                 84000                 84000             2.3147324E-04         1.0000000E+30            102161       
 NEXT SEEDS:1B5E5693       1       0       0       0       0       1    3039       0       0
     222000                 78000                 78000             2.3186223E-04         1.0000000E+30            105154       
 NEXT SEEDS:1BC0965D       1       0       0       0       0       1    3039       0       0
     228000                 72000                 72000             2.3162240E-04         1.0000000E+30            107927       
 NEXT SEEDS:1C1D13FA       1       0       0       0       0       1    3039       0       0
     234000                 66000                 66000             2.3162495E-04         1.0000000E+30            110811       
 NEXT SEEDS:1C7C1DF6       1       0       0       0       0       1    3039       0       0
     240000                 60000                 60000             2.3164257E-04         1.0000000E+30            113721       
 NEXT SEEDS:1CDC50DD       1       0       0       0       0       1    3039       0       0
     246000                 54000                 54000             2.3178332E-04         1.0000000E+30            116551       
 NEXT SEEDS:1D3A62E5       1       0       0       0       0       1    3039       0       0
     252000                 48000                 48000             2.3164689E-04         1.0000000E+30            119365       
 NEXT SEEDS:1D986900       1       0       0       0       0       1    3039       0       0
     258000                 42000                 42000             2.3154640E-04         1.0000000E+30            122115       
 NEXT SEEDS:1DF4A8C8       1       0       0       0       0       1    3039       0       0
     264000                 36000                 36000             2.3191348E-04         1.0000000E+30            125082       
 NEXT SEEDS:1E5752FD       1       0       0       0       0       1    3039       0       0
  Ferevv: Umo2 < Urmin2 !!   6.3548571009641668        7.0425259675710974               17           8   1.1156299999999999       0.93956563000000004      F           0
     270000                 30000                 30000             2.3216382E-04         1.0000000E+30            127952       
 NEXT SEEDS:1EB5944C       1       0       0       0       0       1    3039       0       0
     276000                 24000                 24000             2.3220735E-04         1.0000000E+30            130834       
 NEXT SEEDS:1F15BF18       1       0       0       0       0       1    3039       0       0
 COUSET, TXYZ:  0.999999999977853     -0.597204606556953      0.802088933886301    
  *** Hhflev: call to Hadriv !! ***  0.75401869794125853        3.5000000000000000               13 T
     282000                 18000                 18000             2.3210557E-04         1.0000000E+30            133651       
 NEXT SEEDS:1F72E224       1       0       0       0       0       1    3039       0       0
 KASKAD, TXYZ:  1.00000000000877    
 -2.902109649067091E-04 4.821498264523670E-04 0.999999841663327    
    Jtrack, Ibtar, Ichtar, Etrack     1     9     4  49.9830544769140    
    Ibarch(Jtrack), Ichrge(Jtrack)     1     1
    Iloflk, Tkeflk     1 5.282651635407642E-05
    Linevt,Lelevt,Ldecay,Ldltry,Leldis,Lpairp,Lbrmsp T F F F F F F
     288000                 12000                 12000             2.3237813E-04         1.0000000E+30            136303       
 NEXT SEEDS:1FCADCA4       1       0       0       0       0       1    3039       0       0
     294000                  6000                  6000             2.3259085E-04         1.0000000E+30            139067       
 NEXT SEEDS:2026A0D4       1       0       0       0       0       1    3039       0       0
     299950                    50                    50             2.3310537E-04         1.0000000E+30            141905       
 NEXT SEEDS:2084F583       1       0       0       0       0       1    3039       0       0
     299951                    49                    49             2.3310515E-04         1.0000000E+30            141905       
 NEXT SEEDS:2084F5B6       1       0       0       0       0       1    3039       0       0
     299952                    48                    48             2.3310468E-04         1.0000000E+30            141905       
 NEXT SEEDS:2084F64A       1       0       0       0       0       1    3039       0       0
     299953                    47                    47             2.3310416E-04         1.0000000E+30            141905       
 NEXT SEEDS:2084F6AF       1       0       0       0       0       1    3039       0       0
     299954                    46                    46             2.3310366E-04         1.0000000E+30            141905       
 NEXT SEEDS:2084F721       1       0       0       0       0       1    3039       0       0
     299955                    45                    45             2.3310510E-04         1.0000000E+30            141908       
 NEXT SEEDS:2085009C       1       0       0       0       0       1    3039       0       0
     299956                    44                    44             2.3310465E-04         1.0000000E+30            141908       
 NEXT SEEDS:208500CF       1       0       0       0       0       1    3039       0       0
     299957                    43                    43             2.3310415E-04         1.0000000E+30            141908       
 NEXT SEEDS:20850110       1       0       0       0       0       1    3039       0       0
     299958                    42                    42             2.3310467E-04         1.0000000E+30            141909       
 NEXT SEEDS:208505B9       1       0       0       0       0       1    3039       0       0
     299959                    41                    41             2.3310428E-04         1.0000000E+30            141909       
 NEXT SEEDS:208505DA       1       0       0       0       0       1    3039       0       0
     299960                    40                    40             2.3310404E-04         1.0000000E+30            141909       
 NEXT SEEDS:208505FC       1       0       0       0       0       1    3039       0       0
     299961                    39                    39             2.3310489E-04         1.0000000E+30            141910       
 NEXT SEEDS:20850F6A       1       0       0       0       0       1    3039       0       0
     299962                    38                    38             2.3310447E-04         1.0000000E+30            141910       
 NEXT SEEDS:20850FA1       1       0       0       0       0       1    3039       0       0
     299963                    37                    37             2.3310397E-04         1.0000000E+30            141910       
 NEXT SEEDS:20851018       1       0       0       0       0       1    3039       0       0
     299964                    36                    36             2.3310683E-04         1.0000000E+30            141912       
 NEXT SEEDS:20851F4A       1       0       0       0       0       1    3039       0       0
     299965                    35                    35             2.3310605E-04         1.0000000E+30            141912       
 NEXT SEEDS:20851F67       1       0       0       0       0       1    3039       0       0
     299966                    34                    34             2.3310527E-04         1.0000000E+30            141912       
 NEXT SEEDS:20851F8C       1       0       0       0       0       1    3039       0       0
     299967                    33                    33             2.3310450E-04         1.0000000E+30            141912       
 NEXT SEEDS:20851FC2       1       0       0       0       0       1    3039       0       0
     299968                    32                    32             2.3310372E-04         1.0000000E+30            141912       
 NEXT SEEDS:20852014       1       0       0       0       0       1    3039       0       0
     299969                    31                    31             2.3310294E-04         1.0000000E+30            141912       
 NEXT SEEDS:2085204A       1       0       0       0       0       1    3039       0       0
     299970                    30                    30             2.3310217E-04         1.0000000E+30            141912       
 NEXT SEEDS:20852096       1       0       0       0       0       1    3039       0       0
     299971                    29                    29             2.3310139E-04         1.0000000E+30            141912       
 NEXT SEEDS:208520CD       1       0       0       0       0       1    3039       0       0
     299972                    28                    28             2.3310061E-04         1.0000000E+30            141912       
 NEXT SEEDS:20852110       1       0       0       0       0       1    3039       0       0
     299973                    27                    27             2.3309983E-04         1.0000000E+30            141912       
 NEXT SEEDS:2085215F       1       0       0       0       0       1    3039       0       0
     299974                    26                    26             2.3309906E-04         1.0000000E+30            141912       
 NEXT SEEDS:20852188       1       0       0       0       0       1    3039       0       0
     299975                    25                    25             2.3309848E-04         1.0000000E+30            141912       
 NEXT SEEDS:208522F8       1       0       0       0       0       1    3039       0       0
     299976                    24                    24             2.3309814E-04         1.0000000E+30            141912       
 NEXT SEEDS:2085231B       1       0       0       0       0       1    3039       0       0
     299977                    23                    23             2.3309772E-04         1.0000000E+30            141912       
 NEXT SEEDS:20852360       1       0       0       0       0       1    3039       0       0
     299978                    22                    22             2.3309923E-04         1.0000000E+30            141913       
 NEXT SEEDS:20852853       1       0       0       0       0       1    3039       0       0
     299979                    21                    21             2.3309896E-04         1.0000000E+30            141913       
 NEXT SEEDS:20852895       1       0       0       0       0       1    3039       0       0
     299980                    20                    20             2.3309874E-04         1.0000000E+30            141913       
 NEXT SEEDS:2085290B       1       0       0       0       0       1    3039       0       0
     299981                    19                    19             2.3309825E-04         1.0000000E+30            141913       
 NEXT SEEDS:20852953       1       0       0       0       0       1    3039       0       0
     299982                    18                    18             2.3309772E-04         1.0000000E+30            141913       
 NEXT SEEDS:2085298D       1       0       0       0       0       1    3039       0       0
     299983                    17                    17             2.3309893E-04         1.0000000E+30            141914       
 NEXT SEEDS:208533B6       1       0       0       0       0       1    3039       0       0
     299984                    16                    16             2.3309815E-04         1.0000000E+30            141915       
 NEXT SEEDS:20853909       1       0       0       0       0       1    3039       0       0
     299985                    15                    15             2.3309738E-04         1.0000000E+30            141915       
 NEXT SEEDS:20853AAC       1       0       0       0       0       1    3039       0       0
     299986                    14                    14             2.3309744E-04         1.0000000E+30            141915       
 NEXT SEEDS:20853DF4       1       0       0       0       0       1    3039       0       0
     299987                    13                    13             2.3309704E-04         1.0000000E+30            141915       
 NEXT SEEDS:20853E38       1       0       0       0       0       1    3039       0       0
     299988                    12                    12             2.3309655E-04         1.0000000E+30            141915       
 NEXT SEEDS:20853E7F       1       0       0       0       0       1    3039       0       0
     299989                    11                    11             2.3309986E-04         1.0000000E+30            141920       
 NEXT SEEDS:20855642       1       0       0       0       0       1    3039       0       0
     299990                    10                    10             2.3309957E-04         1.0000000E+30            141920       
 NEXT SEEDS:20855677       1       0       0       0       0       1    3039       0       0
     299991                     9                     9             2.3310246E-04         1.0000000E+30            141921       
 NEXT SEEDS:20856310       1       0       0       0       0       1    3039       0       0
     299992                     8                     8             2.3310285E-04         1.0000000E+30            141921       
 NEXT SEEDS:20856346       1       0       0       0       0       1    3039       0       0
     299993                     7                     7             2.3310245E-04         1.0000000E+30            141921       
 NEXT SEEDS:2085638C       1       0       0       0       0       1    3039       0       0
     299994                     6                     6             2.3310211E-04         1.0000000E+30            141921       
 NEXT SEEDS:20856520       1       0       0       0       0       1    3039       0       0
     299995                     5                     5             2.3310164E-04         1.0000000E+30            141921       
 NEXT SEEDS:2085657E       1       0       0       0       0       1    3039       0       0
     299996                     4                     4             2.3310111E-04         1.0000000E+30            141921       
 NEXT SEEDS:208565B2       1       0       0       0       0       1    3039       0       0
     299997                     3                     3             2.3310059E-04         1.0000000E+30            141921       
 NEXT SEEDS:208565E6       1       0       0       0       0       1    3039       0       0
     299998                     2                     2             2.3310523E-04         1.0000000E+30            141924       
 NEXT SEEDS:208580EE       1       0       0       0       0       1    3039       0       0
     299999                     1                     1             2.3310504E-04         1.0000000E+30            141924       
 NEXT SEEDS:20858147       1       0       0       0       0       1    3039       0       0
     300000                     0                     1             2.3310472E-04         1.0000000E+30            141924       
 NEXT SEEDS:208582DB       1       0       0       0       0       1    3039       0       0
