1NUMBER OF BEAM       NUMBER OF BEAM        APPROXIMATE NUMBER    AVERAGE TIME USED     TIME LEFT (RESERVED   NUMBER OF STARS
 PARTICLES HANDLED    PARTICLES LEFT        OF BEAM PARTICLES     BY A BEAM PARTICLE     10000.0 SECONDS      CREATED
                                            THAT CAN STILL BE                           FOR PRINTOUT)
                                            HANDLED

 NEXT SEEDS:127F508C       0       0       0       0       0       1    3039       0       0
          1                299999                299999             1.2493134E-04         1.0000000E+30                 0       
 NEXT SEEDS:127F50CE       0       0       0       0       0       1    3039       0       0
  *** Kbar: P_min > 1.8 GeV/c:           16   1.9854428856436313     
  *** Kbar: P_min > 1.8 GeV/c:           16   3.3395956140422549     
  *** Kaon: P_min > 1.5 GeV/c:           24   4.4684712149920758     
  *** Kaon: P_min > 1.5 GeV/c:           24   10.098760182115869     
  *** Kbar: P_min > 1.8 GeV/c:           25   3.1002679294401108     
  *** Kaon: P_min > 1.5 GeV/c:           24   26.278835249949161     
  *** Kbar: P_min > 1.8 GeV/c:           16   12.503568248373501     
  *** Kaon: P_min > 1.5 GeV/c:           15   8.7910830064743219     
  *** Kbar: P_min > 1.8 GeV/c:           16   2.7921846542233588     
  *** Kaon: P_min > 1.5 GeV/c:           15   1.9958740604488385     
  *** Kbar: P_min > 1.8 GeV/c:           16   3.5548609713353585     
  *** Kaon: P_min > 1.5 GeV/c:           24   17.833348239175756     
  *** Kaon: P_min > 1.5 GeV/c:           24   3.9876044493467049     
  *** Kaon: P_min > 1.5 GeV/c:           15   14.271714610342981     
  *** Kaon: P_min > 1.5 GeV/c:           15   30.210743704275572     
  *** Kbar: P_min > 1.8 GeV/c:           16   4.0012693040675726     
  *** Kaon: P_min > 1.5 GeV/c:           24   2.6510451170319005     
  *** Kaon: P_min > 1.5 GeV/c:           15   8.4684748454541410     
  *** Kbar: P_min > 1.8 GeV/c:           25   6.2531682359660561     
  *** Kbar: P_min > 1.8 GeV/c:           25   4.6008830580787006     
       6000                294000                294000             2.2752968E-04         1.0000000E+30              2767       
 NEXT SEEDS:12DBB04E       0       0       0       0       0       1    3039       0       0
  Ferevv: Umo2 < Urmin2 !!   6.3827714778787152        7.0333316290233352               17           1   1.1156299999999999       0.93827231000000000      F           0
 KASKAD, TXYZ:  1.00000000001527    
 -2.803568513050056E-04-1.864365847395216E-03 0.999998222783700    
    Jtrack, Ibtar, Ichtar, Etrack     1     9     4  49.9881202614630    
    Ibarch(Jtrack), Ichrge(Jtrack)     1     1
    Iloflk, Tkeflk     1 2.276872784257034E-05
    Linevt,Lelevt,Ldecay,Ldltry,Leldis,Lpairp,Lbrmsp T F F F F F F
      12000                288000                288000             2.3522425E-04         1.0000000E+30              5662       
 NEXT SEEDS:133B64E0       0       0       0       0       0       1    3039       0       0
 KASKAD, TXYZ:  1.00000000001873    
 -1.767583877046968E-03-5.084193975749055E-04 0.999998308595773    
    Jtrack, Ibtar, Ichtar, Etrack     1     9     4  49.9917106550332    
    Ibarch(Jtrack), Ichrge(Jtrack)     1     1
    Iloflk, Tkeflk     8 2.776286319738919E-05
    Linevt,Lelevt,Ldecay,Ldltry,Leldis,Lpairp,Lbrmsp T F F F F F F
      18000                282000                282000             2.3097565E-04         1.0000000E+30              8519       
 NEXT SEEDS:139979BF       0       0       0       0       0       1    3039       0       0
      24000                276000                276000             2.3175979E-04         1.0000000E+30             11478       
 NEXT SEEDS:13FAD59D       0       0       0       0       0       1    3039       0       0
      30000                270000                270000             2.2975540E-04         1.0000000E+30             14289       
 NEXT SEEDS:14572DF2       0       0       0       0       0       1    3039       0       0
      36000                264000                264000             2.2727964E-04         1.0000000E+30             16948       
 NEXT SEEDS:14B09550       0       0       0       0       0       1    3039       0       0
      42000                258000                258000             2.2795595E-04         1.0000000E+30             19747       
 NEXT SEEDS:15138C92       0       0       0       0       0       1    3039       0       0
      48000                252000                252000             2.2765406E-04         1.0000000E+30             22628       
 NEXT SEEDS:1573E6AC       0       0       0       0       0       1    3039       0       0
      54000                246000                246000             2.2913313E-04         1.0000000E+30             25507       
 NEXT SEEDS:15D50050       0       0       0       0       0       1    3039       0       0
 KASKAD, TXYZ: 0.999999999999009    
 -1.260930572203466E-03-2.350502987928002E-03 0.999996442587579    
    Jtrack, Ibtar, Ichtar, Etrack     1     9     4  49.9754488515924    
    Ibarch(Jtrack), Ichrge(Jtrack)     1     1
    Iloflk, Tkeflk     1 1.379327867992997E-04
    Linevt,Lelevt,Ldecay,Ldltry,Leldis,Lpairp,Lbrmsp T F F F F F F
      60000                240000                240000             2.3121406E-04         1.0000000E+30             28493       
 NEXT SEEDS:1636DD99       0       0       0       0       0       1    3039       0       0
      66000                234000                234000             2.3274235E-04         1.0000000E+30             31388       
 NEXT SEEDS:16952389       0       0       0       0       0       1    3039       0       0
  *** Umfnst:amsq,np0,np,kpart  -1.9081958235744878E-017           0           1           7
 *** Frmbrk: we are dealing with a bag of            7      129.368 identical nucleons, go on folks! ***
      72000                228000                228000             2.3188052E-04         1.0000000E+30             34145       
 NEXT SEEDS:16EF54CA       0       0       0       0       0       1    3039       0       0
      78000                222000                222000             2.3216400E-04         1.0000000E+30             36944       
 NEXT SEEDS:174C316A       0       0       0       0       0       1    3039       0       0
 KASKAD, TXYZ:  1.00000000000260    
  6.560625593856692E-02-2.689865250503831E-02 0.997482973128028    
    Jtrack, Ibtar, Ichtar, Etrack     2     9     4  7.10323641399254    
    Ibarch(Jtrack), Ichrge(Jtrack)    -1    -1
    Iloflk, Tkeflk     1 6.606566856415252E-05
    Linevt,Lelevt,Ldecay,Ldltry,Leldis,Lpairp,Lbrmsp T F F F F F F
      84000                216000                216000             2.3480258E-04         1.0000000E+30             39756       
 NEXT SEEDS:17AAB1DA       0       0       0       0       0       1    3039       0       0
      90000                210000                210000             2.3553201E-04         1.0000000E+30             42767       
 NEXT SEEDS:180DAD94       0       0       0       0       0       1    3039       0       0
      96000                204000                204000             2.3491658E-04         1.0000000E+30             45550       
 NEXT SEEDS:1869D9F1       0       0       0       0       0       1    3039       0       0
     102000                198000                198000             2.3437290E-04         1.0000000E+30             48394       
 NEXT SEEDS:18C84182       0       0       0       0       0       1    3039       0       0
     108000                192000                192000             2.3485202E-04         1.0000000E+30             51206       
 NEXT SEEDS:1924F01A       0       0       0       0       0       1    3039       0       0
  *** Umfnst:amsq,np0,np,kpart  -1.5612511283791264E-017           0           1           7
     114000                186000                186000             2.3434089E-04         1.0000000E+30             54014       
 NEXT SEEDS:198108E3       0       0       0       0       0       1    3039       0       0
  *** Umfnst:amsq,np0,np,kpart  -1.7347234759768071E-018           0           1           7
     120000                180000                180000             2.3367131E-04         1.0000000E+30             56639       
 NEXT SEEDS:19D7C29E       0       0       0       0       0       1    3039       0       0
     126000                174000                174000             2.3502075E-04         1.0000000E+30             59666       
 NEXT SEEDS:1A3B6DB8       0       0       0       0       0       1    3039       0       0
     132000                168000                168000             2.3416211E-04         1.0000000E+30             62400       
 NEXT SEEDS:1A95BDB9       0       0       0       0       0       1    3039       0       0
     138000                162000                162000             2.3403912E-04         1.0000000E+30             65309       
 NEXT SEEDS:1AF5CCA4       0       0       0       0       0       1    3039       0       0
 KASKAD, TXYZ: 0.999999999997791    
  2.350087665754775E-02-4.849511976178130E-02 0.998546910340821    
    Jtrack, Ibtar, Ichtar, Etrack     8     9     4  16.0167087947122    
    Ibarch(Jtrack), Ichrge(Jtrack)     1     0
    Iloflk, Tkeflk     1 8.579298867772422E-05
    Linevt,Lelevt,Ldecay,Ldltry,Leldis,Lpairp,Lbrmsp T F F F F F F
     144000                156000                156000             2.3362881E-04         1.0000000E+30             68055       
 NEXT SEEDS:1B527865       0       0       0       0       0       1    3039       0       0
     150000                150000                150000             2.3343499E-04         1.0000000E+30             70845       
 NEXT SEEDS:1BAFD3FC       0       0       0       0       0       1    3039       0       0
     156000                144000                144000             2.3281406E-04         1.0000000E+30             73593       
 NEXT SEEDS:1C0BD6A8       0       0       0       0       0       1    3039       0       0
  *** Umfnst:amsq,np0,np,kpart  -6.9388939039072284E-018           0           1           7
     162000                138000                138000             2.3287687E-04         1.0000000E+30             76488       
 NEXT SEEDS:1C741C2B       0       0       0       0       0       1    3039       0       0
     168000                132000                132000             2.3252031E-04         1.0000000E+30             79400       
 NEXT SEEDS:1CD23CB4       0       0       0       0       0       1    3039       0       0
  Ferevv: Umo2 < Urmin2 !!   6.2868970819754271        7.3854472126390966               20           8   1.1974300000000000       0.93956563000000004      F           0
     174000                126000                126000             2.3221093E-04         1.0000000E+30             82206       
 NEXT SEEDS:1D2F2F8E       0       0       0       0       0       1    3039       0       0
     180000                120000                120000             2.3205686E-04         1.0000000E+30             85039       
 NEXT SEEDS:1D8D2B6D       0       0       0       0       0       1    3039       0       0
  *** Umfnst:amsq,np0,np,kpart  -3.4694469519536142E-018           0           1           7
     186000                114000                114000             2.3174547E-04         1.0000000E+30             87913       
 NEXT SEEDS:1DEBA662       0       0       0       0       0       1    3039       0       0
     192000                108000                108000             2.3166687E-04         1.0000000E+30             90736       
 NEXT SEEDS:1E4A42C8       0       0       0       0       0       1    3039       0       0
     198000                102000                102000             2.3184289E-04         1.0000000E+30             93605       
 NEXT SEEDS:1EA8EB75       0       0       0       0       0       1    3039       0       0
     204000                 96000                 96000             2.3182888E-04         1.0000000E+30             96546       
 NEXT SEEDS:1F0A8BF0       0       0       0       0       0       1    3039       0       0
  *** Umfnst:amsq,np0,np,kpart  -1.9081958235744878E-017           0           1           7
     210000                 90000                 90000             2.3151643E-04         1.0000000E+30             99403       
 NEXT SEEDS:1F67B2E7       0       0       0       0       0       1    3039       0       0
     216000                 84000                 84000             2.3168661E-04         1.0000000E+30            102271       
 NEXT SEEDS:1FC4F578       0       0       0       0       0       1    3039       0       0
 KASKAD, TXYZ: 0.999999999999363    
  0.365909691035768     0.648094547328513    -0.667894868768944    
    Jtrack, Ibtar, Ichtar, Etrack     1     9     4  10.5057264819086    
    Ibarch(Jtrack), Ichrge(Jtrack)     1     1
    Iloflk, Tkeflk     1 2.606808507565894E-04
    Linevt,Lelevt,Ldecay,Ldltry,Leldis,Lpairp,Lbrmsp T F F F F F F
 KASKAD, TXYZ: 0.999999999993568    
  1.930392859531587E-02-4.490363384299025E-02 0.998804796742395    
    Jtrack, Ibtar, Ichtar, Etrack     1     9     4  10.5057264819086    
    Ibarch(Jtrack), Ichrge(Jtrack)     1     1
    Iloflk, Tkeflk     1 4.175750986790128E-05
    Linevt,Lelevt,Ldecay,Ldltry,Leldis,Lpairp,Lbrmsp T F F F F F F
  *** Umfnst:amsq,np0,np,kpart  -8.6736173798840355E-018           0           1           7
     222000                 78000                 78000             2.3344724E-04         1.0000000E+30            105191       
 NEXT SEEDS:20252713       0       0       0       0       0       1    3039       0       0
     228000                 72000                 72000             2.3335131E-04         1.0000000E+30            108094       
 NEXT SEEDS:2085AD21       0       0       0       0       0       1    3039       0       0
     234000                 66000                 66000             2.3346308E-04         1.0000000E+30            111008       
 NEXT SEEDS:20E3A25E       0       0       0       0       0       1    3039       0       0
     240000                 60000                 60000             2.3342983E-04         1.0000000E+30            113863       
 NEXT SEEDS:214181E9       0       0       0       0       0       1    3039       0       0
     246000                 54000                 54000             2.3315957E-04         1.0000000E+30            116728       
 NEXT SEEDS:219E9312       0       0       0       0       0       1    3039       0       0
     252000                 48000                 48000             2.3302643E-04         1.0000000E+30            119541       
 NEXT SEEDS:21FB50E6       0       0       0       0       0       1    3039       0       0
     258000                 42000                 42000             2.3321019E-04         1.0000000E+30            122496       
 NEXT SEEDS:225C7943       0       0       0       0       0       1    3039       0       0
     264000                 36000                 36000             2.3320203E-04         1.0000000E+30            125380       
 NEXT SEEDS:22BAC093       0       0       0       0       0       1    3039       0       0
     270000                 30000                 30000             2.3293784E-04         1.0000000E+30            128151       
 NEXT SEEDS:23160937       0       0       0       0       0       1    3039       0       0
  *** Umfnst:amsq,np0,np,kpart  -5.2041704279304213E-018           0           1           7
     276000                 24000                 24000             2.3261478E-04         1.0000000E+30            130833       
 NEXT SEEDS:236E0031       0       0       0       0       0       1    3039       0       0
     282000                 18000                 18000             2.3246645E-04         1.0000000E+30            133738       
 NEXT SEEDS:23CDC0DC       0       0       0       0       0       1    3039       0       0
 KASKAD, TXYZ: 0.999999999994321    
  1.943441393873815E-03-1.171507060767329E-03 0.999997425294384    
    Jtrack, Ibtar, Ichtar, Etrack     1     9     4  49.9936127973723    
    Ibarch(Jtrack), Ichrge(Jtrack)     1     1
    Iloflk, Tkeflk     8 4.637527744721925E-05
    Linevt,Lelevt,Ldecay,Ldltry,Leldis,Lpairp,Lbrmsp T F F F F F F
     288000                 12000                 12000             2.3236984E-04         1.0000000E+30            136696       
 NEXT SEEDS:242F65AD       0       0       0       0       0       1    3039       0       0
  Ferevv: Umo2 < Urmin2 !!   6.1527987539245856        7.0425259675710974               17           8   1.1156299999999999       0.93956563000000004      F           0
  *** Umfnst:amsq,np0,np,kpart  -6.9388939039072284E-018           0           1           7
     294000                  6000                  6000             2.3226684E-04         1.0000000E+30            139533       
 NEXT SEEDS:248D3A9B       0       0       0       0       0       1    3039       0       0
     299950                    50                    50             2.3222284E-04         1.0000000E+30            142266       
 NEXT SEEDS:24E9B0C7       0       0       0       0       0       1    3039       0       0
     299951                    49                    49             2.3222288E-04         1.0000000E+30            142266       
 NEXT SEEDS:24E9B1D8       0       0       0       0       0       1    3039       0       0
     299952                    48                    48             2.3222241E-04         1.0000000E+30            142266       
 NEXT SEEDS:24E9B204       0       0       0       0       0       1    3039       0       0
     299953                    47                    47             2.3222189E-04         1.0000000E+30            142266       
 NEXT SEEDS:24E9B251       0       0       0       0       0       1    3039       0       0
     299954                    46                    46             2.3222134E-04         1.0000000E+30            142266       
 NEXT SEEDS:24E9B286       0       0       0       0       0       1    3039       0       0
     299955                    45                    45             2.3222522E-04         1.0000000E+30            142270       
 NEXT SEEDS:24E9CEC1       0       0       0       0       0       1    3039       0       0
     299956                    44                    44             2.3222509E-04         1.0000000E+30            142270       
 NEXT SEEDS:24E9CF0F       0       0       0       0       0       1    3039       0       0
     299957                    43                    43             2.3222464E-04         1.0000000E+30            142270       
 NEXT SEEDS:24E9CF97       0       0       0       0       0       1    3039       0       0
     299958                    42                    42             2.3222410E-04         1.0000000E+30            142270       
 NEXT SEEDS:24E9CFB4       0       0       0       0       0       1    3039       0       0
     299959                    41                    41             2.3222358E-04         1.0000000E+30            142270       
 NEXT SEEDS:24E9CFF9       0       0       0       0       0       1    3039       0       0
     299960                    40                    40             2.3222303E-04         1.0000000E+30            142270       
 NEXT SEEDS:24E9D042       0       0       0       0       0       1    3039       0       0
     299961                    39                    39             2.3222251E-04         1.0000000E+30            142270       
 NEXT SEEDS:24E9D088       0       0       0       0       0       1    3039       0       0
     299962                    38                    38             2.3222197E-04         1.0000000E+30            142270       
 NEXT SEEDS:24E9D0D1       0       0       0       0       0       1    3039       0       0
     299963                    37                    37             2.3222145E-04         1.0000000E+30            142270       
 NEXT SEEDS:24E9D12D       0       0       0       0       0       1    3039       0       0
     299964                    36                    36             2.3222093E-04         1.0000000E+30            142270       
 NEXT SEEDS:24E9D189       0       0       0       0       0       1    3039       0       0
     299965                    35                    35             2.3222323E-04         1.0000000E+30            142272       
 NEXT SEEDS:24E9D9B2       0       0       0       0       0       1    3039       0       0
     299966                    34                    34             2.3222291E-04         1.0000000E+30            142272       
 NEXT SEEDS:24E9D9F0       0       0       0       0       0       1    3039       0       0
     299967                    33                    33             2.3222239E-04         1.0000000E+30            142272       
 NEXT SEEDS:24E9DA23       0       0       0       0       0       1    3039       0       0
     299968                    32                    32             2.3222162E-04         1.0000000E+30            142273       
 NEXT SEEDS:24E9DF9B       0       0       0       0       0       1    3039       0       0
     299969                    31                    31             2.3222085E-04         1.0000000E+30            142273       
 NEXT SEEDS:24E9DFEF       0       0       0       0       0       1    3039       0       0
     299970                    30                    30             2.3222007E-04         1.0000000E+30            142273       
 NEXT SEEDS:24E9E058       0       0       0       0       0       1    3039       0       0
     299971                    29                    29             2.3221930E-04         1.0000000E+30            142273       
 NEXT SEEDS:24E9E08D       0       0       0       0       0       1    3039       0       0
     299972                    28                    28             2.3221852E-04         1.0000000E+30            142273       
 NEXT SEEDS:24E9E0DE       0       0       0       0       0       1    3039       0       0
     299973                    27                    27             2.3222159E-04         1.0000000E+30            142275       
 NEXT SEEDS:24E9F939       0       0       0       0       0       1    3039       0       0
     299974                    26                    26             2.3222143E-04         1.0000000E+30            142275       
 NEXT SEEDS:24E9F97F       0       0       0       0       0       1    3039       0       0
     299975                    25                    25             2.3222098E-04         1.0000000E+30            142275       
 NEXT SEEDS:24E9F9E8       0       0       0       0       0       1    3039       0       0
     299976                    24                    24             2.3222049E-04         1.0000000E+30            142275       
 NEXT SEEDS:24E9FA58       0       0       0       0       0       1    3039       0       0
     299977                    23                    23             2.3222012E-04         1.0000000E+30            142275       
 NEXT SEEDS:24E9FABD       0       0       0       0       0       1    3039       0       0
     299978                    22                    22             2.3221958E-04         1.0000000E+30            142275       
 NEXT SEEDS:24E9FAD7       0       0       0       0       0       1    3039       0       0
     299979                    21                    21             2.3221906E-04         1.0000000E+30            142275       
 NEXT SEEDS:24E9FAFB       0       0       0       0       0       1    3039       0       0
     299980                    20                    20             2.3221851E-04         1.0000000E+30            142275       
 NEXT SEEDS:24E9FB42       0       0       0       0       0       1    3039       0       0
     299981                    19                    19             2.3221797E-04         1.0000000E+30            142275       
 NEXT SEEDS:24E9FB59       0       0       0       0       0       1    3039       0       0
     299982                    18                    18             2.3221752E-04         1.0000000E+30            142275       
 NEXT SEEDS:24E9FB89       0       0       0       0       0       1    3039       0       0
     299983                    17                    17             2.3221703E-04         1.0000000E+30            142275       
 NEXT SEEDS:24E9FBE2       0       0       0       0       0       1    3039       0       0
     299984                    16                    16             2.3221653E-04         1.0000000E+30            142275       
 NEXT SEEDS:24E9FC21       0       0       0       0       0       1    3039       0       0
     299985                    15                    15             2.3221601E-04         1.0000000E+30            142275       
 NEXT SEEDS:24E9FC81       0       0       0       0       0       1    3039       0       0
     299986                    14                    14             2.3221562E-04         1.0000000E+30            142275       
 NEXT SEEDS:24E9FCB5       0       0       0       0       0       1    3039       0       0
     299987                    13                    13             2.3221510E-04         1.0000000E+30            142275       
 NEXT SEEDS:24E9FCF5       0       0       0       0       0       1    3039       0       0
     299988                    12                    12             2.3221478E-04         1.0000000E+30            142275       
 NEXT SEEDS:24E9FDD7       0       0       0       0       0       1    3039       0       0
     299989                    11                    11             2.3221429E-04         1.0000000E+30            142275       
 NEXT SEEDS:24E9FE0F       0       0       0       0       0       1    3039       0       0
     299990                    10                    10             2.3221354E-04         1.0000000E+30            142275       
 NEXT SEEDS:24E9FE61       0       0       0       0       0       1    3039       0       0
     299991                     9                     9             2.3221277E-04         1.0000000E+30            142275       
 NEXT SEEDS:24E9FE7F       0       0       0       0       0       1    3039       0       0
     299992                     8                     8             2.3221199E-04         1.0000000E+30            142275       
 NEXT SEEDS:24E9FEC9       0       0       0       0       0       1    3039       0       0
     299993                     7                     7             2.3221122E-04         1.0000000E+30            142275       
 NEXT SEEDS:24E9FF27       0       0       0       0       0       1    3039       0       0
     299994                     6                     6             2.3221045E-04         1.0000000E+30            142275       
 NEXT SEEDS:24E9FF64       0       0       0       0       0       1    3039       0       0
     299995                     5                     5             2.3220967E-04         1.0000000E+30            142275       
 NEXT SEEDS:24E9FFBF       0       0       0       0       0       1    3039       0       0
     299996                     4                     4             2.3220890E-04         1.0000000E+30            142275       
 NEXT SEEDS:24EA0006       0       0       0       0       0       1    3039       0       0
     299997                     3                     3             2.3220812E-04         1.0000000E+30            142275       
 NEXT SEEDS:24EA0037       0       0       0       0       0       1    3039       0       0
     299998                     2                     2             2.3220735E-04         1.0000000E+30            142275       
 NEXT SEEDS:24EA00BB       0       0       0       0       0       1    3039       0       0
     299999                     1                     1             2.3220820E-04         1.0000000E+30            142276       
 NEXT SEEDS:24EA0553       0       0       0       0       0       1    3039       0       0
     300000                     0                     1             2.3221056E-04         1.0000000E+30            142277       
 NEXT SEEDS:24EA16BC       0       0       0       0       0       1    3039       0       0
