 # Detector n:            1   piCurrUD  (integrated over solid angle)
 # N. of energy intervals          50
  1.000E-09  1.637E-09  0.000E+00  0.000E+00
  1.637E-09  2.679E-09  0.000E+00  0.000E+00
  2.679E-09  4.385E-09  0.000E+00  0.000E+00
  4.385E-09  7.177E-09  0.000E+00  0.000E+00
  7.177E-09  1.175E-08  0.000E+00  0.000E+00
  1.175E-08  1.923E-08  0.000E+00  0.000E+00
  1.923E-08  3.147E-08  0.000E+00  0.000E+00
  3.147E-08  5.150E-08  0.000E+00  0.000E+00
  5.150E-08  8.430E-08  0.000E+00  0.000E+00
  8.430E-08  1.380E-07  0.000E+00  0.000E+00
  1.380E-07  2.258E-07  0.000E+00  0.000E+00
  2.258E-07  3.696E-07  0.000E+00  0.000E+00
  3.696E-07  6.050E-07  0.000E+00  0.000E+00
  6.050E-07  9.902E-07  0.000E+00  0.000E+00
  9.902E-07  1.621E-06  0.000E+00  0.000E+00
  1.621E-06  2.653E-06  0.000E+00  0.000E+00
  2.653E-06  4.342E-06  0.000E+00  0.000E+00
  4.342E-06  7.106E-06  0.000E+00  0.000E+00
  7.106E-06  1.163E-05  0.000E+00  0.000E+00
  1.163E-05  1.904E-05  2.250E-04  9.900E+01
  1.904E-05  3.116E-05  0.000E+00  0.000E+00
  3.116E-05  5.100E-05  8.401E-05  9.900E+01
  5.100E-05  8.347E-05  2.566E-04  7.746E+01
  8.347E-05  1.366E-04  6.272E-05  6.124E+01
  1.366E-04  2.236E-04  5.748E-05  6.667E+01
  2.236E-04  3.660E-04  3.512E-05  4.082E+01
  3.660E-04  5.990E-04  7.152E-05  2.739E+01
  5.990E-04  9.804E-04  6.554E-05  1.826E+01
  9.804E-04  1.605E-03  5.606E-05  2.308E+01
  1.605E-03  2.627E-03  7.014E-05  1.824E+01
  2.627E-03  4.299E-03  6.976E-05  1.597E+01
  4.299E-03  7.036E-03  7.306E-05  8.640E+00
  7.036E-03  1.152E-02  1.049E-04  2.284E+00
  1.152E-02  1.885E-02  1.759E-04  4.917E+00
  1.885E-02  3.085E-02  2.718E-04  2.850E+00
  3.085E-02  5.050E-02  3.799E-04  8.768E-01
  5.050E-02  8.265E-02  4.563E-04  1.262E+00
  8.265E-02  1.353E-01  5.174E-04  3.700E-01
  1.353E-01  2.214E-01  5.922E-04  3.883E-01
  2.214E-01  3.624E-01  6.608E-04  1.345E-01
  3.624E-01  5.931E-01  6.000E-04  3.353E-01
  5.931E-01  9.708E-01  4.462E-04  5.163E-01
  9.708E-01  1.589E+00  2.897E-04  4.298E-01
  1.589E+00  2.601E+00  1.717E-04  4.662E-01
  2.601E+00  4.257E+00  9.258E-05  3.235E-01
  4.257E+00  6.967E+00  4.461E-05  2.564E-01
  6.967E+00  1.140E+01  1.824E-05  3.182E-01
  1.140E+01  1.866E+01  5.494E-06  5.418E-01
  1.866E+01  3.055E+01  1.099E-06  1.072E+00
  3.055E+01  5.000E+01  5.758E-08  3.769E+00


 # double differential distributions
 # number of solid angle intervals          10
 # Block n:            1     0.00000000      :  0.628318548    
  1.000E-09  1.637E-09  0.000E+00  0.000E+00  0.000E+00  6.283E-01
  1.637E-09  2.679E-09  0.000E+00  0.000E+00  0.000E+00  6.283E-01
  2.679E-09  4.385E-09  0.000E+00  0.000E+00  0.000E+00  6.283E-01
  4.385E-09  7.177E-09  0.000E+00  0.000E+00  0.000E+00  6.283E-01
  7.177E-09  1.175E-08  0.000E+00  0.000E+00  0.000E+00  6.283E-01
  1.175E-08  1.923E-08  0.000E+00  0.000E+00  0.000E+00  6.283E-01
  1.923E-08  3.147E-08  0.000E+00  0.000E+00  0.000E+00  6.283E-01
  3.147E-08  5.150E-08  0.000E+00  0.000E+00  0.000E+00  6.283E-01
  5.150E-08  8.430E-08  0.000E+00  0.000E+00  0.000E+00  6.283E-01
  8.430E-08  1.380E-07  0.000E+00  0.000E+00  0.000E+00  6.283E-01
  1.380E-07  2.258E-07  0.000E+00  0.000E+00  0.000E+00  6.283E-01
  2.258E-07  3.696E-07  0.000E+00  0.000E+00  0.000E+00  6.283E-01
  3.696E-07  6.050E-07  0.000E+00  0.000E+00  0.000E+00  6.283E-01
  6.050E-07  9.902E-07  0.000E+00  0.000E+00  0.000E+00  6.283E-01
  9.902E-07  1.621E-06  0.000E+00  0.000E+00  0.000E+00  6.283E-01
  1.621E-06  2.653E-06  0.000E+00  0.000E+00  0.000E+00  6.283E-01
  2.653E-06  4.342E-06  0.000E+00  0.000E+00  0.000E+00  6.283E-01
  4.342E-06  7.106E-06  0.000E+00  0.000E+00  0.000E+00  6.283E-01
  7.106E-06  1.163E-05  0.000E+00  0.000E+00  0.000E+00  6.283E-01
  1.163E-05  1.904E-05  0.000E+00  0.000E+00  0.000E+00  6.283E-01
  1.904E-05  3.116E-05  0.000E+00  0.000E+00  0.000E+00  6.283E-01
  3.116E-05  5.100E-05  0.000E+00  0.000E+00  0.000E+00  6.283E-01
  5.100E-05  8.347E-05  0.000E+00  0.000E+00  0.000E+00  6.283E-01
  8.347E-05  1.366E-04  0.000E+00  0.000E+00  0.000E+00  6.283E-01
  1.366E-04  2.236E-04  3.049E-05  9.900E+01  0.000E+00  6.283E-01
  2.236E-04  3.660E-04  1.863E-05  9.900E+01  0.000E+00  6.283E-01
  3.660E-04  5.990E-04  0.000E+00  0.000E+00  0.000E+00  6.283E-01
  5.990E-04  9.804E-04  2.086E-05  6.667E+01  0.000E+00  6.283E-01
  9.804E-04  1.605E-03  1.700E-05  4.677E+01  0.000E+00  6.283E-01
  1.605E-03  2.627E-03  2.077E-05  2.500E+01  0.000E+00  6.283E-01
  2.627E-03  4.299E-03  2.538E-05  1.169E+01  0.000E+00  6.283E-01
  4.299E-03  7.036E-03  1.357E-05  3.072E+01  0.000E+00  6.283E-01
  7.036E-03  1.152E-02  2.901E-05  9.352E+00  0.000E+00  6.283E-01
  1.152E-02  1.885E-02  4.775E-05  1.385E+01  0.000E+00  6.283E-01
  1.885E-02  3.085E-02  9.172E-05  5.612E+00  0.000E+00  6.283E-01
  3.085E-02  5.050E-02  1.280E-04  5.022E+00  0.000E+00  6.283E-01
  5.050E-02  8.265E-02  1.632E-04  1.817E+00  0.000E+00  6.283E-01
  8.265E-02  1.353E-01  1.977E-04  1.045E+00  0.000E+00  6.283E-01
  1.353E-01  2.214E-01  2.844E-04  8.245E-01  0.000E+00  6.283E-01
  2.214E-01  3.624E-01  4.094E-04  3.461E-01  0.000E+00  6.283E-01
  3.624E-01  5.931E-01  5.073E-04  3.009E-01  0.000E+00  6.283E-01
  5.931E-01  9.708E-01  5.106E-04  6.163E-01  0.000E+00  6.283E-01
  9.708E-01  1.589E+00  4.113E-04  4.602E-01  0.000E+00  6.283E-01
  1.589E+00  2.601E+00  2.678E-04  4.694E-01  0.000E+00  6.283E-01
  2.601E+00  4.257E+00  1.471E-04  3.298E-01  0.000E+00  6.283E-01
  4.257E+00  6.967E+00  7.100E-05  2.564E-01  0.000E+00  6.283E-01
  6.967E+00  1.140E+01  2.904E-05  3.182E-01  0.000E+00  6.283E-01
  1.140E+01  1.866E+01  8.744E-06  5.418E-01  0.000E+00  6.283E-01
  1.866E+01  3.055E+01  1.749E-06  1.072E+00  0.000E+00  6.283E-01
  3.055E+01  5.000E+01  9.164E-08  3.769E+00  0.000E+00  6.283E-01
  5.000E+01  5.000E+01  0.000E+00  0.000E+00  0.000E+00  6.283E-01

 # Block n:            2    0.628318548      :   1.25663710    
  1.000E-09  1.637E-09  0.000E+00  0.000E+00  6.283E-01  1.257E+00
  1.637E-09  2.679E-09  0.000E+00  0.000E+00  6.283E-01  1.257E+00
  2.679E-09  4.385E-09  0.000E+00  0.000E+00  6.283E-01  1.257E+00
  4.385E-09  7.177E-09  0.000E+00  0.000E+00  6.283E-01  1.257E+00
  7.177E-09  1.175E-08  0.000E+00  0.000E+00  6.283E-01  1.257E+00
  1.175E-08  1.923E-08  0.000E+00  0.000E+00  6.283E-01  1.257E+00
  1.923E-08  3.147E-08  0.000E+00  0.000E+00  6.283E-01  1.257E+00
  3.147E-08  5.150E-08  0.000E+00  0.000E+00  6.283E-01  1.257E+00
  5.150E-08  8.430E-08  0.000E+00  0.000E+00  6.283E-01  1.257E+00
  8.430E-08  1.380E-07  0.000E+00  0.000E+00  6.283E-01  1.257E+00
  1.380E-07  2.258E-07  0.000E+00  0.000E+00  6.283E-01  1.257E+00
  2.258E-07  3.696E-07  0.000E+00  0.000E+00  6.283E-01  1.257E+00
  3.696E-07  6.050E-07  0.000E+00  0.000E+00  6.283E-01  1.257E+00
  6.050E-07  9.902E-07  0.000E+00  0.000E+00  6.283E-01  1.257E+00
  9.902E-07  1.621E-06  0.000E+00  0.000E+00  6.283E-01  1.257E+00
  1.621E-06  2.653E-06  0.000E+00  0.000E+00  6.283E-01  1.257E+00
  2.653E-06  4.342E-06  0.000E+00  0.000E+00  6.283E-01  1.257E+00
  4.342E-06  7.106E-06  0.000E+00  0.000E+00  6.283E-01  1.257E+00
  7.106E-06  1.163E-05  0.000E+00  0.000E+00  6.283E-01  1.257E+00
  1.163E-05  1.904E-05  0.000E+00  0.000E+00  6.283E-01  1.257E+00
  1.904E-05  3.116E-05  0.000E+00  0.000E+00  6.283E-01  1.257E+00
  3.116E-05  5.100E-05  0.000E+00  0.000E+00  6.283E-01  1.257E+00
  5.100E-05  8.347E-05  2.451E-04  9.900E+01  6.283E-01  1.257E+00
  8.347E-05  1.366E-04  0.000E+00  0.000E+00  6.283E-01  1.257E+00
  1.366E-04  2.236E-04  3.049E-05  9.900E+01  6.283E-01  1.257E+00
  2.236E-04  3.660E-04  0.000E+00  0.000E+00  6.283E-01  1.257E+00
  3.660E-04  5.990E-04  4.553E-05  4.677E+01  6.283E-01  1.257E+00
  5.990E-04  9.804E-04  1.391E-05  6.124E+01  6.283E-01  1.257E+00
  9.804E-04  1.605E-03  1.700E-05  4.677E+01  6.283E-01  1.257E+00
  1.605E-03  2.627E-03  2.077E-05  3.187E+01  6.283E-01  1.257E+00
  2.627E-03  4.299E-03  1.903E-05  4.488E+01  6.283E-01  1.257E+00
  4.299E-03  7.036E-03  2.132E-05  3.182E+01  6.283E-01  1.257E+00
  7.036E-03  1.152E-02  3.789E-05  1.362E+01  6.283E-01  1.257E+00
  1.152E-02  1.885E-02  4.703E-05  1.003E+01  6.283E-01  1.257E+00
  1.885E-02  3.085E-02  8.420E-05  6.230E+00  6.283E-01  1.257E+00
  3.085E-02  5.050E-02  1.171E-04  2.602E+00  6.283E-01  1.257E+00
  5.050E-02  8.265E-02  1.457E-04  1.831E+00  6.283E-01  1.257E+00
  8.265E-02  1.353E-01  1.766E-04  1.611E+00  6.283E-01  1.257E+00
  1.353E-01  2.214E-01  2.229E-04  9.276E-01  6.283E-01  1.257E+00
  2.214E-01  3.624E-01  2.687E-04  8.586E-01  6.283E-01  1.257E+00
  3.624E-01  5.931E-01  2.342E-04  7.659E-01  6.283E-01  1.257E+00
  5.931E-01  9.708E-01  1.320E-04  6.557E-01  6.283E-01  1.257E+00
  9.708E-01  1.589E+00  4.008E-05  6.831E-01  6.283E-01  1.257E+00
  1.589E+00  2.601E+00  5.047E-06  1.251E+00  6.283E-01  1.257E+00
  2.601E+00  4.257E+00  1.954E-07  6.161E+00  6.283E-01  1.257E+00
  4.257E+00  6.967E+00  0.000E+00  0.000E+00  6.283E-01  1.257E+00
  6.967E+00  1.140E+01  0.000E+00  0.000E+00  6.283E-01  1.257E+00
  1.140E+01  1.866E+01  0.000E+00  0.000E+00  6.283E-01  1.257E+00
  1.866E+01  3.055E+01  0.000E+00  0.000E+00  6.283E-01  1.257E+00
  3.055E+01  5.000E+01  0.000E+00  0.000E+00  6.283E-01  1.257E+00
  5.000E+01  5.000E+01  0.000E+00  0.000E+00  6.283E-01  1.257E+00

 # Block n:            3     1.25663710      :   1.88495564    
  1.000E-09  1.637E-09  0.000E+00  0.000E+00  1.257E+00  1.885E+00
  1.637E-09  2.679E-09  0.000E+00  0.000E+00  1.257E+00  1.885E+00
  2.679E-09  4.385E-09  0.000E+00  0.000E+00  1.257E+00  1.885E+00
  4.385E-09  7.177E-09  0.000E+00  0.000E+00  1.257E+00  1.885E+00
  7.177E-09  1.175E-08  0.000E+00  0.000E+00  1.257E+00  1.885E+00
  1.175E-08  1.923E-08  0.000E+00  0.000E+00  1.257E+00  1.885E+00
  1.923E-08  3.147E-08  0.000E+00  0.000E+00  1.257E+00  1.885E+00
  3.147E-08  5.150E-08  0.000E+00  0.000E+00  1.257E+00  1.885E+00
  5.150E-08  8.430E-08  0.000E+00  0.000E+00  1.257E+00  1.885E+00
  8.430E-08  1.380E-07  0.000E+00  0.000E+00  1.257E+00  1.885E+00
  1.380E-07  2.258E-07  0.000E+00  0.000E+00  1.257E+00  1.885E+00
  2.258E-07  3.696E-07  0.000E+00  0.000E+00  1.257E+00  1.885E+00
  3.696E-07  6.050E-07  0.000E+00  0.000E+00  1.257E+00  1.885E+00
  6.050E-07  9.902E-07  0.000E+00  0.000E+00  1.257E+00  1.885E+00
  9.902E-07  1.621E-06  0.000E+00  0.000E+00  1.257E+00  1.885E+00
  1.621E-06  2.653E-06  0.000E+00  0.000E+00  1.257E+00  1.885E+00
  2.653E-06  4.342E-06  0.000E+00  0.000E+00  1.257E+00  1.885E+00
  4.342E-06  7.106E-06  0.000E+00  0.000E+00  1.257E+00  1.885E+00
  7.106E-06  1.163E-05  0.000E+00  0.000E+00  1.257E+00  1.885E+00
  1.163E-05  1.904E-05  0.000E+00  0.000E+00  1.257E+00  1.885E+00
  1.904E-05  3.116E-05  0.000E+00  0.000E+00  1.257E+00  1.885E+00
  3.116E-05  5.100E-05  1.337E-04  9.900E+01  1.257E+00  1.885E+00
  5.100E-05  8.347E-05  0.000E+00  0.000E+00  1.257E+00  1.885E+00
  8.347E-05  1.366E-04  0.000E+00  0.000E+00  1.257E+00  1.885E+00
  1.366E-04  2.236E-04  0.000E+00  0.000E+00  1.257E+00  1.885E+00
  2.236E-04  3.660E-04  3.726E-05  6.124E+01  1.257E+00  1.885E+00
  3.660E-04  5.990E-04  2.277E-05  9.900E+01  1.257E+00  1.885E+00
  5.990E-04  9.804E-04  1.391E-05  6.124E+01  1.257E+00  1.885E+00
  9.804E-04  1.605E-03  1.275E-05  9.900E+01  1.257E+00  1.885E+00
  1.605E-03  2.627E-03  1.038E-05  6.124E+01  1.257E+00  1.885E+00
  2.627E-03  4.299E-03  1.110E-05  3.642E+01  1.257E+00  1.885E+00
  4.299E-03  7.036E-03  2.132E-05  1.846E+01  1.257E+00  1.885E+00
  7.036E-03  1.152E-02  2.250E-05  1.069E+01  1.257E+00  1.885E+00
  1.152E-02  1.885E-02  4.413E-05  1.042E+01  1.257E+00  1.885E+00
  1.885E-02  3.085E-02  6.277E-05  4.255E+00  1.257E+00  1.885E+00
  3.085E-02  5.050E-02  9.776E-05  2.326E+00  1.257E+00  1.885E+00
  5.050E-02  8.265E-02  1.194E-04  1.926E+00  1.257E+00  1.885E+00
  8.265E-02  1.353E-01  1.376E-04  2.116E+00  1.257E+00  1.885E+00
  1.353E-01  2.214E-01  1.578E-04  7.845E-01  1.257E+00  1.885E+00
  2.214E-01  3.624E-01  1.606E-04  7.548E-01  1.257E+00  1.885E+00
  3.624E-01  5.931E-01  1.077E-04  9.927E-01  1.257E+00  1.885E+00
  5.931E-01  9.708E-01  4.190E-05  1.068E+00  1.257E+00  1.885E+00
  9.708E-01  1.589E+00  7.295E-06  3.295E+00  1.257E+00  1.885E+00
  1.589E+00  2.601E+00  4.116E-07  1.106E+01  1.257E+00  1.885E+00
  2.601E+00  4.257E+00  3.204E-09  6.124E+01  1.257E+00  1.885E+00
  4.257E+00  6.967E+00  0.000E+00  0.000E+00  1.257E+00  1.885E+00
  6.967E+00  1.140E+01  0.000E+00  0.000E+00  1.257E+00  1.885E+00
  1.140E+01  1.866E+01  0.000E+00  0.000E+00  1.257E+00  1.885E+00
  1.866E+01  3.055E+01  0.000E+00  0.000E+00  1.257E+00  1.885E+00
  3.055E+01  5.000E+01  0.000E+00  0.000E+00  1.257E+00  1.885E+00
  5.000E+01  5.000E+01  0.000E+00  0.000E+00  1.257E+00  1.885E+00

 # Block n:            4     1.88495564      :   2.51327419    
  1.000E-09  1.637E-09  0.000E+00  0.000E+00  1.885E+00  2.513E+00
  1.637E-09  2.679E-09  0.000E+00  0.000E+00  1.885E+00  2.513E+00
  2.679E-09  4.385E-09  0.000E+00  0.000E+00  1.885E+00  2.513E+00
  4.385E-09  7.177E-09  0.000E+00  0.000E+00  1.885E+00  2.513E+00
  7.177E-09  1.175E-08  0.000E+00  0.000E+00  1.885E+00  2.513E+00
  1.175E-08  1.923E-08  0.000E+00  0.000E+00  1.885E+00  2.513E+00
  1.923E-08  3.147E-08  0.000E+00  0.000E+00  1.885E+00  2.513E+00
  3.147E-08  5.150E-08  0.000E+00  0.000E+00  1.885E+00  2.513E+00
  5.150E-08  8.430E-08  0.000E+00  0.000E+00  1.885E+00  2.513E+00
  8.430E-08  1.380E-07  0.000E+00  0.000E+00  1.885E+00  2.513E+00
  1.380E-07  2.258E-07  0.000E+00  0.000E+00  1.885E+00  2.513E+00
  2.258E-07  3.696E-07  0.000E+00  0.000E+00  1.885E+00  2.513E+00
  3.696E-07  6.050E-07  0.000E+00  0.000E+00  1.885E+00  2.513E+00
  6.050E-07  9.902E-07  0.000E+00  0.000E+00  1.885E+00  2.513E+00
  9.902E-07  1.621E-06  0.000E+00  0.000E+00  1.885E+00  2.513E+00
  1.621E-06  2.653E-06  0.000E+00  0.000E+00  1.885E+00  2.513E+00
  2.653E-06  4.342E-06  0.000E+00  0.000E+00  1.885E+00  2.513E+00
  4.342E-06  7.106E-06  0.000E+00  0.000E+00  1.885E+00  2.513E+00
  7.106E-06  1.163E-05  0.000E+00  0.000E+00  1.885E+00  2.513E+00
  1.163E-05  1.904E-05  3.582E-04  9.900E+01  1.885E+00  2.513E+00
  1.904E-05  3.116E-05  0.000E+00  0.000E+00  1.885E+00  2.513E+00
  3.116E-05  5.100E-05  0.000E+00  0.000E+00  1.885E+00  2.513E+00
  5.100E-05  8.347E-05  0.000E+00  0.000E+00  1.885E+00  2.513E+00
  8.347E-05  1.366E-04  4.991E-05  9.900E+01  1.885E+00  2.513E+00
  1.366E-04  2.236E-04  0.000E+00  0.000E+00  1.885E+00  2.513E+00
  2.236E-04  3.660E-04  0.000E+00  0.000E+00  1.885E+00  2.513E+00
  3.660E-04  5.990E-04  1.138E-05  9.900E+01  1.885E+00  2.513E+00
  5.990E-04  9.804E-04  2.086E-05  4.082E+01  1.885E+00  2.513E+00
  9.804E-04  1.605E-03  1.275E-05  4.082E+01  1.885E+00  2.513E+00
  1.605E-03  2.627E-03  1.558E-05  3.118E+01  1.885E+00  2.513E+00
  2.627E-03  4.299E-03  4.758E-06  4.082E+01  1.885E+00  2.513E+00
  4.299E-03  7.036E-03  1.454E-05  1.054E+01  1.885E+00  2.513E+00
  7.036E-03  1.152E-02  1.954E-05  1.701E+01  1.885E+00  2.513E+00
  1.152E-02  1.885E-02  3.979E-05  2.490E+00  1.885E+00  2.513E+00
  1.885E-02  3.085E-02  5.304E-05  3.423E+00  1.885E+00  2.513E+00
  3.085E-02  5.050E-02  7.913E-05  2.899E+00  1.885E+00  2.513E+00
  5.050E-02  8.265E-02  9.322E-05  4.212E+00  1.885E+00  2.513E+00
  8.265E-02  1.353E-01  1.046E-04  1.388E+00  1.885E+00  2.513E+00
  1.353E-01  2.214E-01  1.068E-04  1.717E+00  1.885E+00  2.513E+00
  2.214E-01  3.624E-01  9.400E-05  1.097E+00  1.885E+00  2.513E+00
  3.624E-01  5.931E-01  5.268E-05  1.037E+00  1.885E+00  2.513E+00
  5.931E-01  9.708E-01  1.542E-05  3.035E+00  1.885E+00  2.513E+00
  9.708E-01  1.589E+00  1.781E-06  2.189E+00  1.885E+00  2.513E+00
  1.589E+00  2.601E+00  4.719E-08  1.884E+01  1.885E+00  2.513E+00
  2.601E+00  4.257E+00  0.000E+00  0.000E+00  1.885E+00  2.513E+00
  4.257E+00  6.967E+00  0.000E+00  0.000E+00  1.885E+00  2.513E+00
  6.967E+00  1.140E+01  0.000E+00  0.000E+00  1.885E+00  2.513E+00
  1.140E+01  1.866E+01  0.000E+00  0.000E+00  1.885E+00  2.513E+00
  1.866E+01  3.055E+01  0.000E+00  0.000E+00  1.885E+00  2.513E+00
  3.055E+01  5.000E+01  0.000E+00  0.000E+00  1.885E+00  2.513E+00
  5.000E+01  5.000E+01  0.000E+00  0.000E+00  1.885E+00  2.513E+00

 # Block n:            5     2.51327419      :   3.14159274    
  1.000E-09  1.637E-09  0.000E+00  0.000E+00  2.513E+00  3.142E+00
  1.637E-09  2.679E-09  0.000E+00  0.000E+00  2.513E+00  3.142E+00
  2.679E-09  4.385E-09  0.000E+00  0.000E+00  2.513E+00  3.142E+00
  4.385E-09  7.177E-09  0.000E+00  0.000E+00  2.513E+00  3.142E+00
  7.177E-09  1.175E-08  0.000E+00  0.000E+00  2.513E+00  3.142E+00
  1.175E-08  1.923E-08  0.000E+00  0.000E+00  2.513E+00  3.142E+00
  1.923E-08  3.147E-08  0.000E+00  0.000E+00  2.513E+00  3.142E+00
  3.147E-08  5.150E-08  0.000E+00  0.000E+00  2.513E+00  3.142E+00
  5.150E-08  8.430E-08  0.000E+00  0.000E+00  2.513E+00  3.142E+00
  8.430E-08  1.380E-07  0.000E+00  0.000E+00  2.513E+00  3.142E+00
  1.380E-07  2.258E-07  0.000E+00  0.000E+00  2.513E+00  3.142E+00
  2.258E-07  3.696E-07  0.000E+00  0.000E+00  2.513E+00  3.142E+00
  3.696E-07  6.050E-07  0.000E+00  0.000E+00  2.513E+00  3.142E+00
  6.050E-07  9.902E-07  0.000E+00  0.000E+00  2.513E+00  3.142E+00
  9.902E-07  1.621E-06  0.000E+00  0.000E+00  2.513E+00  3.142E+00
  1.621E-06  2.653E-06  0.000E+00  0.000E+00  2.513E+00  3.142E+00
  2.653E-06  4.342E-06  0.000E+00  0.000E+00  2.513E+00  3.142E+00
  4.342E-06  7.106E-06  0.000E+00  0.000E+00  2.513E+00  3.142E+00
  7.106E-06  1.163E-05  0.000E+00  0.000E+00  2.513E+00  3.142E+00
  1.163E-05  1.904E-05  0.000E+00  0.000E+00  2.513E+00  3.142E+00
  1.904E-05  3.116E-05  0.000E+00  0.000E+00  2.513E+00  3.142E+00
  3.116E-05  5.100E-05  0.000E+00  0.000E+00  2.513E+00  3.142E+00
  5.100E-05  8.347E-05  8.169E-05  9.900E+01  2.513E+00  3.142E+00
  8.347E-05  1.366E-04  0.000E+00  0.000E+00  2.513E+00  3.142E+00
  1.366E-04  2.236E-04  0.000E+00  0.000E+00  2.513E+00  3.142E+00
  2.236E-04  3.660E-04  0.000E+00  0.000E+00  2.513E+00  3.142E+00
  3.660E-04  5.990E-04  1.138E-05  9.900E+01  2.513E+00  3.142E+00
  5.990E-04  9.804E-04  6.954E-06  9.900E+01  2.513E+00  3.142E+00
  9.804E-04  1.605E-03  4.249E-06  9.900E+01  2.513E+00  3.142E+00
  1.605E-03  2.627E-03  2.077E-05  3.187E+01  2.513E+00  3.142E+00
  2.627E-03  4.299E-03  7.930E-06  3.162E+01  2.513E+00  3.142E+00
  4.299E-03  7.036E-03  1.938E-05  1.768E+01  2.513E+00  3.142E+00
  7.036E-03  1.152E-02  1.895E-05  1.822E+01  2.513E+00  3.142E+00
  1.152E-02  1.885E-02  3.545E-05  7.498E+00  2.513E+00  3.142E+00
  1.885E-02  3.085E-02  4.464E-05  1.209E+01  2.513E+00  3.142E+00
  3.085E-02  5.050E-02  6.184E-05  4.926E+00  2.513E+00  3.142E+00
  5.050E-02  8.265E-02  6.790E-05  3.298E+00  2.513E+00  3.142E+00
  8.265E-02  1.353E-01  7.727E-05  3.050E+00  2.513E+00  3.142E+00
  1.353E-01  2.214E-01  7.058E-05  2.917E+00  2.513E+00  3.142E+00
  2.214E-01  3.624E-01  5.468E-05  2.007E+00  2.513E+00  3.142E+00
  3.624E-01  5.931E-01  2.758E-05  1.985E+00  2.513E+00  3.142E+00
  5.931E-01  9.708E-01  6.455E-06  1.880E+00  2.513E+00  3.142E+00
  9.708E-01  1.589E+00  4.763E-07  1.245E+01  2.513E+00  3.142E+00
  1.589E+00  2.601E+00  2.622E-09  9.900E+01  2.513E+00  3.142E+00
  2.601E+00  4.257E+00  0.000E+00  0.000E+00  2.513E+00  3.142E+00
  4.257E+00  6.967E+00  0.000E+00  0.000E+00  2.513E+00  3.142E+00
  6.967E+00  1.140E+01  0.000E+00  0.000E+00  2.513E+00  3.142E+00
  1.140E+01  1.866E+01  0.000E+00  0.000E+00  2.513E+00  3.142E+00
  1.866E+01  3.055E+01  0.000E+00  0.000E+00  2.513E+00  3.142E+00
  3.055E+01  5.000E+01  0.000E+00  0.000E+00  2.513E+00  3.142E+00
  5.000E+01  5.000E+01  0.000E+00  0.000E+00  2.513E+00  3.142E+00

 # Block n:            6     3.14159274      :   3.76991129    
  1.000E-09  1.637E-09  0.000E+00  0.000E+00  3.142E+00  3.770E+00
  1.637E-09  2.679E-09  0.000E+00  0.000E+00  3.142E+00  3.770E+00
  2.679E-09  4.385E-09  0.000E+00  0.000E+00  3.142E+00  3.770E+00
  4.385E-09  7.177E-09  0.000E+00  0.000E+00  3.142E+00  3.770E+00
  7.177E-09  1.175E-08  0.000E+00  0.000E+00  3.142E+00  3.770E+00
  1.175E-08  1.923E-08  0.000E+00  0.000E+00  3.142E+00  3.770E+00
  1.923E-08  3.147E-08  0.000E+00  0.000E+00  3.142E+00  3.770E+00
  3.147E-08  5.150E-08  0.000E+00  0.000E+00  3.142E+00  3.770E+00
  5.150E-08  8.430E-08  0.000E+00  0.000E+00  3.142E+00  3.770E+00
  8.430E-08  1.380E-07  0.000E+00  0.000E+00  3.142E+00  3.770E+00
  1.380E-07  2.258E-07  0.000E+00  0.000E+00  3.142E+00  3.770E+00
  2.258E-07  3.696E-07  0.000E+00  0.000E+00  3.142E+00  3.770E+00
  3.696E-07  6.050E-07  0.000E+00  0.000E+00  3.142E+00  3.770E+00
  6.050E-07  9.902E-07  0.000E+00  0.000E+00  3.142E+00  3.770E+00
  9.902E-07  1.621E-06  0.000E+00  0.000E+00  3.142E+00  3.770E+00
  1.621E-06  2.653E-06  0.000E+00  0.000E+00  3.142E+00  3.770E+00
  2.653E-06  4.342E-06  0.000E+00  0.000E+00  3.142E+00  3.770E+00
  4.342E-06  7.106E-06  0.000E+00  0.000E+00  3.142E+00  3.770E+00
  7.106E-06  1.163E-05  0.000E+00  0.000E+00  3.142E+00  3.770E+00
  1.163E-05  1.904E-05  0.000E+00  0.000E+00  3.142E+00  3.770E+00
  1.904E-05  3.116E-05  0.000E+00  0.000E+00  3.142E+00  3.770E+00
  3.116E-05  5.100E-05  0.000E+00  0.000E+00  3.142E+00  3.770E+00
  5.100E-05  8.347E-05  0.000E+00  0.000E+00  3.142E+00  3.770E+00
  8.347E-05  1.366E-04  0.000E+00  0.000E+00  3.142E+00  3.770E+00
  1.366E-04  2.236E-04  0.000E+00  0.000E+00  3.142E+00  3.770E+00
  2.236E-04  3.660E-04  0.000E+00  0.000E+00  3.142E+00  3.770E+00
  3.660E-04  5.990E-04  1.138E-05  9.900E+01  3.142E+00  3.770E+00
  5.990E-04  9.804E-04  6.954E-06  9.900E+01  3.142E+00  3.770E+00
  9.804E-04  1.605E-03  8.498E-06  6.124E+01  3.142E+00  3.770E+00
  1.605E-03  2.627E-03  5.192E-06  6.124E+01  3.142E+00  3.770E+00
  2.627E-03  4.299E-03  1.427E-05  3.239E+01  3.142E+00  3.770E+00
  4.299E-03  7.036E-03  6.783E-06  3.642E+01  3.142E+00  3.770E+00
  7.036E-03  1.152E-02  1.658E-05  1.211E+01  3.142E+00  3.770E+00
  1.152E-02  1.885E-02  2.243E-05  4.839E+00  3.142E+00  3.770E+00
  1.885E-02  3.085E-02  3.426E-05  5.680E+00  3.142E+00  3.770E+00
  3.085E-02  5.050E-02  4.848E-05  6.969E+00  3.142E+00  3.770E+00
  5.050E-02  8.265E-02  5.263E-05  1.992E+00  3.142E+00  3.770E+00
  8.265E-02  1.353E-01  5.131E-05  3.030E+00  3.142E+00  3.770E+00
  1.353E-01  2.214E-01  4.592E-05  2.288E+00  3.142E+00  3.770E+00
  2.214E-01  3.624E-01  3.131E-05  2.211E+00  3.142E+00  3.770E+00
  3.624E-01  5.931E-01  1.368E-05  1.112E+00  3.142E+00  3.770E+00
  5.931E-01  9.708E-01  2.423E-06  4.606E+00  3.142E+00  3.770E+00
  9.708E-01  1.589E+00  1.545E-07  1.111E+01  3.142E+00  3.770E+00
  1.589E+00  2.601E+00  0.000E+00  0.000E+00  3.142E+00  3.770E+00
  2.601E+00  4.257E+00  0.000E+00  0.000E+00  3.142E+00  3.770E+00
  4.257E+00  6.967E+00  0.000E+00  0.000E+00  3.142E+00  3.770E+00
  6.967E+00  1.140E+01  0.000E+00  0.000E+00  3.142E+00  3.770E+00
  1.140E+01  1.866E+01  0.000E+00  0.000E+00  3.142E+00  3.770E+00
  1.866E+01  3.055E+01  0.000E+00  0.000E+00  3.142E+00  3.770E+00
  3.055E+01  5.000E+01  0.000E+00  0.000E+00  3.142E+00  3.770E+00
  5.000E+01  5.000E+01  0.000E+00  0.000E+00  3.142E+00  3.770E+00

 # Block n:            7     3.76991129      :   4.39822960    
  1.000E-09  1.637E-09  0.000E+00  0.000E+00  3.770E+00  4.398E+00
  1.637E-09  2.679E-09  0.000E+00  0.000E+00  3.770E+00  4.398E+00
  2.679E-09  4.385E-09  0.000E+00  0.000E+00  3.770E+00  4.398E+00
  4.385E-09  7.177E-09  0.000E+00  0.000E+00  3.770E+00  4.398E+00
  7.177E-09  1.175E-08  0.000E+00  0.000E+00  3.770E+00  4.398E+00
  1.175E-08  1.923E-08  0.000E+00  0.000E+00  3.770E+00  4.398E+00
  1.923E-08  3.147E-08  0.000E+00  0.000E+00  3.770E+00  4.398E+00
  3.147E-08  5.150E-08  0.000E+00  0.000E+00  3.770E+00  4.398E+00
  5.150E-08  8.430E-08  0.000E+00  0.000E+00  3.770E+00  4.398E+00
  8.430E-08  1.380E-07  0.000E+00  0.000E+00  3.770E+00  4.398E+00
  1.380E-07  2.258E-07  0.000E+00  0.000E+00  3.770E+00  4.398E+00
  2.258E-07  3.696E-07  0.000E+00  0.000E+00  3.770E+00  4.398E+00
  3.696E-07  6.050E-07  0.000E+00  0.000E+00  3.770E+00  4.398E+00
  6.050E-07  9.902E-07  0.000E+00  0.000E+00  3.770E+00  4.398E+00
  9.902E-07  1.621E-06  0.000E+00  0.000E+00  3.770E+00  4.398E+00
  1.621E-06  2.653E-06  0.000E+00  0.000E+00  3.770E+00  4.398E+00
  2.653E-06  4.342E-06  0.000E+00  0.000E+00  3.770E+00  4.398E+00
  4.342E-06  7.106E-06  0.000E+00  0.000E+00  3.770E+00  4.398E+00
  7.106E-06  1.163E-05  0.000E+00  0.000E+00  3.770E+00  4.398E+00
  1.163E-05  1.904E-05  0.000E+00  0.000E+00  3.770E+00  4.398E+00
  1.904E-05  3.116E-05  0.000E+00  0.000E+00  3.770E+00  4.398E+00
  3.116E-05  5.100E-05  0.000E+00  0.000E+00  3.770E+00  4.398E+00
  5.100E-05  8.347E-05  8.169E-05  9.900E+01  3.770E+00  4.398E+00
  8.347E-05  1.366E-04  0.000E+00  0.000E+00  3.770E+00  4.398E+00
  1.366E-04  2.236E-04  3.049E-05  9.900E+01  3.770E+00  4.398E+00
  2.236E-04  3.660E-04  0.000E+00  0.000E+00  3.770E+00  4.398E+00
  3.660E-04  5.990E-04  1.138E-05  9.900E+01  3.770E+00  4.398E+00
  5.990E-04  9.804E-04  6.954E-06  9.900E+01  3.770E+00  4.398E+00
  9.804E-04  1.605E-03  8.498E-06  9.900E+01  3.770E+00  4.398E+00
  1.605E-03  2.627E-03  7.788E-06  6.667E+01  3.770E+00  4.398E+00
  2.627E-03  4.299E-03  1.427E-05  5.386E+01  3.770E+00  4.398E+00
  4.299E-03  7.036E-03  9.690E-06  3.536E+01  3.770E+00  4.398E+00
  7.036E-03  1.152E-02  1.184E-05  2.500E+01  3.770E+00  4.398E+00
  1.152E-02  1.885E-02  2.207E-05  5.437E+00  3.770E+00  4.398E+00
  1.885E-02  3.085E-02  2.939E-05  8.288E+00  3.770E+00  4.398E+00
  3.085E-02  5.050E-02  3.119E-05  7.935E+00  3.770E+00  4.398E+00
  5.050E-02  8.265E-02  3.655E-05  4.262E+00  3.770E+00  4.398E+00
  8.265E-02  1.353E-01  3.654E-05  3.758E+00  3.770E+00  4.398E+00
  1.353E-01  2.214E-01  2.729E-05  4.071E+00  3.770E+00  4.398E+00
  2.214E-01  3.624E-01  1.797E-05  3.291E+00  3.770E+00  4.398E+00
  3.624E-01  5.931E-01  7.001E-06  6.519E+00  3.770E+00  4.398E+00
  5.931E-01  9.708E-01  9.201E-07  6.763E+00  3.770E+00  4.398E+00
  9.708E-01  1.589E+00  2.575E-08  1.667E+01  3.770E+00  4.398E+00
  1.589E+00  2.601E+00  0.000E+00  0.000E+00  3.770E+00  4.398E+00
  2.601E+00  4.257E+00  0.000E+00  0.000E+00  3.770E+00  4.398E+00
  4.257E+00  6.967E+00  0.000E+00  0.000E+00  3.770E+00  4.398E+00
  6.967E+00  1.140E+01  0.000E+00  0.000E+00  3.770E+00  4.398E+00
  1.140E+01  1.866E+01  0.000E+00  0.000E+00  3.770E+00  4.398E+00
  1.866E+01  3.055E+01  0.000E+00  0.000E+00  3.770E+00  4.398E+00
  3.055E+01  5.000E+01  0.000E+00  0.000E+00  3.770E+00  4.398E+00
  5.000E+01  5.000E+01  0.000E+00  0.000E+00  3.770E+00  4.398E+00

 # Block n:            8     4.39822960      :   5.02654839    
  1.000E-09  1.637E-09  0.000E+00  0.000E+00  4.398E+00  5.027E+00
  1.637E-09  2.679E-09  0.000E+00  0.000E+00  4.398E+00  5.027E+00
  2.679E-09  4.385E-09  0.000E+00  0.000E+00  4.398E+00  5.027E+00
  4.385E-09  7.177E-09  0.000E+00  0.000E+00  4.398E+00  5.027E+00
  7.177E-09  1.175E-08  0.000E+00  0.000E+00  4.398E+00  5.027E+00
  1.175E-08  1.923E-08  0.000E+00  0.000E+00  4.398E+00  5.027E+00
  1.923E-08  3.147E-08  0.000E+00  0.000E+00  4.398E+00  5.027E+00
  3.147E-08  5.150E-08  0.000E+00  0.000E+00  4.398E+00  5.027E+00
  5.150E-08  8.430E-08  0.000E+00  0.000E+00  4.398E+00  5.027E+00
  8.430E-08  1.380E-07  0.000E+00  0.000E+00  4.398E+00  5.027E+00
  1.380E-07  2.258E-07  0.000E+00  0.000E+00  4.398E+00  5.027E+00
  2.258E-07  3.696E-07  0.000E+00  0.000E+00  4.398E+00  5.027E+00
  3.696E-07  6.050E-07  0.000E+00  0.000E+00  4.398E+00  5.027E+00
  6.050E-07  9.902E-07  0.000E+00  0.000E+00  4.398E+00  5.027E+00
  9.902E-07  1.621E-06  0.000E+00  0.000E+00  4.398E+00  5.027E+00
  1.621E-06  2.653E-06  0.000E+00  0.000E+00  4.398E+00  5.027E+00
  2.653E-06  4.342E-06  0.000E+00  0.000E+00  4.398E+00  5.027E+00
  4.342E-06  7.106E-06  0.000E+00  0.000E+00  4.398E+00  5.027E+00
  7.106E-06  1.163E-05  0.000E+00  0.000E+00  4.398E+00  5.027E+00
  1.163E-05  1.904E-05  0.000E+00  0.000E+00  4.398E+00  5.027E+00
  1.904E-05  3.116E-05  0.000E+00  0.000E+00  4.398E+00  5.027E+00
  3.116E-05  5.100E-05  0.000E+00  0.000E+00  4.398E+00  5.027E+00
  5.100E-05  8.347E-05  0.000E+00  0.000E+00  4.398E+00  5.027E+00
  8.347E-05  1.366E-04  4.991E-05  9.900E+01  4.398E+00  5.027E+00
  1.366E-04  2.236E-04  0.000E+00  0.000E+00  4.398E+00  5.027E+00
  2.236E-04  3.660E-04  0.000E+00  0.000E+00  4.398E+00  5.027E+00
  3.660E-04  5.990E-04  0.000E+00  0.000E+00  4.398E+00  5.027E+00
  5.990E-04  9.804E-04  6.954E-06  9.900E+01  4.398E+00  5.027E+00
  9.804E-04  1.605E-03  8.498E-06  6.124E+01  4.398E+00  5.027E+00
  1.605E-03  2.627E-03  7.788E-06  4.082E+01  4.398E+00  5.027E+00
  2.627E-03  4.299E-03  6.344E-06  6.124E+01  4.398E+00  5.027E+00
  4.299E-03  7.036E-03  4.845E-06  3.162E+01  4.398E+00  5.027E+00
  7.036E-03  1.152E-02  5.329E-06  3.239E+01  4.398E+00  5.027E+00
  1.152E-02  1.885E-02  1.194E-05  1.560E+01  4.398E+00  5.027E+00
  1.885E-02  3.085E-02  2.077E-05  1.573E+01  4.398E+00  5.027E+00
  3.085E-02  5.050E-02  2.579E-05  3.249E+00  4.398E+00  5.027E+00
  5.050E-02  8.265E-02  2.640E-05  2.965E+00  4.398E+00  5.027E+00
  8.265E-02  1.353E-01  2.540E-05  2.537E+00  4.398E+00  5.027E+00
  1.353E-01  2.214E-01  1.568E-05  4.137E+00  4.398E+00  5.027E+00
  2.214E-01  3.624E-01  9.633E-06  3.051E+00  4.398E+00  5.027E+00
  3.624E-01  5.931E-01  3.035E-06  6.378E+00  4.398E+00  5.027E+00
  5.931E-01  9.708E-01  3.371E-07  1.072E+01  4.398E+00  5.027E+00
  9.708E-01  1.589E+00  0.000E+00  0.000E+00  4.398E+00  5.027E+00
  1.589E+00  2.601E+00  0.000E+00  0.000E+00  4.398E+00  5.027E+00
  2.601E+00  4.257E+00  0.000E+00  0.000E+00  4.398E+00  5.027E+00
  4.257E+00  6.967E+00  0.000E+00  0.000E+00  4.398E+00  5.027E+00
  6.967E+00  1.140E+01  0.000E+00  0.000E+00  4.398E+00  5.027E+00
  1.140E+01  1.866E+01  0.000E+00  0.000E+00  4.398E+00  5.027E+00
  1.866E+01  3.055E+01  0.000E+00  0.000E+00  4.398E+00  5.027E+00
  3.055E+01  5.000E+01  0.000E+00  0.000E+00  4.398E+00  5.027E+00
  5.000E+01  5.000E+01  0.000E+00  0.000E+00  4.398E+00  5.027E+00

 # Block n:            9     5.02654839      :   5.65486717    
  1.000E-09  1.637E-09  0.000E+00  0.000E+00  5.027E+00  5.655E+00
  1.637E-09  2.679E-09  0.000E+00  0.000E+00  5.027E+00  5.655E+00
  2.679E-09  4.385E-09  0.000E+00  0.000E+00  5.027E+00  5.655E+00
  4.385E-09  7.177E-09  0.000E+00  0.000E+00  5.027E+00  5.655E+00
  7.177E-09  1.175E-08  0.000E+00  0.000E+00  5.027E+00  5.655E+00
  1.175E-08  1.923E-08  0.000E+00  0.000E+00  5.027E+00  5.655E+00
  1.923E-08  3.147E-08  0.000E+00  0.000E+00  5.027E+00  5.655E+00
  3.147E-08  5.150E-08  0.000E+00  0.000E+00  5.027E+00  5.655E+00
  5.150E-08  8.430E-08  0.000E+00  0.000E+00  5.027E+00  5.655E+00
  8.430E-08  1.380E-07  0.000E+00  0.000E+00  5.027E+00  5.655E+00
  1.380E-07  2.258E-07  0.000E+00  0.000E+00  5.027E+00  5.655E+00
  2.258E-07  3.696E-07  0.000E+00  0.000E+00  5.027E+00  5.655E+00
  3.696E-07  6.050E-07  0.000E+00  0.000E+00  5.027E+00  5.655E+00
  6.050E-07  9.902E-07  0.000E+00  0.000E+00  5.027E+00  5.655E+00
  9.902E-07  1.621E-06  0.000E+00  0.000E+00  5.027E+00  5.655E+00
  1.621E-06  2.653E-06  0.000E+00  0.000E+00  5.027E+00  5.655E+00
  2.653E-06  4.342E-06  0.000E+00  0.000E+00  5.027E+00  5.655E+00
  4.342E-06  7.106E-06  0.000E+00  0.000E+00  5.027E+00  5.655E+00
  7.106E-06  1.163E-05  0.000E+00  0.000E+00  5.027E+00  5.655E+00
  1.163E-05  1.904E-05  0.000E+00  0.000E+00  5.027E+00  5.655E+00
  1.904E-05  3.116E-05  0.000E+00  0.000E+00  5.027E+00  5.655E+00
  3.116E-05  5.100E-05  0.000E+00  0.000E+00  5.027E+00  5.655E+00
  5.100E-05  8.347E-05  0.000E+00  0.000E+00  5.027E+00  5.655E+00
  8.347E-05  1.366E-04  0.000E+00  0.000E+00  5.027E+00  5.655E+00
  1.366E-04  2.236E-04  0.000E+00  0.000E+00  5.027E+00  5.655E+00
  2.236E-04  3.660E-04  0.000E+00  0.000E+00  5.027E+00  5.655E+00
  3.660E-04  5.990E-04  0.000E+00  0.000E+00  5.027E+00  5.655E+00
  5.990E-04  9.804E-04  0.000E+00  0.000E+00  5.027E+00  5.655E+00
  9.804E-04  1.605E-03  0.000E+00  0.000E+00  5.027E+00  5.655E+00
  1.605E-03  2.627E-03  2.596E-06  9.900E+01  5.027E+00  5.655E+00
  2.627E-03  4.299E-03  4.758E-06  6.667E+01  5.027E+00  5.655E+00
  4.299E-03  7.036E-03  3.876E-06  7.289E+01  5.027E+00  5.655E+00
  7.036E-03  1.152E-02  4.736E-06  2.500E+01  5.027E+00  5.655E+00
  1.152E-02  1.885E-02  6.149E-06  1.995E+01  5.027E+00  5.655E+00
  1.885E-02  3.085E-02  8.840E-06  1.936E+01  5.027E+00  5.655E+00
  3.085E-02  5.050E-02  1.202E-05  1.261E+01  5.027E+00  5.655E+00
  5.050E-02  8.265E-02  1.650E-05  8.478E+00  5.027E+00  5.655E+00
  8.265E-02  1.353E-01  1.215E-05  7.288E+00  5.027E+00  5.655E+00
  1.353E-01  2.214E-01  8.777E-06  6.974E+00  5.027E+00  5.655E+00
  2.214E-01  3.624E-01  4.233E-06  3.063E+00  5.027E+00  5.655E+00
  3.624E-01  5.931E-01  1.414E-06  9.411E+00  5.027E+00  5.655E+00
  5.931E-01  9.708E-01  8.428E-08  7.046E+01  5.027E+00  5.655E+00
  9.708E-01  1.589E+00  0.000E+00  0.000E+00  5.027E+00  5.655E+00
  1.589E+00  2.601E+00  0.000E+00  0.000E+00  5.027E+00  5.655E+00
  2.601E+00  4.257E+00  0.000E+00  0.000E+00  5.027E+00  5.655E+00
  4.257E+00  6.967E+00  0.000E+00  0.000E+00  5.027E+00  5.655E+00
  6.967E+00  1.140E+01  0.000E+00  0.000E+00  5.027E+00  5.655E+00
  1.140E+01  1.866E+01  0.000E+00  0.000E+00  5.027E+00  5.655E+00
  1.866E+01  3.055E+01  0.000E+00  0.000E+00  5.027E+00  5.655E+00
  3.055E+01  5.000E+01  0.000E+00  0.000E+00  5.027E+00  5.655E+00
  5.000E+01  5.000E+01  0.000E+00  0.000E+00  5.027E+00  5.655E+00

 # Block n:           10     5.65486717      :   6.28318548    
  1.000E-09  1.637E-09  0.000E+00  0.000E+00  5.655E+00  6.283E+00
  1.637E-09  2.679E-09  0.000E+00  0.000E+00  5.655E+00  6.283E+00
  2.679E-09  4.385E-09  0.000E+00  0.000E+00  5.655E+00  6.283E+00
  4.385E-09  7.177E-09  0.000E+00  0.000E+00  5.655E+00  6.283E+00
  7.177E-09  1.175E-08  0.000E+00  0.000E+00  5.655E+00  6.283E+00
  1.175E-08  1.923E-08  0.000E+00  0.000E+00  5.655E+00  6.283E+00
  1.923E-08  3.147E-08  0.000E+00  0.000E+00  5.655E+00  6.283E+00
  3.147E-08  5.150E-08  0.000E+00  0.000E+00  5.655E+00  6.283E+00
  5.150E-08  8.430E-08  0.000E+00  0.000E+00  5.655E+00  6.283E+00
  8.430E-08  1.380E-07  0.000E+00  0.000E+00  5.655E+00  6.283E+00
  1.380E-07  2.258E-07  0.000E+00  0.000E+00  5.655E+00  6.283E+00
  2.258E-07  3.696E-07  0.000E+00  0.000E+00  5.655E+00  6.283E+00
  3.696E-07  6.050E-07  0.000E+00  0.000E+00  5.655E+00  6.283E+00
  6.050E-07  9.902E-07  0.000E+00  0.000E+00  5.655E+00  6.283E+00
  9.902E-07  1.621E-06  0.000E+00  0.000E+00  5.655E+00  6.283E+00
  1.621E-06  2.653E-06  0.000E+00  0.000E+00  5.655E+00  6.283E+00
  2.653E-06  4.342E-06  0.000E+00  0.000E+00  5.655E+00  6.283E+00
  4.342E-06  7.106E-06  0.000E+00  0.000E+00  5.655E+00  6.283E+00
  7.106E-06  1.163E-05  0.000E+00  0.000E+00  5.655E+00  6.283E+00
  1.163E-05  1.904E-05  0.000E+00  0.000E+00  5.655E+00  6.283E+00
  1.904E-05  3.116E-05  0.000E+00  0.000E+00  5.655E+00  6.283E+00
  3.116E-05  5.100E-05  0.000E+00  0.000E+00  5.655E+00  6.283E+00
  5.100E-05  8.347E-05  0.000E+00  0.000E+00  5.655E+00  6.283E+00
  8.347E-05  1.366E-04  0.000E+00  0.000E+00  5.655E+00  6.283E+00
  1.366E-04  2.236E-04  0.000E+00  0.000E+00  5.655E+00  6.283E+00
  2.236E-04  3.660E-04  0.000E+00  0.000E+00  5.655E+00  6.283E+00
  3.660E-04  5.990E-04  0.000E+00  0.000E+00  5.655E+00  6.283E+00
  5.990E-04  9.804E-04  6.954E-06  9.900E+01  5.655E+00  6.283E+00
  9.804E-04  1.605E-03  0.000E+00  0.000E+00  5.655E+00  6.283E+00
  1.605E-03  2.627E-03  0.000E+00  0.000E+00  5.655E+00  6.283E+00
  2.627E-03  4.299E-03  3.172E-06  6.124E+01  5.655E+00  6.283E+00
  4.299E-03  7.036E-03  9.690E-07  9.900E+01  5.655E+00  6.283E+00
  7.036E-03  1.152E-02  5.921E-07  9.900E+01  5.655E+00  6.283E+00
  1.152E-02  1.885E-02  3.256E-06  4.082E+01  5.655E+00  6.283E+00
  1.885E-02  3.085E-02  2.873E-06  2.609E+01  5.655E+00  6.283E+00
  3.085E-02  5.050E-02  3.376E-06  1.897E+01  5.655E+00  6.283E+00
  5.050E-02  8.265E-02  4.702E-06  1.832E+01  5.655E+00  6.283E+00
  8.265E-02  1.353E-01  4.385E-06  1.005E+01  5.655E+00  6.283E+00
  1.353E-01  2.214E-01  2.371E-06  7.289E+00  5.655E+00  6.283E+00
  2.214E-01  3.624E-01  1.091E-06  5.847E+00  5.655E+00  6.283E+00
  3.624E-01  5.931E-01  2.644E-07  3.120E+01  5.655E+00  6.283E+00
  5.931E-01  9.708E-01  1.405E-08  6.124E+01  5.655E+00  6.283E+00
  9.708E-01  1.589E+00  0.000E+00  0.000E+00  5.655E+00  6.283E+00
  1.589E+00  2.601E+00  0.000E+00  0.000E+00  5.655E+00  6.283E+00
  2.601E+00  4.257E+00  0.000E+00  0.000E+00  5.655E+00  6.283E+00
  4.257E+00  6.967E+00  0.000E+00  0.000E+00  5.655E+00  6.283E+00
  6.967E+00  1.140E+01  0.000E+00  0.000E+00  5.655E+00  6.283E+00
  1.140E+01  1.866E+01  0.000E+00  0.000E+00  5.655E+00  6.283E+00
  1.866E+01  3.055E+01  0.000E+00  0.000E+00  5.655E+00  6.283E+00
  3.055E+01  5.000E+01  0.000E+00  0.000E+00  5.655E+00  6.283E+00
  5.000E+01  5.000E+01  0.000E+00  0.000E+00  5.655E+00  6.283E+00

  1.000E-09  1.000E-09  0.000E+00  0.000E+00  6.283E+00  6.283E+00
  1.637E-09  1.637E-09  0.000E+00  0.000E+00  6.283E+00  6.283E+00
  2.679E-09  2.679E-09  0.000E+00  0.000E+00  6.283E+00  6.283E+00
  4.385E-09  4.385E-09  0.000E+00  0.000E+00  6.283E+00  6.283E+00
  7.177E-09  7.177E-09  0.000E+00  0.000E+00  6.283E+00  6.283E+00
  1.175E-08  1.175E-08  0.000E+00  0.000E+00  6.283E+00  6.283E+00
  1.923E-08  1.923E-08  0.000E+00  0.000E+00  6.283E+00  6.283E+00
  3.147E-08  3.147E-08  0.000E+00  0.000E+00  6.283E+00  6.283E+00
  5.150E-08  5.150E-08  0.000E+00  0.000E+00  6.283E+00  6.283E+00
  8.430E-08  8.430E-08  0.000E+00  0.000E+00  6.283E+00  6.283E+00
  1.380E-07  1.380E-07  0.000E+00  0.000E+00  6.283E+00  6.283E+00
  2.258E-07  2.258E-07  0.000E+00  0.000E+00  6.283E+00  6.283E+00
  3.696E-07  3.696E-07  0.000E+00  0.000E+00  6.283E+00  6.283E+00
  6.050E-07  6.050E-07  0.000E+00  0.000E+00  6.283E+00  6.283E+00
  9.902E-07  9.902E-07  0.000E+00  0.000E+00  6.283E+00  6.283E+00
  1.621E-06  1.621E-06  0.000E+00  0.000E+00  6.283E+00  6.283E+00
  2.653E-06  2.653E-06  0.000E+00  0.000E+00  6.283E+00  6.283E+00
  4.342E-06  4.342E-06  0.000E+00  0.000E+00  6.283E+00  6.283E+00
  7.106E-06  7.106E-06  0.000E+00  0.000E+00  6.283E+00  6.283E+00
  1.163E-05  1.163E-05  0.000E+00  0.000E+00  6.283E+00  6.283E+00
  1.904E-05  1.904E-05  0.000E+00  0.000E+00  6.283E+00  6.283E+00
  3.116E-05  3.116E-05  0.000E+00  0.000E+00  6.283E+00  6.283E+00
  5.100E-05  5.100E-05  0.000E+00  0.000E+00  6.283E+00  6.283E+00
  8.347E-05  8.347E-05  0.000E+00  0.000E+00  6.283E+00  6.283E+00
  1.366E-04  1.366E-04  0.000E+00  0.000E+00  6.283E+00  6.283E+00
  2.236E-04  2.236E-04  0.000E+00  0.000E+00  6.283E+00  6.283E+00
  3.660E-04  3.660E-04  0.000E+00  0.000E+00  6.283E+00  6.283E+00
  5.990E-04  5.990E-04  0.000E+00  0.000E+00  6.283E+00  6.283E+00
  9.804E-04  9.804E-04  0.000E+00  0.000E+00  6.283E+00  6.283E+00
  1.605E-03  1.605E-03  0.000E+00  0.000E+00  6.283E+00  6.283E+00
  2.627E-03  2.627E-03  0.000E+00  0.000E+00  6.283E+00  6.283E+00
  4.299E-03  4.299E-03  0.000E+00  0.000E+00  6.283E+00  6.283E+00
  7.036E-03  7.036E-03  0.000E+00  0.000E+00  6.283E+00  6.283E+00
  1.152E-02  1.152E-02  0.000E+00  0.000E+00  6.283E+00  6.283E+00
  1.885E-02  1.885E-02  0.000E+00  0.000E+00  6.283E+00  6.283E+00
  3.085E-02  3.085E-02  0.000E+00  0.000E+00  6.283E+00  6.283E+00
  5.050E-02  5.050E-02  0.000E+00  0.000E+00  6.283E+00  6.283E+00
  8.265E-02  8.265E-02  0.000E+00  0.000E+00  6.283E+00  6.283E+00
  1.353E-01  1.353E-01  0.000E+00  0.000E+00  6.283E+00  6.283E+00
  2.214E-01  2.214E-01  0.000E+00  0.000E+00  6.283E+00  6.283E+00
  3.624E-01  3.624E-01  0.000E+00  0.000E+00  6.283E+00  6.283E+00
  5.931E-01  5.931E-01  0.000E+00  0.000E+00  6.283E+00  6.283E+00
  9.708E-01  9.708E-01  0.000E+00  0.000E+00  6.283E+00  6.283E+00
  1.589E+00  1.589E+00  0.000E+00  0.000E+00  6.283E+00  6.283E+00
  2.601E+00  2.601E+00  0.000E+00  0.000E+00  6.283E+00  6.283E+00
  4.257E+00  4.257E+00  0.000E+00  0.000E+00  6.283E+00  6.283E+00
  6.967E+00  6.967E+00  0.000E+00  0.000E+00  6.283E+00  6.283E+00
  1.140E+01  1.140E+01  0.000E+00  0.000E+00  6.283E+00  6.283E+00
  1.866E+01  1.866E+01  0.000E+00  0.000E+00  6.283E+00  6.283E+00
  3.055E+01  3.055E+01  0.000E+00  0.000E+00  6.283E+00  6.283E+00
  5.000E+01  5.000E+01  0.000E+00  0.000E+00  6.283E+00  6.283E+00
