 # Detector n:            1   piFluenUD (integrated over solid angle)
 # N. of energy intervals          50
  1.000E-09  1.637E-09  0.000E+00  0.000E+00
  1.637E-09  2.679E-09  0.000E+00  0.000E+00
  2.679E-09  4.385E-09  0.000E+00  0.000E+00
  4.385E-09  7.177E-09  0.000E+00  0.000E+00
  7.177E-09  1.175E-08  0.000E+00  0.000E+00
  1.175E-08  1.923E-08  0.000E+00  0.000E+00
  1.923E-08  3.147E-08  0.000E+00  0.000E+00
  3.147E-08  5.150E-08  0.000E+00  0.000E+00
  5.150E-08  8.430E-08  0.000E+00  0.000E+00
  8.430E-08  1.380E-07  0.000E+00  0.000E+00
  1.380E-07  2.258E-07  0.000E+00  0.000E+00
  2.258E-07  3.696E-07  0.000E+00  0.000E+00
  3.696E-07  6.050E-07  0.000E+00  0.000E+00
  6.050E-07  9.902E-07  0.000E+00  0.000E+00
  9.902E-07  1.621E-06  0.000E+00  0.000E+00
  1.621E-06  2.653E-06  0.000E+00  0.000E+00
  2.653E-06  4.342E-06  0.000E+00  0.000E+00
  4.342E-06  7.106E-06  0.000E+00  0.000E+00
  7.106E-06  1.163E-05  0.000E+00  0.000E+00
  1.163E-05  1.904E-05  3.340E-04  9.900E+01
  1.904E-05  3.116E-05  0.000E+00  0.000E+00
  3.116E-05  5.100E-05  1.195E-04  9.900E+01
  5.100E-05  8.347E-05  4.098E-04  7.504E+01
  8.347E-05  1.366E-04  2.015E-04  7.535E+01
  1.366E-04  2.236E-04  9.321E-05  7.662E+01
  2.236E-04  3.660E-04  4.327E-05  4.140E+01
  3.660E-04  5.990E-04  1.108E-04  3.177E+01
  5.990E-04  9.804E-04  1.585E-04  4.298E+01
  9.804E-04  1.605E-03  9.912E-05  1.830E+01
  1.605E-03  2.627E-03  1.297E-04  1.410E+01
  2.627E-03  4.299E-03  1.608E-04  2.003E+01
  4.299E-03  7.036E-03  1.546E-04  1.354E+01
  7.036E-03  1.152E-02  1.893E-04  5.668E+00
  1.152E-02  1.885E-02  3.393E-04  3.270E+00
  1.885E-02  3.085E-02  4.988E-04  1.941E+00
  3.085E-02  5.050E-02  6.853E-04  1.081E+00
  5.050E-02  8.265E-02  8.086E-04  2.168E+00
  8.265E-02  1.353E-01  8.713E-04  6.772E-01
  1.353E-01  2.214E-01  8.811E-04  8.806E-01
  2.214E-01  3.624E-01  8.830E-04  2.911E-01
  3.624E-01  5.931E-01  7.251E-04  2.751E-01
  5.931E-01  9.708E-01  4.936E-04  4.622E-01
  9.708E-01  1.589E+00  3.040E-04  4.242E-01
  1.589E+00  2.601E+00  1.754E-04  4.659E-01
  2.601E+00  4.257E+00  9.341E-05  3.210E-01
  4.257E+00  6.967E+00  4.478E-05  2.569E-01
  6.967E+00  1.140E+01  1.827E-05  3.192E-01
  1.140E+01  1.866E+01  5.498E-06  5.415E-01
  1.866E+01  3.055E+01  1.100E-06  1.072E+00
  3.055E+01  5.000E+01  5.759E-08  3.769E+00


 # double differential distributions
 # number of solid angle intervals          10
 # Block n:            1     0.00000000      :  0.628318548    
  1.000E-09  1.637E-09  0.000E+00  0.000E+00  0.000E+00  6.283E-01
  1.637E-09  2.679E-09  0.000E+00  0.000E+00  0.000E+00  6.283E-01
  2.679E-09  4.385E-09  0.000E+00  0.000E+00  0.000E+00  6.283E-01
  4.385E-09  7.177E-09  0.000E+00  0.000E+00  0.000E+00  6.283E-01
  7.177E-09  1.175E-08  0.000E+00  0.000E+00  0.000E+00  6.283E-01
  1.175E-08  1.923E-08  0.000E+00  0.000E+00  0.000E+00  6.283E-01
  1.923E-08  3.147E-08  0.000E+00  0.000E+00  0.000E+00  6.283E-01
  3.147E-08  5.150E-08  0.000E+00  0.000E+00  0.000E+00  6.283E-01
  5.150E-08  8.430E-08  0.000E+00  0.000E+00  0.000E+00  6.283E-01
  8.430E-08  1.380E-07  0.000E+00  0.000E+00  0.000E+00  6.283E-01
  1.380E-07  2.258E-07  0.000E+00  0.000E+00  0.000E+00  6.283E-01
  2.258E-07  3.696E-07  0.000E+00  0.000E+00  0.000E+00  6.283E-01
  3.696E-07  6.050E-07  0.000E+00  0.000E+00  0.000E+00  6.283E-01
  6.050E-07  9.902E-07  0.000E+00  0.000E+00  0.000E+00  6.283E-01
  9.902E-07  1.621E-06  0.000E+00  0.000E+00  0.000E+00  6.283E-01
  1.621E-06  2.653E-06  0.000E+00  0.000E+00  0.000E+00  6.283E-01
  2.653E-06  4.342E-06  0.000E+00  0.000E+00  0.000E+00  6.283E-01
  4.342E-06  7.106E-06  0.000E+00  0.000E+00  0.000E+00  6.283E-01
  7.106E-06  1.163E-05  0.000E+00  0.000E+00  0.000E+00  6.283E-01
  1.163E-05  1.904E-05  0.000E+00  0.000E+00  0.000E+00  6.283E-01
  1.904E-05  3.116E-05  0.000E+00  0.000E+00  0.000E+00  6.283E-01
  3.116E-05  5.100E-05  0.000E+00  0.000E+00  0.000E+00  6.283E-01
  5.100E-05  8.347E-05  0.000E+00  0.000E+00  0.000E+00  6.283E-01
  8.347E-05  1.366E-04  0.000E+00  0.000E+00  0.000E+00  6.283E-01
  1.366E-04  2.236E-04  3.096E-05  9.900E+01  0.000E+00  6.283E-01
  2.236E-04  3.660E-04  1.965E-05  9.900E+01  0.000E+00  6.283E-01
  3.660E-04  5.990E-04  0.000E+00  0.000E+00  0.000E+00  6.283E-01
  5.990E-04  9.804E-04  2.252E-05  6.617E+01  0.000E+00  6.283E-01
  9.804E-04  1.605E-03  1.773E-05  4.588E+01  0.000E+00  6.283E-01
  1.605E-03  2.627E-03  2.174E-05  2.502E+01  0.000E+00  6.283E-01
  2.627E-03  4.299E-03  2.690E-05  1.153E+01  0.000E+00  6.283E-01
  4.299E-03  7.036E-03  1.420E-05  3.060E+01  0.000E+00  6.283E-01
  7.036E-03  1.152E-02  3.038E-05  9.196E+00  0.000E+00  6.283E-01
  1.152E-02  1.885E-02  5.036E-05  1.368E+01  0.000E+00  6.283E-01
  1.885E-02  3.085E-02  9.666E-05  5.636E+00  0.000E+00  6.283E-01
  3.085E-02  5.050E-02  1.346E-04  4.977E+00  0.000E+00  6.283E-01
  5.050E-02  8.265E-02  1.718E-04  1.787E+00  0.000E+00  6.283E-01
  8.265E-02  1.353E-01  2.081E-04  1.063E+00  0.000E+00  6.283E-01
  1.353E-01  2.214E-01  2.992E-04  8.239E-01  0.000E+00  6.283E-01
  2.214E-01  3.624E-01  4.299E-04  3.617E-01  0.000E+00  6.283E-01
  3.624E-01  5.931E-01  5.312E-04  3.043E-01  0.000E+00  6.283E-01
  5.931E-01  9.708E-01  5.314E-04  6.249E-01  0.000E+00  6.283E-01
  9.708E-01  1.589E+00  4.239E-04  4.576E-01  0.000E+00  6.283E-01
  1.589E+00  2.601E+00  2.727E-04  4.708E-01  0.000E+00  6.283E-01
  2.601E+00  4.257E+00  1.484E-04  3.283E-01  0.000E+00  6.283E-01
  4.257E+00  6.967E+00  7.126E-05  2.569E-01  0.000E+00  6.283E-01
  6.967E+00  1.140E+01  2.908E-05  3.192E-01  0.000E+00  6.283E-01
  1.140E+01  1.866E+01  8.750E-06  5.415E-01  0.000E+00  6.283E-01
  1.866E+01  3.055E+01  1.750E-06  1.072E+00  0.000E+00  6.283E-01
  3.055E+01  5.000E+01  9.166E-08  3.769E+00  0.000E+00  6.283E-01
  5.000E+01  5.000E+01  0.000E+00  0.000E+00  0.000E+00  6.283E-01

 # Block n:            2    0.628318548      :   1.25663710    
  1.000E-09  1.637E-09  0.000E+00  0.000E+00  6.283E-01  1.257E+00
  1.637E-09  2.679E-09  0.000E+00  0.000E+00  6.283E-01  1.257E+00
  2.679E-09  4.385E-09  0.000E+00  0.000E+00  6.283E-01  1.257E+00
  4.385E-09  7.177E-09  0.000E+00  0.000E+00  6.283E-01  1.257E+00
  7.177E-09  1.175E-08  0.000E+00  0.000E+00  6.283E-01  1.257E+00
  1.175E-08  1.923E-08  0.000E+00  0.000E+00  6.283E-01  1.257E+00
  1.923E-08  3.147E-08  0.000E+00  0.000E+00  6.283E-01  1.257E+00
  3.147E-08  5.150E-08  0.000E+00  0.000E+00  6.283E-01  1.257E+00
  5.150E-08  8.430E-08  0.000E+00  0.000E+00  6.283E-01  1.257E+00
  8.430E-08  1.380E-07  0.000E+00  0.000E+00  6.283E-01  1.257E+00
  1.380E-07  2.258E-07  0.000E+00  0.000E+00  6.283E-01  1.257E+00
  2.258E-07  3.696E-07  0.000E+00  0.000E+00  6.283E-01  1.257E+00
  3.696E-07  6.050E-07  0.000E+00  0.000E+00  6.283E-01  1.257E+00
  6.050E-07  9.902E-07  0.000E+00  0.000E+00  6.283E-01  1.257E+00
  9.902E-07  1.621E-06  0.000E+00  0.000E+00  6.283E-01  1.257E+00
  1.621E-06  2.653E-06  0.000E+00  0.000E+00  6.283E-01  1.257E+00
  2.653E-06  4.342E-06  0.000E+00  0.000E+00  6.283E-01  1.257E+00
  4.342E-06  7.106E-06  0.000E+00  0.000E+00  6.283E-01  1.257E+00
  7.106E-06  1.163E-05  0.000E+00  0.000E+00  6.283E-01  1.257E+00
  1.163E-05  1.904E-05  0.000E+00  0.000E+00  6.283E-01  1.257E+00
  1.904E-05  3.116E-05  0.000E+00  0.000E+00  6.283E-01  1.257E+00
  3.116E-05  5.100E-05  0.000E+00  0.000E+00  6.283E-01  1.257E+00
  5.100E-05  8.347E-05  2.901E-04  9.900E+01  6.283E-01  1.257E+00
  8.347E-05  1.366E-04  0.000E+00  0.000E+00  6.283E-01  1.257E+00
  1.366E-04  2.236E-04  3.559E-05  9.900E+01  6.283E-01  1.257E+00
  2.236E-04  3.660E-04  0.000E+00  0.000E+00  6.283E-01  1.257E+00
  3.660E-04  5.990E-04  5.314E-05  4.696E+01  6.283E-01  1.257E+00
  5.990E-04  9.804E-04  1.655E-05  6.130E+01  6.283E-01  1.257E+00
  9.804E-04  1.605E-03  2.002E-05  4.843E+01  6.283E-01  1.257E+00
  1.605E-03  2.627E-03  2.402E-05  3.199E+01  6.283E-01  1.257E+00
  2.627E-03  4.299E-03  2.232E-05  4.488E+01  6.283E-01  1.257E+00
  4.299E-03  7.036E-03  2.506E-05  3.167E+01  6.283E-01  1.257E+00
  7.036E-03  1.152E-02  4.457E-05  1.397E+01  6.283E-01  1.257E+00
  1.152E-02  1.885E-02  5.530E-05  1.002E+01  6.283E-01  1.257E+00
  1.885E-02  3.085E-02  9.921E-05  6.266E+00  6.283E-01  1.257E+00
  3.085E-02  5.050E-02  1.375E-04  2.622E+00  6.283E-01  1.257E+00
  5.050E-02  8.265E-02  1.714E-04  1.812E+00  6.283E-01  1.257E+00
  8.265E-02  1.353E-01  2.077E-04  1.621E+00  6.283E-01  1.257E+00
  1.353E-01  2.214E-01  2.617E-04  8.975E-01  6.283E-01  1.257E+00
  2.214E-01  3.624E-01  3.150E-04  8.475E-01  6.283E-01  1.257E+00
  3.624E-01  5.931E-01  2.737E-04  7.692E-01  6.283E-01  1.257E+00
  5.931E-01  9.708E-01  1.536E-04  6.597E-01  6.283E-01  1.257E+00
  9.708E-01  1.589E+00  4.641E-05  7.032E-01  6.283E-01  1.257E+00
  1.589E+00  2.601E+00  5.806E-06  1.267E+00  6.283E-01  1.257E+00
  2.601E+00  4.257E+00  2.225E-07  6.231E+00  6.283E-01  1.257E+00
  4.257E+00  6.967E+00  0.000E+00  0.000E+00  6.283E-01  1.257E+00
  6.967E+00  1.140E+01  0.000E+00  0.000E+00  6.283E-01  1.257E+00
  1.140E+01  1.866E+01  0.000E+00  0.000E+00  6.283E-01  1.257E+00
  1.866E+01  3.055E+01  0.000E+00  0.000E+00  6.283E-01  1.257E+00
  3.055E+01  5.000E+01  0.000E+00  0.000E+00  6.283E-01  1.257E+00
  5.000E+01  5.000E+01  0.000E+00  0.000E+00  6.283E-01  1.257E+00

 # Block n:            3     1.25663710      :   1.88495564    
  1.000E-09  1.637E-09  0.000E+00  0.000E+00  1.257E+00  1.885E+00
  1.637E-09  2.679E-09  0.000E+00  0.000E+00  1.257E+00  1.885E+00
  2.679E-09  4.385E-09  0.000E+00  0.000E+00  1.257E+00  1.885E+00
  4.385E-09  7.177E-09  0.000E+00  0.000E+00  1.257E+00  1.885E+00
  7.177E-09  1.175E-08  0.000E+00  0.000E+00  1.257E+00  1.885E+00
  1.175E-08  1.923E-08  0.000E+00  0.000E+00  1.257E+00  1.885E+00
  1.923E-08  3.147E-08  0.000E+00  0.000E+00  1.257E+00  1.885E+00
  3.147E-08  5.150E-08  0.000E+00  0.000E+00  1.257E+00  1.885E+00
  5.150E-08  8.430E-08  0.000E+00  0.000E+00  1.257E+00  1.885E+00
  8.430E-08  1.380E-07  0.000E+00  0.000E+00  1.257E+00  1.885E+00
  1.380E-07  2.258E-07  0.000E+00  0.000E+00  1.257E+00  1.885E+00
  2.258E-07  3.696E-07  0.000E+00  0.000E+00  1.257E+00  1.885E+00
  3.696E-07  6.050E-07  0.000E+00  0.000E+00  1.257E+00  1.885E+00
  6.050E-07  9.902E-07  0.000E+00  0.000E+00  1.257E+00  1.885E+00
  9.902E-07  1.621E-06  0.000E+00  0.000E+00  1.257E+00  1.885E+00
  1.621E-06  2.653E-06  0.000E+00  0.000E+00  1.257E+00  1.885E+00
  2.653E-06  4.342E-06  0.000E+00  0.000E+00  1.257E+00  1.885E+00
  4.342E-06  7.106E-06  0.000E+00  0.000E+00  1.257E+00  1.885E+00
  7.106E-06  1.163E-05  0.000E+00  0.000E+00  1.257E+00  1.885E+00
  1.163E-05  1.904E-05  0.000E+00  0.000E+00  1.257E+00  1.885E+00
  1.904E-05  3.116E-05  0.000E+00  0.000E+00  1.257E+00  1.885E+00
  3.116E-05  5.100E-05  1.902E-04  9.900E+01  1.257E+00  1.885E+00
  5.100E-05  8.347E-05  0.000E+00  0.000E+00  1.257E+00  1.885E+00
  8.347E-05  1.366E-04  0.000E+00  0.000E+00  1.257E+00  1.885E+00
  1.366E-04  2.236E-04  0.000E+00  0.000E+00  1.257E+00  1.885E+00
  2.236E-04  3.660E-04  4.921E-05  6.131E+01  1.257E+00  1.885E+00
  3.660E-04  5.990E-04  2.917E-05  9.900E+01  1.257E+00  1.885E+00
  5.990E-04  9.804E-04  1.841E-05  6.130E+01  1.257E+00  1.885E+00
  9.804E-04  1.605E-03  1.674E-05  9.900E+01  1.257E+00  1.885E+00
  1.605E-03  2.627E-03  1.402E-05  6.124E+01  1.257E+00  1.885E+00
  2.627E-03  4.299E-03  1.478E-05  3.701E+01  1.257E+00  1.885E+00
  4.299E-03  7.036E-03  2.866E-05  1.838E+01  1.257E+00  1.885E+00
  7.036E-03  1.152E-02  3.010E-05  1.075E+01  1.257E+00  1.885E+00
  1.152E-02  1.885E-02  5.846E-05  1.013E+01  1.257E+00  1.885E+00
  1.885E-02  3.085E-02  8.357E-05  4.363E+00  1.257E+00  1.885E+00
  3.085E-02  5.050E-02  1.302E-04  2.380E+00  1.257E+00  1.885E+00
  5.050E-02  8.265E-02  1.588E-04  1.914E+00  1.257E+00  1.885E+00
  8.265E-02  1.353E-01  1.830E-04  2.116E+00  1.257E+00  1.885E+00
  1.353E-01  2.214E-01  2.100E-04  7.953E-01  1.257E+00  1.885E+00
  2.214E-01  3.624E-01  2.131E-04  7.665E-01  1.257E+00  1.885E+00
  3.624E-01  5.931E-01  1.426E-04  9.713E-01  1.257E+00  1.885E+00
  5.931E-01  9.708E-01  5.535E-05  1.064E+00  1.257E+00  1.885E+00
  9.708E-01  1.589E+00  9.578E-06  3.353E+00  1.257E+00  1.885E+00
  1.589E+00  2.601E+00  5.383E-07  1.110E+01  1.257E+00  1.885E+00
  2.601E+00  4.257E+00  4.079E-09  6.124E+01  1.257E+00  1.885E+00
  4.257E+00  6.967E+00  0.000E+00  0.000E+00  1.257E+00  1.885E+00
  6.967E+00  1.140E+01  0.000E+00  0.000E+00  1.257E+00  1.885E+00
  1.140E+01  1.866E+01  0.000E+00  0.000E+00  1.257E+00  1.885E+00
  1.866E+01  3.055E+01  0.000E+00  0.000E+00  1.257E+00  1.885E+00
  3.055E+01  5.000E+01  0.000E+00  0.000E+00  1.257E+00  1.885E+00
  5.000E+01  5.000E+01  0.000E+00  0.000E+00  1.257E+00  1.885E+00

 # Block n:            4     1.88495564      :   2.51327419    
  1.000E-09  1.637E-09  0.000E+00  0.000E+00  1.885E+00  2.513E+00
  1.637E-09  2.679E-09  0.000E+00  0.000E+00  1.885E+00  2.513E+00
  2.679E-09  4.385E-09  0.000E+00  0.000E+00  1.885E+00  2.513E+00
  4.385E-09  7.177E-09  0.000E+00  0.000E+00  1.885E+00  2.513E+00
  7.177E-09  1.175E-08  0.000E+00  0.000E+00  1.885E+00  2.513E+00
  1.175E-08  1.923E-08  0.000E+00  0.000E+00  1.885E+00  2.513E+00
  1.923E-08  3.147E-08  0.000E+00  0.000E+00  1.885E+00  2.513E+00
  3.147E-08  5.150E-08  0.000E+00  0.000E+00  1.885E+00  2.513E+00
  5.150E-08  8.430E-08  0.000E+00  0.000E+00  1.885E+00  2.513E+00
  8.430E-08  1.380E-07  0.000E+00  0.000E+00  1.885E+00  2.513E+00
  1.380E-07  2.258E-07  0.000E+00  0.000E+00  1.885E+00  2.513E+00
  2.258E-07  3.696E-07  0.000E+00  0.000E+00  1.885E+00  2.513E+00
  3.696E-07  6.050E-07  0.000E+00  0.000E+00  1.885E+00  2.513E+00
  6.050E-07  9.902E-07  0.000E+00  0.000E+00  1.885E+00  2.513E+00
  9.902E-07  1.621E-06  0.000E+00  0.000E+00  1.885E+00  2.513E+00
  1.621E-06  2.653E-06  0.000E+00  0.000E+00  1.885E+00  2.513E+00
  2.653E-06  4.342E-06  0.000E+00  0.000E+00  1.885E+00  2.513E+00
  4.342E-06  7.106E-06  0.000E+00  0.000E+00  1.885E+00  2.513E+00
  7.106E-06  1.163E-05  0.000E+00  0.000E+00  1.885E+00  2.513E+00
  1.163E-05  1.904E-05  5.315E-04  9.900E+01  1.885E+00  2.513E+00
  1.904E-05  3.116E-05  0.000E+00  0.000E+00  1.885E+00  2.513E+00
  3.116E-05  5.100E-05  0.000E+00  0.000E+00  1.885E+00  2.513E+00
  5.100E-05  8.347E-05  0.000E+00  0.000E+00  1.885E+00  2.513E+00
  8.347E-05  1.366E-04  7.130E-05  9.900E+01  1.885E+00  2.513E+00
  1.366E-04  2.236E-04  0.000E+00  0.000E+00  1.885E+00  2.513E+00
  2.236E-04  3.660E-04  0.000E+00  0.000E+00  1.885E+00  2.513E+00
  3.660E-04  5.990E-04  1.778E-05  9.900E+01  1.885E+00  2.513E+00
  5.990E-04  9.804E-04  3.143E-05  4.088E+01  1.885E+00  2.513E+00
  9.804E-04  1.605E-03  1.929E-05  4.083E+01  1.885E+00  2.513E+00
  1.605E-03  2.627E-03  2.370E-05  3.136E+01  1.885E+00  2.513E+00
  2.627E-03  4.299E-03  7.385E-06  4.090E+01  1.885E+00  2.513E+00
  4.299E-03  7.036E-03  2.265E-05  1.024E+01  1.885E+00  2.513E+00
  7.036E-03  1.152E-02  2.977E-05  1.686E+01  1.885E+00  2.513E+00
  1.152E-02  1.885E-02  6.148E-05  2.189E+00  1.885E+00  2.513E+00
  1.885E-02  3.085E-02  8.170E-05  3.305E+00  1.885E+00  2.513E+00
  3.085E-02  5.050E-02  1.218E-04  2.909E+00  1.885E+00  2.513E+00
  5.050E-02  8.265E-02  1.431E-04  4.157E+00  1.885E+00  2.513E+00
  8.265E-02  1.353E-01  1.606E-04  1.425E+00  1.885E+00  2.513E+00
  1.353E-01  2.214E-01  1.640E-04  1.730E+00  1.885E+00  2.513E+00
  2.214E-01  3.624E-01  1.439E-04  1.116E+00  1.885E+00  2.513E+00
  3.624E-01  5.931E-01  8.057E-05  1.088E+00  1.885E+00  2.513E+00
  5.931E-01  9.708E-01  2.348E-05  3.057E+00  1.885E+00  2.513E+00
  9.708E-01  1.589E+00  2.707E-06  2.272E+00  1.885E+00  2.513E+00
  1.589E+00  2.601E+00  7.280E-08  1.970E+01  1.885E+00  2.513E+00
  2.601E+00  4.257E+00  0.000E+00  0.000E+00  1.885E+00  2.513E+00
  4.257E+00  6.967E+00  0.000E+00  0.000E+00  1.885E+00  2.513E+00
  6.967E+00  1.140E+01  0.000E+00  0.000E+00  1.885E+00  2.513E+00
  1.140E+01  1.866E+01  0.000E+00  0.000E+00  1.885E+00  2.513E+00
  1.866E+01  3.055E+01  0.000E+00  0.000E+00  1.885E+00  2.513E+00
  3.055E+01  5.000E+01  0.000E+00  0.000E+00  1.885E+00  2.513E+00
  5.000E+01  5.000E+01  0.000E+00  0.000E+00  1.885E+00  2.513E+00

 # Block n:            5     2.51327419      :   3.14159274    
  1.000E-09  1.637E-09  0.000E+00  0.000E+00  2.513E+00  3.142E+00
  1.637E-09  2.679E-09  0.000E+00  0.000E+00  2.513E+00  3.142E+00
  2.679E-09  4.385E-09  0.000E+00  0.000E+00  2.513E+00  3.142E+00
  4.385E-09  7.177E-09  0.000E+00  0.000E+00  2.513E+00  3.142E+00
  7.177E-09  1.175E-08  0.000E+00  0.000E+00  2.513E+00  3.142E+00
  1.175E-08  1.923E-08  0.000E+00  0.000E+00  2.513E+00  3.142E+00
  1.923E-08  3.147E-08  0.000E+00  0.000E+00  2.513E+00  3.142E+00
  3.147E-08  5.150E-08  0.000E+00  0.000E+00  2.513E+00  3.142E+00
  5.150E-08  8.430E-08  0.000E+00  0.000E+00  2.513E+00  3.142E+00
  8.430E-08  1.380E-07  0.000E+00  0.000E+00  2.513E+00  3.142E+00
  1.380E-07  2.258E-07  0.000E+00  0.000E+00  2.513E+00  3.142E+00
  2.258E-07  3.696E-07  0.000E+00  0.000E+00  2.513E+00  3.142E+00
  3.696E-07  6.050E-07  0.000E+00  0.000E+00  2.513E+00  3.142E+00
  6.050E-07  9.902E-07  0.000E+00  0.000E+00  2.513E+00  3.142E+00
  9.902E-07  1.621E-06  0.000E+00  0.000E+00  2.513E+00  3.142E+00
  1.621E-06  2.653E-06  0.000E+00  0.000E+00  2.513E+00  3.142E+00
  2.653E-06  4.342E-06  0.000E+00  0.000E+00  2.513E+00  3.142E+00
  4.342E-06  7.106E-06  0.000E+00  0.000E+00  2.513E+00  3.142E+00
  7.106E-06  1.163E-05  0.000E+00  0.000E+00  2.513E+00  3.142E+00
  1.163E-05  1.904E-05  0.000E+00  0.000E+00  2.513E+00  3.142E+00
  1.904E-05  3.116E-05  0.000E+00  0.000E+00  2.513E+00  3.142E+00
  3.116E-05  5.100E-05  0.000E+00  0.000E+00  2.513E+00  3.142E+00
  5.100E-05  8.347E-05  1.472E-04  9.900E+01  2.513E+00  3.142E+00
  8.347E-05  1.366E-04  0.000E+00  0.000E+00  2.513E+00  3.142E+00
  1.366E-04  2.236E-04  0.000E+00  0.000E+00  2.513E+00  3.142E+00
  2.236E-04  3.660E-04  0.000E+00  0.000E+00  2.513E+00  3.142E+00
  3.660E-04  5.990E-04  2.079E-05  9.900E+01  2.513E+00  3.142E+00
  5.990E-04  9.804E-04  1.335E-05  9.900E+01  2.513E+00  3.142E+00
  9.804E-04  1.605E-03  7.422E-06  9.900E+01  2.513E+00  3.142E+00
  1.605E-03  2.627E-03  3.675E-05  3.204E+01  2.513E+00  3.142E+00
  2.627E-03  4.299E-03  1.405E-05  3.314E+01  2.513E+00  3.142E+00
  4.299E-03  7.036E-03  3.497E-05  1.850E+01  2.513E+00  3.142E+00
  7.036E-03  1.152E-02  3.416E-05  1.818E+01  2.513E+00  3.142E+00
  1.152E-02  1.885E-02  6.429E-05  7.158E+00  2.513E+00  3.142E+00
  1.885E-02  3.085E-02  8.154E-05  1.216E+01  2.513E+00  3.142E+00
  3.085E-02  5.050E-02  1.120E-04  4.887E+00  2.513E+00  3.142E+00
  5.050E-02  8.265E-02  1.229E-04  3.338E+00  2.513E+00  3.142E+00
  8.265E-02  1.353E-01  1.405E-04  3.131E+00  2.513E+00  3.142E+00
  1.353E-01  2.214E-01  1.279E-04  2.951E+00  2.513E+00  3.142E+00
  2.214E-01  3.624E-01  9.889E-05  1.947E+00  2.513E+00  3.142E+00
  3.624E-01  5.931E-01  4.982E-05  1.909E+00  2.513E+00  3.142E+00
  5.931E-01  9.708E-01  1.160E-05  1.883E+00  2.513E+00  3.142E+00
  9.708E-01  1.589E+00  8.544E-07  1.274E+01  2.513E+00  3.142E+00
  1.589E+00  2.601E+00  4.588E-09  9.900E+01  2.513E+00  3.142E+00
  2.601E+00  4.257E+00  0.000E+00  0.000E+00  2.513E+00  3.142E+00
  4.257E+00  6.967E+00  0.000E+00  0.000E+00  2.513E+00  3.142E+00
  6.967E+00  1.140E+01  0.000E+00  0.000E+00  2.513E+00  3.142E+00
  1.140E+01  1.866E+01  0.000E+00  0.000E+00  2.513E+00  3.142E+00
  1.866E+01  3.055E+01  0.000E+00  0.000E+00  2.513E+00  3.142E+00
  3.055E+01  5.000E+01  0.000E+00  0.000E+00  2.513E+00  3.142E+00
  5.000E+01  5.000E+01  0.000E+00  0.000E+00  2.513E+00  3.142E+00

 # Block n:            6     3.14159274      :   3.76991129    
  1.000E-09  1.637E-09  0.000E+00  0.000E+00  3.142E+00  3.770E+00
  1.637E-09  2.679E-09  0.000E+00  0.000E+00  3.142E+00  3.770E+00
  2.679E-09  4.385E-09  0.000E+00  0.000E+00  3.142E+00  3.770E+00
  4.385E-09  7.177E-09  0.000E+00  0.000E+00  3.142E+00  3.770E+00
  7.177E-09  1.175E-08  0.000E+00  0.000E+00  3.142E+00  3.770E+00
  1.175E-08  1.923E-08  0.000E+00  0.000E+00  3.142E+00  3.770E+00
  1.923E-08  3.147E-08  0.000E+00  0.000E+00  3.142E+00  3.770E+00
  3.147E-08  5.150E-08  0.000E+00  0.000E+00  3.142E+00  3.770E+00
  5.150E-08  8.430E-08  0.000E+00  0.000E+00  3.142E+00  3.770E+00
  8.430E-08  1.380E-07  0.000E+00  0.000E+00  3.142E+00  3.770E+00
  1.380E-07  2.258E-07  0.000E+00  0.000E+00  3.142E+00  3.770E+00
  2.258E-07  3.696E-07  0.000E+00  0.000E+00  3.142E+00  3.770E+00
  3.696E-07  6.050E-07  0.000E+00  0.000E+00  3.142E+00  3.770E+00
  6.050E-07  9.902E-07  0.000E+00  0.000E+00  3.142E+00  3.770E+00
  9.902E-07  1.621E-06  0.000E+00  0.000E+00  3.142E+00  3.770E+00
  1.621E-06  2.653E-06  0.000E+00  0.000E+00  3.142E+00  3.770E+00
  2.653E-06  4.342E-06  0.000E+00  0.000E+00  3.142E+00  3.770E+00
  4.342E-06  7.106E-06  0.000E+00  0.000E+00  3.142E+00  3.770E+00
  7.106E-06  1.163E-05  0.000E+00  0.000E+00  3.142E+00  3.770E+00
  1.163E-05  1.904E-05  0.000E+00  0.000E+00  3.142E+00  3.770E+00
  1.904E-05  3.116E-05  0.000E+00  0.000E+00  3.142E+00  3.770E+00
  3.116E-05  5.100E-05  0.000E+00  0.000E+00  3.142E+00  3.770E+00
  5.100E-05  8.347E-05  0.000E+00  0.000E+00  3.142E+00  3.770E+00
  8.347E-05  1.366E-04  0.000E+00  0.000E+00  3.142E+00  3.770E+00
  1.366E-04  2.236E-04  0.000E+00  0.000E+00  3.142E+00  3.770E+00
  2.236E-04  3.660E-04  0.000E+00  0.000E+00  3.142E+00  3.770E+00
  3.660E-04  5.990E-04  2.540E-05  9.900E+01  3.142E+00  3.770E+00
  5.990E-04  9.804E-04  1.391E-05  9.900E+01  3.142E+00  3.770E+00
  9.804E-04  1.605E-03  1.917E-05  6.132E+01  3.142E+00  3.770E+00
  1.605E-03  2.627E-03  1.253E-05  6.124E+01  3.142E+00  3.770E+00
  2.627E-03  4.299E-03  3.120E-05  3.310E+01  3.142E+00  3.770E+00
  4.299E-03  7.036E-03  1.484E-05  3.650E+01  3.142E+00  3.770E+00
  7.036E-03  1.152E-02  3.747E-05  1.216E+01  3.142E+00  3.770E+00
  1.152E-02  1.885E-02  4.958E-05  4.642E+00  3.142E+00  3.770E+00
  1.885E-02  3.085E-02  7.689E-05  5.177E+00  3.142E+00  3.770E+00
  3.085E-02  5.050E-02  1.077E-04  7.056E+00  3.142E+00  3.770E+00
  5.050E-02  8.265E-02  1.164E-04  2.074E+00  3.142E+00  3.770E+00
  8.265E-02  1.353E-01  1.137E-04  3.126E+00  3.142E+00  3.770E+00
  1.353E-01  2.214E-01  1.018E-04  2.292E+00  3.142E+00  3.770E+00
  2.214E-01  3.624E-01  6.918E-05  2.238E+00  3.142E+00  3.770E+00
  3.624E-01  5.931E-01  3.015E-05  1.091E+00  3.142E+00  3.770E+00
  5.931E-01  9.708E-01  5.325E-06  4.713E+00  3.142E+00  3.770E+00
  9.708E-01  1.589E+00  3.379E-07  1.175E+01  3.142E+00  3.770E+00
  1.589E+00  2.601E+00  0.000E+00  0.000E+00  3.142E+00  3.770E+00
  2.601E+00  4.257E+00  0.000E+00  0.000E+00  3.142E+00  3.770E+00
  4.257E+00  6.967E+00  0.000E+00  0.000E+00  3.142E+00  3.770E+00
  6.967E+00  1.140E+01  0.000E+00  0.000E+00  3.142E+00  3.770E+00
  1.140E+01  1.866E+01  0.000E+00  0.000E+00  3.142E+00  3.770E+00
  1.866E+01  3.055E+01  0.000E+00  0.000E+00  3.142E+00  3.770E+00
  3.055E+01  5.000E+01  0.000E+00  0.000E+00  3.142E+00  3.770E+00
  5.000E+01  5.000E+01  0.000E+00  0.000E+00  3.142E+00  3.770E+00

 # Block n:            7     3.76991129      :   4.39822960    
  1.000E-09  1.637E-09  0.000E+00  0.000E+00  3.770E+00  4.398E+00
  1.637E-09  2.679E-09  0.000E+00  0.000E+00  3.770E+00  4.398E+00
  2.679E-09  4.385E-09  0.000E+00  0.000E+00  3.770E+00  4.398E+00
  4.385E-09  7.177E-09  0.000E+00  0.000E+00  3.770E+00  4.398E+00
  7.177E-09  1.175E-08  0.000E+00  0.000E+00  3.770E+00  4.398E+00
  1.175E-08  1.923E-08  0.000E+00  0.000E+00  3.770E+00  4.398E+00
  1.923E-08  3.147E-08  0.000E+00  0.000E+00  3.770E+00  4.398E+00
  3.147E-08  5.150E-08  0.000E+00  0.000E+00  3.770E+00  4.398E+00
  5.150E-08  8.430E-08  0.000E+00  0.000E+00  3.770E+00  4.398E+00
  8.430E-08  1.380E-07  0.000E+00  0.000E+00  3.770E+00  4.398E+00
  1.380E-07  2.258E-07  0.000E+00  0.000E+00  3.770E+00  4.398E+00
  2.258E-07  3.696E-07  0.000E+00  0.000E+00  3.770E+00  4.398E+00
  3.696E-07  6.050E-07  0.000E+00  0.000E+00  3.770E+00  4.398E+00
  6.050E-07  9.902E-07  0.000E+00  0.000E+00  3.770E+00  4.398E+00
  9.902E-07  1.621E-06  0.000E+00  0.000E+00  3.770E+00  4.398E+00
  1.621E-06  2.653E-06  0.000E+00  0.000E+00  3.770E+00  4.398E+00
  2.653E-06  4.342E-06  0.000E+00  0.000E+00  3.770E+00  4.398E+00
  4.342E-06  7.106E-06  0.000E+00  0.000E+00  3.770E+00  4.398E+00
  7.106E-06  1.163E-05  0.000E+00  0.000E+00  3.770E+00  4.398E+00
  1.163E-05  1.904E-05  0.000E+00  0.000E+00  3.770E+00  4.398E+00
  1.904E-05  3.116E-05  0.000E+00  0.000E+00  3.770E+00  4.398E+00
  3.116E-05  5.100E-05  0.000E+00  0.000E+00  3.770E+00  4.398E+00
  5.100E-05  8.347E-05  2.149E-04  9.900E+01  3.770E+00  4.398E+00
  8.347E-05  1.366E-04  0.000E+00  0.000E+00  3.770E+00  4.398E+00
  1.366E-04  2.236E-04  8.180E-05  9.900E+01  3.770E+00  4.398E+00
  2.236E-04  3.660E-04  0.000E+00  0.000E+00  3.770E+00  4.398E+00
  3.660E-04  5.990E-04  3.014E-05  9.900E+01  3.770E+00  4.398E+00
  5.990E-04  9.804E-04  2.075E-05  9.900E+01  3.770E+00  4.398E+00
  9.804E-04  1.605E-03  2.568E-05  9.900E+01  3.770E+00  4.398E+00
  1.605E-03  2.627E-03  2.231E-05  6.757E+01  3.770E+00  4.398E+00
  2.627E-03  4.299E-03  4.036E-05  5.386E+01  3.770E+00  4.398E+00
  4.299E-03  7.036E-03  2.779E-05  3.717E+01  3.770E+00  4.398E+00
  7.036E-03  1.152E-02  3.316E-05  2.441E+01  3.770E+00  4.398E+00
  1.152E-02  1.885E-02  6.269E-05  5.460E+00  3.770E+00  4.398E+00
  1.885E-02  3.085E-02  8.394E-05  7.427E+00  3.770E+00  4.398E+00
  3.085E-02  5.050E-02  8.949E-05  7.882E+00  3.770E+00  4.398E+00
  5.050E-02  8.265E-02  1.037E-04  4.515E+00  3.770E+00  4.398E+00
  8.265E-02  1.353E-01  1.041E-04  3.824E+00  3.770E+00  4.398E+00
  1.353E-01  2.214E-01  7.731E-05  3.985E+00  3.770E+00  4.398E+00
  2.214E-01  3.624E-01  5.088E-05  3.202E+00  3.770E+00  4.398E+00
  3.624E-01  5.931E-01  1.984E-05  6.432E+00  3.770E+00  4.398E+00
  5.931E-01  9.708E-01  2.615E-06  6.546E+00  3.770E+00  4.398E+00
  9.708E-01  1.589E+00  6.807E-08  1.766E+01  3.770E+00  4.398E+00
  1.589E+00  2.601E+00  0.000E+00  0.000E+00  3.770E+00  4.398E+00
  2.601E+00  4.257E+00  0.000E+00  0.000E+00  3.770E+00  4.398E+00
  4.257E+00  6.967E+00  0.000E+00  0.000E+00  3.770E+00  4.398E+00
  6.967E+00  1.140E+01  0.000E+00  0.000E+00  3.770E+00  4.398E+00
  1.140E+01  1.866E+01  0.000E+00  0.000E+00  3.770E+00  4.398E+00
  1.866E+01  3.055E+01  0.000E+00  0.000E+00  3.770E+00  4.398E+00
  3.055E+01  5.000E+01  0.000E+00  0.000E+00  3.770E+00  4.398E+00
  5.000E+01  5.000E+01  0.000E+00  0.000E+00  3.770E+00  4.398E+00

 # Block n:            8     4.39822960      :   5.02654839    
  1.000E-09  1.637E-09  0.000E+00  0.000E+00  4.398E+00  5.027E+00
  1.637E-09  2.679E-09  0.000E+00  0.000E+00  4.398E+00  5.027E+00
  2.679E-09  4.385E-09  0.000E+00  0.000E+00  4.398E+00  5.027E+00
  4.385E-09  7.177E-09  0.000E+00  0.000E+00  4.398E+00  5.027E+00
  7.177E-09  1.175E-08  0.000E+00  0.000E+00  4.398E+00  5.027E+00
  1.175E-08  1.923E-08  0.000E+00  0.000E+00  4.398E+00  5.027E+00
  1.923E-08  3.147E-08  0.000E+00  0.000E+00  4.398E+00  5.027E+00
  3.147E-08  5.150E-08  0.000E+00  0.000E+00  4.398E+00  5.027E+00
  5.150E-08  8.430E-08  0.000E+00  0.000E+00  4.398E+00  5.027E+00
  8.430E-08  1.380E-07  0.000E+00  0.000E+00  4.398E+00  5.027E+00
  1.380E-07  2.258E-07  0.000E+00  0.000E+00  4.398E+00  5.027E+00
  2.258E-07  3.696E-07  0.000E+00  0.000E+00  4.398E+00  5.027E+00
  3.696E-07  6.050E-07  0.000E+00  0.000E+00  4.398E+00  5.027E+00
  6.050E-07  9.902E-07  0.000E+00  0.000E+00  4.398E+00  5.027E+00
  9.902E-07  1.621E-06  0.000E+00  0.000E+00  4.398E+00  5.027E+00
  1.621E-06  2.653E-06  0.000E+00  0.000E+00  4.398E+00  5.027E+00
  2.653E-06  4.342E-06  0.000E+00  0.000E+00  4.398E+00  5.027E+00
  4.342E-06  7.106E-06  0.000E+00  0.000E+00  4.398E+00  5.027E+00
  7.106E-06  1.163E-05  0.000E+00  0.000E+00  4.398E+00  5.027E+00
  1.163E-05  1.904E-05  0.000E+00  0.000E+00  4.398E+00  5.027E+00
  1.904E-05  3.116E-05  0.000E+00  0.000E+00  4.398E+00  5.027E+00
  3.116E-05  5.100E-05  0.000E+00  0.000E+00  4.398E+00  5.027E+00
  5.100E-05  8.347E-05  0.000E+00  0.000E+00  4.398E+00  5.027E+00
  8.347E-05  1.366E-04  2.494E-04  9.900E+01  4.398E+00  5.027E+00
  1.366E-04  2.236E-04  0.000E+00  0.000E+00  4.398E+00  5.027E+00
  2.236E-04  3.660E-04  0.000E+00  0.000E+00  4.398E+00  5.027E+00
  3.660E-04  5.990E-04  0.000E+00  0.000E+00  4.398E+00  5.027E+00
  5.990E-04  9.804E-04  2.990E-05  9.900E+01  4.398E+00  5.027E+00
  9.804E-04  1.605E-03  3.171E-05  6.135E+01  4.398E+00  5.027E+00
  1.605E-03  2.627E-03  3.403E-05  4.225E+01  4.398E+00  5.027E+00
  2.627E-03  4.299E-03  2.300E-05  6.144E+01  4.398E+00  5.027E+00
  4.299E-03  7.036E-03  2.081E-05  3.181E+01  4.398E+00  5.027E+00
  7.036E-03  1.152E-02  2.107E-05  3.230E+01  4.398E+00  5.027E+00
  1.152E-02  1.885E-02  4.619E-05  1.622E+01  4.398E+00  5.027E+00
  1.885E-02  3.085E-02  8.283E-05  1.467E+01  4.398E+00  5.027E+00
  3.085E-02  5.050E-02  1.038E-04  2.585E+00  4.398E+00  5.027E+00
  5.050E-02  8.265E-02  1.058E-04  3.004E+00  4.398E+00  5.027E+00
  8.265E-02  1.353E-01  1.011E-04  2.701E+00  4.398E+00  5.027E+00
  1.353E-01  2.214E-01  6.206E-05  3.992E+00  4.398E+00  5.027E+00
  2.214E-01  3.624E-01  3.824E-05  2.854E+00  4.398E+00  5.027E+00
  3.624E-01  5.931E-01  1.201E-05  6.090E+00  4.398E+00  5.027E+00
  5.931E-01  9.708E-01  1.311E-06  1.172E+01  4.398E+00  5.027E+00
  9.708E-01  1.589E+00  0.000E+00  0.000E+00  4.398E+00  5.027E+00
  1.589E+00  2.601E+00  0.000E+00  0.000E+00  4.398E+00  5.027E+00
  2.601E+00  4.257E+00  0.000E+00  0.000E+00  4.398E+00  5.027E+00
  4.257E+00  6.967E+00  0.000E+00  0.000E+00  4.398E+00  5.027E+00
  6.967E+00  1.140E+01  0.000E+00  0.000E+00  4.398E+00  5.027E+00
  1.140E+01  1.866E+01  0.000E+00  0.000E+00  4.398E+00  5.027E+00
  1.866E+01  3.055E+01  0.000E+00  0.000E+00  4.398E+00  5.027E+00
  3.055E+01  5.000E+01  0.000E+00  0.000E+00  4.398E+00  5.027E+00
  5.000E+01  5.000E+01  0.000E+00  0.000E+00  4.398E+00  5.027E+00

 # Block n:            9     5.02654839      :   5.65486717    
  1.000E-09  1.637E-09  0.000E+00  0.000E+00  5.027E+00  5.655E+00
  1.637E-09  2.679E-09  0.000E+00  0.000E+00  5.027E+00  5.655E+00
  2.679E-09  4.385E-09  0.000E+00  0.000E+00  5.027E+00  5.655E+00
  4.385E-09  7.177E-09  0.000E+00  0.000E+00  5.027E+00  5.655E+00
  7.177E-09  1.175E-08  0.000E+00  0.000E+00  5.027E+00  5.655E+00
  1.175E-08  1.923E-08  0.000E+00  0.000E+00  5.027E+00  5.655E+00
  1.923E-08  3.147E-08  0.000E+00  0.000E+00  5.027E+00  5.655E+00
  3.147E-08  5.150E-08  0.000E+00  0.000E+00  5.027E+00  5.655E+00
  5.150E-08  8.430E-08  0.000E+00  0.000E+00  5.027E+00  5.655E+00
  8.430E-08  1.380E-07  0.000E+00  0.000E+00  5.027E+00  5.655E+00
  1.380E-07  2.258E-07  0.000E+00  0.000E+00  5.027E+00  5.655E+00
  2.258E-07  3.696E-07  0.000E+00  0.000E+00  5.027E+00  5.655E+00
  3.696E-07  6.050E-07  0.000E+00  0.000E+00  5.027E+00  5.655E+00
  6.050E-07  9.902E-07  0.000E+00  0.000E+00  5.027E+00  5.655E+00
  9.902E-07  1.621E-06  0.000E+00  0.000E+00  5.027E+00  5.655E+00
  1.621E-06  2.653E-06  0.000E+00  0.000E+00  5.027E+00  5.655E+00
  2.653E-06  4.342E-06  0.000E+00  0.000E+00  5.027E+00  5.655E+00
  4.342E-06  7.106E-06  0.000E+00  0.000E+00  5.027E+00  5.655E+00
  7.106E-06  1.163E-05  0.000E+00  0.000E+00  5.027E+00  5.655E+00
  1.163E-05  1.904E-05  0.000E+00  0.000E+00  5.027E+00  5.655E+00
  1.904E-05  3.116E-05  0.000E+00  0.000E+00  5.027E+00  5.655E+00
  3.116E-05  5.100E-05  0.000E+00  0.000E+00  5.027E+00  5.655E+00
  5.100E-05  8.347E-05  0.000E+00  0.000E+00  5.027E+00  5.655E+00
  8.347E-05  1.366E-04  0.000E+00  0.000E+00  5.027E+00  5.655E+00
  1.366E-04  2.236E-04  0.000E+00  0.000E+00  5.027E+00  5.655E+00
  2.236E-04  3.660E-04  0.000E+00  0.000E+00  5.027E+00  5.655E+00
  3.660E-04  5.990E-04  0.000E+00  0.000E+00  5.027E+00  5.655E+00
  5.990E-04  9.804E-04  0.000E+00  0.000E+00  5.027E+00  5.655E+00
  9.804E-04  1.605E-03  0.000E+00  0.000E+00  5.027E+00  5.655E+00
  1.605E-03  2.627E-03  1.735E-05  9.900E+01  5.027E+00  5.655E+00
  2.627E-03  4.299E-03  3.027E-05  6.966E+01  5.027E+00  5.655E+00
  4.299E-03  7.036E-03  2.828E-05  7.366E+01  5.027E+00  5.655E+00
  7.036E-03  1.152E-02  3.427E-05  2.955E+01  5.027E+00  5.655E+00
  1.152E-02  1.885E-02  3.912E-05  1.671E+01  5.027E+00  5.655E+00
  1.885E-02  3.085E-02  5.943E-05  2.006E+01  5.027E+00  5.655E+00
  3.085E-02  5.050E-02  8.334E-05  1.087E+01  5.027E+00  5.655E+00
  5.050E-02  8.265E-02  1.075E-04  7.794E+00  5.027E+00  5.655E+00
  8.265E-02  1.353E-01  7.996E-05  6.587E+00  5.027E+00  5.655E+00
  1.353E-01  2.214E-01  5.738E-05  6.648E+00  5.027E+00  5.655E+00
  2.214E-01  3.624E-01  2.868E-05  3.935E+00  5.027E+00  5.655E+00
  3.624E-01  5.931E-01  9.396E-06  9.618E+00  5.027E+00  5.655E+00
  5.931E-01  9.708E-01  5.672E-07  7.139E+01  5.027E+00  5.655E+00
  9.708E-01  1.589E+00  0.000E+00  0.000E+00  5.027E+00  5.655E+00
  1.589E+00  2.601E+00  0.000E+00  0.000E+00  5.027E+00  5.655E+00
  2.601E+00  4.257E+00  0.000E+00  0.000E+00  5.027E+00  5.655E+00
  4.257E+00  6.967E+00  0.000E+00  0.000E+00  5.027E+00  5.655E+00
  6.967E+00  1.140E+01  0.000E+00  0.000E+00  5.027E+00  5.655E+00
  1.140E+01  1.866E+01  0.000E+00  0.000E+00  5.027E+00  5.655E+00
  1.866E+01  3.055E+01  0.000E+00  0.000E+00  5.027E+00  5.655E+00
  3.055E+01  5.000E+01  0.000E+00  0.000E+00  5.027E+00  5.655E+00
  5.000E+01  5.000E+01  0.000E+00  0.000E+00  5.027E+00  5.655E+00

 # Block n:           10     5.65486717      :   6.28318548    
  1.000E-09  1.637E-09  0.000E+00  0.000E+00  5.655E+00  6.283E+00
  1.637E-09  2.679E-09  0.000E+00  0.000E+00  5.655E+00  6.283E+00
  2.679E-09  4.385E-09  0.000E+00  0.000E+00  5.655E+00  6.283E+00
  4.385E-09  7.177E-09  0.000E+00  0.000E+00  5.655E+00  6.283E+00
  7.177E-09  1.175E-08  0.000E+00  0.000E+00  5.655E+00  6.283E+00
  1.175E-08  1.923E-08  0.000E+00  0.000E+00  5.655E+00  6.283E+00
  1.923E-08  3.147E-08  0.000E+00  0.000E+00  5.655E+00  6.283E+00
  3.147E-08  5.150E-08  0.000E+00  0.000E+00  5.655E+00  6.283E+00
  5.150E-08  8.430E-08  0.000E+00  0.000E+00  5.655E+00  6.283E+00
  8.430E-08  1.380E-07  0.000E+00  0.000E+00  5.655E+00  6.283E+00
  1.380E-07  2.258E-07  0.000E+00  0.000E+00  5.655E+00  6.283E+00
  2.258E-07  3.696E-07  0.000E+00  0.000E+00  5.655E+00  6.283E+00
  3.696E-07  6.050E-07  0.000E+00  0.000E+00  5.655E+00  6.283E+00
  6.050E-07  9.902E-07  0.000E+00  0.000E+00  5.655E+00  6.283E+00
  9.902E-07  1.621E-06  0.000E+00  0.000E+00  5.655E+00  6.283E+00
  1.621E-06  2.653E-06  0.000E+00  0.000E+00  5.655E+00  6.283E+00
  2.653E-06  4.342E-06  0.000E+00  0.000E+00  5.655E+00  6.283E+00
  4.342E-06  7.106E-06  0.000E+00  0.000E+00  5.655E+00  6.283E+00
  7.106E-06  1.163E-05  0.000E+00  0.000E+00  5.655E+00  6.283E+00
  1.163E-05  1.904E-05  0.000E+00  0.000E+00  5.655E+00  6.283E+00
  1.904E-05  3.116E-05  0.000E+00  0.000E+00  5.655E+00  6.283E+00
  3.116E-05  5.100E-05  0.000E+00  0.000E+00  5.655E+00  6.283E+00
  5.100E-05  8.347E-05  0.000E+00  0.000E+00  5.655E+00  6.283E+00
  8.347E-05  1.366E-04  0.000E+00  0.000E+00  5.655E+00  6.283E+00
  1.366E-04  2.236E-04  0.000E+00  0.000E+00  5.655E+00  6.283E+00
  2.236E-04  3.660E-04  0.000E+00  0.000E+00  5.655E+00  6.283E+00
  3.660E-04  5.990E-04  0.000E+00  0.000E+00  5.655E+00  6.283E+00
  5.990E-04  9.804E-04  8.537E-05  9.900E+01  5.655E+00  6.283E+00
  9.804E-04  1.605E-03  0.000E+00  0.000E+00  5.655E+00  6.283E+00
  1.605E-03  2.627E-03  0.000E+00  0.000E+00  5.655E+00  6.283E+00
  2.627E-03  4.299E-03  4.574E-05  6.234E+01  5.655E+00  6.283E+00
  4.299E-03  7.036E-03  2.875E-05  9.900E+01  5.655E+00  6.283E+00
  7.036E-03  1.152E-02  6.279E-06  9.900E+01  5.655E+00  6.283E+00
  1.152E-02  1.885E-02  5.258E-05  4.417E+01  5.655E+00  6.283E+00
  1.885E-02  3.085E-02  4.803E-05  2.877E+01  5.655E+00  6.283E+00
  3.085E-02  5.050E-02  7.038E-05  2.331E+01  5.655E+00  6.283E+00
  5.050E-02  8.265E-02  8.551E-05  2.452E+01  5.655E+00  6.283E+00
  8.265E-02  1.353E-01  8.802E-05  1.492E+01  5.655E+00  6.283E+00
  1.353E-01  2.214E-01  4.107E-05  5.122E+00  5.655E+00  6.283E+00
  2.214E-01  3.624E-01  1.754E-05  6.015E+00  5.655E+00  6.283E+00
  3.624E-01  5.931E-01  4.725E-06  2.773E+01  5.655E+00  6.283E+00
  5.931E-01  9.708E-01  2.192E-07  6.144E+01  5.655E+00  6.283E+00
  9.708E-01  1.589E+00  0.000E+00  0.000E+00  5.655E+00  6.283E+00
  1.589E+00  2.601E+00  0.000E+00  0.000E+00  5.655E+00  6.283E+00
  2.601E+00  4.257E+00  0.000E+00  0.000E+00  5.655E+00  6.283E+00
  4.257E+00  6.967E+00  0.000E+00  0.000E+00  5.655E+00  6.283E+00
  6.967E+00  1.140E+01  0.000E+00  0.000E+00  5.655E+00  6.283E+00
  1.140E+01  1.866E+01  0.000E+00  0.000E+00  5.655E+00  6.283E+00
  1.866E+01  3.055E+01  0.000E+00  0.000E+00  5.655E+00  6.283E+00
  3.055E+01  5.000E+01  0.000E+00  0.000E+00  5.655E+00  6.283E+00
  5.000E+01  5.000E+01  0.000E+00  0.000E+00  5.655E+00  6.283E+00

  1.000E-09  1.000E-09  0.000E+00  0.000E+00  6.283E+00  6.283E+00
  1.637E-09  1.637E-09  0.000E+00  0.000E+00  6.283E+00  6.283E+00
  2.679E-09  2.679E-09  0.000E+00  0.000E+00  6.283E+00  6.283E+00
  4.385E-09  4.385E-09  0.000E+00  0.000E+00  6.283E+00  6.283E+00
  7.177E-09  7.177E-09  0.000E+00  0.000E+00  6.283E+00  6.283E+00
  1.175E-08  1.175E-08  0.000E+00  0.000E+00  6.283E+00  6.283E+00
  1.923E-08  1.923E-08  0.000E+00  0.000E+00  6.283E+00  6.283E+00
  3.147E-08  3.147E-08  0.000E+00  0.000E+00  6.283E+00  6.283E+00
  5.150E-08  5.150E-08  0.000E+00  0.000E+00  6.283E+00  6.283E+00
  8.430E-08  8.430E-08  0.000E+00  0.000E+00  6.283E+00  6.283E+00
  1.380E-07  1.380E-07  0.000E+00  0.000E+00  6.283E+00  6.283E+00
  2.258E-07  2.258E-07  0.000E+00  0.000E+00  6.283E+00  6.283E+00
  3.696E-07  3.696E-07  0.000E+00  0.000E+00  6.283E+00  6.283E+00
  6.050E-07  6.050E-07  0.000E+00  0.000E+00  6.283E+00  6.283E+00
  9.902E-07  9.902E-07  0.000E+00  0.000E+00  6.283E+00  6.283E+00
  1.621E-06  1.621E-06  0.000E+00  0.000E+00  6.283E+00  6.283E+00
  2.653E-06  2.653E-06  0.000E+00  0.000E+00  6.283E+00  6.283E+00
  4.342E-06  4.342E-06  0.000E+00  0.000E+00  6.283E+00  6.283E+00
  7.106E-06  7.106E-06  0.000E+00  0.000E+00  6.283E+00  6.283E+00
  1.163E-05  1.163E-05  0.000E+00  0.000E+00  6.283E+00  6.283E+00
  1.904E-05  1.904E-05  0.000E+00  0.000E+00  6.283E+00  6.283E+00
  3.116E-05  3.116E-05  0.000E+00  0.000E+00  6.283E+00  6.283E+00
  5.100E-05  5.100E-05  0.000E+00  0.000E+00  6.283E+00  6.283E+00
  8.347E-05  8.347E-05  0.000E+00  0.000E+00  6.283E+00  6.283E+00
  1.366E-04  1.366E-04  0.000E+00  0.000E+00  6.283E+00  6.283E+00
  2.236E-04  2.236E-04  0.000E+00  0.000E+00  6.283E+00  6.283E+00
  3.660E-04  3.660E-04  0.000E+00  0.000E+00  6.283E+00  6.283E+00
  5.990E-04  5.990E-04  0.000E+00  0.000E+00  6.283E+00  6.283E+00
  9.804E-04  9.804E-04  0.000E+00  0.000E+00  6.283E+00  6.283E+00
  1.605E-03  1.605E-03  0.000E+00  0.000E+00  6.283E+00  6.283E+00
  2.627E-03  2.627E-03  0.000E+00  0.000E+00  6.283E+00  6.283E+00
  4.299E-03  4.299E-03  0.000E+00  0.000E+00  6.283E+00  6.283E+00
  7.036E-03  7.036E-03  0.000E+00  0.000E+00  6.283E+00  6.283E+00
  1.152E-02  1.152E-02  0.000E+00  0.000E+00  6.283E+00  6.283E+00
  1.885E-02  1.885E-02  0.000E+00  0.000E+00  6.283E+00  6.283E+00
  3.085E-02  3.085E-02  0.000E+00  0.000E+00  6.283E+00  6.283E+00
  5.050E-02  5.050E-02  0.000E+00  0.000E+00  6.283E+00  6.283E+00
  8.265E-02  8.265E-02  0.000E+00  0.000E+00  6.283E+00  6.283E+00
  1.353E-01  1.353E-01  0.000E+00  0.000E+00  6.283E+00  6.283E+00
  2.214E-01  2.214E-01  0.000E+00  0.000E+00  6.283E+00  6.283E+00
  3.624E-01  3.624E-01  0.000E+00  0.000E+00  6.283E+00  6.283E+00
  5.931E-01  5.931E-01  0.000E+00  0.000E+00  6.283E+00  6.283E+00
  9.708E-01  9.708E-01  0.000E+00  0.000E+00  6.283E+00  6.283E+00
  1.589E+00  1.589E+00  0.000E+00  0.000E+00  6.283E+00  6.283E+00
  2.601E+00  2.601E+00  0.000E+00  0.000E+00  6.283E+00  6.283E+00
  4.257E+00  4.257E+00  0.000E+00  0.000E+00  6.283E+00  6.283E+00
  6.967E+00  6.967E+00  0.000E+00  0.000E+00  6.283E+00  6.283E+00
  1.140E+01  1.140E+01  0.000E+00  0.000E+00  6.283E+00  6.283E+00
  1.866E+01  1.866E+01  0.000E+00  0.000E+00  6.283E+00  6.283E+00
  3.055E+01  3.055E+01  0.000E+00  0.000E+00  6.283E+00  6.283E+00
  5.000E+01  5.000E+01  0.000E+00  0.000E+00  6.283E+00  6.283E+00
