1NUMBER OF BEAM       NUMBER OF BEAM        APPROXIMATE NUMBER    AVERAGE TIME USED     TIME LEFT (RESERVED   NUMBER OF STARS
 PARTICLES HANDLED    PARTICLES LEFT        OF BEAM PARTICLES     BY A BEAM PARTICLE     10000.0 SECONDS      CREATED
                                            THAT CAN STILL BE                           FOR PRINTOUT)
                                            HANDLED

 NEXT SEEDS:3748CA29       0       0       0       0       0       1    3039       0       0
          1                299999                299999             8.2969666E-05         1.0000000E+30                 0       
 NEXT SEEDS:3748CA59       0       0       0       0       0       1    3039       0       0
  *** Kbar: P_min > 1.8 GeV/c:           25   6.0387962235007251     
  *** Kaon: P_min > 1.5 GeV/c:           15   3.0622372903418142     
  *** Kbar: P_min > 1.8 GeV/c:           25   2.5495828231767317     
  *** Kaon: P_min > 1.5 GeV/c:           15   1.8307520688691574     
  *** Kbar: P_min > 1.8 GeV/c:           25   3.0084373492047609     
  *** Kaon: P_min > 1.5 GeV/c:           15   2.2061156976995573     
  *** Kbar: P_min > 1.8 GeV/c:           25   2.5930576720635523     
  *** Kbar: P_min > 1.8 GeV/c:           25   2.9264589080305532     
  *** Kaon: P_min > 1.5 GeV/c:           15   8.1506814412557791     
  *** Kbar: P_min > 1.8 GeV/c:           25   5.3525039273971089     
  *** Kaon: P_min > 1.5 GeV/c:           15   2.6241199384336320     
  *** Kbar: P_min > 1.8 GeV/c:           25   4.8125246928057823     
  *** Kbar: P_min > 1.8 GeV/c:           25   4.6250005273865549     
  *** Kbar: P_min > 1.8 GeV/c:           16   2.8626551599886767     
  *** Kbar: P_min > 1.8 GeV/c:           16   1.9161316635468011     
  *** Kaon: P_min > 1.5 GeV/c:           15   8.6277382965665250     
  *** Kaon: P_min > 1.5 GeV/c:           24   16.235045627362787     
  *** Kaon: P_min > 1.5 GeV/c:           24   12.955878381450987     
  *** Kaon: P_min > 1.5 GeV/c:           24   13.061668462332452     
  *** Kaon: P_min > 1.5 GeV/c:           24   13.061456899133253     
       6000                294000                294000             2.2274164E-04         1.0000000E+30              2935       
 NEXT SEEDS:37A991F2       0       0       0       0       0       1    3039       0       0
      12000                288000                288000             2.2144266E-04         1.0000000E+30              5680       
 NEXT SEEDS:38075955       0       0       0       0       0       1    3039       0       0
      18000                282000                282000             2.1880945E-04         1.0000000E+30              8448       
 NEXT SEEDS:38634915       0       0       0       0       0       1    3039       0       0
      24000                276000                276000             2.1609900E-04         1.0000000E+30             11098       
 NEXT SEEDS:38BC0A8E       0       0       0       0       0       1    3039       0       0
  *** Umfnst:amsq,np0,np,kpart  -1.0408340855860843E-017           0           1           7
      30000                270000                270000             2.1611258E-04         1.0000000E+30             13892       
 NEXT SEEDS:3919DF0E       0       0       0       0       0       1    3039       0       0
      36000                264000                264000             2.1606488E-04         1.0000000E+30             16633       
 NEXT SEEDS:39745FFC       0       0       0       0       0       1    3039       0       0
      42000                258000                258000             2.1748908E-04         1.0000000E+30             19568       
 NEXT SEEDS:39D368CB       0       0       0       0       0       1    3039       0       0
      48000                252000                252000             2.1732108E-04         1.0000000E+30             22226       
 NEXT SEEDS:3A2C75B9       0       0       0       0       0       1    3039       0       0
      54000                246000                246000             2.1966208E-04         1.0000000E+30             25185       
 NEXT SEEDS:3A8E06EC       0       0       0       0       0       1    3039       0       0
      60000                240000                240000             2.2081596E-04         1.0000000E+30             28026       
 NEXT SEEDS:3AEDA43C       0       0       0       0       0       1    3039       0       0
  Ferevv: Umo2 < Urmin2 !!   6.3814090911852865        7.0333316290233352               17           1   1.1156299999999999       0.93827231000000000      F           0
      66000                234000                234000             2.2175183E-04         1.0000000E+30             30740       
 NEXT SEEDS:3B46EFDD       0       0       0       0       0       1    3039       0       0
      72000                228000                228000             2.2248206E-04         1.0000000E+30             33576       
 NEXT SEEDS:   9C3FA       1       0       0       0       0       1    3039       0       0
      78000                222000                222000             2.2325363E-04         1.0000000E+30             36513       
 NEXT SEEDS:  69679F       1       0       0       0       0       1    3039       0       0
      84000                216000                216000             2.2445941E-04         1.0000000E+30             39520       
 NEXT SEEDS:  CF8936       1       0       0       0       0       1    3039       0       0
      90000                210000                210000             2.2498545E-04         1.0000000E+30             42532       
 NEXT SEEDS: 130D905       1       0       0       0       0       1    3039       0       0
      96000                204000                204000             2.2622576E-04         1.0000000E+30             45531       
 NEXT SEEDS: 1953F01       1       0       0       0       0       1    3039       0       0
  Ferevv: Umo2 < Urmin2 !!   6.3844259262631162        7.0333316290233352               17           1   1.1156299999999999       0.93827231000000000      F           0
     102000                198000                198000             2.2620133E-04         1.0000000E+30             48374       
 NEXT SEEDS: 1F36565       1       0       0       0       0       1    3039       0       0
     108000                192000                192000             2.2584195E-04         1.0000000E+30             51094       
 NEXT SEEDS: 24DA9FF       1       0       0       0       0       1    3039       0       0
     114000                186000                186000             2.2657027E-04         1.0000000E+30             54079       
 NEXT SEEDS: 2AFDF4B       1       0       0       0       0       1    3039       0       0
     120000                180000                180000             2.2644440E-04         1.0000000E+30             56848       
 NEXT SEEDS: 30BDFE2       1       0       0       0       0       1    3039       0       0
     126000                174000                174000             2.2655630E-04         1.0000000E+30             59570       
 NEXT SEEDS: 3674C15       1       0       0       0       0       1    3039       0       0
 KASKAD, TXYZ:  1.00000000000443    
  1.668087930434694E-04 9.046276972029531E-04 0.999999576916122    
    Jtrack, Ibtar, Ichtar, Etrack     1     9     4  49.9872988876983    
    Ibarch(Jtrack), Ichrge(Jtrack)     1     1
    Iloflk, Tkeflk     8 7.282928212615225E-06
    Linevt,Lelevt,Ldecay,Ldltry,Leldis,Lpairp,Lbrmsp T F F F F F F
     132000                168000                168000             2.2659769E-04         1.0000000E+30             62257       
 NEXT SEEDS: 3C26E42       1       0       0       0       0       1    3039       0       0
  Ferevv: Umo2 < Urmin2 !!   6.0939882039077116        7.0425259675710974               17           8   1.1156299999999999       0.93956563000000004      F           0
     138000                162000                162000             2.2691320E-04         1.0000000E+30             65084       
 NEXT SEEDS: 4213247       1       0       0       0       0       1    3039       0       0
     144000                156000                156000             2.2768203E-04         1.0000000E+30             67979       
 NEXT SEEDS: 480F0E1       1       0       0       0       0       1    3039       0       0
     150000                150000                150000             2.2793990E-04         1.0000000E+30             70897       
 NEXT SEEDS: 4E2A7F8       1       0       0       0       0       1    3039       0       0
     156000                144000                144000             2.2767599E-04         1.0000000E+30             73696       
 NEXT SEEDS: 53FF4FF       1       0       0       0       0       1    3039       0       0
     162000                138000                138000             2.2819745E-04         1.0000000E+30             76531       
 NEXT SEEDS: 5A00B03       1       0       0       0       0       1    3039       0       0
     168000                132000                132000             2.2790672E-04         1.0000000E+30             79356       
 NEXT SEEDS: 5FE63ED       1       0       0       0       0       1    3039       0       0
     174000                126000                126000             2.2794344E-04         1.0000000E+30             82230       
 NEXT SEEDS: 65E4AA1       1       0       0       0       0       1    3039       0       0
  *** Umfnst:amsq,np0,np,kpart  -5.2041704279304213E-018           0           1           7
     180000                120000                120000             2.2838444E-04         1.0000000E+30             84952       
 NEXT SEEDS: 6B93865       1       0       0       0       0       1    3039       0       0
     186000                114000                114000             2.2835415E-04         1.0000000E+30             87728       
 NEXT SEEDS: 7160E0D       1       0       0       0       0       1    3039       0       0
  *** Umfnst:amsq,np0,np,kpart  -6.9388939039072284E-018           0           1           7
     192000                108000                108000             2.2824231E-04         1.0000000E+30             90510       
 NEXT SEEDS: 7742621       1       0       0       0       0       1    3039       0       0
     198000                102000                102000             2.2812082E-04         1.0000000E+30             93269       
 NEXT SEEDS: 7D13021       1       0       0       0       0       1    3039       0       0
     204000                 96000                 96000             2.2805836E-04         1.0000000E+30             96102       
 NEXT SEEDS: 82DC199       1       0       0       0       0       1    3039       0       0
     210000                 90000                 90000             2.2793224E-04         1.0000000E+30             99008       
 NEXT SEEDS: 88CA3EA       1       0       0       0       0       1    3039       0       0
     216000                 84000                 84000             2.2812121E-04         1.0000000E+30            101894       
 NEXT SEEDS: 8EBD634       1       0       0       0       0       1    3039       0       0
     222000                 78000                 78000             2.2797409E-04         1.0000000E+30            104771       
 NEXT SEEDS: 949CA6B       1       0       0       0       0       1    3039       0       0
     228000                 72000                 72000             2.2764600E-04         1.0000000E+30            107498       
 NEXT SEEDS: 9A44D87       1       0       0       0       0       1    3039       0       0
  *** Umfnst:amsq,np0,np,kpart  -6.9388939039072284E-018           0           1           7
     234000                 66000                 66000             2.2748451E-04         1.0000000E+30            110285       
 NEXT SEEDS: A01C724       1       0       0       0       0       1    3039       0       0
     240000                 60000                 60000             2.2726243E-04         1.0000000E+30            113097       
 NEXT SEEDS: A5DD57A       1       0       0       0       0       1    3039       0       0
 KASKAD, TXYZ: 0.999999999915254    
 -1.661969940765085E-03-1.064333183562130E-03 0.999998052438753    
    Jtrack, Ibtar, Ichtar, Etrack     1     9     4  49.9847455272040    
    Ibarch(Jtrack), Ichrge(Jtrack)     1     1
    Iloflk, Tkeflk     1 5.477010208809752E-06
    Linevt,Lelevt,Ldecay,Ldltry,Leldis,Lpairp,Lbrmsp T F F F F F F
     246000                 54000                 54000             2.2742746E-04         1.0000000E+30            115941       
 NEXT SEEDS: ABD80B3       1       0       0       0       0       1    3039       0       0
     252000                 48000                 48000             2.2752229E-04         1.0000000E+30            118754       
 NEXT SEEDS: B1B8AE7       1       0       0       0       0       1    3039       0       0
  Ferevv: Umo2 < Urmin2 !!   6.5448351337580295        7.3510638066834968               21           8   1.1893700000000000       0.93956563000000004      F           0
     258000                 42000                 42000             2.2778972E-04         1.0000000E+30            121538       
 NEXT SEEDS: B8B1CE2       1       0       0       0       0       1    3039       0       0
     264000                 36000                 36000             2.2786477E-04         1.0000000E+30            124381       
 NEXT SEEDS: BE93970       1       0       0       0       0       1    3039       0       0
     270000                 30000                 30000             2.2778844E-04         1.0000000E+30            127233       
 NEXT SEEDS: C47E3B2       1       0       0       0       0       1    3039       0       0
     276000                 24000                 24000             2.2825387E-04         1.0000000E+30            130190       
 NEXT SEEDS: CA8E8BD       1       0       0       0       0       1    3039       0       0
     282000                 18000                 18000             2.2812371E-04         1.0000000E+30            132929       
 NEXT SEEDS: D048984       1       0       0       0       0       1    3039       0       0
  Ferevv: Umo2 < Urmin2 !!   6.3541333088678034        7.0425259675710974               17           8   1.1156299999999999       0.93956563000000004      F           0
     288000                 12000                 12000             2.2844357E-04         1.0000000E+30            135912       
 NEXT SEEDS: D68031E       1       0       0       0       0       1    3039       0       0
  *** Umfnst:amsq,np0,np,kpart  -8.6736173798840355E-018           0           1           7
     294000                  6000                  6000             2.2875686E-04         1.0000000E+30            138833       
 NEXT SEEDS: DC81738       1       0       0       0       0       1    3039       0       0
  Ferevv: Umo2 < Urmin2 !!   6.3792986759064618        7.0333316290233352               17           1   1.1156299999999999       0.93827231000000000      F           0
  Ferevv: Umo2 < Urmin2 !!   6.2220223435425579        7.0333316290233352               17           1   1.1156299999999999       0.93827231000000000      F           0
     299950                    50                    50             2.2895382E-04         1.0000000E+30            141591       
 NEXT SEEDS: E241E4A       1       0       0       0       0       1    3039       0       0
     299951                    49                    49             2.2895366E-04         1.0000000E+30            141591       
 NEXT SEEDS: E241E81       1       0       0       0       0       1    3039       0       0
     299952                    48                    48             2.2895318E-04         1.0000000E+30            141591       
 NEXT SEEDS: E241EC2       1       0       0       0       0       1    3039       0       0
     299953                    47                    47             2.2895270E-04         1.0000000E+30            141591       
 NEXT SEEDS: E241F07       1       0       0       0       0       1    3039       0       0
     299954                    46                    46             2.2895221E-04         1.0000000E+30            141591       
 NEXT SEEDS: E241F81       1       0       0       0       0       1    3039       0       0
     299955                    45                    45             2.2895778E-04         1.0000000E+30            141595       
 NEXT SEEDS: E2441DA       1       0       0       0       0       1    3039       0       0
     299956                    44                    44             2.2895750E-04         1.0000000E+30            141595       
 NEXT SEEDS: E244227       1       0       0       0       0       1    3039       0       0
     299957                    43                    43             2.2895849E-04         1.0000000E+30            141596       
 NEXT SEEDS: E2447C4       1       0       0       0       0       1    3039       0       0
     299958                    42                    42             2.2895773E-04         1.0000000E+30            141596       
 NEXT SEEDS: E244810       1       0       0       0       0       1    3039       0       0
     299959                    41                    41             2.2895697E-04         1.0000000E+30            141596       
 NEXT SEEDS: E24487D       1       0       0       0       0       1    3039       0       0
     299960                    40                    40             2.2895620E-04         1.0000000E+30            141596       
 NEXT SEEDS: E2448B4       1       0       0       0       0       1    3039       0       0
     299961                    39                    39             2.2895544E-04         1.0000000E+30            141596       
 NEXT SEEDS: E2448E7       1       0       0       0       0       1    3039       0       0
     299962                    38                    38             2.2895468E-04         1.0000000E+30            141596       
 NEXT SEEDS: E244922       1       0       0       0       0       1    3039       0       0
     299963                    37                    37             2.2895391E-04         1.0000000E+30            141596       
 NEXT SEEDS: E244960       1       0       0       0       0       1    3039       0       0
     299964                    36                    36             2.2896243E-04         1.0000000E+30            141601       
 NEXT SEEDS: E245ECD       1       0       0       0       0       1    3039       0       0
     299965                    35                    35             2.2896223E-04         1.0000000E+30            141601       
 NEXT SEEDS: E245EEB       1       0       0       0       0       1    3039       0       0
     299966                    34                    34             2.2896190E-04         1.0000000E+30            141601       
 NEXT SEEDS: E2460BC       1       0       0       0       0       1    3039       0       0
     299967                    33                    33             2.2896343E-04         1.0000000E+30            141602       
 NEXT SEEDS: E246828       1       0       0       0       0       1    3039       0       0
     299968                    32                    32             2.2896307E-04         1.0000000E+30            141602       
 NEXT SEEDS: E246874       1       0       0       0       0       1    3039       0       0
     299969                    31                    31             2.2896256E-04         1.0000000E+30            141602       
 NEXT SEEDS: E2468BD       1       0       0       0       0       1    3039       0       0
     299970                    30                    30             2.2896208E-04         1.0000000E+30            141602       
 NEXT SEEDS: E24693A       1       0       0       0       0       1    3039       0       0
     299971                    29                    29             2.2896154E-04         1.0000000E+30            141602       
 NEXT SEEDS: E246955       1       0       0       0       0       1    3039       0       0
     299972                    28                    28             2.2896106E-04         1.0000000E+30            141602       
 NEXT SEEDS: E2469A3       1       0       0       0       0       1    3039       0       0
     299973                    27                    27             2.2896126E-04         1.0000000E+30            141602       
 NEXT SEEDS: E246AA6       1       0       0       0       0       1    3039       0       0
     299974                    26                    26             2.2896093E-04         1.0000000E+30            141602       
 NEXT SEEDS: E246AD7       1       0       0       0       0       1    3039       0       0
     299975                    25                    25             2.2896060E-04         1.0000000E+30            141602       
 NEXT SEEDS: E246B30       1       0       0       0       0       1    3039       0       0
     299976                    24                    24             2.2896014E-04         1.0000000E+30            141602       
 NEXT SEEDS: E246B92       1       0       0       0       0       1    3039       0       0
     299977                    23                    23             2.2895986E-04         1.0000000E+30            141602       
 NEXT SEEDS: E246BE6       1       0       0       0       0       1    3039       0       0
     299978                    22                    22             2.2895948E-04         1.0000000E+30            141602       
 NEXT SEEDS: E246C42       1       0       0       0       0       1    3039       0       0
     299979                    21                    21             2.2895897E-04         1.0000000E+30            141602       
 NEXT SEEDS: E246C63       1       0       0       0       0       1    3039       0       0
     299980                    20                    20             2.2895859E-04         1.0000000E+30            141602       
 NEXT SEEDS: E246CB0       1       0       0       0       0       1    3039       0       0
     299981                    19                    19             2.2896312E-04         1.0000000E+30            141604       
 NEXT SEEDS: E248392       1       0       0       0       0       1    3039       0       0
     299982                    18                    18             2.2896307E-04         1.0000000E+30            141604       
 NEXT SEEDS: E2483CF       1       0       0       0       0       1    3039       0       0
     299983                    17                    17             2.2896261E-04         1.0000000E+30            141604       
 NEXT SEEDS: E24840F       1       0       0       0       0       1    3039       0       0
     299984                    16                    16             2.2896210E-04         1.0000000E+30            141604       
 NEXT SEEDS: E24844B       1       0       0       0       0       1    3039       0       0
     299985                    15                    15             2.2896202E-04         1.0000000E+30            141604       
 NEXT SEEDS: E24849B       1       0       0       0       0       1    3039       0       0
     299986                    14                    14             2.2896161E-04         1.0000000E+30            141604       
 NEXT SEEDS: E2484E6       1       0       0       0       0       1    3039       0       0
     299987                    13                    13             2.2896177E-04         1.0000000E+30            141604       
 NEXT SEEDS: E24852D       1       0       0       0       0       1    3039       0       0
     299988                    12                    12             2.2896136E-04         1.0000000E+30            141604       
 NEXT SEEDS: E248584       1       0       0       0       0       1    3039       0       0
     299989                    11                    11             2.2896932E-04         1.0000000E+30            141607       
 NEXT SEEDS: E249531       1       0       0       0       0       1    3039       0       0
     299990                    10                    10             2.2896909E-04         1.0000000E+30            141607       
 NEXT SEEDS: E249586       1       0       0       0       0       1    3039       0       0
     299991                     9                     9             2.2896858E-04         1.0000000E+30            141607       
 NEXT SEEDS: E2495AC       1       0       0       0       0       1    3039       0       0
     299992                     8                     8             2.2896817E-04         1.0000000E+30            141607       
 NEXT SEEDS: E2495C9       1       0       0       0       0       1    3039       0       0
     299993                     7                     7             2.2896777E-04         1.0000000E+30            141607       
 NEXT SEEDS: E2495FB       1       0       0       0       0       1    3039       0       0
     299994                     6                     6             2.2896741E-04         1.0000000E+30            141607       
 NEXT SEEDS: E249652       1       0       0       0       0       1    3039       0       0
     299995                     5                     5             2.2896942E-04         1.0000000E+30            141608       
 NEXT SEEDS: E24A370       1       0       0       0       0       1    3039       0       0
     299996                     4                     4             2.2896924E-04         1.0000000E+30            141608       
 NEXT SEEDS: E24A3C3       1       0       0       0       0       1    3039       0       0
     299997                     3                     3             2.2896876E-04         1.0000000E+30            141608       
 NEXT SEEDS: E24A3FF       1       0       0       0       0       1    3039       0       0
     299998                     2                     2             2.2896825E-04         1.0000000E+30            141608       
 NEXT SEEDS: E24A455       1       0       0       0       0       1    3039       0       0
     299999                     1                     1             2.2896774E-04         1.0000000E+30            141608       
 NEXT SEEDS: E24A483       1       0       0       0       0       1    3039       0       0
     300000                     0                     1             2.2897049E-04         1.0000000E+30            141610       
 NEXT SEEDS: E24AD81       1       0       0       0       0       1    3039       0       0
