2026-04-23 22:11:50,069 - INFO - Generated: be_target_ep1_step1.inp | T=2.5, W=19.0×18.0, NPS=500000, BEAMPOS=-45.0
2026-04-23 22:15:36,696 - INFO - FLUKA completed: be_target_ep1_step1.inp
2026-04-23 22:15:43,061 - INFO - Ep1 Step1: Reward=19.21 | Success=True
2026-04-23 22:15:43,517 - INFO - Saved best configuration to bestcong.inp | T=2.5, W=19.0×18.0, NPS=500000, BEAMPOS=-45.0
2026-04-23 22:15:44,229 - INFO - Generated: be_target_ep1_step2.inp | T=3.0, W=19.0×18.0, NPS=500000, BEAMPOS=-45.0
2026-04-23 22:20:20,454 - INFO - FLUKA completed: be_target_ep1_step2.inp
2026-04-23 22:20:21,978 - INFO - Ep1 Step2: Reward=22.73 | Success=True
2026-04-23 22:20:22,075 - INFO - Saved best configuration to bestcong.inp | T=3.0, W=19.0×18.0, NPS=500000, BEAMPOS=-45.0
2026-04-23 22:20:22,097 - INFO - Generated: be_target_ep1_step3.inp | T=3.0, W=19.0×18.0, NPS=500000, BEAMPOS=-50.0
2026-04-23 22:25:23,254 - INFO - FLUKA completed: be_target_ep1_step3.inp
2026-04-23 22:25:32,138 - INFO - Ep1 Step3: Reward=22.73 | Success=True
2026-04-23 22:25:32,828 - INFO - Generated: be_target_ep1_step4.inp | T=3.0, W=20.0×18.0, NPS=500000, BEAMPOS=-50.0
2026-04-23 22:31:10,428 - INFO - FLUKA completed: be_target_ep1_step4.inp
2026-04-23 22:31:23,203 - INFO - Ep1 Step4: Reward=21.90 | Success=True
2026-04-23 22:31:23,666 - INFO - Generated: be_target_ep1_step5.inp | T=3.0, W=19.0×18.0, NPS=500000, BEAMPOS=-50.0
2026-04-23 22:36:19,547 - INFO - FLUKA completed: be_target_ep1_step5.inp
2026-04-23 22:36:25,858 - INFO - Ep1 Step5: Reward=22.73 | Success=True
2026-04-23 22:36:26,276 - INFO - Generated: be_target_ep1_step6.inp | T=3.0, W=19.0×17.0, NPS=500000, BEAMPOS=-50.0
2026-04-23 22:41:24,527 - INFO - FLUKA completed: be_target_ep1_step6.inp
2026-04-23 22:41:27,282 - INFO - Ep1 Step6: Reward=14.18 | Success=True
2026-04-23 22:41:27,391 - INFO - Generated: be_target_ep1_step7.inp | T=3.0, W=20.0×17.0, NPS=500000, BEAMPOS=-50.0
2026-04-23 22:46:43,559 - INFO - FLUKA completed: be_target_ep1_step7.inp
2026-04-23 22:46:45,057 - INFO - Ep1 Step7: Reward=21.41 | Success=True
2026-04-23 22:46:45,467 - INFO - Generated: be_target_ep1_step8.inp | T=3.0, W=20.0×17.0, NPS=500000, BEAMPOS=-50.0
2026-04-23 22:51:38,984 - INFO - FLUKA completed: be_target_ep1_step8.inp
2026-04-23 22:51:39,538 - INFO - Ep1 Step8: Reward=21.41 | Success=True
2026-04-23 22:51:39,614 - INFO - Generated: be_target_ep1_step9.inp | T=3.0, W=20.0×16.0, NPS=500000, BEAMPOS=-50.0
2026-04-23 22:57:20,875 - INFO - FLUKA completed: be_target_ep1_step9.inp
2026-04-23 22:57:22,437 - INFO - Ep1 Step9: Reward=21.99 | Success=True
2026-04-23 22:57:22,834 - INFO - Generated: be_target_ep1_step10.inp | T=3.0, W=20.0×16.0, NPS=500000, BEAMPOS=-50.0
2026-04-23 23:02:50,366 - INFO - FLUKA completed: be_target_ep1_step10.inp
2026-04-23 23:02:53,242 - INFO - Ep1 Step10: Reward=-7.28 | Success=True
2026-04-23 23:02:55,200 - INFO - Generated: be_target_ep2_step1.inp | T=2.5, W=10.0×20.0, NPS=1000000, BEAMPOS=-15.0
2026-04-23 23:02:56,786 - ERROR - FLUKA run failed: Command '['rfluka', '-M', '5', 'be_target_ep2_step1.inp']' returned non-zero exit status 12.
2026-04-23 23:02:56,799 - INFO - Generated: be_target_ep2_step2.inp | T=2.5, W=10.0×19.0, NPS=1000000, BEAMPOS=-15.0
2026-04-23 23:02:57,628 - ERROR - FLUKA run failed: Command '['rfluka', '-M', '5', 'be_target_ep2_step2.inp']' returned non-zero exit status 12.
2026-04-23 23:02:57,646 - INFO - Generated: be_target_ep2_step3.inp | T=2.5, W=10.0×20.0, NPS=1000000, BEAMPOS=-15.0
2026-04-23 23:02:58,505 - ERROR - FLUKA run failed: Command '['rfluka', '-M', '5', 'be_target_ep2_step3.inp']' returned non-zero exit status 12.
2026-04-23 23:02:58,550 - INFO - Generated: be_target_ep2_step4.inp | T=2.5, W=10.0×20.0, NPS=1000000, BEAMPOS=-10.0
2026-04-23 23:02:59,375 - ERROR - FLUKA run failed: Command '['rfluka', '-M', '5', 'be_target_ep2_step4.inp']' returned non-zero exit status 12.
2026-04-23 23:02:59,376 - INFO - Generated: be_target_ep2_step5.inp | T=3.0, W=10.0×20.0, NPS=1000000, BEAMPOS=-10.0
2026-04-23 23:03:00,246 - ERROR - FLUKA run failed: Command '['rfluka', '-M', '5', 'be_target_ep2_step5.inp']' returned non-zero exit status 12.
2026-04-23 23:03:00,247 - INFO - Generated: be_target_ep2_step6.inp | T=3.0, W=11.0×20.0, NPS=1000000, BEAMPOS=-10.0
2026-04-23 23:03:00,941 - ERROR - FLUKA run failed: Command '['rfluka', '-M', '5', 'be_target_ep2_step6.inp']' returned non-zero exit status 12.
2026-04-23 23:03:00,973 - INFO - Generated: be_target_ep2_step7.inp | T=3.0, W=11.0×20.0, NPS=900000, BEAMPOS=-10.0
2026-04-23 23:13:28,478 - ERROR - FLUKA run failed: Command '['rfluka', '-M', '5', 'be_target_ep2_step7.inp']' timed out after 600 seconds
2026-04-23 23:13:36,454 - INFO - Generated: be_target_ep2_step8.inp | T=3.0, W=11.0×20.0, NPS=900000, BEAMPOS=-10.0
2026-04-23 23:23:38,833 - ERROR - FLUKA run failed: Command '['rfluka', '-M', '5', 'be_target_ep2_step8.inp']' timed out after 600 seconds
2026-04-23 23:23:40,834 - INFO - Generated: be_target_ep2_step9.inp | T=3.0, W=11.0×20.0, NPS=800000, BEAMPOS=-10.0
2026-04-23 23:34:18,138 - ERROR - FLUKA run failed: Command '['rfluka', '-M', '5', 'be_target_ep2_step9.inp']' timed out after 600 seconds
2026-04-23 23:34:30,208 - INFO - Generated: be_target_ep2_step10.inp | T=3.0, W=11.0×20.0, NPS=800000, BEAMPOS=-15.0
2026-04-23 23:42:58,043 - INFO - FLUKA completed: be_target_ep2_step10.inp
2026-04-23 23:43:10,007 - INFO - Ep2 Step10: Reward=23.48 | Success=True
2026-04-23 23:43:10,405 - INFO - Saved best configuration to bestcong.inp | T=3.0, W=11.0×20.0, NPS=800000, BEAMPOS=-15.0
2026-04-23 23:43:12,138 - INFO - Generated: be_target_ep3_step1.inp | T=7.0, W=13.0×8.0, NPS=300000, BEAMPOS=-15.0
2026-04-23 23:51:54,317 - INFO - FLUKA completed: be_target_ep3_step1.inp
2026-04-23 23:52:06,636 - INFO - Ep3 Step1: Reward=21.51 | Success=True
2026-04-23 23:52:08,327 - INFO - Generated: be_target_ep3_step2.inp | T=7.0, W=14.0×8.0, NPS=300000, BEAMPOS=-15.0
2026-04-23 23:59:07,568 - INFO - FLUKA completed: be_target_ep3_step2.inp
2026-04-23 23:59:08,609 - INFO - Ep3 Step2: Reward=30.58 | Success=True
2026-04-23 23:59:08,845 - INFO - Saved best configuration to bestcong.inp | T=7.0, W=14.0×8.0, NPS=300000, BEAMPOS=-15.0
2026-04-23 23:59:08,912 - INFO - Generated: be_target_ep3_step3.inp | T=7.0, W=14.0×8.0, NPS=300000, BEAMPOS=-20.0
2026-04-24 00:07:05,113 - INFO - FLUKA completed: be_target_ep3_step3.inp
2026-04-24 00:07:19,918 - INFO - Ep3 Step3: Reward=30.58 | Success=True
2026-04-24 00:07:20,838 - INFO - Generated: be_target_ep3_step4.inp | T=7.0, W=14.0×7.0, NPS=300000, BEAMPOS=-20.0
2026-04-24 00:14:17,858 - INFO - FLUKA completed: be_target_ep3_step4.inp
2026-04-24 00:14:19,045 - INFO - Ep3 Step4: Reward=31.49 | Success=True
2026-04-24 00:14:19,265 - INFO - Saved best configuration to bestcong.inp | T=7.0, W=14.0×7.0, NPS=300000, BEAMPOS=-20.0
2026-04-24 00:14:19,332 - INFO - Generated: be_target_ep3_step5.inp | T=7.0, W=13.0×7.0, NPS=300000, BEAMPOS=-20.0
2026-04-24 00:21:38,035 - INFO - FLUKA completed: be_target_ep3_step5.inp
2026-04-24 00:21:42,800 - INFO - Ep3 Step5: Reward=25.36 | Success=True
2026-04-24 00:21:43,094 - INFO - Generated: be_target_ep3_step6.inp | T=7.0, W=13.0×7.0, NPS=300000, BEAMPOS=-15.0
2026-04-24 00:29:55,851 - INFO - FLUKA completed: be_target_ep3_step6.inp
2026-04-24 00:29:58,198 - INFO - Ep3 Step6: Reward=25.36 | Success=True
2026-04-24 00:29:58,434 - INFO - Generated: be_target_ep3_step7.inp | T=6.5, W=13.0×7.0, NPS=300000, BEAMPOS=-15.0
2026-04-24 00:38:48,530 - INFO - FLUKA completed: be_target_ep3_step7.inp
2026-04-24 00:38:55,184 - INFO - Ep3 Step7: Reward=22.50 | Success=True
2026-04-24 00:38:55,736 - INFO - Generated: be_target_ep3_step8.inp | T=6.5, W=13.0×7.0, NPS=400000, BEAMPOS=-15.0
2026-04-24 00:47:34,714 - INFO - FLUKA completed: be_target_ep3_step8.inp
2026-04-24 00:47:38,808 - INFO - Ep3 Step8: Reward=28.74 | Success=True
2026-04-24 00:47:40,173 - INFO - Generated: be_target_ep3_step9.inp | T=6.5, W=14.0×7.0, NPS=400000, BEAMPOS=-15.0
2026-04-24 00:57:06,278 - INFO - FLUKA completed: be_target_ep3_step9.inp
2026-04-24 00:57:15,139 - INFO - Ep3 Step9: Reward=29.96 | Success=True
2026-04-24 00:57:16,245 - INFO - Generated: be_target_ep3_step10.inp | T=6.5, W=14.0×7.0, NPS=400000, BEAMPOS=-20.0
2026-04-24 01:05:34,893 - INFO - FLUKA completed: be_target_ep3_step10.inp
2026-04-24 01:05:37,031 - INFO - Ep3 Step10: Reward=22.53 | Success=True
2026-04-24 01:05:37,442 - INFO - Generated: be_target_ep4_step1.inp | T=9.5, W=15.0×15.0, NPS=800000, BEAMPOS=-20.0
2026-04-24 01:15:38,520 - ERROR - FLUKA run failed: Command '['rfluka', '-M', '5', 'be_target_ep4_step1.inp']' timed out after 600 seconds
2026-04-24 01:15:39,441 - INFO - Generated: be_target_ep4_step2.inp | T=9.5, W=15.0×15.0, NPS=800000, BEAMPOS=-25.0
2026-04-24 01:18:05,528 - ERROR - FLUKA run failed: Command '['rfluka', '-M', '5', 'be_target_ep4_step2.inp']' returned non-zero exit status 137.
2026-04-24 01:18:16,226 - INFO - Generated: be_target_ep4_step3.inp | T=9.5, W=16.0×15.0, NPS=800000, BEAMPOS=-25.0
2026-04-24 01:28:26,854 - ERROR - FLUKA run failed: Command '['rfluka', '-M', '5', 'be_target_ep4_step3.inp']' timed out after 600 seconds
2026-04-24 01:28:33,678 - INFO - Generated: be_target_ep4_step4.inp | T=9.5, W=16.0×15.0, NPS=700000, BEAMPOS=-25.0
2026-04-24 01:31:05,568 - ERROR - FLUKA run failed: Command '['rfluka', '-M', '5', 'be_target_ep4_step4.inp']' returned non-zero exit status 137.
2026-04-24 01:31:08,604 - INFO - Generated: be_target_ep4_step5.inp | T=9.5, W=16.0×15.0, NPS=700000, BEAMPOS=-30.0
2026-04-24 01:41:32,640 - ERROR - FLUKA run failed: Command '['rfluka', '-M', '5', 'be_target_ep4_step5.inp']' timed out after 600 seconds
2026-04-24 01:41:58,420 - INFO - Generated: be_target_ep4_step6.inp | T=9.5, W=16.0×15.0, NPS=700000, BEAMPOS=-25.0
2026-04-24 01:52:13,325 - ERROR - FLUKA run failed: Command '['rfluka', '-M', '5', 'be_target_ep4_step6.inp']' timed out after 600 seconds
2026-04-24 01:52:18,418 - INFO - Generated: be_target_ep4_step7.inp | T=9.5, W=16.0×14.0, NPS=700000, BEAMPOS=-25.0
2026-04-24 01:54:53,475 - ERROR - FLUKA run failed: Command '['rfluka', '-M', '5', 'be_target_ep4_step7.inp']' returned non-zero exit status 137.
2026-04-24 01:54:55,141 - INFO - Generated: be_target_ep4_step8.inp | T=9.5, W=16.0×14.0, NPS=700000, BEAMPOS=-20.0
2026-04-24 02:04:57,979 - ERROR - FLUKA run failed: Command '['rfluka', '-M', '5', 'be_target_ep4_step8.inp']' timed out after 600 seconds
2026-04-24 02:05:00,475 - INFO - Generated: be_target_ep4_step9.inp | T=9.5, W=16.0×14.0, NPS=600000, BEAMPOS=-20.0
2026-04-24 02:14:56,256 - ERROR - FLUKA run failed: Command '['rfluka', '-M', '5', 'be_target_ep4_step9.inp']' returned non-zero exit status 137.
2026-04-24 02:15:03,651 - INFO - Generated: be_target_ep4_step10.inp | T=9.5, W=17.0×14.0, NPS=600000, BEAMPOS=-20.0
2026-04-24 02:25:24,913 - ERROR - FLUKA run failed: Command '['rfluka', '-M', '5', 'be_target_ep4_step10.inp']' timed out after 600 seconds
2026-04-24 02:25:36,357 - INFO - Generated: be_target_ep5_step1.inp | T=10.0, W=5.0×11.0, NPS=400000, BEAMPOS=-20.0
2026-04-24 02:26:08,446 - ERROR - FLUKA run failed: Command '['rfluka', '-M', '5', 'be_target_ep5_step1.inp']' returned non-zero exit status 137.
2026-04-24 02:26:10,103 - INFO - Generated: be_target_ep5_step2.inp | T=10.0, W=5.0×11.0, NPS=400000, BEAMPOS=-15.0
2026-04-24 02:36:15,623 - ERROR - FLUKA run failed: Command '['rfluka', '-M', '5', 'be_target_ep5_step2.inp']' timed out after 600 seconds
2026-04-24 02:36:19,447 - INFO - Generated: be_target_ep5_step3.inp | T=10.0, W=5.0×11.0, NPS=400000, BEAMPOS=-10.0
2026-04-24 02:46:22,840 - ERROR - FLUKA run failed: Command '['rfluka', '-M', '5', 'be_target_ep5_step3.inp']' timed out after 600 seconds
2026-04-24 02:46:24,562 - INFO - Generated: be_target_ep5_step4.inp | T=9.5, W=5.0×11.0, NPS=400000, BEAMPOS=-10.0
2026-04-24 02:52:00,005 - ERROR - FLUKA run failed: Command '['rfluka', '-M', '5', 'be_target_ep5_step4.inp']' returned non-zero exit status 137.
2026-04-24 02:52:03,736 - INFO - Generated: be_target_ep5_step5.inp | T=9.5, W=5.0×11.0, NPS=300000, BEAMPOS=-10.0
2026-04-24 03:02:42,836 - ERROR - FLUKA run failed: Command '['rfluka', '-M', '5', 'be_target_ep5_step5.inp']' timed out after 600 seconds
2026-04-24 03:02:56,090 - INFO - Generated: be_target_ep5_step6.inp | T=9.5, W=5.0×11.0, NPS=300000, BEAMPOS=-10.0
2026-04-24 03:13:06,286 - ERROR - FLUKA run failed: Command '['rfluka', '-M', '5', 'be_target_ep5_step6.inp']' timed out after 600 seconds
2026-04-24 03:13:12,085 - INFO - Generated: be_target_ep5_step7.inp | T=9.5, W=5.0×11.0, NPS=300000, BEAMPOS=-10.0
2026-04-24 03:23:11,571 - INFO - FLUKA completed: be_target_ep5_step7.inp
2026-04-24 03:23:13,419 - INFO - Ep5 Step7: Reward=36.20 | Success=True
2026-04-24 03:23:13,527 - INFO - Saved best configuration to bestcong.inp | T=9.5, W=5.0×11.0, NPS=300000, BEAMPOS=-10.0
2026-04-24 03:23:13,545 - INFO - Generated: be_target_ep5_step8.inp | T=9.0, W=5.0×11.0, NPS=300000, BEAMPOS=-10.0
2026-04-24 03:32:04,891 - INFO - FLUKA completed: be_target_ep5_step8.inp
2026-04-24 03:32:05,552 - INFO - Ep5 Step8: Reward=30.96 | Success=True
2026-04-24 03:32:05,702 - INFO - Generated: be_target_ep5_step9.inp | T=9.0, W=5.0×11.0, NPS=300000, BEAMPOS=-10.0
2026-04-24 03:40:56,245 - INFO - FLUKA completed: be_target_ep5_step9.inp
2026-04-24 03:40:56,880 - INFO - Ep5 Step9: Reward=30.96 | Success=True
2026-04-24 03:40:56,983 - INFO - Generated: be_target_ep5_step10.inp | T=9.0, W=5.0×11.0, NPS=300000, BEAMPOS=-10.0
2026-04-24 03:49:32,108 - INFO - FLUKA completed: be_target_ep5_step10.inp
2026-04-24 03:49:35,312 - INFO - Ep5 Step10: Reward=30.96 | Success=True
2026-04-24 03:49:35,910 - INFO - Generated: be_target_ep6_step1.inp | T=4.0, W=11.0×16.0, NPS=400000, BEAMPOS=-45.0
2026-04-24 03:52:40,997 - ERROR - FLUKA run failed: Command '['rfluka', '-M', '5', 'be_target_ep6_step1.inp']' returned non-zero exit status 137.
2026-04-24 03:52:41,379 - INFO - Generated: be_target_ep6_step2.inp | T=4.0, W=11.0×17.0, NPS=400000, BEAMPOS=-45.0
2026-04-24 03:58:15,018 - INFO - FLUKA completed: be_target_ep6_step2.inp
2026-04-24 03:58:19,072 - INFO - Ep6 Step2: Reward=26.64 | Success=True
2026-04-24 03:58:19,625 - INFO - Generated: be_target_ep6_step3.inp | T=4.0, W=11.0×16.0, NPS=400000, BEAMPOS=-45.0
2026-04-24 04:03:13,246 - INFO - FLUKA completed: be_target_ep6_step3.inp
2026-04-24 04:03:13,721 - INFO - Ep6 Step3: Reward=29.60 | Success=True
2026-04-24 04:03:13,733 - INFO - Generated: be_target_ep6_step4.inp | T=4.5, W=11.0×16.0, NPS=400000, BEAMPOS=-45.0
2026-04-24 04:09:04,196 - INFO - FLUKA completed: be_target_ep6_step4.inp
2026-04-24 04:09:05,753 - INFO - Ep6 Step4: Reward=19.86 | Success=True
2026-04-24 04:09:06,051 - INFO - Generated: be_target_ep6_step5.inp | T=4.5, W=11.0×17.0, NPS=400000, BEAMPOS=-45.0
2026-04-24 04:14:48,329 - INFO - FLUKA completed: be_target_ep6_step5.inp
2026-04-24 04:14:50,897 - INFO - Ep6 Step5: Reward=21.22 | Success=True
2026-04-24 04:14:51,260 - INFO - Generated: be_target_ep6_step6.inp | T=5.0, W=11.0×17.0, NPS=400000, BEAMPOS=-45.0
2026-04-24 04:20:42,288 - INFO - FLUKA completed: be_target_ep6_step6.inp
2026-04-24 04:20:42,473 - INFO - Ep6 Step6: Reward=21.41 | Success=True
2026-04-24 04:20:42,474 - INFO - Generated: be_target_ep6_step7.inp | T=5.0, W=11.0×17.0, NPS=500000, BEAMPOS=-45.0
2026-04-24 04:29:51,357 - INFO - FLUKA completed: be_target_ep6_step7.inp
2026-04-24 04:29:53,464 - INFO - Ep6 Step7: Reward=22.97 | Success=True
2026-04-24 04:29:53,901 - INFO - Generated: be_target_ep6_step8.inp | T=5.0, W=11.0×18.0, NPS=500000, BEAMPOS=-45.0
2026-04-24 04:37:47,664 - INFO - FLUKA completed: be_target_ep6_step8.inp
2026-04-24 04:37:49,121 - INFO - Ep6 Step8: Reward=25.23 | Success=True
2026-04-24 04:37:49,143 - INFO - Generated: be_target_ep6_step9.inp | T=5.5, W=11.0×18.0, NPS=500000, BEAMPOS=-45.0
2026-04-24 04:47:33,147 - INFO - FLUKA completed: be_target_ep6_step9.inp
2026-04-24 04:47:38,094 - INFO - Ep6 Step9: Reward=28.57 | Success=True
2026-04-24 04:47:38,750 - INFO - Generated: be_target_ep6_step10.inp | T=5.5, W=11.0×18.0, NPS=400000, BEAMPOS=-45.0
2026-04-24 04:54:44,383 - INFO - FLUKA completed: be_target_ep6_step10.inp
2026-04-24 04:54:50,102 - INFO - Ep6 Step10: Reward=-1.96 | Success=True
2026-04-24 04:54:51,926 - INFO - Generated: be_target_ep7_step1.inp | T=4.5, W=6.0×19.0, NPS=500000, BEAMPOS=-15.0
2026-04-24 05:01:18,029 - INFO - FLUKA completed: be_target_ep7_step1.inp
2026-04-24 05:01:19,870 - INFO - Ep7 Step1: Reward=27.63 | Success=True
2026-04-24 05:01:20,013 - INFO - Generated: be_target_ep7_step2.inp | T=4.5, W=6.0×19.0, NPS=500000, BEAMPOS=-10.0
2026-04-24 05:07:54,271 - INFO - FLUKA completed: be_target_ep7_step2.inp
2026-04-24 05:07:55,836 - INFO - Ep7 Step2: Reward=27.63 | Success=True
2026-04-24 05:07:55,904 - INFO - Generated: be_target_ep7_step3.inp | T=4.5, W=6.0×18.0, NPS=500000, BEAMPOS=-10.0
2026-04-24 05:13:39,038 - INFO - FLUKA completed: be_target_ep7_step3.inp
2026-04-24 05:13:39,758 - INFO - Ep7 Step3: Reward=26.29 | Success=True
2026-04-24 05:13:39,796 - INFO - Generated: be_target_ep7_step4.inp | T=4.5, W=6.0×17.0, NPS=500000, BEAMPOS=-10.0
2026-04-24 05:21:33,664 - INFO - FLUKA completed: be_target_ep7_step4.inp
2026-04-24 05:21:35,003 - INFO - Ep7 Step4: Reward=26.08 | Success=True
2026-04-24 05:22:19,119 - INFO - Generated: be_target_ep7_step5.inp | T=4.5, W=7.0×17.0, NPS=500000, BEAMPOS=-10.0
2026-04-24 05:28:57,903 - INFO - FLUKA completed: be_target_ep7_step5.inp
2026-04-24 05:29:05,736 - INFO - Ep7 Step5: Reward=23.45 | Success=True
2026-04-24 05:31:34,762 - INFO - Generated: be_target_ep7_step6.inp | T=4.5, W=7.0×16.0, NPS=500000, BEAMPOS=-10.0
2026-04-24 05:38:15,827 - INFO - FLUKA completed: be_target_ep7_step6.inp
2026-04-24 05:38:38,176 - INFO - Ep7 Step6: Reward=26.99 | Success=True
2026-04-24 05:40:47,057 - INFO - Generated: be_target_ep7_step7.inp | T=4.5, W=7.0×16.0, NPS=600000, BEAMPOS=-10.0
2026-04-24 05:48:13,195 - INFO - FLUKA completed: be_target_ep7_step7.inp
2026-04-24 05:48:18,639 - INFO - Ep7 Step7: Reward=22.48 | Success=True
2026-04-24 05:49:29,231 - INFO - Generated: be_target_ep7_step8.inp | T=5.0, W=7.0×16.0, NPS=600000, BEAMPOS=-10.0
2026-04-24 05:56:04,071 - INFO - FLUKA completed: be_target_ep7_step8.inp
2026-04-24 05:56:23,548 - INFO - Ep7 Step8: Reward=23.46 | Success=True
2026-04-24 05:58:00,738 - INFO - Generated: be_target_ep7_step9.inp | T=5.0, W=7.0×17.0, NPS=600000, BEAMPOS=-10.0
2026-04-24 06:07:06,348 - INFO - FLUKA completed: be_target_ep7_step9.inp
2026-04-24 06:07:23,261 - INFO - Ep7 Step9: Reward=30.30 | Success=True
2026-04-24 06:11:30,164 - INFO - Generated: be_target_ep7_step10.inp | T=5.0, W=7.0×16.0, NPS=600000, BEAMPOS=-10.0
2026-04-24 06:18:39,676 - INFO - FLUKA completed: be_target_ep7_step10.inp
2026-04-24 06:18:40,234 - INFO - Ep7 Step10: Reward=-2.79 | Success=True
2026-04-24 06:20:18,438 - INFO - Generated: be_target_ep8_step1.inp | T=10.0, W=14.0×17.0, NPS=1000000, BEAMPOS=-35.0
2026-04-24 06:20:19,333 - ERROR - FLUKA run failed: Command '['rfluka', '-M', '5', 'be_target_ep8_step1.inp']' returned non-zero exit status 12.
2026-04-24 06:20:36,367 - INFO - Generated: be_target_ep8_step2.inp | T=9.5, W=14.0×17.0, NPS=1000000, BEAMPOS=-35.0
2026-04-24 06:20:36,913 - ERROR - FLUKA run failed: Command '['rfluka', '-M', '5', 'be_target_ep8_step2.inp']' returned non-zero exit status 12.
2026-04-24 06:20:54,797 - INFO - Generated: be_target_ep8_step3.inp | T=9.5, W=14.0×17.0, NPS=1000000, BEAMPOS=-30.0
2026-04-24 06:20:55,632 - ERROR - FLUKA run failed: Command '['rfluka', '-M', '5', 'be_target_ep8_step3.inp']' returned non-zero exit status 12.
2026-04-24 06:21:11,503 - INFO - Generated: be_target_ep8_step4.inp | T=10.0, W=14.0×17.0, NPS=1000000, BEAMPOS=-30.0
2026-04-24 06:21:12,307 - ERROR - FLUKA run failed: Command '['rfluka', '-M', '5', 'be_target_ep8_step4.inp']' returned non-zero exit status 12.
2026-04-24 06:21:29,908 - INFO - Generated: be_target_ep8_step5.inp | T=10.0, W=14.0×18.0, NPS=1000000, BEAMPOS=-30.0
2026-04-24 06:21:30,408 - ERROR - FLUKA run failed: Command '['rfluka', '-M', '5', 'be_target_ep8_step5.inp']' returned non-zero exit status 12.
2026-04-24 06:21:46,177 - INFO - Generated: be_target_ep8_step6.inp | T=10.0, W=14.0×18.0, NPS=900000, BEAMPOS=-30.0
2026-04-24 06:31:47,233 - ERROR - FLUKA run failed: Command '['rfluka', '-M', '5', 'be_target_ep8_step6.inp']' timed out after 600 seconds
2026-04-24 06:33:27,458 - INFO - Generated: be_target_ep8_step7.inp | T=10.0, W=14.0×18.0, NPS=900000, BEAMPOS=-35.0
2026-04-24 06:43:33,390 - ERROR - FLUKA run failed: Command '['rfluka', '-M', '5', 'be_target_ep8_step7.inp']' timed out after 600 seconds
2026-04-24 06:46:21,325 - INFO - Generated: be_target_ep8_step8.inp | T=10.0, W=14.0×18.0, NPS=900000, BEAMPOS=-30.0
2026-04-24 06:56:23,604 - ERROR - FLUKA run failed: Command '['rfluka', '-M', '5', 'be_target_ep8_step8.inp']' timed out after 600 seconds
2026-04-24 06:58:23,689 - INFO - Generated: be_target_ep8_step9.inp | T=10.0, W=14.0×19.0, NPS=900000, BEAMPOS=-30.0
2026-04-24 07:08:24,811 - ERROR - FLUKA run failed: Command '['rfluka', '-M', '5', 'be_target_ep8_step9.inp']' timed out after 600 seconds
2026-04-24 07:09:47,219 - INFO - Generated: be_target_ep8_step10.inp | T=10.0, W=13.0×19.0, NPS=900000, BEAMPOS=-30.0
2026-04-24 07:19:51,980 - ERROR - FLUKA run failed: Command '['rfluka', '-M', '5', 'be_target_ep8_step10.inp']' timed out after 600 seconds
2026-04-24 07:24:43,718 - INFO - Generated: be_target_ep9_step1.inp | T=2.0, W=15.0×7.0, NPS=400000, BEAMPOS=-35.0
2026-04-24 07:27:22,677 - INFO - FLUKA completed: be_target_ep9_step1.inp
2026-04-24 07:27:33,173 - INFO - Ep9 Step1: Reward=19.77 | Success=True
2026-04-24 07:29:52,631 - INFO - Generated: be_target_ep9_step2.inp | T=2.0, W=15.0×8.0, NPS=400000, BEAMPOS=-35.0
2026-04-24 07:32:25,159 - INFO - FLUKA completed: be_target_ep9_step2.inp
2026-04-24 07:32:33,953 - INFO - Ep9 Step2: Reward=13.97 | Success=True
2026-04-24 07:33:48,228 - INFO - Generated: be_target_ep9_step3.inp | T=2.0, W=15.0×8.0, NPS=400000, BEAMPOS=-35.0
2026-04-24 07:35:32,903 - INFO - FLUKA completed: be_target_ep9_step3.inp
2026-04-24 07:35:34,245 - INFO - Ep9 Step3: Reward=13.97 | Success=True
2026-04-24 07:35:55,047 - INFO - Generated: be_target_ep9_step4.inp | T=2.0, W=15.0×7.0, NPS=400000, BEAMPOS=-35.0
2026-04-24 07:37:55,476 - INFO - FLUKA completed: be_target_ep9_step4.inp
2026-04-24 07:37:57,663 - INFO - Ep9 Step4: Reward=19.77 | Success=True
2026-04-24 07:38:19,897 - INFO - Generated: be_target_ep9_step5.inp | T=2.0, W=15.0×6.0, NPS=400000, BEAMPOS=-35.0
2026-04-24 07:41:25,036 - INFO - FLUKA completed: be_target_ep9_step5.inp
2026-04-24 07:41:35,624 - INFO - Ep9 Step5: Reward=12.98 | Success=True
2026-04-24 07:42:40,755 - INFO - Generated: be_target_ep9_step6.inp | T=2.0, W=15.0×6.0, NPS=300000, BEAMPOS=-35.0
2026-04-24 07:44:13,037 - INFO - FLUKA completed: be_target_ep9_step6.inp
2026-04-24 07:44:13,804 - INFO - Ep9 Step6: Reward=15.38 | Success=True
2026-04-24 07:44:35,109 - INFO - Generated: be_target_ep9_step7.inp | T=2.0, W=15.0×6.0, NPS=300000, BEAMPOS=-35.0
2026-04-24 07:46:22,896 - INFO - FLUKA completed: be_target_ep9_step7.inp
2026-04-24 07:46:23,315 - INFO - Ep9 Step7: Reward=15.38 | Success=True
2026-04-24 07:46:45,139 - INFO - Generated: be_target_ep9_step8.inp | T=2.5, W=15.0×6.0, NPS=300000, BEAMPOS=-35.0
2026-04-24 07:48:26,375 - INFO - FLUKA completed: be_target_ep9_step8.inp
2026-04-24 07:48:27,823 - INFO - Ep9 Step8: Reward=16.44 | Success=True
2026-04-24 07:48:40,874 - INFO - Generated: be_target_ep9_step9.inp | T=2.5, W=16.0×6.0, NPS=300000, BEAMPOS=-35.0
2026-04-24 07:50:14,535 - INFO - FLUKA completed: be_target_ep9_step9.inp
2026-04-24 07:50:16,817 - INFO - Ep9 Step9: Reward=14.94 | Success=True
2026-04-24 07:50:30,526 - INFO - Generated: be_target_ep9_step10.inp | T=2.5, W=16.0×7.0, NPS=300000, BEAMPOS=-35.0
2026-04-24 07:52:40,821 - INFO - FLUKA completed: be_target_ep9_step10.inp
2026-04-24 07:52:43,733 - INFO - Ep9 Step10: Reward=-9.30 | Success=True
2026-04-24 07:57:51,959 - INFO - Generated: be_target_ep10_step1.inp | T=10.0, W=17.0×20.0, NPS=900000, BEAMPOS=-15.0
2026-04-24 08:07:54,945 - ERROR - FLUKA run failed: Command '['rfluka', '-M', '5', 'be_target_ep10_step1.inp']' timed out after 600 seconds
2026-04-24 08:10:14,668 - INFO - Generated: be_target_ep10_step2.inp | T=10.0, W=16.0×20.0, NPS=900000, BEAMPOS=-15.0
2026-04-24 08:20:16,362 - ERROR - FLUKA run failed: Command '['rfluka', '-M', '5', 'be_target_ep10_step2.inp']' timed out after 600 seconds
2026-04-24 08:21:18,280 - INFO - Generated: be_target_ep10_step3.inp | T=10.0, W=16.0×20.0, NPS=1000000, BEAMPOS=-15.0
2026-04-24 08:21:19,867 - ERROR - FLUKA run failed: Command '['rfluka', '-M', '5', 'be_target_ep10_step3.inp']' returned non-zero exit status 12.
2026-04-24 08:21:43,467 - INFO - Generated: be_target_ep10_step4.inp | T=10.0, W=16.0×20.0, NPS=1000000, BEAMPOS=-15.0
2026-04-24 08:21:44,053 - ERROR - FLUKA run failed: Command '['rfluka', '-M', '5', 'be_target_ep10_step4.inp']' returned non-zero exit status 12.
2026-04-24 08:22:06,918 - INFO - Generated: be_target_ep10_step5.inp | T=10.0, W=16.0×20.0, NPS=1000000, BEAMPOS=-15.0
2026-04-24 08:22:07,742 - ERROR - FLUKA run failed: Command '['rfluka', '-M', '5', 'be_target_ep10_step5.inp']' returned non-zero exit status 12.
2026-04-24 08:22:28,416 - INFO - Generated: be_target_ep10_step6.inp | T=10.0, W=16.0×19.0, NPS=1000000, BEAMPOS=-15.0
2026-04-24 08:22:29,315 - ERROR - FLUKA run failed: Command '['rfluka', '-M', '5', 'be_target_ep10_step6.inp']' returned non-zero exit status 12.
2026-04-24 08:22:52,694 - INFO - Generated: be_target_ep10_step7.inp | T=10.0, W=15.0×19.0, NPS=1000000, BEAMPOS=-15.0
2026-04-24 08:22:53,491 - ERROR - FLUKA run failed: Command '['rfluka', '-M', '5', 'be_target_ep10_step7.inp']' returned non-zero exit status 12.
2026-04-24 08:23:14,577 - INFO - Generated: be_target_ep10_step8.inp | T=10.0, W=15.0×19.0, NPS=1000000, BEAMPOS=-15.0
2026-04-24 08:23:23,076 - ERROR - FLUKA run failed: Command '['rfluka', '-M', '5', 'be_target_ep10_step8.inp']' returned non-zero exit status 12.
2026-04-24 08:24:46,521 - INFO - Generated: be_target_ep10_step9.inp | T=10.0, W=15.0×19.0, NPS=1000000, BEAMPOS=-20.0
2026-04-24 08:24:48,043 - ERROR - FLUKA run failed: Command '['rfluka', '-M', '5', 'be_target_ep10_step9.inp']' returned non-zero exit status 12.
2026-04-24 08:25:14,398 - INFO - Generated: be_target_ep10_step10.inp | T=10.0, W=15.0×19.0, NPS=1000000, BEAMPOS=-25.0
2026-04-24 08:25:14,951 - ERROR - FLUKA run failed: Command '['rfluka', '-M', '5', 'be_target_ep10_step10.inp']' returned non-zero exit status 12.
