 # Detector n:            1   piFluenUD (integrated over solid angle)
 # N. of energy intervals          50
  1.000E-09  1.637E-09  0.000E+00  0.000E+00
  1.637E-09  2.679E-09  0.000E+00  0.000E+00
  2.679E-09  4.385E-09  0.000E+00  0.000E+00
  4.385E-09  7.177E-09  0.000E+00  0.000E+00
  7.177E-09  1.175E-08  0.000E+00  0.000E+00
  1.175E-08  1.923E-08  0.000E+00  0.000E+00
  1.923E-08  3.147E-08  0.000E+00  0.000E+00
  3.147E-08  5.150E-08  0.000E+00  0.000E+00
  5.150E-08  8.430E-08  0.000E+00  0.000E+00
  8.430E-08  1.380E-07  0.000E+00  0.000E+00
  1.380E-07  2.258E-07  0.000E+00  0.000E+00
  2.258E-07  3.696E-07  0.000E+00  0.000E+00
  3.696E-07  6.050E-07  0.000E+00  0.000E+00
  6.050E-07  9.902E-07  0.000E+00  0.000E+00
  9.902E-07  1.621E-06  0.000E+00  0.000E+00
  1.621E-06  2.653E-06  0.000E+00  0.000E+00
  2.653E-06  4.342E-06  0.000E+00  0.000E+00
  4.342E-06  7.106E-06  0.000E+00  0.000E+00
  7.106E-06  1.163E-05  2.091E-04  7.035E+01
  1.163E-05  1.904E-05  1.598E-04  9.900E+01
  1.904E-05  3.116E-05  3.843E-04  3.778E+01
  3.116E-05  5.100E-05  1.331E-04  6.645E+01
  5.100E-05  8.347E-05  1.747E-04  3.085E+01
  8.347E-05  1.366E-04  1.194E-04  3.884E+01
  1.366E-04  2.236E-04  6.607E-05  2.980E+01
  2.236E-04  3.660E-04  1.465E-04  3.402E+01
  3.660E-04  5.990E-04  1.549E-04  2.345E+01
  5.990E-04  9.804E-04  1.878E-04  2.927E+01
  9.804E-04  1.605E-03  1.533E-04  2.471E+01
  1.605E-03  2.627E-03  1.337E-04  1.387E+01
  2.627E-03  4.299E-03  1.221E-04  1.936E+01
  4.299E-03  7.036E-03  1.405E-04  1.649E+01
  7.036E-03  1.152E-02  1.955E-04  1.626E+01
  1.152E-02  1.885E-02  4.042E-04  1.596E+01
  1.885E-02  3.085E-02  5.350E-04  1.401E+01
  3.085E-02  5.050E-02  7.355E-04  1.346E+01
  5.050E-02  8.265E-02  8.341E-04  1.270E+01
  8.265E-02  1.353E-01  8.394E-04  1.291E+01
  1.353E-01  2.214E-01  8.240E-04  1.242E+01
  2.214E-01  3.624E-01  7.786E-04  1.285E+01
  3.624E-01  5.931E-01  5.919E-04  1.287E+01
  5.931E-01  9.708E-01  3.692E-04  1.298E+01
  9.708E-01  1.589E+00  2.214E-04  1.302E+01
  1.589E+00  2.601E+00  1.278E-04  1.279E+01
  2.601E+00  4.257E+00  6.781E-05  1.279E+01
  4.257E+00  6.967E+00  3.274E-05  1.258E+01
  6.967E+00  1.140E+01  1.336E-05  1.235E+01
  1.140E+01  1.866E+01  4.068E-06  1.244E+01
  1.866E+01  3.055E+01  7.947E-07  1.206E+01
  3.055E+01  5.000E+01  4.344E-08  1.225E+01


 # double differential distributions
 # number of solid angle intervals          10
 # Block n:            1     0.00000000      :  0.628318548    
  1.000E-09  1.637E-09  0.000E+00  0.000E+00  0.000E+00  6.283E-01
  1.637E-09  2.679E-09  0.000E+00  0.000E+00  0.000E+00  6.283E-01
  2.679E-09  4.385E-09  0.000E+00  0.000E+00  0.000E+00  6.283E-01
  4.385E-09  7.177E-09  0.000E+00  0.000E+00  0.000E+00  6.283E-01
  7.177E-09  1.175E-08  0.000E+00  0.000E+00  0.000E+00  6.283E-01
  1.175E-08  1.923E-08  0.000E+00  0.000E+00  0.000E+00  6.283E-01
  1.923E-08  3.147E-08  0.000E+00  0.000E+00  0.000E+00  6.283E-01
  3.147E-08  5.150E-08  0.000E+00  0.000E+00  0.000E+00  6.283E-01
  5.150E-08  8.430E-08  0.000E+00  0.000E+00  0.000E+00  6.283E-01
  8.430E-08  1.380E-07  0.000E+00  0.000E+00  0.000E+00  6.283E-01
  1.380E-07  2.258E-07  0.000E+00  0.000E+00  0.000E+00  6.283E-01
  2.258E-07  3.696E-07  0.000E+00  0.000E+00  0.000E+00  6.283E-01
  3.696E-07  6.050E-07  0.000E+00  0.000E+00  0.000E+00  6.283E-01
  6.050E-07  9.902E-07  0.000E+00  0.000E+00  0.000E+00  6.283E-01
  9.902E-07  1.621E-06  0.000E+00  0.000E+00  0.000E+00  6.283E-01
  1.621E-06  2.653E-06  0.000E+00  0.000E+00  0.000E+00  6.283E-01
  2.653E-06  4.342E-06  0.000E+00  0.000E+00  0.000E+00  6.283E-01
  4.342E-06  7.106E-06  0.000E+00  0.000E+00  0.000E+00  6.283E-01
  7.106E-06  1.163E-05  0.000E+00  0.000E+00  0.000E+00  6.283E-01
  1.163E-05  1.904E-05  0.000E+00  0.000E+00  0.000E+00  6.283E-01
  1.904E-05  3.116E-05  6.009E-05  7.035E+01  0.000E+00  6.283E-01
  3.116E-05  5.100E-05  0.000E+00  0.000E+00  0.000E+00  6.283E-01
  5.100E-05  8.347E-05  2.324E-05  7.035E+01  0.000E+00  6.283E-01
  8.347E-05  1.366E-04  2.761E-05  5.245E+01  0.000E+00  6.283E-01
  1.366E-04  2.236E-04  1.656E-05  5.317E+01  0.000E+00  6.283E-01
  2.236E-04  3.660E-04  2.018E-05  5.291E+01  0.000E+00  6.283E-01
  3.660E-04  5.990E-04  5.915E-06  5.903E+01  0.000E+00  6.283E-01
  5.990E-04  9.804E-04  1.139E-05  3.680E+01  0.000E+00  6.283E-01
  9.804E-04  1.605E-03  1.275E-05  3.618E+01  0.000E+00  6.283E-01
  1.605E-03  2.627E-03  1.689E-05  2.100E+01  0.000E+00  6.283E-01
  2.627E-03  4.299E-03  1.252E-05  2.894E+01  0.000E+00  6.283E-01
  4.299E-03  7.036E-03  1.611E-05  1.993E+01  0.000E+00  6.283E-01
  7.036E-03  1.152E-02  2.540E-05  1.500E+01  0.000E+00  6.283E-01
  1.152E-02  1.885E-02  4.888E-05  1.809E+01  0.000E+00  6.283E-01
  1.885E-02  3.085E-02  6.904E-05  1.545E+01  0.000E+00  6.283E-01
  3.085E-02  5.050E-02  9.993E-05  1.454E+01  0.000E+00  6.283E-01
  5.050E-02  8.265E-02  1.236E-04  1.434E+01  0.000E+00  6.283E-01
  8.265E-02  1.353E-01  1.597E-04  1.366E+01  0.000E+00  6.283E-01
  1.353E-01  2.214E-01  2.196E-04  1.341E+01  0.000E+00  6.283E-01
  2.214E-01  3.624E-01  3.098E-04  1.332E+01  0.000E+00  6.283E-01
  3.624E-01  5.931E-01  3.868E-04  1.325E+01  0.000E+00  6.283E-01
  5.931E-01  9.708E-01  3.827E-04  1.308E+01  0.000E+00  6.283E-01
  9.708E-01  1.589E+00  3.073E-04  1.304E+01  0.000E+00  6.283E-01
  1.589E+00  2.601E+00  1.987E-04  1.279E+01  0.000E+00  6.283E-01
  2.601E+00  4.257E+00  1.078E-04  1.279E+01  0.000E+00  6.283E-01
  4.257E+00  6.967E+00  5.210E-05  1.258E+01  0.000E+00  6.283E-01
  6.967E+00  1.140E+01  2.127E-05  1.235E+01  0.000E+00  6.283E-01
  1.140E+01  1.866E+01  6.475E-06  1.244E+01  0.000E+00  6.283E-01
  1.866E+01  3.055E+01  1.265E-06  1.206E+01  0.000E+00  6.283E-01
  3.055E+01  5.000E+01  6.914E-08  1.225E+01  0.000E+00  6.283E-01
  5.000E+01  5.000E+01  0.000E+00  0.000E+00  0.000E+00  6.283E-01

 # Block n:            2    0.628318548      :   1.25663710    
  1.000E-09  1.637E-09  0.000E+00  0.000E+00  6.283E-01  1.257E+00
  1.637E-09  2.679E-09  0.000E+00  0.000E+00  6.283E-01  1.257E+00
  2.679E-09  4.385E-09  0.000E+00  0.000E+00  6.283E-01  1.257E+00
  4.385E-09  7.177E-09  0.000E+00  0.000E+00  6.283E-01  1.257E+00
  7.177E-09  1.175E-08  0.000E+00  0.000E+00  6.283E-01  1.257E+00
  1.175E-08  1.923E-08  0.000E+00  0.000E+00  6.283E-01  1.257E+00
  1.923E-08  3.147E-08  0.000E+00  0.000E+00  6.283E-01  1.257E+00
  3.147E-08  5.150E-08  0.000E+00  0.000E+00  6.283E-01  1.257E+00
  5.150E-08  8.430E-08  0.000E+00  0.000E+00  6.283E-01  1.257E+00
  8.430E-08  1.380E-07  0.000E+00  0.000E+00  6.283E-01  1.257E+00
  1.380E-07  2.258E-07  0.000E+00  0.000E+00  6.283E-01  1.257E+00
  2.258E-07  3.696E-07  0.000E+00  0.000E+00  6.283E-01  1.257E+00
  3.696E-07  6.050E-07  0.000E+00  0.000E+00  6.283E-01  1.257E+00
  6.050E-07  9.902E-07  0.000E+00  0.000E+00  6.283E-01  1.257E+00
  9.902E-07  1.621E-06  0.000E+00  0.000E+00  6.283E-01  1.257E+00
  1.621E-06  2.653E-06  0.000E+00  0.000E+00  6.283E-01  1.257E+00
  2.653E-06  4.342E-06  0.000E+00  0.000E+00  6.283E-01  1.257E+00
  4.342E-06  7.106E-06  0.000E+00  0.000E+00  6.283E-01  1.257E+00
  7.106E-06  1.163E-05  0.000E+00  0.000E+00  6.283E-01  1.257E+00
  1.163E-05  1.904E-05  0.000E+00  0.000E+00  6.283E-01  1.257E+00
  1.904E-05  3.116E-05  0.000E+00  0.000E+00  6.283E-01  1.257E+00
  3.116E-05  5.100E-05  0.000E+00  0.000E+00  6.283E-01  1.257E+00
  5.100E-05  8.347E-05  0.000E+00  0.000E+00  6.283E-01  1.257E+00
  8.347E-05  1.366E-04  1.483E-05  8.876E+01  6.283E-01  1.257E+00
  1.366E-04  2.236E-04  3.723E-05  4.729E+01  6.283E-01  1.257E+00
  2.236E-04  3.660E-04  5.456E-06  8.876E+01  6.283E-01  1.257E+00
  3.660E-04  5.990E-04  2.065E-05  4.136E+01  6.283E-01  1.257E+00
  5.990E-04  9.804E-04  1.897E-05  2.909E+01  6.283E-01  1.257E+00
  9.804E-04  1.605E-03  2.201E-05  2.897E+01  6.283E-01  1.257E+00
  1.605E-03  2.627E-03  2.058E-05  2.797E+01  6.283E-01  1.257E+00
  2.627E-03  4.299E-03  1.832E-05  2.294E+01  6.283E-01  1.257E+00
  4.299E-03  7.036E-03  1.978E-05  2.537E+01  6.283E-01  1.257E+00
  7.036E-03  1.152E-02  2.739E-05  1.913E+01  6.283E-01  1.257E+00
  1.152E-02  1.885E-02  5.030E-05  1.372E+01  6.283E-01  1.257E+00
  1.885E-02  3.085E-02  7.382E-05  1.524E+01  6.283E-01  1.257E+00
  3.085E-02  5.050E-02  1.001E-04  1.496E+01  6.283E-01  1.257E+00
  5.050E-02  8.265E-02  1.282E-04  1.414E+01  6.283E-01  1.257E+00
  8.265E-02  1.353E-01  1.528E-04  1.366E+01  6.283E-01  1.257E+00
  1.353E-01  2.214E-01  1.927E-04  1.300E+01  6.283E-01  1.257E+00
  2.214E-01  3.624E-01  2.355E-04  1.333E+01  6.283E-01  1.257E+00
  3.624E-01  5.931E-01  2.058E-04  1.312E+01  6.283E-01  1.257E+00
  5.931E-01  9.708E-01  1.128E-04  1.317E+01  6.283E-01  1.257E+00
  9.708E-01  1.589E+00  3.375E-05  1.291E+01  6.283E-01  1.257E+00
  1.589E+00  2.601E+00  4.258E-06  1.286E+01  6.283E-01  1.257E+00
  2.601E+00  4.257E+00  1.527E-07  1.433E+01  6.283E-01  1.257E+00
  4.257E+00  6.967E+00  2.817E-10  8.876E+01  6.283E-01  1.257E+00
  6.967E+00  1.140E+01  0.000E+00  0.000E+00  6.283E-01  1.257E+00
  1.140E+01  1.866E+01  0.000E+00  0.000E+00  6.283E-01  1.257E+00
  1.866E+01  3.055E+01  0.000E+00  0.000E+00  6.283E-01  1.257E+00
  3.055E+01  5.000E+01  0.000E+00  0.000E+00  6.283E-01  1.257E+00
  5.000E+01  5.000E+01  0.000E+00  0.000E+00  6.283E-01  1.257E+00

 # Block n:            3     1.25663710      :   1.88495564    
  1.000E-09  1.637E-09  0.000E+00  0.000E+00  1.257E+00  1.885E+00
  1.637E-09  2.679E-09  0.000E+00  0.000E+00  1.257E+00  1.885E+00
  2.679E-09  4.385E-09  0.000E+00  0.000E+00  1.257E+00  1.885E+00
  4.385E-09  7.177E-09  0.000E+00  0.000E+00  1.257E+00  1.885E+00
  7.177E-09  1.175E-08  0.000E+00  0.000E+00  1.257E+00  1.885E+00
  1.175E-08  1.923E-08  0.000E+00  0.000E+00  1.257E+00  1.885E+00
  1.923E-08  3.147E-08  0.000E+00  0.000E+00  1.257E+00  1.885E+00
  3.147E-08  5.150E-08  0.000E+00  0.000E+00  1.257E+00  1.885E+00
  5.150E-08  8.430E-08  0.000E+00  0.000E+00  1.257E+00  1.885E+00
  8.430E-08  1.380E-07  0.000E+00  0.000E+00  1.257E+00  1.885E+00
  1.380E-07  2.258E-07  0.000E+00  0.000E+00  1.257E+00  1.885E+00
  2.258E-07  3.696E-07  0.000E+00  0.000E+00  1.257E+00  1.885E+00
  3.696E-07  6.050E-07  0.000E+00  0.000E+00  1.257E+00  1.885E+00
  6.050E-07  9.902E-07  0.000E+00  0.000E+00  1.257E+00  1.885E+00
  9.902E-07  1.621E-06  0.000E+00  0.000E+00  1.257E+00  1.885E+00
  1.621E-06  2.653E-06  0.000E+00  0.000E+00  1.257E+00  1.885E+00
  2.653E-06  4.342E-06  0.000E+00  0.000E+00  1.257E+00  1.885E+00
  4.342E-06  7.106E-06  0.000E+00  0.000E+00  1.257E+00  1.885E+00
  7.106E-06  1.163E-05  0.000E+00  0.000E+00  1.257E+00  1.885E+00
  1.163E-05  1.904E-05  0.000E+00  0.000E+00  1.257E+00  1.885E+00
  1.904E-05  3.116E-05  0.000E+00  0.000E+00  1.257E+00  1.885E+00
  3.116E-05  5.100E-05  0.000E+00  0.000E+00  1.257E+00  1.885E+00
  5.100E-05  8.347E-05  0.000E+00  0.000E+00  1.257E+00  1.885E+00
  8.347E-05  1.366E-04  0.000E+00  0.000E+00  1.257E+00  1.885E+00
  1.366E-04  2.236E-04  0.000E+00  0.000E+00  1.257E+00  1.885E+00
  2.236E-04  3.660E-04  6.846E-06  7.035E+01  1.257E+00  1.885E+00
  3.660E-04  5.990E-04  2.716E-05  3.541E+01  1.257E+00  1.885E+00
  5.990E-04  9.804E-04  2.846E-05  3.295E+01  1.257E+00  1.885E+00
  9.804E-04  1.605E-03  1.741E-05  2.872E+01  1.257E+00  1.885E+00
  1.605E-03  2.627E-03  2.060E-05  1.743E+01  1.257E+00  1.885E+00
  2.627E-03  4.299E-03  1.751E-05  2.403E+01  1.257E+00  1.885E+00
  4.299E-03  7.036E-03  1.835E-05  2.707E+01  1.257E+00  1.885E+00
  7.036E-03  1.152E-02  3.146E-05  1.758E+01  1.257E+00  1.885E+00
  1.152E-02  1.885E-02  5.580E-05  1.691E+01  1.257E+00  1.885E+00
  1.885E-02  3.085E-02  7.694E-05  1.484E+01  1.257E+00  1.885E+00
  3.085E-02  5.050E-02  1.083E-04  1.419E+01  1.257E+00  1.885E+00
  5.050E-02  8.265E-02  1.306E-04  1.275E+01  1.257E+00  1.885E+00
  8.265E-02  1.353E-01  1.467E-04  1.312E+01  1.257E+00  1.885E+00
  1.353E-01  2.214E-01  1.701E-04  1.293E+01  1.257E+00  1.885E+00
  2.214E-01  3.624E-01  1.719E-04  1.311E+01  1.257E+00  1.885E+00
  3.624E-01  5.931E-01  1.175E-04  1.269E+01  1.257E+00  1.885E+00
  5.931E-01  9.708E-01  4.468E-05  1.306E+01  1.257E+00  1.885E+00
  9.708E-01  1.589E+00  7.812E-06  1.357E+01  1.257E+00  1.885E+00
  1.589E+00  2.601E+00  4.208E-07  1.366E+01  1.257E+00  1.885E+00
  2.601E+00  4.257E+00  3.167E-09  4.014E+01  1.257E+00  1.885E+00
  4.257E+00  6.967E+00  0.000E+00  0.000E+00  1.257E+00  1.885E+00
  6.967E+00  1.140E+01  0.000E+00  0.000E+00  1.257E+00  1.885E+00
  1.140E+01  1.866E+01  0.000E+00  0.000E+00  1.257E+00  1.885E+00
  1.866E+01  3.055E+01  0.000E+00  0.000E+00  1.257E+00  1.885E+00
  3.055E+01  5.000E+01  0.000E+00  0.000E+00  1.257E+00  1.885E+00
  5.000E+01  5.000E+01  0.000E+00  0.000E+00  1.257E+00  1.885E+00

 # Block n:            4     1.88495564      :   2.51327419    
  1.000E-09  1.637E-09  0.000E+00  0.000E+00  1.885E+00  2.513E+00
  1.637E-09  2.679E-09  0.000E+00  0.000E+00  1.885E+00  2.513E+00
  2.679E-09  4.385E-09  0.000E+00  0.000E+00  1.885E+00  2.513E+00
  4.385E-09  7.177E-09  0.000E+00  0.000E+00  1.885E+00  2.513E+00
  7.177E-09  1.175E-08  0.000E+00  0.000E+00  1.885E+00  2.513E+00
  1.175E-08  1.923E-08  0.000E+00  0.000E+00  1.885E+00  2.513E+00
  1.923E-08  3.147E-08  0.000E+00  0.000E+00  1.885E+00  2.513E+00
  3.147E-08  5.150E-08  0.000E+00  0.000E+00  1.885E+00  2.513E+00
  5.150E-08  8.430E-08  0.000E+00  0.000E+00  1.885E+00  2.513E+00
  8.430E-08  1.380E-07  0.000E+00  0.000E+00  1.885E+00  2.513E+00
  1.380E-07  2.258E-07  0.000E+00  0.000E+00  1.885E+00  2.513E+00
  2.258E-07  3.696E-07  0.000E+00  0.000E+00  1.885E+00  2.513E+00
  3.696E-07  6.050E-07  0.000E+00  0.000E+00  1.885E+00  2.513E+00
  6.050E-07  9.902E-07  0.000E+00  0.000E+00  1.885E+00  2.513E+00
  9.902E-07  1.621E-06  0.000E+00  0.000E+00  1.885E+00  2.513E+00
  1.621E-06  2.653E-06  0.000E+00  0.000E+00  1.885E+00  2.513E+00
  2.653E-06  4.342E-06  0.000E+00  0.000E+00  1.885E+00  2.513E+00
  4.342E-06  7.106E-06  0.000E+00  0.000E+00  1.885E+00  2.513E+00
  7.106E-06  1.163E-05  0.000E+00  0.000E+00  1.885E+00  2.513E+00
  1.163E-05  1.904E-05  0.000E+00  0.000E+00  1.885E+00  2.513E+00
  1.904E-05  3.116E-05  8.261E-05  9.900E+01  1.885E+00  2.513E+00
  3.116E-05  5.100E-05  0.000E+00  0.000E+00  1.885E+00  2.513E+00
  5.100E-05  8.347E-05  6.498E-05  4.505E+01  1.885E+00  2.513E+00
  8.347E-05  1.366E-04  3.992E-05  7.035E+01  1.885E+00  2.513E+00
  1.366E-04  2.236E-04  0.000E+00  0.000E+00  1.885E+00  2.513E+00
  2.236E-04  3.660E-04  3.757E-05  3.147E+01  1.885E+00  2.513E+00
  3.660E-04  5.990E-04  1.807E-05  3.848E+01  1.885E+00  2.513E+00
  5.990E-04  9.804E-04  3.190E-05  2.068E+01  1.885E+00  2.513E+00
  9.804E-04  1.605E-03  2.226E-05  4.013E+01  1.885E+00  2.513E+00
  1.605E-03  2.627E-03  2.055E-05  2.945E+01  1.885E+00  2.513E+00
  2.627E-03  4.299E-03  2.349E-05  1.986E+01  1.885E+00  2.513E+00
  4.299E-03  7.036E-03  2.649E-05  1.310E+01  1.885E+00  2.513E+00
  7.036E-03  1.152E-02  3.102E-05  1.609E+01  1.885E+00  2.513E+00
  1.152E-02  1.885E-02  6.197E-05  1.622E+01  1.885E+00  2.513E+00
  1.885E-02  3.085E-02  8.421E-05  1.537E+01  1.885E+00  2.513E+00
  3.085E-02  5.050E-02  1.153E-04  1.434E+01  1.885E+00  2.513E+00
  5.050E-02  8.265E-02  1.314E-04  1.302E+01  1.885E+00  2.513E+00
  8.265E-02  1.353E-01  1.445E-04  1.297E+01  1.885E+00  2.513E+00
  1.353E-01  2.214E-01  1.497E-04  1.249E+01  1.885E+00  2.513E+00
  2.214E-01  3.624E-01  1.315E-04  1.284E+01  1.885E+00  2.513E+00
  3.624E-01  5.931E-01  7.500E-05  1.275E+01  1.885E+00  2.513E+00
  5.931E-01  9.708E-01  2.183E-05  1.270E+01  1.885E+00  2.513E+00
  9.708E-01  1.589E+00  2.304E-06  1.417E+01  1.885E+00  2.513E+00
  1.589E+00  2.601E+00  4.859E-08  1.540E+01  1.885E+00  2.513E+00
  2.601E+00  4.257E+00  0.000E+00  0.000E+00  1.885E+00  2.513E+00
  4.257E+00  6.967E+00  0.000E+00  0.000E+00  1.885E+00  2.513E+00
  6.967E+00  1.140E+01  0.000E+00  0.000E+00  1.885E+00  2.513E+00
  1.140E+01  1.866E+01  0.000E+00  0.000E+00  1.885E+00  2.513E+00
  1.866E+01  3.055E+01  0.000E+00  0.000E+00  1.885E+00  2.513E+00
  3.055E+01  5.000E+01  0.000E+00  0.000E+00  1.885E+00  2.513E+00
  5.000E+01  5.000E+01  0.000E+00  0.000E+00  1.885E+00  2.513E+00

 # Block n:            5     2.51327419      :   3.14159274    
  1.000E-09  1.637E-09  0.000E+00  0.000E+00  2.513E+00  3.142E+00
  1.637E-09  2.679E-09  0.000E+00  0.000E+00  2.513E+00  3.142E+00
  2.679E-09  4.385E-09  0.000E+00  0.000E+00  2.513E+00  3.142E+00
  4.385E-09  7.177E-09  0.000E+00  0.000E+00  2.513E+00  3.142E+00
  7.177E-09  1.175E-08  0.000E+00  0.000E+00  2.513E+00  3.142E+00
  1.175E-08  1.923E-08  0.000E+00  0.000E+00  2.513E+00  3.142E+00
  1.923E-08  3.147E-08  0.000E+00  0.000E+00  2.513E+00  3.142E+00
  3.147E-08  5.150E-08  0.000E+00  0.000E+00  2.513E+00  3.142E+00
  5.150E-08  8.430E-08  0.000E+00  0.000E+00  2.513E+00  3.142E+00
  8.430E-08  1.380E-07  0.000E+00  0.000E+00  2.513E+00  3.142E+00
  1.380E-07  2.258E-07  0.000E+00  0.000E+00  2.513E+00  3.142E+00
  2.258E-07  3.696E-07  0.000E+00  0.000E+00  2.513E+00  3.142E+00
  3.696E-07  6.050E-07  0.000E+00  0.000E+00  2.513E+00  3.142E+00
  6.050E-07  9.902E-07  0.000E+00  0.000E+00  2.513E+00  3.142E+00
  9.902E-07  1.621E-06  0.000E+00  0.000E+00  2.513E+00  3.142E+00
  1.621E-06  2.653E-06  0.000E+00  0.000E+00  2.513E+00  3.142E+00
  2.653E-06  4.342E-06  0.000E+00  0.000E+00  2.513E+00  3.142E+00
  4.342E-06  7.106E-06  0.000E+00  0.000E+00  2.513E+00  3.142E+00
  7.106E-06  1.163E-05  0.000E+00  0.000E+00  2.513E+00  3.142E+00
  1.163E-05  1.904E-05  0.000E+00  0.000E+00  2.513E+00  3.142E+00
  1.904E-05  3.116E-05  2.070E-04  5.162E+01  2.513E+00  3.142E+00
  3.116E-05  5.100E-05  1.303E-04  5.320E+01  2.513E+00  3.142E+00
  5.100E-05  8.347E-05  3.673E-05  9.900E+01  2.513E+00  3.142E+00
  8.347E-05  1.366E-04  7.166E-05  6.030E+01  2.513E+00  3.142E+00
  1.366E-04  2.236E-04  1.333E-05  7.035E+01  2.513E+00  3.142E+00
  2.236E-04  3.660E-04  9.600E-06  7.035E+01  2.513E+00  3.142E+00
  3.660E-04  5.990E-04  2.668E-05  4.019E+01  2.513E+00  3.142E+00
  5.990E-04  9.804E-04  2.334E-05  4.066E+01  2.513E+00  3.142E+00
  9.804E-04  1.605E-03  3.594E-05  2.769E+01  2.513E+00  3.142E+00
  1.605E-03  2.627E-03  3.893E-05  2.105E+01  2.513E+00  3.142E+00
  2.627E-03  4.299E-03  1.712E-05  2.844E+01  2.513E+00  3.142E+00
  4.299E-03  7.036E-03  2.205E-05  2.337E+01  2.513E+00  3.142E+00
  7.036E-03  1.152E-02  3.511E-05  1.739E+01  2.513E+00  3.142E+00
  1.152E-02  1.885E-02  6.505E-05  1.850E+01  2.513E+00  3.142E+00
  1.885E-02  3.085E-02  8.357E-05  1.459E+01  2.513E+00  3.142E+00
  3.085E-02  5.050E-02  1.270E-04  1.317E+01  2.513E+00  3.142E+00
  5.050E-02  8.265E-02  1.446E-04  1.312E+01  2.513E+00  3.142E+00
  8.265E-02  1.353E-01  1.465E-04  1.266E+01  2.513E+00  3.142E+00
  1.353E-01  2.214E-01  1.371E-04  1.234E+01  2.513E+00  3.142E+00
  2.214E-01  3.624E-01  1.049E-04  1.303E+01  2.513E+00  3.142E+00
  3.624E-01  5.931E-01  5.236E-05  1.313E+01  2.513E+00  3.142E+00
  5.931E-01  9.708E-01  1.195E-05  1.264E+01  2.513E+00  3.142E+00
  9.708E-01  1.589E+00  8.227E-07  1.355E+01  2.513E+00  3.142E+00
  1.589E+00  2.601E+00  8.321E-09  3.371E+01  2.513E+00  3.142E+00
  2.601E+00  4.257E+00  0.000E+00  0.000E+00  2.513E+00  3.142E+00
  4.257E+00  6.967E+00  0.000E+00  0.000E+00  2.513E+00  3.142E+00
  6.967E+00  1.140E+01  0.000E+00  0.000E+00  2.513E+00  3.142E+00
  1.140E+01  1.866E+01  0.000E+00  0.000E+00  2.513E+00  3.142E+00
  1.866E+01  3.055E+01  0.000E+00  0.000E+00  2.513E+00  3.142E+00
  3.055E+01  5.000E+01  0.000E+00  0.000E+00  2.513E+00  3.142E+00
  5.000E+01  5.000E+01  0.000E+00  0.000E+00  2.513E+00  3.142E+00

 # Block n:            6     3.14159274      :   3.76991129    
  1.000E-09  1.637E-09  0.000E+00  0.000E+00  3.142E+00  3.770E+00
  1.637E-09  2.679E-09  0.000E+00  0.000E+00  3.142E+00  3.770E+00
  2.679E-09  4.385E-09  0.000E+00  0.000E+00  3.142E+00  3.770E+00
  4.385E-09  7.177E-09  0.000E+00  0.000E+00  3.142E+00  3.770E+00
  7.177E-09  1.175E-08  0.000E+00  0.000E+00  3.142E+00  3.770E+00
  1.175E-08  1.923E-08  0.000E+00  0.000E+00  3.142E+00  3.770E+00
  1.923E-08  3.147E-08  0.000E+00  0.000E+00  3.142E+00  3.770E+00
  3.147E-08  5.150E-08  0.000E+00  0.000E+00  3.142E+00  3.770E+00
  5.150E-08  8.430E-08  0.000E+00  0.000E+00  3.142E+00  3.770E+00
  8.430E-08  1.380E-07  0.000E+00  0.000E+00  3.142E+00  3.770E+00
  1.380E-07  2.258E-07  0.000E+00  0.000E+00  3.142E+00  3.770E+00
  2.258E-07  3.696E-07  0.000E+00  0.000E+00  3.142E+00  3.770E+00
  3.696E-07  6.050E-07  0.000E+00  0.000E+00  3.142E+00  3.770E+00
  6.050E-07  9.902E-07  0.000E+00  0.000E+00  3.142E+00  3.770E+00
  9.902E-07  1.621E-06  0.000E+00  0.000E+00  3.142E+00  3.770E+00
  1.621E-06  2.653E-06  0.000E+00  0.000E+00  3.142E+00  3.770E+00
  2.653E-06  4.342E-06  0.000E+00  0.000E+00  3.142E+00  3.770E+00
  4.342E-06  7.106E-06  0.000E+00  0.000E+00  3.142E+00  3.770E+00
  7.106E-06  1.163E-05  3.328E-04  7.035E+01  3.142E+00  3.770E+00
  1.163E-05  1.904E-05  0.000E+00  0.000E+00  3.142E+00  3.770E+00
  1.904E-05  3.116E-05  1.190E-04  7.035E+01  3.142E+00  3.770E+00
  3.116E-05  5.100E-05  8.159E-05  9.900E+01  3.142E+00  3.770E+00
  5.100E-05  8.347E-05  8.977E-05  5.904E+01  3.142E+00  3.770E+00
  8.347E-05  1.366E-04  0.000E+00  0.000E+00  3.142E+00  3.770E+00
  1.366E-04  2.236E-04  3.804E-05  5.904E+01  3.142E+00  3.770E+00
  2.236E-04  3.660E-04  0.000E+00  0.000E+00  3.142E+00  3.770E+00
  3.660E-04  5.990E-04  1.938E-05  5.235E+01  3.142E+00  3.770E+00
  5.990E-04  9.804E-04  3.069E-05  4.102E+01  3.142E+00  3.770E+00
  9.804E-04  1.605E-03  1.679E-05  3.870E+01  3.142E+00  3.770E+00
  1.605E-03  2.627E-03  2.693E-05  1.779E+01  3.142E+00  3.770E+00
  2.627E-03  4.299E-03  2.700E-05  2.576E+01  3.142E+00  3.770E+00
  4.299E-03  7.036E-03  2.613E-05  2.144E+01  3.142E+00  3.770E+00
  7.036E-03  1.152E-02  3.410E-05  1.995E+01  3.142E+00  3.770E+00
  1.152E-02  1.885E-02  7.052E-05  1.581E+01  3.142E+00  3.770E+00
  1.885E-02  3.085E-02  9.479E-05  1.503E+01  3.142E+00  3.770E+00
  3.085E-02  5.050E-02  1.283E-04  1.335E+01  3.142E+00  3.770E+00
  5.050E-02  8.265E-02  1.468E-04  1.388E+01  3.142E+00  3.770E+00
  8.265E-02  1.353E-01  1.425E-04  1.395E+01  3.142E+00  3.770E+00
  1.353E-01  2.214E-01  1.209E-04  1.213E+01  3.142E+00  3.770E+00
  2.214E-01  3.624E-01  8.360E-05  1.371E+01  3.142E+00  3.770E+00
  3.624E-01  5.931E-01  3.794E-05  1.369E+01  3.142E+00  3.770E+00
  5.931E-01  9.708E-01  6.741E-06  1.423E+01  3.142E+00  3.770E+00
  9.708E-01  1.589E+00  2.846E-07  1.747E+01  3.142E+00  3.770E+00
  1.589E+00  2.601E+00  0.000E+00  0.000E+00  3.142E+00  3.770E+00
  2.601E+00  4.257E+00  0.000E+00  0.000E+00  3.142E+00  3.770E+00
  4.257E+00  6.967E+00  0.000E+00  0.000E+00  3.142E+00  3.770E+00
  6.967E+00  1.140E+01  0.000E+00  0.000E+00  3.142E+00  3.770E+00
  1.140E+01  1.866E+01  0.000E+00  0.000E+00  3.142E+00  3.770E+00
  1.866E+01  3.055E+01  0.000E+00  0.000E+00  3.142E+00  3.770E+00
  3.055E+01  5.000E+01  0.000E+00  0.000E+00  3.142E+00  3.770E+00
  5.000E+01  5.000E+01  0.000E+00  0.000E+00  3.142E+00  3.770E+00

 # Block n:            7     3.76991129      :   4.39822960    
  1.000E-09  1.637E-09  0.000E+00  0.000E+00  3.770E+00  4.398E+00
  1.637E-09  2.679E-09  0.000E+00  0.000E+00  3.770E+00  4.398E+00
  2.679E-09  4.385E-09  0.000E+00  0.000E+00  3.770E+00  4.398E+00
  4.385E-09  7.177E-09  0.000E+00  0.000E+00  3.770E+00  4.398E+00
  7.177E-09  1.175E-08  0.000E+00  0.000E+00  3.770E+00  4.398E+00
  1.175E-08  1.923E-08  0.000E+00  0.000E+00  3.770E+00  4.398E+00
  1.923E-08  3.147E-08  0.000E+00  0.000E+00  3.770E+00  4.398E+00
  3.147E-08  5.150E-08  0.000E+00  0.000E+00  3.770E+00  4.398E+00
  5.150E-08  8.430E-08  0.000E+00  0.000E+00  3.770E+00  4.398E+00
  8.430E-08  1.380E-07  0.000E+00  0.000E+00  3.770E+00  4.398E+00
  1.380E-07  2.258E-07  0.000E+00  0.000E+00  3.770E+00  4.398E+00
  2.258E-07  3.696E-07  0.000E+00  0.000E+00  3.770E+00  4.398E+00
  3.696E-07  6.050E-07  0.000E+00  0.000E+00  3.770E+00  4.398E+00
  6.050E-07  9.902E-07  0.000E+00  0.000E+00  3.770E+00  4.398E+00
  9.902E-07  1.621E-06  0.000E+00  0.000E+00  3.770E+00  4.398E+00
  1.621E-06  2.653E-06  0.000E+00  0.000E+00  3.770E+00  4.398E+00
  2.653E-06  4.342E-06  0.000E+00  0.000E+00  3.770E+00  4.398E+00
  4.342E-06  7.106E-06  0.000E+00  0.000E+00  3.770E+00  4.398E+00
  7.106E-06  1.163E-05  0.000E+00  0.000E+00  3.770E+00  4.398E+00
  1.163E-05  1.904E-05  2.544E-04  9.900E+01  3.770E+00  4.398E+00
  1.904E-05  3.116E-05  1.429E-04  7.035E+01  3.770E+00  4.398E+00
  3.116E-05  5.100E-05  0.000E+00  0.000E+00  3.770E+00  4.398E+00
  5.100E-05  8.347E-05  6.339E-05  7.035E+01  3.770E+00  4.398E+00
  8.347E-05  1.366E-04  3.598E-05  7.035E+01  3.770E+00  4.398E+00
  1.366E-04  2.236E-04  0.000E+00  0.000E+00  3.770E+00  4.398E+00
  2.236E-04  3.660E-04  4.517E-05  4.125E+01  3.770E+00  4.398E+00
  3.660E-04  5.990E-04  1.545E-05  8.699E+01  3.770E+00  4.398E+00
  5.990E-04  9.804E-04  2.578E-05  5.259E+01  3.770E+00  4.398E+00
  9.804E-04  1.605E-03  5.995E-06  8.050E+01  3.770E+00  4.398E+00
  1.605E-03  2.627E-03  2.781E-05  2.621E+01  3.770E+00  4.398E+00
  2.627E-03  4.299E-03  2.074E-05  2.419E+01  3.770E+00  4.398E+00
  4.299E-03  7.036E-03  2.964E-05  1.669E+01  3.770E+00  4.398E+00
  7.036E-03  1.152E-02  3.506E-05  1.621E+01  3.770E+00  4.398E+00
  1.152E-02  1.885E-02  7.787E-05  1.570E+01  3.770E+00  4.398E+00
  1.885E-02  3.085E-02  1.017E-04  1.425E+01  3.770E+00  4.398E+00
  3.085E-02  5.050E-02  1.327E-04  1.294E+01  3.770E+00  4.398E+00
  5.050E-02  8.265E-02  1.393E-04  1.244E+01  3.770E+00  4.398E+00
  8.265E-02  1.353E-01  1.288E-04  1.244E+01  3.770E+00  4.398E+00
  1.353E-01  2.214E-01  1.010E-04  1.216E+01  3.770E+00  4.398E+00
  2.214E-01  3.624E-01  6.691E-05  1.322E+01  3.770E+00  4.398E+00
  3.624E-01  5.931E-01  2.607E-05  1.370E+01  3.770E+00  4.398E+00
  5.931E-01  9.708E-01  3.657E-06  1.427E+01  3.770E+00  4.398E+00
  9.708E-01  1.589E+00  9.148E-08  1.676E+01  3.770E+00  4.398E+00
  1.589E+00  2.601E+00  0.000E+00  0.000E+00  3.770E+00  4.398E+00
  2.601E+00  4.257E+00  0.000E+00  0.000E+00  3.770E+00  4.398E+00
  4.257E+00  6.967E+00  0.000E+00  0.000E+00  3.770E+00  4.398E+00
  6.967E+00  1.140E+01  0.000E+00  0.000E+00  3.770E+00  4.398E+00
  1.140E+01  1.866E+01  0.000E+00  0.000E+00  3.770E+00  4.398E+00
  1.866E+01  3.055E+01  0.000E+00  0.000E+00  3.770E+00  4.398E+00
  3.055E+01  5.000E+01  0.000E+00  0.000E+00  3.770E+00  4.398E+00
  5.000E+01  5.000E+01  0.000E+00  0.000E+00  3.770E+00  4.398E+00

 # Block n:            8     4.39822960      :   5.02654839    
  1.000E-09  1.637E-09  0.000E+00  0.000E+00  4.398E+00  5.027E+00
  1.637E-09  2.679E-09  0.000E+00  0.000E+00  4.398E+00  5.027E+00
  2.679E-09  4.385E-09  0.000E+00  0.000E+00  4.398E+00  5.027E+00
  4.385E-09  7.177E-09  0.000E+00  0.000E+00  4.398E+00  5.027E+00
  7.177E-09  1.175E-08  0.000E+00  0.000E+00  4.398E+00  5.027E+00
  1.175E-08  1.923E-08  0.000E+00  0.000E+00  4.398E+00  5.027E+00
  1.923E-08  3.147E-08  0.000E+00  0.000E+00  4.398E+00  5.027E+00
  3.147E-08  5.150E-08  0.000E+00  0.000E+00  4.398E+00  5.027E+00
  5.150E-08  8.430E-08  0.000E+00  0.000E+00  4.398E+00  5.027E+00
  8.430E-08  1.380E-07  0.000E+00  0.000E+00  4.398E+00  5.027E+00
  1.380E-07  2.258E-07  0.000E+00  0.000E+00  4.398E+00  5.027E+00
  2.258E-07  3.696E-07  0.000E+00  0.000E+00  4.398E+00  5.027E+00
  3.696E-07  6.050E-07  0.000E+00  0.000E+00  4.398E+00  5.027E+00
  6.050E-07  9.902E-07  0.000E+00  0.000E+00  4.398E+00  5.027E+00
  9.902E-07  1.621E-06  0.000E+00  0.000E+00  4.398E+00  5.027E+00
  1.621E-06  2.653E-06  0.000E+00  0.000E+00  4.398E+00  5.027E+00
  2.653E-06  4.342E-06  0.000E+00  0.000E+00  4.398E+00  5.027E+00
  4.342E-06  7.106E-06  0.000E+00  0.000E+00  4.398E+00  5.027E+00
  7.106E-06  1.163E-05  0.000E+00  0.000E+00  4.398E+00  5.027E+00
  1.163E-05  1.904E-05  0.000E+00  0.000E+00  4.398E+00  5.027E+00
  1.904E-05  3.116E-05  0.000E+00  0.000E+00  4.398E+00  5.027E+00
  3.116E-05  5.100E-05  0.000E+00  0.000E+00  4.398E+00  5.027E+00
  5.100E-05  8.347E-05  0.000E+00  0.000E+00  4.398E+00  5.027E+00
  8.347E-05  1.366E-04  0.000E+00  0.000E+00  4.398E+00  5.027E+00
  1.366E-04  2.236E-04  0.000E+00  0.000E+00  4.398E+00  5.027E+00
  2.236E-04  3.660E-04  0.000E+00  0.000E+00  4.398E+00  5.027E+00
  3.660E-04  5.990E-04  1.327E-05  8.876E+01  4.398E+00  5.027E+00
  5.990E-04  9.804E-04  2.889E-05  5.000E+01  4.398E+00  5.027E+00
  9.804E-04  1.605E-03  3.174E-05  6.383E+01  4.398E+00  5.027E+00
  1.605E-03  2.627E-03  2.708E-05  2.870E+01  4.398E+00  5.027E+00
  2.627E-03  4.299E-03  2.328E-05  2.303E+01  4.398E+00  5.027E+00
  4.299E-03  7.036E-03  3.627E-05  1.673E+01  4.398E+00  5.027E+00
  7.036E-03  1.152E-02  4.237E-05  1.473E+01  4.398E+00  5.027E+00
  1.152E-02  1.885E-02  6.902E-05  1.599E+01  4.398E+00  5.027E+00
  1.885E-02  3.085E-02  9.267E-05  1.193E+01  4.398E+00  5.027E+00
  3.085E-02  5.050E-02  1.297E-04  1.340E+01  4.398E+00  5.027E+00
  5.050E-02  8.265E-02  1.301E-04  1.075E+01  4.398E+00  5.027E+00
  8.265E-02  1.353E-01  1.170E-04  1.229E+01  4.398E+00  5.027E+00
  1.353E-01  2.214E-01  8.737E-05  1.301E+01  4.398E+00  5.027E+00
  2.214E-01  3.624E-01  5.364E-05  1.288E+01  4.398E+00  5.027E+00
  3.624E-01  5.931E-01  1.982E-05  1.465E+01  4.398E+00  5.027E+00
  5.931E-01  9.708E-01  1.705E-06  1.703E+01  4.398E+00  5.027E+00
  9.708E-01  1.589E+00  2.932E-08  3.743E+01  4.398E+00  5.027E+00
  1.589E+00  2.601E+00  0.000E+00  0.000E+00  4.398E+00  5.027E+00
  2.601E+00  4.257E+00  0.000E+00  0.000E+00  4.398E+00  5.027E+00
  4.257E+00  6.967E+00  0.000E+00  0.000E+00  4.398E+00  5.027E+00
  6.967E+00  1.140E+01  0.000E+00  0.000E+00  4.398E+00  5.027E+00
  1.140E+01  1.866E+01  0.000E+00  0.000E+00  4.398E+00  5.027E+00
  1.866E+01  3.055E+01  0.000E+00  0.000E+00  4.398E+00  5.027E+00
  3.055E+01  5.000E+01  0.000E+00  0.000E+00  4.398E+00  5.027E+00
  5.000E+01  5.000E+01  0.000E+00  0.000E+00  4.398E+00  5.027E+00

 # Block n:            9     5.02654839      :   5.65486717    
  1.000E-09  1.637E-09  0.000E+00  0.000E+00  5.027E+00  5.655E+00
  1.637E-09  2.679E-09  0.000E+00  0.000E+00  5.027E+00  5.655E+00
  2.679E-09  4.385E-09  0.000E+00  0.000E+00  5.027E+00  5.655E+00
  4.385E-09  7.177E-09  0.000E+00  0.000E+00  5.027E+00  5.655E+00
  7.177E-09  1.175E-08  0.000E+00  0.000E+00  5.027E+00  5.655E+00
  1.175E-08  1.923E-08  0.000E+00  0.000E+00  5.027E+00  5.655E+00
  1.923E-08  3.147E-08  0.000E+00  0.000E+00  5.027E+00  5.655E+00
  3.147E-08  5.150E-08  0.000E+00  0.000E+00  5.027E+00  5.655E+00
  5.150E-08  8.430E-08  0.000E+00  0.000E+00  5.027E+00  5.655E+00
  8.430E-08  1.380E-07  0.000E+00  0.000E+00  5.027E+00  5.655E+00
  1.380E-07  2.258E-07  0.000E+00  0.000E+00  5.027E+00  5.655E+00
  2.258E-07  3.696E-07  0.000E+00  0.000E+00  5.027E+00  5.655E+00
  3.696E-07  6.050E-07  0.000E+00  0.000E+00  5.027E+00  5.655E+00
  6.050E-07  9.902E-07  0.000E+00  0.000E+00  5.027E+00  5.655E+00
  9.902E-07  1.621E-06  0.000E+00  0.000E+00  5.027E+00  5.655E+00
  1.621E-06  2.653E-06  0.000E+00  0.000E+00  5.027E+00  5.655E+00
  2.653E-06  4.342E-06  0.000E+00  0.000E+00  5.027E+00  5.655E+00
  4.342E-06  7.106E-06  0.000E+00  0.000E+00  5.027E+00  5.655E+00
  7.106E-06  1.163E-05  0.000E+00  0.000E+00  5.027E+00  5.655E+00
  1.163E-05  1.904E-05  0.000E+00  0.000E+00  5.027E+00  5.655E+00
  1.904E-05  3.116E-05  0.000E+00  0.000E+00  5.027E+00  5.655E+00
  3.116E-05  5.100E-05  0.000E+00  0.000E+00  5.027E+00  5.655E+00
  5.100E-05  8.347E-05  0.000E+00  0.000E+00  5.027E+00  5.655E+00
  8.347E-05  1.366E-04  0.000E+00  0.000E+00  5.027E+00  5.655E+00
  1.366E-04  2.236E-04  0.000E+00  0.000E+00  5.027E+00  5.655E+00
  2.236E-04  3.660E-04  0.000E+00  0.000E+00  5.027E+00  5.655E+00
  3.660E-04  5.990E-04  3.903E-05  5.611E+01  5.027E+00  5.655E+00
  5.990E-04  9.804E-04  5.937E-05  4.259E+01  5.027E+00  5.655E+00
  9.804E-04  1.605E-03  5.246E-05  4.703E+01  5.027E+00  5.655E+00
  1.605E-03  2.627E-03  1.344E-05  4.029E+01  5.027E+00  5.655E+00
  2.627E-03  4.299E-03  2.459E-05  3.606E+01  5.027E+00  5.655E+00
  4.299E-03  7.036E-03  2.275E-05  3.252E+01  5.027E+00  5.655E+00
  7.036E-03  1.152E-02  2.976E-05  2.483E+01  5.027E+00  5.655E+00
  1.152E-02  1.885E-02  6.064E-05  1.746E+01  5.027E+00  5.655E+00
  1.885E-02  3.085E-02  9.511E-05  1.675E+01  5.027E+00  5.655E+00
  3.085E-02  5.050E-02  1.245E-04  1.502E+01  5.027E+00  5.655E+00
  5.050E-02  8.265E-02  1.326E-04  1.325E+01  5.027E+00  5.655E+00
  8.265E-02  1.353E-01  1.016E-04  1.301E+01  5.027E+00  5.655E+00
  1.353E-01  2.214E-01  7.207E-05  1.264E+01  5.027E+00  5.655E+00
  2.214E-01  3.624E-01  4.256E-05  1.553E+01  5.027E+00  5.655E+00
  3.624E-01  5.931E-01  1.223E-05  1.367E+01  5.027E+00  5.655E+00
  5.931E-01  9.708E-01  1.110E-06  1.361E+01  5.027E+00  5.655E+00
  9.708E-01  1.589E+00  7.824E-09  9.900E+01  5.027E+00  5.655E+00
  1.589E+00  2.601E+00  0.000E+00  0.000E+00  5.027E+00  5.655E+00
  2.601E+00  4.257E+00  0.000E+00  0.000E+00  5.027E+00  5.655E+00
  4.257E+00  6.967E+00  0.000E+00  0.000E+00  5.027E+00  5.655E+00
  6.967E+00  1.140E+01  0.000E+00  0.000E+00  5.027E+00  5.655E+00
  1.140E+01  1.866E+01  0.000E+00  0.000E+00  5.027E+00  5.655E+00
  1.866E+01  3.055E+01  0.000E+00  0.000E+00  5.027E+00  5.655E+00
  3.055E+01  5.000E+01  0.000E+00  0.000E+00  5.027E+00  5.655E+00
  5.000E+01  5.000E+01  0.000E+00  0.000E+00  5.027E+00  5.655E+00

 # Block n:           10     5.65486717      :   6.28318548    
  1.000E-09  1.637E-09  0.000E+00  0.000E+00  5.655E+00  6.283E+00
  1.637E-09  2.679E-09  0.000E+00  0.000E+00  5.655E+00  6.283E+00
  2.679E-09  4.385E-09  0.000E+00  0.000E+00  5.655E+00  6.283E+00
  4.385E-09  7.177E-09  0.000E+00  0.000E+00  5.655E+00  6.283E+00
  7.177E-09  1.175E-08  0.000E+00  0.000E+00  5.655E+00  6.283E+00
  1.175E-08  1.923E-08  0.000E+00  0.000E+00  5.655E+00  6.283E+00
  1.923E-08  3.147E-08  0.000E+00  0.000E+00  5.655E+00  6.283E+00
  3.147E-08  5.150E-08  0.000E+00  0.000E+00  5.655E+00  6.283E+00
  5.150E-08  8.430E-08  0.000E+00  0.000E+00  5.655E+00  6.283E+00
  8.430E-08  1.380E-07  0.000E+00  0.000E+00  5.655E+00  6.283E+00
  1.380E-07  2.258E-07  0.000E+00  0.000E+00  5.655E+00  6.283E+00
  2.258E-07  3.696E-07  0.000E+00  0.000E+00  5.655E+00  6.283E+00
  3.696E-07  6.050E-07  0.000E+00  0.000E+00  5.655E+00  6.283E+00
  6.050E-07  9.902E-07  0.000E+00  0.000E+00  5.655E+00  6.283E+00
  9.902E-07  1.621E-06  0.000E+00  0.000E+00  5.655E+00  6.283E+00
  1.621E-06  2.653E-06  0.000E+00  0.000E+00  5.655E+00  6.283E+00
  2.653E-06  4.342E-06  0.000E+00  0.000E+00  5.655E+00  6.283E+00
  4.342E-06  7.106E-06  0.000E+00  0.000E+00  5.655E+00  6.283E+00
  7.106E-06  1.163E-05  0.000E+00  0.000E+00  5.655E+00  6.283E+00
  1.163E-05  1.904E-05  0.000E+00  0.000E+00  5.655E+00  6.283E+00
  1.904E-05  3.116E-05  0.000E+00  0.000E+00  5.655E+00  6.283E+00
  3.116E-05  5.100E-05  0.000E+00  0.000E+00  5.655E+00  6.283E+00
  5.100E-05  8.347E-05  0.000E+00  0.000E+00  5.655E+00  6.283E+00
  8.347E-05  1.366E-04  0.000E+00  0.000E+00  5.655E+00  6.283E+00
  1.366E-04  2.236E-04  0.000E+00  0.000E+00  5.655E+00  6.283E+00
  2.236E-04  3.660E-04  1.084E-04  7.035E+01  5.655E+00  6.283E+00
  3.660E-04  5.990E-04  6.085E-05  7.035E+01  5.655E+00  6.283E+00
  5.990E-04  9.804E-04  4.007E-05  7.035E+01  5.655E+00  6.283E+00
  9.804E-04  1.605E-03  2.663E-05  4.543E+01  5.655E+00  6.283E+00
  1.605E-03  2.627E-03  0.000E+00  0.000E+00  5.655E+00  6.283E+00
  2.627E-03  4.299E-03  9.742E-06  7.581E+01  5.655E+00  6.283E+00
  4.299E-03  7.036E-03  6.068E-06  8.658E+01  5.655E+00  6.283E+00
  7.036E-03  1.152E-02  1.943E-05  4.384E+01  5.655E+00  6.283E+00
  1.152E-02  1.885E-02  8.329E-05  2.103E+01  5.655E+00  6.283E+00
  1.885E-02  3.085E-02  7.966E-05  1.653E+01  5.655E+00  6.283E+00
  3.085E-02  5.050E-02  1.048E-04  1.498E+01  5.655E+00  6.283E+00
  5.050E-02  8.265E-02  1.204E-04  1.565E+01  5.655E+00  6.283E+00
  8.265E-02  1.353E-01  9.596E-05  1.688E+01  5.655E+00  6.283E+00
  1.353E-01  2.214E-01  6.096E-05  1.573E+01  5.655E+00  6.283E+00
  2.214E-01  3.624E-01  3.884E-05  1.377E+01  5.655E+00  6.283E+00
  3.624E-01  5.931E-01  8.490E-06  1.422E+01  5.655E+00  6.283E+00
  5.931E-01  9.708E-01  4.173E-07  3.930E+01  5.655E+00  6.283E+00
  9.708E-01  1.589E+00  0.000E+00  0.000E+00  5.655E+00  6.283E+00
  1.589E+00  2.601E+00  0.000E+00  0.000E+00  5.655E+00  6.283E+00
  2.601E+00  4.257E+00  0.000E+00  0.000E+00  5.655E+00  6.283E+00
  4.257E+00  6.967E+00  0.000E+00  0.000E+00  5.655E+00  6.283E+00
  6.967E+00  1.140E+01  0.000E+00  0.000E+00  5.655E+00  6.283E+00
  1.140E+01  1.866E+01  0.000E+00  0.000E+00  5.655E+00  6.283E+00
  1.866E+01  3.055E+01  0.000E+00  0.000E+00  5.655E+00  6.283E+00
  3.055E+01  5.000E+01  0.000E+00  0.000E+00  5.655E+00  6.283E+00
  5.000E+01  5.000E+01  0.000E+00  0.000E+00  5.655E+00  6.283E+00

  1.000E-09  1.000E-09  0.000E+00  0.000E+00  6.283E+00  6.283E+00
  1.637E-09  1.637E-09  0.000E+00  0.000E+00  6.283E+00  6.283E+00
  2.679E-09  2.679E-09  0.000E+00  0.000E+00  6.283E+00  6.283E+00
  4.385E-09  4.385E-09  0.000E+00  0.000E+00  6.283E+00  6.283E+00
  7.177E-09  7.177E-09  0.000E+00  0.000E+00  6.283E+00  6.283E+00
  1.175E-08  1.175E-08  0.000E+00  0.000E+00  6.283E+00  6.283E+00
  1.923E-08  1.923E-08  0.000E+00  0.000E+00  6.283E+00  6.283E+00
  3.147E-08  3.147E-08  0.000E+00  0.000E+00  6.283E+00  6.283E+00
  5.150E-08  5.150E-08  0.000E+00  0.000E+00  6.283E+00  6.283E+00
  8.430E-08  8.430E-08  0.000E+00  0.000E+00  6.283E+00  6.283E+00
  1.380E-07  1.380E-07  0.000E+00  0.000E+00  6.283E+00  6.283E+00
  2.258E-07  2.258E-07  0.000E+00  0.000E+00  6.283E+00  6.283E+00
  3.696E-07  3.696E-07  0.000E+00  0.000E+00  6.283E+00  6.283E+00
  6.050E-07  6.050E-07  0.000E+00  0.000E+00  6.283E+00  6.283E+00
  9.902E-07  9.902E-07  0.000E+00  0.000E+00  6.283E+00  6.283E+00
  1.621E-06  1.621E-06  0.000E+00  0.000E+00  6.283E+00  6.283E+00
  2.653E-06  2.653E-06  0.000E+00  0.000E+00  6.283E+00  6.283E+00
  4.342E-06  4.342E-06  0.000E+00  0.000E+00  6.283E+00  6.283E+00
  7.106E-06  7.106E-06  0.000E+00  0.000E+00  6.283E+00  6.283E+00
  1.163E-05  1.163E-05  0.000E+00  0.000E+00  6.283E+00  6.283E+00
  1.904E-05  1.904E-05  0.000E+00  0.000E+00  6.283E+00  6.283E+00
  3.116E-05  3.116E-05  0.000E+00  0.000E+00  6.283E+00  6.283E+00
  5.100E-05  5.100E-05  0.000E+00  0.000E+00  6.283E+00  6.283E+00
  8.347E-05  8.347E-05  0.000E+00  0.000E+00  6.283E+00  6.283E+00
  1.366E-04  1.366E-04  0.000E+00  0.000E+00  6.283E+00  6.283E+00
  2.236E-04  2.236E-04  0.000E+00  0.000E+00  6.283E+00  6.283E+00
  3.660E-04  3.660E-04  0.000E+00  0.000E+00  6.283E+00  6.283E+00
  5.990E-04  5.990E-04  0.000E+00  0.000E+00  6.283E+00  6.283E+00
  9.804E-04  9.804E-04  0.000E+00  0.000E+00  6.283E+00  6.283E+00
  1.605E-03  1.605E-03  0.000E+00  0.000E+00  6.283E+00  6.283E+00
  2.627E-03  2.627E-03  0.000E+00  0.000E+00  6.283E+00  6.283E+00
  4.299E-03  4.299E-03  0.000E+00  0.000E+00  6.283E+00  6.283E+00
  7.036E-03  7.036E-03  0.000E+00  0.000E+00  6.283E+00  6.283E+00
  1.152E-02  1.152E-02  0.000E+00  0.000E+00  6.283E+00  6.283E+00
  1.885E-02  1.885E-02  0.000E+00  0.000E+00  6.283E+00  6.283E+00
  3.085E-02  3.085E-02  0.000E+00  0.000E+00  6.283E+00  6.283E+00
  5.050E-02  5.050E-02  0.000E+00  0.000E+00  6.283E+00  6.283E+00
  8.265E-02  8.265E-02  0.000E+00  0.000E+00  6.283E+00  6.283E+00
  1.353E-01  1.353E-01  0.000E+00  0.000E+00  6.283E+00  6.283E+00
  2.214E-01  2.214E-01  0.000E+00  0.000E+00  6.283E+00  6.283E+00
  3.624E-01  3.624E-01  0.000E+00  0.000E+00  6.283E+00  6.283E+00
  5.931E-01  5.931E-01  0.000E+00  0.000E+00  6.283E+00  6.283E+00
  9.708E-01  9.708E-01  0.000E+00  0.000E+00  6.283E+00  6.283E+00
  1.589E+00  1.589E+00  0.000E+00  0.000E+00  6.283E+00  6.283E+00
  2.601E+00  2.601E+00  0.000E+00  0.000E+00  6.283E+00  6.283E+00
  4.257E+00  4.257E+00  0.000E+00  0.000E+00  6.283E+00  6.283E+00
  6.967E+00  6.967E+00  0.000E+00  0.000E+00  6.283E+00  6.283E+00
  1.140E+01  1.140E+01  0.000E+00  0.000E+00  6.283E+00  6.283E+00
  1.866E+01  1.866E+01  0.000E+00  0.000E+00  6.283E+00  6.283E+00
  3.055E+01  3.055E+01  0.000E+00  0.000E+00  6.283E+00  6.283E+00
  5.000E+01  5.000E+01  0.000E+00  0.000E+00  6.283E+00  6.283E+00
