 # Detector n:            1   piCurrUD  (integrated over solid angle)
 # N. of energy intervals          50
  1.000E-09  1.637E-09  0.000E+00  0.000E+00
  1.637E-09  2.679E-09  0.000E+00  0.000E+00
  2.679E-09  4.385E-09  0.000E+00  0.000E+00
  4.385E-09  7.177E-09  0.000E+00  0.000E+00
  7.177E-09  1.175E-08  0.000E+00  0.000E+00
  1.175E-08  1.923E-08  0.000E+00  0.000E+00
  1.923E-08  3.147E-08  0.000E+00  0.000E+00
  3.147E-08  5.150E-08  0.000E+00  0.000E+00
  5.150E-08  8.430E-08  0.000E+00  0.000E+00
  8.430E-08  1.380E-07  0.000E+00  0.000E+00
  1.380E-07  2.258E-07  0.000E+00  0.000E+00
  2.258E-07  3.696E-07  0.000E+00  0.000E+00
  3.696E-07  6.050E-07  0.000E+00  0.000E+00
  6.050E-07  9.902E-07  0.000E+00  0.000E+00
  9.902E-07  1.621E-06  0.000E+00  0.000E+00
  1.621E-06  2.653E-06  0.000E+00  0.000E+00
  2.653E-06  4.342E-06  0.000E+00  0.000E+00
  4.342E-06  7.106E-06  0.000E+00  0.000E+00
  7.106E-06  1.163E-05  9.526E-05  7.035E+01
  1.163E-05  1.904E-05  5.820E-05  9.900E+01
  1.904E-05  3.116E-05  2.134E-04  4.117E+01
  3.116E-05  5.100E-05  6.518E-05  6.040E+01
  5.100E-05  8.347E-05  9.292E-05  3.073E+01
  8.347E-05  1.366E-04  7.299E-05  3.447E+01
  1.366E-04  2.236E-04  4.460E-05  2.747E+01
  2.236E-04  3.660E-04  4.844E-05  2.521E+01
  3.660E-04  5.990E-04  6.104E-05  2.002E+01
  5.990E-04  9.804E-04  7.798E-05  2.360E+01
  9.804E-04  1.605E-03  6.628E-05  2.021E+01
  1.605E-03  2.627E-03  7.171E-05  1.514E+01
  2.627E-03  4.299E-03  5.979E-05  1.886E+01
  4.299E-03  7.036E-03  6.960E-05  1.657E+01
  7.036E-03  1.152E-02  9.717E-05  1.527E+01
  1.152E-02  1.885E-02  1.865E-04  1.563E+01
  1.885E-02  3.085E-02  2.562E-04  1.425E+01
  3.085E-02  5.050E-02  3.557E-04  1.366E+01
  5.050E-02  8.265E-02  4.164E-04  1.295E+01
  8.265E-02  1.353E-01  4.559E-04  1.292E+01
  1.353E-01  2.214E-01  5.025E-04  1.254E+01
  2.214E-01  3.624E-01  5.353E-04  1.298E+01
  3.624E-01  5.931E-01  4.686E-04  1.295E+01
  5.931E-01  9.708E-01  3.294E-04  1.301E+01
  9.708E-01  1.589E+00  2.108E-04  1.302E+01
  1.589E+00  2.601E+00  1.251E-04  1.279E+01
  2.601E+00  4.257E+00  6.720E-05  1.279E+01
  4.257E+00  6.967E+00  3.261E-05  1.258E+01
  6.967E+00  1.140E+01  1.334E-05  1.235E+01
  1.140E+01  1.866E+01  4.066E-06  1.244E+01
  1.866E+01  3.055E+01  7.944E-07  1.206E+01
  3.055E+01  5.000E+01  4.343E-08  1.225E+01


 # double differential distributions
 # number of solid angle intervals          10
 # Block n:            1     0.00000000      :  0.628318548    
  1.000E-09  1.637E-09  0.000E+00  0.000E+00  0.000E+00  6.283E-01
  1.637E-09  2.679E-09  0.000E+00  0.000E+00  0.000E+00  6.283E-01
  2.679E-09  4.385E-09  0.000E+00  0.000E+00  0.000E+00  6.283E-01
  4.385E-09  7.177E-09  0.000E+00  0.000E+00  0.000E+00  6.283E-01
  7.177E-09  1.175E-08  0.000E+00  0.000E+00  0.000E+00  6.283E-01
  1.175E-08  1.923E-08  0.000E+00  0.000E+00  0.000E+00  6.283E-01
  1.923E-08  3.147E-08  0.000E+00  0.000E+00  0.000E+00  6.283E-01
  3.147E-08  5.150E-08  0.000E+00  0.000E+00  0.000E+00  6.283E-01
  5.150E-08  8.430E-08  0.000E+00  0.000E+00  0.000E+00  6.283E-01
  8.430E-08  1.380E-07  0.000E+00  0.000E+00  0.000E+00  6.283E-01
  1.380E-07  2.258E-07  0.000E+00  0.000E+00  0.000E+00  6.283E-01
  2.258E-07  3.696E-07  0.000E+00  0.000E+00  0.000E+00  6.283E-01
  3.696E-07  6.050E-07  0.000E+00  0.000E+00  0.000E+00  6.283E-01
  6.050E-07  9.902E-07  0.000E+00  0.000E+00  0.000E+00  6.283E-01
  9.902E-07  1.621E-06  0.000E+00  0.000E+00  0.000E+00  6.283E-01
  1.621E-06  2.653E-06  0.000E+00  0.000E+00  0.000E+00  6.283E-01
  2.653E-06  4.342E-06  0.000E+00  0.000E+00  0.000E+00  6.283E-01
  4.342E-06  7.106E-06  0.000E+00  0.000E+00  0.000E+00  6.283E-01
  7.106E-06  1.163E-05  0.000E+00  0.000E+00  0.000E+00  6.283E-01
  1.163E-05  1.904E-05  0.000E+00  0.000E+00  0.000E+00  6.283E-01
  1.904E-05  3.116E-05  5.660E-05  7.035E+01  0.000E+00  6.283E-01
  3.116E-05  5.100E-05  0.000E+00  0.000E+00  0.000E+00  6.283E-01
  5.100E-05  8.347E-05  2.113E-05  7.035E+01  0.000E+00  6.283E-01
  8.347E-05  1.366E-04  2.582E-05  5.246E+01  0.000E+00  6.283E-01
  1.366E-04  2.236E-04  1.577E-05  5.246E+01  0.000E+00  6.283E-01
  2.236E-04  3.660E-04  1.927E-05  5.246E+01  0.000E+00  6.283E-01
  3.660E-04  5.990E-04  5.888E-06  5.903E+01  0.000E+00  6.283E-01
  5.990E-04  9.804E-04  1.079E-05  3.700E+01  0.000E+00  6.283E-01
  9.804E-04  1.605E-03  1.209E-05  3.597E+01  0.000E+00  6.283E-01
  1.605E-03  2.627E-03  1.611E-05  2.130E+01  0.000E+00  6.283E-01
  2.627E-03  4.299E-03  1.190E-05  2.915E+01  0.000E+00  6.283E-01
  4.299E-03  7.036E-03  1.529E-05  2.000E+01  0.000E+00  6.283E-01
  7.036E-03  1.152E-02  2.404E-05  1.507E+01  0.000E+00  6.283E-01
  1.152E-02  1.885E-02  4.650E-05  1.812E+01  0.000E+00  6.283E-01
  1.885E-02  3.085E-02  6.573E-05  1.541E+01  0.000E+00  6.283E-01
  3.085E-02  5.050E-02  9.492E-05  1.455E+01  0.000E+00  6.283E-01
  5.050E-02  8.265E-02  1.174E-04  1.435E+01  0.000E+00  6.283E-01
  8.265E-02  1.353E-01  1.517E-04  1.365E+01  0.000E+00  6.283E-01
  1.353E-01  2.214E-01  2.088E-04  1.340E+01  0.000E+00  6.283E-01
  2.214E-01  3.624E-01  2.950E-04  1.332E+01  0.000E+00  6.283E-01
  3.624E-01  5.931E-01  3.695E-04  1.325E+01  0.000E+00  6.283E-01
  5.931E-01  9.708E-01  3.677E-04  1.308E+01  0.000E+00  6.283E-01
  9.708E-01  1.589E+00  2.982E-04  1.304E+01  0.000E+00  6.283E-01
  1.589E+00  2.601E+00  1.951E-04  1.279E+01  0.000E+00  6.283E-01
  2.601E+00  4.257E+00  1.068E-04  1.279E+01  0.000E+00  6.283E-01
  4.257E+00  6.967E+00  5.191E-05  1.258E+01  0.000E+00  6.283E-01
  6.967E+00  1.140E+01  2.124E-05  1.235E+01  0.000E+00  6.283E-01
  1.140E+01  1.866E+01  6.470E-06  1.244E+01  0.000E+00  6.283E-01
  1.866E+01  3.055E+01  1.264E-06  1.206E+01  0.000E+00  6.283E-01
  3.055E+01  5.000E+01  6.913E-08  1.225E+01  0.000E+00  6.283E-01
  5.000E+01  5.000E+01  0.000E+00  0.000E+00  0.000E+00  6.283E-01

 # Block n:            2    0.628318548      :   1.25663710    
  1.000E-09  1.637E-09  0.000E+00  0.000E+00  6.283E-01  1.257E+00
  1.637E-09  2.679E-09  0.000E+00  0.000E+00  6.283E-01  1.257E+00
  2.679E-09  4.385E-09  0.000E+00  0.000E+00  6.283E-01  1.257E+00
  4.385E-09  7.177E-09  0.000E+00  0.000E+00  6.283E-01  1.257E+00
  7.177E-09  1.175E-08  0.000E+00  0.000E+00  6.283E-01  1.257E+00
  1.175E-08  1.923E-08  0.000E+00  0.000E+00  6.283E-01  1.257E+00
  1.923E-08  3.147E-08  0.000E+00  0.000E+00  6.283E-01  1.257E+00
  3.147E-08  5.150E-08  0.000E+00  0.000E+00  6.283E-01  1.257E+00
  5.150E-08  8.430E-08  0.000E+00  0.000E+00  6.283E-01  1.257E+00
  8.430E-08  1.380E-07  0.000E+00  0.000E+00  6.283E-01  1.257E+00
  1.380E-07  2.258E-07  0.000E+00  0.000E+00  6.283E-01  1.257E+00
  2.258E-07  3.696E-07  0.000E+00  0.000E+00  6.283E-01  1.257E+00
  3.696E-07  6.050E-07  0.000E+00  0.000E+00  6.283E-01  1.257E+00
  6.050E-07  9.902E-07  0.000E+00  0.000E+00  6.283E-01  1.257E+00
  9.902E-07  1.621E-06  0.000E+00  0.000E+00  6.283E-01  1.257E+00
  1.621E-06  2.653E-06  0.000E+00  0.000E+00  6.283E-01  1.257E+00
  2.653E-06  4.342E-06  0.000E+00  0.000E+00  6.283E-01  1.257E+00
  4.342E-06  7.106E-06  0.000E+00  0.000E+00  6.283E-01  1.257E+00
  7.106E-06  1.163E-05  0.000E+00  0.000E+00  6.283E-01  1.257E+00
  1.163E-05  1.904E-05  0.000E+00  0.000E+00  6.283E-01  1.257E+00
  1.904E-05  3.116E-05  0.000E+00  0.000E+00  6.283E-01  1.257E+00
  3.116E-05  5.100E-05  0.000E+00  0.000E+00  6.283E-01  1.257E+00
  5.100E-05  8.347E-05  0.000E+00  0.000E+00  6.283E-01  1.257E+00
  8.347E-05  1.366E-04  1.291E-05  8.876E+01  6.283E-01  1.257E+00
  1.366E-04  2.236E-04  3.154E-05  4.694E+01  6.283E-01  1.257E+00
  2.236E-04  3.660E-04  4.818E-06  8.876E+01  6.283E-01  1.257E+00
  3.660E-04  5.990E-04  1.766E-05  4.117E+01  6.283E-01  1.257E+00
  5.990E-04  9.804E-04  1.619E-05  2.938E+01  6.283E-01  1.257E+00
  9.804E-04  1.605E-03  1.868E-05  2.888E+01  6.283E-01  1.257E+00
  1.605E-03  2.627E-03  1.746E-05  2.802E+01  6.283E-01  1.257E+00
  2.627E-03  4.299E-03  1.559E-05  2.274E+01  6.283E-01  1.257E+00
  4.299E-03  7.036E-03  1.679E-05  2.544E+01  6.283E-01  1.257E+00
  7.036E-03  1.152E-02  2.327E-05  1.927E+01  6.283E-01  1.257E+00
  1.152E-02  1.885E-02  4.275E-05  1.372E+01  6.283E-01  1.257E+00
  1.885E-02  3.085E-02  6.270E-05  1.522E+01  6.283E-01  1.257E+00
  3.085E-02  5.050E-02  8.500E-05  1.499E+01  6.283E-01  1.257E+00
  5.050E-02  8.265E-02  1.089E-04  1.415E+01  6.283E-01  1.257E+00
  8.265E-02  1.353E-01  1.301E-04  1.366E+01  6.283E-01  1.257E+00
  1.353E-01  2.214E-01  1.640E-04  1.300E+01  6.283E-01  1.257E+00
  2.214E-01  3.624E-01  2.008E-04  1.333E+01  6.283E-01  1.257E+00
  3.624E-01  5.931E-01  1.760E-04  1.313E+01  6.283E-01  1.257E+00
  5.931E-01  9.708E-01  9.689E-05  1.318E+01  6.283E-01  1.257E+00
  9.708E-01  1.589E+00  2.912E-05  1.292E+01  6.283E-01  1.257E+00
  1.589E+00  2.601E+00  3.701E-06  1.287E+01  6.283E-01  1.257E+00
  2.601E+00  4.257E+00  1.342E-07  1.434E+01  6.283E-01  1.257E+00
  4.257E+00  6.967E+00  2.531E-10  8.876E+01  6.283E-01  1.257E+00
  6.967E+00  1.140E+01  0.000E+00  0.000E+00  6.283E-01  1.257E+00
  1.140E+01  1.866E+01  0.000E+00  0.000E+00  6.283E-01  1.257E+00
  1.866E+01  3.055E+01  0.000E+00  0.000E+00  6.283E-01  1.257E+00
  3.055E+01  5.000E+01  0.000E+00  0.000E+00  6.283E-01  1.257E+00
  5.000E+01  5.000E+01  0.000E+00  0.000E+00  6.283E-01  1.257E+00

 # Block n:            3     1.25663710      :   1.88495564    
  1.000E-09  1.637E-09  0.000E+00  0.000E+00  1.257E+00  1.885E+00
  1.637E-09  2.679E-09  0.000E+00  0.000E+00  1.257E+00  1.885E+00
  2.679E-09  4.385E-09  0.000E+00  0.000E+00  1.257E+00  1.885E+00
  4.385E-09  7.177E-09  0.000E+00  0.000E+00  1.257E+00  1.885E+00
  7.177E-09  1.175E-08  0.000E+00  0.000E+00  1.257E+00  1.885E+00
  1.175E-08  1.923E-08  0.000E+00  0.000E+00  1.257E+00  1.885E+00
  1.923E-08  3.147E-08  0.000E+00  0.000E+00  1.257E+00  1.885E+00
  3.147E-08  5.150E-08  0.000E+00  0.000E+00  1.257E+00  1.885E+00
  5.150E-08  8.430E-08  0.000E+00  0.000E+00  1.257E+00  1.885E+00
  8.430E-08  1.380E-07  0.000E+00  0.000E+00  1.257E+00  1.885E+00
  1.380E-07  2.258E-07  0.000E+00  0.000E+00  1.257E+00  1.885E+00
  2.258E-07  3.696E-07  0.000E+00  0.000E+00  1.257E+00  1.885E+00
  3.696E-07  6.050E-07  0.000E+00  0.000E+00  1.257E+00  1.885E+00
  6.050E-07  9.902E-07  0.000E+00  0.000E+00  1.257E+00  1.885E+00
  9.902E-07  1.621E-06  0.000E+00  0.000E+00  1.257E+00  1.885E+00
  1.621E-06  2.653E-06  0.000E+00  0.000E+00  1.257E+00  1.885E+00
  2.653E-06  4.342E-06  0.000E+00  0.000E+00  1.257E+00  1.885E+00
  4.342E-06  7.106E-06  0.000E+00  0.000E+00  1.257E+00  1.885E+00
  7.106E-06  1.163E-05  0.000E+00  0.000E+00  1.257E+00  1.885E+00
  1.163E-05  1.904E-05  0.000E+00  0.000E+00  1.257E+00  1.885E+00
  1.904E-05  3.116E-05  0.000E+00  0.000E+00  1.257E+00  1.885E+00
  3.116E-05  5.100E-05  0.000E+00  0.000E+00  1.257E+00  1.885E+00
  5.100E-05  8.347E-05  0.000E+00  0.000E+00  1.257E+00  1.885E+00
  8.347E-05  1.366E-04  0.000E+00  0.000E+00  1.257E+00  1.885E+00
  1.366E-04  2.236E-04  0.000E+00  0.000E+00  1.257E+00  1.885E+00
  2.236E-04  3.660E-04  4.818E-06  7.035E+01  1.257E+00  1.885E+00
  3.660E-04  5.990E-04  2.061E-05  3.526E+01  1.257E+00  1.885E+00
  5.990E-04  9.804E-04  2.158E-05  3.262E+01  1.257E+00  1.885E+00
  9.804E-04  1.605E-03  1.319E-05  2.864E+01  1.257E+00  1.885E+00
  1.605E-03  2.627E-03  1.544E-05  1.742E+01  1.257E+00  1.885E+00
  2.627E-03  4.299E-03  1.313E-05  2.405E+01  1.257E+00  1.885E+00
  4.299E-03  7.036E-03  1.378E-05  2.720E+01  1.257E+00  1.885E+00
  7.036E-03  1.152E-02  2.358E-05  1.750E+01  1.257E+00  1.885E+00
  1.152E-02  1.885E-02  4.163E-05  1.694E+01  1.257E+00  1.885E+00
  1.885E-02  3.085E-02  5.773E-05  1.482E+01  1.257E+00  1.885E+00
  3.085E-02  5.050E-02  8.123E-05  1.420E+01  1.257E+00  1.885E+00
  5.050E-02  8.265E-02  9.802E-05  1.276E+01  1.257E+00  1.885E+00
  8.265E-02  1.353E-01  1.101E-04  1.310E+01  1.257E+00  1.885E+00
  1.353E-01  2.214E-01  1.277E-04  1.292E+01  1.257E+00  1.885E+00
  2.214E-01  3.624E-01  1.293E-04  1.310E+01  1.257E+00  1.885E+00
  3.624E-01  5.931E-01  8.862E-05  1.267E+01  1.257E+00  1.885E+00
  5.931E-01  9.708E-01  3.380E-05  1.305E+01  1.257E+00  1.885E+00
  9.708E-01  1.589E+00  5.938E-06  1.357E+01  1.257E+00  1.885E+00
  1.589E+00  2.601E+00  3.227E-07  1.368E+01  1.257E+00  1.885E+00
  2.601E+00  4.257E+00  2.486E-09  4.017E+01  1.257E+00  1.885E+00
  4.257E+00  6.967E+00  0.000E+00  0.000E+00  1.257E+00  1.885E+00
  6.967E+00  1.140E+01  0.000E+00  0.000E+00  1.257E+00  1.885E+00
  1.140E+01  1.866E+01  0.000E+00  0.000E+00  1.257E+00  1.885E+00
  1.866E+01  3.055E+01  0.000E+00  0.000E+00  1.257E+00  1.885E+00
  3.055E+01  5.000E+01  0.000E+00  0.000E+00  1.257E+00  1.885E+00
  5.000E+01  5.000E+01  0.000E+00  0.000E+00  1.257E+00  1.885E+00

 # Block n:            4     1.88495564      :   2.51327419    
  1.000E-09  1.637E-09  0.000E+00  0.000E+00  1.885E+00  2.513E+00
  1.637E-09  2.679E-09  0.000E+00  0.000E+00  1.885E+00  2.513E+00
  2.679E-09  4.385E-09  0.000E+00  0.000E+00  1.885E+00  2.513E+00
  4.385E-09  7.177E-09  0.000E+00  0.000E+00  1.885E+00  2.513E+00
  7.177E-09  1.175E-08  0.000E+00  0.000E+00  1.885E+00  2.513E+00
  1.175E-08  1.923E-08  0.000E+00  0.000E+00  1.885E+00  2.513E+00
  1.923E-08  3.147E-08  0.000E+00  0.000E+00  1.885E+00  2.513E+00
  3.147E-08  5.150E-08  0.000E+00  0.000E+00  1.885E+00  2.513E+00
  5.150E-08  8.430E-08  0.000E+00  0.000E+00  1.885E+00  2.513E+00
  8.430E-08  1.380E-07  0.000E+00  0.000E+00  1.885E+00  2.513E+00
  1.380E-07  2.258E-07  0.000E+00  0.000E+00  1.885E+00  2.513E+00
  2.258E-07  3.696E-07  0.000E+00  0.000E+00  1.885E+00  2.513E+00
  3.696E-07  6.050E-07  0.000E+00  0.000E+00  1.885E+00  2.513E+00
  6.050E-07  9.902E-07  0.000E+00  0.000E+00  1.885E+00  2.513E+00
  9.902E-07  1.621E-06  0.000E+00  0.000E+00  1.885E+00  2.513E+00
  1.621E-06  2.653E-06  0.000E+00  0.000E+00  1.885E+00  2.513E+00
  2.653E-06  4.342E-06  0.000E+00  0.000E+00  1.885E+00  2.513E+00
  4.342E-06  7.106E-06  0.000E+00  0.000E+00  1.885E+00  2.513E+00
  7.106E-06  1.163E-05  0.000E+00  0.000E+00  1.885E+00  2.513E+00
  1.163E-05  1.904E-05  0.000E+00  0.000E+00  1.885E+00  2.513E+00
  1.904E-05  3.116E-05  5.660E-05  9.900E+01  1.885E+00  2.513E+00
  3.116E-05  5.100E-05  0.000E+00  0.000E+00  1.885E+00  2.513E+00
  5.100E-05  8.347E-05  4.225E-05  4.495E+01  1.885E+00  2.513E+00
  8.347E-05  1.366E-04  2.582E-05  7.035E+01  1.885E+00  2.513E+00
  1.366E-04  2.236E-04  0.000E+00  0.000E+00  1.885E+00  2.513E+00
  2.236E-04  3.660E-04  2.409E-05  3.108E+01  1.885E+00  2.513E+00
  3.660E-04  5.990E-04  1.178E-05  3.835E+01  1.885E+00  2.513E+00
  5.990E-04  9.804E-04  2.158E-05  2.082E+01  1.885E+00  2.513E+00
  9.804E-04  1.605E-03  1.429E-05  4.027E+01  1.885E+00  2.513E+00
  1.605E-03  2.627E-03  1.343E-05  2.950E+01  1.885E+00  2.513E+00
  2.627E-03  4.299E-03  1.518E-05  1.963E+01  1.885E+00  2.513E+00
  4.299E-03  7.036E-03  1.704E-05  1.317E+01  1.885E+00  2.513E+00
  7.036E-03  1.152E-02  2.021E-05  1.613E+01  1.885E+00  2.513E+00
  1.152E-02  1.885E-02  4.032E-05  1.619E+01  1.885E+00  2.513E+00
  1.885E-02  3.085E-02  5.464E-05  1.536E+01  1.885E+00  2.513E+00
  3.085E-02  5.050E-02  7.494E-05  1.434E+01  1.885E+00  2.513E+00
  5.050E-02  8.265E-02  8.534E-05  1.299E+01  1.885E+00  2.513E+00
  8.265E-02  1.353E-01  9.383E-05  1.299E+01  1.885E+00  2.513E+00
  1.353E-01  2.214E-01  9.750E-05  1.249E+01  1.885E+00  2.513E+00
  2.214E-01  3.624E-01  8.575E-05  1.284E+01  1.885E+00  2.513E+00
  3.624E-01  5.931E-01  4.897E-05  1.275E+01  1.885E+00  2.513E+00
  5.931E-01  9.708E-01  1.430E-05  1.271E+01  1.885E+00  2.513E+00
  9.708E-01  1.589E+00  1.519E-06  1.421E+01  1.885E+00  2.513E+00
  1.589E+00  2.601E+00  3.255E-08  1.534E+01  1.885E+00  2.513E+00
  2.601E+00  4.257E+00  0.000E+00  0.000E+00  1.885E+00  2.513E+00
  4.257E+00  6.967E+00  0.000E+00  0.000E+00  1.885E+00  2.513E+00
  6.967E+00  1.140E+01  0.000E+00  0.000E+00  1.885E+00  2.513E+00
  1.140E+01  1.866E+01  0.000E+00  0.000E+00  1.885E+00  2.513E+00
  1.866E+01  3.055E+01  0.000E+00  0.000E+00  1.885E+00  2.513E+00
  3.055E+01  5.000E+01  0.000E+00  0.000E+00  1.885E+00  2.513E+00
  5.000E+01  5.000E+01  0.000E+00  0.000E+00  1.885E+00  2.513E+00

 # Block n:            5     2.51327419      :   3.14159274    
  1.000E-09  1.637E-09  0.000E+00  0.000E+00  2.513E+00  3.142E+00
  1.637E-09  2.679E-09  0.000E+00  0.000E+00  2.513E+00  3.142E+00
  2.679E-09  4.385E-09  0.000E+00  0.000E+00  2.513E+00  3.142E+00
  4.385E-09  7.177E-09  0.000E+00  0.000E+00  2.513E+00  3.142E+00
  7.177E-09  1.175E-08  0.000E+00  0.000E+00  2.513E+00  3.142E+00
  1.175E-08  1.923E-08  0.000E+00  0.000E+00  2.513E+00  3.142E+00
  1.923E-08  3.147E-08  0.000E+00  0.000E+00  2.513E+00  3.142E+00
  3.147E-08  5.150E-08  0.000E+00  0.000E+00  2.513E+00  3.142E+00
  5.150E-08  8.430E-08  0.000E+00  0.000E+00  2.513E+00  3.142E+00
  8.430E-08  1.380E-07  0.000E+00  0.000E+00  2.513E+00  3.142E+00
  1.380E-07  2.258E-07  0.000E+00  0.000E+00  2.513E+00  3.142E+00
  2.258E-07  3.696E-07  0.000E+00  0.000E+00  2.513E+00  3.142E+00
  3.696E-07  6.050E-07  0.000E+00  0.000E+00  2.513E+00  3.142E+00
  6.050E-07  9.902E-07  0.000E+00  0.000E+00  2.513E+00  3.142E+00
  9.902E-07  1.621E-06  0.000E+00  0.000E+00  2.513E+00  3.142E+00
  1.621E-06  2.653E-06  0.000E+00  0.000E+00  2.513E+00  3.142E+00
  2.653E-06  4.342E-06  0.000E+00  0.000E+00  2.513E+00  3.142E+00
  4.342E-06  7.106E-06  0.000E+00  0.000E+00  2.513E+00  3.142E+00
  7.106E-06  1.163E-05  0.000E+00  0.000E+00  2.513E+00  3.142E+00
  1.163E-05  1.904E-05  0.000E+00  0.000E+00  2.513E+00  3.142E+00
  1.904E-05  3.116E-05  1.132E-04  5.246E+01  2.513E+00  3.142E+00
  3.116E-05  5.100E-05  6.916E-05  5.246E+01  2.513E+00  3.142E+00
  5.100E-05  8.347E-05  2.113E-05  9.900E+01  2.513E+00  3.142E+00
  8.347E-05  1.366E-04  3.872E-05  6.040E+01  2.513E+00  3.142E+00
  1.366E-04  2.236E-04  7.886E-06  7.035E+01  2.513E+00  3.142E+00
  2.236E-04  3.660E-04  4.818E-06  7.035E+01  2.513E+00  3.142E+00
  3.660E-04  5.990E-04  1.472E-05  4.085E+01  2.513E+00  3.142E+00
  5.990E-04  9.804E-04  1.259E-05  4.076E+01  2.513E+00  3.142E+00
  9.804E-04  1.605E-03  1.978E-05  2.747E+01  2.513E+00  3.142E+00
  1.605E-03  2.627E-03  2.148E-05  2.114E+01  2.513E+00  3.142E+00
  2.627E-03  4.299E-03  9.434E-06  2.909E+01  2.513E+00  3.142E+00
  4.299E-03  7.036E-03  1.228E-05  2.298E+01  2.513E+00  3.142E+00
  7.036E-03  1.152E-02  1.945E-05  1.735E+01  2.513E+00  3.142E+00
  1.152E-02  1.885E-02  3.592E-05  1.852E+01  2.513E+00  3.142E+00
  1.885E-02  3.085E-02  4.584E-05  1.459E+01  2.513E+00  3.142E+00
  3.085E-02  5.050E-02  6.970E-05  1.317E+01  2.513E+00  3.142E+00
  5.050E-02  8.265E-02  7.943E-05  1.316E+01  2.513E+00  3.142E+00
  8.265E-02  1.353E-01  8.052E-05  1.263E+01  2.513E+00  3.142E+00
  1.353E-01  2.214E-01  7.553E-05  1.235E+01  2.513E+00  3.142E+00
  2.214E-01  3.624E-01  5.787E-05  1.304E+01  2.513E+00  3.142E+00
  3.624E-01  5.931E-01  2.893E-05  1.312E+01  2.513E+00  3.142E+00
  5.931E-01  9.708E-01  6.637E-06  1.266E+01  2.513E+00  3.142E+00
  9.708E-01  1.589E+00  4.617E-07  1.350E+01  2.513E+00  3.142E+00
  1.589E+00  2.601E+00  4.746E-09  3.440E+01  2.513E+00  3.142E+00
  2.601E+00  4.257E+00  0.000E+00  0.000E+00  2.513E+00  3.142E+00
  4.257E+00  6.967E+00  0.000E+00  0.000E+00  2.513E+00  3.142E+00
  6.967E+00  1.140E+01  0.000E+00  0.000E+00  2.513E+00  3.142E+00
  1.140E+01  1.866E+01  0.000E+00  0.000E+00  2.513E+00  3.142E+00
  1.866E+01  3.055E+01  0.000E+00  0.000E+00  2.513E+00  3.142E+00
  3.055E+01  5.000E+01  0.000E+00  0.000E+00  2.513E+00  3.142E+00
  5.000E+01  5.000E+01  0.000E+00  0.000E+00  2.513E+00  3.142E+00

 # Block n:            6     3.14159274      :   3.76991129    
  1.000E-09  1.637E-09  0.000E+00  0.000E+00  3.142E+00  3.770E+00
  1.637E-09  2.679E-09  0.000E+00  0.000E+00  3.142E+00  3.770E+00
  2.679E-09  4.385E-09  0.000E+00  0.000E+00  3.142E+00  3.770E+00
  4.385E-09  7.177E-09  0.000E+00  0.000E+00  3.142E+00  3.770E+00
  7.177E-09  1.175E-08  0.000E+00  0.000E+00  3.142E+00  3.770E+00
  1.175E-08  1.923E-08  0.000E+00  0.000E+00  3.142E+00  3.770E+00
  1.923E-08  3.147E-08  0.000E+00  0.000E+00  3.142E+00  3.770E+00
  3.147E-08  5.150E-08  0.000E+00  0.000E+00  3.142E+00  3.770E+00
  5.150E-08  8.430E-08  0.000E+00  0.000E+00  3.142E+00  3.770E+00
  8.430E-08  1.380E-07  0.000E+00  0.000E+00  3.142E+00  3.770E+00
  1.380E-07  2.258E-07  0.000E+00  0.000E+00  3.142E+00  3.770E+00
  2.258E-07  3.696E-07  0.000E+00  0.000E+00  3.142E+00  3.770E+00
  3.696E-07  6.050E-07  0.000E+00  0.000E+00  3.142E+00  3.770E+00
  6.050E-07  9.902E-07  0.000E+00  0.000E+00  3.142E+00  3.770E+00
  9.902E-07  1.621E-06  0.000E+00  0.000E+00  3.142E+00  3.770E+00
  1.621E-06  2.653E-06  0.000E+00  0.000E+00  3.142E+00  3.770E+00
  2.653E-06  4.342E-06  0.000E+00  0.000E+00  3.142E+00  3.770E+00
  4.342E-06  7.106E-06  0.000E+00  0.000E+00  3.142E+00  3.770E+00
  7.106E-06  1.163E-05  1.516E-04  7.035E+01  3.142E+00  3.770E+00
  1.163E-05  1.904E-05  0.000E+00  0.000E+00  3.142E+00  3.770E+00
  1.904E-05  3.116E-05  5.660E-05  7.035E+01  3.142E+00  3.770E+00
  3.116E-05  5.100E-05  3.458E-05  9.900E+01  3.142E+00  3.770E+00
  5.100E-05  8.347E-05  4.225E-05  5.903E+01  3.142E+00  3.770E+00
  8.347E-05  1.366E-04  0.000E+00  0.000E+00  3.142E+00  3.770E+00
  1.366E-04  2.236E-04  1.577E-05  5.903E+01  3.142E+00  3.770E+00
  2.236E-04  3.660E-04  0.000E+00  0.000E+00  3.142E+00  3.770E+00
  3.660E-04  5.990E-04  8.831E-06  5.168E+01  3.142E+00  3.770E+00
  5.990E-04  9.804E-04  1.439E-05  4.178E+01  3.142E+00  3.770E+00
  9.804E-04  1.605E-03  7.692E-06  3.850E+01  3.142E+00  3.770E+00
  1.605E-03  2.627E-03  1.208E-05  1.790E+01  3.142E+00  3.770E+00
  2.627E-03  4.299E-03  1.231E-05  2.606E+01  3.142E+00  3.770E+00
  4.299E-03  7.036E-03  1.203E-05  2.124E+01  3.142E+00  3.770E+00
  7.036E-03  1.152E-02  1.516E-05  1.988E+01  3.142E+00  3.770E+00
  1.152E-02  1.885E-02  3.171E-05  1.578E+01  3.142E+00  3.770E+00
  1.885E-02  3.085E-02  4.281E-05  1.511E+01  3.142E+00  3.770E+00
  3.085E-02  5.050E-02  5.776E-05  1.334E+01  3.142E+00  3.770E+00
  5.050E-02  8.265E-02  6.599E-05  1.388E+01  3.142E+00  3.770E+00
  8.265E-02  1.353E-01  6.423E-05  1.396E+01  3.142E+00  3.770E+00
  1.353E-01  2.214E-01  5.452E-05  1.215E+01  3.142E+00  3.770E+00
  2.214E-01  3.624E-01  3.779E-05  1.370E+01  3.142E+00  3.770E+00
  3.624E-01  5.931E-01  1.720E-05  1.369E+01  3.142E+00  3.770E+00
  5.931E-01  9.708E-01  3.062E-06  1.417E+01  3.142E+00  3.770E+00
  9.708E-01  1.589E+00  1.321E-07  1.750E+01  3.142E+00  3.770E+00
  1.589E+00  2.601E+00  0.000E+00  0.000E+00  3.142E+00  3.770E+00
  2.601E+00  4.257E+00  0.000E+00  0.000E+00  3.142E+00  3.770E+00
  4.257E+00  6.967E+00  0.000E+00  0.000E+00  3.142E+00  3.770E+00
  6.967E+00  1.140E+01  0.000E+00  0.000E+00  3.142E+00  3.770E+00
  1.140E+01  1.866E+01  0.000E+00  0.000E+00  3.142E+00  3.770E+00
  1.866E+01  3.055E+01  0.000E+00  0.000E+00  3.142E+00  3.770E+00
  3.055E+01  5.000E+01  0.000E+00  0.000E+00  3.142E+00  3.770E+00
  5.000E+01  5.000E+01  0.000E+00  0.000E+00  3.142E+00  3.770E+00

 # Block n:            7     3.76991129      :   4.39822960    
  1.000E-09  1.637E-09  0.000E+00  0.000E+00  3.770E+00  4.398E+00
  1.637E-09  2.679E-09  0.000E+00  0.000E+00  3.770E+00  4.398E+00
  2.679E-09  4.385E-09  0.000E+00  0.000E+00  3.770E+00  4.398E+00
  4.385E-09  7.177E-09  0.000E+00  0.000E+00  3.770E+00  4.398E+00
  7.177E-09  1.175E-08  0.000E+00  0.000E+00  3.770E+00  4.398E+00
  1.175E-08  1.923E-08  0.000E+00  0.000E+00  3.770E+00  4.398E+00
  1.923E-08  3.147E-08  0.000E+00  0.000E+00  3.770E+00  4.398E+00
  3.147E-08  5.150E-08  0.000E+00  0.000E+00  3.770E+00  4.398E+00
  5.150E-08  8.430E-08  0.000E+00  0.000E+00  3.770E+00  4.398E+00
  8.430E-08  1.380E-07  0.000E+00  0.000E+00  3.770E+00  4.398E+00
  1.380E-07  2.258E-07  0.000E+00  0.000E+00  3.770E+00  4.398E+00
  2.258E-07  3.696E-07  0.000E+00  0.000E+00  3.770E+00  4.398E+00
  3.696E-07  6.050E-07  0.000E+00  0.000E+00  3.770E+00  4.398E+00
  6.050E-07  9.902E-07  0.000E+00  0.000E+00  3.770E+00  4.398E+00
  9.902E-07  1.621E-06  0.000E+00  0.000E+00  3.770E+00  4.398E+00
  1.621E-06  2.653E-06  0.000E+00  0.000E+00  3.770E+00  4.398E+00
  2.653E-06  4.342E-06  0.000E+00  0.000E+00  3.770E+00  4.398E+00
  4.342E-06  7.106E-06  0.000E+00  0.000E+00  3.770E+00  4.398E+00
  7.106E-06  1.163E-05  0.000E+00  0.000E+00  3.770E+00  4.398E+00
  1.163E-05  1.904E-05  9.263E-05  9.900E+01  3.770E+00  4.398E+00
  1.904E-05  3.116E-05  5.660E-05  7.035E+01  3.770E+00  4.398E+00
  3.116E-05  5.100E-05  0.000E+00  0.000E+00  3.770E+00  4.398E+00
  5.100E-05  8.347E-05  2.113E-05  7.035E+01  3.770E+00  4.398E+00
  8.347E-05  1.366E-04  1.291E-05  7.035E+01  3.770E+00  4.398E+00
  1.366E-04  2.236E-04  0.000E+00  0.000E+00  3.770E+00  4.398E+00
  2.236E-04  3.660E-04  1.445E-05  4.117E+01  3.770E+00  4.398E+00
  3.660E-04  5.990E-04  5.888E-06  8.454E+01  3.770E+00  4.398E+00
  5.990E-04  9.804E-04  8.993E-06  5.105E+01  3.770E+00  4.398E+00
  9.804E-04  1.605E-03  2.198E-06  8.454E+01  3.770E+00  4.398E+00
  1.605E-03  2.627E-03  9.399E-06  2.627E+01  3.770E+00  4.398E+00
  2.627E-03  4.299E-03  7.383E-06  2.338E+01  3.770E+00  4.398E+00
  4.299E-03  7.036E-03  1.053E-05  1.712E+01  3.770E+00  4.398E+00
  7.036E-03  1.152E-02  1.240E-05  1.620E+01  3.770E+00  4.398E+00
  1.152E-02  1.885E-02  2.704E-05  1.576E+01  3.770E+00  4.398E+00
  1.885E-02  3.085E-02  3.555E-05  1.413E+01  3.770E+00  4.398E+00
  3.085E-02  5.050E-02  4.631E-05  1.309E+01  3.770E+00  4.398E+00
  5.050E-02  8.265E-02  4.882E-05  1.254E+01  3.770E+00  4.398E+00
  8.265E-02  1.353E-01  4.513E-05  1.245E+01  3.770E+00  4.398E+00
  1.353E-01  2.214E-01  3.549E-05  1.213E+01  3.770E+00  4.398E+00
  2.214E-01  3.624E-01  2.352E-05  1.323E+01  3.770E+00  4.398E+00
  3.624E-01  5.931E-01  9.219E-06  1.375E+01  3.770E+00  4.398E+00
  5.931E-01  9.708E-01  1.299E-06  1.419E+01  3.770E+00  4.398E+00
  9.708E-01  1.589E+00  3.329E-08  1.650E+01  3.770E+00  4.398E+00
  1.589E+00  2.601E+00  0.000E+00  0.000E+00  3.770E+00  4.398E+00
  2.601E+00  4.257E+00  0.000E+00  0.000E+00  3.770E+00  4.398E+00
  4.257E+00  6.967E+00  0.000E+00  0.000E+00  3.770E+00  4.398E+00
  6.967E+00  1.140E+01  0.000E+00  0.000E+00  3.770E+00  4.398E+00
  1.140E+01  1.866E+01  0.000E+00  0.000E+00  3.770E+00  4.398E+00
  1.866E+01  3.055E+01  0.000E+00  0.000E+00  3.770E+00  4.398E+00
  3.055E+01  5.000E+01  0.000E+00  0.000E+00  3.770E+00  4.398E+00
  5.000E+01  5.000E+01  0.000E+00  0.000E+00  3.770E+00  4.398E+00

 # Block n:            8     4.39822960      :   5.02654839    
  1.000E-09  1.637E-09  0.000E+00  0.000E+00  4.398E+00  5.027E+00
  1.637E-09  2.679E-09  0.000E+00  0.000E+00  4.398E+00  5.027E+00
  2.679E-09  4.385E-09  0.000E+00  0.000E+00  4.398E+00  5.027E+00
  4.385E-09  7.177E-09  0.000E+00  0.000E+00  4.398E+00  5.027E+00
  7.177E-09  1.175E-08  0.000E+00  0.000E+00  4.398E+00  5.027E+00
  1.175E-08  1.923E-08  0.000E+00  0.000E+00  4.398E+00  5.027E+00
  1.923E-08  3.147E-08  0.000E+00  0.000E+00  4.398E+00  5.027E+00
  3.147E-08  5.150E-08  0.000E+00  0.000E+00  4.398E+00  5.027E+00
  5.150E-08  8.430E-08  0.000E+00  0.000E+00  4.398E+00  5.027E+00
  8.430E-08  1.380E-07  0.000E+00  0.000E+00  4.398E+00  5.027E+00
  1.380E-07  2.258E-07  0.000E+00  0.000E+00  4.398E+00  5.027E+00
  2.258E-07  3.696E-07  0.000E+00  0.000E+00  4.398E+00  5.027E+00
  3.696E-07  6.050E-07  0.000E+00  0.000E+00  4.398E+00  5.027E+00
  6.050E-07  9.902E-07  0.000E+00  0.000E+00  4.398E+00  5.027E+00
  9.902E-07  1.621E-06  0.000E+00  0.000E+00  4.398E+00  5.027E+00
  1.621E-06  2.653E-06  0.000E+00  0.000E+00  4.398E+00  5.027E+00
  2.653E-06  4.342E-06  0.000E+00  0.000E+00  4.398E+00  5.027E+00
  4.342E-06  7.106E-06  0.000E+00  0.000E+00  4.398E+00  5.027E+00
  7.106E-06  1.163E-05  0.000E+00  0.000E+00  4.398E+00  5.027E+00
  1.163E-05  1.904E-05  0.000E+00  0.000E+00  4.398E+00  5.027E+00
  1.904E-05  3.116E-05  0.000E+00  0.000E+00  4.398E+00  5.027E+00
  3.116E-05  5.100E-05  0.000E+00  0.000E+00  4.398E+00  5.027E+00
  5.100E-05  8.347E-05  0.000E+00  0.000E+00  4.398E+00  5.027E+00
  8.347E-05  1.366E-04  0.000E+00  0.000E+00  4.398E+00  5.027E+00
  1.366E-04  2.236E-04  0.000E+00  0.000E+00  4.398E+00  5.027E+00
  2.236E-04  3.660E-04  0.000E+00  0.000E+00  4.398E+00  5.027E+00
  3.660E-04  5.990E-04  2.944E-06  8.876E+01  4.398E+00  5.027E+00
  5.990E-04  9.804E-04  7.194E-06  5.069E+01  4.398E+00  5.027E+00
  9.804E-04  1.605E-03  7.692E-06  6.731E+01  4.398E+00  5.027E+00
  1.605E-03  2.627E-03  6.714E-06  2.963E+01  4.398E+00  5.027E+00
  2.627E-03  4.299E-03  5.743E-06  2.260E+01  4.398E+00  5.027E+00
  4.299E-03  7.036E-03  9.022E-06  1.618E+01  4.398E+00  5.027E+00
  7.036E-03  1.152E-02  1.072E-05  1.482E+01  4.398E+00  5.027E+00
  1.152E-02  1.885E-02  1.712E-05  1.593E+01  4.398E+00  5.027E+00
  1.885E-02  3.085E-02  2.332E-05  1.214E+01  4.398E+00  5.027E+00
  3.085E-02  5.050E-02  3.237E-05  1.334E+01  4.398E+00  5.027E+00
  5.050E-02  8.265E-02  3.252E-05  1.081E+01  4.398E+00  5.027E+00
  8.265E-02  1.353E-01  2.954E-05  1.236E+01  4.398E+00  5.027E+00
  1.353E-01  2.214E-01  2.200E-05  1.299E+01  4.398E+00  5.027E+00
  2.214E-01  3.624E-01  1.347E-05  1.295E+01  4.398E+00  5.027E+00
  3.624E-01  5.931E-01  5.039E-06  1.457E+01  4.398E+00  5.027E+00
  5.931E-01  9.708E-01  4.323E-07  1.724E+01  4.398E+00  5.027E+00
  9.708E-01  1.589E+00  7.768E-09  3.609E+01  4.398E+00  5.027E+00
  1.589E+00  2.601E+00  0.000E+00  0.000E+00  4.398E+00  5.027E+00
  2.601E+00  4.257E+00  0.000E+00  0.000E+00  4.398E+00  5.027E+00
  4.257E+00  6.967E+00  0.000E+00  0.000E+00  4.398E+00  5.027E+00
  6.967E+00  1.140E+01  0.000E+00  0.000E+00  4.398E+00  5.027E+00
  1.140E+01  1.866E+01  0.000E+00  0.000E+00  4.398E+00  5.027E+00
  1.866E+01  3.055E+01  0.000E+00  0.000E+00  4.398E+00  5.027E+00
  3.055E+01  5.000E+01  0.000E+00  0.000E+00  4.398E+00  5.027E+00
  5.000E+01  5.000E+01  0.000E+00  0.000E+00  4.398E+00  5.027E+00

 # Block n:            9     5.02654839      :   5.65486717    
  1.000E-09  1.637E-09  0.000E+00  0.000E+00  5.027E+00  5.655E+00
  1.637E-09  2.679E-09  0.000E+00  0.000E+00  5.027E+00  5.655E+00
  2.679E-09  4.385E-09  0.000E+00  0.000E+00  5.027E+00  5.655E+00
  4.385E-09  7.177E-09  0.000E+00  0.000E+00  5.027E+00  5.655E+00
  7.177E-09  1.175E-08  0.000E+00  0.000E+00  5.027E+00  5.655E+00
  1.175E-08  1.923E-08  0.000E+00  0.000E+00  5.027E+00  5.655E+00
  1.923E-08  3.147E-08  0.000E+00  0.000E+00  5.027E+00  5.655E+00
  3.147E-08  5.150E-08  0.000E+00  0.000E+00  5.027E+00  5.655E+00
  5.150E-08  8.430E-08  0.000E+00  0.000E+00  5.027E+00  5.655E+00
  8.430E-08  1.380E-07  0.000E+00  0.000E+00  5.027E+00  5.655E+00
  1.380E-07  2.258E-07  0.000E+00  0.000E+00  5.027E+00  5.655E+00
  2.258E-07  3.696E-07  0.000E+00  0.000E+00  5.027E+00  5.655E+00
  3.696E-07  6.050E-07  0.000E+00  0.000E+00  5.027E+00  5.655E+00
  6.050E-07  9.902E-07  0.000E+00  0.000E+00  5.027E+00  5.655E+00
  9.902E-07  1.621E-06  0.000E+00  0.000E+00  5.027E+00  5.655E+00
  1.621E-06  2.653E-06  0.000E+00  0.000E+00  5.027E+00  5.655E+00
  2.653E-06  4.342E-06  0.000E+00  0.000E+00  5.027E+00  5.655E+00
  4.342E-06  7.106E-06  0.000E+00  0.000E+00  5.027E+00  5.655E+00
  7.106E-06  1.163E-05  0.000E+00  0.000E+00  5.027E+00  5.655E+00
  1.163E-05  1.904E-05  0.000E+00  0.000E+00  5.027E+00  5.655E+00
  1.904E-05  3.116E-05  0.000E+00  0.000E+00  5.027E+00  5.655E+00
  3.116E-05  5.100E-05  0.000E+00  0.000E+00  5.027E+00  5.655E+00
  5.100E-05  8.347E-05  0.000E+00  0.000E+00  5.027E+00  5.655E+00
  8.347E-05  1.366E-04  0.000E+00  0.000E+00  5.027E+00  5.655E+00
  1.366E-04  2.236E-04  0.000E+00  0.000E+00  5.027E+00  5.655E+00
  2.236E-04  3.660E-04  0.000E+00  0.000E+00  5.027E+00  5.655E+00
  3.660E-04  5.990E-04  5.888E-06  5.246E+01  5.027E+00  5.655E+00
  5.990E-04  9.804E-04  8.993E-06  4.495E+01  5.027E+00  5.655E+00
  9.804E-04  1.605E-03  7.692E-06  4.360E+01  5.027E+00  5.655E+00
  1.605E-03  2.627E-03  2.014E-06  4.117E+01  5.027E+00  5.655E+00
  2.627E-03  4.299E-03  3.692E-06  3.651E+01  5.027E+00  5.655E+00
  4.299E-03  7.036E-03  3.509E-06  3.168E+01  5.027E+00  5.655E+00
  7.036E-03  1.152E-02  4.594E-06  2.343E+01  5.027E+00  5.655E+00
  1.152E-02  1.885E-02  9.262E-06  1.751E+01  5.027E+00  5.655E+00
  1.885E-02  3.085E-02  1.446E-05  1.714E+01  5.027E+00  5.655E+00
  3.085E-02  5.050E-02  1.858E-05  1.456E+01  5.027E+00  5.655E+00
  5.050E-02  8.265E-02  1.978E-05  1.330E+01  5.027E+00  5.655E+00
  8.265E-02  1.353E-01  1.542E-05  1.326E+01  5.027E+00  5.655E+00
  1.353E-01  2.214E-01  1.082E-05  1.267E+01  5.027E+00  5.655E+00
  2.214E-01  3.624E-01  6.467E-06  1.545E+01  5.027E+00  5.655E+00
  3.624E-01  5.931E-01  1.855E-06  1.394E+01  5.027E+00  5.655E+00
  5.931E-01  9.708E-01  1.689E-07  1.363E+01  5.027E+00  5.655E+00
  9.708E-01  1.589E+00  1.110E-09  9.900E+01  5.027E+00  5.655E+00
  1.589E+00  2.601E+00  0.000E+00  0.000E+00  5.027E+00  5.655E+00
  2.601E+00  4.257E+00  0.000E+00  0.000E+00  5.027E+00  5.655E+00
  4.257E+00  6.967E+00  0.000E+00  0.000E+00  5.027E+00  5.655E+00
  6.967E+00  1.140E+01  0.000E+00  0.000E+00  5.027E+00  5.655E+00
  1.140E+01  1.866E+01  0.000E+00  0.000E+00  5.027E+00  5.655E+00
  1.866E+01  3.055E+01  0.000E+00  0.000E+00  5.027E+00  5.655E+00
  3.055E+01  5.000E+01  0.000E+00  0.000E+00  5.027E+00  5.655E+00
  5.000E+01  5.000E+01  0.000E+00  0.000E+00  5.027E+00  5.655E+00

 # Block n:           10     5.65486717      :   6.28318548    
  1.000E-09  1.637E-09  0.000E+00  0.000E+00  5.655E+00  6.283E+00
  1.637E-09  2.679E-09  0.000E+00  0.000E+00  5.655E+00  6.283E+00
  2.679E-09  4.385E-09  0.000E+00  0.000E+00  5.655E+00  6.283E+00
  4.385E-09  7.177E-09  0.000E+00  0.000E+00  5.655E+00  6.283E+00
  7.177E-09  1.175E-08  0.000E+00  0.000E+00  5.655E+00  6.283E+00
  1.175E-08  1.923E-08  0.000E+00  0.000E+00  5.655E+00  6.283E+00
  1.923E-08  3.147E-08  0.000E+00  0.000E+00  5.655E+00  6.283E+00
  3.147E-08  5.150E-08  0.000E+00  0.000E+00  5.655E+00  6.283E+00
  5.150E-08  8.430E-08  0.000E+00  0.000E+00  5.655E+00  6.283E+00
  8.430E-08  1.380E-07  0.000E+00  0.000E+00  5.655E+00  6.283E+00
  1.380E-07  2.258E-07  0.000E+00  0.000E+00  5.655E+00  6.283E+00
  2.258E-07  3.696E-07  0.000E+00  0.000E+00  5.655E+00  6.283E+00
  3.696E-07  6.050E-07  0.000E+00  0.000E+00  5.655E+00  6.283E+00
  6.050E-07  9.902E-07  0.000E+00  0.000E+00  5.655E+00  6.283E+00
  9.902E-07  1.621E-06  0.000E+00  0.000E+00  5.655E+00  6.283E+00
  1.621E-06  2.653E-06  0.000E+00  0.000E+00  5.655E+00  6.283E+00
  2.653E-06  4.342E-06  0.000E+00  0.000E+00  5.655E+00  6.283E+00
  4.342E-06  7.106E-06  0.000E+00  0.000E+00  5.655E+00  6.283E+00
  7.106E-06  1.163E-05  0.000E+00  0.000E+00  5.655E+00  6.283E+00
  1.163E-05  1.904E-05  0.000E+00  0.000E+00  5.655E+00  6.283E+00
  1.904E-05  3.116E-05  0.000E+00  0.000E+00  5.655E+00  6.283E+00
  3.116E-05  5.100E-05  0.000E+00  0.000E+00  5.655E+00  6.283E+00
  5.100E-05  8.347E-05  0.000E+00  0.000E+00  5.655E+00  6.283E+00
  8.347E-05  1.366E-04  0.000E+00  0.000E+00  5.655E+00  6.283E+00
  1.366E-04  2.236E-04  0.000E+00  0.000E+00  5.655E+00  6.283E+00
  2.236E-04  3.660E-04  4.818E-06  7.035E+01  5.655E+00  6.283E+00
  3.660E-04  5.990E-04  2.944E-06  7.035E+01  5.655E+00  6.283E+00
  5.990E-04  9.804E-04  1.799E-06  7.035E+01  5.655E+00  6.283E+00
  9.804E-04  1.605E-03  2.198E-06  4.495E+01  5.655E+00  6.283E+00
  1.605E-03  2.627E-03  0.000E+00  0.000E+00  5.655E+00  6.283E+00
  2.627E-03  4.299E-03  8.204E-07  8.454E+01  5.655E+00  6.283E+00
  4.299E-03  7.036E-03  5.012E-07  8.454E+01  5.655E+00  6.283E+00
  7.036E-03  1.152E-02  1.225E-06  4.495E+01  5.655E+00  6.283E+00
  1.152E-02  1.885E-02  4.490E-06  2.011E+01  5.655E+00  6.283E+00
  1.885E-02  3.085E-02  4.916E-06  1.648E+01  5.655E+00  6.283E+00
  3.085E-02  5.050E-02  5.308E-06  1.371E+01  5.655E+00  6.283E+00
  5.050E-02  8.265E-02  6.443E-06  1.413E+01  5.655E+00  6.283E+00
  8.265E-02  1.353E-01  4.941E-06  1.554E+01  5.655E+00  6.283E+00
  1.353E-01  2.214E-01  3.265E-06  1.435E+01  5.655E+00  6.283E+00
  2.214E-01  3.624E-01  1.990E-06  1.319E+01  5.655E+00  6.283E+00
  3.624E-01  5.931E-01  4.787E-07  1.365E+01  5.655E+00  6.283E+00
  5.931E-01  9.708E-01  2.180E-08  2.864E+01  5.655E+00  6.283E+00
  9.708E-01  1.589E+00  0.000E+00  0.000E+00  5.655E+00  6.283E+00
  1.589E+00  2.601E+00  0.000E+00  0.000E+00  5.655E+00  6.283E+00
  2.601E+00  4.257E+00  0.000E+00  0.000E+00  5.655E+00  6.283E+00
  4.257E+00  6.967E+00  0.000E+00  0.000E+00  5.655E+00  6.283E+00
  6.967E+00  1.140E+01  0.000E+00  0.000E+00  5.655E+00  6.283E+00
  1.140E+01  1.866E+01  0.000E+00  0.000E+00  5.655E+00  6.283E+00
  1.866E+01  3.055E+01  0.000E+00  0.000E+00  5.655E+00  6.283E+00
  3.055E+01  5.000E+01  0.000E+00  0.000E+00  5.655E+00  6.283E+00
  5.000E+01  5.000E+01  0.000E+00  0.000E+00  5.655E+00  6.283E+00

  1.000E-09  1.000E-09  0.000E+00  0.000E+00  6.283E+00  6.283E+00
  1.637E-09  1.637E-09  0.000E+00  0.000E+00  6.283E+00  6.283E+00
  2.679E-09  2.679E-09  0.000E+00  0.000E+00  6.283E+00  6.283E+00
  4.385E-09  4.385E-09  0.000E+00  0.000E+00  6.283E+00  6.283E+00
  7.177E-09  7.177E-09  0.000E+00  0.000E+00  6.283E+00  6.283E+00
  1.175E-08  1.175E-08  0.000E+00  0.000E+00  6.283E+00  6.283E+00
  1.923E-08  1.923E-08  0.000E+00  0.000E+00  6.283E+00  6.283E+00
  3.147E-08  3.147E-08  0.000E+00  0.000E+00  6.283E+00  6.283E+00
  5.150E-08  5.150E-08  0.000E+00  0.000E+00  6.283E+00  6.283E+00
  8.430E-08  8.430E-08  0.000E+00  0.000E+00  6.283E+00  6.283E+00
  1.380E-07  1.380E-07  0.000E+00  0.000E+00  6.283E+00  6.283E+00
  2.258E-07  2.258E-07  0.000E+00  0.000E+00  6.283E+00  6.283E+00
  3.696E-07  3.696E-07  0.000E+00  0.000E+00  6.283E+00  6.283E+00
  6.050E-07  6.050E-07  0.000E+00  0.000E+00  6.283E+00  6.283E+00
  9.902E-07  9.902E-07  0.000E+00  0.000E+00  6.283E+00  6.283E+00
  1.621E-06  1.621E-06  0.000E+00  0.000E+00  6.283E+00  6.283E+00
  2.653E-06  2.653E-06  0.000E+00  0.000E+00  6.283E+00  6.283E+00
  4.342E-06  4.342E-06  0.000E+00  0.000E+00  6.283E+00  6.283E+00
  7.106E-06  7.106E-06  0.000E+00  0.000E+00  6.283E+00  6.283E+00
  1.163E-05  1.163E-05  0.000E+00  0.000E+00  6.283E+00  6.283E+00
  1.904E-05  1.904E-05  0.000E+00  0.000E+00  6.283E+00  6.283E+00
  3.116E-05  3.116E-05  0.000E+00  0.000E+00  6.283E+00  6.283E+00
  5.100E-05  5.100E-05  0.000E+00  0.000E+00  6.283E+00  6.283E+00
  8.347E-05  8.347E-05  0.000E+00  0.000E+00  6.283E+00  6.283E+00
  1.366E-04  1.366E-04  0.000E+00  0.000E+00  6.283E+00  6.283E+00
  2.236E-04  2.236E-04  0.000E+00  0.000E+00  6.283E+00  6.283E+00
  3.660E-04  3.660E-04  0.000E+00  0.000E+00  6.283E+00  6.283E+00
  5.990E-04  5.990E-04  0.000E+00  0.000E+00  6.283E+00  6.283E+00
  9.804E-04  9.804E-04  0.000E+00  0.000E+00  6.283E+00  6.283E+00
  1.605E-03  1.605E-03  0.000E+00  0.000E+00  6.283E+00  6.283E+00
  2.627E-03  2.627E-03  0.000E+00  0.000E+00  6.283E+00  6.283E+00
  4.299E-03  4.299E-03  0.000E+00  0.000E+00  6.283E+00  6.283E+00
  7.036E-03  7.036E-03  0.000E+00  0.000E+00  6.283E+00  6.283E+00
  1.152E-02  1.152E-02  0.000E+00  0.000E+00  6.283E+00  6.283E+00
  1.885E-02  1.885E-02  0.000E+00  0.000E+00  6.283E+00  6.283E+00
  3.085E-02  3.085E-02  0.000E+00  0.000E+00  6.283E+00  6.283E+00
  5.050E-02  5.050E-02  0.000E+00  0.000E+00  6.283E+00  6.283E+00
  8.265E-02  8.265E-02  0.000E+00  0.000E+00  6.283E+00  6.283E+00
  1.353E-01  1.353E-01  0.000E+00  0.000E+00  6.283E+00  6.283E+00
  2.214E-01  2.214E-01  0.000E+00  0.000E+00  6.283E+00  6.283E+00
  3.624E-01  3.624E-01  0.000E+00  0.000E+00  6.283E+00  6.283E+00
  5.931E-01  5.931E-01  0.000E+00  0.000E+00  6.283E+00  6.283E+00
  9.708E-01  9.708E-01  0.000E+00  0.000E+00  6.283E+00  6.283E+00
  1.589E+00  1.589E+00  0.000E+00  0.000E+00  6.283E+00  6.283E+00
  2.601E+00  2.601E+00  0.000E+00  0.000E+00  6.283E+00  6.283E+00
  4.257E+00  4.257E+00  0.000E+00  0.000E+00  6.283E+00  6.283E+00
  6.967E+00  6.967E+00  0.000E+00  0.000E+00  6.283E+00  6.283E+00
  1.140E+01  1.140E+01  0.000E+00  0.000E+00  6.283E+00  6.283E+00
  1.866E+01  1.866E+01  0.000E+00  0.000E+00  6.283E+00  6.283E+00
  3.055E+01  3.055E+01  0.000E+00  0.000E+00  6.283E+00  6.283E+00
  5.000E+01  5.000E+01  0.000E+00  0.000E+00  6.283E+00  6.283E+00
