2026-05-07 10:49:03,677 - INFO - FLUKA OK: abl_bo_eval1.inp (56.6s)
2026-05-07 10:49:03,735 - INFO - ustsuw OK ¡ú /home/marina/caseI/5runBO/run1/abl_bo_eval1_out_tab.lis (5 cycles, unit 24)
2026-05-07 10:49:03,738 - INFO - Eval 1: HCNO: N=35.8%  H=17.1%  C=22.1%  O=25.1%
2026-05-07 10:49:03,738 - INFO - Eval 1: Reward=29.7728  State=[np.float64(2.0), np.float64(3.0), np.float64(5.0), np.float64(6.5), np.float64(5.5), np.float64(3.0), np.float64(3.0)]
2026-05-07 10:49:03,738 - INFO - New Best: 29.7728 at eval 1
2026-05-07 10:49:48,970 - INFO - FLUKA OK: abl_bo_eval2.inp (45.2s)
2026-05-07 10:49:48,976 - INFO - ustsuw OK ¡ú /home/marina/caseI/5runBO/run1/abl_bo_eval2_out_tab.lis (5 cycles, unit 24)
2026-05-07 10:49:48,977 - INFO - Eval 2: HCNO: N=40.5%  H=10.0%  C=25.8%  O=23.7%
2026-05-07 10:49:48,977 - INFO - Eval 2: Reward=24.5288  State=[np.float64(3.0), np.float64(6.0), np.float64(5.5), np.float64(3.0), np.float64(4.0), np.float64(7.0), np.float64(4.5)]
2026-05-07 10:50:37,654 - INFO - FLUKA OK: abl_bo_eval3.inp (48.6s)
2026-05-07 10:50:37,909 - INFO - ustsuw OK ¡ú /home/marina/caseI/5runBO/run1/abl_bo_eval3_out_tab.lis (5 cycles, unit 24)
2026-05-07 10:50:37,942 - INFO - Eval 3: HCNO: N=46.1%  H=6.8%  C=18.9%  O=28.2%
2026-05-07 10:50:37,986 - INFO - Eval 3: Reward=21.0741  State=[np.float64(3.0), np.float64(6.5), np.float64(7.0), np.float64(3.0), np.float64(2.5), np.float64(6.5), np.float64(1.0)]
2026-05-07 10:51:36,239 - INFO - FLUKA OK: abl_bo_eval4.inp (57.3s)
2026-05-07 10:51:36,750 - INFO - ustsuw OK ¡ú /home/marina/caseI/5runBO/run1/abl_bo_eval4_out_tab.lis (5 cycles, unit 24)
2026-05-07 10:51:36,863 - INFO - Eval 4: HCNO: N=33.1%  H=17.4%  C=14.2%  O=35.3%
2026-05-07 10:51:37,785 - INFO - Eval 4: Reward=27.5833  State=[np.float64(6.5), np.float64(4.5), np.float64(2.0), np.float64(2.5), np.float64(2.5), np.float64(6.0), np.float64(1.5)]
2026-05-07 10:52:16,513 - INFO - FLUKA OK: abl_bo_eval5.inp (38.4s)
2026-05-07 10:52:16,753 - INFO - ustsuw OK ¡ú /home/marina/caseI/5runBO/run1/abl_bo_eval5_out_tab.lis (5 cycles, unit 24)
2026-05-07 10:52:16,753 - INFO - Eval 5: HCNO: N=35.9%  H=13.4%  C=26.8%  O=23.9%
2026-05-07 10:52:16,773 - INFO - Eval 5: Reward=16.5696  State=[np.float64(5.0), np.float64(7.0), np.float64(6.0), np.float64(3.0), np.float64(4.5), np.float64(6.5), np.float64(8.5)]
2026-05-07 10:52:56,145 - INFO - FLUKA OK: abl_bo_eval6.inp (38.4s)
2026-05-07 10:52:56,412 - INFO - ustsuw OK ¡ú /home/marina/caseI/5runBO/run1/abl_bo_eval6_out_tab.lis (5 cycles, unit 24)
2026-05-07 10:52:56,528 - INFO - Eval 6: HCNO: N=36.8%  H=13.2%  C=18.3%  O=31.7%
2026-05-07 10:52:56,530 - INFO - Eval 6: Reward=31.3916  State=[np.float64(6.0), np.float64(4.5), np.float64(5.0), np.float64(2.0), np.float64(4.0), np.float64(8.0), np.float64(6.0)]
2026-05-07 10:52:56,531 - INFO - New Best: 31.3916 at eval 6
2026-05-07 10:53:33,279 - INFO - FLUKA OK: abl_bo_eval7.inp (36.7s)
2026-05-07 10:53:33,567 - INFO - ustsuw OK ¡ú /home/marina/caseI/5runBO/run1/abl_bo_eval7_out_tab.lis (5 cycles, unit 24)
2026-05-07 10:53:33,568 - INFO - Eval 7: HCNO: N=43.3%  H=5.5%  C=17.1%  O=34.0%
2026-05-07 10:53:33,713 - INFO - Eval 7: Reward=13.0963  State=[np.float64(7.5), np.float64(8.0), np.float64(4.5), np.float64(5.5), np.float64(3.5), np.float64(3.5), np.float64(5.5)]
2026-05-07 10:54:14,243 - INFO - FLUKA OK: abl_bo_eval8.inp (40.5s)
2026-05-07 10:54:14,489 - INFO - ustsuw OK ¡ú /home/marina/caseI/5runBO/run1/abl_bo_eval8_out_tab.lis (5 cycles, unit 24)
2026-05-07 10:54:14,490 - INFO - Eval 8: HCNO: N=48.9%  H=10.9%  C=20.8%  O=19.4%
2026-05-07 10:54:14,638 - INFO - Eval 8: Reward=29.7008  State=[np.float64(4.5), np.float64(4.0), np.float64(4.0), np.float64(6.0), np.float64(3.5), np.float64(6.0), np.float64(2.0)]
2026-05-07 10:54:52,819 - INFO - FLUKA OK: abl_bo_eval9.inp (38.2s)
2026-05-07 10:54:52,905 - INFO - ustsuw OK ¡ú /home/marina/caseI/5runBO/run1/abl_bo_eval9_out_tab.lis (5 cycles, unit 24)
2026-05-07 10:54:52,906 - INFO - Eval 9: HCNO: N=41.8%  H=15.3%  C=16.7%  O=26.2%
2026-05-07 10:54:52,976 - INFO - Eval 9: Reward=20.2213  State=[np.float64(3.0), np.float64(5.0), np.float64(3.0), np.float64(2.0), np.float64(7.0), np.float64(5.0), np.float64(5.0)]
2026-05-07 10:55:32,556 - INFO - FLUKA OK: abl_bo_eval10.inp (39.6s)
2026-05-07 10:55:32,668 - WARNING - prefix 'abl_bo_eval10' unit 24: expected 5 cycle files, found 10: ['abl_bo_eval10001_fort.24', 'abl_bo_eval10002_fort.24', 'abl_bo_eval10003_fort.24', 'abl_bo_eval10004_fort.24', 'abl_bo_eval10005_fort.24', 'abl_bo_eval1001_fort.24', 'abl_bo_eval1002_fort.24', 'abl_bo_eval1003_fort.24', 'abl_bo_eval1004_fort.24', 'abl_bo_eval1005_fort.24']
2026-05-07 10:55:32,778 - INFO - ustsuw OK ¡ú /home/marina/caseI/5runBO/run1/abl_bo_eval10_out_tab.lis (10 cycles, unit 24)
2026-05-07 10:55:32,828 - INFO - Eval 10: HCNO: N=38.0%  H=12.6%  C=20.9%  O=28.5%
2026-05-07 10:55:32,850 - INFO - Eval 10: Reward=29.4770  State=[np.float64(3.0), np.float64(5.0), np.float64(3.5), np.float64(3.0), np.float64(7.5), np.float64(2.5), np.float64(9.0)]
2026-05-07 10:57:46,033 - INFO - FLUKA OK: abl_bo_eval11.inp (36.5s)
2026-05-07 10:57:46,148 - INFO - ustsuw OK ¡ú /home/marina/caseI/5runBO/run1/abl_bo_eval11_out_tab.lis (5 cycles, unit 24)
2026-05-07 10:57:46,149 - INFO - Eval 11: HCNO: N=29.9%  H=11.3%  C=20.8%  O=38.0%
2026-05-07 10:57:46,149 - INFO - Eval 11: Reward=15.5395  State=[np.float64(8.0), np.float64(2.0), np.float64(8.0), np.float64(2.0), np.float64(2.0), np.float64(8.0), np.float64(10.0)]
2026-05-07 11:03:24,444 - INFO - FLUKA OK: abl_bo_eval12.inp (45.7s)
2026-05-07 11:03:24,464 - INFO - ustsuw OK ¡ú /home/marina/caseI/5runBO/run1/abl_bo_eval12_out_tab.lis (5 cycles, unit 24)
2026-05-07 11:03:24,464 - INFO - Eval 12: HCNO: N=47.5%  H=2.4%  C=17.8%  O=32.2%
2026-05-07 11:03:24,464 - INFO - Eval 12: Reward=15.9317  State=[np.float64(4.5), np.float64(4.5), np.float64(7.5), np.float64(8.0), np.float64(2.0), np.float64(4.0), np.float64(9.0)]
2026-05-07 11:04:05,299 - INFO - FLUKA OK: abl_bo_eval13.inp (39.6s)
2026-05-07 11:04:05,302 - INFO - ustsuw OK ¡ú /home/marina/caseI/5runBO/run1/abl_bo_eval13_out_tab.lis (5 cycles, unit 24)
2026-05-07 11:04:05,303 - INFO - Eval 13: HCNO: N=41.3%  H=13.6%  C=20.9%  O=24.3%
2026-05-07 11:04:05,303 - INFO - Eval 13: Reward=27.5377  State=[np.float64(8.0), np.float64(2.5), np.float64(3.5), np.float64(3.0), np.float64(2.0), np.float64(8.0), np.float64(10.0)]
2026-05-07 11:04:45,231 - INFO - FLUKA OK: abl_bo_eval14.inp (39.2s)
2026-05-07 11:04:45,241 - INFO - ustsuw OK ¡ú /home/marina/caseI/5runBO/run1/abl_bo_eval14_out_tab.lis (5 cycles, unit 24)
2026-05-07 11:04:45,242 - INFO - Eval 14: HCNO: N=38.4%  H=7.1%  C=28.4%  O=26.0%
2026-05-07 11:04:45,243 - INFO - Eval 14: Reward=11.0160  State=[np.float64(8.0), np.float64(4.0), np.float64(5.0), np.float64(2.0), np.float64(8.0), np.float64(8.0), np.float64(2.0)]
2026-05-07 11:05:32,894 - INFO - FLUKA OK: abl_bo_eval15.inp (46.5s)
2026-05-07 11:05:32,901 - INFO - ustsuw OK ¡ú /home/marina/caseI/5runBO/run1/abl_bo_eval15_out_tab.lis (5 cycles, unit 24)
2026-05-07 11:05:32,904 - INFO - Eval 15: HCNO: N=41.7%  H=6.6%  C=29.1%  O=22.6%
2026-05-07 11:05:32,904 - INFO - Eval 15: Reward=18.6513  State=[np.float64(2.0), np.float64(3.0), np.float64(3.5), np.float64(8.0), np.float64(7.0), np.float64(2.0), np.float64(10.0)]
2026-05-07 11:06:12,712 - INFO - FLUKA OK: abl_bo_eval16.inp (38.8s)
2026-05-07 11:06:12,715 - INFO - ustsuw OK ¡ú /home/marina/caseI/5runBO/run1/abl_bo_eval16_out_tab.lis (5 cycles, unit 24)
2026-05-07 11:06:12,716 - INFO - Eval 16: HCNO: N=38.1%  H=10.7%  C=26.5%  O=24.7%
2026-05-07 11:06:12,716 - INFO - Eval 16: Reward=28.2422  State=[np.float64(5.0), np.float64(4.0), np.float64(3.5), np.float64(2.5), np.float64(4.0), np.float64(8.0), np.float64(5.5)]
2026-05-07 11:06:56,151 - INFO - FLUKA OK: abl_bo_eval17.inp (42.7s)
2026-05-07 11:06:56,154 - INFO - ustsuw OK ¡ú /home/marina/caseI/5runBO/run1/abl_bo_eval17_out_tab.lis (5 cycles, unit 24)
2026-05-07 11:06:56,155 - INFO - Eval 17: HCNO: N=43.2%  H=9.7%  C=28.9%  O=18.2%
2026-05-07 11:06:56,155 - INFO - Eval 17: Reward=21.6724  State=[np.float64(5.0), np.float64(4.5), np.float64(5.5), np.float64(3.5), np.float64(4.5), np.float64(6.0), np.float64(3.0)]
2026-05-07 11:07:35,529 - INFO - FLUKA OK: abl_bo_eval18.inp (38.4s)
2026-05-07 11:07:35,532 - INFO - ustsuw OK ¡ú /home/marina/caseI/5runBO/run1/abl_bo_eval18_out_tab.lis (5 cycles, unit 24)
2026-05-07 11:07:35,533 - INFO - Eval 18: HCNO: N=36.6%  H=10.3%  C=22.8%  O=30.3%
2026-05-07 11:07:35,533 - INFO - Eval 18: Reward=21.1877  State=[np.float64(7.0), np.float64(5.0), np.float64(4.5), np.float64(3.5), np.float64(4.0), np.float64(5.0), np.float64(9.0)]
2026-05-07 11:08:13,702 - INFO - FLUKA OK: abl_bo_eval19.inp (36.8s)
2026-05-07 11:08:13,707 - INFO - ustsuw OK ¡ú /home/marina/caseI/5runBO/run1/abl_bo_eval19_out_tab.lis (5 cycles, unit 24)
2026-05-07 11:08:13,708 - INFO - Eval 19: HCNO: N=36.7%  H=9.3%  C=26.2%  O=27.8%
2026-05-07 11:08:13,708 - INFO - Eval 19: Reward=25.2683  State=[np.float64(7.5), np.float64(4.0), np.float64(5.5), np.float64(4.0), np.float64(3.5), np.float64(8.0), np.float64(2.0)]
2026-05-07 11:08:53,896 - INFO - FLUKA OK: abl_bo_eval20.inp (38.7s)
2026-05-07 11:08:53,940 - WARNING - prefix 'abl_bo_eval20' unit 24: expected 5 cycle files, found 10: ['abl_bo_eval20001_fort.24', 'abl_bo_eval20002_fort.24', 'abl_bo_eval20003_fort.24', 'abl_bo_eval20004_fort.24', 'abl_bo_eval20005_fort.24', 'abl_bo_eval2001_fort.24', 'abl_bo_eval2002_fort.24', 'abl_bo_eval2003_fort.24', 'abl_bo_eval2004_fort.24', 'abl_bo_eval2005_fort.24']
2026-05-07 11:08:54,059 - INFO - ustsuw OK ¡ú /home/marina/caseI/5runBO/run1/abl_bo_eval20_out_tab.lis (10 cycles, unit 24)
2026-05-07 11:08:54,060 - INFO - Eval 20: HCNO: N=43.6%  H=11.9%  C=20.9%  O=23.6%
2026-05-07 11:08:54,061 - INFO - Eval 20: Reward=29.3403  State=[np.float64(5.5), np.float64(5.0), np.float64(3.5), np.float64(2.5), np.float64(3.0), np.float64(8.0), np.float64(8.5)]
2026-05-07 11:09:46,299 - INFO - FLUKA OK: abl_bo_eval21.inp (42.0s)
2026-05-07 11:09:46,307 - INFO - ustsuw OK ¡ú /home/marina/caseI/5runBO/run1/abl_bo_eval21_out_tab.lis (5 cycles, unit 24)
2026-05-07 11:09:46,308 - INFO - Eval 21: HCNO: N=31.0%  H=17.3%  C=26.7%  O=25.0%
2026-05-07 11:09:46,308 - INFO - Eval 21: Reward=24.0932  State=[np.float64(2.5), np.float64(3.5), np.float64(3.0), np.float64(5.0), np.float64(3.0), np.float64(6.5), np.float64(2.0)]
2026-05-07 11:10:24,284 - INFO - FLUKA OK: abl_bo_eval22.inp (36.4s)
2026-05-07 11:10:24,288 - INFO - ustsuw OK ¡ú /home/marina/caseI/5runBO/run1/abl_bo_eval22_out_tab.lis (5 cycles, unit 24)
2026-05-07 11:10:24,289 - INFO - Eval 22: HCNO: N=35.4%  H=6.1%  C=22.8%  O=35.7%
2026-05-07 11:10:24,289 - INFO - Eval 22: Reward=19.3920  State=[np.float64(7.5), np.float64(5.5), np.float64(3.0), np.float64(3.0), np.float64(3.5), np.float64(8.0), np.float64(2.0)]
2026-05-07 11:11:01,942 - INFO - FLUKA OK: abl_bo_eval23.inp (37.1s)
2026-05-07 11:11:01,945 - INFO - ustsuw OK ¡ú /home/marina/caseI/5runBO/run1/abl_bo_eval23_out_tab.lis (5 cycles, unit 24)
2026-05-07 11:11:01,946 - INFO - Eval 23: HCNO: N=41.5%  H=11.5%  C=23.3%  O=23.6%
2026-05-07 11:11:01,946 - INFO - Eval 23: Reward=13.8888  State=[np.float64(4.5), np.float64(4.5), np.float64(4.5), np.float64(3.5), np.float64(3.0), np.float64(8.0), np.float64(6.0)]
2026-05-07 11:11:39,728 - INFO - FLUKA OK: abl_bo_eval24.inp (36.7s)
2026-05-07 11:11:39,732 - INFO - ustsuw OK ¡ú /home/marina/caseI/5runBO/run1/abl_bo_eval24_out_tab.lis (5 cycles, unit 24)
2026-05-07 11:11:39,734 - INFO - Eval 24: HCNO: N=32.7%  H=11.1%  C=22.0%  O=34.2%
2026-05-07 11:11:39,735 - INFO - Eval 24: Reward=28.0126  State=[np.float64(7.0), np.float64(5.0), np.float64(5.0), np.float64(3.5), np.float64(6.5), np.float64(5.5), np.float64(7.5)]
2026-05-07 11:12:27,105 - INFO - FLUKA OK: abl_bo_eval25.inp (45.8s)
2026-05-07 11:12:27,110 - INFO - ustsuw OK ¡ú /home/marina/caseI/5runBO/run1/abl_bo_eval25_out_tab.lis (5 cycles, unit 24)
2026-05-07 11:12:27,111 - INFO - Eval 25: HCNO: N=39.9%  H=12.5%  C=14.2%  O=33.5%
2026-05-07 11:12:27,111 - INFO - Eval 25: Reward=19.3945  State=[np.float64(3.5), np.float64(6.5), np.float64(5.0), np.float64(2.0), np.float64(5.5), np.float64(7.0), np.float64(2.0)]
2026-05-07 11:13:20,872 - INFO - FLUKA OK: abl_bo_eval26.inp (50.9s)
2026-05-07 11:13:27,928 - INFO - ustsuw OK ¡ú /home/marina/caseI/5runBO/run1/abl_bo_eval26_out_tab.lis (5 cycles, unit 24)
2026-05-07 11:13:27,930 - INFO - Eval 26: HCNO: N=31.2%  H=3.8%  C=43.5%  O=21.5%
2026-05-07 11:13:27,931 - INFO - Eval 26: Reward=8.9398  State=[np.float64(5.5), np.float64(8.0), np.float64(5.0), np.float64(2.0), np.float64(7.5), np.float64(8.0), np.float64(6.5)]
2026-05-07 11:14:25,942 - INFO - FLUKA OK: abl_bo_eval27.inp (57.5s)
2026-05-07 11:14:25,946 - INFO - ustsuw OK ¡ú /home/marina/caseI/5runBO/run1/abl_bo_eval27_out_tab.lis (5 cycles, unit 24)
2026-05-07 11:14:25,947 - INFO - Eval 27: HCNO: N=32.2%  H=7.9%  C=23.3%  O=36.6%
2026-05-07 11:14:25,947 - INFO - Eval 27: Reward=24.3124  State=[np.float64(5.5), np.float64(4.0), np.float64(5.5), np.float64(4.5), np.float64(7.0), np.float64(5.0), np.float64(2.0)]
2026-05-07 11:15:04,016 - INFO - FLUKA OK: abl_bo_eval28.inp (37.2s)
2026-05-07 11:15:04,020 - INFO - ustsuw OK ¡ú /home/marina/caseI/5runBO/run1/abl_bo_eval28_out_tab.lis (5 cycles, unit 24)
2026-05-07 11:15:04,021 - INFO - Eval 28: HCNO: N=56.9%  H=12.4%  C=14.5%  O=16.2%
2026-05-07 11:15:04,021 - INFO - Eval 28: Reward=34.6698  State=[np.float64(4.5), np.float64(5.0), np.float64(5.0), np.float64(2.0), np.float64(2.5), np.float64(2.5), np.float64(8.0)]
2026-05-07 11:15:04,021 - INFO - New Best: 34.6698 at eval 28
2026-05-07 11:15:51,726 - INFO - FLUKA OK: abl_bo_eval29.inp (46.4s)
2026-05-07 11:15:51,729 - INFO - ustsuw OK ¡ú /home/marina/caseI/5runBO/run1/abl_bo_eval29_out_tab.lis (5 cycles, unit 24)
2026-05-07 11:15:51,730 - INFO - Eval 29: HCNO: N=47.3%  H=7.9%  C=15.8%  O=29.0%
2026-05-07 11:15:51,730 - INFO - Eval 29: Reward=23.2681  State=[np.float64(5.5), np.float64(3.5), np.float64(5.0), np.float64(2.0), np.float64(2.0), np.float64(7.5), np.float64(3.0)]
2026-05-07 11:16:50,614 - INFO - FLUKA OK: abl_bo_eval30.inp (49.3s)
2026-05-07 11:16:50,714 - WARNING - prefix 'abl_bo_eval30' unit 24: expected 5 cycle files, found 10: ['abl_bo_eval30001_fort.24', 'abl_bo_eval30002_fort.24', 'abl_bo_eval30003_fort.24', 'abl_bo_eval30004_fort.24', 'abl_bo_eval30005_fort.24', 'abl_bo_eval3001_fort.24', 'abl_bo_eval3002_fort.24', 'abl_bo_eval3003_fort.24', 'abl_bo_eval3004_fort.24', 'abl_bo_eval3005_fort.24']
2026-05-07 11:16:56,922 - INFO - ustsuw OK ¡ú /home/marina/caseI/5runBO/run1/abl_bo_eval30_out_tab.lis (10 cycles, unit 24)
2026-05-07 11:16:56,924 - INFO - Eval 30: HCNO: N=38.6%  H=9.1%  C=23.0%  O=29.3%
2026-05-07 11:16:56,924 - INFO - Eval 30: Reward=29.8531  State=[np.float64(6.0), np.float64(2.0), np.float64(5.0), np.float64(2.0), np.float64(4.0), np.float64(6.5), np.float64(10.0)]
2026-05-07 11:17:39,844 - INFO - FLUKA OK: abl_bo_eval31.inp (41.4s)
2026-05-07 11:17:40,004 - INFO - ustsuw OK ¡ú /home/marina/caseI/5runBO/run1/abl_bo_eval31_out_tab.lis (5 cycles, unit 24)
2026-05-07 11:17:40,005 - INFO - Eval 31: HCNO: N=40.2%  H=10.0%  C=15.7%  O=34.1%
2026-05-07 11:17:40,005 - INFO - Eval 31: Reward=29.6378  State=[np.float64(3.5), np.float64(2.5), np.float64(3.5), np.float64(2.0), np.float64(6.5), np.float64(6.0), np.float64(2.0)]
2026-05-07 11:18:20,337 - INFO - FLUKA OK: abl_bo_eval32.inp (38.8s)
2026-05-07 11:18:20,342 - INFO - ustsuw OK ¡ú /home/marina/caseI/5runBO/run1/abl_bo_eval32_out_tab.lis (5 cycles, unit 24)
2026-05-07 11:18:20,343 - INFO - Eval 32: HCNO: N=39.2%  H=9.4%  C=22.8%  O=28.6%
2026-05-07 11:18:20,344 - INFO - Eval 32: Reward=31.5881  State=[np.float64(5.0), np.float64(6.5), np.float64(5.0), np.float64(2.0), np.float64(4.5), np.float64(2.0), np.float64(1.5)]
2026-05-07 11:19:05,046 - INFO - FLUKA OK: abl_bo_eval33.inp (40.9s)
2026-05-07 11:19:05,050 - INFO - ustsuw OK ¡ú /home/marina/caseI/5runBO/run1/abl_bo_eval33_out_tab.lis (5 cycles, unit 24)
2026-05-07 11:19:05,051 - INFO - Eval 33: HCNO: N=42.2%  H=15.2%  C=19.1%  O=23.5%
2026-05-07 11:19:05,051 - INFO - Eval 33: Reward=21.1795  State=[np.float64(6.0), np.float64(2.5), np.float64(3.5), np.float64(5.0), np.float64(4.5), np.float64(8.0), np.float64(1.5)]
2026-05-07 11:20:22,550 - INFO - FLUKA OK: abl_bo_eval34.inp (75.2s)
2026-05-07 11:20:22,555 - INFO - ustsuw OK ¡ú /home/marina/caseI/5runBO/run1/abl_bo_eval34_out_tab.lis (5 cycles, unit 24)
2026-05-07 11:20:22,556 - INFO - Eval 34: HCNO: N=39.1%  H=10.6%  C=24.0%  O=26.3%
2026-05-07 11:20:22,556 - INFO - Eval 34: Reward=28.0938  State=[np.float64(3.0), np.float64(6.0), np.float64(5.0), np.float64(2.0), np.float64(2.0), np.float64(2.0), np.float64(1.5)]
2026-05-07 11:21:02,587 - INFO - FLUKA OK: abl_bo_eval35.inp (37.3s)
2026-05-07 11:21:02,590 - INFO - ustsuw OK ¡ú /home/marina/caseI/5runBO/run1/abl_bo_eval35_out_tab.lis (5 cycles, unit 24)
2026-05-07 11:21:02,591 - INFO - Eval 35: HCNO: N=40.8%  H=5.7%  C=21.1%  O=32.5%
2026-05-07 11:21:02,591 - INFO - Eval 35: Reward=14.2128  State=[np.float64(6.0), np.float64(7.0), np.float64(5.0), np.float64(2.0), np.float64(6.5), np.float64(6.0), np.float64(10.0)]
2026-05-07 11:21:44,781 - INFO - FLUKA OK: abl_bo_eval36.inp (39.5s)
2026-05-07 11:21:44,786 - INFO - ustsuw OK ¡ú /home/marina/caseI/5runBO/run1/abl_bo_eval36_out_tab.lis (5 cycles, unit 24)
2026-05-07 11:21:44,787 - INFO - Eval 36: HCNO: N=43.0%  H=10.3%  C=19.0%  O=27.7%
2026-05-07 11:21:44,787 - INFO - Eval 36: Reward=20.6068  State=[np.float64(3.5), np.float64(4.5), np.float64(4.0), np.float64(2.0), np.float64(3.5), np.float64(2.0), np.float64(8.0)]
2026-05-07 11:22:28,331 - INFO - FLUKA OK: abl_bo_eval37.inp (39.9s)
2026-05-07 11:22:28,336 - INFO - ustsuw OK ¡ú /home/marina/caseI/5runBO/run1/abl_bo_eval37_out_tab.lis (5 cycles, unit 24)
2026-05-07 11:22:28,337 - INFO - Eval 37: HCNO: N=29.9%  H=15.6%  C=25.5%  O=29.0%
2026-05-07 11:22:28,337 - INFO - Eval 37: Reward=22.6688  State=[np.float64(5.0), np.float64(7.0), np.float64(5.0), np.float64(2.0), np.float64(3.0), np.float64(2.0), np.float64(9.0)]
2026-05-07 11:23:14,103 - INFO - FLUKA OK: abl_bo_eval38.inp (41.5s)
2026-05-07 11:23:14,108 - INFO - ustsuw OK ¡ú /home/marina/caseI/5runBO/run1/abl_bo_eval38_out_tab.lis (5 cycles, unit 24)
2026-05-07 11:23:14,109 - INFO - Eval 38: HCNO: N=36.7%  H=16.5%  C=22.9%  O=23.9%
2026-05-07 11:23:14,109 - INFO - Eval 38: Reward=26.6687  State=[np.float64(4.0), np.float64(5.0), np.float64(5.0), np.float64(2.0), np.float64(4.0), np.float64(5.0), np.float64(9.0)]
2026-05-07 11:23:54,141 - INFO - FLUKA OK: abl_bo_eval39.inp (38.3s)
2026-05-07 11:23:54,147 - INFO - ustsuw OK ¡ú /home/marina/caseI/5runBO/run1/abl_bo_eval39_out_tab.lis (5 cycles, unit 24)
2026-05-07 11:23:54,148 - INFO - Eval 39: HCNO: N=39.4%  H=7.8%  C=22.5%  O=30.2%
2026-05-07 11:23:54,148 - INFO - Eval 39: Reward=20.4156  State=[np.float64(6.5), np.float64(5.5), np.float64(5.0), np.float64(3.0), np.float64(3.5), np.float64(4.5), np.float64(2.5)]
2026-05-07 11:24:40,878 - INFO - FLUKA OK: abl_bo_eval40.inp (42.0s)
2026-05-07 11:24:40,880 - WARNING - prefix 'abl_bo_eval40' unit 24: expected 5 cycle files, found 10: ['abl_bo_eval40001_fort.24', 'abl_bo_eval40002_fort.24', 'abl_bo_eval40003_fort.24', 'abl_bo_eval40004_fort.24', 'abl_bo_eval40005_fort.24', 'abl_bo_eval4001_fort.24', 'abl_bo_eval4002_fort.24', 'abl_bo_eval4003_fort.24', 'abl_bo_eval4004_fort.24', 'abl_bo_eval4005_fort.24']
2026-05-07 11:24:41,074 - INFO - ustsuw OK ¡ú /home/marina/caseI/5runBO/run1/abl_bo_eval40_out_tab.lis (10 cycles, unit 24)
2026-05-07 11:24:41,075 - INFO - Eval 40: HCNO: N=35.0%  H=14.6%  C=20.6%  O=29.9%
2026-05-07 11:24:41,075 - INFO - Eval 40: Reward=35.6197  State=[np.float64(3.0), np.float64(7.5), np.float64(5.0), np.float64(2.5), np.float64(4.0), np.float64(2.0), np.float64(1.5)]
2026-05-07 11:24:41,075 - INFO - New Best: 35.6197 at eval 40
2026-05-07 11:25:28,900 - INFO - FLUKA OK: abl_bo_eval41.inp (44.4s)
2026-05-07 11:25:28,904 - INFO - ustsuw OK ¡ú /home/marina/caseI/5runBO/run1/abl_bo_eval41_out_tab.lis (5 cycles, unit 24)
2026-05-07 11:25:28,905 - INFO - Eval 41: HCNO: N=31.3%  H=7.6%  C=23.5%  O=37.5%
2026-05-07 11:25:28,905 - INFO - Eval 41: Reward=22.4274  State=[np.float64(3.5), np.float64(6.5), np.float64(4.5), np.float64(2.5), np.float64(4.0), np.float64(2.5), np.float64(6.0)]
2026-05-07 11:26:09,919 - INFO - FLUKA OK: abl_bo_eval42.inp (38.0s)
2026-05-07 11:26:09,923 - INFO - ustsuw OK ¡ú /home/marina/caseI/5runBO/run1/abl_bo_eval42_out_tab.lis (5 cycles, unit 24)
2026-05-07 11:26:09,923 - INFO - Eval 42: HCNO: N=43.5%  H=6.5%  C=23.6%  O=26.4%
2026-05-07 11:26:09,924 - INFO - Eval 42: Reward=30.0766  State=[np.float64(5.0), np.float64(3.5), np.float64(5.0), np.float64(2.5), np.float64(4.0), np.float64(4.5), np.float64(2.5)]
2026-05-07 11:26:55,953 - INFO - FLUKA OK: abl_bo_eval43.inp (42.3s)
2026-05-07 11:26:55,971 - INFO - ustsuw OK ¡ú /home/marina/caseI/5runBO/run1/abl_bo_eval43_out_tab.lis (5 cycles, unit 24)
2026-05-07 11:26:55,971 - INFO - Eval 43: HCNO: N=41.1%  H=14.7%  C=21.4%  O=22.8%
2026-05-07 11:26:55,972 - INFO - Eval 43: Reward=19.8405  State=[np.float64(2.5), np.float64(4.0), np.float64(5.0), np.float64(5.5), np.float64(2.0), np.float64(2.5), np.float64(8.0)]
2026-05-07 11:27:42,412 - INFO - FLUKA OK: abl_bo_eval44.inp (44.3s)
2026-05-07 11:27:42,418 - INFO - ustsuw OK ¡ú /home/marina/caseI/5runBO/run1/abl_bo_eval44_out_tab.lis (5 cycles, unit 24)
2026-05-07 11:27:42,419 - INFO - Eval 44: HCNO: N=29.6%  H=11.1%  C=27.4%  O=31.9%
2026-05-07 11:27:42,419 - INFO - Eval 44: Reward=17.7356  State=[np.float64(2.5), np.float64(6.0), np.float64(5.0), np.float64(2.5), np.float64(3.5), np.float64(2.5), np.float64(9.0)]
2026-05-07 11:28:40,936 - INFO - FLUKA OK: abl_bo_eval45.inp (55.9s)
2026-05-07 11:28:40,941 - INFO - ustsuw OK ¡ú /home/marina/caseI/5runBO/run1/abl_bo_eval45_out_tab.lis (5 cycles, unit 24)
2026-05-07 11:28:40,943 - INFO - Eval 45: HCNO: N=34.4%  H=12.3%  C=24.6%  O=28.6%
2026-05-07 11:28:40,943 - INFO - Eval 45: Reward=30.0772  State=[np.float64(4.0), np.float64(7.5), np.float64(5.0), np.float64(2.5), np.float64(4.5), np.float64(2.0), np.float64(1.0)]
2026-05-07 11:29:28,763 - INFO - FLUKA OK: abl_bo_eval46.inp (43.8s)
2026-05-07 11:29:28,769 - INFO - ustsuw OK ¡ú /home/marina/caseI/5runBO/run1/abl_bo_eval46_out_tab.lis (5 cycles, unit 24)
2026-05-07 11:29:28,770 - INFO - Eval 46: HCNO: N=37.5%  H=10.3%  C=27.9%  O=24.2%
2026-05-07 11:29:28,770 - INFO - Eval 46: Reward=26.2912  State=[np.float64(4.5), np.float64(6.0), np.float64(5.0), np.float64(2.0), np.float64(4.0), np.float64(3.0), np.float64(1.0)]
2026-05-07 11:30:12,060 - INFO - FLUKA OK: abl_bo_eval47.inp (40.0s)
2026-05-07 11:30:12,064 - INFO - ustsuw OK ¡ú /home/marina/caseI/5runBO/run1/abl_bo_eval47_out_tab.lis (5 cycles, unit 24)
2026-05-07 11:30:12,065 - INFO - Eval 47: HCNO: N=35.5%  H=13.2%  C=20.1%  O=31.2%
2026-05-07 11:30:12,065 - INFO - Eval 47: Reward=21.4784  State=[np.float64(3.5), np.float64(2.5), np.float64(5.0), np.float64(2.5), np.float64(4.5), np.float64(8.0), np.float64(5.5)]
2026-05-07 11:30:51,148 - INFO - FLUKA OK: abl_bo_eval48.inp (36.2s)
2026-05-07 11:30:51,153 - INFO - ustsuw OK ¡ú /home/marina/caseI/5runBO/run1/abl_bo_eval48_out_tab.lis (5 cycles, unit 24)
2026-05-07 11:30:51,154 - INFO - Eval 48: HCNO: N=25.3%  H=8.7%  C=26.1%  O=40.0%
2026-05-07 11:30:51,154 - INFO - Eval 48: Reward=14.7592  State=[np.float64(6.0), np.float64(7.5), np.float64(5.0), np.float64(7.0), np.float64(4.0), np.float64(2.0), np.float64(1.0)]
2026-05-07 11:31:34,732 - INFO - FLUKA OK: abl_bo_eval49.inp (40.7s)
2026-05-07 11:31:34,735 - INFO - ustsuw OK ¡ú /home/marina/caseI/5runBO/run1/abl_bo_eval49_out_tab.lis (5 cycles, unit 24)
2026-05-07 11:31:34,762 - INFO - Eval 49: HCNO: N=41.2%  H=11.9%  C=20.0%  O=26.8%
2026-05-07 11:31:34,762 - INFO - Eval 49: Reward=28.4277  State=[np.float64(2.5), np.float64(4.5), np.float64(5.0), np.float64(2.5), np.float64(4.0), np.float64(2.5), np.float64(1.0)]
2026-05-07 11:32:12,583 - INFO - FLUKA OK: abl_bo_eval50.inp (35.4s)
2026-05-07 11:32:12,585 - WARNING - prefix 'abl_bo_eval50' unit 24: expected 5 cycle files, found 10: ['abl_bo_eval50001_fort.24', 'abl_bo_eval50002_fort.24', 'abl_bo_eval50003_fort.24', 'abl_bo_eval50004_fort.24', 'abl_bo_eval50005_fort.24', 'abl_bo_eval5001_fort.24', 'abl_bo_eval5002_fort.24', 'abl_bo_eval5003_fort.24', 'abl_bo_eval5004_fort.24', 'abl_bo_eval5005_fort.24']
2026-05-07 11:32:12,708 - INFO - ustsuw OK ¡ú /home/marina/caseI/5runBO/run1/abl_bo_eval50_out_tab.lis (10 cycles, unit 24)
2026-05-07 11:32:12,709 - INFO - Eval 50: HCNO: N=34.1%  H=11.3%  C=24.7%  O=29.8%
2026-05-07 11:32:12,709 - INFO - Eval 50: Reward=28.0236  State=[np.float64(7.5), np.float64(7.0), np.float64(5.0), np.float64(2.0), np.float64(2.0), np.float64(2.0), np.float64(6.5)]
2026-05-07 11:32:52,915 - INFO - FLUKA OK: abl_bo_eval51.inp (35.3s)
2026-05-07 11:32:52,918 - INFO - ustsuw OK ¡ú /home/marina/caseI/5runBO/run1/abl_bo_eval51_out_tab.lis (5 cycles, unit 24)
2026-05-07 11:32:52,919 - INFO - Eval 51: HCNO: N=37.1%  H=17.0%  C=23.5%  O=22.4%
2026-05-07 11:32:52,919 - INFO - Eval 51: Reward=28.3189  State=[np.float64(5.5), np.float64(2.5), np.float64(5.5), np.float64(2.0), np.float64(3.0), np.float64(2.0), np.float64(2.0)]
2026-05-07 11:33:33,903 - INFO - FLUKA OK: abl_bo_eval52.inp (38.3s)
2026-05-07 11:33:33,907 - INFO - ustsuw OK ¡ú /home/marina/caseI/5runBO/run1/abl_bo_eval52_out_tab.lis (5 cycles, unit 24)
2026-05-07 11:33:33,908 - INFO - Eval 52: HCNO: N=39.6%  H=9.9%  C=18.8%  O=31.7%
2026-05-07 11:33:33,908 - INFO - Eval 52: Reward=29.4522  State=[np.float64(2.0), np.float64(2.0), np.float64(5.5), np.float64(2.0), np.float64(2.0), np.float64(5.5), np.float64(10.0)]
2026-05-07 11:34:12,834 - INFO - FLUKA OK: abl_bo_eval53.inp (37.2s)
2026-05-07 11:34:12,839 - INFO - ustsuw OK ¡ú /home/marina/caseI/5runBO/run1/abl_bo_eval53_out_tab.lis (5 cycles, unit 24)
2026-05-07 11:34:12,839 - INFO - Eval 53: HCNO: N=39.0%  H=11.3%  C=20.8%  O=29.0%
2026-05-07 11:34:12,840 - INFO - Eval 53: Reward=27.0848  State=[np.float64(3.5), np.float64(2.0), np.float64(4.5), np.float64(6.5), np.float64(5.0), np.float64(4.5), np.float64(2.5)]
2026-05-07 11:34:48,496 - INFO - FLUKA OK: abl_bo_eval54.inp (34.0s)
2026-05-07 11:34:48,500 - INFO - ustsuw OK ¡ú /home/marina/caseI/5runBO/run1/abl_bo_eval54_out_tab.lis (5 cycles, unit 24)
2026-05-07 11:34:48,501 - INFO - Eval 54: HCNO: N=45.0%  H=4.2%  C=15.2%  O=35.6%
2026-05-07 11:34:48,501 - INFO - Eval 54: Reward=14.9837  State=[np.float64(8.0), np.float64(3.5), np.float64(4.0), np.float64(6.0), np.float64(3.5), np.float64(7.0), np.float64(1.0)]
2026-05-07 11:35:22,968 - INFO - FLUKA OK: abl_bo_eval55.inp (33.3s)
2026-05-07 11:35:22,971 - INFO - ustsuw OK ¡ú /home/marina/caseI/5runBO/run1/abl_bo_eval55_out_tab.lis (5 cycles, unit 24)
2026-05-07 11:35:22,972 - INFO - Eval 55: HCNO: N=33.1%  H=11.2%  C=21.6%  O=34.1%
2026-05-07 11:35:22,972 - INFO - Eval 55: Reward=29.5711  State=[np.float64(7.5), np.float64(3.0), np.float64(5.0), np.float64(2.5), np.float64(5.0), np.float64(2.0), np.float64(1.0)]
2026-05-07 11:35:57,881 - INFO - FLUKA OK: abl_bo_eval56.inp (33.8s)
2026-05-07 11:35:57,885 - INFO - ustsuw OK ¡ú /home/marina/caseI/5runBO/run1/abl_bo_eval56_out_tab.lis (5 cycles, unit 24)
2026-05-07 11:35:57,885 - INFO - Eval 56: HCNO: N=39.8%  H=6.4%  C=21.6%  O=32.2%
2026-05-07 11:35:57,885 - INFO - Eval 56: Reward=20.6837  State=[np.float64(3.0), np.float64(7.0), np.float64(5.0), np.float64(2.5), np.float64(4.5), np.float64(2.0), np.float64(1.0)]
2026-05-07 11:36:34,254 - INFO - FLUKA OK: abl_bo_eval57.inp (35.4s)
2026-05-07 11:36:34,257 - INFO - ustsuw OK ¡ú /home/marina/caseI/5runBO/run1/abl_bo_eval57_out_tab.lis (5 cycles, unit 24)
2026-05-07 11:36:34,258 - INFO - Eval 57: HCNO: N=38.7%  H=10.6%  C=17.4%  O=33.4%
2026-05-07 11:36:34,258 - INFO - Eval 57: Reward=20.8876  State=[np.float64(4.0), np.float64(2.5), np.float64(5.0), np.float64(2.5), np.float64(4.0), np.float64(2.0), np.float64(5.5)]
2026-05-07 11:37:06,279 - INFO - FLUKA OK: abl_bo_eval58.inp (31.3s)
2026-05-07 11:37:06,283 - INFO - ustsuw OK ¡ú /home/marina/caseI/5runBO/run1/abl_bo_eval58_out_tab.lis (5 cycles, unit 24)
2026-05-07 11:37:06,283 - INFO - Eval 58: HCNO: N=39.3%  H=8.0%  C=24.9%  O=27.7%
2026-05-07 11:37:06,283 - INFO - Eval 58: Reward=15.8759  State=[np.float64(8.0), np.float64(8.0), np.float64(5.0), np.float64(2.5), np.float64(4.0), np.float64(2.5), np.float64(5.5)]
2026-05-07 11:37:42,319 - INFO - FLUKA OK: abl_bo_eval59.inp (34.5s)
2026-05-07 11:37:42,323 - INFO - ustsuw OK ¡ú /home/marina/caseI/5runBO/run1/abl_bo_eval59_out_tab.lis (5 cycles, unit 24)
2026-05-07 11:37:42,323 - INFO - Eval 59: HCNO: N=42.5%  H=11.8%  C=20.9%  O=24.9%
2026-05-07 11:37:42,324 - INFO - Eval 59: Reward=23.6164  State=[np.float64(6.5), np.float64(2.0), np.float64(2.0), np.float64(2.0), np.float64(8.0), np.float64(2.0), np.float64(1.0)]
2026-05-07 11:38:17,002 - INFO - FLUKA OK: abl_bo_eval60.inp (33.8s)
2026-05-07 11:38:17,003 - WARNING - prefix 'abl_bo_eval60' unit 24: expected 5 cycle files, found 10: ['abl_bo_eval60001_fort.24', 'abl_bo_eval60002_fort.24', 'abl_bo_eval60003_fort.24', 'abl_bo_eval60004_fort.24', 'abl_bo_eval60005_fort.24', 'abl_bo_eval6001_fort.24', 'abl_bo_eval6002_fort.24', 'abl_bo_eval6003_fort.24', 'abl_bo_eval6004_fort.24', 'abl_bo_eval6005_fort.24']
2026-05-07 11:38:17,199 - INFO - ustsuw OK ¡ú /home/marina/caseI/5runBO/run1/abl_bo_eval60_out_tab.lis (10 cycles, unit 24)
2026-05-07 11:38:17,200 - INFO - Eval 60: HCNO: N=39.5%  H=14.7%  C=20.5%  O=25.3%
2026-05-07 11:38:17,200 - INFO - Eval 60: Reward=34.1327  State=[np.float64(5.5), np.float64(2.0), np.float64(2.0), np.float64(2.0), np.float64(2.0), np.float64(4.0), np.float64(1.0)]
2026-05-07 11:38:55,766 - INFO - FLUKA OK: abl_bo_eval61.inp (37.0s)
2026-05-07 11:38:55,769 - INFO - ustsuw OK ¡ú /home/marina/caseI/5runBO/run1/abl_bo_eval61_out_tab.lis (5 cycles, unit 24)
2026-05-07 11:38:55,770 - INFO - Eval 61: HCNO: N=46.6%  H=17.0%  C=15.3%  O=21.1%
2026-05-07 11:38:55,770 - INFO - Eval 61: Reward=35.5304  State=[np.float64(2.0), np.float64(2.0), np.float64(2.0), np.float64(2.0), np.float64(2.0), np.float64(4.5), np.float64(1.0)]
2026-05-07 11:39:34,354 - INFO - FLUKA OK: abl_bo_eval62.inp (37.4s)
2026-05-07 11:39:34,358 - INFO - ustsuw OK ¡ú /home/marina/caseI/5runBO/run1/abl_bo_eval62_out_tab.lis (5 cycles, unit 24)
2026-05-07 11:39:34,358 - INFO - Eval 62: HCNO: N=46.6%  H=17.0%  C=15.3%  O=21.1%
2026-05-07 11:39:34,358 - INFO - Eval 62: Reward=35.5304  State=[np.float64(2.0), np.float64(2.0), np.float64(2.0), np.float64(2.0), np.float64(2.0), np.float64(4.5), np.float64(1.0)]
2026-05-07 11:40:09,220 - INFO - FLUKA OK: abl_bo_eval63.inp (33.1s)
2026-05-07 11:40:09,225 - INFO - ustsuw OK ¡ú /home/marina/caseI/5runBO/run1/abl_bo_eval63_out_tab.lis (5 cycles, unit 24)
2026-05-07 11:40:09,225 - INFO - Eval 63: HCNO: N=44.8%  H=10.9%  C=20.8%  O=23.4%
2026-05-07 11:40:09,225 - INFO - Eval 63: Reward=27.7849  State=[np.float64(5.0), np.float64(6.0), np.float64(5.0), np.float64(2.5), np.float64(4.0), np.float64(2.5), np.float64(1.5)]
2026-05-07 11:40:45,696 - INFO - FLUKA OK: abl_bo_eval64.inp (34.0s)
2026-05-07 11:40:45,700 - INFO - ustsuw OK ¡ú /home/marina/caseI/5runBO/run1/abl_bo_eval64_out_tab.lis (5 cycles, unit 24)
2026-05-07 11:40:45,701 - INFO - Eval 64: HCNO: N=43.9%  H=8.8%  C=19.4%  O=27.9%
2026-05-07 11:40:45,701 - INFO - Eval 64: Reward=26.4184  State=[np.float64(4.5), np.float64(4.5), np.float64(5.0), np.float64(2.5), np.float64(4.0), np.float64(5.0), np.float64(1.5)]
2026-05-07 11:41:23,397 - INFO - FLUKA OK: abl_bo_eval65.inp (35.2s)
2026-05-07 11:41:23,401 - INFO - ustsuw OK ¡ú /home/marina/caseI/5runBO/run1/abl_bo_eval65_out_tab.lis (5 cycles, unit 24)
2026-05-07 11:41:23,402 - INFO - Eval 65: HCNO: N=38.2%  H=11.5%  C=23.2%  O=27.1%
2026-05-07 11:41:23,402 - INFO - Eval 65: Reward=21.9965  State=[np.float64(3.5), np.float64(5.0), np.float64(7.5), np.float64(2.0), np.float64(2.5), np.float64(7.5), np.float64(8.5)]
2026-05-07 11:41:59,247 - INFO - FLUKA OK: abl_bo_eval66.inp (33.6s)
2026-05-07 11:41:59,251 - INFO - ustsuw OK ¡ú /home/marina/caseI/5runBO/run1/abl_bo_eval66_out_tab.lis (5 cycles, unit 24)
2026-05-07 11:41:59,252 - INFO - Eval 66: HCNO: N=36.6%  H=13.5%  C=24.8%  O=25.1%
2026-05-07 11:41:59,252 - INFO - Eval 66: Reward=27.4708  State=[np.float64(6.5), np.float64(3.5), np.float64(4.5), np.float64(2.0), np.float64(2.5), np.float64(3.5), np.float64(8.0)]
2026-05-07 11:42:35,967 - INFO - FLUKA OK: abl_bo_eval67.inp (35.0s)
2026-05-07 11:42:35,971 - INFO - ustsuw OK ¡ú /home/marina/caseI/5runBO/run1/abl_bo_eval67_out_tab.lis (5 cycles, unit 24)
2026-05-07 11:42:35,972 - INFO - Eval 67: HCNO: N=39.8%  H=8.3%  C=22.9%  O=29.0%
2026-05-07 11:42:35,972 - INFO - Eval 67: Reward=20.4025  State=[np.float64(3.5), np.float64(5.5), np.float64(5.0), np.float64(2.5), np.float64(4.0), np.float64(5.5), np.float64(1.5)]
2026-05-07 11:43:11,770 - INFO - FLUKA OK: abl_bo_eval68.inp (34.3s)
2026-05-07 11:43:11,775 - INFO - ustsuw OK ¡ú /home/marina/caseI/5runBO/run1/abl_bo_eval68_out_tab.lis (5 cycles, unit 24)
2026-05-07 11:43:11,776 - INFO - Eval 68: HCNO: N=39.3%  H=11.7%  C=21.1%  O=27.9%
2026-05-07 11:43:11,777 - INFO - Eval 68: Reward=20.0882  State=[np.float64(4.0), np.float64(5.0), np.float64(5.0), np.float64(2.5), np.float64(4.0), np.float64(8.0), np.float64(1.0)]
2026-05-07 11:43:46,937 - INFO - FLUKA OK: abl_bo_eval69.inp (33.6s)
2026-05-07 11:43:46,942 - INFO - ustsuw OK ¡ú /home/marina/caseI/5runBO/run1/abl_bo_eval69_out_tab.lis (5 cycles, unit 24)
2026-05-07 11:43:46,943 - INFO - Eval 69: HCNO: N=38.4%  H=9.0%  C=27.7%  O=24.9%
2026-05-07 11:43:46,943 - INFO - Eval 69: Reward=26.4980  State=[np.float64(7.0), np.float64(5.0), np.float64(5.0), np.float64(2.0), np.float64(2.5), np.float64(4.5), np.float64(8.0)]
2026-05-07 11:44:25,022 - INFO - FLUKA OK: abl_bo_eval70.inp (34.4s)
2026-05-07 11:44:25,024 - WARNING - prefix 'abl_bo_eval70' unit 24: expected 5 cycle files, found 10: ['abl_bo_eval70001_fort.24', 'abl_bo_eval70002_fort.24', 'abl_bo_eval70003_fort.24', 'abl_bo_eval70004_fort.24', 'abl_bo_eval70005_fort.24', 'abl_bo_eval7001_fort.24', 'abl_bo_eval7002_fort.24', 'abl_bo_eval7003_fort.24', 'abl_bo_eval7004_fort.24', 'abl_bo_eval7005_fort.24']
2026-05-07 11:44:25,923 - INFO - ustsuw OK ¡ú /home/marina/caseI/5runBO/run1/abl_bo_eval70_out_tab.lis (10 cycles, unit 24)
2026-05-07 11:44:25,924 - INFO - Eval 70: HCNO: N=37.2%  H=10.4%  C=20.4%  O=31.9%
2026-05-07 11:44:25,924 - INFO - Eval 70: Reward=26.5049  State=[np.float64(4.5), np.float64(3.5), np.float64(5.0), np.float64(2.5), np.float64(4.0), np.float64(3.0), np.float64(1.5)]
2026-05-07 11:45:00,488 - INFO - FLUKA OK: abl_bo_eval71.inp (33.4s)
2026-05-07 11:45:00,492 - INFO - ustsuw OK ¡ú /home/marina/caseI/5runBO/run1/abl_bo_eval71_out_tab.lis (5 cycles, unit 24)
2026-05-07 11:45:00,493 - INFO - Eval 71: HCNO: N=35.8%  H=7.5%  C=25.5%  O=31.2%
2026-05-07 11:45:00,493 - INFO - Eval 71: Reward=15.0605  State=[np.float64(6.5), np.float64(7.0), np.float64(5.0), np.float64(2.0), np.float64(4.0), np.float64(7.5), np.float64(1.5)]
2026-05-07 11:45:36,049 - INFO - FLUKA OK: abl_bo_eval72.inp (33.9s)
2026-05-07 11:45:36,053 - INFO - ustsuw OK ¡ú /home/marina/caseI/5runBO/run1/abl_bo_eval72_out_tab.lis (5 cycles, unit 24)
2026-05-07 11:45:36,053 - INFO - Eval 72: HCNO: N=39.8%  H=14.0%  C=16.5%  O=29.7%
2026-05-07 11:45:36,053 - INFO - Eval 72: Reward=33.1718  State=[np.float64(8.0), np.float64(2.0), np.float64(2.0), np.float64(2.0), np.float64(2.0), np.float64(5.0), np.float64(1.0)]
2026-05-07 11:46:14,537 - INFO - FLUKA OK: abl_bo_eval73.inp (36.8s)
2026-05-07 11:46:14,541 - INFO - ustsuw OK ¡ú /home/marina/caseI/5runBO/run1/abl_bo_eval73_out_tab.lis (5 cycles, unit 24)
2026-05-07 11:46:14,541 - INFO - Eval 73: HCNO: N=40.4%  H=12.0%  C=19.0%  O=28.6%
2026-05-07 11:46:14,542 - INFO - Eval 73: Reward=32.1914  State=[np.float64(2.0), np.float64(2.5), np.float64(2.0), np.float64(2.0), np.float64(2.0), np.float64(4.5), np.float64(1.0)]
2026-05-07 11:46:53,352 - INFO - FLUKA OK: abl_bo_eval74.inp (35.3s)
2026-05-07 11:46:53,355 - INFO - ustsuw OK ¡ú /home/marina/caseI/5runBO/run1/abl_bo_eval74_out_tab.lis (5 cycles, unit 24)
2026-05-07 11:46:53,356 - INFO - Eval 74: HCNO: N=36.1%  H=11.2%  C=21.2%  O=31.5%
2026-05-07 11:46:53,356 - INFO - Eval 74: Reward=30.8354  State=[np.float64(2.0), np.float64(5.0), np.float64(5.0), np.float64(2.0), np.float64(3.5), np.float64(3.5), np.float64(8.0)]
2026-05-07 11:47:29,478 - INFO - FLUKA OK: abl_bo_eval75.inp (34.3s)
2026-05-07 11:47:29,482 - INFO - ustsuw OK ¡ú /home/marina/caseI/5runBO/run1/abl_bo_eval75_out_tab.lis (5 cycles, unit 24)
2026-05-07 11:47:29,483 - INFO - Eval 75: HCNO: N=34.2%  H=16.7%  C=16.5%  O=32.6%
2026-05-07 11:47:29,483 - INFO - Eval 75: Reward=32.7138  State=[np.float64(5.0), np.float64(4.0), np.float64(5.0), np.float64(2.0), np.float64(2.5), np.float64(2.0), np.float64(8.0)]
2026-05-07 11:48:06,045 - INFO - FLUKA OK: abl_bo_eval76.inp (34.3s)
2026-05-07 11:48:06,049 - INFO - ustsuw OK ¡ú /home/marina/caseI/5runBO/run1/abl_bo_eval76_out_tab.lis (5 cycles, unit 24)
2026-05-07 11:48:06,049 - INFO - Eval 76: HCNO: N=40.7%  H=10.9%  C=22.9%  O=25.5%
2026-05-07 11:48:06,049 - INFO - Eval 76: Reward=27.4398  State=[np.float64(2.0), np.float64(7.5), np.float64(5.0), np.float64(2.5), np.float64(4.0), np.float64(2.0), np.float64(1.5)]
2026-05-07 11:48:42,747 - INFO - FLUKA OK: abl_bo_eval77.inp (34.4s)
2026-05-07 11:48:42,751 - INFO - ustsuw OK ¡ú /home/marina/caseI/5runBO/run1/abl_bo_eval77_out_tab.lis (5 cycles, unit 24)
2026-05-07 11:48:42,752 - INFO - Eval 77: HCNO: N=41.8%  H=9.2%  C=25.3%  O=23.8%
2026-05-07 11:48:42,752 - INFO - Eval 77: Reward=25.8319  State=[np.float64(3.0), np.float64(6.5), np.float64(5.0), np.float64(2.0), np.float64(4.0), np.float64(6.5), np.float64(6.5)]
2026-05-07 11:49:17,786 - INFO - FLUKA OK: abl_bo_eval78.inp (33.8s)
2026-05-07 11:49:17,791 - INFO - ustsuw OK ¡ú /home/marina/caseI/5runBO/run1/abl_bo_eval78_out_tab.lis (5 cycles, unit 24)
2026-05-07 11:49:17,792 - INFO - Eval 78: HCNO: N=47.4%  H=11.1%  C=22.0%  O=19.6%
2026-05-07 11:49:17,792 - INFO - Eval 78: Reward=27.1309  State=[np.float64(4.0), np.float64(4.5), np.float64(5.0), np.float64(2.0), np.float64(2.5), np.float64(2.5), np.float64(8.5)]
2026-05-07 11:49:54,102 - INFO - FLUKA OK: abl_bo_eval79.inp (35.1s)
2026-05-07 11:49:54,106 - INFO - ustsuw OK ¡ú /home/marina/caseI/5runBO/run1/abl_bo_eval79_out_tab.lis (5 cycles, unit 24)
2026-05-07 11:49:54,107 - INFO - Eval 79: HCNO: N=35.4%  H=18.0%  C=20.7%  O=25.9%
2026-05-07 11:49:54,107 - INFO - Eval 79: Reward=28.8848  State=[np.float64(2.5), np.float64(6.0), np.float64(5.0), np.float64(2.0), np.float64(2.5), np.float64(2.0), np.float64(8.0)]
2026-05-07 11:50:32,203 - INFO - FLUKA OK: abl_bo_eval80.inp (35.5s)
2026-05-07 11:50:32,206 - WARNING - prefix 'abl_bo_eval80' unit 24: expected 5 cycle files, found 10: ['abl_bo_eval80001_fort.24', 'abl_bo_eval80002_fort.24', 'abl_bo_eval80003_fort.24', 'abl_bo_eval80004_fort.24', 'abl_bo_eval80005_fort.24', 'abl_bo_eval8001_fort.24', 'abl_bo_eval8002_fort.24', 'abl_bo_eval8003_fort.24', 'abl_bo_eval8004_fort.24', 'abl_bo_eval8005_fort.24']
2026-05-07 11:50:32,383 - INFO - ustsuw OK ¡ú /home/marina/caseI/5runBO/run1/abl_bo_eval80_out_tab.lis (10 cycles, unit 24)
2026-05-07 11:50:32,383 - INFO - Eval 80: HCNO: N=46.6%  H=11.8%  C=17.8%  O=23.8%
2026-05-07 11:50:32,384 - INFO - Eval 80: Reward=37.9959  State=[np.float64(2.5), np.float64(4.5), np.float64(5.0), np.float64(2.0), np.float64(2.5), np.float64(5.0), np.float64(7.5)]
2026-05-07 11:50:32,384 - INFO - New Best: 37.9959 at eval 80
2026-05-07 11:51:10,555 - INFO - FLUKA OK: abl_bo_eval81.inp (34.6s)
2026-05-07 11:51:10,559 - INFO - ustsuw OK ¡ú /home/marina/caseI/5runBO/run1/abl_bo_eval81_out_tab.lis (5 cycles, unit 24)
2026-05-07 11:51:10,560 - INFO - Eval 81: HCNO: N=39.8%  H=9.9%  C=19.1%  O=31.3%
2026-05-07 11:51:10,560 - INFO - Eval 81: Reward=30.5513  State=[np.float64(3.0), np.float64(5.0), np.float64(5.0), np.float64(2.0), np.float64(2.5), np.float64(6.0), np.float64(8.5)]
2026-05-07 11:51:45,713 - INFO - FLUKA OK: abl_bo_eval82.inp (33.4s)
2026-05-07 11:51:45,718 - INFO - ustsuw OK ¡ú /home/marina/caseI/5runBO/run1/abl_bo_eval82_out_tab.lis (5 cycles, unit 24)
2026-05-07 11:51:45,718 - INFO - Eval 82: HCNO: N=40.1%  H=10.4%  C=18.0%  O=31.6%
2026-05-07 11:51:45,719 - INFO - Eval 82: Reward=22.1919  State=[np.float64(6.5), np.float64(5.5), np.float64(5.0), np.float64(2.0), np.float64(2.5), np.float64(4.0), np.float64(7.5)]
2026-05-07 11:52:25,531 - INFO - FLUKA OK: abl_bo_eval83.inp (37.7s)
2026-05-07 11:52:25,535 - INFO - ustsuw OK ¡ú /home/marina/caseI/5runBO/run1/abl_bo_eval83_out_tab.lis (5 cycles, unit 24)
2026-05-07 11:52:25,536 - INFO - Eval 83: HCNO: N=39.0%  H=11.2%  C=16.5%  O=33.3%
2026-05-07 11:52:25,536 - INFO - Eval 83: Reward=27.2319  State=[np.float64(2.0), np.float64(2.0), np.float64(2.0), np.float64(2.0), np.float64(2.0), np.float64(5.5), np.float64(10.0)]
2026-05-07 11:53:03,039 - INFO - FLUKA OK: abl_bo_eval84.inp (36.0s)
2026-05-07 11:53:03,044 - INFO - ustsuw OK ¡ú /home/marina/caseI/5runBO/run1/abl_bo_eval84_out_tab.lis (5 cycles, unit 24)
2026-05-07 11:53:03,044 - INFO - Eval 84: HCNO: N=44.1%  H=9.9%  C=23.8%  O=22.2%
2026-05-07 11:53:03,044 - INFO - Eval 84: Reward=32.2272  State=[np.float64(2.0), np.float64(2.0), np.float64(8.0), np.float64(2.0), np.float64(2.0), np.float64(3.5), np.float64(1.0)]
2026-05-07 11:53:41,396 - INFO - FLUKA OK: abl_bo_eval85.inp (36.2s)
2026-05-07 11:53:41,407 - INFO - ustsuw OK ¡ú /home/marina/caseI/5runBO/run1/abl_bo_eval85_out_tab.lis (5 cycles, unit 24)
2026-05-07 11:53:41,408 - INFO - Eval 85: HCNO: N=29.0%  H=15.4%  C=27.9%  O=27.7%
2026-05-07 11:53:41,408 - INFO - Eval 85: Reward=25.8314  State=[np.float64(2.0), np.float64(2.0), np.float64(8.0), np.float64(2.0), np.float64(8.0), np.float64(2.0), np.float64(1.0)]
2026-05-07 11:54:18,793 - INFO - FLUKA OK: abl_bo_eval86.inp (34.6s)
2026-05-07 11:54:18,797 - INFO - ustsuw OK ¡ú /home/marina/caseI/5runBO/run1/abl_bo_eval86_out_tab.lis (5 cycles, unit 24)
2026-05-07 11:54:18,798 - INFO - Eval 86: HCNO: N=44.7%  H=8.4%  C=20.4%  O=26.4%
2026-05-07 11:54:18,798 - INFO - Eval 86: Reward=43.2666  State=[np.float64(2.0), np.float64(2.0), np.float64(2.0), np.float64(2.0), np.float64(2.0), np.float64(2.0), np.float64(1.0)]
2026-05-07 11:54:18,798 - INFO - New Best: 43.2666 at eval 86
2026-05-07 11:54:58,247 - INFO - FLUKA OK: abl_bo_eval87.inp (37.5s)
2026-05-07 11:54:58,251 - INFO - ustsuw OK ¡ú /home/marina/caseI/5runBO/run1/abl_bo_eval87_out_tab.lis (5 cycles, unit 24)
2026-05-07 11:54:58,251 - INFO - Eval 87: HCNO: N=32.6%  H=20.9%  C=17.2%  O=29.3%
2026-05-07 11:54:58,252 - INFO - Eval 87: Reward=28.1432  State=[np.float64(2.5), np.float64(2.0), np.float64(2.5), np.float64(6.5), np.float64(2.0), np.float64(2.5), np.float64(3.0)]
2026-05-07 11:55:37,552 - INFO - FLUKA OK: abl_bo_eval88.inp (36.9s)
2026-05-07 11:55:37,556 - INFO - ustsuw OK ¡ú /home/marina/caseI/5runBO/run1/abl_bo_eval88_out_tab.lis (5 cycles, unit 24)
2026-05-07 11:55:37,556 - INFO - Eval 88: HCNO: N=35.1%  H=11.9%  C=30.5%  O=22.5%
2026-05-07 11:55:37,557 - INFO - Eval 88: Reward=22.2872  State=[np.float64(2.5), np.float64(3.0), np.float64(3.0), np.float64(8.0), np.float64(8.0), np.float64(8.0), np.float64(9.0)]
2026-05-07 11:56:13,608 - INFO - FLUKA OK: abl_bo_eval89.inp (33.5s)
2026-05-07 11:56:13,612 - INFO - ustsuw OK ¡ú /home/marina/caseI/5runBO/run1/abl_bo_eval89_out_tab.lis (5 cycles, unit 24)
2026-05-07 11:56:13,612 - INFO - Eval 89: HCNO: N=36.1%  H=7.9%  C=24.8%  O=31.1%
2026-05-07 11:56:13,613 - INFO - Eval 89: Reward=35.7389  State=[np.float64(5.0), np.float64(2.5), np.float64(2.0), np.float64(2.5), np.float64(2.0), np.float64(2.5), np.float64(9.5)]
2026-05-07 11:56:53,059 - INFO - FLUKA OK: abl_bo_eval90.inp (37.3s)
2026-05-07 11:56:53,061 - WARNING - prefix 'abl_bo_eval90' unit 24: expected 5 cycle files, found 10: ['abl_bo_eval90001_fort.24', 'abl_bo_eval90002_fort.24', 'abl_bo_eval90003_fort.24', 'abl_bo_eval90004_fort.24', 'abl_bo_eval90005_fort.24', 'abl_bo_eval9001_fort.24', 'abl_bo_eval9002_fort.24', 'abl_bo_eval9003_fort.24', 'abl_bo_eval9004_fort.24', 'abl_bo_eval9005_fort.24']
2026-05-07 11:56:53,292 - INFO - ustsuw OK ¡ú /home/marina/caseI/5runBO/run1/abl_bo_eval90_out_tab.lis (10 cycles, unit 24)
2026-05-07 11:56:53,292 - INFO - Eval 90: HCNO: N=41.5%  H=12.3%  C=21.2%  O=25.0%
2026-05-07 11:56:53,293 - INFO - Eval 90: Reward=30.4325  State=[np.float64(2.0), np.float64(2.5), np.float64(2.0), np.float64(3.5), np.float64(7.5), np.float64(2.0), np.float64(4.5)]
2026-05-07 11:57:31,695 - INFO - FLUKA OK: abl_bo_eval91.inp (36.9s)
2026-05-07 11:57:31,699 - INFO - ustsuw OK ¡ú /home/marina/caseI/5runBO/run1/abl_bo_eval91_out_tab.lis (5 cycles, unit 24)
2026-05-07 11:57:31,700 - INFO - Eval 91: HCNO: N=41.1%  H=10.6%  C=21.9%  O=26.3%
2026-05-07 11:57:31,700 - INFO - Eval 91: Reward=23.2603  State=[np.float64(2.0), np.float64(2.5), np.float64(2.5), np.float64(8.0), np.float64(2.0), np.float64(7.5), np.float64(5.5)]
2026-05-07 11:58:08,796 - INFO - FLUKA OK: abl_bo_eval92.inp (34.6s)
2026-05-07 11:58:08,800 - INFO - ustsuw OK ¡ú /home/marina/caseI/5runBO/run1/abl_bo_eval92_out_tab.lis (5 cycles, unit 24)
2026-05-07 11:58:08,801 - INFO - Eval 92: HCNO: N=38.1%  H=8.4%  C=24.8%  O=28.7%
2026-05-07 11:58:08,801 - INFO - Eval 92: Reward=31.2926  State=[np.float64(2.5), np.float64(3.0), np.float64(2.0), np.float64(2.5), np.float64(2.5), np.float64(2.0), np.float64(10.0)]
2026-05-07 11:58:45,918 - INFO - FLUKA OK: abl_bo_eval93.inp (35.9s)
2026-05-07 11:58:45,923 - INFO - ustsuw OK ¡ú /home/marina/caseI/5runBO/run1/abl_bo_eval93_out_tab.lis (5 cycles, unit 24)
2026-05-07 11:58:45,923 - INFO - Eval 93: HCNO: N=44.5%  H=11.4%  C=22.5%  O=21.6%
2026-05-07 11:58:45,923 - INFO - Eval 93: Reward=19.6186  State=[np.float64(2.5), np.float64(2.0), np.float64(7.0), np.float64(7.5), np.float64(8.0), np.float64(2.0), np.float64(5.5)]
2026-05-07 11:59:21,451 - INFO - FLUKA OK: abl_bo_eval94.inp (32.7s)
2026-05-07 11:59:21,456 - INFO - ustsuw OK ¡ú /home/marina/caseI/5runBO/run1/abl_bo_eval94_out_tab.lis (5 cycles, unit 24)
2026-05-07 11:59:21,456 - INFO - Eval 94: HCNO: N=37.6%  H=16.9%  C=19.8%  O=25.7%
2026-05-07 11:59:21,457 - INFO - Eval 94: Reward=27.3871  State=[np.float64(7.5), np.float64(2.0), np.float64(3.0), np.float64(2.5), np.float64(2.0), np.float64(2.5), np.float64(2.0)]
2026-05-07 11:59:56,903 - INFO - FLUKA OK: abl_bo_eval95.inp (34.3s)
2026-05-07 11:59:56,907 - INFO - ustsuw OK ¡ú /home/marina/caseI/5runBO/run1/abl_bo_eval95_out_tab.lis (5 cycles, unit 24)
2026-05-07 11:59:56,908 - INFO - Eval 95: HCNO: N=41.5%  H=8.3%  C=25.6%  O=24.6%
2026-05-07 11:59:56,908 - INFO - Eval 95: Reward=26.9573  State=[np.float64(2.0), np.float64(8.0), np.float64(2.5), np.float64(2.5), np.float64(2.5), np.float64(2.0), np.float64(6.5)]
2026-05-07 12:00:32,605 - INFO - FLUKA OK: abl_bo_eval96.inp (33.6s)
2026-05-07 12:00:32,609 - INFO - ustsuw OK ¡ú /home/marina/caseI/5runBO/run1/abl_bo_eval96_out_tab.lis (5 cycles, unit 24)
2026-05-07 12:00:32,610 - INFO - Eval 96: HCNO: N=39.3%  H=10.8%  C=14.2%  O=35.7%
2026-05-07 12:00:32,610 - INFO - Eval 96: Reward=17.0481  State=[np.float64(6.5), np.float64(2.5), np.float64(2.5), np.float64(8.0), np.float64(2.0), np.float64(2.0), np.float64(5.5)]
2026-05-07 12:01:07,696 - INFO - FLUKA OK: abl_bo_eval97.inp (33.5s)
2026-05-07 12:01:07,701 - INFO - ustsuw OK ¡ú /home/marina/caseI/5runBO/run1/abl_bo_eval97_out_tab.lis (5 cycles, unit 24)
2026-05-07 12:01:07,702 - INFO - Eval 97: HCNO: N=30.0%  H=7.3%  C=23.5%  O=39.2%
2026-05-07 12:01:07,702 - INFO - Eval 97: Reward=15.8080  State=[np.float64(5.5), np.float64(7.5), np.float64(3.0), np.float64(8.0), np.float64(8.0), np.float64(2.5), np.float64(2.0)]
2026-05-07 12:01:45,827 - INFO - FLUKA OK: abl_bo_eval98.inp (36.2s)
2026-05-07 12:01:45,833 - INFO - ustsuw OK ¡ú /home/marina/caseI/5runBO/run1/abl_bo_eval98_out_tab.lis (5 cycles, unit 24)
2026-05-07 12:01:45,833 - INFO - Eval 98: HCNO: N=43.3%  H=13.8%  C=17.8%  O=25.1%
2026-05-07 12:01:45,834 - INFO - Eval 98: Reward=26.6336  State=[np.float64(2.5), np.float64(2.5), np.float64(2.0), np.float64(2.0), np.float64(5.0), np.float64(2.5), np.float64(9.5)]
2026-05-07 12:02:23,245 - INFO - FLUKA OK: abl_bo_eval99.inp (35.9s)
2026-05-07 12:02:23,249 - INFO - ustsuw OK ¡ú /home/marina/caseI/5runBO/run1/abl_bo_eval99_out_tab.lis (5 cycles, unit 24)
2026-05-07 12:02:23,250 - INFO - Eval 99: HCNO: N=43.0%  H=12.0%  C=16.8%  O=28.2%
2026-05-07 12:02:23,250 - INFO - Eval 99: Reward=28.7063  State=[np.float64(2.5), np.float64(2.0), np.float64(7.5), np.float64(2.0), np.float64(7.5), np.float64(2.0), np.float64(3.0)]
2026-05-07 12:03:03,058 - INFO - FLUKA OK: abl_bo_eval100.inp (38.1s)
2026-05-07 12:03:03,061 - WARNING - prefix 'abl_bo_eval100' unit 24: expected 5 cycle files, found 15: ['abl_bo_eval100001_fort.24', 'abl_bo_eval100002_fort.24', 'abl_bo_eval100003_fort.24', 'abl_bo_eval100004_fort.24', 'abl_bo_eval100005_fort.24', 'abl_bo_eval10001_fort.24', 'abl_bo_eval10002_fort.24', 'abl_bo_eval10003_fort.24', 'abl_bo_eval10004_fort.24', 'abl_bo_eval10005_fort.24', 'abl_bo_eval1001_fort.24', 'abl_bo_eval1002_fort.24', 'abl_bo_eval1003_fort.24', 'abl_bo_eval1004_fort.24', 'abl_bo_eval1005_fort.24']
2026-05-07 12:03:03,524 - INFO - ustsuw OK ¡ú /home/marina/caseI/5runBO/run1/abl_bo_eval100_out_tab.lis (15 cycles, unit 24)
2026-05-07 12:03:03,525 - INFO - Eval 100: HCNO: N=37.4%  H=11.5%  C=20.7%  O=30.5%
2026-05-07 12:03:03,525 - INFO - Eval 100: Reward=31.9983  State=[np.float64(3.0), np.float64(2.0), np.float64(2.5), np.float64(8.0), np.float64(7.5), np.float64(8.0), np.float64(4.0)]

