2026-05-07 10:41:51,579 - INFO - ABLATION DQL training started 
2026-05-07 10:43:02,000 - INFO - FLUKA OK: abl_dql_ep1_step1.inp (70.1s)
2026-05-07 10:43:03,849 - INFO - ustsuw OK â†?/home/marina/caseI/20run_caseI/run4/abl_dql_ep1_step1_out_tab.lis (5 cycles, unit 24)
2026-05-07 10:43:05,091 - INFO - Ep1 Step1: HCNO: N=48.7%  H=2.8%  C=26.4%  O=22.1%
2026-05-07 10:43:05,303 - INFO - Ep1 Step1: Reward=18.78
2026-05-07 10:43:05,430 - INFO - Ep 1 Step 1: Action=1 (DecL2), Layers=[3.5, 4.0, 2.5, 4.5, 8.0, 5.5], Gap=8.0, Reward=18.78
2026-05-07 10:43:05,431 - INFO - New Best: 18.78 at Ep1, Step1
2026-05-07 10:43:55,296 - INFO - FLUKA OK: abl_dql_ep1_step2.inp (48.4s)
2026-05-07 10:43:55,541 - INFO - ustsuw OK â†?/home/marina/caseI/20run_caseI/run4/abl_dql_ep1_step2_out_tab.lis (5 cycles, unit 24)
2026-05-07 10:43:55,618 - INFO - Ep1 Step2: HCNO: N=46.0%  H=6.4%  C=23.6%  O=24.1%
2026-05-07 10:43:55,618 - INFO - Ep1 Step2: Reward=25.69
2026-05-07 10:43:55,619 - INFO - Ep 1 Step 2: Action=5 (DecL6), Layers=[3.5, 4.0, 2.5, 4.5, 8.0, 5.0], Gap=8.0, Reward=25.69
2026-05-07 10:43:55,620 - INFO - New Best: 25.69 at Ep1, Step2
2026-05-07 10:44:40,183 - INFO - FLUKA OK: abl_dql_ep1_step3.inp (44.5s)
2026-05-07 10:44:40,373 - INFO - ustsuw OK â†?/home/marina/caseI/20run_caseI/run4/abl_dql_ep1_step3_out_tab.lis (5 cycles, unit 24)
2026-05-07 10:44:40,400 - INFO - Ep1 Step3: HCNO: N=43.8%  H=5.3%  C=28.6%  O=22.2%
2026-05-07 10:44:40,400 - INFO - Ep1 Step3: Reward=17.90
2026-05-07 10:44:40,400 - INFO - Ep 1 Step 3: Action=12 (DecGap), Layers=[3.5, 4.0, 2.5, 4.5, 8.0, 5.0], Gap=7.5, Reward=17.90
2026-05-07 10:45:32,422 - INFO - FLUKA OK: abl_dql_ep1_step4.inp (52.0s)
2026-05-07 10:45:32,508 - INFO - ustsuw OK â†?/home/marina/caseI/20run_caseI/run4/abl_dql_ep1_step4_out_tab.lis (5 cycles, unit 24)
2026-05-07 10:45:32,537 - INFO - Ep1 Step4: HCNO: N=41.3%  H=13.6%  C=17.2%  O=28.0%
2026-05-07 10:45:32,537 - INFO - Ep1 Step4: Reward=23.41
2026-05-07 10:45:32,537 - INFO - Ep 1 Step 4: Action=3 (DecL4), Layers=[3.5, 4.0, 2.5, 4.0, 8.0, 5.0], Gap=7.5, Reward=23.41
2026-05-07 10:46:16,394 - INFO - FLUKA OK: abl_dql_ep1_step5.inp (43.8s)
2026-05-07 10:46:16,546 - INFO - ustsuw OK â†?/home/marina/caseI/20run_caseI/run4/abl_dql_ep1_step5_out_tab.lis (5 cycles, unit 24)
2026-05-07 10:46:16,547 - INFO - Ep1 Step5: HCNO: N=38.0%  H=9.6%  C=26.8%  O=25.6%
2026-05-07 10:46:16,547 - INFO - Ep1 Step5: Reward=28.53
2026-05-07 10:46:16,547 - INFO - Ep 1 Step 5: Action=1 (DecL2), Layers=[3.5, 3.5, 2.5, 4.0, 8.0, 5.0], Gap=7.5, Reward=28.53
2026-05-07 10:46:16,547 - INFO - New Best: 28.53 at Ep1, Step5
2026-05-07 10:47:00,419 - INFO - FLUKA OK: abl_dql_ep1_step6.inp (43.9s)
2026-05-07 10:47:00,498 - INFO - ustsuw OK â†?/home/marina/caseI/20run_caseI/run4/abl_dql_ep1_step6_out_tab.lis (5 cycles, unit 24)
2026-05-07 10:47:00,521 - INFO - Ep1 Step6: HCNO: N=40.6%  H=4.1%  C=19.2%  O=36.1%
2026-05-07 10:47:00,521 - INFO - Ep1 Step6: Reward=21.18
2026-05-07 10:47:00,521 - INFO - Ep 1 Step 6: Action=4 (DecL5), Layers=[3.5, 3.5, 2.5, 4.0, 7.5, 5.0], Gap=7.5, Reward=21.18
2026-05-07 10:47:41,290 - INFO - FLUKA OK: abl_dql_ep1_step7.inp (40.8s)
2026-05-07 10:47:41,353 - INFO - ustsuw OK â†?/home/marina/caseI/20run_caseI/run4/abl_dql_ep1_step7_out_tab.lis (5 cycles, unit 24)
2026-05-07 10:47:41,395 - INFO - Ep1 Step7: HCNO: N=46.4%  H=6.4%  C=24.4%  O=22.8%
2026-05-07 10:47:41,395 - INFO - Ep1 Step7: Reward=22.53
2026-05-07 10:47:41,395 - INFO - Ep 1 Step 7: Action=1 (DecL2), Layers=[3.5, 3.0, 2.5, 4.0, 7.5, 5.0], Gap=7.5, Reward=22.53
2026-05-07 10:48:30,935 - INFO - FLUKA OK: abl_dql_ep1_step8.inp (49.5s)
2026-05-07 10:48:30,956 - INFO - ustsuw OK â†?/home/marina/caseI/20run_caseI/run4/abl_dql_ep1_step8_out_tab.lis (5 cycles, unit 24)
2026-05-07 10:48:30,961 - INFO - Ep1 Step8: HCNO: N=28.1%  H=5.6%  C=29.5%  O=36.8%
2026-05-07 10:48:30,961 - INFO - Ep1 Step8: Reward=20.04
2026-05-07 10:48:30,964 - INFO - Ep 1 Step 8: Action=9 (IncL4), Layers=[3.5, 3.0, 2.5, 4.5, 7.5, 5.0], Gap=7.5, Reward=20.04
2026-05-07 10:49:22,801 - INFO - FLUKA OK: abl_dql_ep1_step9.inp (51.1s)
2026-05-07 10:49:28,759 - INFO - ustsuw OK â†?/home/marina/caseI/20run_caseI/run4/abl_dql_ep1_step9_out_tab.lis (5 cycles, unit 24)
2026-05-07 10:49:30,274 - INFO - Ep1 Step9: HCNO: N=41.5%  H=8.8%  C=21.6%  O=28.0%
2026-05-07 10:49:30,323 - INFO - Ep1 Step9: Reward=19.84
2026-05-07 10:49:30,557 - INFO - Ep 1 Step 9: Action=0 (DecL1), Layers=[3.0, 3.0, 2.5, 4.5, 7.5, 5.0], Gap=7.5, Reward=19.84
2026-05-07 10:50:25,579 - INFO - FLUKA OK: abl_dql_ep1_step10.inp (53.1s)
2026-05-07 10:50:26,270 - WARNING - prefix 'abl_dql_ep1_step10' unit 24: expected 5 cycle files, found 10: ['abl_dql_ep1_step10001_fort.24', 'abl_dql_ep1_step10002_fort.24', 'abl_dql_ep1_step10003_fort.24', 'abl_dql_ep1_step10004_fort.24', 'abl_dql_ep1_step10005_fort.24', 'abl_dql_ep1_step1001_fort.24', 'abl_dql_ep1_step1002_fort.24', 'abl_dql_ep1_step1003_fort.24', 'abl_dql_ep1_step1004_fort.24', 'abl_dql_ep1_step1005_fort.24']
2026-05-07 10:50:26,674 - INFO - ustsuw OK â†?/home/marina/caseI/20run_caseI/run4/abl_dql_ep1_step10_out_tab.lis (10 cycles, unit 24)
2026-05-07 10:50:26,722 - INFO - Ep1 Step10: HCNO: N=37.3%  H=5.9%  C=29.6%  O=27.3%
2026-05-07 10:50:26,722 - INFO - Ep1 Step10: Reward=28.79
2026-05-07 10:50:26,722 - INFO - Ep 1 Step 10: Action=2 (DecL3), Layers=[3.0, 3.0, 2.0, 4.5, 7.5, 5.0], Gap=7.5, Reward=28.79
2026-05-07 10:50:26,768 - INFO - New Best: 28.79 at Ep1, Step10
2026-05-07 10:50:26,925 - INFO - Episode 1: Return=226.69, Best=28.79, Loss=0.0000
2026-05-07 10:51:14,046 - INFO - FLUKA OK: abl_dql_ep2_step1.inp (46.3s)
2026-05-07 10:51:16,160 - INFO - ustsuw OK â†?/home/marina/caseI/20run_caseI/run4/abl_dql_ep2_step1_out_tab.lis (5 cycles, unit 24)
2026-05-07 10:51:16,556 - INFO - Ep2 Step1: HCNO: N=21.6%  H=11.6%  C=22.6%  O=44.2%
2026-05-07 10:51:16,556 - INFO - Ep2 Step1: Reward=20.64
2026-05-07 10:51:16,556 - INFO - Ep 2 Step 1: Action=2 (DecL3), Layers=[6.0, 5.5, 3.5, 8.0, 7.5, 6.0], Gap=1.5, Reward=20.64
2026-05-07 10:52:06,706 - INFO - FLUKA OK: abl_dql_ep2_step2.inp (49.8s)
2026-05-07 10:52:08,566 - INFO - ustsuw OK â†?/home/marina/caseI/20run_caseI/run4/abl_dql_ep2_step2_out_tab.lis (5 cycles, unit 24)
2026-05-07 10:52:08,582 - INFO - Ep2 Step2: HCNO: N=23.1%  H=10.3%  C=22.4%  O=44.2%
2026-05-07 10:52:08,582 - INFO - Ep2 Step2: Reward=16.06
2026-05-07 10:52:08,582 - INFO - Ep 2 Step 2: Action=13 (IncGap), Layers=[6.0, 5.5, 3.5, 8.0, 7.5, 6.0], Gap=2.0, Reward=16.06
2026-05-07 10:52:45,774 - INFO - FLUKA OK: abl_dql_ep2_step3.inp (37.2s)
2026-05-07 10:52:46,366 - INFO - ustsuw OK â†?/home/marina/caseI/20run_caseI/run4/abl_dql_ep2_step3_out_tab.lis (5 cycles, unit 24)
2026-05-07 10:52:46,552 - INFO - Ep2 Step3: HCNO: N=38.8%  H=8.3%  C=16.1%  O=36.8%
2026-05-07 10:52:46,552 - INFO - Ep2 Step3: Reward=10.62
2026-05-07 10:52:46,552 - INFO - Ep 2 Step 3: Action=10 (IncL5), Layers=[6.0, 5.5, 3.5, 8.0, 8.0, 6.0], Gap=2.0, Reward=10.62
2026-05-07 10:53:23,941 - INFO - FLUKA OK: abl_dql_ep2_step4.inp (37.4s)
2026-05-07 10:53:24,277 - INFO - ustsuw OK â†?/home/marina/caseI/20run_caseI/run4/abl_dql_ep2_step4_out_tab.lis (5 cycles, unit 24)
2026-05-07 10:53:24,278 - INFO - Ep2 Step4: HCNO: N=29.3%  H=7.8%  C=22.6%  O=40.4%
2026-05-07 10:53:24,278 - INFO - Ep2 Step4: Reward=29.38
2026-05-07 10:53:24,278 - INFO - Ep 2 Step 4: Action=2 (DecL3), Layers=[6.0, 5.5, 3.0, 8.0, 8.0, 6.0], Gap=2.0, Reward=29.38
2026-05-07 10:53:24,278 - INFO - New Best: 29.38 at Ep2, Step4
2026-05-07 10:54:04,336 - INFO - FLUKA OK: abl_dql_ep2_step5.inp (39.9s)
2026-05-07 10:54:04,668 - INFO - ustsuw OK â†?/home/marina/caseI/20run_caseI/run4/abl_dql_ep2_step5_out_tab.lis (5 cycles, unit 24)
2026-05-07 10:54:04,668 - INFO - Ep2 Step5: HCNO: N=29.3%  H=7.8%  C=22.6%  O=40.4%
2026-05-07 10:54:04,668 - INFO - Ep2 Step5: Reward=29.38
2026-05-07 10:54:04,668 - INFO - Ep 2 Step 5: Action=9 (IncL4), Layers=[6.0, 5.5, 3.0, 8.0, 8.0, 6.0], Gap=2.0, Reward=29.38
2026-05-07 10:58:42,845 - INFO - FLUKA OK: abl_dql_ep2_step6.inp (38.0s)
2026-05-07 10:58:43,162 - INFO - ustsuw OK â†?/home/marina/caseI/20run_caseI/run4/abl_dql_ep2_step6_out_tab.lis (5 cycles, unit 24)
2026-05-07 10:58:43,163 - INFO - Ep2 Step6: HCNO: N=43.4%  H=13.2%  C=15.8%  O=27.5%
2026-05-07 10:58:43,191 - INFO - Ep2 Step6: Reward=21.21
2026-05-07 10:58:43,192 - INFO - Ep 2 Step 6: Action=1 (DecL2), Layers=[6.0, 5.0, 3.0, 8.0, 8.0, 6.0], Gap=2.0, Reward=21.21
2026-05-07 10:59:21,213 - INFO - FLUKA OK: abl_dql_ep2_step7.inp (38.0s)
2026-05-07 10:59:21,537 - INFO - ustsuw OK â†?/home/marina/caseI/20run_caseI/run4/abl_dql_ep2_step7_out_tab.lis (5 cycles, unit 24)
2026-05-07 10:59:21,538 - INFO - Ep2 Step7: HCNO: N=45.8%  H=8.2%  C=17.7%  O=28.2%
2026-05-07 10:59:21,538 - INFO - Ep2 Step7: Reward=14.35
2026-05-07 10:59:21,539 - INFO - Ep 2 Step 7: Action=13 (IncGap), Layers=[6.0, 5.0, 3.0, 8.0, 8.0, 6.0], Gap=2.5, Reward=14.35
2026-05-07 10:59:58,276 - INFO - FLUKA OK: abl_dql_ep2_step8.inp (36.7s)
2026-05-07 10:59:58,351 - INFO - ustsuw OK â†?/home/marina/caseI/20run_caseI/run4/abl_dql_ep2_step8_out_tab.lis (5 cycles, unit 24)
2026-05-07 10:59:58,352 - INFO - Ep2 Step8: HCNO: N=35.7%  H=8.9%  C=26.9%  O=28.6%
2026-05-07 10:59:58,352 - INFO - Ep2 Step8: Reward=16.33
2026-05-07 10:59:58,352 - INFO - Ep 2 Step 8: Action=2 (DecL3), Layers=[6.0, 5.0, 2.5, 8.0, 8.0, 6.0], Gap=2.5, Reward=16.33
2026-05-07 11:00:35,051 - INFO - FLUKA OK: abl_dql_ep2_step9.inp (36.7s)
2026-05-07 11:00:35,294 - INFO - ustsuw OK â†?/home/marina/caseI/20run_caseI/run4/abl_dql_ep2_step9_out_tab.lis (5 cycles, unit 24)
2026-05-07 11:00:35,295 - INFO - Ep2 Step9: HCNO: N=36.0%  H=11.5%  C=14.8%  O=37.6%
2026-05-07 11:00:35,295 - INFO - Ep2 Step9: Reward=27.65
2026-05-07 11:00:35,295 - INFO - Ep 2 Step 9: Action=6 (IncL1), Layers=[6.5, 5.0, 2.5, 8.0, 8.0, 6.0], Gap=2.5, Reward=27.65
2026-05-07 11:01:12,091 - INFO - FLUKA OK: abl_dql_ep2_step10.inp (36.8s)
2026-05-07 11:01:12,209 - WARNING - prefix 'abl_dql_ep2_step10' unit 24: expected 5 cycle files, found 10: ['abl_dql_ep2_step10001_fort.24', 'abl_dql_ep2_step10002_fort.24', 'abl_dql_ep2_step10003_fort.24', 'abl_dql_ep2_step10004_fort.24', 'abl_dql_ep2_step10005_fort.24', 'abl_dql_ep2_step1001_fort.24', 'abl_dql_ep2_step1002_fort.24', 'abl_dql_ep2_step1003_fort.24', 'abl_dql_ep2_step1004_fort.24', 'abl_dql_ep2_step1005_fort.24']
2026-05-07 11:01:12,321 - INFO - ustsuw OK â†?/home/marina/caseI/20run_caseI/run4/abl_dql_ep2_step10_out_tab.lis (10 cycles, unit 24)
2026-05-07 11:01:12,322 - INFO - Ep2 Step10: HCNO: N=30.6%  H=11.1%  C=19.5%  O=38.8%
2026-05-07 11:01:12,322 - INFO - Ep2 Step10: Reward=28.89
2026-05-07 11:01:12,322 - INFO - Ep 2 Step 10: Action=13 (IncGap), Layers=[6.5, 5.0, 2.5, 8.0, 8.0, 6.0], Gap=3.0, Reward=28.89
2026-05-07 11:01:12,322 - INFO - Episode 2: Return=214.50, Best=29.38, Loss=0.0000
2026-05-07 11:01:48,889 - INFO - FLUKA OK: abl_dql_ep3_step1.inp (36.6s)
2026-05-07 11:01:49,126 - INFO - ustsuw OK â†?/home/marina/caseI/20run_caseI/run4/abl_dql_ep3_step1_out_tab.lis (5 cycles, unit 24)
2026-05-07 11:01:49,127 - INFO - Ep3 Step1: HCNO: N=24.8%  H=6.1%  C=34.7%  O=34.4%
2026-05-07 11:01:49,127 - INFO - Ep3 Step1: Reward=19.08
2026-05-07 11:01:49,127 - INFO - Ep 3 Step 1: Action=13 (IncGap), Layers=[6.5, 6.0, 5.0, 3.0, 2.0, 6.5], Gap=5.5, Reward=19.08
2026-05-07 11:02:29,740 - INFO - FLUKA OK: abl_dql_ep3_step2.inp (40.6s)
2026-05-07 11:02:29,831 - INFO - ustsuw OK â†?/home/marina/caseI/20run_caseI/run4/abl_dql_ep3_step2_out_tab.lis (5 cycles, unit 24)
2026-05-07 11:02:29,832 - INFO - Ep3 Step2: HCNO: N=24.8%  H=6.1%  C=34.7%  O=34.4%
2026-05-07 11:02:29,832 - INFO - Ep3 Step2: Reward=19.08
2026-05-07 11:02:29,832 - INFO - Ep 3 Step 2: Action=4 (DecL5), Layers=[6.5, 6.0, 5.0, 3.0, 2.0, 6.5], Gap=5.5, Reward=19.08
2026-05-07 11:03:16,238 - INFO - FLUKA OK: abl_dql_ep3_step3.inp (46.4s)
2026-05-07 11:03:16,373 - INFO - ustsuw OK â†?/home/marina/caseI/20run_caseI/run4/abl_dql_ep3_step3_out_tab.lis (5 cycles, unit 24)
2026-05-07 11:03:16,375 - INFO - Ep3 Step3: HCNO: N=24.8%  H=6.1%  C=34.7%  O=34.4%
2026-05-07 11:03:16,375 - INFO - Ep3 Step3: Reward=19.08
2026-05-07 11:03:16,375 - INFO - Ep 3 Step 3: Action=4 (DecL5), Layers=[6.5, 6.0, 5.0, 3.0, 2.0, 6.5], Gap=5.5, Reward=19.08
2026-05-07 11:03:58,125 - INFO - FLUKA OK: abl_dql_ep3_step4.inp (41.7s)
2026-05-07 11:03:58,271 - INFO - ustsuw OK â†?/home/marina/caseI/20run_caseI/run4/abl_dql_ep3_step4_out_tab.lis (5 cycles, unit 24)
2026-05-07 11:03:58,271 - INFO - Ep3 Step4: HCNO: N=37.7%  H=10.9%  C=18.6%  O=32.7%
2026-05-07 11:03:58,272 - INFO - Ep3 Step4: Reward=16.66
2026-05-07 11:03:58,272 - INFO - Ep 3 Step 4: Action=6 (IncL1), Layers=[7.0, 6.0, 5.0, 3.0, 2.0, 6.5], Gap=5.5, Reward=16.66
2026-05-07 11:04:36,092 - INFO - FLUKA OK: abl_dql_ep3_step5.inp (37.8s)
2026-05-07 11:04:36,214 - INFO - ustsuw OK â†?/home/marina/caseI/20run_caseI/run4/abl_dql_ep3_step5_out_tab.lis (5 cycles, unit 24)
2026-05-07 11:04:36,215 - INFO - Ep3 Step5: HCNO: N=37.7%  H=10.9%  C=18.6%  O=32.7%
2026-05-07 11:04:36,215 - INFO - Ep3 Step5: Reward=16.66
2026-05-07 11:04:36,215 - INFO - Ep 3 Step 5: Action=4 (DecL5), Layers=[7.0, 6.0, 5.0, 3.0, 2.0, 6.5], Gap=5.5, Reward=16.66
2026-05-07 11:05:20,644 - INFO - FLUKA OK: abl_dql_ep3_step6.inp (44.4s)
2026-05-07 11:05:20,784 - INFO - ustsuw OK â†?/home/marina/caseI/20run_caseI/run4/abl_dql_ep3_step6_out_tab.lis (5 cycles, unit 24)
2026-05-07 11:05:20,786 - INFO - Ep3 Step6: HCNO: N=38.3%  H=9.1%  C=16.6%  O=36.0%
2026-05-07 11:05:20,786 - INFO - Ep3 Step6: Reward=19.71
2026-05-07 11:05:20,786 - INFO - Ep 3 Step 6: Action=13 (IncGap), Layers=[7.0, 6.0, 5.0, 3.0, 2.0, 6.5], Gap=6.0, Reward=19.71
2026-05-07 11:05:59,924 - INFO - FLUKA OK: abl_dql_ep3_step7.inp (39.1s)
2026-05-07 11:05:59,999 - INFO - ustsuw OK â†?/home/marina/caseI/20run_caseI/run4/abl_dql_ep3_step7_out_tab.lis (5 cycles, unit 24)
2026-05-07 11:06:00,001 - INFO - Ep3 Step7: HCNO: N=38.4%  H=12.8%  C=20.9%  O=27.8%
2026-05-07 11:06:00,001 - INFO - Ep3 Step7: Reward=28.31
2026-05-07 11:06:00,001 - INFO - Ep 3 Step 7: Action=5 (DecL6), Layers=[7.0, 6.0, 5.0, 3.0, 2.0, 6.0], Gap=6.0, Reward=28.31
2026-05-07 11:06:43,680 - INFO - FLUKA OK: abl_dql_ep3_step8.inp (43.7s)
2026-05-07 11:06:43,940 - INFO - ustsuw OK â†?/home/marina/caseI/20run_caseI/run4/abl_dql_ep3_step8_out_tab.lis (5 cycles, unit 24)
2026-05-07 11:06:43,940 - INFO - Ep3 Step8: HCNO: N=32.7%  H=8.4%  C=16.5%  O=42.5%
2026-05-07 11:06:43,940 - INFO - Ep3 Step8: Reward=32.04
2026-05-07 11:06:43,940 - INFO - Ep 3 Step 8: Action=2 (DecL3), Layers=[7.0, 6.0, 4.5, 3.0, 2.0, 6.0], Gap=6.0, Reward=32.04
2026-05-07 11:06:43,941 - INFO - New Best: 32.04 at Ep3, Step8
2026-05-07 11:07:21,948 - INFO - FLUKA OK: abl_dql_ep3_step9.inp (38.0s)
2026-05-07 11:07:22,031 - INFO - ustsuw OK â†?/home/marina/caseI/20run_caseI/run4/abl_dql_ep3_step9_out_tab.lis (5 cycles, unit 24)
2026-05-07 11:07:22,031 - INFO - Ep3 Step9: HCNO: N=24.1%  H=9.1%  C=27.6%  O=39.2%
2026-05-07 11:07:22,031 - INFO - Ep3 Step9: Reward=29.19
2026-05-07 11:07:22,032 - INFO - Ep 3 Step 9: Action=1 (DecL2), Layers=[7.0, 5.5, 4.5, 3.0, 2.0, 6.0], Gap=6.0, Reward=29.19
2026-05-07 11:07:59,754 - INFO - FLUKA OK: abl_dql_ep3_step10.inp (37.7s)
2026-05-07 11:07:59,786 - WARNING - prefix 'abl_dql_ep3_step10' unit 24: expected 5 cycle files, found 10: ['abl_dql_ep3_step10001_fort.24', 'abl_dql_ep3_step10002_fort.24', 'abl_dql_ep3_step10003_fort.24', 'abl_dql_ep3_step10004_fort.24', 'abl_dql_ep3_step10005_fort.24', 'abl_dql_ep3_step1001_fort.24', 'abl_dql_ep3_step1002_fort.24', 'abl_dql_ep3_step1003_fort.24', 'abl_dql_ep3_step1004_fort.24', 'abl_dql_ep3_step1005_fort.24']
2026-05-07 11:07:59,899 - INFO - ustsuw OK â†?/home/marina/caseI/20run_caseI/run4/abl_dql_ep3_step10_out_tab.lis (10 cycles, unit 24)
2026-05-07 11:07:59,918 - INFO - Ep3 Step10: HCNO: N=30.8%  H=10.3%  C=27.9%  O=31.0%
2026-05-07 11:07:59,918 - INFO - Ep3 Step10: Reward=29.60
2026-05-07 11:07:59,918 - INFO - Ep 3 Step 10: Action=9 (IncL4), Layers=[7.0, 5.5, 4.5, 3.5, 2.0, 6.0], Gap=6.0, Reward=29.60
2026-05-07 11:07:59,918 - INFO - Episode 3: Return=229.39, Best=32.04, Loss=0.0000
2026-05-07 11:08:39,793 - INFO - FLUKA OK: abl_dql_ep4_step1.inp (39.9s)
2026-05-07 11:08:42,172 - INFO - ustsuw OK â†?/home/marina/caseI/20run_caseI/run4/abl_dql_ep4_step1_out_tab.lis (5 cycles, unit 24)
2026-05-07 11:08:42,535 - INFO - Ep4 Step1: HCNO: N=35.4%  H=10.7%  C=17.5%  O=36.4%
2026-05-07 11:08:42,535 - INFO - Ep4 Step1: Reward=25.62
2026-05-07 11:08:42,535 - INFO - Ep 4 Step 1: Action=12 (DecGap), Layers=[5.0, 3.0, 2.5, 3.0, 7.5, 3.5], Gap=5.0, Reward=25.62
2026-05-07 11:09:24,506 - INFO - FLUKA OK: abl_dql_ep4_step2.inp (41.5s)
2026-05-07 11:09:24,852 - INFO - ustsuw OK â†?/home/marina/caseI/20run_caseI/run4/abl_dql_ep4_step2_out_tab.lis (5 cycles, unit 24)
2026-05-07 11:09:24,917 - INFO - Ep4 Step2: HCNO: N=37.0%  H=8.4%  C=22.9%  O=31.7%
2026-05-07 11:09:24,917 - INFO - Ep4 Step2: Reward=29.32
2026-05-07 11:09:24,917 - INFO - Ep 4 Step 2: Action=3 (DecL4), Layers=[5.0, 3.0, 2.5, 2.5, 7.5, 3.5], Gap=5.0, Reward=29.32
2026-05-07 11:10:04,982 - INFO - FLUKA OK: abl_dql_ep4_step3.inp (40.0s)
2026-05-07 11:10:05,218 - INFO - ustsuw OK â†?/home/marina/caseI/20run_caseI/run4/abl_dql_ep4_step3_out_tab.lis (5 cycles, unit 24)
2026-05-07 11:10:05,219 - INFO - Ep4 Step3: HCNO: N=35.6%  H=7.7%  C=22.2%  O=34.5%
2026-05-07 11:10:05,219 - INFO - Ep4 Step3: Reward=23.40
2026-05-07 11:10:05,219 - INFO - Ep 4 Step 3: Action=2 (DecL3), Layers=[5.0, 3.0, 2.0, 2.5, 7.5, 3.5], Gap=5.0, Reward=23.40
2026-05-07 11:10:43,438 - INFO - FLUKA OK: abl_dql_ep4_step4.inp (38.2s)
2026-05-07 11:10:43,746 - INFO - ustsuw OK â†?/home/marina/caseI/20run_caseI/run4/abl_dql_ep4_step4_out_tab.lis (5 cycles, unit 24)
2026-05-07 11:10:43,747 - INFO - Ep4 Step4: HCNO: N=36.0%  H=11.1%  C=19.1%  O=33.8%
2026-05-07 11:10:43,747 - INFO - Ep4 Step4: Reward=28.69
2026-05-07 11:10:43,747 - INFO - Ep 4 Step 4: Action=6 (IncL1), Layers=[5.5, 3.0, 2.0, 2.5, 7.5, 3.5], Gap=5.0, Reward=28.69
2026-05-07 11:11:21,692 - INFO - FLUKA OK: abl_dql_ep4_step5.inp (37.9s)
2026-05-07 11:11:22,091 - INFO - ustsuw OK â†?/home/marina/caseI/20run_caseI/run4/abl_dql_ep4_step5_out_tab.lis (5 cycles, unit 24)
2026-05-07 11:11:22,092 - INFO - Ep4 Step5: HCNO: N=41.3%  H=11.0%  C=17.5%  O=30.3%
2026-05-07 11:11:22,092 - INFO - Ep4 Step5: Reward=30.25
2026-05-07 11:11:22,092 - INFO - Ep 4 Step 5: Action=12 (DecGap), Layers=[5.5, 3.0, 2.0, 2.5, 7.5, 3.5], Gap=4.5, Reward=30.25
2026-05-07 11:12:03,887 - INFO - FLUKA OK: abl_dql_ep4_step6.inp (41.8s)
2026-05-07 11:12:04,961 - INFO - ustsuw OK â†?/home/marina/caseI/20run_caseI/run4/abl_dql_ep4_step6_out_tab.lis (5 cycles, unit 24)
2026-05-07 11:12:04,962 - INFO - Ep4 Step6: HCNO: N=43.9%  H=11.2%  C=18.3%  O=26.6%
2026-05-07 11:12:04,962 - INFO - Ep4 Step6: Reward=17.96
2026-05-07 11:12:04,962 - INFO - Ep 4 Step 6: Action=3 (DecL4), Layers=[5.5, 3.0, 2.0, 2.0, 7.5, 3.5], Gap=4.5, Reward=17.96
2026-05-07 11:12:49,574 - INFO - FLUKA OK: abl_dql_ep4_step7.inp (44.6s)
2026-05-07 11:12:49,818 - INFO - ustsuw OK â†?/home/marina/caseI/20run_caseI/run4/abl_dql_ep4_step7_out_tab.lis (5 cycles, unit 24)
2026-05-07 11:12:49,819 - INFO - Ep4 Step7: HCNO: N=38.1%  H=11.8%  C=29.3%  O=20.7%
2026-05-07 11:12:49,819 - INFO - Ep4 Step7: Reward=29.85
2026-05-07 11:12:49,819 - INFO - Ep 4 Step 7: Action=4 (DecL5), Layers=[5.5, 3.0, 2.0, 2.0, 7.0, 3.5], Gap=4.5, Reward=29.85
2026-05-07 11:14:09,176 - INFO - FLUKA OK: abl_dql_ep4_step8.inp (79.4s)
2026-05-07 11:14:10,563 - INFO - ustsuw OK â†?/home/marina/caseI/20run_caseI/run4/abl_dql_ep4_step8_out_tab.lis (5 cycles, unit 24)
2026-05-07 11:14:10,680 - INFO - Ep4 Step8: HCNO: N=41.5%  H=10.3%  C=24.6%  O=23.6%
2026-05-07 11:14:10,680 - INFO - Ep4 Step8: Reward=24.97
2026-05-07 11:14:10,680 - INFO - Ep 4 Step 8: Action=13 (IncGap), Layers=[5.5, 3.0, 2.0, 2.0, 7.0, 3.5], Gap=5.0, Reward=24.97
2026-05-07 11:14:49,681 - INFO - FLUKA OK: abl_dql_ep4_step9.inp (39.0s)
2026-05-07 11:14:50,878 - INFO - ustsuw OK â†?/home/marina/caseI/20run_caseI/run4/abl_dql_ep4_step9_out_tab.lis (5 cycles, unit 24)
2026-05-07 11:14:50,881 - INFO - Ep4 Step9: HCNO: N=49.0%  H=11.2%  C=15.4%  O=24.4%
2026-05-07 11:14:50,881 - INFO - Ep4 Step9: Reward=20.08
2026-05-07 11:14:50,881 - INFO - Ep 4 Step 9: Action=10 (IncL5), Layers=[5.5, 3.0, 2.0, 2.0, 7.5, 3.5], Gap=5.0, Reward=20.08
2026-05-07 11:15:34,446 - INFO - FLUKA OK: abl_dql_ep4_step10.inp (43.6s)
2026-05-07 11:15:39,744 - WARNING - prefix 'abl_dql_ep4_step10' unit 24: expected 5 cycle files, found 10: ['abl_dql_ep4_step10001_fort.24', 'abl_dql_ep4_step10002_fort.24', 'abl_dql_ep4_step10003_fort.24', 'abl_dql_ep4_step10004_fort.24', 'abl_dql_ep4_step10005_fort.24', 'abl_dql_ep4_step1001_fort.24', 'abl_dql_ep4_step1002_fort.24', 'abl_dql_ep4_step1003_fort.24', 'abl_dql_ep4_step1004_fort.24', 'abl_dql_ep4_step1005_fort.24']
2026-05-07 11:15:40,313 - INFO - ustsuw OK â†?/home/marina/caseI/20run_caseI/run4/abl_dql_ep4_step10_out_tab.lis (10 cycles, unit 24)
2026-05-07 11:15:40,428 - INFO - Ep4 Step10: HCNO: N=38.2%  H=10.5%  C=20.8%  O=30.5%
2026-05-07 11:15:40,428 - INFO - Ep4 Step10: Reward=30.55
2026-05-07 11:15:40,428 - INFO - Ep 4 Step 10: Action=4 (DecL5), Layers=[5.5, 3.0, 2.0, 2.0, 7.0, 3.5], Gap=5.0, Reward=30.55
2026-05-07 11:15:40,428 - INFO - Episode 4: Return=260.69, Best=32.04, Loss=0.0000
2026-05-07 11:16:25,293 - INFO - FLUKA OK: abl_dql_ep5_step1.inp (44.9s)
2026-05-07 11:16:25,890 - INFO - ustsuw OK â†?/home/marina/caseI/20run_caseI/run4/abl_dql_ep5_step1_out_tab.lis (5 cycles, unit 24)
2026-05-07 11:16:25,891 - INFO - Ep5 Step1: HCNO: N=33.8%  H=12.1%  C=24.3%  O=29.8%
2026-05-07 11:16:25,891 - INFO - Ep5 Step1: Reward=21.72
2026-05-07 11:16:25,891 - INFO - Ep 5 Step 1: Action=6 (IncL1), Layers=[5.5, 8.0, 2.0, 4.0, 7.0, 7.0], Gap=8.5, Reward=21.72
2026-05-07 11:17:13,349 - INFO - FLUKA OK: abl_dql_ep5_step2.inp (47.5s)
2026-05-07 11:17:13,644 - INFO - ustsuw OK â†?/home/marina/caseI/20run_caseI/run4/abl_dql_ep5_step2_out_tab.lis (5 cycles, unit 24)
2026-05-07 11:17:13,779 - INFO - Ep5 Step2: HCNO: N=36.1%  H=10.9%  C=28.3%  O=24.7%
2026-05-07 11:17:13,779 - INFO - Ep5 Step2: Reward=16.76
2026-05-07 11:17:13,779 - INFO - Ep 5 Step 2: Action=0 (DecL1), Layers=[5.0, 8.0, 2.0, 4.0, 7.0, 7.0], Gap=8.5, Reward=16.76
2026-05-07 11:17:52,722 - INFO - FLUKA OK: abl_dql_ep5_step3.inp (38.9s)
2026-05-07 11:17:53,288 - INFO - ustsuw OK â†?/home/marina/caseI/20run_caseI/run4/abl_dql_ep5_step3_out_tab.lis (5 cycles, unit 24)
2026-05-07 11:17:53,307 - INFO - Ep5 Step3: HCNO: N=33.6%  H=14.8%  C=22.3%  O=29.2%
2026-05-07 11:17:53,307 - INFO - Ep5 Step3: Reward=30.25
2026-05-07 11:17:53,307 - INFO - Ep 5 Step 3: Action=3 (DecL4), Layers=[5.0, 8.0, 2.0, 3.5, 7.0, 7.0], Gap=8.5, Reward=30.25
2026-05-07 11:18:34,205 - INFO - FLUKA OK: abl_dql_ep5_step4.inp (40.9s)
2026-05-07 11:18:34,602 - INFO - ustsuw OK â†?/home/marina/caseI/20run_caseI/run4/abl_dql_ep5_step4_out_tab.lis (5 cycles, unit 24)
2026-05-07 11:18:34,650 - INFO - Ep5 Step4: HCNO: N=27.8%  H=5.0%  C=35.1%  O=32.2%
2026-05-07 11:18:34,650 - INFO - Ep5 Step4: Reward=24.80
2026-05-07 11:18:34,651 - INFO - Ep 5 Step 4: Action=8 (IncL3), Layers=[5.0, 8.0, 2.5, 3.5, 7.0, 7.0], Gap=8.5, Reward=24.80
2026-05-07 11:19:15,046 - INFO - FLUKA OK: abl_dql_ep5_step5.inp (40.4s)
2026-05-07 11:19:15,396 - INFO - ustsuw OK â†?/home/marina/caseI/20run_caseI/run4/abl_dql_ep5_step5_out_tab.lis (5 cycles, unit 24)
2026-05-07 11:19:15,437 - INFO - Ep5 Step5: HCNO: N=33.9%  H=8.5%  C=24.8%  O=32.8%
2026-05-07 11:19:15,437 - INFO - Ep5 Step5: Reward=15.62
2026-05-07 11:19:15,438 - INFO - Ep 5 Step 5: Action=3 (DecL4), Layers=[5.0, 8.0, 2.5, 3.0, 7.0, 7.0], Gap=8.5, Reward=15.62
2026-05-07 11:20:30,895 - INFO - FLUKA OK: abl_dql_ep5_step6.inp (75.5s)
2026-05-07 11:20:31,109 - INFO - ustsuw OK â†?/home/marina/caseI/20run_caseI/run4/abl_dql_ep5_step6_out_tab.lis (5 cycles, unit 24)
2026-05-07 11:20:31,151 - INFO - Ep5 Step6: HCNO: N=26.0%  H=11.4%  C=33.2%  O=29.3%
2026-05-07 11:20:31,152 - INFO - Ep5 Step6: Reward=16.27
2026-05-07 11:20:31,152 - INFO - Ep 5 Step 6: Action=11 (IncL6), Layers=[5.0, 8.0, 2.5, 3.0, 7.0, 7.5], Gap=8.5, Reward=16.27
2026-05-07 11:21:10,218 - INFO - FLUKA OK: abl_dql_ep5_step7.inp (39.0s)
2026-05-07 11:21:10,349 - INFO - ustsuw OK â†?/home/marina/caseI/20run_caseI/run4/abl_dql_ep5_step7_out_tab.lis (5 cycles, unit 24)
2026-05-07 11:21:10,350 - INFO - Ep5 Step7: HCNO: N=26.0%  H=11.4%  C=33.2%  O=29.3%
2026-05-07 11:21:10,350 - INFO - Ep5 Step7: Reward=16.27
2026-05-07 11:21:10,350 - INFO - Ep 5 Step 7: Action=7 (IncL2), Layers=[5.0, 8.0, 2.5, 3.0, 7.0, 7.5], Gap=8.5, Reward=16.27
2026-05-07 11:21:51,197 - INFO - FLUKA OK: abl_dql_ep5_step8.inp (40.8s)
2026-05-07 11:21:51,370 - INFO - ustsuw OK â†?/home/marina/caseI/20run_caseI/run4/abl_dql_ep5_step8_out_tab.lis (5 cycles, unit 24)
2026-05-07 11:21:51,407 - INFO - Ep5 Step8: HCNO: N=26.0%  H=11.4%  C=33.2%  O=29.3%
2026-05-07 11:21:51,407 - INFO - Ep5 Step8: Reward=16.27
2026-05-07 11:21:51,407 - INFO - Ep 5 Step 8: Action=7 (IncL2), Layers=[5.0, 8.0, 2.5, 3.0, 7.0, 7.5], Gap=8.5, Reward=16.27
2026-05-07 11:22:33,476 - INFO - FLUKA OK: abl_dql_ep5_step9.inp (42.1s)
2026-05-07 11:22:33,618 - INFO - ustsuw OK â†?/home/marina/caseI/20run_caseI/run4/abl_dql_ep5_step9_out_tab.lis (5 cycles, unit 24)
2026-05-07 11:22:33,663 - INFO - Ep5 Step9: HCNO: N=34.7%  H=12.0%  C=26.0%  O=27.3%
2026-05-07 11:22:33,663 - INFO - Ep5 Step9: Reward=16.90
2026-05-07 11:22:33,663 - INFO - Ep 5 Step 9: Action=6 (IncL1), Layers=[5.5, 8.0, 2.5, 3.0, 7.0, 7.5], Gap=8.5, Reward=16.90
2026-05-07 11:23:14,493 - INFO - FLUKA OK: abl_dql_ep5_step10.inp (40.8s)
2026-05-07 11:23:14,783 - WARNING - prefix 'abl_dql_ep5_step10' unit 24: expected 5 cycle files, found 10: ['abl_dql_ep5_step10001_fort.24', 'abl_dql_ep5_step10002_fort.24', 'abl_dql_ep5_step10003_fort.24', 'abl_dql_ep5_step10004_fort.24', 'abl_dql_ep5_step10005_fort.24', 'abl_dql_ep5_step1001_fort.24', 'abl_dql_ep5_step1002_fort.24', 'abl_dql_ep5_step1003_fort.24', 'abl_dql_ep5_step1004_fort.24', 'abl_dql_ep5_step1005_fort.24']
2026-05-07 11:23:14,957 - INFO - ustsuw OK â†?/home/marina/caseI/20run_caseI/run4/abl_dql_ep5_step10_out_tab.lis (10 cycles, unit 24)
2026-05-07 11:23:14,958 - INFO - Ep5 Step10: HCNO: N=31.6%  H=10.9%  C=28.3%  O=29.3%
2026-05-07 11:23:14,958 - INFO - Ep5 Step10: Reward=28.18
2026-05-07 11:23:14,958 - INFO - Ep 5 Step 10: Action=10 (IncL5), Layers=[5.5, 8.0, 2.5, 3.0, 7.5, 7.5], Gap=8.5, Reward=28.18
2026-05-07 11:23:36,066 - INFO - Target network updated at episode 5
2026-05-07 11:23:36,106 - INFO - Episode 5: Return=203.05, Best=32.04, Loss=0.0000
2026-05-07 11:24:17,906 - INFO - FLUKA OK: abl_dql_ep6_step1.inp (41.7s)
2026-05-07 11:24:18,026 - INFO - ustsuw OK â†?/home/marina/caseI/20run_caseI/run4/abl_dql_ep6_step1_out_tab.lis (5 cycles, unit 24)
2026-05-07 11:24:18,057 - INFO - Ep6 Step1: HCNO: N=34.1%  H=13.1%  C=21.2%  O=31.6%
2026-05-07 11:24:18,057 - INFO - Ep6 Step1: Reward=22.19
2026-05-07 11:24:18,057 - INFO - Ep 6 Step 1: Action=1 (DecL2), Layers=[8.0, 4.0, 2.0, 3.5, 6.0, 7.5], Gap=1.5, Reward=22.19
2026-05-07 11:25:00,322 - INFO - FLUKA OK: abl_dql_ep6_step2.inp (42.3s)
2026-05-07 11:25:00,520 - INFO - ustsuw OK â†?/home/marina/caseI/20run_caseI/run4/abl_dql_ep6_step2_out_tab.lis (5 cycles, unit 24)
2026-05-07 11:25:00,521 - INFO - Ep6 Step2: HCNO: N=44.3%  H=8.4%  C=16.6%  O=30.7%
2026-05-07 11:25:00,521 - INFO - Ep6 Step2: Reward=15.72
2026-05-07 11:25:00,521 - INFO - Ep 6 Step 2: Action=3 (DecL4), Layers=[8.0, 4.0, 2.0, 3.0, 6.0, 7.5], Gap=1.5, Reward=15.72
2026-05-07 11:25:44,600 - INFO - FLUKA OK: abl_dql_ep6_step3.inp (44.1s)
2026-05-07 11:25:44,768 - INFO - ustsuw OK â†?/home/marina/caseI/20run_caseI/run4/abl_dql_ep6_step3_out_tab.lis (5 cycles, unit 24)
2026-05-07 11:25:44,769 - INFO - Ep6 Step3: HCNO: N=44.6%  H=7.4%  C=14.5%  O=33.5%
2026-05-07 11:25:44,769 - INFO - Ep6 Step3: Reward=23.19
2026-05-07 11:25:44,769 - INFO - Ep 6 Step 3: Action=1 (DecL2), Layers=[8.0, 3.5, 2.0, 3.0, 6.0, 7.5], Gap=1.5, Reward=23.19
2026-05-07 11:26:26,952 - INFO - FLUKA OK: abl_dql_ep6_step4.inp (42.2s)
2026-05-07 11:26:27,051 - INFO - ustsuw OK â†?/home/marina/caseI/20run_caseI/run4/abl_dql_ep6_step4_out_tab.lis (5 cycles, unit 24)
2026-05-07 11:26:27,052 - INFO - Ep6 Step4: HCNO: N=51.1%  H=5.0%  C=14.5%  O=29.5%
2026-05-07 11:26:27,052 - INFO - Ep6 Step4: Reward=18.44
2026-05-07 11:26:27,052 - INFO - Ep 6 Step 4: Action=12 (DecGap), Layers=[8.0, 3.5, 2.0, 3.0, 6.0, 7.5], Gap=1.0, Reward=18.44
2026-05-07 11:27:08,555 - INFO - FLUKA OK: abl_dql_ep6_step5.inp (41.5s)
2026-05-07 11:27:08,648 - INFO - ustsuw OK â†?/home/marina/caseI/20run_caseI/run4/abl_dql_ep6_step5_out_tab.lis (5 cycles, unit 24)
2026-05-07 11:27:08,651 - INFO - Ep6 Step5: HCNO: N=42.4%  H=13.4%  C=16.0%  O=28.2%
2026-05-07 11:27:08,651 - INFO - Ep6 Step5: Reward=21.86
2026-05-07 11:27:08,651 - INFO - Ep 6 Step 5: Action=3 (DecL4), Layers=[8.0, 3.5, 2.0, 2.5, 6.0, 7.5], Gap=1.0, Reward=21.86
2026-05-07 11:28:02,421 - INFO - FLUKA OK: abl_dql_ep6_step6.inp (53.8s)
2026-05-07 11:28:02,494 - INFO - ustsuw OK â†?/home/marina/caseI/20run_caseI/run4/abl_dql_ep6_step6_out_tab.lis (5 cycles, unit 24)
2026-05-07 11:28:02,513 - INFO - Ep6 Step6: HCNO: N=44.5%  H=7.3%  C=22.0%  O=26.2%
2026-05-07 11:28:02,514 - INFO - Ep6 Step6: Reward=19.73
2026-05-07 11:28:02,514 - INFO - Ep 6 Step 6: Action=7 (IncL2), Layers=[8.0, 4.0, 2.0, 2.5, 6.0, 7.5], Gap=1.0, Reward=19.73
2026-05-07 11:28:55,591 - INFO - FLUKA OK: abl_dql_ep6_step7.inp (53.1s)
2026-05-07 11:28:55,909 - INFO - ustsuw OK â†?/home/marina/caseI/20run_caseI/run4/abl_dql_ep6_step7_out_tab.lis (5 cycles, unit 24)
2026-05-07 11:28:55,911 - INFO - Ep6 Step7: HCNO: N=43.5%  H=11.6%  C=23.3%  O=21.5%
2026-05-07 11:28:55,911 - INFO - Ep6 Step7: Reward=22.61
2026-05-07 11:28:55,913 - INFO - Ep 6 Step 7: Action=8 (IncL3), Layers=[8.0, 4.0, 2.5, 2.5, 6.0, 7.5], Gap=1.0, Reward=22.61
2026-05-07 11:29:35,022 - INFO - FLUKA OK: abl_dql_ep6_step8.inp (39.1s)
2026-05-07 11:29:35,612 - INFO - ustsuw OK â†?/home/marina/caseI/20run_caseI/run4/abl_dql_ep6_step8_out_tab.lis (5 cycles, unit 24)
2026-05-07 11:29:35,613 - INFO - Ep6 Step8: HCNO: N=35.9%  H=7.9%  C=18.6%  O=37.5%
2026-05-07 11:29:35,613 - INFO - Ep6 Step8: Reward=16.94
2026-05-07 11:29:35,613 - INFO - Ep 6 Step 8: Action=9 (IncL4), Layers=[8.0, 4.0, 2.5, 3.0, 6.0, 7.5], Gap=1.0, Reward=16.94
2026-05-07 11:30:13,776 - INFO - FLUKA OK: abl_dql_ep6_step9.inp (38.2s)
2026-05-07 11:30:14,067 - INFO - ustsuw OK â†?/home/marina/caseI/20run_caseI/run4/abl_dql_ep6_step9_out_tab.lis (5 cycles, unit 24)
2026-05-07 11:30:14,068 - INFO - Ep6 Step9: HCNO: N=39.0%  H=6.8%  C=33.9%  O=20.3%
2026-05-07 11:30:14,068 - INFO - Ep6 Step9: Reward=23.00
2026-05-07 11:30:14,068 - INFO - Ep 6 Step 9: Action=0 (DecL1), Layers=[7.5, 4.0, 2.5, 3.0, 6.0, 7.5], Gap=1.0, Reward=23.00
2026-05-07 11:30:50,648 - INFO - FLUKA OK: abl_dql_ep6_step10.inp (36.6s)
2026-05-07 11:30:50,939 - WARNING - prefix 'abl_dql_ep6_step10' unit 24: expected 5 cycle files, found 10: ['abl_dql_ep6_step10001_fort.24', 'abl_dql_ep6_step10002_fort.24', 'abl_dql_ep6_step10003_fort.24', 'abl_dql_ep6_step10004_fort.24', 'abl_dql_ep6_step10005_fort.24', 'abl_dql_ep6_step1001_fort.24', 'abl_dql_ep6_step1002_fort.24', 'abl_dql_ep6_step1003_fort.24', 'abl_dql_ep6_step1004_fort.24', 'abl_dql_ep6_step1005_fort.24']
2026-05-07 11:30:51,141 - INFO - ustsuw OK â†?/home/marina/caseI/20run_caseI/run4/abl_dql_ep6_step10_out_tab.lis (10 cycles, unit 24)
2026-05-07 11:30:51,363 - INFO - Ep6 Step10: HCNO: N=39.1%  H=12.2%  C=19.0%  O=29.6%
2026-05-07 11:30:51,363 - INFO - Ep6 Step10: Reward=32.30
2026-05-07 11:30:51,364 - INFO - Ep 6 Step 10: Action=9 (IncL4), Layers=[7.5, 4.0, 2.5, 3.5, 6.0, 7.5], Gap=1.0, Reward=32.30
2026-05-07 11:30:51,364 - INFO - New Best: 32.30 at Ep6, Step10
2026-05-07 11:30:51,364 - INFO - Episode 6: Return=215.98, Best=32.30, Loss=0.0000
2026-05-07 11:31:31,229 - INFO - FLUKA OK: abl_dql_ep7_step1.inp (39.9s)
2026-05-07 11:31:31,445 - INFO - ustsuw OK â†?/home/marina/caseI/20run_caseI/run4/abl_dql_ep7_step1_out_tab.lis (5 cycles, unit 24)
2026-05-07 11:31:31,446 - INFO - Ep7 Step1: HCNO: N=34.1%  H=12.9%  C=16.4%  O=36.6%
2026-05-07 11:31:31,446 - INFO - Ep7 Step1: Reward=13.17
2026-05-07 11:31:31,446 - INFO - Ep 7 Step 1: Action=7 (IncL2), Layers=[7.5, 2.5, 7.0, 7.0, 4.0, 5.0], Gap=8.5, Reward=13.17
2026-05-07 11:32:09,150 - INFO - FLUKA OK: abl_dql_ep7_step2.inp (37.7s)
2026-05-07 11:32:09,326 - INFO - ustsuw OK â†?/home/marina/caseI/20run_caseI/run4/abl_dql_ep7_step2_out_tab.lis (5 cycles, unit 24)
2026-05-07 11:32:09,327 - INFO - Ep7 Step2: HCNO: N=35.4%  H=8.3%  C=27.2%  O=29.0%
2026-05-07 11:32:09,327 - INFO - Ep7 Step2: Reward=13.71
2026-05-07 11:32:09,327 - INFO - Ep 7 Step 2: Action=5 (DecL6), Layers=[7.5, 2.5, 7.0, 7.0, 4.0, 4.5], Gap=8.5, Reward=13.71
2026-05-07 11:32:46,354 - INFO - FLUKA OK: abl_dql_ep7_step3.inp (37.0s)
2026-05-07 11:32:46,717 - INFO - ustsuw OK â†?/home/marina/caseI/20run_caseI/run4/abl_dql_ep7_step3_out_tab.lis (5 cycles, unit 24)
2026-05-07 11:32:46,718 - INFO - Ep7 Step3: HCNO: N=32.7%  H=11.0%  C=27.3%  O=29.0%
2026-05-07 11:32:46,718 - INFO - Ep7 Step3: Reward=18.89
2026-05-07 11:32:46,718 - INFO - Ep 7 Step 3: Action=1 (DecL2), Layers=[7.5, 2.0, 7.0, 7.0, 4.0, 4.5], Gap=8.5, Reward=18.89
2026-05-07 11:33:22,810 - INFO - FLUKA OK: abl_dql_ep7_step4.inp (36.1s)
2026-05-07 11:33:22,979 - INFO - ustsuw OK â†?/home/marina/caseI/20run_caseI/run4/abl_dql_ep7_step4_out_tab.lis (5 cycles, unit 24)
2026-05-07 11:33:22,980 - INFO - Ep7 Step4: HCNO: N=35.4%  H=8.3%  C=27.2%  O=29.0%
2026-05-07 11:33:22,980 - INFO - Ep7 Step4: Reward=13.71
2026-05-07 11:33:22,980 - INFO - Ep 7 Step 4: Action=7 (IncL2), Layers=[7.5, 2.5, 7.0, 7.0, 4.0, 4.5], Gap=8.5, Reward=13.71
2026-05-07 12:11:43,673 - INFO - FLUKA OK: abl_dql_ep7_step5.inp (71.3s)
2026-05-07 12:11:44,461 - INFO - ustsuw OK â†?/home/marina/caseI/20run_caseI/run4/abl_dql_ep7_step5_out_tab.lis (5 cycles, unit 24)
2026-05-07 12:11:44,502 - INFO - Ep7 Step5: HCNO: N=34.1%  H=12.9%  C=16.4%  O=36.6%
2026-05-07 12:11:44,502 - INFO - Ep7 Step5: Reward=13.17
2026-05-07 12:11:44,502 - INFO - Ep 7 Step 5: Action=11 (IncL6), Layers=[7.5, 2.5, 7.0, 7.0, 4.0, 5.0], Gap=8.5, Reward=13.17
2026-05-07 12:12:38,157 - INFO - FLUKA OK: abl_dql_ep7_step6.inp (38.4s)
2026-05-07 12:12:38,163 - INFO - ustsuw OK â†?/home/marina/caseI/20run_caseI/run4/abl_dql_ep7_step6_out_tab.lis (5 cycles, unit 24)
2026-05-07 12:12:38,164 - INFO - Ep7 Step6: HCNO: N=31.3%  H=15.1%  C=23.3%  O=30.4%
2026-05-07 12:12:38,164 - INFO - Ep7 Step6: Reward=18.38
2026-05-07 12:12:38,164 - INFO - Ep 7 Step 6: Action=3 (DecL4), Layers=[7.5, 2.5, 7.0, 6.5, 4.0, 5.0], Gap=8.5, Reward=18.38
2026-05-07 12:13:24,903 - INFO - FLUKA OK: abl_dql_ep7_step7.inp (38.4s)
2026-05-07 12:13:24,909 - INFO - ustsuw OK â†?/home/marina/caseI/20run_caseI/run4/abl_dql_ep7_step7_out_tab.lis (5 cycles, unit 24)
2026-05-07 12:13:24,910 - INFO - Ep7 Step7: HCNO: N=35.2%  H=7.0%  C=20.3%  O=37.5%
2026-05-07 12:13:24,910 - INFO - Ep7 Step7: Reward=15.96
2026-05-07 12:13:24,910 - INFO - Ep 7 Step 7: Action=2 (DecL3), Layers=[7.5, 2.5, 6.5, 6.5, 4.0, 5.0], Gap=8.5, Reward=15.96
2026-05-07 12:14:11,758 - INFO - FLUKA OK: abl_dql_ep7_step8.inp (38.4s)
2026-05-07 12:14:11,765 - INFO - ustsuw OK â†?/home/marina/caseI/20run_caseI/run4/abl_dql_ep7_step8_out_tab.lis (5 cycles, unit 24)
2026-05-07 12:14:11,765 - INFO - Ep7 Step8: HCNO: N=30.4%  H=3.2%  C=23.0%  O=43.3%
2026-05-07 12:14:11,766 - INFO - Ep7 Step8: Reward=9.64
2026-05-07 12:14:11,766 - INFO - Ep 7 Step 8: Action=6 (IncL1), Layers=[8.0, 2.5, 6.5, 6.5, 4.0, 5.0], Gap=8.5, Reward=9.64
2026-05-07 12:14:59,833 - INFO - FLUKA OK: abl_dql_ep7_step9.inp (37.7s)
2026-05-07 12:14:59,840 - INFO - ustsuw OK â†?/home/marina/caseI/20run_caseI/run4/abl_dql_ep7_step9_out_tab.lis (5 cycles, unit 24)
2026-05-07 12:14:59,841 - INFO - Ep7 Step9: HCNO: N=29.7%  H=3.9%  C=31.2%  O=35.2%
2026-05-07 12:14:59,841 - INFO - Ep7 Step9: Reward=13.23
2026-05-07 12:14:59,841 - INFO - Ep 7 Step 9: Action=4 (DecL5), Layers=[8.0, 2.5, 6.5, 6.5, 3.5, 5.0], Gap=8.5, Reward=13.23
2026-05-07 12:15:47,735 - INFO - FLUKA OK: abl_dql_ep7_step10.inp (38.1s)
2026-05-07 12:15:47,739 - WARNING - prefix 'abl_dql_ep7_step10' unit 24: expected 5 cycle files, found 10: ['abl_dql_ep7_step10001_fort.24', 'abl_dql_ep7_step10002_fort.24', 'abl_dql_ep7_step10003_fort.24', 'abl_dql_ep7_step10004_fort.24', 'abl_dql_ep7_step10005_fort.24', 'abl_dql_ep7_step1001_fort.24', 'abl_dql_ep7_step1002_fort.24', 'abl_dql_ep7_step1003_fort.24', 'abl_dql_ep7_step1004_fort.24', 'abl_dql_ep7_step1005_fort.24']
2026-05-07 12:15:47,858 - INFO - ustsuw OK â†?/home/marina/caseI/20run_caseI/run4/abl_dql_ep7_step10_out_tab.lis (10 cycles, unit 24)
2026-05-07 12:15:47,859 - INFO - Ep7 Step10: HCNO: N=31.8%  H=7.8%  C=25.5%  O=35.0%
2026-05-07 12:15:47,859 - INFO - Ep7 Step10: Reward=21.12
2026-05-07 12:15:47,859 - INFO - Ep 7 Step 10: Action=13 (IncGap), Layers=[8.0, 2.5, 6.5, 6.5, 3.5, 5.0], Gap=9.0, Reward=21.12
2026-05-07 12:15:57,394 - INFO - Episode 7: Return=150.97, Best=32.30, Loss=247.8072
2026-05-07 12:16:36,479 - INFO - FLUKA OK: abl_dql_ep8_step1.inp (39.1s)
2026-05-07 12:16:36,484 - INFO - ustsuw OK â†?/home/marina/caseI/20run_caseI/run4/abl_dql_ep8_step1_out_tab.lis (5 cycles, unit 24)
2026-05-07 12:16:36,485 - INFO - Ep8 Step1: HCNO: N=41.6%  H=8.2%  C=24.2%  O=26.0%
2026-05-07 12:16:36,485 - INFO - Ep8 Step1: Reward=13.81
2026-05-07 12:16:36,485 - INFO - Ep 8 Step 1: Action=4 (DecL5), Layers=[5.5, 6.5, 3.0, 5.0, 5.5, 2.5], Gap=8.5, Reward=13.81
2026-05-07 12:17:23,996 - INFO - FLUKA OK: abl_dql_ep8_step2.inp (38.9s)
2026-05-07 12:17:24,009 - INFO - ustsuw OK â†?/home/marina/caseI/20run_caseI/run4/abl_dql_ep8_step2_out_tab.lis (5 cycles, unit 24)
2026-05-07 12:17:24,011 - INFO - Ep8 Step2: HCNO: N=44.5%  H=7.1%  C=21.5%  O=26.8%
2026-05-07 12:17:24,011 - INFO - Ep8 Step2: Reward=18.88
2026-05-07 12:17:24,011 - INFO - Ep 8 Step 2: Action=13 (IncGap), Layers=[5.5, 6.5, 3.0, 5.0, 5.5, 2.5], Gap=9.0, Reward=18.88
2026-05-07 12:18:11,721 - INFO - FLUKA OK: abl_dql_ep8_step3.inp (39.0s)
2026-05-07 12:18:11,727 - INFO - ustsuw OK â†?/home/marina/caseI/20run_caseI/run4/abl_dql_ep8_step3_out_tab.lis (5 cycles, unit 24)
2026-05-07 12:18:11,728 - INFO - Ep8 Step3: HCNO: N=46.4%  H=8.8%  C=11.0%  O=33.8%
2026-05-07 12:18:11,728 - INFO - Ep8 Step3: Reward=23.77
2026-05-07 12:18:11,728 - INFO - Ep 8 Step 3: Action=5 (DecL6), Layers=[5.5, 6.5, 3.0, 5.0, 5.5, 2.0], Gap=9.0, Reward=23.77
2026-05-07 12:18:58,404 - INFO - FLUKA OK: abl_dql_ep8_step4.inp (37.8s)
2026-05-07 12:18:58,409 - INFO - ustsuw OK â†?/home/marina/caseI/20run_caseI/run4/abl_dql_ep8_step4_out_tab.lis (5 cycles, unit 24)
2026-05-07 12:18:58,410 - INFO - Ep8 Step4: HCNO: N=32.7%  H=11.3%  C=23.7%  O=32.3%
2026-05-07 12:18:58,410 - INFO - Ep8 Step4: Reward=19.66
2026-05-07 12:18:58,410 - INFO - Ep 8 Step 4: Action=3 (DecL4), Layers=[5.5, 6.5, 3.0, 4.5, 5.5, 2.0], Gap=9.0, Reward=19.66
2026-05-07 12:19:44,572 - INFO - FLUKA OK: abl_dql_ep8_step5.inp (37.1s)
2026-05-07 12:19:44,578 - INFO - ustsuw OK â†?/home/marina/caseI/20run_caseI/run4/abl_dql_ep8_step5_out_tab.lis (5 cycles, unit 24)
2026-05-07 12:19:44,578 - INFO - Ep8 Step5: HCNO: N=33.5%  H=6.4%  C=19.4%  O=40.6%
2026-05-07 12:19:44,579 - INFO - Ep8 Step5: Reward=25.11
2026-05-07 12:19:44,579 - INFO - Ep 8 Step 5: Action=7 (IncL2), Layers=[5.5, 7.0, 3.0, 4.5, 5.5, 2.0], Gap=9.0, Reward=25.11
2026-05-07 12:20:32,626 - INFO - FLUKA OK: abl_dql_ep8_step6.inp (38.5s)
2026-05-07 12:20:32,631 - INFO - ustsuw OK â†?/home/marina/caseI/20run_caseI/run4/abl_dql_ep8_step6_out_tab.lis (5 cycles, unit 24)
2026-05-07 12:20:32,632 - INFO - Ep8 Step6: HCNO: N=33.5%  H=6.4%  C=19.4%  O=40.6%
2026-05-07 12:20:32,632 - INFO - Ep8 Step6: Reward=25.11
2026-05-07 12:20:32,632 - INFO - Ep 8 Step 6: Action=5 (DecL6), Layers=[5.5, 7.0, 3.0, 4.5, 5.5, 2.0], Gap=9.0, Reward=25.11
2026-05-07 12:21:18,929 - INFO - FLUKA OK: abl_dql_ep8_step7.inp (38.0s)
2026-05-07 12:21:18,935 - INFO - ustsuw OK â†?/home/marina/caseI/20run_caseI/run4/abl_dql_ep8_step7_out_tab.lis (5 cycles, unit 24)
2026-05-07 12:21:18,936 - INFO - Ep8 Step7: HCNO: N=37.5%  H=8.9%  C=17.2%  O=36.5%
2026-05-07 12:21:18,936 - INFO - Ep8 Step7: Reward=16.83
2026-05-07 12:21:18,936 - INFO - Ep 8 Step 7: Action=7 (IncL2), Layers=[5.5, 7.5, 3.0, 4.5, 5.5, 2.0], Gap=9.0, Reward=16.83
2026-05-07 12:22:06,055 - INFO - FLUKA OK: abl_dql_ep8_step8.inp (37.3s)
2026-05-07 12:22:06,066 - INFO - ustsuw OK â†?/home/marina/caseI/20run_caseI/run4/abl_dql_ep8_step8_out_tab.lis (5 cycles, unit 24)
2026-05-07 12:22:06,067 - INFO - Ep8 Step8: HCNO: N=39.4%  H=5.3%  C=17.9%  O=37.3%
2026-05-07 12:22:06,067 - INFO - Ep8 Step8: Reward=18.75
2026-05-07 12:22:06,067 - INFO - Ep 8 Step 8: Action=8 (IncL3), Layers=[5.5, 7.5, 3.5, 4.5, 5.5, 2.0], Gap=9.0, Reward=18.75
2026-05-07 12:22:54,421 - INFO - FLUKA OK: abl_dql_ep8_step9.inp (38.5s)
2026-05-07 12:22:54,427 - INFO - ustsuw OK â†?/home/marina/caseI/20run_caseI/run4/abl_dql_ep8_step9_out_tab.lis (5 cycles, unit 24)
2026-05-07 12:22:54,428 - INFO - Ep8 Step9: HCNO: N=37.8%  H=6.3%  C=19.1%  O=36.8%
2026-05-07 12:22:54,428 - INFO - Ep8 Step9: Reward=22.22
2026-05-07 12:22:54,428 - INFO - Ep 8 Step 9: Action=11 (IncL6), Layers=[5.5, 7.5, 3.5, 4.5, 5.5, 2.5], Gap=9.0, Reward=22.22
2026-05-07 12:23:41,541 - INFO - FLUKA OK: abl_dql_ep8_step10.inp (37.7s)
2026-05-07 12:23:41,545 - WARNING - prefix 'abl_dql_ep8_step10' unit 24: expected 5 cycle files, found 10: ['abl_dql_ep8_step10001_fort.24', 'abl_dql_ep8_step10002_fort.24', 'abl_dql_ep8_step10003_fort.24', 'abl_dql_ep8_step10004_fort.24', 'abl_dql_ep8_step10005_fort.24', 'abl_dql_ep8_step1001_fort.24', 'abl_dql_ep8_step1002_fort.24', 'abl_dql_ep8_step1003_fort.24', 'abl_dql_ep8_step1004_fort.24', 'abl_dql_ep8_step1005_fort.24']
2026-05-07 12:23:41,549 - INFO - ustsuw OK â†?/home/marina/caseI/20run_caseI/run4/abl_dql_ep8_step10_out_tab.lis (10 cycles, unit 24)
2026-05-07 12:23:41,550 - INFO - Ep8 Step10: HCNO: N=37.8%  H=8.7%  C=26.2%  O=27.3%
2026-05-07 12:23:41,550 - INFO - Ep8 Step10: Reward=28.77
2026-05-07 12:23:41,550 - INFO - Ep 8 Step 10: Action=8 (IncL3), Layers=[5.5, 7.5, 4.0, 4.5, 5.5, 2.5], Gap=9.0, Reward=28.77
2026-05-07 12:23:50,803 - INFO - Episode 8: Return=212.91, Best=32.30, Loss=219.2828
2026-05-07 12:24:28,298 - INFO - FLUKA OK: abl_dql_ep9_step1.inp (37.5s)
2026-05-07 12:24:28,304 - INFO - ustsuw OK â†?/home/marina/caseI/20run_caseI/run4/abl_dql_ep9_step1_out_tab.lis (5 cycles, unit 24)
2026-05-07 12:24:28,304 - INFO - Ep9 Step1: HCNO: N=28.9%  H=5.4%  C=19.5%  O=46.2%
2026-05-07 12:24:28,305 - INFO - Ep9 Step1: Reward=15.38
2026-05-07 12:24:28,305 - INFO - Ep 9 Step 1: Action=9 (IncL4), Layers=[8.0, 5.0, 2.0, 4.0, 6.5, 5.0], Gap=7.5, Reward=15.38
2026-05-07 12:25:14,765 - INFO - FLUKA OK: abl_dql_ep9_step2.inp (38.1s)
2026-05-07 12:25:14,770 - INFO - ustsuw OK â†?/home/marina/caseI/20run_caseI/run4/abl_dql_ep9_step2_out_tab.lis (5 cycles, unit 24)
2026-05-07 12:25:14,771 - INFO - Ep9 Step2: HCNO: N=45.2%  H=7.7%  C=19.4%  O=27.7%
2026-05-07 12:25:14,771 - INFO - Ep9 Step2: Reward=12.69
2026-05-07 12:25:14,771 - INFO - Ep 9 Step 2: Action=11 (IncL6), Layers=[8.0, 5.0, 2.0, 4.0, 6.5, 5.5], Gap=7.5, Reward=12.69
2026-05-07 12:26:01,395 - INFO - FLUKA OK: abl_dql_ep9_step3.inp (38.2s)
2026-05-07 12:26:01,402 - INFO - ustsuw OK â†?/home/marina/caseI/20run_caseI/run4/abl_dql_ep9_step3_out_tab.lis (5 cycles, unit 24)
2026-05-07 12:26:01,405 - INFO - Ep9 Step3: HCNO: N=23.6%  H=6.8%  C=26.2%  O=43.5%
2026-05-07 12:26:01,405 - INFO - Ep9 Step3: Reward=21.27
2026-05-07 12:26:01,405 - INFO - Ep 9 Step 3: Action=4 (DecL5), Layers=[8.0, 5.0, 2.0, 4.0, 6.0, 5.5], Gap=7.5, Reward=21.27
2026-05-07 12:26:48,454 - INFO - FLUKA OK: abl_dql_ep9_step4.inp (38.5s)
2026-05-07 12:26:48,462 - INFO - ustsuw OK â†?/home/marina/caseI/20run_caseI/run4/abl_dql_ep9_step4_out_tab.lis (5 cycles, unit 24)
2026-05-07 12:26:48,463 - INFO - Ep9 Step4: HCNO: N=40.3%  H=7.7%  C=24.7%  O=27.2%
2026-05-07 12:26:48,463 - INFO - Ep9 Step4: Reward=18.85
2026-05-07 12:26:48,464 - INFO - Ep 9 Step 4: Action=9 (IncL4), Layers=[8.0, 5.0, 2.0, 4.5, 6.0, 5.5], Gap=7.5, Reward=18.85
2026-05-07 12:27:35,376 - INFO - FLUKA OK: abl_dql_ep9_step5.inp (38.4s)
2026-05-07 12:27:35,383 - INFO - ustsuw OK â†?/home/marina/caseI/20run_caseI/run4/abl_dql_ep9_step5_out_tab.lis (5 cycles, unit 24)
2026-05-07 12:27:35,384 - INFO - Ep9 Step5: HCNO: N=31.7%  H=7.1%  C=23.3%  O=37.9%
2026-05-07 12:27:35,384 - INFO - Ep9 Step5: Reward=23.01
2026-05-07 12:27:35,384 - INFO - Ep 9 Step 5: Action=8 (IncL3), Layers=[8.0, 5.0, 2.5, 4.5, 6.0, 5.5], Gap=7.5, Reward=23.01
2026-05-07 12:28:22,534 - INFO - FLUKA OK: abl_dql_ep9_step6.inp (38.5s)
2026-05-07 12:28:22,540 - INFO - ustsuw OK â†?/home/marina/caseI/20run_caseI/run4/abl_dql_ep9_step6_out_tab.lis (5 cycles, unit 24)
2026-05-07 12:28:22,541 - INFO - Ep9 Step6: HCNO: N=39.0%  H=11.9%  C=21.2%  O=27.9%
2026-05-07 12:28:22,541 - INFO - Ep9 Step6: Reward=14.16
2026-05-07 12:28:22,541 - INFO - Ep 9 Step 6: Action=0 (DecL1), Layers=[7.5, 5.0, 2.5, 4.5, 6.0, 5.5], Gap=7.5, Reward=14.16
2026-05-07 12:29:10,438 - INFO - FLUKA OK: abl_dql_ep9_step7.inp (39.3s)
2026-05-07 12:29:10,445 - INFO - ustsuw OK â†?/home/marina/caseI/20run_caseI/run4/abl_dql_ep9_step7_out_tab.lis (5 cycles, unit 24)
2026-05-07 12:29:10,446 - INFO - Ep9 Step7: HCNO: N=36.7%  H=8.3%  C=27.7%  O=27.2%
2026-05-07 12:29:10,446 - INFO - Ep9 Step7: Reward=16.95
2026-05-07 12:29:10,446 - INFO - Ep 9 Step 7: Action=5 (DecL6), Layers=[7.5, 5.0, 2.5, 4.5, 6.0, 5.0], Gap=7.5, Reward=16.95
2026-05-07 12:29:58,484 - INFO - FLUKA OK: abl_dql_ep9_step8.inp (37.7s)
2026-05-07 12:29:58,492 - INFO - ustsuw OK â†?/home/marina/caseI/20run_caseI/run4/abl_dql_ep9_step8_out_tab.lis (5 cycles, unit 24)
2026-05-07 12:29:58,494 - INFO - Ep9 Step8: HCNO: N=41.2%  H=12.0%  C=21.4%  O=25.4%
2026-05-07 12:29:58,494 - INFO - Ep9 Step8: Reward=18.85
2026-05-07 12:29:58,494 - INFO - Ep 9 Step 8: Action=0 (DecL1), Layers=[7.0, 5.0, 2.5, 4.5, 6.0, 5.0], Gap=7.5, Reward=18.85
2026-05-07 12:30:42,506 - INFO - FLUKA OK: abl_dql_ep9_step9.inp (35.5s)
2026-05-07 12:30:42,511 - INFO - ustsuw OK â†?/home/marina/caseI/20run_caseI/run4/abl_dql_ep9_step9_out_tab.lis (5 cycles, unit 24)
2026-05-07 12:30:42,512 - INFO - Ep9 Step9: HCNO: N=43.1%  H=9.6%  C=17.8%  O=29.5%
2026-05-07 12:30:42,512 - INFO - Ep9 Step9: Reward=19.17
2026-05-07 12:30:42,512 - INFO - Ep 9 Step 9: Action=7 (IncL2), Layers=[7.0, 5.5, 2.5, 4.5, 6.0, 5.0], Gap=7.5, Reward=19.17
2026-05-07 12:31:25,591 - INFO - FLUKA OK: abl_dql_ep9_step10.inp (35.3s)
2026-05-07 12:31:25,595 - WARNING - prefix 'abl_dql_ep9_step10' unit 24: expected 5 cycle files, found 10: ['abl_dql_ep9_step10001_fort.24', 'abl_dql_ep9_step10002_fort.24', 'abl_dql_ep9_step10003_fort.24', 'abl_dql_ep9_step10004_fort.24', 'abl_dql_ep9_step10005_fort.24', 'abl_dql_ep9_step1001_fort.24', 'abl_dql_ep9_step1002_fort.24', 'abl_dql_ep9_step1003_fort.24', 'abl_dql_ep9_step1004_fort.24', 'abl_dql_ep9_step1005_fort.24']
2026-05-07 12:31:25,597 - INFO - ustsuw OK â†?/home/marina/caseI/20run_caseI/run4/abl_dql_ep9_step10_out_tab.lis (10 cycles, unit 24)
2026-05-07 12:31:25,598 - INFO - Ep9 Step10: HCNO: N=36.5%  H=7.5%  C=17.6%  O=38.4%
2026-05-07 12:31:25,598 - INFO - Ep9 Step10: Reward=25.12
2026-05-07 12:31:25,598 - INFO - Ep 9 Step 10: Action=12 (DecGap), Layers=[7.0, 5.5, 2.5, 4.5, 6.0, 5.0], Gap=7.0, Reward=25.12
2026-05-07 12:31:33,341 - INFO - Episode 9: Return=185.46, Best=32.30, Loss=131.3860
2026-05-07 12:32:08,586 - INFO - FLUKA OK: abl_dql_ep10_step1.inp (35.2s)
2026-05-07 12:32:08,591 - INFO - ustsuw OK â†?/home/marina/caseI/20run_caseI/run4/abl_dql_ep10_step1_out_tab.lis (5 cycles, unit 24)
2026-05-07 12:32:08,592 - INFO - Ep10 Step1: HCNO: N=30.6%  H=17.5%  C=29.0%  O=22.9%
2026-05-07 12:32:08,592 - INFO - Ep10 Step1: Reward=20.61
2026-05-07 12:32:08,592 - INFO - Ep 10 Step 1: Action=9 (IncL4), Layers=[6.5, 6.0, 5.0, 7.5, 8.0, 3.0], Gap=8.5, Reward=20.61
2026-05-07 12:32:51,574 - INFO - FLUKA OK: abl_dql_ep10_step2.inp (35.1s)
2026-05-07 12:32:51,581 - INFO - ustsuw OK â†?/home/marina/caseI/20run_caseI/run4/abl_dql_ep10_step2_out_tab.lis (5 cycles, unit 24)
2026-05-07 12:32:51,581 - INFO - Ep10 Step2: HCNO: N=34.0%  H=13.7%  C=29.0%  O=23.3%
2026-05-07 12:32:51,581 - INFO - Ep10 Step2: Reward=23.85
2026-05-07 12:32:51,581 - INFO - Ep 10 Step 2: Action=7 (IncL2), Layers=[6.5, 6.5, 5.0, 7.5, 8.0, 3.0], Gap=8.5, Reward=23.85
2026-05-07 12:33:34,598 - INFO - FLUKA OK: abl_dql_ep10_step3.inp (35.0s)
2026-05-07 12:33:34,603 - INFO - ustsuw OK â†?/home/marina/caseI/20run_caseI/run4/abl_dql_ep10_step3_out_tab.lis (5 cycles, unit 24)
2026-05-07 12:33:34,604 - INFO - Ep10 Step3: HCNO: N=33.6%  H=11.2%  C=26.1%  O=29.2%
2026-05-07 12:33:34,604 - INFO - Ep10 Step3: Reward=15.74
2026-05-07 12:33:34,604 - INFO - Ep 10 Step 3: Action=2 (DecL3), Layers=[6.5, 6.5, 4.5, 7.5, 8.0, 3.0], Gap=8.5, Reward=15.74
2026-05-07 12:34:17,325 - INFO - FLUKA OK: abl_dql_ep10_step4.inp (35.2s)
2026-05-07 12:34:17,330 - INFO - ustsuw OK â†?/home/marina/caseI/20run_caseI/run4/abl_dql_ep10_step4_out_tab.lis (5 cycles, unit 24)
2026-05-07 12:34:17,331 - INFO - Ep10 Step4: HCNO: N=33.6%  H=11.2%  C=26.1%  O=29.2%
2026-05-07 12:34:17,332 - INFO - Ep10 Step4: Reward=15.74
2026-05-07 12:34:17,332 - INFO - Ep 10 Step 4: Action=10 (IncL5), Layers=[6.5, 6.5, 4.5, 7.5, 8.0, 3.0], Gap=8.5, Reward=15.74
2026-05-07 12:35:00,761 - INFO - FLUKA OK: abl_dql_ep10_step5.inp (35.6s)
2026-05-07 12:35:00,766 - INFO - ustsuw OK â†?/home/marina/caseI/20run_caseI/run4/abl_dql_ep10_step5_out_tab.lis (5 cycles, unit 24)
2026-05-07 12:35:00,767 - INFO - Ep10 Step5: HCNO: N=51.4%  H=14.4%  C=19.6%  O=14.6%
2026-05-07 12:35:00,767 - INFO - Ep10 Step5: Reward=10.77
2026-05-07 12:35:00,767 - INFO - Ep 10 Step 5: Action=1 (DecL2), Layers=[6.5, 6.0, 4.5, 7.5, 8.0, 3.0], Gap=8.5, Reward=10.77
2026-05-07 12:35:43,739 - INFO - FLUKA OK: abl_dql_ep10_step6.inp (35.3s)
2026-05-07 12:35:43,744 - INFO - ustsuw OK â†?/home/marina/caseI/20run_caseI/run4/abl_dql_ep10_step6_out_tab.lis (5 cycles, unit 24)
2026-05-07 12:35:43,744 - INFO - Ep10 Step6: HCNO: N=51.8%  H=12.2%  C=19.9%  O=16.1%
2026-05-07 12:35:43,745 - INFO - Ep10 Step6: Reward=14.14
2026-05-07 12:35:43,745 - INFO - Ep 10 Step 6: Action=12 (DecGap), Layers=[6.5, 6.0, 4.5, 7.5, 8.0, 3.0], Gap=8.0, Reward=14.14
2026-05-07 12:36:26,308 - INFO - FLUKA OK: abl_dql_ep10_step7.inp (34.9s)
2026-05-07 12:36:26,315 - INFO - ustsuw OK â†?/home/marina/caseI/20run_caseI/run4/abl_dql_ep10_step7_out_tab.lis (5 cycles, unit 24)
2026-05-07 12:36:26,315 - INFO - Ep10 Step7: HCNO: N=48.5%  H=7.4%  C=15.1%  O=29.1%
2026-05-07 12:36:26,315 - INFO - Ep10 Step7: Reward=14.64
2026-05-07 12:36:26,315 - INFO - Ep 10 Step 7: Action=1 (DecL2), Layers=[6.5, 5.5, 4.5, 7.5, 8.0, 3.0], Gap=8.0, Reward=14.64
2026-05-07 12:37:07,788 - INFO - FLUKA OK: abl_dql_ep10_step8.inp (34.1s)
2026-05-07 12:37:07,793 - INFO - ustsuw OK â†?/home/marina/caseI/20run_caseI/run4/abl_dql_ep10_step8_out_tab.lis (5 cycles, unit 24)
2026-05-07 12:37:07,794 - INFO - Ep10 Step8: HCNO: N=45.8%  H=7.9%  C=14.7%  O=31.6%
2026-05-07 12:37:07,794 - INFO - Ep10 Step8: Reward=14.61
2026-05-07 12:37:07,794 - INFO - Ep 10 Step 8: Action=12 (DecGap), Layers=[6.5, 5.5, 4.5, 7.5, 8.0, 3.0], Gap=7.5, Reward=14.61
2026-05-07 12:37:49,487 - INFO - FLUKA OK: abl_dql_ep10_step9.inp (34.2s)
2026-05-07 12:37:49,493 - INFO - ustsuw OK â†?/home/marina/caseI/20run_caseI/run4/abl_dql_ep10_step9_out_tab.lis (5 cycles, unit 24)
2026-05-07 12:37:49,494 - INFO - Ep10 Step9: HCNO: N=45.8%  H=7.9%  C=14.7%  O=31.6%
2026-05-07 12:37:49,494 - INFO - Ep10 Step9: Reward=14.61
2026-05-07 12:37:49,494 - INFO - Ep 10 Step 9: Action=10 (IncL5), Layers=[6.5, 5.5, 4.5, 7.5, 8.0, 3.0], Gap=7.5, Reward=14.61
2026-05-07 12:38:30,990 - INFO - FLUKA OK: abl_dql_ep10_step10.inp (33.7s)
2026-05-07 12:38:30,993 - WARNING - prefix 'abl_dql_ep10_step10' unit 24: expected 5 cycle files, found 10: ['abl_dql_ep10_step10001_fort.24', 'abl_dql_ep10_step10002_fort.24', 'abl_dql_ep10_step10003_fort.24', 'abl_dql_ep10_step10004_fort.24', 'abl_dql_ep10_step10005_fort.24', 'abl_dql_ep10_step1001_fort.24', 'abl_dql_ep10_step1002_fort.24', 'abl_dql_ep10_step1003_fort.24', 'abl_dql_ep10_step1004_fort.24', 'abl_dql_ep10_step1005_fort.24']
2026-05-07 12:38:30,996 - INFO - ustsuw OK â†?/home/marina/caseI/20run_caseI/run4/abl_dql_ep10_step10_out_tab.lis (10 cycles, unit 24)
2026-05-07 12:38:30,996 - INFO - Ep10 Step10: HCNO: N=41.8%  H=10.4%  C=20.9%  O=26.9%
2026-05-07 12:38:30,996 - INFO - Ep10 Step10: Reward=24.45
2026-05-07 12:38:30,996 - INFO - Ep 10 Step 10: Action=4 (DecL5), Layers=[6.5, 5.5, 4.5, 7.5, 7.5, 3.0], Gap=7.5, Reward=24.45
2026-05-07 12:38:38,350 - INFO - Target network updated at episode 10
2026-05-07 12:38:38,350 - INFO - Episode 10: Return=169.15, Best=32.30, Loss=97.2907


